2025-02-11T02:26:54.203213+00:00 sonic systemd-modules-load[369]: Inserted module 'psample'
2025-02-11T02:26:54.203685+00:00 sonic systemd-modules-load[369]: Inserted module 'act_sample'
2025-02-11T02:26:54.203699+00:00 sonic systemd-sysctl[380]: Couldn't write '1' to 'kernel/panic_on_stackoverflow', ignoring: No such file or directory
2025-02-11T02:26:54.203706+00:00 sonic networking[367]: networking: Configuring network interfaces
2025-02-11T02:26:54.203576+00:00 sonic kernel: [    0.000000] Linux version 6.1.0-22-2-amd64 (debian-kernel@lists.debian.org) (gcc-12 (Debian 12.2.0-14) 12.2.0, GNU ld (GNU Binutils for Debian) 2.40) #1 SMP PREEMPT_DYNAMIC Debian 6.1.94-1 (2024-06-21)
2025-02-11T02:26:54.203714+00:00 sonic systemd[1]: Reached target network-pre.target - Preparation for Network.
2025-02-11T02:26:54.203720+00:00 sonic systemd[1]: Reached target network.target - Network.
2025-02-11T02:26:54.203726+00:00 sonic systemd[1]: Reached target network-online.target - Network is Online.
2025-02-11T02:26:54.203731+00:00 sonic apparmor.systemd[391]: Restarting AppArmor
2025-02-11T02:26:54.203737+00:00 sonic kernel: [    0.000000] Command line: BOOT_IMAGE=/image-master.766266-3fe020a9c/boot/vmlinuz-6.1.0-22-2-amd64 root=UUID=626c0729-4837-4b36-974f-e1c965706113 rw console=tty0 console=ttyS0,115200n8 quiet processor.max_cstate=1 intel_idle.max_cstate=0 sonic_fips=1 net.ifnames=0 biosdevname=0 loop=image-master.766266-3fe020a9c/fs.squashfs loopfstype=squashfs systemd.unified_cgroup_hierarchy=0 apparmor=1 security=apparmor varlog_size=4096 usbcore.autosuspend=-1 swiotlb=65536
2025-02-11T02:26:54.203740+00:00 sonic kernel: [    0.000000] BIOS-provided physical RAM map:
2025-02-11T02:26:54.203740+00:00 sonic kernel: [    0.000000] BIOS-e820: [mem 0x0000000000000000-0x000000000009fbff] usable
2025-02-11T02:26:54.203741+00:00 sonic kernel: [    0.000000] BIOS-e820: [mem 0x000000000009fc00-0x000000000009ffff] reserved
2025-02-11T02:26:54.203741+00:00 sonic kernel: [    0.000000] BIOS-e820: [mem 0x00000000000f0000-0x00000000000fffff] reserved
2025-02-11T02:26:54.203742+00:00 sonic kernel: [    0.000000] BIOS-e820: [mem 0x0000000000100000-0x000000007ffdafff] usable
2025-02-11T02:26:54.203740+00:00 sonic apparmor.systemd[391]: Reloading AppArmor profiles
2025-02-11T02:26:54.203744+00:00 sonic kernel: [    0.000000] BIOS-e820: [mem 0x000000007ffdb000-0x000000007fffffff] reserved
2025-02-11T02:26:54.203746+00:00 sonic kernel: [    0.000000] BIOS-e820: [mem 0x00000000b0000000-0x00000000bfffffff] reserved
2025-02-11T02:26:54.203747+00:00 sonic kernel: [    0.000000] BIOS-e820: [mem 0x00000000fed1c000-0x00000000fed1ffff] reserved
2025-02-11T02:26:54.203747+00:00 sonic kernel: [    0.000000] BIOS-e820: [mem 0x00000000feffc000-0x00000000feffffff] reserved
2025-02-11T02:26:54.203213+00:00 sonic systemd-modules-load[369]: Inserted module 'psample'
2025-02-11T02:26:54.203685+00:00 sonic systemd-modules-load[369]: Inserted module 'act_sample'
2025-02-11T02:26:54.203699+00:00 sonic systemd-sysctl[380]: Couldn't write '1' to 'kernel/panic_on_stackoverflow', ignoring: No such file or directory
2025-02-11T02:26:54.203706+00:00 sonic networking[367]: networking: Configuring network interfaces
2025-02-11T02:26:54.203576+00:00 sonic kernel: [    0.000000] Linux version 6.1.0-22-2-amd64 (debian-kernel@lists.debian.org) (gcc-12 (Debian 12.2.0-14) 12.2.0, GNU ld (GNU Binutils for Debian) 2.40) #1 SMP PREEMPT_DYNAMIC Debian 6.1.94-1 (2024-06-21)
2025-02-11T02:26:54.203714+00:00 sonic systemd[1]: Reached target network-pre.target - Preparation for Network.
2025-02-11T02:26:54.203720+00:00 sonic systemd[1]: Reached target network.target - Network.
2025-02-11T02:26:54.203726+00:00 sonic systemd[1]: Reached target network-online.target - Network is Online.
2025-02-11T02:26:54.203731+00:00 sonic apparmor.systemd[391]: Restarting AppArmor
2025-02-11T02:26:54.203737+00:00 sonic kernel: [    0.000000] Command line: BOOT_IMAGE=/image-master.766266-3fe020a9c/boot/vmlinuz-6.1.0-22-2-amd64 root=UUID=626c0729-4837-4b36-974f-e1c965706113 rw console=tty0 console=ttyS0,115200n8 quiet processor.max_cstate=1 intel_idle.max_cstate=0 sonic_fips=1 net.ifnames=0 biosdevname=0 loop=image-master.766266-3fe020a9c/fs.squashfs loopfstype=squashfs systemd.unified_cgroup_hierarchy=0 apparmor=1 security=apparmor varlog_size=4096 usbcore.autosuspend=-1 swiotlb=65536
2025-02-11T02:26:54.203740+00:00 sonic kernel: [    0.000000] BIOS-provided physical RAM map:
2025-02-11T02:26:54.203740+00:00 sonic kernel: [    0.000000] BIOS-e820: [mem 0x0000000000000000-0x000000000009fbff] usable
2025-02-11T02:26:54.203741+00:00 sonic kernel: [    0.000000] BIOS-e820: [mem 0x000000000009fc00-0x000000000009ffff] reserved
2025-02-11T02:26:54.203741+00:00 sonic kernel: [    0.000000] BIOS-e820: [mem 0x00000000000f0000-0x00000000000fffff] reserved
2025-02-11T02:26:54.203742+00:00 sonic kernel: [    0.000000] BIOS-e820: [mem 0x0000000000100000-0x000000007ffdafff] usable
2025-02-11T02:26:54.203740+00:00 sonic apparmor.systemd[391]: Reloading AppArmor profiles
2025-02-11T02:26:54.203744+00:00 sonic kernel: [    0.000000] BIOS-e820: [mem 0x000000007ffdb000-0x000000007fffffff] reserved
2025-02-11T02:26:54.203746+00:00 sonic kernel: [    0.000000] BIOS-e820: [mem 0x00000000b0000000-0x00000000bfffffff] reserved
2025-02-11T02:26:54.203747+00:00 sonic kernel: [    0.000000] BIOS-e820: [mem 0x00000000fed1c000-0x00000000fed1ffff] reserved
2025-02-11T02:26:54.203747+00:00 sonic kernel: [    0.000000] BIOS-e820: [mem 0x00000000feffc000-0x00000000feffffff] reserved
2025-02-11T02:26:54.203748+00:00 sonic netfilter-persistent[398]: run-parts: executing /usr/share/netfilter-persistent/plugins.d/15-ip4tables start
2025-02-11T02:26:54.203754+00:00 sonic netfilter-persistent[398]: run-parts: executing /usr/share/netfilter-persistent/plugins.d/25-ip6tables start
2025-02-11T02:26:54.203748+00:00 sonic kernel: [    0.000000] BIOS-e820: [mem 0x00000000fffc0000-0x00000000ffffffff] reserved
2025-02-11T02:26:54.203761+00:00 sonic systemd[1]: Starting systemd-journal-flush.service - Flush Journal to Persistent Storage...
2025-02-11T02:26:54.203763+00:00 sonic kernel: [    0.000000] BIOS-e820: [mem 0x0000000100000000-0x000000025cdfffff] usable
2025-02-11T02:26:54.203768+00:00 sonic kernel: [    0.000000] NX (Execute Disable) protection: active
2025-02-11T02:26:54.203768+00:00 sonic kernel: [    0.000000] SMBIOS 2.8 present.
2025-02-11T02:26:54.203768+00:00 sonic kernel: [    0.000000] DMI: QEMU Standard PC (Q35 + ICH9, 2009), BIOS 1.15.0-1 04/01/2014
2025-02-11T02:26:54.203769+00:00 sonic kernel: [    0.000000] Hypervisor detected: KVM
2025-02-11T02:26:54.203769+00:00 sonic kernel: [    0.000000] kvm-clock: Using msrs 4b564d01 and 4b564d00
2025-02-11T02:26:54.203770+00:00 sonic kernel: [    0.000002] kvm-clock: using sched offset of 3972612634 cycles
2025-02-11T02:26:54.203768+00:00 sonic systemd-udevd[395]: Using default interface naming scheme 'v252'.
2025-02-11T02:26:54.203772+00:00 sonic kernel: [    0.000004] clocksource: kvm-clock: mask: 0xffffffffffffffff max_cycles: 0x1cd42e4dffb, max_idle_ns: 881590591483 ns
2025-02-11T02:26:54.203773+00:00 sonic kernel: [    0.000007] tsc: Detected 2793.438 MHz processor
2025-02-11T02:26:54.203773+00:00 sonic kernel: [    0.000584] e820: update [mem 0x00000000-0x00000fff] usable ==> reserved
2025-02-11T02:26:54.203774+00:00 sonic kernel: [    0.000587] e820: remove [mem 0x000a0000-0x000fffff] usable
2025-02-11T02:26:54.203774+00:00 sonic kernel: [    0.000593] last_pfn = 0x25ce00 max_arch_pfn = 0x400000000
2025-02-11T02:26:54.203774+00:00 sonic kernel: [    0.000765] x86/PAT: PAT support disabled because CONFIG_X86_PAT is disabled in the kernel.
2025-02-11T02:26:54.203775+00:00 sonic kernel: [    0.000787] x86/PAT: Configuration [0-7]: WB  WT  UC- UC  WB  WT  UC- UC  
2025-02-11T02:26:54.203777+00:00 sonic kernel: [    0.000794] last_pfn = 0x7ffdb max_arch_pfn = 0x400000000
2025-02-11T02:26:54.203777+00:00 sonic kernel: [    0.012117] found SMP MP-table at [mem 0x000f5b90-0x000f5b9f]
2025-02-11T02:26:54.203778+00:00 sonic kernel: [    0.012236] Using GB pages for direct mapping
2025-02-11T02:26:54.203778+00:00 sonic kernel: [    0.012628] RAMDISK: [mem 0x34123000-0x36088fff]
2025-02-11T02:26:54.203778+00:00 sonic kernel: [    0.012651] ACPI: Early table checksum verification disabled
2025-02-11T02:26:54.203779+00:00 sonic kernel: [    0.012670] ACPI: RSDP 0x00000000000F59C0 000014 (v00 BOCHS )
2025-02-11T02:26:54.203775+00:00 sonic systemd[1]: Finished systemd-journal-flush.service - Flush Journal to Persistent Storage.
2025-02-11T02:26:54.203781+00:00 sonic kernel: [    0.012693] ACPI: RSDT 0x000000007FFE3220 000038 (v01 BOCHS  BXPC     00000001 BXPC 00000001)
2025-02-11T02:26:54.203781+00:00 sonic kernel: [    0.012699] ACPI: FACP 0x000000007FFE2FD0 0000F4 (v03 BOCHS  BXPC     00000001 BXPC 00000001)
2025-02-11T02:26:54.203782+00:00 sonic kernel: [    0.012718] ACPI: DSDT 0x000000007FFE0040 002F90 (v01 BOCHS  BXPC     00000001 BXPC 00000001)
2025-02-11T02:26:54.203782+00:00 sonic kernel: [    0.012722] ACPI: FACS 0x000000007FFE0000 000040
2025-02-11T02:26:54.203783+00:00 sonic kernel: [    0.012726] ACPI: APIC 0x000000007FFE30C4 0000C0 (v01 BOCHS  BXPC     00000001 BXPC 00000001)
2025-02-11T02:26:54.203783+00:00 sonic kernel: [    0.012730] ACPI: HPET 0x000000007FFE3184 000038 (v01 BOCHS  BXPC     00000001 BXPC 00000001)
2025-02-11T02:26:54.203785+00:00 sonic kernel: [    0.012735] ACPI: MCFG 0x000000007FFE31BC 00003C (v01 BOCHS  BXPC     00000001 BXPC 00000001)
2025-02-11T02:26:54.203785+00:00 sonic kernel: [    0.012739] ACPI: WAET 0x000000007FFE31F8 000028 (v01 BOCHS  BXPC     00000001 BXPC 00000001)
2025-02-11T02:26:54.203786+00:00 sonic kernel: [    0.012742] ACPI: Reserving FACP table memory at [mem 0x7ffe2fd0-0x7ffe30c3]
2025-02-11T02:26:54.203786+00:00 sonic kernel: [    0.012744] ACPI: Reserving DSDT table memory at [mem 0x7ffe0040-0x7ffe2fcf]
2025-02-11T02:26:54.203786+00:00 sonic kernel: [    0.012745] ACPI: Reserving FACS table memory at [mem 0x7ffe0000-0x7ffe003f]
2025-02-11T02:26:54.203787+00:00 sonic kernel: [    0.012745] ACPI: Reserving APIC table memory at [mem 0x7ffe30c4-0x7ffe3183]
2025-02-11T02:26:54.203787+00:00 sonic kernel: [    0.012746] ACPI: Reserving HPET table memory at [mem 0x7ffe3184-0x7ffe31bb]
2025-02-11T02:26:54.203784+00:00 sonic systemd[1]: Starting systemd-tmpfiles-setup.service - Create System Files and Directories...
2025-02-11T02:26:54.203789+00:00 sonic kernel: [    0.012747] ACPI: Reserving MCFG table memory at [mem 0x7ffe31bc-0x7ffe31f7]
2025-02-11T02:26:54.203790+00:00 sonic kernel: [    0.012748] ACPI: Reserving WAET table memory at [mem 0x7ffe31f8-0x7ffe321f]
2025-02-11T02:26:54.203790+00:00 sonic kernel: [    0.013817] No NUMA configuration found
2025-02-11T02:26:54.203790+00:00 sonic kernel: [    0.013818] Faking a node at [mem 0x0000000000000000-0x000000025cdfffff]
2025-02-11T02:26:54.203791+00:00 sonic kernel: [    0.013826] NODE_DATA(0) allocated [mem 0x25cdd5000-0x25cdfffff]
2025-02-11T02:26:54.203791+00:00 sonic kernel: [    0.014517] Zone ranges:
2025-02-11T02:26:54.203790+00:00 sonic systemd[1]: Started systemd-udevd.service - Rule-based Manager for Device Events and Files.
2025-02-11T02:26:54.203797+00:00 sonic kernel: [    0.014518]   DMA      [mem 0x0000000000001000-0x0000000000ffffff]
2025-02-11T02:26:54.203798+00:00 sonic kernel: [    0.014521]   DMA32    [mem 0x0000000001000000-0x00000000ffffffff]
2025-02-11T02:26:54.203798+00:00 sonic kernel: [    0.014522]   Normal   [mem 0x0000000100000000-0x000000025cdfffff]
2025-02-11T02:26:54.203799+00:00 sonic kernel: [    0.014524]   Device   empty
2025-02-11T02:26:54.203797+00:00 sonic systemd[1]: Finished systemd-tmpfiles-setup.service - Create System Files and Directories.
2025-02-11T02:26:54.203800+00:00 sonic kernel: [    0.014525] Movable zone start for each node
2025-02-11T02:26:54.203800+00:00 sonic kernel: [    0.014528] Early memory node ranges
2025-02-11T02:26:54.203801+00:00 sonic kernel: [    0.014529]   node   0: [mem 0x0000000000001000-0x000000000009efff]
2025-02-11T02:26:54.203804+00:00 sonic kernel: [    0.014530]   node   0: [mem 0x0000000000100000-0x000000007ffdafff]
2025-02-11T02:26:54.203803+00:00 sonic systemd[1]: Starting auditd.service - Security Auditing Service...
2025-02-11T02:26:54.203805+00:00 sonic kernel: [    0.014531]   node   0: [mem 0x0000000100000000-0x000000025cdfffff]
2025-02-11T02:26:54.203808+00:00 sonic kernel: [    0.014533] Initmem setup node 0 [mem 0x0000000000001000-0x000000025cdfffff]
2025-02-11T02:26:54.203809+00:00 sonic kernel: [    0.014929] On node 0, zone DMA: 1 pages in unavailable ranges
2025-02-11T02:26:54.203809+00:00 sonic kernel: [    0.014958] On node 0, zone DMA: 97 pages in unavailable ranges
2025-02-11T02:26:54.203810+00:00 sonic kernel: [    0.025649] On node 0, zone Normal: 37 pages in unavailable ranges
2025-02-11T02:26:54.203813+00:00 sonic kernel: [    0.026166] On node 0, zone Normal: 12800 pages in unavailable ranges
2025-02-11T02:26:54.203814+00:00 sonic kernel: [    0.031935] ACPI: PM-Timer IO Port: 0x608
2025-02-11T02:26:54.203814+00:00 sonic kernel: [    0.031961] ACPI: LAPIC_NMI (acpi_id[0xff] dfl dfl lint[0x1])
2025-02-11T02:26:54.203809+00:00 sonic systemd[1]: Starting modprobe@dm_mod.service - Load Kernel Module dm_mod...
2025-02-11T02:26:54.203815+00:00 sonic kernel: [    0.032065] IOAPIC[0]: apic_id 0, version 17, address 0xfec00000, GSI 0-23
2025-02-11T02:26:54.203815+00:00 sonic kernel: [    0.032070] ACPI: INT_SRC_OVR (bus 0 bus_irq 0 global_irq 2 dfl dfl)
2025-02-11T02:26:54.203816+00:00 sonic kernel: [    0.032072] ACPI: INT_SRC_OVR (bus 0 bus_irq 5 global_irq 5 high level)
2025-02-11T02:26:54.203819+00:00 sonic kernel: [    0.032074] ACPI: INT_SRC_OVR (bus 0 bus_irq 9 global_irq 9 high level)
2025-02-11T02:26:54.203820+00:00 sonic kernel: [    0.032075] ACPI: INT_SRC_OVR (bus 0 bus_irq 10 global_irq 10 high level)
2025-02-11T02:26:54.203818+00:00 sonic systemd[1]: Starting modprobe@efi_pstore.service - Load Kernel Module efi_pstore...
2025-02-11T02:26:54.203820+00:00 sonic kernel: [    0.032077] ACPI: INT_SRC_OVR (bus 0 bus_irq 11 global_irq 11 high level)
2025-02-11T02:26:54.203823+00:00 sonic kernel: [    0.032082] ACPI: Using ACPI (MADT) for SMP configuration information
2025-02-11T02:26:54.203824+00:00 sonic kernel: [    0.032084] ACPI: HPET id: 0x8086a201 base: 0xfed00000
2025-02-11T02:26:54.203825+00:00 sonic kernel: [    0.032089] TSC deadline timer available
2025-02-11T02:26:54.203826+00:00 sonic kernel: [    0.032101] smpboot: Allowing 10 CPUs, 0 hotplug CPUs
2025-02-11T02:26:54.203826+00:00 sonic systemd[1]: Starting modprobe@loop.service - Load Kernel Module loop...
2025-02-11T02:26:54.203828+00:00 sonic kernel: [    0.032147] PM: hibernation: Registered nosave memory: [mem 0x00000000-0x00000fff]
2025-02-11T02:26:54.203830+00:00 sonic kernel: [    0.032149] PM: hibernation: Registered nosave memory: [mem 0x0009f000-0x0009ffff]
2025-02-11T02:26:54.203831+00:00 sonic kernel: [    0.032150] PM: hibernation: Registered nosave memory: [mem 0x000a0000-0x000effff]
2025-02-11T02:26:54.203832+00:00 sonic kernel: [    0.032151] PM: hibernation: Registered nosave memory: [mem 0x000f0000-0x000fffff]
2025-02-11T02:26:54.203832+00:00 sonic kernel: [    0.032152] PM: hibernation: Registered nosave memory: [mem 0x7ffdb000-0x7fffffff]
2025-02-11T02:26:54.203833+00:00 sonic kernel: [    0.032153] PM: hibernation: Registered nosave memory: [mem 0x80000000-0xafffffff]
2025-02-11T02:26:54.203832+00:00 sonic systemd[1]: systemd-firstboot.service - First Boot Wizard was skipped because of an unmet condition check (ConditionFirstBoot=yes).
2025-02-11T02:26:54.203836+00:00 sonic kernel: [    0.032154] PM: hibernation: Registered nosave memory: [mem 0xb0000000-0xbfffffff]
2025-02-11T02:26:54.203837+00:00 sonic kernel: [    0.032155] PM: hibernation: Registered nosave memory: [mem 0xc0000000-0xfed1bfff]
2025-02-11T02:26:54.203838+00:00 sonic kernel: [    0.032156] PM: hibernation: Registered nosave memory: [mem 0xfed1c000-0xfed1ffff]
2025-02-11T02:26:54.203839+00:00 sonic kernel: [    0.032156] PM: hibernation: Registered nosave memory: [mem 0xfed20000-0xfeffbfff]
2025-02-11T02:26:54.203839+00:00 sonic kernel: [    0.032157] PM: hibernation: Registered nosave memory: [mem 0xfeffc000-0xfeffffff]
2025-02-11T02:26:54.203840+00:00 sonic kernel: [    0.032157] PM: hibernation: Registered nosave memory: [mem 0xff000000-0xfffbffff]
2025-02-11T02:26:54.203838+00:00 sonic systemd[1]: first-boot-complete.target - First Boot Complete was skipped because of an unmet condition check (ConditionFirstBoot=yes).
2025-02-11T02:26:54.203841+00:00 sonic kernel: [    0.032158] PM: hibernation: Registered nosave memory: [mem 0xfffc0000-0xffffffff]
2025-02-11T02:26:54.203844+00:00 sonic kernel: [    0.032160] [mem 0xc0000000-0xfed1bfff] available for PCI devices
2025-02-11T02:26:54.203844+00:00 sonic kernel: [    0.032161] Booting paravirtualized kernel on KVM
2025-02-11T02:26:54.203845+00:00 sonic kernel: [    0.032164] clocksource: refined-jiffies: mask: 0xffffffff max_cycles: 0xffffffff, max_idle_ns: 7645519600211568 ns
2025-02-11T02:26:54.203846+00:00 sonic kernel: [    0.037819] setup_percpu: NR_CPUS:8192 nr_cpumask_bits:10 nr_cpu_ids:10 nr_node_ids:1
2025-02-11T02:26:54.203846+00:00 sonic kernel: [    0.039328] percpu: Embedded 57 pages/cpu s192744 r8192 d32536 u524288
2025-02-11T02:26:54.203847+00:00 sonic kernel: [    0.039334] pcpu-alloc: s192744 r8192 d32536 u524288 alloc=1*2097152
2025-02-11T02:26:54.203845+00:00 sonic systemd[1]: systemd-machine-id-commit.service - Commit a transient machine-id on disk was skipped because of an unmet condition check (ConditionPathIsMountPoint=/etc/machine-id).
2025-02-11T02:26:54.203879+00:00 sonic kernel: [    0.039337] pcpu-alloc: [0] 00 01 02 03 [0] 04 05 06 07 
2025-02-11T02:26:54.203881+00:00 sonic kernel: [    0.039343] pcpu-alloc: [0] 08 09 -- -- 
2025-02-11T02:26:54.203882+00:00 sonic kernel: [    0.039409] kvm-guest: PV spinlocks disabled, no host support
2025-02-11T02:26:54.203882+00:00 sonic kernel: [    0.039413] Fallback order for Node 0: 0 
2025-02-11T02:26:54.203878+00:00 sonic systemd[1]: modprobe@dm_mod.service: Deactivated successfully.
2025-02-11T02:26:54.203911+00:00 sonic systemd[1]: Finished modprobe@dm_mod.service - Load Kernel Module dm_mod.
2025-02-11T02:26:54.203918+00:00 sonic systemd[1]: modprobe@efi_pstore.service: Deactivated successfully.
2025-02-11T02:26:54.203923+00:00 sonic systemd[1]: Finished modprobe@efi_pstore.service - Load Kernel Module efi_pstore.
2025-02-11T02:26:54.203928+00:00 sonic systemd[1]: modprobe@loop.service: Deactivated successfully.
2025-02-11T02:26:54.204409+00:00 sonic kernel: [    0.039416] Built 1 zonelists, mobility grouping on.  Total pages: 1922467
2025-02-11T02:26:54.204715+00:00 sonic kernel: [    0.039417] Policy zone: Normal
2025-02-11T02:26:54.204724+00:00 sonic kernel: [    0.039419] Kernel command line: BOOT_IMAGE=/image-master.766266-3fe020a9c/boot/vmlinuz-6.1.0-22-2-amd64 root=UUID=626c0729-4837-4b36-974f-e1c965706113 rw console=tty0 console=ttyS0,115200n8 quiet processor.max_cstate=1 intel_idle.max_cstate=0 sonic_fips=1 net.ifnames=0 biosdevname=0 loop=image-master.766266-3fe020a9c/fs.squashfs loopfstype=squashfs systemd.unified_cgroup_hierarchy=0 apparmor=1 security=apparmor varlog_size=4096 usbcore.autosuspend=-1 swiotlb=65536
2025-02-11T02:26:54.203934+00:00 sonic systemd[1]: Finished modprobe@loop.service - Load Kernel Module loop.
2025-02-11T02:26:54.204774+00:00 sonic kernel: [    0.039596] Unknown kernel command line parameters "BOOT_IMAGE=/image-master.766266-3fe020a9c/boot/vmlinuz-6.1.0-22-2-amd64 sonic_fips=1 biosdevname=0 loop=image-master.766266-3fe020a9c/fs.squashfs loopfstype=squashfs varlog_size=4096", will be passed to user space.
2025-02-11T02:26:54.204776+00:00 sonic kernel: [    0.039607] random: crng init done
2025-02-11T02:26:54.204777+00:00 sonic kernel: [    0.041387] Dentry cache hash table entries: 1048576 (order: 11, 8388608 bytes, linear)
2025-02-11T02:26:54.204778+00:00 sonic kernel: [    0.042327] Inode-cache hash table entries: 524288 (order: 10, 4194304 bytes, linear)
2025-02-11T02:26:54.204797+00:00 sonic kernel: [    0.042577] mem auto-init: stack:all(zero), heap alloc:on, heap free:off
2025-02-11T02:26:54.204798+00:00 sonic kernel: [    0.042582] software IO TLB: area num 16.
2025-02-11T02:26:54.204798+00:00 sonic kernel: [    0.091102] Memory: 2063568K/7812580K available (14342K kernel code, 5473K rwdata, 9156K rodata, 2780K init, 16276K bss, 358452K reserved, 0K cma-reserved)
2025-02-11T02:26:54.204799+00:00 sonic kernel: [    0.091221] SLUB: HWalign=64, Order=0-3, MinObjects=0, CPUs=10, Nodes=1
2025-02-11T02:26:54.204799+00:00 sonic kernel: [    0.091233] Kernel/User page tables isolation: enabled
2025-02-11T02:26:54.204799+00:00 sonic kernel: [    0.091263] ftrace: allocating 40790 entries in 160 pages
2025-02-11T02:26:54.204802+00:00 sonic kernel: [    0.099219] ftrace: allocated 160 pages with 2 groups
2025-02-11T02:26:54.204802+00:00 sonic kernel: [    0.100056] Dynamic Preempt: voluntary
2025-02-11T02:26:54.204802+00:00 sonic kernel: [    0.100539] rcu: Preemptible hierarchical RCU implementation.
2025-02-11T02:26:54.204803+00:00 sonic kernel: [    0.100540] rcu: 	RCU restricting CPUs from NR_CPUS=8192 to nr_cpu_ids=10.
2025-02-11T02:26:54.204803+00:00 sonic kernel: [    0.100542] 	Trampoline variant of Tasks RCU enabled.
2025-02-11T02:26:54.204803+00:00 sonic kernel: [    0.100543] 	Rude variant of Tasks RCU enabled.
2025-02-11T02:26:54.204804+00:00 sonic kernel: [    0.100543] 	Tracing variant of Tasks RCU enabled.
2025-02-11T02:26:54.204806+00:00 sonic kernel: [    0.100544] rcu: RCU calculated value of scheduler-enlistment delay is 25 jiffies.
2025-02-11T02:26:54.204779+00:00 sonic systemd[1]: Found device dev-ttyS0.device - /dev/ttyS0.
2025-02-11T02:26:54.204817+00:00 sonic kernel: [    0.100545] rcu: Adjusting geometry for rcu_fanout_leaf=16, nr_cpu_ids=10
2025-02-11T02:26:54.204818+00:00 sonic kernel: [    0.104852] NR_IRQS: 524544, nr_irqs: 504, preallocated irqs: 16
2025-02-11T02:26:54.204818+00:00 sonic kernel: [    0.105091] rcu: srcu_init: Setting srcu_struct sizes based on contention.
2025-02-11T02:26:54.204819+00:00 sonic kernel: [    0.107669] Console: colour VGA+ 80x25
2025-02-11T02:26:54.204819+00:00 sonic kernel: [    0.107683] printk: console [tty0] enabled
2025-02-11T02:26:54.204822+00:00 sonic kernel: [    0.107803] printk: console [ttyS0] enabled
2025-02-11T02:26:54.204822+00:00 sonic kernel: [    0.107821] ACPI: Core revision 20220331
2025-02-11T02:26:54.204823+00:00 sonic kernel: [    0.108179] clocksource: hpet: mask: 0xffffffff max_cycles: 0xffffffff, max_idle_ns: 19112604467 ns
2025-02-11T02:26:54.204823+00:00 sonic kernel: [    0.108460] APIC: Switch to symmetric I/O mode setup
2025-02-11T02:26:54.204824+00:00 sonic kernel: [    0.109303] x2apic enabled
2025-02-11T02:26:54.204824+00:00 sonic kernel: [    0.110165] Switched APIC routing to physical x2apic.
2025-02-11T02:26:54.204825+00:00 sonic kernel: [    0.114022] ..TIMER: vector=0x30 apic1=0 pin1=2 apic2=-1 pin2=-1
2025-02-11T02:26:54.204827+00:00 sonic kernel: [    0.114099] clocksource: tsc-early: mask: 0xffffffffffffffff max_cycles: 0x284409db922, max_idle_ns: 440795228871 ns
2025-02-11T02:26:54.204828+00:00 sonic kernel: [    0.114105] Calibrating delay loop (skipped) preset value.. 5586.87 BogoMIPS (lpj=11173752)
2025-02-11T02:26:54.204828+00:00 sonic kernel: [    0.114685] x86/cpu: User Mode Instruction Prevention (UMIP) activated
2025-02-11T02:26:54.204828+00:00 sonic kernel: [    0.114976] Last level iTLB entries: 4KB 0, 2MB 0, 4MB 0
2025-02-11T02:26:54.204829+00:00 sonic kernel: [    0.114977] Last level dTLB entries: 4KB 0, 2MB 0, 4MB 0, 1GB 0
2025-02-11T02:26:54.204829+00:00 sonic kernel: [    0.114991] Spectre V1 : Mitigation: usercopy/swapgs barriers and __user pointer sanitization
2025-02-11T02:26:54.204812+00:00 sonic systemd[1]: systemd-pstore.service - Platform Persistent Storage Archival was skipped because of an unmet condition check (ConditionDirectoryNotEmpty=/sys/fs/pstore).
2025-02-11T02:26:54.204833+00:00 sonic kernel: [    0.114996] Spectre V2 : Mitigation: Retpolines
2025-02-11T02:26:54.204834+00:00 sonic kernel: [    0.114997] Spectre V2 : Spectre v2 / SpectreRSB mitigation: Filling RSB on context switch
2025-02-11T02:26:54.204834+00:00 sonic kernel: [    0.114998] Spectre V2 : Spectre v2 / SpectreRSB : Filling RSB on VMEXIT
2025-02-11T02:26:54.204834+00:00 sonic kernel: [    0.114999] Speculative Store Bypass: Vulnerable
2025-02-11T02:26:54.204835+00:00 sonic kernel: [    0.115004] MDS: Mitigation: Clear CPU buffers
2025-02-11T02:26:54.204835+00:00 sonic kernel: [    0.115005] TAA: Mitigation: Clear CPU buffers
2025-02-11T02:26:54.204834+00:00 sonic systemd[1]: systemd-repart.service - Repartition Root Disk was skipped because no trigger condition checks were met.
2025-02-11T02:26:54.204848+00:00 sonic kernel: [    0.115006] MMIO Stale Data: Vulnerable: Clear CPU buffers attempted, no microcode
2025-02-11T02:26:54.204849+00:00 sonic kernel: [    0.115007] Register File Data Sampling: Vulnerable: No microcode
2025-02-11T02:26:54.204865+00:00 sonic kernel: [    0.115113] x86/fpu: Supporting XSAVE feature 0x001: 'x87 floating point registers'
2025-02-11T02:26:54.204866+00:00 sonic kernel: [    0.115115] x86/fpu: Supporting XSAVE feature 0x002: 'SSE registers'
2025-02-11T02:26:54.204867+00:00 sonic kernel: [    0.115116] x86/fpu: Supporting XSAVE feature 0x004: 'AVX registers'
2025-02-11T02:26:54.204867+00:00 sonic kernel: [    0.115116] x86/fpu: Supporting XSAVE feature 0x020: 'AVX-512 opmask'
2025-02-11T02:26:54.204867+00:00 sonic kernel: [    0.115118] x86/fpu: Supporting XSAVE feature 0x040: 'AVX-512 Hi256'
2025-02-11T02:26:54.204871+00:00 sonic kernel: [    0.115118] x86/fpu: Supporting XSAVE feature 0x080: 'AVX-512 ZMM_Hi256'
2025-02-11T02:26:54.204871+00:00 sonic kernel: [    0.115120] x86/fpu: xstate_offset[2]:  576, xstate_sizes[2]:  256
2025-02-11T02:26:54.204871+00:00 sonic kernel: [    0.115121] x86/fpu: xstate_offset[5]:  832, xstate_sizes[5]:   64
2025-02-11T02:26:54.204872+00:00 sonic kernel: [    0.115122] x86/fpu: xstate_offset[6]:  896, xstate_sizes[6]:  512
2025-02-11T02:26:54.204872+00:00 sonic kernel: [    0.115123] x86/fpu: xstate_offset[7]: 1408, xstate_sizes[7]: 1024
2025-02-11T02:26:54.204872+00:00 sonic kernel: [    0.115125] x86/fpu: Enabled xstate features 0xe7, context size is 2432 bytes, using 'compacted' format.
2025-02-11T02:26:54.204875+00:00 sonic kernel: [    0.132190] Freeing SMP alternatives memory: 36K
2025-02-11T02:26:54.204876+00:00 sonic kernel: [    0.132194] pid_max: default: 32768 minimum: 301
2025-02-11T02:26:54.204841+00:00 sonic (udev-worker)[422]: Network interface NamePolicy= disabled on kernel command line.
2025-02-11T02:26:54.204894+00:00 sonic kernel: [    0.132220] LSM: Security Framework initializing
2025-02-11T02:26:54.204895+00:00 sonic kernel: [    0.132233] landlock: Up and running.
2025-02-11T02:26:54.204895+00:00 sonic kernel: [    0.132234] Yama: disabled by default; enable with sysctl kernel.yama.*
2025-02-11T02:26:54.204895+00:00 sonic kernel: [    0.132258] AppArmor: AppArmor initialized
2025-02-11T02:26:54.204893+00:00 sonic (udev-worker)[427]: Network interface NamePolicy= disabled on kernel command line.
2025-02-11T02:26:54.204898+00:00 sonic kernel: [    0.132262] LSM support for eBPF active
2025-02-11T02:26:54.204899+00:00 sonic kernel: [    0.132643] Mount-cache hash table entries: 16384 (order: 5, 131072 bytes, linear)
2025-02-11T02:26:54.204900+00:00 sonic kernel: [    0.132650] Mountpoint-cache hash table entries: 16384 (order: 5, 131072 bytes, linear)
2025-02-11T02:26:54.204900+00:00 sonic kernel: [    0.133097] smpboot: CPU0: Intel Xeon Processor (Icelake) (family: 0x6, model: 0x86, stepping: 0x0)
2025-02-11T02:26:54.204900+00:00 sonic kernel: [    0.133201] cblist_init_generic: Setting adjustable number of callback queues.
2025-02-11T02:26:54.204901+00:00 sonic kernel: [    0.133203] cblist_init_generic: Setting shift to 4 and lim to 1.
2025-02-11T02:26:54.204903+00:00 sonic kernel: [    0.133215] cblist_init_generic: Setting adjustable number of callback queues.
2025-02-11T02:26:54.204903+00:00 sonic kernel: [    0.133216] cblist_init_generic: Setting shift to 4 and lim to 1.
2025-02-11T02:26:54.204907+00:00 sonic kernel: [    0.133227] cblist_init_generic: Setting adjustable number of callback queues.
2025-02-11T02:26:54.204908+00:00 sonic kernel: [    0.133227] cblist_init_generic: Setting shift to 4 and lim to 1.
2025-02-11T02:26:54.204908+00:00 sonic kernel: [    0.133239] Performance Events: unsupported p6 CPU model 134 no PMU driver, software events only.
2025-02-11T02:26:54.204909+00:00 sonic kernel: [    0.133282] signal: max sigframe size: 3632
2025-02-11T02:26:54.204909+00:00 sonic kernel: [    0.133300] rcu: Hierarchical SRCU implementation.
2025-02-11T02:26:54.204901+00:00 sonic (udev-worker)[449]: Network interface NamePolicy= disabled on kernel command line.
2025-02-11T02:26:54.204911+00:00 sonic kernel: [    0.133300] rcu: 	Max phase no-delay instances is 1000.
2025-02-11T02:26:54.204912+00:00 sonic kernel: [    0.133514] NMI watchdog: Perf NMI watchdog permanently disabled
2025-02-11T02:26:54.204912+00:00 sonic kernel: [    0.133610] smp: Bringing up secondary CPUs ...
2025-02-11T02:26:54.204912+00:00 sonic kernel: [    0.133745] x86: Booting SMP configuration:
2025-02-11T02:26:54.204913+00:00 sonic kernel: [    0.133746] .... node  #0, CPUs:        #1
2025-02-11T02:26:54.204913+00:00 sonic kernel: [    0.134102] MDS CPU bug present and SMT on, data leak possible. See https://www.kernel.org/doc/html/latest/admin-guide/hw-vuln/mds.html for more details.
2025-02-11T02:26:54.204913+00:00 sonic (udev-worker)[445]: Network interface NamePolicy= disabled on kernel command line.
2025-02-11T02:26:54.204916+00:00 sonic kernel: [    0.134102] TAA CPU bug present and SMT on, data leak possible. See https://www.kernel.org/doc/html/latest/admin-guide/hw-vuln/tsx_async_abort.html for more details.
2025-02-11T02:26:54.204919+00:00 sonic kernel: [    0.134102] MMIO Stale Data CPU bug present and SMT on, data leak possible. See https://www.kernel.org/doc/html/latest/admin-guide/hw-vuln/processor_mmio_stale_data.html for more details.
2025-02-11T02:26:54.204919+00:00 sonic kernel: [    0.134102]   #2  #3  #4  #5  #6  #7  #8  #9
2025-02-11T02:26:54.204920+00:00 sonic kernel: [    0.148068] smp: Brought up 1 node, 10 CPUs
2025-02-11T02:26:54.204920+00:00 sonic kernel: [    0.148068] smpboot: Max logical packages: 1
2025-02-11T02:26:54.204920+00:00 sonic kernel: [    0.148068] smpboot: Total of 10 processors activated (55868.76 BogoMIPS)
2025-02-11T02:26:54.204922+00:00 sonic kernel: [    0.158256] node 0 deferred pages initialised in 8ms
2025-02-11T02:26:54.204923+00:00 sonic kernel: [    0.158566] devtmpfs: initialized
2025-02-11T02:26:54.204921+00:00 sonic (udev-worker)[456]: Network interface NamePolicy= disabled on kernel command line.
2025-02-11T02:26:54.204923+00:00 sonic kernel: [    0.158566] x86/mm: Memory block size: 128MB
2025-02-11T02:26:54.204936+00:00 sonic kernel: [    0.158796] clocksource: jiffies: mask: 0xffffffff max_cycles: 0xffffffff, max_idle_ns: 7645041785100000 ns
2025-02-11T02:26:54.204937+00:00 sonic kernel: [    0.158796] futex hash table entries: 4096 (order: 6, 262144 bytes, linear)
2025-02-11T02:26:54.204937+00:00 sonic kernel: [    0.158796] pinctrl core: initialized pinctrl subsystem
2025-02-11T02:26:54.204941+00:00 sonic kernel: [    0.159315] NET: Registered PF_NETLINK/PF_ROUTE protocol family
2025-02-11T02:26:54.204941+00:00 sonic kernel: [    0.159453] audit: initializing netlink subsys (disabled)
2025-02-11T02:26:54.204941+00:00 sonic kernel: [    0.159472] audit: type=2000 audit(1739240807.021:1): state=initialized audit_enabled=0 res=1
2025-02-11T02:26:54.204942+00:00 sonic kernel: [    0.159472] thermal_sys: Registered thermal governor 'fair_share'
2025-02-11T02:26:54.204942+00:00 sonic kernel: [    0.159472] thermal_sys: Registered thermal governor 'bang_bang'
2025-02-11T02:26:54.204942+00:00 sonic kernel: [    0.159472] thermal_sys: Registered thermal governor 'step_wise'
2025-02-11T02:26:54.204928+00:00 sonic (udev-worker)[425]: Network interface NamePolicy= disabled on kernel command line.
2025-02-11T02:26:54.204950+00:00 sonic (udev-worker)[423]: Network interface NamePolicy= disabled on kernel command line.
2025-02-11T02:26:54.204957+00:00 sonic (udev-worker)[442]: Network interface NamePolicy= disabled on kernel command line.
2025-02-11T02:26:54.204979+00:00 sonic (udev-worker)[450]: Network interface NamePolicy= disabled on kernel command line.
2025-02-11T02:26:54.205010+00:00 sonic systemd[1]: Finished apparmor.service - Load AppArmor profiles.
2025-02-11T02:26:54.205016+00:00 sonic systemd[1]: Started haveged.service - Entropy Daemon based on the HAVEGE algorithm.
2025-02-11T02:26:54.205037+00:00 sonic haveged[605]: haveged: command socket is listening at fd 3
2025-02-11T02:26:54.205044+00:00 sonic haveged[605]: haveged: ver: 1.9.14; arch: x86; vend: GenuineIntel; build: (gcc 12.2.0 ITV); collect: 128K
2025-02-11T02:26:54.205050+00:00 sonic haveged[605]: haveged: cpu: (L4 VC); data: 32K (L2 L4 V); inst: 32K (L2 L4 V); idx: 24/40; sz: 32010/53875
2025-02-11T02:26:54.205060+00:00 sonic haveged[605]: haveged: tot tests(BA8): A:1/1 B:1/1 continuous tests(B):  last entropy estimate 7.99928
2025-02-11T02:26:54.205067+00:00 sonic kernel: [    0.159472] thermal_sys: Registered thermal governor 'user_space'
2025-02-11T02:26:54.205068+00:00 sonic kernel: [    0.159472] thermal_sys: Registered thermal governor 'power_allocator'
2025-02-11T02:26:54.205066+00:00 sonic haveged[605]: haveged: fills: 0, generated: 0
2025-02-11T02:26:54.205069+00:00 sonic kernel: [    0.159472] cpuidle: using governor ladder
2025-02-11T02:26:54.205071+00:00 sonic kernel: [    0.159472] cpuidle: using governor menu
2025-02-11T02:26:54.205072+00:00 sonic kernel: [    0.162129] acpiphp: ACPI Hot Plug PCI Controller Driver version: 0.5
2025-02-11T02:26:54.205072+00:00 sonic kernel: [    0.162417] PCI: MMCONFIG for domain 0000 [bus 00-ff] at [mem 0xb0000000-0xbfffffff] (base 0xb0000000)
2025-02-11T02:26:54.205073+00:00 sonic systemd[1]: Mounting proc-sys-fs-binfmt_misc.mount - Arbitrary Executable File Formats File System...
2025-02-11T02:26:54.205079+00:00 sonic systemd[1]: Mounted proc-sys-fs-binfmt_misc.mount - Arbitrary Executable File Formats File System.
2025-02-11T02:26:54.205085+00:00 sonic systemd[1]: Finished systemd-binfmt.service - Set Up Additional Binary Formats.
2025-02-11T02:26:54.205143+00:00 sonic kernel: [    0.162422] PCI: MMCONFIG at [mem 0xb0000000-0xbfffffff] reserved in E820
2025-02-11T02:26:54.205144+00:00 sonic kernel: [    0.162435] PCI: Using configuration type 1 for base access
2025-02-11T02:26:54.205145+00:00 sonic kernel: [    0.163527] kprobes: kprobe jump-optimization is enabled. All kprobes are optimized if possible.
2025-02-11T02:26:54.205145+00:00 sonic kernel: [    0.163546] HugeTLB: registered 1.00 GiB page size, pre-allocated 0 pages
2025-02-11T02:26:54.205146+00:00 sonic kernel: [    0.163546] HugeTLB: 16380 KiB vmemmap can be freed for a 1.00 GiB page
2025-02-11T02:26:54.205146+00:00 sonic kernel: [    0.163546] HugeTLB: registered 2.00 MiB page size, pre-allocated 0 pages
2025-02-11T02:26:54.205147+00:00 sonic kernel: [    0.163546] HugeTLB: 28 KiB vmemmap can be freed for a 2.00 MiB page
2025-02-11T02:26:54.205091+00:00 sonic auditd[713]: audit dispatcher initialized with q_depth=2000 and 1 active plugins
2025-02-11T02:26:54.205153+00:00 sonic auditd[713]: Init complete, auditd 3.0.9 listening for events (startup state enable)
2025-02-11T02:26:54.205161+00:00 sonic kernel: [    0.163546] ACPI: Added _OSI(Module Device)
2025-02-11T02:26:54.205162+00:00 sonic kernel: [    0.163546] ACPI: Added _OSI(Processor Device)
2025-02-11T02:26:54.205162+00:00 sonic kernel: [    0.163546] ACPI: Added _OSI(3.0 _SCP Extensions)
2025-02-11T02:26:54.205162+00:00 sonic kernel: [    0.163546] ACPI: Added _OSI(Processor Aggregator Device)
2025-02-11T02:26:54.205163+00:00 sonic kernel: [    0.163546] ACPI: 1 ACPI AML tables successfully acquired and loaded
2025-02-11T02:26:54.205163+00:00 sonic kernel: [    0.167946] ACPI: Interpreter enabled
2025-02-11T02:26:54.205160+00:00 sonic augenrules[718]: /sbin/augenrules: No change
2025-02-11T02:26:54.205168+00:00 sonic augenrules[732]: No rules
2025-02-11T02:26:54.203748+00:00 sonic netfilter-persistent[398]: run-parts: executing /usr/share/netfilter-persistent/plugins.d/15-ip4tables start
2025-02-11T02:26:54.203754+00:00 sonic netfilter-persistent[398]: run-parts: executing /usr/share/netfilter-persistent/plugins.d/25-ip6tables start
2025-02-11T02:26:54.203748+00:00 sonic kernel: [    0.000000] BIOS-e820: [mem 0x00000000fffc0000-0x00000000ffffffff] reserved
2025-02-11T02:26:54.203761+00:00 sonic systemd[1]: Starting systemd-journal-flush.service - Flush Journal to Persistent Storage...
2025-02-11T02:26:54.203763+00:00 sonic kernel: [    0.000000] BIOS-e820: [mem 0x0000000100000000-0x000000025cdfffff] usable
2025-02-11T02:26:54.203768+00:00 sonic kernel: [    0.000000] NX (Execute Disable) protection: active
2025-02-11T02:26:54.203768+00:00 sonic kernel: [    0.000000] SMBIOS 2.8 present.
2025-02-11T02:26:54.203768+00:00 sonic kernel: [    0.000000] DMI: QEMU Standard PC (Q35 + ICH9, 2009), BIOS 1.15.0-1 04/01/2014
2025-02-11T02:26:54.203769+00:00 sonic kernel: [    0.000000] Hypervisor detected: KVM
2025-02-11T02:26:54.203769+00:00 sonic kernel: [    0.000000] kvm-clock: Using msrs 4b564d01 and 4b564d00
2025-02-11T02:26:54.203770+00:00 sonic kernel: [    0.000002] kvm-clock: using sched offset of 3972612634 cycles
2025-02-11T02:26:54.203768+00:00 sonic systemd-udevd[395]: Using default interface naming scheme 'v252'.
2025-02-11T02:26:54.203772+00:00 sonic kernel: [    0.000004] clocksource: kvm-clock: mask: 0xffffffffffffffff max_cycles: 0x1cd42e4dffb, max_idle_ns: 881590591483 ns
2025-02-11T02:26:54.203773+00:00 sonic kernel: [    0.000007] tsc: Detected 2793.438 MHz processor
2025-02-11T02:26:54.203773+00:00 sonic kernel: [    0.000584] e820: update [mem 0x00000000-0x00000fff] usable ==> reserved
2025-02-11T02:26:54.203774+00:00 sonic kernel: [    0.000587] e820: remove [mem 0x000a0000-0x000fffff] usable
2025-02-11T02:26:54.203774+00:00 sonic kernel: [    0.000593] last_pfn = 0x25ce00 max_arch_pfn = 0x400000000
2025-02-11T02:26:54.203774+00:00 sonic kernel: [    0.000765] x86/PAT: PAT support disabled because CONFIG_X86_PAT is disabled in the kernel.
2025-02-11T02:26:54.203775+00:00 sonic kernel: [    0.000787] x86/PAT: Configuration [0-7]: WB  WT  UC- UC  WB  WT  UC- UC  
2025-02-11T02:26:54.203777+00:00 sonic kernel: [    0.000794] last_pfn = 0x7ffdb max_arch_pfn = 0x400000000
2025-02-11T02:26:54.203777+00:00 sonic kernel: [    0.012117] found SMP MP-table at [mem 0x000f5b90-0x000f5b9f]
2025-02-11T02:26:54.203778+00:00 sonic kernel: [    0.012236] Using GB pages for direct mapping
2025-02-11T02:26:54.203778+00:00 sonic kernel: [    0.012628] RAMDISK: [mem 0x34123000-0x36088fff]
2025-02-11T02:26:54.203778+00:00 sonic kernel: [    0.012651] ACPI: Early table checksum verification disabled
2025-02-11T02:26:54.203779+00:00 sonic kernel: [    0.012670] ACPI: RSDP 0x00000000000F59C0 000014 (v00 BOCHS )
2025-02-11T02:26:54.203775+00:00 sonic systemd[1]: Finished systemd-journal-flush.service - Flush Journal to Persistent Storage.
2025-02-11T02:26:54.203781+00:00 sonic kernel: [    0.012693] ACPI: RSDT 0x000000007FFE3220 000038 (v01 BOCHS  BXPC     00000001 BXPC 00000001)
2025-02-11T02:26:54.203781+00:00 sonic kernel: [    0.012699] ACPI: FACP 0x000000007FFE2FD0 0000F4 (v03 BOCHS  BXPC     00000001 BXPC 00000001)
2025-02-11T02:26:54.203782+00:00 sonic kernel: [    0.012718] ACPI: DSDT 0x000000007FFE0040 002F90 (v01 BOCHS  BXPC     00000001 BXPC 00000001)
2025-02-11T02:26:54.203782+00:00 sonic kernel: [    0.012722] ACPI: FACS 0x000000007FFE0000 000040
2025-02-11T02:26:54.203783+00:00 sonic kernel: [    0.012726] ACPI: APIC 0x000000007FFE30C4 0000C0 (v01 BOCHS  BXPC     00000001 BXPC 00000001)
2025-02-11T02:26:54.203783+00:00 sonic kernel: [    0.012730] ACPI: HPET 0x000000007FFE3184 000038 (v01 BOCHS  BXPC     00000001 BXPC 00000001)
2025-02-11T02:26:54.203785+00:00 sonic kernel: [    0.012735] ACPI: MCFG 0x000000007FFE31BC 00003C (v01 BOCHS  BXPC     00000001 BXPC 00000001)
2025-02-11T02:26:54.203785+00:00 sonic kernel: [    0.012739] ACPI: WAET 0x000000007FFE31F8 000028 (v01 BOCHS  BXPC     00000001 BXPC 00000001)
2025-02-11T02:26:54.203786+00:00 sonic kernel: [    0.012742] ACPI: Reserving FACP table memory at [mem 0x7ffe2fd0-0x7ffe30c3]
2025-02-11T02:26:54.203786+00:00 sonic kernel: [    0.012744] ACPI: Reserving DSDT table memory at [mem 0x7ffe0040-0x7ffe2fcf]
2025-02-11T02:26:54.203786+00:00 sonic kernel: [    0.012745] ACPI: Reserving FACS table memory at [mem 0x7ffe0000-0x7ffe003f]
2025-02-11T02:26:54.203787+00:00 sonic kernel: [    0.012745] ACPI: Reserving APIC table memory at [mem 0x7ffe30c4-0x7ffe3183]
2025-02-11T02:26:54.203787+00:00 sonic kernel: [    0.012746] ACPI: Reserving HPET table memory at [mem 0x7ffe3184-0x7ffe31bb]
2025-02-11T02:26:54.203784+00:00 sonic systemd[1]: Starting systemd-tmpfiles-setup.service - Create System Files and Directories...
2025-02-11T02:26:54.203789+00:00 sonic kernel: [    0.012747] ACPI: Reserving MCFG table memory at [mem 0x7ffe31bc-0x7ffe31f7]
2025-02-11T02:26:54.203790+00:00 sonic kernel: [    0.012748] ACPI: Reserving WAET table memory at [mem 0x7ffe31f8-0x7ffe321f]
2025-02-11T02:26:54.203790+00:00 sonic kernel: [    0.013817] No NUMA configuration found
2025-02-11T02:26:54.203790+00:00 sonic kernel: [    0.013818] Faking a node at [mem 0x0000000000000000-0x000000025cdfffff]
2025-02-11T02:26:54.203791+00:00 sonic kernel: [    0.013826] NODE_DATA(0) allocated [mem 0x25cdd5000-0x25cdfffff]
2025-02-11T02:26:54.203791+00:00 sonic kernel: [    0.014517] Zone ranges:
2025-02-11T02:26:54.203790+00:00 sonic systemd[1]: Started systemd-udevd.service - Rule-based Manager for Device Events and Files.
2025-02-11T02:26:54.203797+00:00 sonic kernel: [    0.014518]   DMA      [mem 0x0000000000001000-0x0000000000ffffff]
2025-02-11T02:26:54.203798+00:00 sonic kernel: [    0.014521]   DMA32    [mem 0x0000000001000000-0x00000000ffffffff]
2025-02-11T02:26:54.203798+00:00 sonic kernel: [    0.014522]   Normal   [mem 0x0000000100000000-0x000000025cdfffff]
2025-02-11T02:26:54.203799+00:00 sonic kernel: [    0.014524]   Device   empty
2025-02-11T02:26:54.203797+00:00 sonic systemd[1]: Finished systemd-tmpfiles-setup.service - Create System Files and Directories.
2025-02-11T02:26:54.203800+00:00 sonic kernel: [    0.014525] Movable zone start for each node
2025-02-11T02:26:54.203800+00:00 sonic kernel: [    0.014528] Early memory node ranges
2025-02-11T02:26:54.203801+00:00 sonic kernel: [    0.014529]   node   0: [mem 0x0000000000001000-0x000000000009efff]
2025-02-11T02:26:54.203804+00:00 sonic kernel: [    0.014530]   node   0: [mem 0x0000000000100000-0x000000007ffdafff]
2025-02-11T02:26:54.203803+00:00 sonic systemd[1]: Starting auditd.service - Security Auditing Service...
2025-02-11T02:26:54.203805+00:00 sonic kernel: [    0.014531]   node   0: [mem 0x0000000100000000-0x000000025cdfffff]
2025-02-11T02:26:54.203808+00:00 sonic kernel: [    0.014533] Initmem setup node 0 [mem 0x0000000000001000-0x000000025cdfffff]
2025-02-11T02:26:54.203809+00:00 sonic kernel: [    0.014929] On node 0, zone DMA: 1 pages in unavailable ranges
2025-02-11T02:26:54.203809+00:00 sonic kernel: [    0.014958] On node 0, zone DMA: 97 pages in unavailable ranges
2025-02-11T02:26:54.203810+00:00 sonic kernel: [    0.025649] On node 0, zone Normal: 37 pages in unavailable ranges
2025-02-11T02:26:54.203813+00:00 sonic kernel: [    0.026166] On node 0, zone Normal: 12800 pages in unavailable ranges
2025-02-11T02:26:54.203814+00:00 sonic kernel: [    0.031935] ACPI: PM-Timer IO Port: 0x608
2025-02-11T02:26:54.203814+00:00 sonic kernel: [    0.031961] ACPI: LAPIC_NMI (acpi_id[0xff] dfl dfl lint[0x1])
2025-02-11T02:26:54.203809+00:00 sonic systemd[1]: Starting modprobe@dm_mod.service - Load Kernel Module dm_mod...
2025-02-11T02:26:54.203815+00:00 sonic kernel: [    0.032065] IOAPIC[0]: apic_id 0, version 17, address 0xfec00000, GSI 0-23
2025-02-11T02:26:54.203815+00:00 sonic kernel: [    0.032070] ACPI: INT_SRC_OVR (bus 0 bus_irq 0 global_irq 2 dfl dfl)
2025-02-11T02:26:54.203816+00:00 sonic kernel: [    0.032072] ACPI: INT_SRC_OVR (bus 0 bus_irq 5 global_irq 5 high level)
2025-02-11T02:26:54.203819+00:00 sonic kernel: [    0.032074] ACPI: INT_SRC_OVR (bus 0 bus_irq 9 global_irq 9 high level)
2025-02-11T02:26:54.203820+00:00 sonic kernel: [    0.032075] ACPI: INT_SRC_OVR (bus 0 bus_irq 10 global_irq 10 high level)
2025-02-11T02:26:54.203818+00:00 sonic systemd[1]: Starting modprobe@efi_pstore.service - Load Kernel Module efi_pstore...
2025-02-11T02:26:54.203820+00:00 sonic kernel: [    0.032077] ACPI: INT_SRC_OVR (bus 0 bus_irq 11 global_irq 11 high level)
2025-02-11T02:26:54.203823+00:00 sonic kernel: [    0.032082] ACPI: Using ACPI (MADT) for SMP configuration information
2025-02-11T02:26:54.203824+00:00 sonic kernel: [    0.032084] ACPI: HPET id: 0x8086a201 base: 0xfed00000
2025-02-11T02:26:54.203825+00:00 sonic kernel: [    0.032089] TSC deadline timer available
2025-02-11T02:26:54.203826+00:00 sonic kernel: [    0.032101] smpboot: Allowing 10 CPUs, 0 hotplug CPUs
2025-02-11T02:26:54.203826+00:00 sonic systemd[1]: Starting modprobe@loop.service - Load Kernel Module loop...
2025-02-11T02:26:54.203828+00:00 sonic kernel: [    0.032147] PM: hibernation: Registered nosave memory: [mem 0x00000000-0x00000fff]
2025-02-11T02:26:54.203830+00:00 sonic kernel: [    0.032149] PM: hibernation: Registered nosave memory: [mem 0x0009f000-0x0009ffff]
2025-02-11T02:26:54.203831+00:00 sonic kernel: [    0.032150] PM: hibernation: Registered nosave memory: [mem 0x000a0000-0x000effff]
2025-02-11T02:26:54.203832+00:00 sonic kernel: [    0.032151] PM: hibernation: Registered nosave memory: [mem 0x000f0000-0x000fffff]
2025-02-11T02:26:54.203832+00:00 sonic kernel: [    0.032152] PM: hibernation: Registered nosave memory: [mem 0x7ffdb000-0x7fffffff]
2025-02-11T02:26:54.203833+00:00 sonic kernel: [    0.032153] PM: hibernation: Registered nosave memory: [mem 0x80000000-0xafffffff]
2025-02-11T02:26:54.203832+00:00 sonic systemd[1]: systemd-firstboot.service - First Boot Wizard was skipped because of an unmet condition check (ConditionFirstBoot=yes).
2025-02-11T02:26:54.203836+00:00 sonic kernel: [    0.032154] PM: hibernation: Registered nosave memory: [mem 0xb0000000-0xbfffffff]
2025-02-11T02:26:54.203837+00:00 sonic kernel: [    0.032155] PM: hibernation: Registered nosave memory: [mem 0xc0000000-0xfed1bfff]
2025-02-11T02:26:54.203838+00:00 sonic kernel: [    0.032156] PM: hibernation: Registered nosave memory: [mem 0xfed1c000-0xfed1ffff]
2025-02-11T02:26:54.203839+00:00 sonic kernel: [    0.032156] PM: hibernation: Registered nosave memory: [mem 0xfed20000-0xfeffbfff]
2025-02-11T02:26:54.203839+00:00 sonic kernel: [    0.032157] PM: hibernation: Registered nosave memory: [mem 0xfeffc000-0xfeffffff]
2025-02-11T02:26:54.203840+00:00 sonic kernel: [    0.032157] PM: hibernation: Registered nosave memory: [mem 0xff000000-0xfffbffff]
2025-02-11T02:26:54.203838+00:00 sonic systemd[1]: first-boot-complete.target - First Boot Complete was skipped because of an unmet condition check (ConditionFirstBoot=yes).
2025-02-11T02:26:54.203841+00:00 sonic kernel: [    0.032158] PM: hibernation: Registered nosave memory: [mem 0xfffc0000-0xffffffff]
2025-02-11T02:26:54.203844+00:00 sonic kernel: [    0.032160] [mem 0xc0000000-0xfed1bfff] available for PCI devices
2025-02-11T02:26:54.203844+00:00 sonic kernel: [    0.032161] Booting paravirtualized kernel on KVM
2025-02-11T02:26:54.203845+00:00 sonic kernel: [    0.032164] clocksource: refined-jiffies: mask: 0xffffffff max_cycles: 0xffffffff, max_idle_ns: 7645519600211568 ns
2025-02-11T02:26:54.203846+00:00 sonic kernel: [    0.037819] setup_percpu: NR_CPUS:8192 nr_cpumask_bits:10 nr_cpu_ids:10 nr_node_ids:1
2025-02-11T02:26:54.203846+00:00 sonic kernel: [    0.039328] percpu: Embedded 57 pages/cpu s192744 r8192 d32536 u524288
2025-02-11T02:26:54.203847+00:00 sonic kernel: [    0.039334] pcpu-alloc: s192744 r8192 d32536 u524288 alloc=1*2097152
2025-02-11T02:26:54.203845+00:00 sonic systemd[1]: systemd-machine-id-commit.service - Commit a transient machine-id on disk was skipped because of an unmet condition check (ConditionPathIsMountPoint=/etc/machine-id).
2025-02-11T02:26:54.203879+00:00 sonic kernel: [    0.039337] pcpu-alloc: [0] 00 01 02 03 [0] 04 05 06 07 
2025-02-11T02:26:54.203881+00:00 sonic kernel: [    0.039343] pcpu-alloc: [0] 08 09 -- -- 
2025-02-11T02:26:54.203882+00:00 sonic kernel: [    0.039409] kvm-guest: PV spinlocks disabled, no host support
2025-02-11T02:26:54.203882+00:00 sonic kernel: [    0.039413] Fallback order for Node 0: 0 
2025-02-11T02:26:54.203878+00:00 sonic systemd[1]: modprobe@dm_mod.service: Deactivated successfully.
2025-02-11T02:26:54.203911+00:00 sonic systemd[1]: Finished modprobe@dm_mod.service - Load Kernel Module dm_mod.
2025-02-11T02:26:54.203918+00:00 sonic systemd[1]: modprobe@efi_pstore.service: Deactivated successfully.
2025-02-11T02:26:54.203923+00:00 sonic systemd[1]: Finished modprobe@efi_pstore.service - Load Kernel Module efi_pstore.
2025-02-11T02:26:54.203928+00:00 sonic systemd[1]: modprobe@loop.service: Deactivated successfully.
2025-02-11T02:26:54.204409+00:00 sonic kernel: [    0.039416] Built 1 zonelists, mobility grouping on.  Total pages: 1922467
2025-02-11T02:26:54.204715+00:00 sonic kernel: [    0.039417] Policy zone: Normal
2025-02-11T02:26:54.204724+00:00 sonic kernel: [    0.039419] Kernel command line: BOOT_IMAGE=/image-master.766266-3fe020a9c/boot/vmlinuz-6.1.0-22-2-amd64 root=UUID=626c0729-4837-4b36-974f-e1c965706113 rw console=tty0 console=ttyS0,115200n8 quiet processor.max_cstate=1 intel_idle.max_cstate=0 sonic_fips=1 net.ifnames=0 biosdevname=0 loop=image-master.766266-3fe020a9c/fs.squashfs loopfstype=squashfs systemd.unified_cgroup_hierarchy=0 apparmor=1 security=apparmor varlog_size=4096 usbcore.autosuspend=-1 swiotlb=65536
2025-02-11T02:26:54.203934+00:00 sonic systemd[1]: Finished modprobe@loop.service - Load Kernel Module loop.
2025-02-11T02:26:54.204774+00:00 sonic kernel: [    0.039596] Unknown kernel command line parameters "BOOT_IMAGE=/image-master.766266-3fe020a9c/boot/vmlinuz-6.1.0-22-2-amd64 sonic_fips=1 biosdevname=0 loop=image-master.766266-3fe020a9c/fs.squashfs loopfstype=squashfs varlog_size=4096", will be passed to user space.
2025-02-11T02:26:54.204776+00:00 sonic kernel: [    0.039607] random: crng init done
2025-02-11T02:26:54.204777+00:00 sonic kernel: [    0.041387] Dentry cache hash table entries: 1048576 (order: 11, 8388608 bytes, linear)
2025-02-11T02:26:54.204778+00:00 sonic kernel: [    0.042327] Inode-cache hash table entries: 524288 (order: 10, 4194304 bytes, linear)
2025-02-11T02:26:54.204797+00:00 sonic kernel: [    0.042577] mem auto-init: stack:all(zero), heap alloc:on, heap free:off
2025-02-11T02:26:54.204798+00:00 sonic kernel: [    0.042582] software IO TLB: area num 16.
2025-02-11T02:26:54.204798+00:00 sonic kernel: [    0.091102] Memory: 2063568K/7812580K available (14342K kernel code, 5473K rwdata, 9156K rodata, 2780K init, 16276K bss, 358452K reserved, 0K cma-reserved)
2025-02-11T02:26:54.204799+00:00 sonic kernel: [    0.091221] SLUB: HWalign=64, Order=0-3, MinObjects=0, CPUs=10, Nodes=1
2025-02-11T02:26:54.204799+00:00 sonic kernel: [    0.091233] Kernel/User page tables isolation: enabled
2025-02-11T02:26:54.204799+00:00 sonic kernel: [    0.091263] ftrace: allocating 40790 entries in 160 pages
2025-02-11T02:26:54.204802+00:00 sonic kernel: [    0.099219] ftrace: allocated 160 pages with 2 groups
2025-02-11T02:26:54.204802+00:00 sonic kernel: [    0.100056] Dynamic Preempt: voluntary
2025-02-11T02:26:54.204802+00:00 sonic kernel: [    0.100539] rcu: Preemptible hierarchical RCU implementation.
2025-02-11T02:26:54.204803+00:00 sonic kernel: [    0.100540] rcu: 	RCU restricting CPUs from NR_CPUS=8192 to nr_cpu_ids=10.
2025-02-11T02:26:54.204803+00:00 sonic kernel: [    0.100542] 	Trampoline variant of Tasks RCU enabled.
2025-02-11T02:26:54.204803+00:00 sonic kernel: [    0.100543] 	Rude variant of Tasks RCU enabled.
2025-02-11T02:26:54.204804+00:00 sonic kernel: [    0.100543] 	Tracing variant of Tasks RCU enabled.
2025-02-11T02:26:54.204806+00:00 sonic kernel: [    0.100544] rcu: RCU calculated value of scheduler-enlistment delay is 25 jiffies.
2025-02-11T02:26:54.204779+00:00 sonic systemd[1]: Found device dev-ttyS0.device - /dev/ttyS0.
2025-02-11T02:26:54.204817+00:00 sonic kernel: [    0.100545] rcu: Adjusting geometry for rcu_fanout_leaf=16, nr_cpu_ids=10
2025-02-11T02:26:54.204818+00:00 sonic kernel: [    0.104852] NR_IRQS: 524544, nr_irqs: 504, preallocated irqs: 16
2025-02-11T02:26:54.204818+00:00 sonic kernel: [    0.105091] rcu: srcu_init: Setting srcu_struct sizes based on contention.
2025-02-11T02:26:54.204819+00:00 sonic kernel: [    0.107669] Console: colour VGA+ 80x25
2025-02-11T02:26:54.204819+00:00 sonic kernel: [    0.107683] printk: console [tty0] enabled
2025-02-11T02:26:54.204822+00:00 sonic kernel: [    0.107803] printk: console [ttyS0] enabled
2025-02-11T02:26:54.204822+00:00 sonic kernel: [    0.107821] ACPI: Core revision 20220331
2025-02-11T02:26:54.204823+00:00 sonic kernel: [    0.108179] clocksource: hpet: mask: 0xffffffff max_cycles: 0xffffffff, max_idle_ns: 19112604467 ns
2025-02-11T02:26:54.204823+00:00 sonic kernel: [    0.108460] APIC: Switch to symmetric I/O mode setup
2025-02-11T02:26:54.204824+00:00 sonic kernel: [    0.109303] x2apic enabled
2025-02-11T02:26:54.204824+00:00 sonic kernel: [    0.110165] Switched APIC routing to physical x2apic.
2025-02-11T02:26:54.204825+00:00 sonic kernel: [    0.114022] ..TIMER: vector=0x30 apic1=0 pin1=2 apic2=-1 pin2=-1
2025-02-11T02:26:54.204827+00:00 sonic kernel: [    0.114099] clocksource: tsc-early: mask: 0xffffffffffffffff max_cycles: 0x284409db922, max_idle_ns: 440795228871 ns
2025-02-11T02:26:54.204828+00:00 sonic kernel: [    0.114105] Calibrating delay loop (skipped) preset value.. 5586.87 BogoMIPS (lpj=11173752)
2025-02-11T02:26:54.204828+00:00 sonic kernel: [    0.114685] x86/cpu: User Mode Instruction Prevention (UMIP) activated
2025-02-11T02:26:54.204828+00:00 sonic kernel: [    0.114976] Last level iTLB entries: 4KB 0, 2MB 0, 4MB 0
2025-02-11T02:26:54.204829+00:00 sonic kernel: [    0.114977] Last level dTLB entries: 4KB 0, 2MB 0, 4MB 0, 1GB 0
2025-02-11T02:26:54.204829+00:00 sonic kernel: [    0.114991] Spectre V1 : Mitigation: usercopy/swapgs barriers and __user pointer sanitization
2025-02-11T02:26:54.204812+00:00 sonic systemd[1]: systemd-pstore.service - Platform Persistent Storage Archival was skipped because of an unmet condition check (ConditionDirectoryNotEmpty=/sys/fs/pstore).
2025-02-11T02:26:54.204833+00:00 sonic kernel: [    0.114996] Spectre V2 : Mitigation: Retpolines
2025-02-11T02:26:54.204834+00:00 sonic kernel: [    0.114997] Spectre V2 : Spectre v2 / SpectreRSB mitigation: Filling RSB on context switch
2025-02-11T02:26:54.204834+00:00 sonic kernel: [    0.114998] Spectre V2 : Spectre v2 / SpectreRSB : Filling RSB on VMEXIT
2025-02-11T02:26:54.204834+00:00 sonic kernel: [    0.114999] Speculative Store Bypass: Vulnerable
2025-02-11T02:26:54.204835+00:00 sonic kernel: [    0.115004] MDS: Mitigation: Clear CPU buffers
2025-02-11T02:26:54.204835+00:00 sonic kernel: [    0.115005] TAA: Mitigation: Clear CPU buffers
2025-02-11T02:26:54.204834+00:00 sonic systemd[1]: systemd-repart.service - Repartition Root Disk was skipped because no trigger condition checks were met.
2025-02-11T02:26:54.204848+00:00 sonic kernel: [    0.115006] MMIO Stale Data: Vulnerable: Clear CPU buffers attempted, no microcode
2025-02-11T02:26:54.204849+00:00 sonic kernel: [    0.115007] Register File Data Sampling: Vulnerable: No microcode
2025-02-11T02:26:54.204865+00:00 sonic kernel: [    0.115113] x86/fpu: Supporting XSAVE feature 0x001: 'x87 floating point registers'
2025-02-11T02:26:54.204866+00:00 sonic kernel: [    0.115115] x86/fpu: Supporting XSAVE feature 0x002: 'SSE registers'
2025-02-11T02:26:54.204867+00:00 sonic kernel: [    0.115116] x86/fpu: Supporting XSAVE feature 0x004: 'AVX registers'
2025-02-11T02:26:54.204867+00:00 sonic kernel: [    0.115116] x86/fpu: Supporting XSAVE feature 0x020: 'AVX-512 opmask'
2025-02-11T02:26:54.204867+00:00 sonic kernel: [    0.115118] x86/fpu: Supporting XSAVE feature 0x040: 'AVX-512 Hi256'
2025-02-11T02:26:54.204871+00:00 sonic kernel: [    0.115118] x86/fpu: Supporting XSAVE feature 0x080: 'AVX-512 ZMM_Hi256'
2025-02-11T02:26:54.204871+00:00 sonic kernel: [    0.115120] x86/fpu: xstate_offset[2]:  576, xstate_sizes[2]:  256
2025-02-11T02:26:54.204871+00:00 sonic kernel: [    0.115121] x86/fpu: xstate_offset[5]:  832, xstate_sizes[5]:   64
2025-02-11T02:26:54.204872+00:00 sonic kernel: [    0.115122] x86/fpu: xstate_offset[6]:  896, xstate_sizes[6]:  512
2025-02-11T02:26:54.204872+00:00 sonic kernel: [    0.115123] x86/fpu: xstate_offset[7]: 1408, xstate_sizes[7]: 1024
2025-02-11T02:26:54.204872+00:00 sonic kernel: [    0.115125] x86/fpu: Enabled xstate features 0xe7, context size is 2432 bytes, using 'compacted' format.
2025-02-11T02:26:54.204875+00:00 sonic kernel: [    0.132190] Freeing SMP alternatives memory: 36K
2025-02-11T02:26:54.204876+00:00 sonic kernel: [    0.132194] pid_max: default: 32768 minimum: 301
2025-02-11T02:26:54.204841+00:00 sonic (udev-worker)[422]: Network interface NamePolicy= disabled on kernel command line.
2025-02-11T02:26:54.204894+00:00 sonic kernel: [    0.132220] LSM: Security Framework initializing
2025-02-11T02:26:54.204895+00:00 sonic kernel: [    0.132233] landlock: Up and running.
2025-02-11T02:26:54.204895+00:00 sonic kernel: [    0.132234] Yama: disabled by default; enable with sysctl kernel.yama.*
2025-02-11T02:26:54.204895+00:00 sonic kernel: [    0.132258] AppArmor: AppArmor initialized
2025-02-11T02:26:54.204893+00:00 sonic (udev-worker)[427]: Network interface NamePolicy= disabled on kernel command line.
2025-02-11T02:26:54.204898+00:00 sonic kernel: [    0.132262] LSM support for eBPF active
2025-02-11T02:26:54.204899+00:00 sonic kernel: [    0.132643] Mount-cache hash table entries: 16384 (order: 5, 131072 bytes, linear)
2025-02-11T02:26:54.204900+00:00 sonic kernel: [    0.132650] Mountpoint-cache hash table entries: 16384 (order: 5, 131072 bytes, linear)
2025-02-11T02:26:54.204900+00:00 sonic kernel: [    0.133097] smpboot: CPU0: Intel Xeon Processor (Icelake) (family: 0x6, model: 0x86, stepping: 0x0)
2025-02-11T02:26:54.204900+00:00 sonic kernel: [    0.133201] cblist_init_generic: Setting adjustable number of callback queues.
2025-02-11T02:26:54.204901+00:00 sonic kernel: [    0.133203] cblist_init_generic: Setting shift to 4 and lim to 1.
2025-02-11T02:26:54.204903+00:00 sonic kernel: [    0.133215] cblist_init_generic: Setting adjustable number of callback queues.
2025-02-11T02:26:54.204903+00:00 sonic kernel: [    0.133216] cblist_init_generic: Setting shift to 4 and lim to 1.
2025-02-11T02:26:54.204907+00:00 sonic kernel: [    0.133227] cblist_init_generic: Setting adjustable number of callback queues.
2025-02-11T02:26:54.204908+00:00 sonic kernel: [    0.133227] cblist_init_generic: Setting shift to 4 and lim to 1.
2025-02-11T02:26:54.204908+00:00 sonic kernel: [    0.133239] Performance Events: unsupported p6 CPU model 134 no PMU driver, software events only.
2025-02-11T02:26:54.204909+00:00 sonic kernel: [    0.133282] signal: max sigframe size: 3632
2025-02-11T02:26:54.204909+00:00 sonic kernel: [    0.133300] rcu: Hierarchical SRCU implementation.
2025-02-11T02:26:54.204901+00:00 sonic (udev-worker)[449]: Network interface NamePolicy= disabled on kernel command line.
2025-02-11T02:26:54.204911+00:00 sonic kernel: [    0.133300] rcu: 	Max phase no-delay instances is 1000.
2025-02-11T02:26:54.204912+00:00 sonic kernel: [    0.133514] NMI watchdog: Perf NMI watchdog permanently disabled
2025-02-11T02:26:54.204912+00:00 sonic kernel: [    0.133610] smp: Bringing up secondary CPUs ...
2025-02-11T02:26:54.204912+00:00 sonic kernel: [    0.133745] x86: Booting SMP configuration:
2025-02-11T02:26:54.204913+00:00 sonic kernel: [    0.133746] .... node  #0, CPUs:        #1
2025-02-11T02:26:54.204913+00:00 sonic kernel: [    0.134102] MDS CPU bug present and SMT on, data leak possible. See https://www.kernel.org/doc/html/latest/admin-guide/hw-vuln/mds.html for more details.
2025-02-11T02:26:54.204913+00:00 sonic (udev-worker)[445]: Network interface NamePolicy= disabled on kernel command line.
2025-02-11T02:26:54.204916+00:00 sonic kernel: [    0.134102] TAA CPU bug present and SMT on, data leak possible. See https://www.kernel.org/doc/html/latest/admin-guide/hw-vuln/tsx_async_abort.html for more details.
2025-02-11T02:26:54.204919+00:00 sonic kernel: [    0.134102] MMIO Stale Data CPU bug present and SMT on, data leak possible. See https://www.kernel.org/doc/html/latest/admin-guide/hw-vuln/processor_mmio_stale_data.html for more details.
2025-02-11T02:26:54.204919+00:00 sonic kernel: [    0.134102]   #2  #3  #4  #5  #6  #7  #8  #9
2025-02-11T02:26:54.204920+00:00 sonic kernel: [    0.148068] smp: Brought up 1 node, 10 CPUs
2025-02-11T02:26:54.204920+00:00 sonic kernel: [    0.148068] smpboot: Max logical packages: 1
2025-02-11T02:26:54.204920+00:00 sonic kernel: [    0.148068] smpboot: Total of 10 processors activated (55868.76 BogoMIPS)
2025-02-11T02:26:54.204922+00:00 sonic kernel: [    0.158256] node 0 deferred pages initialised in 8ms
2025-02-11T02:26:54.204923+00:00 sonic kernel: [    0.158566] devtmpfs: initialized
2025-02-11T02:26:54.204921+00:00 sonic (udev-worker)[456]: Network interface NamePolicy= disabled on kernel command line.
2025-02-11T02:26:54.204923+00:00 sonic kernel: [    0.158566] x86/mm: Memory block size: 128MB
2025-02-11T02:26:54.204936+00:00 sonic kernel: [    0.158796] clocksource: jiffies: mask: 0xffffffff max_cycles: 0xffffffff, max_idle_ns: 7645041785100000 ns
2025-02-11T02:26:54.204937+00:00 sonic kernel: [    0.158796] futex hash table entries: 4096 (order: 6, 262144 bytes, linear)
2025-02-11T02:26:54.204937+00:00 sonic kernel: [    0.158796] pinctrl core: initialized pinctrl subsystem
2025-02-11T02:26:54.204941+00:00 sonic kernel: [    0.159315] NET: Registered PF_NETLINK/PF_ROUTE protocol family
2025-02-11T02:26:54.204941+00:00 sonic kernel: [    0.159453] audit: initializing netlink subsys (disabled)
2025-02-11T02:26:54.204941+00:00 sonic kernel: [    0.159472] audit: type=2000 audit(1739240807.021:1): state=initialized audit_enabled=0 res=1
2025-02-11T02:26:54.204942+00:00 sonic kernel: [    0.159472] thermal_sys: Registered thermal governor 'fair_share'
2025-02-11T02:26:54.204942+00:00 sonic kernel: [    0.159472] thermal_sys: Registered thermal governor 'bang_bang'
2025-02-11T02:26:54.204942+00:00 sonic kernel: [    0.159472] thermal_sys: Registered thermal governor 'step_wise'
2025-02-11T02:26:54.204928+00:00 sonic (udev-worker)[425]: Network interface NamePolicy= disabled on kernel command line.
2025-02-11T02:26:54.204950+00:00 sonic (udev-worker)[423]: Network interface NamePolicy= disabled on kernel command line.
2025-02-11T02:26:54.204957+00:00 sonic (udev-worker)[442]: Network interface NamePolicy= disabled on kernel command line.
2025-02-11T02:26:54.204979+00:00 sonic (udev-worker)[450]: Network interface NamePolicy= disabled on kernel command line.
2025-02-11T02:26:54.205010+00:00 sonic systemd[1]: Finished apparmor.service - Load AppArmor profiles.
2025-02-11T02:26:54.205016+00:00 sonic systemd[1]: Started haveged.service - Entropy Daemon based on the HAVEGE algorithm.
2025-02-11T02:26:54.205037+00:00 sonic haveged[605]: haveged: command socket is listening at fd 3
2025-02-11T02:26:54.205044+00:00 sonic haveged[605]: haveged: ver: 1.9.14; arch: x86; vend: GenuineIntel; build: (gcc 12.2.0 ITV); collect: 128K
2025-02-11T02:26:54.205050+00:00 sonic haveged[605]: haveged: cpu: (L4 VC); data: 32K (L2 L4 V); inst: 32K (L2 L4 V); idx: 24/40; sz: 32010/53875
2025-02-11T02:26:54.205060+00:00 sonic haveged[605]: haveged: tot tests(BA8): A:1/1 B:1/1 continuous tests(B):  last entropy estimate 7.99928
2025-02-11T02:26:54.205067+00:00 sonic kernel: [    0.159472] thermal_sys: Registered thermal governor 'user_space'
2025-02-11T02:26:54.205068+00:00 sonic kernel: [    0.159472] thermal_sys: Registered thermal governor 'power_allocator'
2025-02-11T02:26:54.205066+00:00 sonic haveged[605]: haveged: fills: 0, generated: 0
2025-02-11T02:26:54.205069+00:00 sonic kernel: [    0.159472] cpuidle: using governor ladder
2025-02-11T02:26:54.205071+00:00 sonic kernel: [    0.159472] cpuidle: using governor menu
2025-02-11T02:26:54.205072+00:00 sonic kernel: [    0.162129] acpiphp: ACPI Hot Plug PCI Controller Driver version: 0.5
2025-02-11T02:26:54.205072+00:00 sonic kernel: [    0.162417] PCI: MMCONFIG for domain 0000 [bus 00-ff] at [mem 0xb0000000-0xbfffffff] (base 0xb0000000)
2025-02-11T02:26:54.205073+00:00 sonic systemd[1]: Mounting proc-sys-fs-binfmt_misc.mount - Arbitrary Executable File Formats File System...
2025-02-11T02:26:54.205079+00:00 sonic systemd[1]: Mounted proc-sys-fs-binfmt_misc.mount - Arbitrary Executable File Formats File System.
2025-02-11T02:26:54.205085+00:00 sonic systemd[1]: Finished systemd-binfmt.service - Set Up Additional Binary Formats.
2025-02-11T02:26:54.205143+00:00 sonic kernel: [    0.162422] PCI: MMCONFIG at [mem 0xb0000000-0xbfffffff] reserved in E820
2025-02-11T02:26:54.205144+00:00 sonic kernel: [    0.162435] PCI: Using configuration type 1 for base access
2025-02-11T02:26:54.205145+00:00 sonic kernel: [    0.163527] kprobes: kprobe jump-optimization is enabled. All kprobes are optimized if possible.
2025-02-11T02:26:54.205145+00:00 sonic kernel: [    0.163546] HugeTLB: registered 1.00 GiB page size, pre-allocated 0 pages
2025-02-11T02:26:54.205146+00:00 sonic kernel: [    0.163546] HugeTLB: 16380 KiB vmemmap can be freed for a 1.00 GiB page
2025-02-11T02:26:54.205146+00:00 sonic kernel: [    0.163546] HugeTLB: registered 2.00 MiB page size, pre-allocated 0 pages
2025-02-11T02:26:54.205147+00:00 sonic kernel: [    0.163546] HugeTLB: 28 KiB vmemmap can be freed for a 2.00 MiB page
2025-02-11T02:26:54.205091+00:00 sonic auditd[713]: audit dispatcher initialized with q_depth=2000 and 1 active plugins
2025-02-11T02:26:54.205153+00:00 sonic auditd[713]: Init complete, auditd 3.0.9 listening for events (startup state enable)
2025-02-11T02:26:54.205161+00:00 sonic kernel: [    0.163546] ACPI: Added _OSI(Module Device)
2025-02-11T02:26:54.205162+00:00 sonic kernel: [    0.163546] ACPI: Added _OSI(Processor Device)
2025-02-11T02:26:54.205162+00:00 sonic kernel: [    0.163546] ACPI: Added _OSI(3.0 _SCP Extensions)
2025-02-11T02:26:54.205162+00:00 sonic kernel: [    0.163546] ACPI: Added _OSI(Processor Aggregator Device)
2025-02-11T02:26:54.205163+00:00 sonic kernel: [    0.163546] ACPI: 1 ACPI AML tables successfully acquired and loaded
2025-02-11T02:26:54.205163+00:00 sonic kernel: [    0.167946] ACPI: Interpreter enabled
2025-02-11T02:26:54.205160+00:00 sonic augenrules[718]: /sbin/augenrules: No change
2025-02-11T02:26:54.205168+00:00 sonic augenrules[732]: No rules
2025-02-11T02:26:54.205171+00:00 sonic kernel: [    0.167959] ACPI: PM: (supports S0 S3 S4 S5)
2025-02-11T02:26:54.205171+00:00 sonic kernel: [    0.167961] ACPI: Using IOAPIC for interrupt routing
2025-02-11T02:26:54.205172+00:00 sonic kernel: [    0.167983] PCI: Using host bridge windows from ACPI; if necessary, use "pci=nocrs" and report a bug
2025-02-11T02:26:54.205172+00:00 sonic kernel: [    0.167984] PCI: Using E820 reservations for host bridge windows
2025-02-11T02:26:54.205173+00:00 sonic kernel: [    0.168159] ACPI: Enabled 2 GPEs in block 00 to 3F
2025-02-11T02:26:54.205173+00:00 sonic kernel: [    0.171411] ACPI: PCI Root Bridge [PCI0] (domain 0000 [bus 00-ff])
2025-02-11T02:26:54.205174+00:00 sonic augenrules[732]: enabled 1
2025-02-11T02:26:54.205180+00:00 sonic augenrules[732]: failure 1
2025-02-11T02:26:54.205185+00:00 sonic augenrules[732]: pid 713
2025-02-11T02:26:54.205213+00:00 sonic augenrules[732]: rate_limit 0
2025-02-11T02:26:54.205219+00:00 sonic augenrules[732]: backlog_limit 8192
2025-02-11T02:26:54.205225+00:00 sonic augenrules[732]: lost 0
2025-02-11T02:26:54.205230+00:00 sonic augenrules[732]: backlog 3
2025-02-11T02:26:54.205236+00:00 sonic augenrules[732]: backlog_wait_time 15000
2025-02-11T02:26:54.205241+00:00 sonic augenrules[732]: backlog_wait_time_actual 0
2025-02-11T02:26:54.206113+00:00 sonic kernel: [    0.171417] acpi PNP0A08:00: _OSC: OS supports [ExtendedConfig ASPM ClockPM Segments MSI HPX-Type3]
2025-02-11T02:26:54.206119+00:00 sonic kernel: [    0.171469] acpi PNP0A08:00: _OSC: platform does not support [PCIeHotplug LTR]
2025-02-11T02:26:54.206120+00:00 sonic kernel: [    0.171513] acpi PNP0A08:00: _OSC: OS now controls [SHPCHotplug PME AER PCIeCapability]
2025-02-11T02:26:54.206120+00:00 sonic kernel: [    0.171872] PCI host bridge to bus 0000:00
2025-02-11T02:26:54.206120+00:00 sonic kernel: [    0.171875] pci_bus 0000:00: root bus resource [io  0x0000-0x0cf7 window]
2025-02-11T02:26:54.206121+00:00 sonic kernel: [    0.171878] pci_bus 0000:00: root bus resource [io  0x0d00-0xffff window]
2025-02-11T02:26:54.206121+00:00 sonic kernel: [    0.171879] pci_bus 0000:00: root bus resource [mem 0x000a0000-0x000bffff window]
2025-02-11T02:26:54.205247+00:00 sonic augenrules[732]: enabled 1
2025-02-11T02:26:54.207176+00:00 sonic augenrules[732]: failure 1
2025-02-11T02:26:54.207200+00:00 sonic augenrules[732]: pid 713
2025-02-11T02:26:54.207204+00:00 sonic augenrules[732]: rate_limit 0
2025-02-11T02:26:54.207208+00:00 sonic augenrules[732]: backlog_limit 8192
2025-02-11T02:26:54.207213+00:00 sonic augenrules[732]: lost 0
2025-02-11T02:26:54.207216+00:00 sonic augenrules[732]: backlog 0
2025-02-11T02:26:54.207220+00:00 sonic augenrules[732]: backlog_wait_time 15000
2025-02-11T02:26:54.207244+00:00 sonic augenrules[732]: backlog_wait_time_actual 0
2025-02-11T02:26:54.207249+00:00 sonic augenrules[732]: enabled 1
2025-02-11T02:26:54.207269+00:00 sonic augenrules[732]: failure 1
2025-02-11T02:26:54.207275+00:00 sonic augenrules[732]: pid 713
2025-02-11T02:26:54.207281+00:00 sonic augenrules[732]: rate_limit 0
2025-02-11T02:26:54.207287+00:00 sonic augenrules[732]: backlog_limit 8192
2025-02-11T02:26:54.207297+00:00 sonic augenrules[732]: lost 0
2025-02-11T02:26:54.207322+00:00 sonic augenrules[732]: backlog 0
2025-02-11T02:26:54.207328+00:00 sonic augenrules[732]: backlog_wait_time 60000
2025-02-11T02:26:54.207339+00:00 sonic augenrules[732]: backlog_wait_time_actual 0
2025-02-11T02:26:54.207345+00:00 sonic systemd[1]: Started auditd.service - Security Auditing Service.
2025-02-11T02:26:54.207370+00:00 sonic systemd[1]: Starting systemd-update-utmp.service - Record System Boot/Shutdown in UTMP...
2025-02-11T02:26:54.207377+00:00 sonic systemd[1]: Finished systemd-update-utmp.service - Record System Boot/Shutdown in UTMP.
2025-02-11T02:26:54.207383+00:00 sonic systemd[1]: Reached target sysinit.target - System Initialization.
2025-02-11T02:26:54.207388+00:00 sonic systemd[1]: Started aaastatsd.timer - Delays aaastatsd daemon until SONiC has started.
2025-02-11T02:26:54.207399+00:00 sonic systemd[1]: Started apt-daily.timer - Daily apt download activities.
2025-02-11T02:26:54.207424+00:00 sonic systemd[1]: Started apt-daily-upgrade.timer - Daily apt upgrade and clean activities.
2025-02-11T02:26:54.207453+00:00 sonic systemd[1]: Started dpkg-db-backup.timer - Daily dpkg database backup timer.
2025-02-11T02:26:54.207461+00:00 sonic systemd[1]: Started e2scrub_all.timer - Periodic ext4 Online Metadata Check for All Filesystems.
2025-02-11T02:26:54.207466+00:00 sonic systemd[1]: Started featured.timer - Delays feature daemon until SONiC has started.
2025-02-11T02:26:54.207476+00:00 sonic systemd[1]: Started hostcfgd.timer - Delays hostcfgd daemon until SONiC has started.
2025-02-11T02:26:54.207505+00:00 sonic systemd[1]: Started logrotate.timer - Daily rotation of log files.
2025-02-11T02:26:54.207510+00:00 sonic systemd[1]: Started ntpsec-rotate-stats.timer - Rotate ntpd stats daily.
2025-02-11T02:26:54.207514+00:00 sonic systemd[1]: Started rasdaemon.timer - Delays rasdaemon until SONiC has started.
2025-02-11T02:26:54.207518+00:00 sonic systemd[1]: Started sysstat-collect.timer - Run system activity accounting tool every 10 minutes.
2025-02-11T02:26:54.207522+00:00 sonic systemd[1]: Started sysstat-summary.timer - Generate summary of yesterday's process accounting.
2025-02-11T02:26:54.207529+00:00 sonic systemd[1]: Started systemd-tmpfiles-clean.timer - Daily Cleanup of Temporary Directories.
2025-02-11T02:26:54.207535+00:00 sonic systemd[1]: Listening on dbus.socket - D-Bus System Message Bus Socket.
2025-02-11T02:26:54.207540+00:00 sonic systemd[1]: Starting docker.socket - Docker Socket for the API...
2025-02-11T02:26:54.207546+00:00 sonic systemd[1]: Listening on uuidd.socket - UUID daemon activation socket.
2025-02-11T02:26:54.207570+00:00 sonic systemd[1]: systemd-pcrphase-sysinit.service - TPM2 PCR Barrier (Initialization) was skipped because of an unmet condition check (ConditionPathExists=/sys/firmware/efi/efivars/StubPcrKernelImage-4a67b082-0a4c-41cf-b6c7-440b29bb8c4f).
2025-02-11T02:26:54.207580+00:00 sonic systemd[1]: Listening on docker.socket - Docker Socket for the API.
2025-02-11T02:26:54.207589+00:00 sonic systemd[1]: Reached target sockets.target - Socket Units.
2025-02-11T02:26:54.207593+00:00 sonic systemd[1]: Finished networking.service - Network initialization.
2025-02-11T02:26:54.207597+00:00 sonic systemd[1]: Starting kdump-tools.service - Kernel crash dump capture service...
2025-02-11T02:26:54.207601+00:00 sonic kdump-tools[748]: Starting kdump-tools:
2025-02-11T02:26:54.207625+00:00 sonic kdump-tools[755]: no crashkernel= parameter in the kernel cmdline ... failed!
2025-02-11T02:26:54.207631+00:00 sonic systemd[1]: Finished kdump-tools.service - Kernel crash dump capture service.
2025-02-11T02:26:54.207642+00:00 sonic systemd[1]: Reached target basic.target - Basic System.
2025-02-11T02:26:54.207648+00:00 sonic systemd[1]: System is tainted: cgroupsv1
2025-02-11T02:26:54.207654+00:00 sonic systemd[1]: Starting containerd.service - containerd container runtime...
2025-02-11T02:26:54.207658+00:00 sonic systemd[1]: Started cron.service - Regular background program processing daemon.
2025-02-11T02:26:54.207677+00:00 sonic systemd[1]: Starting dbus.service - D-Bus System Message Bus...
2025-02-11T02:26:54.207681+00:00 sonic systemd[1]: Starting e2scrub_reap.service - Remove Stale Online ext4 Metadata Check Snapshots...
2025-02-11T02:26:54.207689+00:00 sonic systemd[1]: getty-static.service - getty on tty2-tty6 if dbus and logind are not available was skipped because of an unmet condition check (ConditionPathExists=!/usr/bin/dbus-daemon).
2025-02-11T02:26:54.207695+00:00 sonic systemd[1]: Starting kexec-load.service - LSB: Load kernel image with kexec...
2025-02-11T02:26:54.207707+00:00 sonic systemd[1]: Starting monit.service - LSB: service and resource monitoring daemon...
2025-02-11T02:26:54.207730+00:00 sonic systemd[1]: Started ntpsec-systemd-netif.service.
2025-02-11T02:26:54.207737+00:00 sonic systemd[1]: nvmefc-boot-connections.service - Auto-connect to subsystems on FC-NVME devices found during boot was skipped because of an unmet condition check (ConditionPathExists=/sys/class/fc/fc_udev_device/nvme_discovery).
2025-02-11T02:26:54.207755+00:00 sonic systemd[1]: Starting nvmf-autoconnect.service - Connect NVMe-oF subsystems automatically during boot...
2025-02-11T02:26:54.207781+00:00 sonic systemd[1]: Starting ras-mc-ctl.service - Initialize EDAC v3.0.0 Drivers For Machine Hardware...
2025-02-11T02:26:54.207787+00:00 sonic systemd[1]: Starting rc-local.service - /etc/rc.local Compatibility...
2025-02-11T02:26:54.207825+00:00 sonic systemd[1]: Starting rsyslog.service - System Logging Service...
2025-02-11T02:26:54.207833+00:00 sonic systemd[1]: smartmontools.service - Self Monitoring and Reporting Technology (SMART) Daemon was skipped because of an unmet condition check (ConditionVirtualization=no).
2025-02-11T02:26:54.207844+00:00 sonic rc.local[785]: + cat /etc/sonic/sonic_version.yml
2025-02-11T02:26:54.207873+00:00 sonic rc.local[786]: +
2025-02-11T02:26:54.207879+00:00 sonic systemd[1]: Starting ssh.service - OpenBSD Secure Shell server...
2025-02-11T02:26:54.207885+00:00 sonic rc.local[786]: grep build_version
2025-02-11T02:26:54.207909+00:00 sonic systemd[1]: Starting sysfsutils.service - LSB: Set sysfs variables from /etc/sysfs.conf...
2025-02-11T02:26:54.207914+00:00 sonic rc.local[787]: + sed -e s/build_version: //g;s/'//g
2025-02-11T02:26:54.207922+00:00 sonic systemd[1]: Starting sysstat.service - Resets System Activity Logs...
2025-02-11T02:26:54.207926+00:00 sonic root: SONiC version master.766266-3fe020a9c starting up...
2025-02-11T02:26:54.207929+00:00 sonic rc.local[782]: + SONIC_VERSION=master.766266-3fe020a9c
2025-02-11T02:26:54.207933+00:00 sonic rc.local[782]: + FIRST_BOOT_FILE=/host/image-master.766266-3fe020a9c/platform/firsttime
2025-02-11T02:26:54.207938+00:00 sonic rc.local[782]: + SONIC_CONFIG_DIR=/host/image-master.766266-3fe020a9c/sonic-config
2025-02-11T02:26:54.207942+00:00 sonic rc.local[782]: + SONIC_ENV_FILE=/host/image-master.766266-3fe020a9c/sonic-config/sonic-environment
2025-02-11T02:26:54.207962+00:00 sonic rc.local[782]: + [ -d /host/image-master.766266-3fe020a9c/sonic-config -a -f /host/image-master.766266-3fe020a9c/sonic-config/sonic-environment ]
2025-02-11T02:26:54.207967+00:00 sonic rc.local[782]: + logger SONiC version master.766266-3fe020a9c starting up...
2025-02-11T02:26:54.207971+00:00 sonic rc.local[782]: + grub_installation_needed=
2025-02-11T02:26:54.207974+00:00 sonic rc.local[782]: + [ ! -e /host/machine.conf ]
2025-02-11T02:26:54.207978+00:00 sonic rc.local[782]: + . /host/machine.conf
2025-02-11T02:26:54.207982+00:00 sonic rc.local[782]: + onie_arch=x86_64
2025-02-11T02:26:54.205153+00:00 sonic rc.local[782]: + onie_bin=
2025-02-11T02:26:54.208344+00:00 sonic rc.local[782]: + onie_boot_reason=install
2025-02-11T02:26:54.205171+00:00 sonic kernel: [    0.167959] ACPI: PM: (supports S0 S3 S4 S5)
2025-02-11T02:26:54.205171+00:00 sonic kernel: [    0.167961] ACPI: Using IOAPIC for interrupt routing
2025-02-11T02:26:54.205172+00:00 sonic kernel: [    0.167983] PCI: Using host bridge windows from ACPI; if necessary, use "pci=nocrs" and report a bug
2025-02-11T02:26:54.205172+00:00 sonic kernel: [    0.167984] PCI: Using E820 reservations for host bridge windows
2025-02-11T02:26:54.205173+00:00 sonic kernel: [    0.168159] ACPI: Enabled 2 GPEs in block 00 to 3F
2025-02-11T02:26:54.205173+00:00 sonic kernel: [    0.171411] ACPI: PCI Root Bridge [PCI0] (domain 0000 [bus 00-ff])
2025-02-11T02:26:54.205174+00:00 sonic augenrules[732]: enabled 1
2025-02-11T02:26:54.205180+00:00 sonic augenrules[732]: failure 1
2025-02-11T02:26:54.205185+00:00 sonic augenrules[732]: pid 713
2025-02-11T02:26:54.205213+00:00 sonic augenrules[732]: rate_limit 0
2025-02-11T02:26:54.205219+00:00 sonic augenrules[732]: backlog_limit 8192
2025-02-11T02:26:54.205225+00:00 sonic augenrules[732]: lost 0
2025-02-11T02:26:54.205230+00:00 sonic augenrules[732]: backlog 3
2025-02-11T02:26:54.205236+00:00 sonic augenrules[732]: backlog_wait_time 15000
2025-02-11T02:26:54.205241+00:00 sonic augenrules[732]: backlog_wait_time_actual 0
2025-02-11T02:26:54.206113+00:00 sonic kernel: [    0.171417] acpi PNP0A08:00: _OSC: OS supports [ExtendedConfig ASPM ClockPM Segments MSI HPX-Type3]
2025-02-11T02:26:54.206119+00:00 sonic kernel: [    0.171469] acpi PNP0A08:00: _OSC: platform does not support [PCIeHotplug LTR]
2025-02-11T02:26:54.206120+00:00 sonic kernel: [    0.171513] acpi PNP0A08:00: _OSC: OS now controls [SHPCHotplug PME AER PCIeCapability]
2025-02-11T02:26:54.206120+00:00 sonic kernel: [    0.171872] PCI host bridge to bus 0000:00
2025-02-11T02:26:54.206120+00:00 sonic kernel: [    0.171875] pci_bus 0000:00: root bus resource [io  0x0000-0x0cf7 window]
2025-02-11T02:26:54.206121+00:00 sonic kernel: [    0.171878] pci_bus 0000:00: root bus resource [io  0x0d00-0xffff window]
2025-02-11T02:26:54.206121+00:00 sonic kernel: [    0.171879] pci_bus 0000:00: root bus resource [mem 0x000a0000-0x000bffff window]
2025-02-11T02:26:54.205247+00:00 sonic augenrules[732]: enabled 1
2025-02-11T02:26:54.207176+00:00 sonic augenrules[732]: failure 1
2025-02-11T02:26:54.207200+00:00 sonic augenrules[732]: pid 713
2025-02-11T02:26:54.207204+00:00 sonic augenrules[732]: rate_limit 0
2025-02-11T02:26:54.207208+00:00 sonic augenrules[732]: backlog_limit 8192
2025-02-11T02:26:54.207213+00:00 sonic augenrules[732]: lost 0
2025-02-11T02:26:54.207216+00:00 sonic augenrules[732]: backlog 0
2025-02-11T02:26:54.207220+00:00 sonic augenrules[732]: backlog_wait_time 15000
2025-02-11T02:26:54.207244+00:00 sonic augenrules[732]: backlog_wait_time_actual 0
2025-02-11T02:26:54.207249+00:00 sonic augenrules[732]: enabled 1
2025-02-11T02:26:54.207269+00:00 sonic augenrules[732]: failure 1
2025-02-11T02:26:54.207275+00:00 sonic augenrules[732]: pid 713
2025-02-11T02:26:54.207281+00:00 sonic augenrules[732]: rate_limit 0
2025-02-11T02:26:54.207287+00:00 sonic augenrules[732]: backlog_limit 8192
2025-02-11T02:26:54.207297+00:00 sonic augenrules[732]: lost 0
2025-02-11T02:26:54.207322+00:00 sonic augenrules[732]: backlog 0
2025-02-11T02:26:54.207328+00:00 sonic augenrules[732]: backlog_wait_time 60000
2025-02-11T02:26:54.207339+00:00 sonic augenrules[732]: backlog_wait_time_actual 0
2025-02-11T02:26:54.207345+00:00 sonic systemd[1]: Started auditd.service - Security Auditing Service.
2025-02-11T02:26:54.207370+00:00 sonic systemd[1]: Starting systemd-update-utmp.service - Record System Boot/Shutdown in UTMP...
2025-02-11T02:26:54.207377+00:00 sonic systemd[1]: Finished systemd-update-utmp.service - Record System Boot/Shutdown in UTMP.
2025-02-11T02:26:54.207383+00:00 sonic systemd[1]: Reached target sysinit.target - System Initialization.
2025-02-11T02:26:54.207388+00:00 sonic systemd[1]: Started aaastatsd.timer - Delays aaastatsd daemon until SONiC has started.
2025-02-11T02:26:54.207399+00:00 sonic systemd[1]: Started apt-daily.timer - Daily apt download activities.
2025-02-11T02:26:54.207424+00:00 sonic systemd[1]: Started apt-daily-upgrade.timer - Daily apt upgrade and clean activities.
2025-02-11T02:26:54.207453+00:00 sonic systemd[1]: Started dpkg-db-backup.timer - Daily dpkg database backup timer.
2025-02-11T02:26:54.207461+00:00 sonic systemd[1]: Started e2scrub_all.timer - Periodic ext4 Online Metadata Check for All Filesystems.
2025-02-11T02:26:54.207466+00:00 sonic systemd[1]: Started featured.timer - Delays feature daemon until SONiC has started.
2025-02-11T02:26:54.207476+00:00 sonic systemd[1]: Started hostcfgd.timer - Delays hostcfgd daemon until SONiC has started.
2025-02-11T02:26:54.207505+00:00 sonic systemd[1]: Started logrotate.timer - Daily rotation of log files.
2025-02-11T02:26:54.207510+00:00 sonic systemd[1]: Started ntpsec-rotate-stats.timer - Rotate ntpd stats daily.
2025-02-11T02:26:54.207514+00:00 sonic systemd[1]: Started rasdaemon.timer - Delays rasdaemon until SONiC has started.
2025-02-11T02:26:54.207518+00:00 sonic systemd[1]: Started sysstat-collect.timer - Run system activity accounting tool every 10 minutes.
2025-02-11T02:26:54.207522+00:00 sonic systemd[1]: Started sysstat-summary.timer - Generate summary of yesterday's process accounting.
2025-02-11T02:26:54.207529+00:00 sonic systemd[1]: Started systemd-tmpfiles-clean.timer - Daily Cleanup of Temporary Directories.
2025-02-11T02:26:54.207535+00:00 sonic systemd[1]: Listening on dbus.socket - D-Bus System Message Bus Socket.
2025-02-11T02:26:54.207540+00:00 sonic systemd[1]: Starting docker.socket - Docker Socket for the API...
2025-02-11T02:26:54.207546+00:00 sonic systemd[1]: Listening on uuidd.socket - UUID daemon activation socket.
2025-02-11T02:26:54.207570+00:00 sonic systemd[1]: systemd-pcrphase-sysinit.service - TPM2 PCR Barrier (Initialization) was skipped because of an unmet condition check (ConditionPathExists=/sys/firmware/efi/efivars/StubPcrKernelImage-4a67b082-0a4c-41cf-b6c7-440b29bb8c4f).
2025-02-11T02:26:54.207580+00:00 sonic systemd[1]: Listening on docker.socket - Docker Socket for the API.
2025-02-11T02:26:54.207589+00:00 sonic systemd[1]: Reached target sockets.target - Socket Units.
2025-02-11T02:26:54.207593+00:00 sonic systemd[1]: Finished networking.service - Network initialization.
2025-02-11T02:26:54.207597+00:00 sonic systemd[1]: Starting kdump-tools.service - Kernel crash dump capture service...
2025-02-11T02:26:54.207601+00:00 sonic kdump-tools[748]: Starting kdump-tools:
2025-02-11T02:26:54.207625+00:00 sonic kdump-tools[755]: no crashkernel= parameter in the kernel cmdline ... failed!
2025-02-11T02:26:54.207631+00:00 sonic systemd[1]: Finished kdump-tools.service - Kernel crash dump capture service.
2025-02-11T02:26:54.207642+00:00 sonic systemd[1]: Reached target basic.target - Basic System.
2025-02-11T02:26:54.207648+00:00 sonic systemd[1]: System is tainted: cgroupsv1
2025-02-11T02:26:54.207654+00:00 sonic systemd[1]: Starting containerd.service - containerd container runtime...
2025-02-11T02:26:54.207658+00:00 sonic systemd[1]: Started cron.service - Regular background program processing daemon.
2025-02-11T02:26:54.207677+00:00 sonic systemd[1]: Starting dbus.service - D-Bus System Message Bus...
2025-02-11T02:26:54.207681+00:00 sonic systemd[1]: Starting e2scrub_reap.service - Remove Stale Online ext4 Metadata Check Snapshots...
2025-02-11T02:26:54.207689+00:00 sonic systemd[1]: getty-static.service - getty on tty2-tty6 if dbus and logind are not available was skipped because of an unmet condition check (ConditionPathExists=!/usr/bin/dbus-daemon).
2025-02-11T02:26:54.207695+00:00 sonic systemd[1]: Starting kexec-load.service - LSB: Load kernel image with kexec...
2025-02-11T02:26:54.207701+00:00 sonic cron[768]: (CRON) INFO (pidfile fd = 3)
2025-02-11T02:26:54.207707+00:00 sonic systemd[1]: Starting monit.service - LSB: service and resource monitoring daemon...
2025-02-11T02:26:54.207730+00:00 sonic systemd[1]: Started ntpsec-systemd-netif.service.
2025-02-11T02:26:54.207737+00:00 sonic systemd[1]: nvmefc-boot-connections.service - Auto-connect to subsystems on FC-NVME devices found during boot was skipped because of an unmet condition check (ConditionPathExists=/sys/class/fc/fc_udev_device/nvme_discovery).
2025-02-11T02:26:54.207749+00:00 sonic cron[768]: (CRON) INFO (Running @reboot jobs)
2025-02-11T02:26:54.207755+00:00 sonic systemd[1]: Starting nvmf-autoconnect.service - Connect NVMe-oF subsystems automatically during boot...
2025-02-11T02:26:54.207781+00:00 sonic systemd[1]: Starting ras-mc-ctl.service - Initialize EDAC v3.0.0 Drivers For Machine Hardware...
2025-02-11T02:26:54.207787+00:00 sonic systemd[1]: Starting rc-local.service - /etc/rc.local Compatibility...
2025-02-11T02:26:54.207825+00:00 sonic systemd[1]: Starting rsyslog.service - System Logging Service...
2025-02-11T02:26:54.207833+00:00 sonic systemd[1]: smartmontools.service - Self Monitoring and Reporting Technology (SMART) Daemon was skipped because of an unmet condition check (ConditionVirtualization=no).
2025-02-11T02:26:54.207844+00:00 sonic rc.local[785]: + cat /etc/sonic/sonic_version.yml
2025-02-11T02:26:54.207873+00:00 sonic rc.local[786]: +
2025-02-11T02:26:54.207879+00:00 sonic systemd[1]: Starting ssh.service - OpenBSD Secure Shell server...
2025-02-11T02:26:54.207885+00:00 sonic rc.local[786]: grep build_version
2025-02-11T02:26:54.207909+00:00 sonic systemd[1]: Starting sysfsutils.service - LSB: Set sysfs variables from /etc/sysfs.conf...
2025-02-11T02:26:54.207914+00:00 sonic rc.local[787]: + sed -e s/build_version: //g;s/'//g
2025-02-11T02:26:54.207922+00:00 sonic systemd[1]: Starting sysstat.service - Resets System Activity Logs...
2025-02-11T02:26:54.207926+00:00 sonic root: SONiC version master.766266-3fe020a9c starting up...
2025-02-11T02:26:54.207929+00:00 sonic rc.local[782]: + SONIC_VERSION=master.766266-3fe020a9c
2025-02-11T02:26:54.207933+00:00 sonic rc.local[782]: + FIRST_BOOT_FILE=/host/image-master.766266-3fe020a9c/platform/firsttime
2025-02-11T02:26:54.207938+00:00 sonic rc.local[782]: + SONIC_CONFIG_DIR=/host/image-master.766266-3fe020a9c/sonic-config
2025-02-11T02:26:54.207942+00:00 sonic rc.local[782]: + SONIC_ENV_FILE=/host/image-master.766266-3fe020a9c/sonic-config/sonic-environment
2025-02-11T02:26:54.207962+00:00 sonic rc.local[782]: + [ -d /host/image-master.766266-3fe020a9c/sonic-config -a -f /host/image-master.766266-3fe020a9c/sonic-config/sonic-environment ]
2025-02-11T02:26:54.207967+00:00 sonic rc.local[782]: + logger SONiC version master.766266-3fe020a9c starting up...
2025-02-11T02:26:54.207971+00:00 sonic rc.local[782]: + grub_installation_needed=
2025-02-11T02:26:54.207974+00:00 sonic rc.local[782]: + [ ! -e /host/machine.conf ]
2025-02-11T02:26:54.207978+00:00 sonic rc.local[782]: + . /host/machine.conf
2025-02-11T02:26:54.207982+00:00 sonic rc.local[782]: + onie_arch=x86_64
2025-02-11T02:26:54.205153+00:00 sonic rc.local[782]: + onie_bin=
2025-02-11T02:26:54.208344+00:00 sonic rc.local[782]: + onie_boot_reason=install
2025-02-11T02:26:54.210150+00:00 sonic kernel: [    0.171880] pci_bus 0000:00: root bus resource [mem 0x80000000-0xafffffff window]
2025-02-11T02:26:54.210150+00:00 sonic kernel: [    0.171880] pci_bus 0000:00: root bus resource [mem 0x80000000-0xafffffff window]
2025-02-11T02:26:54.210191+00:00 sonic kernel: [    0.171882] pci_bus 0000:00: root bus resource [mem 0xc0000000-0xfebfffff window]
2025-02-11T02:26:54.210191+00:00 sonic kernel: [    0.171882] pci_bus 0000:00: root bus resource [mem 0xc0000000-0xfebfffff window]
2025-02-11T02:26:54.210217+00:00 sonic kernel: [    0.171883] pci_bus 0000:00: root bus resource [mem 0x280000000-0xa7fffffff window]
2025-02-11T02:26:54.210217+00:00 sonic kernel: [    0.171883] pci_bus 0000:00: root bus resource [mem 0x280000000-0xa7fffffff window]
2025-02-11T02:26:54.210239+00:00 sonic kernel: [    0.171885] pci_bus 0000:00: root bus resource [bus 00-ff]
2025-02-11T02:26:54.210239+00:00 sonic kernel: [    0.171885] pci_bus 0000:00: root bus resource [bus 00-ff]
2025-02-11T02:26:54.210261+00:00 sonic kernel: [    0.172024] pci 0000:00:00.0: [8086:29c0] type 00 class 0x060000
2025-02-11T02:26:54.210261+00:00 sonic kernel: [    0.172024] pci 0000:00:00.0: [8086:29c0] type 00 class 0x060000
2025-02-11T02:26:54.210282+00:00 sonic kernel: [    0.173562] pci 0000:00:01.0: [1b36:000c] type 01 class 0x060400
2025-02-11T02:26:54.210282+00:00 sonic kernel: [    0.173562] pci 0000:00:01.0: [1b36:000c] type 01 class 0x060400
2025-02-11T02:26:54.210303+00:00 sonic kernel: [    0.178117] pci 0000:00:01.0: reg 0x10: [mem 0xfe200000-0xfe200fff]
2025-02-11T02:26:54.210303+00:00 sonic kernel: [    0.178117] pci 0000:00:01.0: reg 0x10: [mem 0xfe200000-0xfe200fff]
2025-02-11T02:26:54.210324+00:00 sonic kernel: [    0.189531] pci 0000:00:01.1: [1b36:000c] type 01 class 0x060400
2025-02-11T02:26:54.210324+00:00 sonic kernel: [    0.189531] pci 0000:00:01.1: [1b36:000c] type 01 class 0x060400
2025-02-11T02:26:54.210346+00:00 sonic kernel: [    0.192415] pci 0000:00:01.1: reg 0x10: [mem 0xfe201000-0xfe201fff]
2025-02-11T02:26:54.210346+00:00 sonic kernel: [    0.192415] pci 0000:00:01.1: reg 0x10: [mem 0xfe201000-0xfe201fff]
2025-02-11T02:26:54.210367+00:00 sonic kernel: [    0.200489] pci 0000:00:01.2: [1b36:000c] type 01 class 0x060400
2025-02-11T02:26:54.210367+00:00 sonic kernel: [    0.200489] pci 0000:00:01.2: [1b36:000c] type 01 class 0x060400
2025-02-11T02:26:54.210388+00:00 sonic kernel: [    0.201982] pci 0000:00:01.2: reg 0x10: [mem 0xfe202000-0xfe202fff]
2025-02-11T02:26:54.210388+00:00 sonic kernel: [    0.201982] pci 0000:00:01.2: reg 0x10: [mem 0xfe202000-0xfe202fff]
2025-02-11T02:26:54.210409+00:00 sonic kernel: [    0.207712] pci 0000:00:04.0: [1af4:1002] type 00 class 0x00ff00
2025-02-11T02:26:54.210409+00:00 sonic kernel: [    0.207712] pci 0000:00:04.0: [1af4:1002] type 00 class 0x00ff00
2025-02-11T02:26:54.210434+00:00 sonic kernel: [    0.208748] pci 0000:00:04.0: reg 0x10: [io  0xd000-0xd03f]
2025-02-11T02:26:54.210434+00:00 sonic kernel: [    0.208748] pci 0000:00:04.0: reg 0x10: [io  0xd000-0xd03f]
2025-02-11T02:26:54.210467+00:00 sonic kernel: [    0.212311] pci 0000:00:04.0: reg 0x20: [mem 0xfea00000-0xfea03fff 64bit pref]
2025-02-11T02:26:54.210467+00:00 sonic kernel: [    0.212311] pci 0000:00:04.0: reg 0x20: [mem 0xfea00000-0xfea03fff 64bit pref]
2025-02-11T02:26:54.210501+00:00 sonic kernel: [    0.216136] pci 0000:00:1f.0: [8086:2918] type 00 class 0x060100
2025-02-11T02:26:54.210501+00:00 sonic kernel: [    0.216136] pci 0000:00:1f.0: [8086:2918] type 00 class 0x060100
2025-02-11T02:26:54.210533+00:00 sonic kernel: [    0.218269] pci 0000:00:1f.0: quirk: [io  0x0600-0x067f] claimed by ICH6 ACPI/GPIO/TCO
2025-02-11T02:26:54.210533+00:00 sonic kernel: [    0.218269] pci 0000:00:1f.0: quirk: [io  0x0600-0x067f] claimed by ICH6 ACPI/GPIO/TCO
2025-02-11T02:26:54.210564+00:00 sonic kernel: [    0.218953] pci 0000:00:1f.2: [8086:2922] type 00 class 0x010601
2025-02-11T02:26:54.210564+00:00 sonic kernel: [    0.218953] pci 0000:00:1f.2: [8086:2922] type 00 class 0x010601
2025-02-11T02:26:54.210593+00:00 sonic kernel: [    0.223050] pci 0000:00:1f.2: reg 0x20: [io  0xd080-0xd09f]
2025-02-11T02:26:54.210593+00:00 sonic kernel: [    0.223050] pci 0000:00:1f.2: reg 0x20: [io  0xd080-0xd09f]
2025-02-11T02:26:54.210615+00:00 sonic kernel: [    0.224152] pci 0000:00:1f.2: reg 0x24: [mem 0xfe203000-0xfe203fff]
2025-02-11T02:26:54.210615+00:00 sonic kernel: [    0.224152] pci 0000:00:1f.2: reg 0x24: [mem 0xfe203000-0xfe203fff]
2025-02-11T02:26:54.210636+00:00 sonic kernel: [    0.226733] pci 0000:00:1f.3: [8086:2930] type 00 class 0x0c0500
2025-02-11T02:26:54.210636+00:00 sonic kernel: [    0.226733] pci 0000:00:1f.3: [8086:2930] type 00 class 0x0c0500
2025-02-11T02:26:54.210657+00:00 sonic kernel: [    0.230133] pci 0000:00:1f.3: reg 0x20: [io  0x0700-0x073f]
2025-02-11T02:26:54.210657+00:00 sonic kernel: [    0.230133] pci 0000:00:1f.3: reg 0x20: [io  0x0700-0x073f]
2025-02-11T02:26:54.210678+00:00 sonic kernel: [    0.232647] pci 0000:01:00.0: [1b36:000e] type 01 class 0x060400
2025-02-11T02:26:54.210678+00:00 sonic kernel: [    0.232647] pci 0000:01:00.0: [1b36:000e] type 01 class 0x060400
2025-02-11T02:26:54.210699+00:00 sonic kernel: [    0.236734] pci 0000:01:00.0: reg 0x10: [mem 0xfdc00000-0xfdc000ff 64bit]
2025-02-11T02:26:54.210699+00:00 sonic kernel: [    0.236734] pci 0000:01:00.0: reg 0x10: [mem 0xfdc00000-0xfdc000ff 64bit]
2025-02-11T02:26:54.210720+00:00 sonic kernel: [    0.244270] pci 0000:00:01.0: PCI bridge to [bus 01-02]
2025-02-11T02:26:54.210720+00:00 sonic kernel: [    0.244270] pci 0000:00:01.0: PCI bridge to [bus 01-02]
2025-02-11T02:26:54.210741+00:00 sonic kernel: [    0.244325] pci 0000:00:01.0:   bridge window [io  0xc000-0xcfff]
2025-02-11T02:26:54.210741+00:00 sonic kernel: [    0.244325] pci 0000:00:01.0:   bridge window [io  0xc000-0xcfff]
2025-02-11T02:26:54.210763+00:00 sonic kernel: [    0.244377] pci 0000:00:01.0:   bridge window [mem 0xfd600000-0xfddfffff]
2025-02-11T02:26:54.210763+00:00 sonic kernel: [    0.244377] pci 0000:00:01.0:   bridge window [mem 0xfd600000-0xfddfffff]
2025-02-11T02:26:54.210784+00:00 sonic kernel: [    0.244479] pci 0000:00:01.0:   bridge window [mem 0xfe800000-0xfe9fffff 64bit pref]
2025-02-11T02:26:54.210784+00:00 sonic kernel: [    0.244479] pci 0000:00:01.0:   bridge window [mem 0xfe800000-0xfe9fffff 64bit pref]
2025-02-11T02:26:54.210805+00:00 sonic kernel: [    0.245431] pci_bus 0000:02: extended config space not accessible
2025-02-11T02:26:54.210805+00:00 sonic kernel: [    0.245431] pci_bus 0000:02: extended config space not accessible
2025-02-11T02:26:54.210826+00:00 sonic kernel: [    0.245596] acpiphp: Slot [0] registered
2025-02-11T02:26:54.210826+00:00 sonic kernel: [    0.245596] acpiphp: Slot [0] registered
2025-02-11T02:26:54.210848+00:00 sonic kernel: [    0.245632] acpiphp: Slot [1] registered
2025-02-11T02:26:54.210848+00:00 sonic kernel: [    0.245632] acpiphp: Slot [1] registered
2025-02-11T02:26:54.210900+00:00 sonic kernel: [    0.245673] acpiphp: Slot [2] registered
2025-02-11T02:26:54.210900+00:00 sonic kernel: [    0.245673] acpiphp: Slot [2] registered
2025-02-11T02:26:54.210922+00:00 sonic kernel: [    0.245707] acpiphp: Slot [3] registered
2025-02-11T02:26:54.210922+00:00 sonic kernel: [    0.245707] acpiphp: Slot [3] registered
2025-02-11T02:26:54.210943+00:00 sonic kernel: [    0.246064] acpiphp: Slot [4] registered
2025-02-11T02:26:54.210943+00:00 sonic kernel: [    0.246064] acpiphp: Slot [4] registered
2025-02-11T02:26:54.210964+00:00 sonic kernel: [    0.246098] acpiphp: Slot [5] registered
2025-02-11T02:26:54.210964+00:00 sonic kernel: [    0.246098] acpiphp: Slot [5] registered
2025-02-11T02:26:54.210985+00:00 sonic kernel: [    0.246120] acpiphp: Slot [6] registered
2025-02-11T02:26:54.210985+00:00 sonic kernel: [    0.246120] acpiphp: Slot [6] registered
2025-02-11T02:26:54.211007+00:00 sonic kernel: [    0.246154] acpiphp: Slot [7] registered
2025-02-11T02:26:54.211007+00:00 sonic kernel: [    0.246154] acpiphp: Slot [7] registered
2025-02-11T02:26:54.211030+00:00 sonic kernel: [    0.246187] acpiphp: Slot [8] registered
2025-02-11T02:26:54.211030+00:00 sonic kernel: [    0.246187] acpiphp: Slot [8] registered
2025-02-11T02:26:54.211058+00:00 sonic kernel: [    0.246220] acpiphp: Slot [9] registered
2025-02-11T02:26:54.211058+00:00 sonic kernel: [    0.246220] acpiphp: Slot [9] registered
2025-02-11T02:26:54.211080+00:00 sonic kernel: [    0.246252] acpiphp: Slot [10] registered
2025-02-11T02:26:54.211080+00:00 sonic kernel: [    0.246252] acpiphp: Slot [10] registered
2025-02-11T02:26:54.211107+00:00 sonic kernel: [    0.246286] acpiphp: Slot [11] registered
2025-02-11T02:26:54.211107+00:00 sonic kernel: [    0.246286] acpiphp: Slot [11] registered
2025-02-11T02:26:54.211133+00:00 sonic kernel: [    0.246320] acpiphp: Slot [12] registered
2025-02-11T02:26:54.211133+00:00 sonic kernel: [    0.246320] acpiphp: Slot [12] registered
2025-02-11T02:26:54.211155+00:00 sonic kernel: [    0.246353] acpiphp: Slot [13] registered
2025-02-11T02:26:54.211155+00:00 sonic kernel: [    0.246353] acpiphp: Slot [13] registered
2025-02-11T02:26:54.211176+00:00 sonic kernel: [    0.246385] acpiphp: Slot [14] registered
2025-02-11T02:26:54.211176+00:00 sonic kernel: [    0.246385] acpiphp: Slot [14] registered
2025-02-11T02:26:54.211197+00:00 sonic kernel: [    0.246418] acpiphp: Slot [15] registered
2025-02-11T02:26:54.211197+00:00 sonic kernel: [    0.246418] acpiphp: Slot [15] registered
2025-02-11T02:26:54.211218+00:00 sonic kernel: [    0.246451] acpiphp: Slot [16] registered
2025-02-11T02:26:54.211218+00:00 sonic kernel: [    0.246451] acpiphp: Slot [16] registered
2025-02-11T02:26:54.211239+00:00 sonic kernel: [    0.246485] acpiphp: Slot [17] registered
2025-02-11T02:26:54.211239+00:00 sonic kernel: [    0.246485] acpiphp: Slot [17] registered
2025-02-11T02:26:54.211261+00:00 sonic kernel: [    0.246518] acpiphp: Slot [18] registered
2025-02-11T02:26:54.211261+00:00 sonic kernel: [    0.246518] acpiphp: Slot [18] registered
2025-02-11T02:26:54.211282+00:00 sonic kernel: [    0.246551] acpiphp: Slot [19] registered
2025-02-11T02:26:54.211282+00:00 sonic kernel: [    0.246551] acpiphp: Slot [19] registered
2025-02-11T02:26:54.211303+00:00 sonic kernel: [    0.246583] acpiphp: Slot [20] registered
2025-02-11T02:26:54.211303+00:00 sonic kernel: [    0.246583] acpiphp: Slot [20] registered
2025-02-11T02:26:54.211324+00:00 sonic kernel: [    0.246637] acpiphp: Slot [21] registered
2025-02-11T02:26:54.211324+00:00 sonic kernel: [    0.246637] acpiphp: Slot [21] registered
2025-02-11T02:26:54.211346+00:00 sonic kernel: [    0.246672] acpiphp: Slot [22] registered
2025-02-11T02:26:54.211346+00:00 sonic kernel: [    0.246672] acpiphp: Slot [22] registered
2025-02-11T02:26:54.211367+00:00 sonic kernel: [    0.246705] acpiphp: Slot [23] registered
2025-02-11T02:26:54.211367+00:00 sonic kernel: [    0.246705] acpiphp: Slot [23] registered
2025-02-11T02:26:54.211388+00:00 sonic kernel: [    0.246739] acpiphp: Slot [24] registered
2025-02-11T02:26:54.211388+00:00 sonic kernel: [    0.246739] acpiphp: Slot [24] registered
2025-02-11T02:26:54.211409+00:00 sonic kernel: [    0.246772] acpiphp: Slot [25] registered
2025-02-11T02:26:54.211409+00:00 sonic kernel: [    0.246772] acpiphp: Slot [25] registered
2025-02-11T02:26:54.211430+00:00 sonic kernel: [    0.246804] acpiphp: Slot [26] registered
2025-02-11T02:26:54.211430+00:00 sonic kernel: [    0.246804] acpiphp: Slot [26] registered
2025-02-11T02:26:54.211452+00:00 sonic kernel: [    0.246837] acpiphp: Slot [27] registered
2025-02-11T02:26:54.211452+00:00 sonic kernel: [    0.246837] acpiphp: Slot [27] registered
2025-02-11T02:26:54.211473+00:00 sonic kernel: [    0.246870] acpiphp: Slot [28] registered
2025-02-11T02:26:54.211473+00:00 sonic kernel: [    0.246870] acpiphp: Slot [28] registered
2025-02-11T02:26:54.211494+00:00 sonic kernel: [    0.246903] acpiphp: Slot [29] registered
2025-02-11T02:26:54.211494+00:00 sonic kernel: [    0.246903] acpiphp: Slot [29] registered
2025-02-11T02:26:54.211515+00:00 sonic kernel: [    0.246937] acpiphp: Slot [30] registered
2025-02-11T02:26:54.211515+00:00 sonic kernel: [    0.246937] acpiphp: Slot [30] registered
2025-02-11T02:26:54.211539+00:00 sonic kernel: [    0.246970] acpiphp: Slot [31] registered
2025-02-11T02:26:54.211539+00:00 sonic kernel: [    0.246970] acpiphp: Slot [31] registered
2025-02-11T02:26:54.211561+00:00 sonic kernel: [    0.247135] pci 0000:02:01.0: [8086:100e] type 00 class 0x020000
2025-02-11T02:26:54.211561+00:00 sonic kernel: [    0.247135] pci 0000:02:01.0: [8086:100e] type 00 class 0x020000
2025-02-11T02:26:54.211582+00:00 sonic kernel: [    0.248648] pci 0000:02:01.0: reg 0x10: [mem 0xfda80000-0xfda9ffff]
2025-02-11T02:26:54.211582+00:00 sonic kernel: [    0.248648] pci 0000:02:01.0: reg 0x10: [mem 0xfda80000-0xfda9ffff]
2025-02-11T02:26:54.211612+00:00 sonic kernel: [    0.249918] pci 0000:02:01.0: reg 0x14: [io  0xc000-0xc03f]
2025-02-11T02:26:54.211612+00:00 sonic kernel: [    0.249918] pci 0000:02:01.0: reg 0x14: [io  0xc000-0xc03f]
2025-02-11T02:26:54.211647+00:00 sonic kernel: [    0.255418] pci 0000:02:01.0: reg 0x30: [mem 0xfd600000-0xfd67ffff pref]
2025-02-11T02:26:54.211647+00:00 sonic kernel: [    0.255418] pci 0000:02:01.0: reg 0x30: [mem 0xfd600000-0xfd67ffff pref]
2025-02-11T02:26:54.211681+00:00 sonic kernel: [    0.257164] pci 0000:02:02.0: [8086:100e] type 00 class 0x020000
2025-02-11T02:26:54.211681+00:00 sonic kernel: [    0.257164] pci 0000:02:02.0: [8086:100e] type 00 class 0x020000
2025-02-11T02:26:54.211714+00:00 sonic kernel: [    0.258114] pci 0000:02:02.0: reg 0x10: [mem 0xfdaa0000-0xfdabffff]
2025-02-11T02:26:54.211714+00:00 sonic kernel: [    0.258114] pci 0000:02:02.0: reg 0x10: [mem 0xfdaa0000-0xfdabffff]
2025-02-11T02:26:54.211735+00:00 sonic kernel: [    0.259371] pci 0000:02:02.0: reg 0x14: [io  0xc040-0xc07f]
2025-02-11T02:26:54.211735+00:00 sonic kernel: [    0.259371] pci 0000:02:02.0: reg 0x14: [io  0xc040-0xc07f]
2025-02-11T02:26:54.211757+00:00 sonic kernel: [    0.265303] pci 0000:02:02.0: reg 0x30: [mem 0xfd680000-0xfd6fffff pref]
2025-02-11T02:26:54.211757+00:00 sonic kernel: [    0.265303] pci 0000:02:02.0: reg 0x30: [mem 0xfd680000-0xfd6fffff pref]
2025-02-11T02:26:54.211778+00:00 sonic kernel: [    0.266642] pci 0000:02:03.0: [8086:100e] type 00 class 0x020000
2025-02-11T02:26:54.211778+00:00 sonic kernel: [    0.266642] pci 0000:02:03.0: [8086:100e] type 00 class 0x020000
2025-02-11T02:26:54.211800+00:00 sonic kernel: [    0.268116] pci 0000:02:03.0: reg 0x10: [mem 0xfdac0000-0xfdadffff]
2025-02-11T02:26:54.211800+00:00 sonic kernel: [    0.268116] pci 0000:02:03.0: reg 0x10: [mem 0xfdac0000-0xfdadffff]
2025-02-11T02:26:54.211821+00:00 sonic kernel: [    0.269344] pci 0000:02:03.0: reg 0x14: [io  0xc080-0xc0bf]
2025-02-11T02:26:54.211821+00:00 sonic kernel: [    0.269344] pci 0000:02:03.0: reg 0x14: [io  0xc080-0xc0bf]
2025-02-11T02:26:54.211842+00:00 sonic kernel: [    0.275740] pci 0000:02:03.0: reg 0x30: [mem 0xfd700000-0xfd77ffff pref]
2025-02-11T02:26:54.211842+00:00 sonic kernel: [    0.275740] pci 0000:02:03.0: reg 0x30: [mem 0xfd700000-0xfd77ffff pref]
2025-02-11T02:26:54.211886+00:00 sonic kernel: [    0.277563] pci 0000:02:04.0: [8086:100e] type 00 class 0x020000
2025-02-11T02:26:54.211886+00:00 sonic kernel: [    0.277563] pci 0000:02:04.0: [8086:100e] type 00 class 0x020000
2025-02-11T02:26:54.211908+00:00 sonic kernel: [    0.278780] pci 0000:02:04.0: reg 0x10: [mem 0xfdae0000-0xfdafffff]
2025-02-11T02:26:54.211908+00:00 sonic kernel: [    0.278780] pci 0000:02:04.0: reg 0x10: [mem 0xfdae0000-0xfdafffff]
2025-02-11T02:26:54.211930+00:00 sonic kernel: [    0.280015] pci 0000:02:04.0: reg 0x14: [io  0xc0c0-0xc0ff]
2025-02-11T02:26:54.211930+00:00 sonic kernel: [    0.280015] pci 0000:02:04.0: reg 0x14: [io  0xc0c0-0xc0ff]
2025-02-11T02:26:54.211951+00:00 sonic kernel: [    0.285834] pci 0000:02:04.0: reg 0x30: [mem 0xfd780000-0xfd7fffff pref]
2025-02-11T02:26:54.211951+00:00 sonic kernel: [    0.285834] pci 0000:02:04.0: reg 0x30: [mem 0xfd780000-0xfd7fffff pref]
2025-02-11T02:26:54.211992+00:00 sonic kernel: [    0.286826] pci 0000:02:05.0: [8086:100e] type 00 class 0x020000
2025-02-11T02:26:54.211992+00:00 sonic kernel: [    0.286826] pci 0000:02:05.0: [8086:100e] type 00 class 0x020000
2025-02-11T02:26:54.212022+00:00 sonic kernel: [    0.288271] pci 0000:02:05.0: reg 0x10: [mem 0xfdb00000-0xfdb1ffff]
2025-02-11T02:26:54.212022+00:00 sonic kernel: [    0.288271] pci 0000:02:05.0: reg 0x10: [mem 0xfdb00000-0xfdb1ffff]
2025-02-11T02:26:54.212044+00:00 sonic kernel: [    0.289491] pci 0000:02:05.0: reg 0x14: [io  0xc100-0xc13f]
2025-02-11T02:26:54.212044+00:00 sonic kernel: [    0.289491] pci 0000:02:05.0: reg 0x14: [io  0xc100-0xc13f]
2025-02-11T02:26:54.212066+00:00 sonic kernel: [    0.295388] pci 0000:02:05.0: reg 0x30: [mem 0xfd800000-0xfd87ffff pref]
2025-02-11T02:26:54.212066+00:00 sonic kernel: [    0.295388] pci 0000:02:05.0: reg 0x30: [mem 0xfd800000-0xfd87ffff pref]
2025-02-11T02:26:54.212087+00:00 sonic kernel: [    0.296896] pci 0000:02:06.0: [8086:100e] type 00 class 0x020000
2025-02-11T02:26:54.212087+00:00 sonic kernel: [    0.296896] pci 0000:02:06.0: [8086:100e] type 00 class 0x020000
2025-02-11T02:26:54.212108+00:00 sonic kernel: [    0.298113] pci 0000:02:06.0: reg 0x10: [mem 0xfdb20000-0xfdb3ffff]
2025-02-11T02:26:54.212108+00:00 sonic kernel: [    0.298113] pci 0000:02:06.0: reg 0x10: [mem 0xfdb20000-0xfdb3ffff]
2025-02-11T02:26:54.212129+00:00 sonic kernel: [    0.299322] pci 0000:02:06.0: reg 0x14: [io  0xc140-0xc17f]
2025-02-11T02:26:54.212129+00:00 sonic kernel: [    0.299322] pci 0000:02:06.0: reg 0x14: [io  0xc140-0xc17f]
2025-02-11T02:26:54.212151+00:00 sonic kernel: [    0.305277] pci 0000:02:06.0: reg 0x30: [mem 0xfd880000-0xfd8fffff pref]
2025-02-11T02:26:54.212151+00:00 sonic kernel: [    0.305277] pci 0000:02:06.0: reg 0x30: [mem 0xfd880000-0xfd8fffff pref]
2025-02-11T02:26:54.212172+00:00 sonic kernel: [    0.306217] pci 0000:02:07.0: [8086:100e] type 00 class 0x020000
2025-02-11T02:26:54.212172+00:00 sonic kernel: [    0.306217] pci 0000:02:07.0: [8086:100e] type 00 class 0x020000
2025-02-11T02:26:54.212193+00:00 sonic kernel: [    0.307646] pci 0000:02:07.0: reg 0x10: [mem 0xfdb40000-0xfdb5ffff]
2025-02-11T02:26:54.212193+00:00 sonic kernel: [    0.307646] pci 0000:02:07.0: reg 0x10: [mem 0xfdb40000-0xfdb5ffff]
2025-02-11T02:26:54.212215+00:00 sonic kernel: [    0.308844] pci 0000:02:07.0: reg 0x14: [io  0xc180-0xc1bf]
2025-02-11T02:26:54.212215+00:00 sonic kernel: [    0.308844] pci 0000:02:07.0: reg 0x14: [io  0xc180-0xc1bf]
2025-02-11T02:26:54.212236+00:00 sonic kernel: [    0.314114] pci 0000:02:07.0: reg 0x30: [mem 0xfd900000-0xfd97ffff pref]
2025-02-11T02:26:54.212236+00:00 sonic kernel: [    0.314114] pci 0000:02:07.0: reg 0x30: [mem 0xfd900000-0xfd97ffff pref]
2025-02-11T02:26:54.212257+00:00 sonic kernel: [    0.314966] pci 0000:02:08.0: [8086:100e] type 00 class 0x020000
2025-02-11T02:26:54.212257+00:00 sonic kernel: [    0.314966] pci 0000:02:08.0: [8086:100e] type 00 class 0x020000
2025-02-11T02:26:54.212322+00:00 sonic kernel: [    0.317890] pci 0000:02:08.0: reg 0x10: [mem 0xfdb60000-0xfdb7ffff]
2025-02-11T02:26:54.212322+00:00 sonic kernel: [    0.317890] pci 0000:02:08.0: reg 0x10: [mem 0xfdb60000-0xfdb7ffff]
2025-02-11T02:26:54.212345+00:00 sonic kernel: [    0.318739] pci 0000:02:08.0: reg 0x14: [io  0xc1c0-0xc1ff]
2025-02-11T02:26:54.212345+00:00 sonic kernel: [    0.318739] pci 0000:02:08.0: reg 0x14: [io  0xc1c0-0xc1ff]
2025-02-11T02:26:54.212366+00:00 sonic kernel: [    0.324536] pci 0000:02:08.0: reg 0x30: [mem 0xfd980000-0xfd9fffff pref]
2025-02-11T02:26:54.212366+00:00 sonic kernel: [    0.324536] pci 0000:02:08.0: reg 0x30: [mem 0xfd980000-0xfd9fffff pref]
2025-02-11T02:26:54.212387+00:00 sonic kernel: [    0.325407] pci 0000:02:09.0: [8086:100e] type 00 class 0x020000
2025-02-11T02:26:54.212387+00:00 sonic kernel: [    0.325407] pci 0000:02:09.0: [8086:100e] type 00 class 0x020000
2025-02-11T02:26:54.212408+00:00 sonic kernel: [    0.327322] pci 0000:02:09.0: reg 0x10: [mem 0xfdb80000-0xfdb9ffff]
2025-02-11T02:26:54.212408+00:00 sonic kernel: [    0.327322] pci 0000:02:09.0: reg 0x10: [mem 0xfdb80000-0xfdb9ffff]
2025-02-11T02:26:54.212432+00:00 sonic kernel: [    0.328561] pci 0000:02:09.0: reg 0x14: [io  0xc200-0xc23f]
2025-02-11T02:26:54.212432+00:00 sonic kernel: [    0.328561] pci 0000:02:09.0: reg 0x14: [io  0xc200-0xc23f]
2025-02-11T02:26:54.212454+00:00 sonic kernel: [    0.334114] pci 0000:02:09.0: reg 0x30: [mem 0xfda00000-0xfda7ffff pref]
2025-02-11T02:26:54.212454+00:00 sonic kernel: [    0.334114] pci 0000:02:09.0: reg 0x30: [mem 0xfda00000-0xfda7ffff pref]
2025-02-11T02:26:54.212475+00:00 sonic kernel: [    0.335027] pci 0000:02:0a.0: [8086:7020] type 00 class 0x0c0300
2025-02-11T02:26:54.212475+00:00 sonic kernel: [    0.335027] pci 0000:02:0a.0: [8086:7020] type 00 class 0x0c0300
2025-02-11T02:26:54.212497+00:00 sonic kernel: [    0.338401] pci 0000:02:0a.0: reg 0x20: [io  0xc240-0xc25f]
2025-02-11T02:26:54.212497+00:00 sonic kernel: [    0.338401] pci 0000:02:0a.0: reg 0x20: [io  0xc240-0xc25f]
2025-02-11T02:26:54.212518+00:00 sonic kernel: [    0.340209] pci 0000:02:0b.0: [8086:25ab] type 00 class 0x088000
2025-02-11T02:26:54.212518+00:00 sonic kernel: [    0.340209] pci 0000:02:0b.0: [8086:25ab] type 00 class 0x088000
2025-02-11T02:26:54.212539+00:00 sonic kernel: [    0.340856] pci 0000:02:0b.0: reg 0x10: [mem 0xfdba0000-0xfdba000f]
2025-02-11T02:26:54.212539+00:00 sonic kernel: [    0.340856] pci 0000:02:0b.0: reg 0x10: [mem 0xfdba0000-0xfdba000f]
2025-02-11T02:26:54.212560+00:00 sonic kernel: [    0.344906] pci 0000:01:00.0: PCI bridge to [bus 02]
2025-02-11T02:26:54.212560+00:00 sonic kernel: [    0.344906] pci 0000:01:00.0: PCI bridge to [bus 02]
2025-02-11T02:26:54.212582+00:00 sonic kernel: [    0.344959] pci 0000:01:00.0:   bridge window [io  0xc000-0xcfff]
2025-02-11T02:26:54.212582+00:00 sonic kernel: [    0.344959] pci 0000:01:00.0:   bridge window [io  0xc000-0xcfff]
2025-02-11T02:26:54.212606+00:00 sonic kernel: [    0.345010] pci 0000:01:00.0:   bridge window [mem 0xfd600000-0xfdbfffff]
2025-02-11T02:26:54.212606+00:00 sonic kernel: [    0.345010] pci 0000:01:00.0:   bridge window [mem 0xfd600000-0xfdbfffff]
2025-02-11T02:26:54.212628+00:00 sonic kernel: [    0.347849] acpiphp: Slot [0-2] registered
2025-02-11T02:26:54.212628+00:00 sonic kernel: [    0.347849] acpiphp: Slot [0-2] registered
2025-02-11T02:26:54.212650+00:00 sonic kernel: [    0.348350] pci 0000:03:00.0: [1af4:1042] type 00 class 0x010000
2025-02-11T02:26:54.212650+00:00 sonic kernel: [    0.348350] pci 0000:03:00.0: [1af4:1042] type 00 class 0x010000
2025-02-11T02:26:54.212672+00:00 sonic kernel: [    0.351938] pci 0000:03:00.0: reg 0x14: [mem 0xfe000000-0xfe000fff]
2025-02-11T02:26:54.212672+00:00 sonic kernel: [    0.351938] pci 0000:03:00.0: reg 0x14: [mem 0xfe000000-0xfe000fff]
2025-02-11T02:26:54.212693+00:00 sonic kernel: [    0.356990] pci 0000:03:00.0: reg 0x20: [mem 0xfe600000-0xfe603fff 64bit pref]
2025-02-11T02:26:54.212693+00:00 sonic kernel: [    0.356990] pci 0000:03:00.0: reg 0x20: [mem 0xfe600000-0xfe603fff 64bit pref]
2025-02-11T02:26:54.212715+00:00 sonic kernel: [    0.362736] pci 0000:00:01.1: PCI bridge to [bus 03]
2025-02-11T02:26:54.212715+00:00 sonic kernel: [    0.362736] pci 0000:00:01.1: PCI bridge to [bus 03]
2025-02-11T02:26:54.212744+00:00 sonic kernel: [    0.362839] pci 0000:00:01.1:   bridge window [mem 0xfe000000-0xfe1fffff]
2025-02-11T02:26:54.212744+00:00 sonic kernel: [    0.362839] pci 0000:00:01.1:   bridge window [mem 0xfe000000-0xfe1fffff]
2025-02-11T02:26:54.212778+00:00 sonic kernel: [    0.362939] pci 0000:00:01.1:   bridge window [mem 0xfe600000-0xfe7fffff 64bit pref]
2025-02-11T02:26:54.212778+00:00 sonic kernel: [    0.362939] pci 0000:00:01.1:   bridge window [mem 0xfe600000-0xfe7fffff 64bit pref]
2025-02-11T02:26:54.212812+00:00 sonic kernel: [    0.363984] acpiphp: Slot [0-3] registered
2025-02-11T02:26:54.212812+00:00 sonic kernel: [    0.363984] acpiphp: Slot [0-3] registered
2025-02-11T02:26:54.212841+00:00 sonic kernel: [    0.364039] pci 0000:00:01.2: PCI bridge to [bus 04]
2025-02-11T02:26:54.212841+00:00 sonic kernel: [    0.364039] pci 0000:00:01.2: PCI bridge to [bus 04]
2025-02-11T02:26:54.212893+00:00 sonic kernel: [    0.364140] pci 0000:00:01.2:   bridge window [mem 0xfde00000-0xfdffffff]
2025-02-11T02:26:54.212893+00:00 sonic kernel: [    0.364140] pci 0000:00:01.2:   bridge window [mem 0xfde00000-0xfdffffff]
2025-02-11T02:26:54.212915+00:00 sonic kernel: [    0.364241] pci 0000:00:01.2:   bridge window [mem 0xfe400000-0xfe5fffff 64bit pref]
2025-02-11T02:26:54.212915+00:00 sonic kernel: [    0.364241] pci 0000:00:01.2:   bridge window [mem 0xfe400000-0xfe5fffff 64bit pref]
2025-02-11T02:26:54.212937+00:00 sonic kernel: [    0.366410] ACPI: PCI: Interrupt link LNKA configured for IRQ 10
2025-02-11T02:26:54.212937+00:00 sonic kernel: [    0.366410] ACPI: PCI: Interrupt link LNKA configured for IRQ 10
2025-02-11T02:26:54.212958+00:00 sonic kernel: [    0.366551] ACPI: PCI: Interrupt link LNKB configured for IRQ 10
2025-02-11T02:26:54.212958+00:00 sonic kernel: [    0.366551] ACPI: PCI: Interrupt link LNKB configured for IRQ 10
2025-02-11T02:26:54.212979+00:00 sonic kernel: [    0.366686] ACPI: PCI: Interrupt link LNKC configured for IRQ 11
2025-02-11T02:26:54.212979+00:00 sonic kernel: [    0.366686] ACPI: PCI: Interrupt link LNKC configured for IRQ 11
2025-02-11T02:26:54.213001+00:00 sonic kernel: [    0.366819] ACPI: PCI: Interrupt link LNKD configured for IRQ 11
2025-02-11T02:26:54.213001+00:00 sonic kernel: [    0.366819] ACPI: PCI: Interrupt link LNKD configured for IRQ 11
2025-02-11T02:26:54.213022+00:00 sonic kernel: [    0.366953] ACPI: PCI: Interrupt link LNKE configured for IRQ 10
2025-02-11T02:26:54.213022+00:00 sonic kernel: [    0.366953] ACPI: PCI: Interrupt link LNKE configured for IRQ 10
2025-02-11T02:26:54.213043+00:00 sonic kernel: [    0.367087] ACPI: PCI: Interrupt link LNKF configured for IRQ 10
2025-02-11T02:26:54.213043+00:00 sonic kernel: [    0.367087] ACPI: PCI: Interrupt link LNKF configured for IRQ 10
2025-02-11T02:26:54.213064+00:00 sonic kernel: [    0.367223] ACPI: PCI: Interrupt link LNKG configured for IRQ 11
2025-02-11T02:26:54.213064+00:00 sonic kernel: [    0.367223] ACPI: PCI: Interrupt link LNKG configured for IRQ 11
2025-02-11T02:26:54.213086+00:00 sonic kernel: [    0.367766] ACPI: PCI: Interrupt link LNKH configured for IRQ 11
2025-02-11T02:26:54.213086+00:00 sonic kernel: [    0.367766] ACPI: PCI: Interrupt link LNKH configured for IRQ 11
2025-02-11T02:26:54.213107+00:00 sonic kernel: [    0.367830] ACPI: PCI: Interrupt link GSIA configured for IRQ 16
2025-02-11T02:26:54.213107+00:00 sonic kernel: [    0.367830] ACPI: PCI: Interrupt link GSIA configured for IRQ 16
2025-02-11T02:26:54.213128+00:00 sonic kernel: [    0.367836] ACPI: PCI: Interrupt link GSIB configured for IRQ 17
2025-02-11T02:26:54.213128+00:00 sonic kernel: [    0.367836] ACPI: PCI: Interrupt link GSIB configured for IRQ 17
2025-02-11T02:26:54.213149+00:00 sonic kernel: [    0.367842] ACPI: PCI: Interrupt link GSIC configured for IRQ 18
2025-02-11T02:26:54.213149+00:00 sonic kernel: [    0.367842] ACPI: PCI: Interrupt link GSIC configured for IRQ 18
2025-02-11T02:26:54.213171+00:00 sonic kernel: [    0.367847] ACPI: PCI: Interrupt link GSID configured for IRQ 19
2025-02-11T02:26:54.213171+00:00 sonic kernel: [    0.367847] ACPI: PCI: Interrupt link GSID configured for IRQ 19
2025-02-11T02:26:54.213192+00:00 sonic kernel: [    0.367853] ACPI: PCI: Interrupt link GSIE configured for IRQ 20
2025-02-11T02:26:54.213192+00:00 sonic kernel: [    0.367853] ACPI: PCI: Interrupt link GSIE configured for IRQ 20
2025-02-11T02:26:54.213213+00:00 sonic kernel: [    0.367859] ACPI: PCI: Interrupt link GSIF configured for IRQ 21
2025-02-11T02:26:54.213213+00:00 sonic kernel: [    0.367859] ACPI: PCI: Interrupt link GSIF configured for IRQ 21
2025-02-11T02:26:54.213234+00:00 sonic kernel: [    0.367864] ACPI: PCI: Interrupt link GSIG configured for IRQ 22
2025-02-11T02:26:54.213234+00:00 sonic kernel: [    0.367864] ACPI: PCI: Interrupt link GSIG configured for IRQ 22
2025-02-11T02:26:54.213260+00:00 sonic kernel: [    0.367870] ACPI: PCI: Interrupt link GSIH configured for IRQ 23
2025-02-11T02:26:54.213260+00:00 sonic kernel: [    0.367870] ACPI: PCI: Interrupt link GSIH configured for IRQ 23
2025-02-11T02:26:54.213284+00:00 sonic kernel: [    0.368507] iommu: Default domain type: Translated 
2025-02-11T02:26:54.213284+00:00 sonic kernel: [    0.368507] iommu: Default domain type: Translated 
2025-02-11T02:26:54.213305+00:00 sonic kernel: [    0.368507] iommu: DMA domain TLB invalidation policy: lazy mode 
2025-02-11T02:26:54.213305+00:00 sonic kernel: [    0.368507] iommu: DMA domain TLB invalidation policy: lazy mode 
2025-02-11T02:26:54.213327+00:00 sonic kernel: [    0.368507] pps_core: LinuxPPS API ver. 1 registered
2025-02-11T02:26:54.213327+00:00 sonic kernel: [    0.368507] pps_core: LinuxPPS API ver. 1 registered
2025-02-11T02:26:54.213348+00:00 sonic kernel: [    0.368507] pps_core: Software ver. 5.3.6 - Copyright 2005-2007 Rodolfo Giometti <giometti@linux.it>
2025-02-11T02:26:54.213348+00:00 sonic kernel: [    0.368507] pps_core: Software ver. 5.3.6 - Copyright 2005-2007 Rodolfo Giometti <giometti@linux.it>
2025-02-11T02:26:54.213370+00:00 sonic kernel: [    0.368507] PTP clock support registered
2025-02-11T02:26:54.213370+00:00 sonic kernel: [    0.368507] PTP clock support registered
2025-02-11T02:26:54.213392+00:00 sonic kernel: [    0.368507] EDAC MC: Ver: 3.0.0
2025-02-11T02:26:54.213392+00:00 sonic kernel: [    0.368507] EDAC MC: Ver: 3.0.0
2025-02-11T02:26:54.213413+00:00 sonic kernel: [    0.370246] NetLabel: Initializing
2025-02-11T02:26:54.213413+00:00 sonic kernel: [    0.370246] NetLabel: Initializing
2025-02-11T02:26:54.213435+00:00 sonic kernel: [    0.370247] NetLabel:  domain hash size = 128
2025-02-11T02:26:54.213435+00:00 sonic kernel: [    0.370247] NetLabel:  domain hash size = 128
2025-02-11T02:26:54.213456+00:00 sonic kernel: [    0.370248] NetLabel:  protocols = UNLABELED CIPSOv4 CALIPSO
2025-02-11T02:26:54.213456+00:00 sonic kernel: [    0.370248] NetLabel:  protocols = UNLABELED CIPSOv4 CALIPSO
2025-02-11T02:26:54.212332+00:00 sonic rc.local[782]: + onie_build_date=2021-08-27T10:33-07:00
2025-02-11T02:26:54.212332+00:00 sonic rc.local[782]: + onie_build_date=2021-08-27T10:33-07:00
2025-02-11T02:26:54.213650+00:00 sonic kernel: [    0.370263] NetLabel:  unlabeled traffic allowed by default
2025-02-11T02:26:54.213650+00:00 sonic kernel: [    0.370263] NetLabel:  unlabeled traffic allowed by default
2025-02-11T02:26:54.213673+00:00 sonic kernel: [    0.370265] mctp: management component transport protocol core
2025-02-11T02:26:54.213673+00:00 sonic kernel: [    0.370265] mctp: management component transport protocol core
2025-02-11T02:26:54.213694+00:00 sonic kernel: [    0.370266] NET: Registered PF_MCTP protocol family
2025-02-11T02:26:54.213694+00:00 sonic kernel: [    0.370266] NET: Registered PF_MCTP protocol family
2025-02-11T02:26:54.213716+00:00 sonic kernel: [    0.370270] PCI: Using ACPI for IRQ routing
2025-02-11T02:26:54.213716+00:00 sonic kernel: [    0.370270] PCI: Using ACPI for IRQ routing
2025-02-11T02:26:54.213737+00:00 sonic kernel: [    0.567817] PCI: pci_cache_line_size set to 64 bytes
2025-02-11T02:26:54.213737+00:00 sonic kernel: [    0.567817] PCI: pci_cache_line_size set to 64 bytes
2025-02-11T02:26:54.213759+00:00 sonic kernel: [    0.568885] e820: reserve RAM buffer [mem 0x0009fc00-0x0009ffff]
2025-02-11T02:26:54.213759+00:00 sonic kernel: [    0.568885] e820: reserve RAM buffer [mem 0x0009fc00-0x0009ffff]
2025-02-11T02:26:54.213786+00:00 sonic kernel: [    0.568892] e820: reserve RAM buffer [mem 0x7ffdb000-0x7fffffff]
2025-02-11T02:26:54.213786+00:00 sonic kernel: [    0.568892] e820: reserve RAM buffer [mem 0x7ffdb000-0x7fffffff]
2025-02-11T02:26:54.213808+00:00 sonic kernel: [    0.568894] e820: reserve RAM buffer [mem 0x25ce00000-0x25fffffff]
2025-02-11T02:26:54.213808+00:00 sonic kernel: [    0.568894] e820: reserve RAM buffer [mem 0x25ce00000-0x25fffffff]
2025-02-11T02:26:54.213829+00:00 sonic kernel: [    0.568944] vgaarb: loaded
2025-02-11T02:26:54.213829+00:00 sonic kernel: [    0.568944] vgaarb: loaded
2025-02-11T02:26:54.213870+00:00 sonic kernel: [    0.568944] hpet0: at MMIO 0xfed00000, IRQs 2, 8, 0
2025-02-11T02:26:54.213870+00:00 sonic kernel: [    0.568944] hpet0: at MMIO 0xfed00000, IRQs 2, 8, 0
2025-02-11T02:26:54.213911+00:00 sonic kernel: [    0.568944] hpet0: 3 comparators, 64-bit 100.000000 MHz counter
2025-02-11T02:26:54.213911+00:00 sonic kernel: [    0.568944] hpet0: 3 comparators, 64-bit 100.000000 MHz counter
2025-02-11T02:26:54.213949+00:00 sonic kernel: [    0.573632] clocksource: Switched to clocksource kvm-clock
2025-02-11T02:26:54.213949+00:00 sonic kernel: [    0.573632] clocksource: Switched to clocksource kvm-clock
2025-02-11T02:26:54.213981+00:00 sonic kernel: [    0.573632] VFS: Disk quotas dquot_6.6.0
2025-02-11T02:26:54.213981+00:00 sonic kernel: [    0.573632] VFS: Disk quotas dquot_6.6.0
2025-02-11T02:26:54.214011+00:00 sonic kernel: [    0.573632] VFS: Dquot-cache hash table entries: 512 (order 0, 4096 bytes)
2025-02-11T02:26:54.214011+00:00 sonic kernel: [    0.573632] VFS: Dquot-cache hash table entries: 512 (order 0, 4096 bytes)
2025-02-11T02:26:54.214032+00:00 sonic kernel: [    0.573632] AppArmor: AppArmor Filesystem Enabled
2025-02-11T02:26:54.214032+00:00 sonic kernel: [    0.573632] AppArmor: AppArmor Filesystem Enabled
2025-02-11T02:26:54.214054+00:00 sonic kernel: [    0.573632] pnp: PnP ACPI init
2025-02-11T02:26:54.214054+00:00 sonic kernel: [    0.573632] pnp: PnP ACPI init
2025-02-11T02:26:54.214075+00:00 sonic kernel: [    0.573632] system 00:04: [mem 0xb0000000-0xbfffffff window] has been reserved
2025-02-11T02:26:54.214075+00:00 sonic kernel: [    0.573632] system 00:04: [mem 0xb0000000-0xbfffffff window] has been reserved
2025-02-11T02:26:54.214096+00:00 sonic kernel: [    0.573632] pnp: PnP ACPI: found 5 devices
2025-02-11T02:26:54.214096+00:00 sonic kernel: [    0.573632] pnp: PnP ACPI: found 5 devices
2025-02-11T02:26:54.214117+00:00 sonic kernel: [    0.580005] clocksource: acpi_pm: mask: 0xffffff max_cycles: 0xffffff, max_idle_ns: 2085701024 ns
2025-02-11T02:26:54.214117+00:00 sonic kernel: [    0.580005] clocksource: acpi_pm: mask: 0xffffff max_cycles: 0xffffff, max_idle_ns: 2085701024 ns
2025-02-11T02:26:54.214139+00:00 sonic kernel: [    0.580189] NET: Registered PF_INET protocol family
2025-02-11T02:26:54.214139+00:00 sonic kernel: [    0.580189] NET: Registered PF_INET protocol family
2025-02-11T02:26:54.214160+00:00 sonic kernel: [    0.580312] IP idents hash table entries: 131072 (order: 8, 1048576 bytes, linear)
2025-02-11T02:26:54.214160+00:00 sonic kernel: [    0.580312] IP idents hash table entries: 131072 (order: 8, 1048576 bytes, linear)
2025-02-11T02:26:54.214181+00:00 sonic kernel: [    0.582136] tcp_listen_portaddr_hash hash table entries: 4096 (order: 4, 65536 bytes, linear)
2025-02-11T02:26:54.214181+00:00 sonic kernel: [    0.582136] tcp_listen_portaddr_hash hash table entries: 4096 (order: 4, 65536 bytes, linear)
2025-02-11T02:26:54.214203+00:00 sonic kernel: [    0.582548] Table-perturb hash table entries: 65536 (order: 6, 262144 bytes, linear)
2025-02-11T02:26:54.214203+00:00 sonic kernel: [    0.582548] Table-perturb hash table entries: 65536 (order: 6, 262144 bytes, linear)
2025-02-11T02:26:54.214224+00:00 sonic kernel: [    0.582583] TCP established hash table entries: 65536 (order: 7, 524288 bytes, linear)
2025-02-11T02:26:54.214224+00:00 sonic kernel: [    0.582583] TCP established hash table entries: 65536 (order: 7, 524288 bytes, linear)
2025-02-11T02:26:54.214245+00:00 sonic kernel: [    0.583143] TCP bind hash table entries: 65536 (order: 9, 2097152 bytes, linear)
2025-02-11T02:26:54.214245+00:00 sonic kernel: [    0.583143] TCP bind hash table entries: 65536 (order: 9, 2097152 bytes, linear)
2025-02-11T02:26:54.214266+00:00 sonic kernel: [    0.583299] TCP: Hash tables configured (established 65536 bind 65536)
2025-02-11T02:26:54.214266+00:00 sonic kernel: [    0.583299] TCP: Hash tables configured (established 65536 bind 65536)
2025-02-11T02:26:54.214287+00:00 sonic kernel: [    0.583377] MPTCP token hash table entries: 8192 (order: 5, 196608 bytes, linear)
2025-02-11T02:26:54.214287+00:00 sonic kernel: [    0.583377] MPTCP token hash table entries: 8192 (order: 5, 196608 bytes, linear)
2025-02-11T02:26:54.214314+00:00 sonic kernel: [    0.583429] UDP hash table entries: 4096 (order: 5, 131072 bytes, linear)
2025-02-11T02:26:54.214314+00:00 sonic kernel: [    0.583429] UDP hash table entries: 4096 (order: 5, 131072 bytes, linear)
2025-02-11T02:26:54.214336+00:00 sonic kernel: [    0.583454] UDP-Lite hash table entries: 4096 (order: 5, 131072 bytes, linear)
2025-02-11T02:26:54.214336+00:00 sonic kernel: [    0.583454] UDP-Lite hash table entries: 4096 (order: 5, 131072 bytes, linear)
2025-02-11T02:26:54.214357+00:00 sonic kernel: [    0.583497] NET: Registered PF_UNIX/PF_LOCAL protocol family
2025-02-11T02:26:54.214357+00:00 sonic kernel: [    0.583497] NET: Registered PF_UNIX/PF_LOCAL protocol family
2025-02-11T02:26:54.214378+00:00 sonic kernel: [    0.583507] NET: Registered PF_XDP protocol family
2025-02-11T02:26:54.214378+00:00 sonic kernel: [    0.583507] NET: Registered PF_XDP protocol family
2025-02-11T02:26:54.214400+00:00 sonic kernel: [    0.583519] pci 0000:00:01.1: bridge window [io  0x1000-0x0fff] to [bus 03] add_size 1000
2025-02-11T02:26:54.214400+00:00 sonic kernel: [    0.583519] pci 0000:00:01.1: bridge window [io  0x1000-0x0fff] to [bus 03] add_size 1000
2025-02-11T02:26:54.214421+00:00 sonic kernel: [    0.583523] pci 0000:00:01.2: bridge window [io  0x1000-0x0fff] to [bus 04] add_size 1000
2025-02-11T02:26:54.214421+00:00 sonic kernel: [    0.583523] pci 0000:00:01.2: bridge window [io  0x1000-0x0fff] to [bus 04] add_size 1000
2025-02-11T02:26:54.214442+00:00 sonic kernel: [    0.583528] pci 0000:00:01.1: BAR 13: assigned [io  0x1000-0x1fff]
2025-02-11T02:26:54.214442+00:00 sonic kernel: [    0.583528] pci 0000:00:01.1: BAR 13: assigned [io  0x1000-0x1fff]
2025-02-11T02:26:54.214463+00:00 sonic kernel: [    0.583530] pci 0000:00:01.2: BAR 13: assigned [io  0x2000-0x2fff]
2025-02-11T02:26:54.214463+00:00 sonic kernel: [    0.583530] pci 0000:00:01.2: BAR 13: assigned [io  0x2000-0x2fff]
2025-02-11T02:26:54.214484+00:00 sonic kernel: [    0.583534] pci 0000:01:00.0: PCI bridge to [bus 02]
2025-02-11T02:26:54.214484+00:00 sonic kernel: [    0.583534] pci 0000:01:00.0: PCI bridge to [bus 02]
2025-02-11T02:26:54.214506+00:00 sonic kernel: [    0.583576] pci 0000:01:00.0:   bridge window [io  0xc000-0xcfff]
2025-02-11T02:26:54.214506+00:00 sonic kernel: [    0.583576] pci 0000:01:00.0:   bridge window [io  0xc000-0xcfff]
2025-02-11T02:26:54.214527+00:00 sonic kernel: [    0.584780] pci 0000:01:00.0:   bridge window [mem 0xfd600000-0xfdbfffff]
2025-02-11T02:26:54.214527+00:00 sonic kernel: [    0.584780] pci 0000:01:00.0:   bridge window [mem 0xfd600000-0xfdbfffff]
2025-02-11T02:26:54.214548+00:00 sonic kernel: [    0.586865] pci 0000:00:01.0: PCI bridge to [bus 01-02]
2025-02-11T02:26:54.214548+00:00 sonic kernel: [    0.586865] pci 0000:00:01.0: PCI bridge to [bus 01-02]
2025-02-11T02:26:54.214569+00:00 sonic kernel: [    0.586896] pci 0000:00:01.0:   bridge window [io  0xc000-0xcfff]
2025-02-11T02:26:54.214569+00:00 sonic kernel: [    0.586896] pci 0000:00:01.0:   bridge window [io  0xc000-0xcfff]
2025-02-11T02:26:54.214590+00:00 sonic kernel: [    0.587942] pci 0000:00:01.0:   bridge window [mem 0xfd600000-0xfddfffff]
2025-02-11T02:26:54.214590+00:00 sonic kernel: [    0.587942] pci 0000:00:01.0:   bridge window [mem 0xfd600000-0xfddfffff]
2025-02-11T02:26:54.214611+00:00 sonic kernel: [    0.588634] pci 0000:00:01.0:   bridge window [mem 0xfe800000-0xfe9fffff 64bit pref]
2025-02-11T02:26:54.214611+00:00 sonic kernel: [    0.588634] pci 0000:00:01.0:   bridge window [mem 0xfe800000-0xfe9fffff 64bit pref]
2025-02-11T02:26:54.214633+00:00 sonic kernel: [    0.590032] pci 0000:00:01.1: PCI bridge to [bus 03]
2025-02-11T02:26:54.214633+00:00 sonic kernel: [    0.590032] pci 0000:00:01.1: PCI bridge to [bus 03]
2025-02-11T02:26:54.214654+00:00 sonic kernel: [    0.590062] pci 0000:00:01.1:   bridge window [io  0x1000-0x1fff]
2025-02-11T02:26:54.214654+00:00 sonic kernel: [    0.590062] pci 0000:00:01.1:   bridge window [io  0x1000-0x1fff]
2025-02-11T02:26:54.214680+00:00 sonic kernel: [    0.591100] pci 0000:00:01.1:   bridge window [mem 0xfe000000-0xfe1fffff]
2025-02-11T02:26:54.214680+00:00 sonic kernel: [    0.591100] pci 0000:00:01.1:   bridge window [mem 0xfe000000-0xfe1fffff]
2025-02-11T02:26:54.214704+00:00 sonic kernel: [    0.591792] pci 0000:00:01.1:   bridge window [mem 0xfe600000-0xfe7fffff 64bit pref]
2025-02-11T02:26:54.214704+00:00 sonic kernel: [    0.591792] pci 0000:00:01.1:   bridge window [mem 0xfe600000-0xfe7fffff 64bit pref]
2025-02-11T02:26:54.214725+00:00 sonic kernel: [    0.593198] pci 0000:00:01.2: PCI bridge to [bus 04]
2025-02-11T02:26:54.214725+00:00 sonic kernel: [    0.593198] pci 0000:00:01.2: PCI bridge to [bus 04]
2025-02-11T02:26:54.214747+00:00 sonic kernel: [    0.593229] pci 0000:00:01.2:   bridge window [io  0x2000-0x2fff]
2025-02-11T02:26:54.214747+00:00 sonic kernel: [    0.593229] pci 0000:00:01.2:   bridge window [io  0x2000-0x2fff]
2025-02-11T02:26:54.214768+00:00 sonic kernel: [    0.594322] pci 0000:00:01.2:   bridge window [mem 0xfde00000-0xfdffffff]
2025-02-11T02:26:54.214768+00:00 sonic kernel: [    0.594322] pci 0000:00:01.2:   bridge window [mem 0xfde00000-0xfdffffff]
2025-02-11T02:26:54.214789+00:00 sonic kernel: [    0.595715] pci 0000:00:01.2:   bridge window [mem 0xfe400000-0xfe5fffff 64bit pref]
2025-02-11T02:26:54.214789+00:00 sonic kernel: [    0.595715] pci 0000:00:01.2:   bridge window [mem 0xfe400000-0xfe5fffff 64bit pref]
2025-02-11T02:26:54.214811+00:00 sonic kernel: [    0.596591] pci_bus 0000:00: resource 4 [io  0x0000-0x0cf7 window]
2025-02-11T02:26:54.214811+00:00 sonic kernel: [    0.596591] pci_bus 0000:00: resource 4 [io  0x0000-0x0cf7 window]
2025-02-11T02:26:54.214832+00:00 sonic kernel: [    0.596595] pci_bus 0000:00: resource 5 [io  0x0d00-0xffff window]
2025-02-11T02:26:54.214832+00:00 sonic kernel: [    0.596595] pci_bus 0000:00: resource 5 [io  0x0d00-0xffff window]
2025-02-11T02:26:54.214874+00:00 sonic kernel: [    0.596597] pci_bus 0000:00: resource 6 [mem 0x000a0000-0x000bffff window]
2025-02-11T02:26:54.214874+00:00 sonic kernel: [    0.596597] pci_bus 0000:00: resource 6 [mem 0x000a0000-0x000bffff window]
2025-02-11T02:26:54.214896+00:00 sonic kernel: [    0.596598] pci_bus 0000:00: resource 7 [mem 0x80000000-0xafffffff window]
2025-02-11T02:26:54.214896+00:00 sonic kernel: [    0.596598] pci_bus 0000:00: resource 7 [mem 0x80000000-0xafffffff window]
2025-02-11T02:26:54.214918+00:00 sonic kernel: [    0.596600] pci_bus 0000:00: resource 8 [mem 0xc0000000-0xfebfffff window]
2025-02-11T02:26:54.214918+00:00 sonic kernel: [    0.596600] pci_bus 0000:00: resource 8 [mem 0xc0000000-0xfebfffff window]
2025-02-11T02:26:54.214939+00:00 sonic kernel: [    0.596601] pci_bus 0000:00: resource 9 [mem 0x280000000-0xa7fffffff window]
2025-02-11T02:26:54.214939+00:00 sonic kernel: [    0.596601] pci_bus 0000:00: resource 9 [mem 0x280000000-0xa7fffffff window]
2025-02-11T02:26:54.214960+00:00 sonic kernel: [    0.596603] pci_bus 0000:01: resource 0 [io  0xc000-0xcfff]
2025-02-11T02:26:54.214960+00:00 sonic kernel: [    0.596603] pci_bus 0000:01: resource 0 [io  0xc000-0xcfff]
2025-02-11T02:26:54.214982+00:00 sonic kernel: [    0.596604] pci_bus 0000:01: resource 1 [mem 0xfd600000-0xfddfffff]
2025-02-11T02:26:54.214982+00:00 sonic kernel: [    0.596604] pci_bus 0000:01: resource 1 [mem 0xfd600000-0xfddfffff]
2025-02-11T02:26:54.215003+00:00 sonic kernel: [    0.596605] pci_bus 0000:01: resource 2 [mem 0xfe800000-0xfe9fffff 64bit pref]
2025-02-11T02:26:54.215003+00:00 sonic kernel: [    0.596605] pci_bus 0000:01: resource 2 [mem 0xfe800000-0xfe9fffff 64bit pref]
2025-02-11T02:26:54.215024+00:00 sonic kernel: [    0.596607] pci_bus 0000:02: resource 0 [io  0xc000-0xcfff]
2025-02-11T02:26:54.215024+00:00 sonic kernel: [    0.596607] pci_bus 0000:02: resource 0 [io  0xc000-0xcfff]
2025-02-11T02:26:54.215055+00:00 sonic kernel: [    0.596608] pci_bus 0000:02: resource 1 [mem 0xfd600000-0xfdbfffff]
2025-02-11T02:26:54.215055+00:00 sonic kernel: [    0.596608] pci_bus 0000:02: resource 1 [mem 0xfd600000-0xfdbfffff]
2025-02-11T02:26:54.215094+00:00 sonic kernel: [    0.596610] pci_bus 0000:03: resource 0 [io  0x1000-0x1fff]
2025-02-11T02:26:54.215094+00:00 sonic kernel: [    0.596610] pci_bus 0000:03: resource 0 [io  0x1000-0x1fff]
2025-02-11T02:26:54.215128+00:00 sonic kernel: [    0.596611] pci_bus 0000:03: resource 1 [mem 0xfe000000-0xfe1fffff]
2025-02-11T02:26:54.215128+00:00 sonic kernel: [    0.596611] pci_bus 0000:03: resource 1 [mem 0xfe000000-0xfe1fffff]
2025-02-11T02:26:54.215206+00:00 sonic kernel: [    0.596613] pci_bus 0000:03: resource 2 [mem 0xfe600000-0xfe7fffff 64bit pref]
2025-02-11T02:26:54.215206+00:00 sonic kernel: [    0.596613] pci_bus 0000:03: resource 2 [mem 0xfe600000-0xfe7fffff 64bit pref]
2025-02-11T02:26:54.215228+00:00 sonic kernel: [    0.596614] pci_bus 0000:04: resource 0 [io  0x2000-0x2fff]
2025-02-11T02:26:54.215228+00:00 sonic kernel: [    0.596614] pci_bus 0000:04: resource 0 [io  0x2000-0x2fff]
2025-02-11T02:26:54.215249+00:00 sonic kernel: [    0.596615] pci_bus 0000:04: resource 1 [mem 0xfde00000-0xfdffffff]
2025-02-11T02:26:54.215249+00:00 sonic kernel: [    0.596615] pci_bus 0000:04: resource 1 [mem 0xfde00000-0xfdffffff]
2025-02-11T02:26:54.215270+00:00 sonic kernel: [    0.596616] pci_bus 0000:04: resource 2 [mem 0xfe400000-0xfe5fffff 64bit pref]
2025-02-11T02:26:54.215270+00:00 sonic kernel: [    0.596616] pci_bus 0000:04: resource 2 [mem 0xfe400000-0xfe5fffff 64bit pref]
2025-02-11T02:26:54.215292+00:00 sonic kernel: [    0.597392] ACPI: \_SB_.GSIF: Enabled at IRQ 21
2025-02-11T02:26:54.215292+00:00 sonic kernel: [    0.597392] ACPI: \_SB_.GSIF: Enabled at IRQ 21
2025-02-11T02:26:54.215313+00:00 sonic kernel: [    0.598911] ACPI: \_SB_.GSIG: Enabled at IRQ 22
2025-02-11T02:26:54.215313+00:00 sonic kernel: [    0.598911] ACPI: \_SB_.GSIG: Enabled at IRQ 22
2025-02-11T02:26:54.215335+00:00 sonic kernel: [    0.599593] PCI: CLS 0 bytes, default 64
2025-02-11T02:26:54.215335+00:00 sonic kernel: [    0.599593] PCI: CLS 0 bytes, default 64
2025-02-11T02:26:54.215356+00:00 sonic kernel: [    0.599615] PCI-DMA: Using software bounce buffering for IO (SWIOTLB)
2025-02-11T02:26:54.215356+00:00 sonic kernel: [    0.599615] PCI-DMA: Using software bounce buffering for IO (SWIOTLB)
2025-02-11T02:26:54.215377+00:00 sonic kernel: [    0.599616] software IO TLB: mapped [mem 0x0000000077fdb000-0x000000007ffdb000] (128MB)
2025-02-11T02:26:54.215377+00:00 sonic kernel: [    0.599616] software IO TLB: mapped [mem 0x0000000077fdb000-0x000000007ffdb000] (128MB)
2025-02-11T02:26:54.215399+00:00 sonic kernel: [    0.599687] clocksource: tsc: mask: 0xffffffffffffffff max_cycles: 0x284409db922, max_idle_ns: 440795228871 ns
2025-02-11T02:26:54.215399+00:00 sonic kernel: [    0.599687] clocksource: tsc: mask: 0xffffffffffffffff max_cycles: 0x284409db922, max_idle_ns: 440795228871 ns
2025-02-11T02:26:54.215421+00:00 sonic kernel: [    0.599841] Trying to unpack rootfs image as initramfs...
2025-02-11T02:26:54.215421+00:00 sonic kernel: [    0.599841] Trying to unpack rootfs image as initramfs...
2025-02-11T02:26:54.215442+00:00 sonic kernel: [    0.600847] Initialise system trusted keyrings
2025-02-11T02:26:54.215442+00:00 sonic kernel: [    0.600847] Initialise system trusted keyrings
2025-02-11T02:26:54.215463+00:00 sonic kernel: [    0.600857] Key type blacklist registered
2025-02-11T02:26:54.215463+00:00 sonic kernel: [    0.600857] Key type blacklist registered
2025-02-11T02:26:54.215485+00:00 sonic kernel: [    0.601060] workingset: timestamp_bits=36 max_order=21 bucket_order=0
2025-02-11T02:26:54.215485+00:00 sonic kernel: [    0.601060] workingset: timestamp_bits=36 max_order=21 bucket_order=0
2025-02-11T02:26:54.215506+00:00 sonic kernel: [    0.602499] zbud: loaded
2025-02-11T02:26:54.215506+00:00 sonic kernel: [    0.602499] zbud: loaded
2025-02-11T02:26:54.215528+00:00 sonic kernel: [    0.602916] integrity: Platform Keyring initialized
2025-02-11T02:26:54.215528+00:00 sonic kernel: [    0.602916] integrity: Platform Keyring initialized
2025-02-11T02:26:54.215552+00:00 sonic kernel: [    0.602921] integrity: Machine keyring initialized
2025-02-11T02:26:54.215552+00:00 sonic kernel: [    0.602921] integrity: Machine keyring initialized
2025-02-11T02:26:54.215577+00:00 sonic kernel: [    0.602923] Key type asymmetric registered
2025-02-11T02:26:54.215577+00:00 sonic kernel: [    0.602923] Key type asymmetric registered
2025-02-11T02:26:54.215598+00:00 sonic kernel: [    0.602924] Asymmetric key parser 'x509' registered
2025-02-11T02:26:54.215598+00:00 sonic kernel: [    0.602924] Asymmetric key parser 'x509' registered
2025-02-11T02:26:54.215619+00:00 sonic kernel: [    0.868498] Freeing initrd memory: 32152K
2025-02-11T02:26:54.215619+00:00 sonic kernel: [    0.868498] Freeing initrd memory: 32152K
2025-02-11T02:26:54.215640+00:00 sonic kernel: [    0.875445] alg: self-tests for CTR-KDF (hmac(sha256)) passed
2025-02-11T02:26:54.215640+00:00 sonic kernel: [    0.875445] alg: self-tests for CTR-KDF (hmac(sha256)) passed
2025-02-11T02:26:54.215662+00:00 sonic kernel: [    0.875474] Block layer SCSI generic (bsg) driver version 0.4 loaded (major 248)
2025-02-11T02:26:54.215662+00:00 sonic kernel: [    0.875474] Block layer SCSI generic (bsg) driver version 0.4 loaded (major 248)
2025-02-11T02:26:54.215683+00:00 sonic kernel: [    0.875586] io scheduler mq-deadline registered
2025-02-11T02:26:54.215683+00:00 sonic kernel: [    0.875586] io scheduler mq-deadline registered
2025-02-11T02:26:54.215706+00:00 sonic kernel: [    0.878373] pcieport 0000:00:01.0: PME: Signaling with IRQ 24
2025-02-11T02:26:54.215706+00:00 sonic kernel: [    0.878373] pcieport 0000:00:01.0: PME: Signaling with IRQ 24
2025-02-11T02:26:54.215727+00:00 sonic kernel: [    0.878986] pcieport 0000:00:01.0: AER: enabled with IRQ 24
2025-02-11T02:26:54.215727+00:00 sonic kernel: [    0.878986] pcieport 0000:00:01.0: AER: enabled with IRQ 24
2025-02-11T02:26:54.215748+00:00 sonic kernel: [    0.882470] pcieport 0000:00:01.1: PME: Signaling with IRQ 25
2025-02-11T02:26:54.215748+00:00 sonic kernel: [    0.882470] pcieport 0000:00:01.1: PME: Signaling with IRQ 25
2025-02-11T02:26:54.215769+00:00 sonic kernel: [    0.882978] pcieport 0000:00:01.1: AER: enabled with IRQ 25
2025-02-11T02:26:54.215769+00:00 sonic kernel: [    0.882978] pcieport 0000:00:01.1: AER: enabled with IRQ 25
2025-02-11T02:26:54.215790+00:00 sonic kernel: [    0.886347] pcieport 0000:00:01.2: PME: Signaling with IRQ 26
2025-02-11T02:26:54.215790+00:00 sonic kernel: [    0.886347] pcieport 0000:00:01.2: PME: Signaling with IRQ 26
2025-02-11T02:26:54.215812+00:00 sonic kernel: [    0.886864] pcieport 0000:00:01.2: AER: enabled with IRQ 26
2025-02-11T02:26:54.215812+00:00 sonic kernel: [    0.886864] pcieport 0000:00:01.2: AER: enabled with IRQ 26
2025-02-11T02:26:54.215834+00:00 sonic kernel: [    0.890343] shpchp 0000:01:00.0: HPC vendor_id 1b36 device_id e ss_vid 0 ss_did 0
2025-02-11T02:26:54.215834+00:00 sonic kernel: [    0.890343] shpchp 0000:01:00.0: HPC vendor_id 1b36 device_id e ss_vid 0 ss_did 0
2025-02-11T02:26:54.215876+00:00 sonic kernel: [    0.893669] shpchp 0000:01:00.0: pci_hp_register failed with error -16
2025-02-11T02:26:54.215876+00:00 sonic kernel: [    0.893669] shpchp 0000:01:00.0: pci_hp_register failed with error -16
2025-02-11T02:26:54.215899+00:00 sonic kernel: [    0.897211] shpchp 0000:01:00.0: Slot initialization failed
2025-02-11T02:26:54.215899+00:00 sonic kernel: [    0.897211] shpchp 0000:01:00.0: Slot initialization failed
2025-02-11T02:26:54.215920+00:00 sonic kernel: [    0.901897] shpchp: Standard Hot Plug PCI Controller Driver version: 0.4
2025-02-11T02:26:54.215920+00:00 sonic kernel: [    0.901897] shpchp: Standard Hot Plug PCI Controller Driver version: 0.4
2025-02-11T02:26:54.215942+00:00 sonic kernel: [    0.901935] ACPI: processor limited to max C-state 1
2025-02-11T02:26:54.215942+00:00 sonic kernel: [    0.901935] ACPI: processor limited to max C-state 1
2025-02-11T02:26:54.215963+00:00 sonic kernel: [    0.902475] Serial: 8250/16550 driver, 4 ports, IRQ sharing enabled
2025-02-11T02:26:54.215963+00:00 sonic kernel: [    0.902475] Serial: 8250/16550 driver, 4 ports, IRQ sharing enabled
2025-02-11T02:26:54.215988+00:00 sonic kernel: [    0.903748] 00:00: ttyS0 at I/O 0x3f8 (irq = 4, base_baud = 115200) is a 16550A
2025-02-11T02:26:54.215988+00:00 sonic kernel: [    0.903748] 00:00: ttyS0 at I/O 0x3f8 (irq = 4, base_baud = 115200) is a 16550A
2025-02-11T02:26:54.216010+00:00 sonic kernel: [    0.904462] Linux agpgart interface v0.103
2025-02-11T02:26:54.216010+00:00 sonic kernel: [    0.904462] Linux agpgart interface v0.103
2025-02-11T02:26:54.216031+00:00 sonic kernel: [    0.904582] AMD-Vi: AMD IOMMUv2 functionality not available on this system - This is not a bug.
2025-02-11T02:26:54.216031+00:00 sonic kernel: [    0.904582] AMD-Vi: AMD IOMMUv2 functionality not available on this system - This is not a bug.
2025-02-11T02:26:54.216052+00:00 sonic kernel: [    0.907035] i8042: PNP: PS/2 Controller [PNP0303:KBD,PNP0f13:MOU] at 0x60,0x64 irq 1,12
2025-02-11T02:26:54.216052+00:00 sonic kernel: [    0.907035] i8042: PNP: PS/2 Controller [PNP0303:KBD,PNP0f13:MOU] at 0x60,0x64 irq 1,12
2025-02-11T02:26:54.216074+00:00 sonic kernel: [    0.908854] serio: i8042 KBD port at 0x60,0x64 irq 1
2025-02-11T02:26:54.216074+00:00 sonic kernel: [    0.908854] serio: i8042 KBD port at 0x60,0x64 irq 1
2025-02-11T02:26:54.216095+00:00 sonic kernel: [    0.908862] serio: i8042 AUX port at 0x60,0x64 irq 12
2025-02-11T02:26:54.216095+00:00 sonic kernel: [    0.908862] serio: i8042 AUX port at 0x60,0x64 irq 12
2025-02-11T02:26:54.216116+00:00 sonic kernel: [    0.909202] mousedev: PS/2 mouse device common for all mice
2025-02-11T02:26:54.216116+00:00 sonic kernel: [    0.909202] mousedev: PS/2 mouse device common for all mice
2025-02-11T02:26:54.216137+00:00 sonic kernel: [    0.909247] rtc_cmos 00:03: RTC can wake from S4
2025-02-11T02:26:54.216137+00:00 sonic kernel: [    0.909247] rtc_cmos 00:03: RTC can wake from S4
2025-02-11T02:26:54.216158+00:00 sonic kernel: [    0.911246] rtc_cmos 00:03: registered as rtc0
2025-02-11T02:26:54.216158+00:00 sonic kernel: [    0.911246] rtc_cmos 00:03: registered as rtc0
2025-02-11T02:26:54.216185+00:00 sonic kernel: [    0.911509] input: AT Translated Set 2 keyboard as /devices/platform/i8042/serio0/input/input0
2025-02-11T02:26:54.216185+00:00 sonic kernel: [    0.911509] input: AT Translated Set 2 keyboard as /devices/platform/i8042/serio0/input/input0
2025-02-11T02:26:54.216218+00:00 sonic kernel: [    0.911530] rtc_cmos 00:03: setting system clock to 2025-02-11T02:26:47 UTC (1739240807)
2025-02-11T02:26:54.216218+00:00 sonic kernel: [    0.911530] rtc_cmos 00:03: setting system clock to 2025-02-11T02:26:47 UTC (1739240807)
2025-02-11T02:26:54.216253+00:00 sonic kernel: [    0.911721] rtc_cmos 00:03: alarms up to one day, y3k, 242 bytes nvram, hpet irqs
2025-02-11T02:26:54.216253+00:00 sonic kernel: [    0.911721] rtc_cmos 00:03: alarms up to one day, y3k, 242 bytes nvram, hpet irqs
2025-02-11T02:26:54.216284+00:00 sonic kernel: [    0.911732] intel_pstate: CPU model not supported
2025-02-11T02:26:54.216284+00:00 sonic kernel: [    0.911732] intel_pstate: CPU model not supported
2025-02-11T02:26:54.216306+00:00 sonic kernel: [    0.912226] ledtrig-cpu: registered to indicate activity on CPUs
2025-02-11T02:26:54.216306+00:00 sonic kernel: [    0.912226] ledtrig-cpu: registered to indicate activity on CPUs
2025-02-11T02:26:54.216327+00:00 sonic kernel: [    0.925217] NET: Registered PF_INET6 protocol family
2025-02-11T02:26:54.216327+00:00 sonic kernel: [    0.925217] NET: Registered PF_INET6 protocol family
2025-02-11T02:26:54.216349+00:00 sonic kernel: [    0.931885] Segment Routing with IPv6
2025-02-11T02:26:54.216349+00:00 sonic kernel: [    0.931885] Segment Routing with IPv6
2025-02-11T02:26:54.216370+00:00 sonic kernel: [    0.931895] In-situ OAM (IOAM) with IPv6
2025-02-11T02:26:54.216370+00:00 sonic kernel: [    0.931895] In-situ OAM (IOAM) with IPv6
2025-02-11T02:26:54.216392+00:00 sonic kernel: [    0.931918] mip6: Mobile IPv6
2025-02-11T02:26:54.216392+00:00 sonic kernel: [    0.931918] mip6: Mobile IPv6
2025-02-11T02:26:54.216419+00:00 sonic kernel: [    0.931922] NET: Registered PF_PACKET protocol family
2025-02-11T02:26:54.216419+00:00 sonic kernel: [    0.931922] NET: Registered PF_PACKET protocol family
2025-02-11T02:26:54.216444+00:00 sonic kernel: [    0.932047] mpls_gso: MPLS GSO support
2025-02-11T02:26:54.216444+00:00 sonic kernel: [    0.932047] mpls_gso: MPLS GSO support
2025-02-11T02:26:54.216465+00:00 sonic kernel: [    0.933594] IPI shorthand broadcast: enabled
2025-02-11T02:26:54.216465+00:00 sonic kernel: [    0.933594] IPI shorthand broadcast: enabled
2025-02-11T02:26:54.216486+00:00 sonic kernel: [    0.933618] sched_clock: Marking stable (928504854, 5000121)->(961503903, -27998928)
2025-02-11T02:26:54.216486+00:00 sonic kernel: [    0.933618] sched_clock: Marking stable (928504854, 5000121)->(961503903, -27998928)
2025-02-11T02:26:54.216508+00:00 sonic kernel: [    0.934109] registered taskstats version 1
2025-02-11T02:26:54.216508+00:00 sonic kernel: [    0.934109] registered taskstats version 1
2025-02-11T02:26:54.216529+00:00 sonic kernel: [    0.934118] Loading compiled-in X.509 certificates
2025-02-11T02:26:54.216529+00:00 sonic kernel: [    0.934118] Loading compiled-in X.509 certificates
2025-02-11T02:26:54.216550+00:00 sonic kernel: [    0.951317] Loaded X.509 cert 'Debian Secure Boot CA: 6ccece7e4c6c0d1f6149f3dd27dfcc5cbb419ea1'
2025-02-11T02:26:54.216550+00:00 sonic kernel: [    0.951317] Loaded X.509 cert 'Debian Secure Boot CA: 6ccece7e4c6c0d1f6149f3dd27dfcc5cbb419ea1'
2025-02-11T02:26:54.216572+00:00 sonic kernel: [    0.951339] Loaded X.509 cert 'Debian Secure Boot Signer 2022 - linux: 14011249c2675ea8e5148542202005810584b25f'
2025-02-11T02:26:54.216572+00:00 sonic kernel: [    0.951339] Loaded X.509 cert 'Debian Secure Boot Signer 2022 - linux: 14011249c2675ea8e5148542202005810584b25f'
2025-02-11T02:26:54.216594+00:00 sonic kernel: [    0.953103] zswap: loaded using pool lzo/zbud
2025-02-11T02:26:54.216594+00:00 sonic kernel: [    0.953103] zswap: loaded using pool lzo/zbud
2025-02-11T02:26:54.216615+00:00 sonic kernel: [    0.953631] Key type .fscrypt registered
2025-02-11T02:26:54.216615+00:00 sonic kernel: [    0.953631] Key type .fscrypt registered
2025-02-11T02:26:54.216636+00:00 sonic kernel: [    0.953633] Key type fscrypt-provisioning registered
2025-02-11T02:26:54.216636+00:00 sonic kernel: [    0.953633] Key type fscrypt-provisioning registered
2025-02-11T02:26:54.216657+00:00 sonic kernel: [    0.958570] Key type encrypted registered
2025-02-11T02:26:54.216657+00:00 sonic kernel: [    0.958570] Key type encrypted registered
2025-02-11T02:26:54.216678+00:00 sonic kernel: [    0.958573] AppArmor: AppArmor sha1 policy hashing enabled
2025-02-11T02:26:54.216678+00:00 sonic kernel: [    0.958573] AppArmor: AppArmor sha1 policy hashing enabled
2025-02-11T02:26:54.216700+00:00 sonic kernel: [    0.958584] ima: No TPM chip found, activating TPM-bypass!
2025-02-11T02:26:54.216700+00:00 sonic kernel: [    0.958584] ima: No TPM chip found, activating TPM-bypass!
2025-02-11T02:26:54.216721+00:00 sonic kernel: [    0.958586] ima: Allocated hash algorithm: sha256
2025-02-11T02:26:54.216721+00:00 sonic kernel: [    0.958586] ima: Allocated hash algorithm: sha256
2025-02-11T02:26:54.216742+00:00 sonic kernel: [    0.958596] ima: No architecture policies found
2025-02-11T02:26:54.216742+00:00 sonic kernel: [    0.958596] ima: No architecture policies found
2025-02-11T02:26:54.216763+00:00 sonic kernel: [    0.958604] evm: Initialising EVM extended attributes:
2025-02-11T02:26:54.216763+00:00 sonic kernel: [    0.958604] evm: Initialising EVM extended attributes:
2025-02-11T02:26:54.216785+00:00 sonic kernel: [    0.958605] evm: security.selinux
2025-02-11T02:26:54.216785+00:00 sonic kernel: [    0.958605] evm: security.selinux
2025-02-11T02:26:54.216807+00:00 sonic kernel: [    0.958606] evm: security.SMACK64 (disabled)
2025-02-11T02:26:54.216807+00:00 sonic kernel: [    0.958606] evm: security.SMACK64 (disabled)
2025-02-11T02:26:54.216828+00:00 sonic kernel: [    0.958607] evm: security.SMACK64EXEC (disabled)
2025-02-11T02:26:54.216828+00:00 sonic kernel: [    0.958607] evm: security.SMACK64EXEC (disabled)
2025-02-11T02:26:54.216874+00:00 sonic kernel: [    0.958607] evm: security.SMACK64TRANSMUTE (disabled)
2025-02-11T02:26:54.216874+00:00 sonic kernel: [    0.958607] evm: security.SMACK64TRANSMUTE (disabled)
2025-02-11T02:26:54.216897+00:00 sonic kernel: [    0.958608] evm: security.SMACK64MMAP (disabled)
2025-02-11T02:26:54.216897+00:00 sonic kernel: [    0.958608] evm: security.SMACK64MMAP (disabled)
2025-02-11T02:26:54.216919+00:00 sonic kernel: [    0.958609] evm: security.apparmor
2025-02-11T02:26:54.216919+00:00 sonic kernel: [    0.958609] evm: security.apparmor
2025-02-11T02:26:54.216940+00:00 sonic kernel: [    0.958610] evm: security.ima
2025-02-11T02:26:54.216940+00:00 sonic kernel: [    0.958610] evm: security.ima
2025-02-11T02:26:54.216962+00:00 sonic kernel: [    0.958610] evm: security.capability
2025-02-11T02:26:54.216962+00:00 sonic kernel: [    0.958610] evm: security.capability
2025-02-11T02:26:54.216984+00:00 sonic kernel: [    0.958611] evm: HMAC attrs: 0x1
2025-02-11T02:26:54.216984+00:00 sonic kernel: [    0.958611] evm: HMAC attrs: 0x1
2025-02-11T02:26:54.217005+00:00 sonic kernel: [    1.049992] clk: Disabling unused clocks
2025-02-11T02:26:54.217005+00:00 sonic kernel: [    1.049992] clk: Disabling unused clocks
2025-02-11T02:26:54.217027+00:00 sonic kernel: [    1.063959] Freeing unused kernel image (initmem) memory: 2780K
2025-02-11T02:26:54.217027+00:00 sonic kernel: [    1.063959] Freeing unused kernel image (initmem) memory: 2780K
2025-02-11T02:26:54.217048+00:00 sonic kernel: [    1.064028] Write protecting the kernel read-only data: 26624k
2025-02-11T02:26:54.217048+00:00 sonic kernel: [    1.064028] Write protecting the kernel read-only data: 26624k
2025-02-11T02:26:54.217069+00:00 sonic kernel: [    1.064648] Freeing unused kernel image (text/rodata gap) memory: 2040K
2025-02-11T02:26:54.217069+00:00 sonic kernel: [    1.064648] Freeing unused kernel image (text/rodata gap) memory: 2040K
2025-02-11T02:26:54.217090+00:00 sonic kernel: [    1.065087] Freeing unused kernel image (rodata/data gap) memory: 1084K
2025-02-11T02:26:54.217090+00:00 sonic kernel: [    1.065087] Freeing unused kernel image (rodata/data gap) memory: 1084K
2025-02-11T02:26:54.217112+00:00 sonic kernel: [    1.124182] x86/mm: Checked W+X mappings: passed, no W+X pages found.
2025-02-11T02:26:54.217112+00:00 sonic kernel: [    1.124182] x86/mm: Checked W+X mappings: passed, no W+X pages found.
2025-02-11T02:26:54.217133+00:00 sonic kernel: [    1.124185] x86/mm: Checking user space page tables
2025-02-11T02:26:54.217133+00:00 sonic kernel: [    1.124185] x86/mm: Checking user space page tables
2025-02-11T02:26:54.217154+00:00 sonic kernel: [    1.178421] x86/mm: Checked W+X mappings: passed, no W+X pages found.
2025-02-11T02:26:54.217154+00:00 sonic kernel: [    1.178421] x86/mm: Checked W+X mappings: passed, no W+X pages found.
2025-02-11T02:26:54.217175+00:00 sonic kernel: [    1.178432] Run /init as init process
2025-02-11T02:26:54.217175+00:00 sonic kernel: [    1.178432] Run /init as init process
2025-02-11T02:26:54.217197+00:00 sonic kernel: [    1.178434]   with arguments:
2025-02-11T02:26:54.217197+00:00 sonic kernel: [    1.178434]   with arguments:
2025-02-11T02:26:54.217149+00:00 sonic rc.local[782]: + onie_build_machine=kvm_x86_64_4_asic
2025-02-11T02:26:54.217149+00:00 sonic rc.local[782]: + onie_build_machine=kvm_x86_64_4_asic
2025-02-11T02:26:54.217241+00:00 sonic kernel: [    1.178436]     /init
2025-02-11T02:26:54.217241+00:00 sonic kernel: [    1.178436]     /init
2025-02-11T02:26:54.217263+00:00 sonic kernel: [    1.178437]   with environment:
2025-02-11T02:26:54.217263+00:00 sonic kernel: [    1.178437]   with environment:
2025-02-11T02:26:54.217286+00:00 sonic kernel: [    1.178437]     HOME=/
2025-02-11T02:26:54.217286+00:00 sonic kernel: [    1.178437]     HOME=/
2025-02-11T02:26:54.217308+00:00 sonic kernel: [    1.178438]     TERM=linux
2025-02-11T02:26:54.217308+00:00 sonic kernel: [    1.178438]     TERM=linux
2025-02-11T02:26:54.217343+00:00 sonic kernel: [    1.178439]     BOOT_IMAGE=/image-master.766266-3fe020a9c/boot/vmlinuz-6.1.0-22-2-amd64
2025-02-11T02:26:54.217343+00:00 sonic kernel: [    1.178439]     BOOT_IMAGE=/image-master.766266-3fe020a9c/boot/vmlinuz-6.1.0-22-2-amd64
2025-02-11T02:26:54.217383+00:00 sonic kernel: [    1.178440]     sonic_fips=1
2025-02-11T02:26:54.217383+00:00 sonic kernel: [    1.178440]     sonic_fips=1
2025-02-11T02:26:54.217419+00:00 sonic kernel: [    1.178440]     biosdevname=0
2025-02-11T02:26:54.217421+00:00 sonic kernel: [    1.178441]     loop=image-master.766266-3fe020a9c/fs.squashfs
2025-02-11T02:26:54.217422+00:00 sonic kernel: [    1.178442]     loopfstype=squashfs
2025-02-11T02:26:54.217422+00:00 sonic kernel: [    1.178442]     varlog_size=4096
2025-02-11T02:26:54.217423+00:00 sonic kernel: [    1.266354] virtio_ring: module verification failed: signature and/or required key missing - tainting kernel
2025-02-11T02:26:54.217424+00:00 sonic kernel: [    1.269186] lpc_ich 0000:00:1f.0: I/O space for GPIO uninitialized
2025-02-11T02:26:54.217425+00:00 sonic kernel: [    1.271289] e1000: Intel(R) PRO/1000 Network Driver
2025-02-11T02:26:54.217426+00:00 sonic kernel: [    1.271293] e1000: Copyright (c) 1999-2006 Intel Corporation.
2025-02-11T02:26:54.217426+00:00 sonic kernel: [    1.276873] ACPI: \_SB_.GSIA: Enabled at IRQ 16
2025-02-11T02:26:54.217427+00:00 sonic kernel: [    1.277301] i801_smbus 0000:00:1f.3: SMBus using PCI interrupt
2025-02-11T02:26:54.217427+00:00 sonic kernel: [    1.277438] i2c i2c-0: 1/1 memory slots populated (from DMI)
2025-02-11T02:26:54.217428+00:00 sonic kernel: [    1.277440] i2c i2c-0: Memory type 0x07 not supported yet, not instantiating SPD
2025-02-11T02:26:54.217428+00:00 sonic kernel: [    1.284437] input: VirtualPS/2 VMware VMMouse as /devices/platform/i8042/serio1/input/input3
2025-02-11T02:26:54.217429+00:00 sonic kernel: [    1.284492] SCSI subsystem initialized
2025-02-11T02:26:54.217429+00:00 sonic kernel: [    1.285061] input: VirtualPS/2 VMware VMMouse as /devices/platform/i8042/serio1/input/input2
2025-02-11T02:26:54.217429+00:00 sonic kernel: [    1.290592] ACPI: bus type USB registered
2025-02-11T02:26:54.217430+00:00 sonic kernel: [    1.290896] ACPI: \_SB_.GSIE: Enabled at IRQ 20
2025-02-11T02:26:54.217430+00:00 sonic kernel: [    1.291190] usbcore: registered new interface driver usbfs
2025-02-11T02:26:54.217431+00:00 sonic kernel: [    1.291378] usbcore: registered new interface driver hub
2025-02-11T02:26:54.217431+00:00 sonic kernel: [    1.291959] usbcore: registered new device driver usb
2025-02-11T02:26:54.217432+00:00 sonic kernel: [    1.304639] libata version 3.00 loaded.
2025-02-11T02:26:54.217432+00:00 sonic kernel: [    1.305785] virtio_blk virtio1: 10/0/0 default/read/poll queues
2025-02-11T02:26:54.217433+00:00 sonic kernel: [    1.307853] ahci 0000:00:1f.2: version 3.0
2025-02-11T02:26:54.217433+00:00 sonic kernel: [    1.310473] ahci 0000:00:1f.2: AHCI 0001.0000 32 slots 6 ports 1.5 Gbps 0x3f impl SATA mode
2025-02-11T02:26:54.217433+00:00 sonic kernel: [    1.310479] ahci 0000:00:1f.2: flags: 64bit ncq only 
2025-02-11T02:26:54.217434+00:00 sonic kernel: [    1.312701] virtio_blk virtio1: [vda] 33554432 512-byte logical blocks (17.2 GB/16.0 GiB)
2025-02-11T02:26:54.217434+00:00 sonic kernel: [    1.315682] scsi host0: ahci
2025-02-11T02:26:54.217435+00:00 sonic kernel: [    1.315693]  vda: vda1 vda2 vda3
2025-02-11T02:26:54.217435+00:00 sonic kernel: [    1.316012] scsi host1: ahci
2025-02-11T02:26:54.217436+00:00 sonic kernel: [    1.316329] scsi host2: ahci
2025-02-11T02:26:54.217436+00:00 sonic kernel: [    1.316665] scsi host3: ahci
2025-02-11T02:26:54.217436+00:00 sonic kernel: [    1.317159] scsi host4: ahci
2025-02-11T02:26:54.217437+00:00 sonic kernel: [    1.318023] scsi host5: ahci
2025-02-11T02:26:54.217437+00:00 sonic kernel: [    1.318597] ata1: SATA max UDMA/133 abar m4096@0xfe203000 port 0xfe203100 irq 38
2025-02-11T02:26:54.217438+00:00 sonic kernel: [    1.318617] uhci_hcd 0000:02:0a.0: UHCI Host Controller
2025-02-11T02:26:54.217514+00:00 sonic kernel: [    1.318621] ata2: SATA max UDMA/133 abar m4096@0xfe203000 port 0xfe203180 irq 38
2025-02-11T02:26:54.217515+00:00 sonic kernel: [    1.318626] uhci_hcd 0000:02:0a.0: new USB bus registered, assigned bus number 1
2025-02-11T02:26:54.217515+00:00 sonic kernel: [    1.318652] ata3: SATA max UDMA/133 abar m4096@0xfe203000 port 0xfe203200 irq 38
2025-02-11T02:26:54.217516+00:00 sonic kernel: [    1.318673] uhci_hcd 0000:02:0a.0: detected 2 ports
2025-02-11T02:26:54.217516+00:00 sonic kernel: [    1.318679] ata4: SATA max UDMA/133 abar m4096@0xfe203000 port 0xfe203280 irq 38
2025-02-11T02:26:54.217517+00:00 sonic kernel: [    1.318697] ata5: SATA max UDMA/133 abar m4096@0xfe203000 port 0xfe203300 irq 38
2025-02-11T02:26:54.217517+00:00 sonic kernel: [    1.318714] ata6: SATA max UDMA/133 abar m4096@0xfe203000 port 0xfe203380 irq 38
2025-02-11T02:26:54.217518+00:00 sonic kernel: [    1.319013] uhci_hcd 0000:02:0a.0: irq 22, io port 0x0000c240
2025-02-11T02:26:54.217518+00:00 sonic kernel: [    1.319239] usb usb1: New USB device found, idVendor=1d6b, idProduct=0001, bcdDevice= 6.01
2025-02-11T02:26:54.217518+00:00 sonic kernel: [    1.319242] usb usb1: New USB device strings: Mfr=3, Product=2, SerialNumber=1
2025-02-11T02:26:54.217519+00:00 sonic kernel: [    1.319244] usb usb1: Product: UHCI Host Controller
2025-02-11T02:26:54.217519+00:00 sonic kernel: [    1.319245] usb usb1: Manufacturer: Linux 6.1.0-22-2-amd64 uhci_hcd
2025-02-11T02:26:54.217519+00:00 sonic kernel: [    1.319246] usb usb1: SerialNumber: 0000:02:0a.0
2025-02-11T02:26:54.217520+00:00 sonic kernel: [    1.319353] hub 1-0:1.0: USB hub found
2025-02-11T02:26:54.217520+00:00 sonic kernel: [    1.319358] hub 1-0:1.0: 2 ports detected
2025-02-11T02:26:54.217521+00:00 sonic kernel: [    1.632655] ata2: SATA link down (SStatus 0 SControl 300)
2025-02-11T02:26:54.217521+00:00 sonic kernel: [    1.633074] ata3: SATA link down (SStatus 0 SControl 300)
2025-02-11T02:26:54.217522+00:00 sonic kernel: [    1.633478] ata1: SATA link down (SStatus 0 SControl 300)
2025-02-11T02:26:54.217522+00:00 sonic kernel: [    1.636575] ata6: SATA link down (SStatus 0 SControl 300)
2025-02-11T02:26:54.217522+00:00 sonic kernel: [    1.637022] ata4: SATA link down (SStatus 0 SControl 300)
2025-02-11T02:26:54.217523+00:00 sonic kernel: [    1.637581] ata5: SATA link down (SStatus 0 SControl 300)
2025-02-11T02:26:54.217523+00:00 sonic kernel: [    1.722383] e1000 0000:02:01.0 eth0: (PCI:33MHz:32-bit) 52:54:00:70:c9:c2
2025-02-11T02:26:54.217523+00:00 sonic kernel: [    1.722411] e1000 0000:02:01.0 eth0: Intel(R) PRO/1000 Network Connection
2025-02-11T02:26:54.217524+00:00 sonic kernel: [    1.722743] ACPI: \_SB_.GSIH: Enabled at IRQ 23
2025-02-11T02:26:54.217524+00:00 sonic kernel: [    2.162695] e1000 0000:02:02.0 eth1: (PCI:33MHz:32-bit) 52:54:00:6d:5a:2a
2025-02-11T02:26:54.217525+00:00 sonic kernel: [    2.162701] e1000 0000:02:02.0 eth1: Intel(R) PRO/1000 Network Connection
2025-02-11T02:26:54.217525+00:00 sonic kernel: [    2.602092] e1000 0000:02:03.0 eth2: (PCI:33MHz:32-bit) 52:54:00:d7:6c:1d
2025-02-11T02:26:54.217526+00:00 sonic kernel: [    2.602098] e1000 0000:02:03.0 eth2: Intel(R) PRO/1000 Network Connection
2025-02-11T02:26:54.217526+00:00 sonic kernel: [    3.055658] e1000 0000:02:04.0 eth3: (PCI:33MHz:32-bit) 52:54:00:90:1a:e9
2025-02-11T02:26:54.217526+00:00 sonic kernel: [    3.055666] e1000 0000:02:04.0 eth3: Intel(R) PRO/1000 Network Connection
2025-02-11T02:26:54.217527+00:00 sonic kernel: [    3.498107] e1000 0000:02:05.0 eth4: (PCI:33MHz:32-bit) 52:54:00:ff:c9:4a
2025-02-11T02:26:54.217527+00:00 sonic kernel: [    3.498113] e1000 0000:02:05.0 eth4: Intel(R) PRO/1000 Network Connection
2025-02-11T02:26:54.217527+00:00 sonic kernel: [    3.942302] e1000 0000:02:06.0 eth5: (PCI:33MHz:32-bit) 52:54:00:3a:f0:63
2025-02-11T02:26:54.217528+00:00 sonic kernel: [    3.942308] e1000 0000:02:06.0 eth5: Intel(R) PRO/1000 Network Connection
2025-02-11T02:26:54.217528+00:00 sonic kernel: [    4.386302] e1000 0000:02:07.0 eth6: (PCI:33MHz:32-bit) 52:54:00:4c:06:b2
2025-02-11T02:26:54.217528+00:00 sonic kernel: [    4.386309] e1000 0000:02:07.0 eth6: Intel(R) PRO/1000 Network Connection
2025-02-11T02:26:54.217529+00:00 sonic kernel: [    4.826796] e1000 0000:02:08.0 eth7: (PCI:33MHz:32-bit) 52:54:00:92:b8:90
2025-02-11T02:26:54.217530+00:00 sonic kernel: [    4.826802] e1000 0000:02:08.0 eth7: Intel(R) PRO/1000 Network Connection
2025-02-11T02:26:54.217530+00:00 sonic kernel: [    5.266064] e1000 0000:02:09.0 eth8: (PCI:33MHz:32-bit) 52:54:00:87:a9:c3
2025-02-11T02:26:54.217530+00:00 sonic kernel: [    5.266070] e1000 0000:02:09.0 eth8: Intel(R) PRO/1000 Network Connection
2025-02-11T02:26:54.217531+00:00 sonic kernel: [    5.277541] squashfs: version 4.0 (2009/01/31) Phillip Lougher
2025-02-11T02:26:54.217531+00:00 sonic kernel: [    5.427771] EXT4-fs (vda3): mounted filesystem with ordered data mode. Quota mode: none.
2025-02-11T02:26:54.217532+00:00 sonic kernel: [    5.438473] loop: module loaded
2025-02-11T02:26:54.217532+00:00 sonic kernel: [    5.441976] loop0: detected capacity change from 0 to 797992
2025-02-11T02:26:54.217533+00:00 sonic kernel: [    5.639797] loop1: detected capacity change from 0 to 8388608
2025-02-11T02:26:54.217533+00:00 sonic kernel: [    5.682900] EXT4-fs (loop1): mounted filesystem with ordered data mode. Quota mode: none.
2025-02-11T02:26:54.217566+00:00 sonic kernel: [    6.229761] device-mapper: core: CONFIG_IMA_DISABLE_HTABLE is disabled. Duplicate IMA measurements will not be recorded in the IMA log.
2025-02-11T02:26:54.217566+00:00 sonic kernel: [    6.229925] device-mapper: uevent: version 1.0.3
2025-02-11T02:26:54.217567+00:00 sonic kernel: [    6.230129] device-mapper: ioctl: 4.47.0-ioctl (2022-07-28) initialised: dm-devel@redhat.com
2025-02-11T02:26:54.217568+00:00 sonic kernel: [    6.251494] ACPI: bus type drm_connector registered
2025-02-11T02:26:54.217569+00:00 sonic kernel: [    6.254286] fuse: init (API version 7.37)
2025-02-11T02:26:54.217570+00:00 sonic kernel: [    6.417768] audit: type=1400 audit(1739240813.004:2): apparmor="STATUS" operation="profile_load" profile="unconfined" name="/usr/sbin/haveged" pid=417 comm="apparmor_parser"
2025-02-11T02:26:54.217570+00:00 sonic kernel: [    6.442323] audit: type=1400 audit(1739240813.028:3): apparmor="STATUS" operation="profile_load" profile="unconfined" name="nvidia_modprobe" pid=414 comm="apparmor_parser"
2025-02-11T02:26:54.217571+00:00 sonic kernel: [    6.443537] audit: type=1400 audit(1739240813.028:4): apparmor="STATUS" operation="profile_load" profile="unconfined" name="nvidia_modprobe//kmod" pid=414 comm="apparmor_parser"
2025-02-11T02:26:54.217572+00:00 sonic kernel: [    6.464821] audit: type=1400 audit(1739240813.048:5): apparmor="STATUS" operation="profile_load" profile="unconfined" name="lsb_release" pid=413 comm="apparmor_parser"
2025-02-11T02:26:54.217572+00:00 sonic kernel: [    6.475370] input: Power Button as /devices/LNXSYSTM:00/LNXPWRBN:00/input/input4
2025-02-11T02:26:54.217573+00:00 sonic kernel: [    6.489123] ACPI: button: Power Button [PWRF]
2025-02-11T02:26:54.217573+00:00 sonic kernel: [    6.523273] input: PC Speaker as /devices/platform/pcspkr/input/input5
2025-02-11T02:26:54.217574+00:00 sonic kernel: [    6.524402] iTCO_vendor_support: vendor-support=0
2025-02-11T02:26:54.217574+00:00 sonic kernel: [    6.524790] i6300ESB timer 0000:02:0b.0: initialized. heartbeat=30 sec (nowayout=0)
2025-02-11T02:26:54.217575+00:00 sonic kernel: [    6.537558] audit: type=1400 audit(1739240813.124:6): apparmor="STATUS" operation="profile_load" profile="unconfined" name="/usr/sbin/ntpd" pid=418 comm="apparmor_parser"
2025-02-11T02:26:54.217575+00:00 sonic kernel: [    6.541377] iTCO_wdt iTCO_wdt.1.auto: Found a ICH9 TCO device (Version=2, TCOBASE=0x0660)
2025-02-11T02:26:54.217576+00:00 sonic kernel: [    6.548794] iTCO_wdt iTCO_wdt.1.auto: initialized. heartbeat=30 sec (nowayout=0)
2025-02-11T02:26:54.217576+00:00 sonic kernel: [    6.572461] audit: type=1400 audit(1739240813.156:7): apparmor="STATUS" operation="profile_load" profile="unconfined" name="/usr/lib/NetworkManager/nm-dhcp-client.action" pid=415 comm="apparmor_parser"
2025-02-11T02:26:54.217576+00:00 sonic kernel: [    6.573797] audit: type=1400 audit(1739240813.160:8): apparmor="STATUS" operation="profile_load" profile="unconfined" name="/usr/lib/NetworkManager/nm-dhcp-helper" pid=415 comm="apparmor_parser"
2025-02-11T02:26:54.217577+00:00 sonic kernel: [    6.574995] audit: type=1400 audit(1739240813.160:9): apparmor="STATUS" operation="profile_load" profile="unconfined" name="/usr/lib/connman/scripts/dhclient-script" pid=415 comm="apparmor_parser"
2025-02-11T02:26:54.217577+00:00 sonic kernel: [    6.577681] audit: type=1400 audit(1739240813.164:10): apparmor="STATUS" operation="profile_load" profile="unconfined" name="/{,usr/}sbin/dhclient" pid=415 comm="apparmor_parser"
2025-02-11T02:26:54.217581+00:00 sonic kernel: [    6.613559] audit: type=1400 audit(1739240813.200:11): apparmor="STATUS" operation="profile_load" profile="unconfined" name="tcpdump" pid=416 comm="apparmor_parser"
2025-02-11T02:26:54.217581+00:00 sonic kernel: [    6.821212] cryptd: max_cpu_qlen set to 1000
2025-02-11T02:26:54.217581+00:00 sonic kernel: [    6.831130] AVX2 version of gcm_enc/dec engaged.
2025-02-11T02:26:54.217582+00:00 sonic kernel: [    6.831418] AES CTR mode by8 optimization enabled
2025-02-11T02:26:54.217419+00:00 sonic kernel: [    1.178440]     biosdevname=0
2025-02-11T02:26:54.217421+00:00 sonic kernel: [    1.178441]     loop=image-master.766266-3fe020a9c/fs.squashfs
2025-02-11T02:26:54.217422+00:00 sonic kernel: [    1.178442]     loopfstype=squashfs
2025-02-11T02:26:54.217422+00:00 sonic kernel: [    1.178442]     varlog_size=4096
2025-02-11T02:26:54.217423+00:00 sonic kernel: [    1.266354] virtio_ring: module verification failed: signature and/or required key missing - tainting kernel
2025-02-11T02:26:54.217424+00:00 sonic kernel: [    1.269186] lpc_ich 0000:00:1f.0: I/O space for GPIO uninitialized
2025-02-11T02:26:54.217425+00:00 sonic kernel: [    1.271289] e1000: Intel(R) PRO/1000 Network Driver
2025-02-11T02:26:54.217426+00:00 sonic kernel: [    1.271293] e1000: Copyright (c) 1999-2006 Intel Corporation.
2025-02-11T02:26:54.217426+00:00 sonic kernel: [    1.276873] ACPI: \_SB_.GSIA: Enabled at IRQ 16
2025-02-11T02:26:54.217427+00:00 sonic kernel: [    1.277301] i801_smbus 0000:00:1f.3: SMBus using PCI interrupt
2025-02-11T02:26:54.217427+00:00 sonic kernel: [    1.277438] i2c i2c-0: 1/1 memory slots populated (from DMI)
2025-02-11T02:26:54.217428+00:00 sonic kernel: [    1.277440] i2c i2c-0: Memory type 0x07 not supported yet, not instantiating SPD
2025-02-11T02:26:54.217428+00:00 sonic kernel: [    1.284437] input: VirtualPS/2 VMware VMMouse as /devices/platform/i8042/serio1/input/input3
2025-02-11T02:26:54.217429+00:00 sonic kernel: [    1.284492] SCSI subsystem initialized
2025-02-11T02:26:54.217429+00:00 sonic kernel: [    1.285061] input: VirtualPS/2 VMware VMMouse as /devices/platform/i8042/serio1/input/input2
2025-02-11T02:26:54.217429+00:00 sonic kernel: [    1.290592] ACPI: bus type USB registered
2025-02-11T02:26:54.217430+00:00 sonic kernel: [    1.290896] ACPI: \_SB_.GSIE: Enabled at IRQ 20
2025-02-11T02:26:54.217430+00:00 sonic kernel: [    1.291190] usbcore: registered new interface driver usbfs
2025-02-11T02:26:54.217431+00:00 sonic kernel: [    1.291378] usbcore: registered new interface driver hub
2025-02-11T02:26:54.217431+00:00 sonic kernel: [    1.291959] usbcore: registered new device driver usb
2025-02-11T02:26:54.217432+00:00 sonic kernel: [    1.304639] libata version 3.00 loaded.
2025-02-11T02:26:54.217432+00:00 sonic kernel: [    1.305785] virtio_blk virtio1: 10/0/0 default/read/poll queues
2025-02-11T02:26:54.217433+00:00 sonic kernel: [    1.307853] ahci 0000:00:1f.2: version 3.0
2025-02-11T02:26:54.217433+00:00 sonic kernel: [    1.310473] ahci 0000:00:1f.2: AHCI 0001.0000 32 slots 6 ports 1.5 Gbps 0x3f impl SATA mode
2025-02-11T02:26:54.217433+00:00 sonic kernel: [    1.310479] ahci 0000:00:1f.2: flags: 64bit ncq only 
2025-02-11T02:26:54.217434+00:00 sonic kernel: [    1.312701] virtio_blk virtio1: [vda] 33554432 512-byte logical blocks (17.2 GB/16.0 GiB)
2025-02-11T02:26:54.217434+00:00 sonic kernel: [    1.315682] scsi host0: ahci
2025-02-11T02:26:54.217435+00:00 sonic kernel: [    1.315693]  vda: vda1 vda2 vda3
2025-02-11T02:26:54.217435+00:00 sonic kernel: [    1.316012] scsi host1: ahci
2025-02-11T02:26:54.217436+00:00 sonic kernel: [    1.316329] scsi host2: ahci
2025-02-11T02:26:54.217436+00:00 sonic kernel: [    1.316665] scsi host3: ahci
2025-02-11T02:26:54.217436+00:00 sonic kernel: [    1.317159] scsi host4: ahci
2025-02-11T02:26:54.217437+00:00 sonic kernel: [    1.318023] scsi host5: ahci
2025-02-11T02:26:54.217437+00:00 sonic kernel: [    1.318597] ata1: SATA max UDMA/133 abar m4096@0xfe203000 port 0xfe203100 irq 38
2025-02-11T02:26:54.217438+00:00 sonic kernel: [    1.318617] uhci_hcd 0000:02:0a.0: UHCI Host Controller
2025-02-11T02:26:54.217514+00:00 sonic kernel: [    1.318621] ata2: SATA max UDMA/133 abar m4096@0xfe203000 port 0xfe203180 irq 38
2025-02-11T02:26:54.217515+00:00 sonic kernel: [    1.318626] uhci_hcd 0000:02:0a.0: new USB bus registered, assigned bus number 1
2025-02-11T02:26:54.217515+00:00 sonic kernel: [    1.318652] ata3: SATA max UDMA/133 abar m4096@0xfe203000 port 0xfe203200 irq 38
2025-02-11T02:26:54.217516+00:00 sonic kernel: [    1.318673] uhci_hcd 0000:02:0a.0: detected 2 ports
2025-02-11T02:26:54.217516+00:00 sonic kernel: [    1.318679] ata4: SATA max UDMA/133 abar m4096@0xfe203000 port 0xfe203280 irq 38
2025-02-11T02:26:54.217517+00:00 sonic kernel: [    1.318697] ata5: SATA max UDMA/133 abar m4096@0xfe203000 port 0xfe203300 irq 38
2025-02-11T02:26:54.217517+00:00 sonic kernel: [    1.318714] ata6: SATA max UDMA/133 abar m4096@0xfe203000 port 0xfe203380 irq 38
2025-02-11T02:26:54.217518+00:00 sonic kernel: [    1.319013] uhci_hcd 0000:02:0a.0: irq 22, io port 0x0000c240
2025-02-11T02:26:54.217518+00:00 sonic kernel: [    1.319239] usb usb1: New USB device found, idVendor=1d6b, idProduct=0001, bcdDevice= 6.01
2025-02-11T02:26:54.217518+00:00 sonic kernel: [    1.319242] usb usb1: New USB device strings: Mfr=3, Product=2, SerialNumber=1
2025-02-11T02:26:54.217519+00:00 sonic kernel: [    1.319244] usb usb1: Product: UHCI Host Controller
2025-02-11T02:26:54.217519+00:00 sonic kernel: [    1.319245] usb usb1: Manufacturer: Linux 6.1.0-22-2-amd64 uhci_hcd
2025-02-11T02:26:54.217519+00:00 sonic kernel: [    1.319246] usb usb1: SerialNumber: 0000:02:0a.0
2025-02-11T02:26:54.217520+00:00 sonic kernel: [    1.319353] hub 1-0:1.0: USB hub found
2025-02-11T02:26:54.217520+00:00 sonic kernel: [    1.319358] hub 1-0:1.0: 2 ports detected
2025-02-11T02:26:54.217521+00:00 sonic kernel: [    1.632655] ata2: SATA link down (SStatus 0 SControl 300)
2025-02-11T02:26:54.217521+00:00 sonic kernel: [    1.633074] ata3: SATA link down (SStatus 0 SControl 300)
2025-02-11T02:26:54.217522+00:00 sonic kernel: [    1.633478] ata1: SATA link down (SStatus 0 SControl 300)
2025-02-11T02:26:54.217522+00:00 sonic kernel: [    1.636575] ata6: SATA link down (SStatus 0 SControl 300)
2025-02-11T02:26:54.217522+00:00 sonic kernel: [    1.637022] ata4: SATA link down (SStatus 0 SControl 300)
2025-02-11T02:26:54.217523+00:00 sonic kernel: [    1.637581] ata5: SATA link down (SStatus 0 SControl 300)
2025-02-11T02:26:54.217523+00:00 sonic kernel: [    1.722383] e1000 0000:02:01.0 eth0: (PCI:33MHz:32-bit) 52:54:00:70:c9:c2
2025-02-11T02:26:54.217523+00:00 sonic kernel: [    1.722411] e1000 0000:02:01.0 eth0: Intel(R) PRO/1000 Network Connection
2025-02-11T02:26:54.217524+00:00 sonic kernel: [    1.722743] ACPI: \_SB_.GSIH: Enabled at IRQ 23
2025-02-11T02:26:54.217524+00:00 sonic kernel: [    2.162695] e1000 0000:02:02.0 eth1: (PCI:33MHz:32-bit) 52:54:00:6d:5a:2a
2025-02-11T02:26:54.217525+00:00 sonic kernel: [    2.162701] e1000 0000:02:02.0 eth1: Intel(R) PRO/1000 Network Connection
2025-02-11T02:26:54.217525+00:00 sonic kernel: [    2.602092] e1000 0000:02:03.0 eth2: (PCI:33MHz:32-bit) 52:54:00:d7:6c:1d
2025-02-11T02:26:54.217526+00:00 sonic kernel: [    2.602098] e1000 0000:02:03.0 eth2: Intel(R) PRO/1000 Network Connection
2025-02-11T02:26:54.217526+00:00 sonic kernel: [    3.055658] e1000 0000:02:04.0 eth3: (PCI:33MHz:32-bit) 52:54:00:90:1a:e9
2025-02-11T02:26:54.217526+00:00 sonic kernel: [    3.055666] e1000 0000:02:04.0 eth3: Intel(R) PRO/1000 Network Connection
2025-02-11T02:26:54.217527+00:00 sonic kernel: [    3.498107] e1000 0000:02:05.0 eth4: (PCI:33MHz:32-bit) 52:54:00:ff:c9:4a
2025-02-11T02:26:54.217527+00:00 sonic kernel: [    3.498113] e1000 0000:02:05.0 eth4: Intel(R) PRO/1000 Network Connection
2025-02-11T02:26:54.217527+00:00 sonic kernel: [    3.942302] e1000 0000:02:06.0 eth5: (PCI:33MHz:32-bit) 52:54:00:3a:f0:63
2025-02-11T02:26:54.217528+00:00 sonic kernel: [    3.942308] e1000 0000:02:06.0 eth5: Intel(R) PRO/1000 Network Connection
2025-02-11T02:26:54.217528+00:00 sonic kernel: [    4.386302] e1000 0000:02:07.0 eth6: (PCI:33MHz:32-bit) 52:54:00:4c:06:b2
2025-02-11T02:26:54.217528+00:00 sonic kernel: [    4.386309] e1000 0000:02:07.0 eth6: Intel(R) PRO/1000 Network Connection
2025-02-11T02:26:54.217529+00:00 sonic kernel: [    4.826796] e1000 0000:02:08.0 eth7: (PCI:33MHz:32-bit) 52:54:00:92:b8:90
2025-02-11T02:26:54.217530+00:00 sonic kernel: [    4.826802] e1000 0000:02:08.0 eth7: Intel(R) PRO/1000 Network Connection
2025-02-11T02:26:54.217530+00:00 sonic kernel: [    5.266064] e1000 0000:02:09.0 eth8: (PCI:33MHz:32-bit) 52:54:00:87:a9:c3
2025-02-11T02:26:54.217530+00:00 sonic kernel: [    5.266070] e1000 0000:02:09.0 eth8: Intel(R) PRO/1000 Network Connection
2025-02-11T02:26:54.217531+00:00 sonic kernel: [    5.277541] squashfs: version 4.0 (2009/01/31) Phillip Lougher
2025-02-11T02:26:54.217531+00:00 sonic kernel: [    5.427771] EXT4-fs (vda3): mounted filesystem with ordered data mode. Quota mode: none.
2025-02-11T02:26:54.217532+00:00 sonic kernel: [    5.438473] loop: module loaded
2025-02-11T02:26:54.217532+00:00 sonic kernel: [    5.441976] loop0: detected capacity change from 0 to 797992
2025-02-11T02:26:54.217533+00:00 sonic kernel: [    5.639797] loop1: detected capacity change from 0 to 8388608
2025-02-11T02:26:54.217533+00:00 sonic kernel: [    5.682900] EXT4-fs (loop1): mounted filesystem with ordered data mode. Quota mode: none.
2025-02-11T02:26:54.217566+00:00 sonic kernel: [    6.229761] device-mapper: core: CONFIG_IMA_DISABLE_HTABLE is disabled. Duplicate IMA measurements will not be recorded in the IMA log.
2025-02-11T02:26:54.217566+00:00 sonic kernel: [    6.229925] device-mapper: uevent: version 1.0.3
2025-02-11T02:26:54.217567+00:00 sonic kernel: [    6.230129] device-mapper: ioctl: 4.47.0-ioctl (2022-07-28) initialised: dm-devel@redhat.com
2025-02-11T02:26:54.217568+00:00 sonic kernel: [    6.251494] ACPI: bus type drm_connector registered
2025-02-11T02:26:54.217569+00:00 sonic kernel: [    6.254286] fuse: init (API version 7.37)
2025-02-11T02:26:54.217570+00:00 sonic kernel: [    6.417768] audit: type=1400 audit(1739240813.004:2): apparmor="STATUS" operation="profile_load" profile="unconfined" name="/usr/sbin/haveged" pid=417 comm="apparmor_parser"
2025-02-11T02:26:54.217570+00:00 sonic kernel: [    6.442323] audit: type=1400 audit(1739240813.028:3): apparmor="STATUS" operation="profile_load" profile="unconfined" name="nvidia_modprobe" pid=414 comm="apparmor_parser"
2025-02-11T02:26:54.217571+00:00 sonic kernel: [    6.443537] audit: type=1400 audit(1739240813.028:4): apparmor="STATUS" operation="profile_load" profile="unconfined" name="nvidia_modprobe//kmod" pid=414 comm="apparmor_parser"
2025-02-11T02:26:54.217572+00:00 sonic kernel: [    6.464821] audit: type=1400 audit(1739240813.048:5): apparmor="STATUS" operation="profile_load" profile="unconfined" name="lsb_release" pid=413 comm="apparmor_parser"
2025-02-11T02:26:54.217572+00:00 sonic kernel: [    6.475370] input: Power Button as /devices/LNXSYSTM:00/LNXPWRBN:00/input/input4
2025-02-11T02:26:54.217573+00:00 sonic kernel: [    6.489123] ACPI: button: Power Button [PWRF]
2025-02-11T02:26:54.217573+00:00 sonic kernel: [    6.523273] input: PC Speaker as /devices/platform/pcspkr/input/input5
2025-02-11T02:26:54.217574+00:00 sonic kernel: [    6.524402] iTCO_vendor_support: vendor-support=0
2025-02-11T02:26:54.217574+00:00 sonic kernel: [    6.524790] i6300ESB timer 0000:02:0b.0: initialized. heartbeat=30 sec (nowayout=0)
2025-02-11T02:26:54.217575+00:00 sonic kernel: [    6.537558] audit: type=1400 audit(1739240813.124:6): apparmor="STATUS" operation="profile_load" profile="unconfined" name="/usr/sbin/ntpd" pid=418 comm="apparmor_parser"
2025-02-11T02:26:54.217575+00:00 sonic kernel: [    6.541377] iTCO_wdt iTCO_wdt.1.auto: Found a ICH9 TCO device (Version=2, TCOBASE=0x0660)
2025-02-11T02:26:54.217576+00:00 sonic kernel: [    6.548794] iTCO_wdt iTCO_wdt.1.auto: initialized. heartbeat=30 sec (nowayout=0)
2025-02-11T02:26:54.217576+00:00 sonic kernel: [    6.572461] audit: type=1400 audit(1739240813.156:7): apparmor="STATUS" operation="profile_load" profile="unconfined" name="/usr/lib/NetworkManager/nm-dhcp-client.action" pid=415 comm="apparmor_parser"
2025-02-11T02:26:54.217576+00:00 sonic kernel: [    6.573797] audit: type=1400 audit(1739240813.160:8): apparmor="STATUS" operation="profile_load" profile="unconfined" name="/usr/lib/NetworkManager/nm-dhcp-helper" pid=415 comm="apparmor_parser"
2025-02-11T02:26:54.217577+00:00 sonic kernel: [    6.574995] audit: type=1400 audit(1739240813.160:9): apparmor="STATUS" operation="profile_load" profile="unconfined" name="/usr/lib/connman/scripts/dhclient-script" pid=415 comm="apparmor_parser"
2025-02-11T02:26:54.217577+00:00 sonic kernel: [    6.577681] audit: type=1400 audit(1739240813.164:10): apparmor="STATUS" operation="profile_load" profile="unconfined" name="/{,usr/}sbin/dhclient" pid=415 comm="apparmor_parser"
2025-02-11T02:26:54.217581+00:00 sonic kernel: [    6.613559] audit: type=1400 audit(1739240813.200:11): apparmor="STATUS" operation="profile_load" profile="unconfined" name="tcpdump" pid=416 comm="apparmor_parser"
2025-02-11T02:26:54.217581+00:00 sonic kernel: [    6.821212] cryptd: max_cpu_qlen set to 1000
2025-02-11T02:26:54.217581+00:00 sonic kernel: [    6.831130] AVX2 version of gcm_enc/dec engaged.
2025-02-11T02:26:54.217582+00:00 sonic kernel: [    6.831418] AES CTR mode by8 optimization enabled
2025-02-11T02:26:54.220958+00:00 sonic rc.local[782]: + onie_build_platform=x86_64-kvm_x86_64_4_asic-r0
2025-02-11T02:26:54.220958+00:00 sonic rc.local[782]: + onie_build_platform=x86_64-kvm_x86_64_4_asic-r0
2025-02-11T02:26:54.225934+00:00 sonic rc.local[782]: + onie_config_version=1
2025-02-11T02:26:54.225934+00:00 sonic rc.local[782]: + onie_config_version=1
2025-02-11T02:26:54.229174+00:00 sonic rc.local[782]: + onie_dev=/dev/vda2
2025-02-11T02:26:54.229174+00:00 sonic rc.local[782]: + onie_dev=/dev/vda2
2025-02-11T02:26:54.231502+00:00 sonic rc.local[782]: + onie_disco_boot_reason=install
2025-02-11T02:26:54.231502+00:00 sonic rc.local[782]: + onie_disco_boot_reason=install
2025-02-11T02:26:54.234914+00:00 sonic rc.local[782]: + onie_disco_dns=10.0.2.3
2025-02-11T02:26:54.234914+00:00 sonic rc.local[782]: + onie_disco_dns=10.0.2.3
2025-02-11T02:26:54.237193+00:00 sonic rc.local[782]: + onie_disco_interface=eth0
2025-02-11T02:26:54.237193+00:00 sonic rc.local[782]: + onie_disco_interface=eth0
2025-02-11T02:26:54.239256+00:00 sonic rc.local[782]: + onie_disco_ip=10.0.2.15
2025-02-11T02:26:54.239256+00:00 sonic rc.local[782]: + onie_disco_ip=10.0.2.15
2025-02-11T02:26:54.241155+00:00 sonic rc.local[782]: + onie_disco_lease=86400
2025-02-11T02:26:54.241155+00:00 sonic rc.local[782]: + onie_disco_lease=86400
2025-02-11T02:26:54.243220+00:00 sonic rc.local[782]: + onie_disco_mask=24
2025-02-11T02:26:54.243220+00:00 sonic rc.local[782]: + onie_disco_mask=24
2025-02-11T02:26:54.244975+00:00 sonic rc.local[782]: + onie_disco_opt53=05
2025-02-11T02:26:54.244975+00:00 sonic rc.local[782]: + onie_disco_opt53=05
2025-02-11T02:26:54.246992+00:00 sonic rc.local[782]: + onie_disco_router=10.0.2.2
2025-02-11T02:26:54.246992+00:00 sonic rc.local[782]: + onie_disco_router=10.0.2.2
2025-02-11T02:26:54.249702+00:00 sonic rc.local[782]: + onie_disco_serverid=10.0.2.2
2025-02-11T02:26:54.249702+00:00 sonic rc.local[782]: + onie_disco_serverid=10.0.2.2
2025-02-11T02:26:54.252454+00:00 sonic rc.local[782]: + onie_disco_siaddr=10.0.2.2
2025-02-11T02:26:54.252454+00:00 sonic rc.local[782]: + onie_disco_siaddr=10.0.2.2
2025-02-11T02:26:54.255122+00:00 sonic rc.local[782]: + onie_disco_subnet=255.255.255.0
2025-02-11T02:26:54.255122+00:00 sonic rc.local[782]: + onie_disco_subnet=255.255.255.0
2025-02-11T02:26:54.258052+00:00 sonic rc.local[782]: + onie_exec_url=file://dev/vdb/onie-installer.bin
2025-02-11T02:26:54.258052+00:00 sonic rc.local[782]: + onie_exec_url=file://dev/vdb/onie-installer.bin
2025-02-11T02:26:54.261412+00:00 sonic rc.local[782]: + onie_firmware=auto
2025-02-11T02:26:54.261412+00:00 sonic rc.local[782]: + onie_firmware=auto
2025-02-11T02:26:54.265102+00:00 sonic rc.local[782]: + onie_grub_image_name=shimx64.efi
2025-02-11T02:26:54.265102+00:00 sonic rc.local[782]: + onie_grub_image_name=shimx64.efi
2025-02-11T02:26:54.268309+00:00 sonic rc.local[782]: + onie_initrd_tmp=/
2025-02-11T02:26:54.268309+00:00 sonic rc.local[782]: + onie_initrd_tmp=/
2025-02-11T02:26:54.271216+00:00 sonic rc.local[782]: + onie_installer=/var/tmp/installer
2025-02-11T02:26:54.271216+00:00 sonic rc.local[782]: + onie_installer=/var/tmp/installer
2025-02-11T02:26:54.273974+00:00 sonic rc.local[782]: + onie_kernel_version=4.9.95
2025-02-11T02:26:54.273974+00:00 sonic rc.local[782]: + onie_kernel_version=4.9.95
2025-02-11T02:26:54.277157+00:00 sonic rc.local[782]: + onie_local_parts=
2025-02-11T02:26:54.277157+00:00 sonic rc.local[782]: + onie_local_parts=
2025-02-11T02:26:54.279542+00:00 sonic rc.local[782]: + onie_machine=kvm_x86_64_4_asic
2025-02-11T02:26:54.279542+00:00 sonic rc.local[782]: + onie_machine=kvm_x86_64_4_asic
2025-02-11T02:26:54.282496+00:00 sonic rc.local[782]: + onie_machine_rev=0
2025-02-11T02:26:54.282496+00:00 sonic rc.local[782]: + onie_machine_rev=0
2025-02-11T02:26:54.285211+00:00 sonic rc.local[782]: + onie_neighs=[fe80::2-eth0],
2025-02-11T02:26:54.285211+00:00 sonic rc.local[782]: + onie_neighs=[fe80::2-eth0],
2025-02-11T02:26:54.288321+00:00 sonic rc.local[782]: + onie_partition_type=gpt
2025-02-11T02:26:54.288321+00:00 sonic rc.local[782]: + onie_partition_type=gpt
2025-02-11T02:26:54.290991+00:00 sonic rc.local[782]: + onie_platform=x86_64-kvm_x86_64_4_asic-r0
2025-02-11T02:26:54.290991+00:00 sonic rc.local[782]: + onie_platform=x86_64-kvm_x86_64_4_asic-r0
2025-02-11T02:26:54.295109+00:00 sonic rc.local[782]: + onie_root_dir=/mnt/onie-boot/onie
2025-02-11T02:26:54.295109+00:00 sonic rc.local[782]: + onie_root_dir=/mnt/onie-boot/onie
2025-02-11T02:26:54.297942+00:00 sonic rc.local[782]: + onie_secure_boot=yes
2025-02-11T02:26:54.297942+00:00 sonic rc.local[782]: + onie_secure_boot=yes
2025-02-11T02:26:54.300809+00:00 sonic rc.local[782]: + onie_skip_ethmgmt_macs=yes
2025-02-11T02:26:54.300809+00:00 sonic rc.local[782]: + onie_skip_ethmgmt_macs=yes
2025-02-11T02:26:54.304019+00:00 sonic rc.local[782]: + onie_switch_asic=qemu
2025-02-11T02:26:54.304019+00:00 sonic rc.local[782]: + onie_switch_asic=qemu
2025-02-11T02:26:54.306240+00:00 sonic rc.local[782]: + onie_uefi_arch=x64
2025-02-11T02:26:54.306240+00:00 sonic rc.local[782]: + onie_uefi_arch=x64
2025-02-11T02:26:54.309216+00:00 sonic rc.local[782]: + onie_uefi_boot_loader=shimx64.efi
2025-02-11T02:26:54.311708+00:00 sonic rc.local[782]: + onie_vendor_id=42623
2025-02-11T02:26:54.309216+00:00 sonic rc.local[782]: + onie_uefi_boot_loader=shimx64.efi
2025-02-11T02:26:54.311708+00:00 sonic rc.local[782]: + onie_vendor_id=42623
2025-02-11T02:26:54.314119+00:00 sonic rc.local[782]: + onie_version=2021.02-dirty
2025-02-11T02:26:54.314119+00:00 sonic rc.local[782]: + onie_version=2021.02-dirty
2025-02-11T02:26:54.316888+00:00 sonic rc.local[782]: + program_console_speed
2025-02-11T02:26:54.316888+00:00 sonic rc.local[782]: + program_console_speed
2025-02-11T02:26:54.318797+00:00 sonic systemd[1]: Starting systemd-logind.service - User Login Management...
2025-02-11T02:26:54.319092+00:00 sonic rsyslogd: imuxsock: Acquired UNIX socket '/run/systemd/journal/syslog' (fd 3) from systemd.  [v8.2302.0]
2025-02-11T02:26:54.319240+00:00 sonic rc.local[799]: + cat /proc/cmdline
2025-02-11T02:26:54.318797+00:00 sonic systemd[1]: Starting systemd-logind.service - User Login Management...
2025-02-11T02:26:54.319092+00:00 sonic rsyslogd: imuxsock: Acquired UNIX socket '/run/systemd/journal/syslog' (fd 3) from systemd.  [v8.2302.0]
2025-02-11T02:26:54.319240+00:00 sonic rc.local[799]: + cat /proc/cmdline
2025-02-11T02:26:54.320996+00:00 sonic monit[772]: Starting daemon monitor: monit.
2025-02-11T02:26:54.321115+00:00 sonic sysfsutils[789]: Setting sysfs variables......done.
2025-02-11T02:26:54.321353+00:00 sonic systemd[1]: systemd-pcrphase.service - TPM2 PCR Barrier (User) was skipped because of an unmet condition check (ConditionPathExists=/sys/firmware/efi/efivars/StubPcrKernelImage-4a67b082-0a4c-41cf-b6c7-440b29bb8c4f).
2025-02-11T02:26:54.321393+00:00 sonic rsyslogd: [origin software="rsyslogd" swVersion="8.2302.0" x-pid="783" x-info="https://www.rsyslog.com"] start
2025-02-11T02:26:54.321584+00:00 sonic rc.local[800]: + grep -Eo console=tty(S|AMA)[0-9]+,[0-9]+
2025-02-11T02:26:54.320996+00:00 sonic monit[772]: Starting daemon monitor: monit.
2025-02-11T02:26:54.321115+00:00 sonic sysfsutils[789]: Setting sysfs variables......done.
2025-02-11T02:26:54.321353+00:00 sonic systemd[1]: systemd-pcrphase.service - TPM2 PCR Barrier (User) was skipped because of an unmet condition check (ConditionPathExists=/sys/firmware/efi/efivars/StubPcrKernelImage-4a67b082-0a4c-41cf-b6c7-440b29bb8c4f).
2025-02-11T02:26:54.321393+00:00 sonic rsyslogd: [origin software="rsyslogd" swVersion="8.2302.0" x-pid="783" x-info="https://www.rsyslog.com"] start
2025-02-11T02:26:54.321584+00:00 sonic rc.local[800]: + grep -Eo console=tty(S|AMA)[0-9]+,[0-9]+
2025-02-11T02:26:54.323948+00:00 sonic systemd[1]: Starting systemd-user-sessions.service - Permit User Sessions...
2025-02-11T02:26:54.324040+00:00 sonic monit[816]:  New Monit id: 74c40208cfe597e333991011afd1dad6#012 Stored in '/dev/shm/monit/id'
2025-02-11T02:26:54.324130+00:00 sonic rc.local[803]: + cut -d , -f2
2025-02-11T02:26:54.327043+00:00 sonic systemd[1]: ntpsec-systemd-netif.service: Deactivated successfully.
2025-02-11T02:26:54.327142+00:00 sonic monit[816]: Starting Monit 5.20.0 daemon with http interface at /var/run/monit.sock
2025-02-11T02:26:54.327193+00:00 sonic rc.local[782]: + speed=115200
2025-02-11T02:26:54.323948+00:00 sonic systemd[1]: Starting systemd-user-sessions.service - Permit User Sessions...
2025-02-11T02:26:54.324040+00:00 sonic monit[816]:  New Monit id: 74c40208cfe597e333991011afd1dad6#012 Stored in '/dev/shm/monit/id'
2025-02-11T02:26:54.324130+00:00 sonic rc.local[803]: + cut -d , -f2
2025-02-11T02:26:54.327043+00:00 sonic systemd[1]: ntpsec-systemd-netif.service: Deactivated successfully.
2025-02-11T02:26:54.327142+00:00 sonic monit[816]: Starting Monit 5.20.0 daemon with http interface at /var/run/monit.sock
2025-02-11T02:26:54.327193+00:00 sonic rc.local[782]: + speed=115200
2025-02-11T02:26:54.328839+00:00 sonic rc.local[782]: + [ -z 115200 ]
2025-02-11T02:26:54.328839+00:00 sonic rc.local[782]: + [ -z 115200 ]
2025-02-11T02:26:54.331684+00:00 sonic rc.local[782]: + CONSOLE_SPEED=115200
2025-02-11T02:26:54.333964+00:00 sonic systemd[1]: Finished systemd-user-sessions.service - Permit User Sessions.
2025-02-11T02:26:54.334021+00:00 sonic monit[816]: Monit start delay set to 300s
2025-02-11T02:26:54.334129+00:00 sonic rc.local[808]: + grep keep-baud
2025-02-11T02:26:54.331684+00:00 sonic rc.local[782]: + CONSOLE_SPEED=115200
2025-02-11T02:26:54.333964+00:00 sonic systemd[1]: Finished systemd-user-sessions.service - Permit User Sessions.
2025-02-11T02:26:54.334021+00:00 sonic monit[816]: Monit start delay set to 300s
2025-02-11T02:26:54.334129+00:00 sonic rc.local[808]: + grep keep-baud
2025-02-11T02:26:54.336218+00:00 sonic systemd[1]: e2scrub_reap.service: Deactivated successfully.
2025-02-11T02:26:54.336341+00:00 sonic rc.local[807]: + grep agetty /lib/systemd/system/serial-getty@.service
2025-02-11T02:26:54.336218+00:00 sonic systemd[1]: e2scrub_reap.service: Deactivated successfully.
2025-02-11T02:26:54.336341+00:00 sonic rc.local[807]: + grep agetty /lib/systemd/system/serial-getty@.service
2025-02-11T02:26:54.341843+00:00 sonic systemd[1]: Finished e2scrub_reap.service - Remove Stale Online ext4 Metadata Check Snapshots.
2025-02-11T02:26:54.341980+00:00 sonic rc.local[808]: ExecStart=-/sbin/agetty -o '-p -- \\u' --keep-baud 115200,57600,38400,9600 - $TERM
2025-02-11T02:26:54.341843+00:00 sonic systemd[1]: Finished e2scrub_reap.service - Remove Stale Online ext4 Metadata Check Snapshots.
2025-02-11T02:26:54.341980+00:00 sonic rc.local[808]: ExecStart=-/sbin/agetty -o '-p -- \\u' --keep-baud 115200,57600,38400,9600 - $TERM
2025-02-11T02:26:54.348391+00:00 sonic systemd[1]: Started kexec-load.service - LSB: Load kernel image with kexec.
2025-02-11T02:26:54.348466+00:00 sonic rc.local[782]: + [ 0 = 0 ]
2025-02-11T02:26:54.348391+00:00 sonic systemd[1]: Started kexec-load.service - LSB: Load kernel image with kexec.
2025-02-11T02:26:54.348466+00:00 sonic rc.local[782]: + [ 0 = 0 ]
2025-02-11T02:26:54.351655+00:00 sonic rc.local[782]: + sed -i s|\-\-keep\-baud .* %I| 115200 %I|g /lib/systemd/system/serial-getty@.service
2025-02-11T02:26:54.351655+00:00 sonic rc.local[782]: + sed -i s|\-\-keep\-baud .* %I| 115200 %I|g /lib/systemd/system/serial-getty@.service
2025-02-11T02:26:54.357550+00:00 sonic rc.local[782]: + systemctl daemon-reload
2025-02-11T02:26:54.357550+00:00 sonic rc.local[782]: + systemctl daemon-reload
2025-02-11T02:26:54.359741+00:00 sonic systemd[1]: Finished sysstat.service - Resets System Activity Logs.
2025-02-11T02:26:54.359741+00:00 sonic systemd[1]: Finished sysstat.service - Resets System Activity Logs.
2025-02-11T02:26:54.359803+00:00 sonic systemd[1]: Started sysfsutils.service - LSB: Set sysfs variables from /etc/sysfs.conf.
2025-02-11T02:26:54.359839+00:00 sonic systemd[1]: Started dbus.service - D-Bus System Message Bus.
2025-02-11T02:26:54.359908+00:00 sonic systemd[1]: nvmf-autoconnect.service: Deactivated successfully.
2025-02-11T02:26:54.359958+00:00 sonic systemd[1]: Finished nvmf-autoconnect.service - Connect NVMe-oF subsystems automatically during boot.
2025-02-11T02:26:54.360002+00:00 sonic systemd[1]: Started rsyslog.service - System Logging Service.
2025-02-11T02:26:54.359803+00:00 sonic systemd[1]: Started sysfsutils.service - LSB: Set sysfs variables from /etc/sysfs.conf.
2025-02-11T02:26:54.359839+00:00 sonic systemd[1]: Started dbus.service - D-Bus System Message Bus.
2025-02-11T02:26:54.359908+00:00 sonic systemd[1]: nvmf-autoconnect.service: Deactivated successfully.
2025-02-11T02:26:54.359958+00:00 sonic systemd[1]: Finished nvmf-autoconnect.service - Connect NVMe-oF subsystems automatically during boot.
2025-02-11T02:26:54.360002+00:00 sonic systemd[1]: Started rsyslog.service - System Logging Service.
2025-02-11T02:26:54.360379+00:00 sonic ras-mc-ctl[781]: ras-mc-ctl: Error: No dimm labels for QEMU model Standard PC (Q35 + ICH9, 2009)
2025-02-11T02:26:54.360379+00:00 sonic ras-mc-ctl[781]: ras-mc-ctl: Error: No dimm labels for QEMU model Standard PC (Q35 + ICH9, 2009)
2025-02-11T02:26:54.360475+00:00 sonic systemd[1]: Reloading.
2025-02-11T02:26:54.360475+00:00 sonic systemd[1]: Reloading.
2025-02-11T02:26:54.391365+00:00 sonic systemd[1]: /lib/systemd/system/tacacs-config.timer:14: Unknown section 'Service'. Ignoring.
2025-02-11T02:26:54.391365+00:00 sonic systemd[1]: /lib/systemd/system/tacacs-config.timer:14: Unknown section 'Service'. Ignoring.
2025-02-11T02:26:54.396522+00:00 sonic containerd[797]: time="2025-02-11T02:26:54Z" level=warning msg="containerd config version `1` has been deprecated and will be removed in containerd v2.0, please switch to version `2`, see https://github.com/containerd/containerd/blob/main/docs/PLUGINS.md#version-header"
2025-02-11T02:26:54.396522+00:00 sonic containerd[797]: time="2025-02-11T02:26:54Z" level=warning msg="containerd config version `1` has been deprecated and will be removed in containerd v2.0, please switch to version `2`, see https://github.com/containerd/containerd/blob/main/docs/PLUGINS.md#version-header"
2025-02-11T02:26:54.397269+00:00 sonic containerd[797]: time="2025-02-11T02:26:54.397179673Z" level=info msg="starting containerd" revision=3dce8eb055cbb6872793272b4f20ed16117344f8 version=1.6.21
2025-02-11T02:26:54.397269+00:00 sonic containerd[797]: time="2025-02-11T02:26:54.397179673Z" level=info msg="starting containerd" revision=3dce8eb055cbb6872793272b4f20ed16117344f8 version=1.6.21
2025-02-11T02:26:54.412922+00:00 sonic containerd[797]: time="2025-02-11T02:26:54.412798324Z" level=info msg="loading plugin \"io.containerd.content.v1.content\"..." type=io.containerd.content.v1
2025-02-11T02:26:54.412922+00:00 sonic containerd[797]: time="2025-02-11T02:26:54.412798324Z" level=info msg="loading plugin \"io.containerd.content.v1.content\"..." type=io.containerd.content.v1
2025-02-11T02:26:54.413051+00:00 sonic containerd[797]: time="2025-02-11T02:26:54.412996051Z" level=info msg="loading plugin \"io.containerd.snapshotter.v1.aufs\"..." type=io.containerd.snapshotter.v1
2025-02-11T02:26:54.413051+00:00 sonic containerd[797]: time="2025-02-11T02:26:54.412996051Z" level=info msg="loading plugin \"io.containerd.snapshotter.v1.aufs\"..." type=io.containerd.snapshotter.v1
2025-02-11T02:26:54.416144+00:00 sonic containerd[797]: time="2025-02-11T02:26:54.416045036Z" level=info msg="skip loading plugin \"io.containerd.snapshotter.v1.aufs\"..." error="aufs is not supported (modprobe aufs failed: exit status 1 \"modprobe: FATAL: Module aufs not found in directory /lib/modules/6.1.0-22-2-amd64\\n\"): skip plugin" type=io.containerd.snapshotter.v1
2025-02-11T02:26:54.416204+00:00 sonic containerd[797]: time="2025-02-11T02:26:54.416086557Z" level=info msg="loading plugin \"io.containerd.snapshotter.v1.btrfs\"..." type=io.containerd.snapshotter.v1
2025-02-11T02:26:54.416144+00:00 sonic containerd[797]: time="2025-02-11T02:26:54.416045036Z" level=info msg="skip loading plugin \"io.containerd.snapshotter.v1.aufs\"..." error="aufs is not supported (modprobe aufs failed: exit status 1 \"modprobe: FATAL: Module aufs not found in directory /lib/modules/6.1.0-22-2-amd64\\n\"): skip plugin" type=io.containerd.snapshotter.v1
2025-02-11T02:26:54.416204+00:00 sonic containerd[797]: time="2025-02-11T02:26:54.416086557Z" level=info msg="loading plugin \"io.containerd.snapshotter.v1.btrfs\"..." type=io.containerd.snapshotter.v1
2025-02-11T02:26:54.416422+00:00 sonic containerd[797]: time="2025-02-11T02:26:54.416344848Z" level=info msg="skip loading plugin \"io.containerd.snapshotter.v1.btrfs\"..." error="path /var/lib/containerd/io.containerd.snapshotter.v1.btrfs (overlay) must be a btrfs filesystem to be used with the btrfs snapshotter: skip plugin" type=io.containerd.snapshotter.v1
2025-02-11T02:26:54.416474+00:00 sonic containerd[797]: time="2025-02-11T02:26:54.416376815Z" level=info msg="loading plugin \"io.containerd.snapshotter.v1.devmapper\"..." type=io.containerd.snapshotter.v1
2025-02-11T02:26:54.416422+00:00 sonic containerd[797]: time="2025-02-11T02:26:54.416344848Z" level=info msg="skip loading plugin \"io.containerd.snapshotter.v1.btrfs\"..." error="path /var/lib/containerd/io.containerd.snapshotter.v1.btrfs (overlay) must be a btrfs filesystem to be used with the btrfs snapshotter: skip plugin" type=io.containerd.snapshotter.v1
2025-02-11T02:26:54.416474+00:00 sonic containerd[797]: time="2025-02-11T02:26:54.416376815Z" level=info msg="loading plugin \"io.containerd.snapshotter.v1.devmapper\"..." type=io.containerd.snapshotter.v1
2025-02-11T02:26:54.416504+00:00 sonic containerd[797]: time="2025-02-11T02:26:54.416390554Z" level=warning msg="failed to load plugin io.containerd.snapshotter.v1.devmapper" error="devmapper not configured"
2025-02-11T02:26:54.416504+00:00 sonic containerd[797]: time="2025-02-11T02:26:54.416390554Z" level=warning msg="failed to load plugin io.containerd.snapshotter.v1.devmapper" error="devmapper not configured"
2025-02-11T02:26:54.416535+00:00 sonic containerd[797]: time="2025-02-11T02:26:54.416400411Z" level=info msg="loading plugin \"io.containerd.snapshotter.v1.native\"..." type=io.containerd.snapshotter.v1
2025-02-11T02:26:54.416535+00:00 sonic containerd[797]: time="2025-02-11T02:26:54.416400411Z" level=info msg="loading plugin \"io.containerd.snapshotter.v1.native\"..." type=io.containerd.snapshotter.v1
2025-02-11T02:26:54.416594+00:00 sonic containerd[797]: time="2025-02-11T02:26:54.416484302Z" level=info msg="loading plugin \"io.containerd.snapshotter.v1.overlayfs\"..." type=io.containerd.snapshotter.v1
2025-02-11T02:26:54.416594+00:00 sonic containerd[797]: time="2025-02-11T02:26:54.416484302Z" level=info msg="loading plugin \"io.containerd.snapshotter.v1.overlayfs\"..." type=io.containerd.snapshotter.v1
2025-02-11T02:26:54.416790+00:00 sonic containerd[797]: time="2025-02-11T02:26:54.416719768Z" level=info msg="loading plugin \"io.containerd.snapshotter.v1.zfs\"..." type=io.containerd.snapshotter.v1
2025-02-11T02:26:54.416790+00:00 sonic containerd[797]: time="2025-02-11T02:26:54.416719768Z" level=info msg="loading plugin \"io.containerd.snapshotter.v1.zfs\"..." type=io.containerd.snapshotter.v1
2025-02-11T02:26:54.417008+00:00 sonic containerd[797]: time="2025-02-11T02:26:54.416935984Z" level=info msg="skip loading plugin \"io.containerd.snapshotter.v1.zfs\"..." error="path /var/lib/containerd/io.containerd.snapshotter.v1.zfs must be a zfs filesystem to be used with the zfs snapshotter: skip plugin" type=io.containerd.snapshotter.v1
2025-02-11T02:26:54.417062+00:00 sonic containerd[797]: time="2025-02-11T02:26:54.416967275Z" level=info msg="loading plugin \"io.containerd.metadata.v1.bolt\"..." type=io.containerd.metadata.v1
2025-02-11T02:26:54.417008+00:00 sonic containerd[797]: time="2025-02-11T02:26:54.416935984Z" level=info msg="skip loading plugin \"io.containerd.snapshotter.v1.zfs\"..." error="path /var/lib/containerd/io.containerd.snapshotter.v1.zfs must be a zfs filesystem to be used with the zfs snapshotter: skip plugin" type=io.containerd.snapshotter.v1
2025-02-11T02:26:54.417062+00:00 sonic containerd[797]: time="2025-02-11T02:26:54.416967275Z" level=info msg="loading plugin \"io.containerd.metadata.v1.bolt\"..." type=io.containerd.metadata.v1
2025-02-11T02:26:54.417107+00:00 sonic containerd[797]: time="2025-02-11T02:26:54.417026539Z" level=warning msg="could not use snapshotter devmapper in metadata plugin" error="devmapper not configured"
2025-02-11T02:26:54.417107+00:00 sonic containerd[797]: time="2025-02-11T02:26:54.417026539Z" level=warning msg="could not use snapshotter devmapper in metadata plugin" error="devmapper not configured"
2025-02-11T02:26:54.417148+00:00 sonic containerd[797]: time="2025-02-11T02:26:54.417038962Z" level=info msg="metadata content store policy set" policy=shared
2025-02-11T02:26:54.417148+00:00 sonic containerd[797]: time="2025-02-11T02:26:54.417038962Z" level=info msg="metadata content store policy set" policy=shared
2025-02-11T02:26:54.454499+00:00 sonic containerd[797]: time="2025-02-11T02:26:54.454347260Z" level=info msg="loading plugin \"io.containerd.differ.v1.walking\"..." type=io.containerd.differ.v1
2025-02-11T02:26:54.454578+00:00 sonic containerd[797]: time="2025-02-11T02:26:54.454404930Z" level=info msg="loading plugin \"io.containerd.event.v1.exchange\"..." type=io.containerd.event.v1
2025-02-11T02:26:54.454610+00:00 sonic containerd[797]: time="2025-02-11T02:26:54.454420259Z" level=info msg="loading plugin \"io.containerd.gc.v1.scheduler\"..." type=io.containerd.gc.v1
2025-02-11T02:26:54.454499+00:00 sonic containerd[797]: time="2025-02-11T02:26:54.454347260Z" level=info msg="loading plugin \"io.containerd.differ.v1.walking\"..." type=io.containerd.differ.v1
2025-02-11T02:26:54.454578+00:00 sonic containerd[797]: time="2025-02-11T02:26:54.454404930Z" level=info msg="loading plugin \"io.containerd.event.v1.exchange\"..." type=io.containerd.event.v1
2025-02-11T02:26:54.454610+00:00 sonic containerd[797]: time="2025-02-11T02:26:54.454420259Z" level=info msg="loading plugin \"io.containerd.gc.v1.scheduler\"..." type=io.containerd.gc.v1
2025-02-11T02:26:54.454661+00:00 sonic containerd[797]: time="2025-02-11T02:26:54.454474670Z" level=info msg="loading plugin \"io.containerd.service.v1.introspection-service\"..." type=io.containerd.service.v1
2025-02-11T02:26:54.454661+00:00 sonic containerd[797]: time="2025-02-11T02:26:54.454474670Z" level=info msg="loading plugin \"io.containerd.service.v1.introspection-service\"..." type=io.containerd.service.v1
2025-02-11T02:26:54.454709+00:00 sonic containerd[797]: time="2025-02-11T02:26:54.454499340Z" level=info msg="loading plugin \"io.containerd.service.v1.containers-service\"..." type=io.containerd.service.v1
2025-02-11T02:26:54.454709+00:00 sonic containerd[797]: time="2025-02-11T02:26:54.454499340Z" level=info msg="loading plugin \"io.containerd.service.v1.containers-service\"..." type=io.containerd.service.v1
2025-02-11T02:26:54.454738+00:00 sonic containerd[797]: time="2025-02-11T02:26:54.454521259Z" level=info msg="loading plugin \"io.containerd.service.v1.content-service\"..." type=io.containerd.service.v1
2025-02-11T02:26:54.454780+00:00 sonic containerd[797]: time="2025-02-11T02:26:54.454541175Z" level=info msg="loading plugin \"io.containerd.service.v1.diff-service\"..." type=io.containerd.service.v1
2025-02-11T02:26:54.454738+00:00 sonic containerd[797]: time="2025-02-11T02:26:54.454521259Z" level=info msg="loading plugin \"io.containerd.service.v1.content-service\"..." type=io.containerd.service.v1
2025-02-11T02:26:54.454780+00:00 sonic containerd[797]: time="2025-02-11T02:26:54.454541175Z" level=info msg="loading plugin \"io.containerd.service.v1.diff-service\"..." type=io.containerd.service.v1
2025-02-11T02:26:54.454814+00:00 sonic containerd[797]: time="2025-02-11T02:26:54.454565255Z" level=info msg="loading plugin \"io.containerd.service.v1.images-service\"..." type=io.containerd.service.v1
2025-02-11T02:26:54.454814+00:00 sonic containerd[797]: time="2025-02-11T02:26:54.454565255Z" level=info msg="loading plugin \"io.containerd.service.v1.images-service\"..." type=io.containerd.service.v1
2025-02-11T02:26:54.454887+00:00 sonic containerd[797]: time="2025-02-11T02:26:54.454622406Z" level=info msg="loading plugin \"io.containerd.service.v1.leases-service\"..." type=io.containerd.service.v1
2025-02-11T02:26:54.454887+00:00 sonic containerd[797]: time="2025-02-11T02:26:54.454622406Z" level=info msg="loading plugin \"io.containerd.service.v1.leases-service\"..." type=io.containerd.service.v1
2025-02-11T02:26:54.454941+00:00 sonic containerd[797]: time="2025-02-11T02:26:54.454650650Z" level=info msg="loading plugin \"io.containerd.service.v1.namespaces-service\"..." type=io.containerd.service.v1
2025-02-11T02:26:54.454941+00:00 sonic containerd[797]: time="2025-02-11T02:26:54.454650650Z" level=info msg="loading plugin \"io.containerd.service.v1.namespaces-service\"..." type=io.containerd.service.v1
2025-02-11T02:26:54.454983+00:00 sonic containerd[797]: time="2025-02-11T02:26:54.454668253Z" level=info msg="loading plugin \"io.containerd.service.v1.snapshots-service\"..." type=io.containerd.service.v1
2025-02-11T02:26:54.454983+00:00 sonic containerd[797]: time="2025-02-11T02:26:54.454668253Z" level=info msg="loading plugin \"io.containerd.service.v1.snapshots-service\"..." type=io.containerd.service.v1
2025-02-11T02:26:54.455013+00:00 sonic containerd[797]: time="2025-02-11T02:26:54.454682832Z" level=info msg="loading plugin \"io.containerd.runtime.v1.linux\"..." type=io.containerd.runtime.v1
2025-02-11T02:26:54.455013+00:00 sonic containerd[797]: time="2025-02-11T02:26:54.454682832Z" level=info msg="loading plugin \"io.containerd.runtime.v1.linux\"..." type=io.containerd.runtime.v1
2025-02-11T02:26:54.455042+00:00 sonic containerd[797]: time="2025-02-11T02:26:54.454815234Z" level=info msg="loading plugin \"io.containerd.runtime.v2.task\"..." type=io.containerd.runtime.v2
2025-02-11T02:26:54.455042+00:00 sonic containerd[797]: time="2025-02-11T02:26:54.454815234Z" level=info msg="loading plugin \"io.containerd.runtime.v2.task\"..." type=io.containerd.runtime.v2
2025-02-11T02:26:54.455079+00:00 sonic containerd[797]: time="2025-02-11T02:26:54.454939794Z" level=info msg="loading plugin \"io.containerd.monitor.v1.cgroups\"..." type=io.containerd.monitor.v1
2025-02-11T02:26:54.455079+00:00 sonic containerd[797]: time="2025-02-11T02:26:54.454939794Z" level=info msg="loading plugin \"io.containerd.monitor.v1.cgroups\"..." type=io.containerd.monitor.v1
2025-02-11T02:26:54.455509+00:00 sonic containerd[797]: time="2025-02-11T02:26:54.455421591Z" level=info msg="loading plugin \"io.containerd.service.v1.tasks-service\"..." type=io.containerd.service.v1
2025-02-11T02:26:54.455562+00:00 sonic containerd[797]: time="2025-02-11T02:26:54.455481592Z" level=info msg="loading plugin \"io.containerd.grpc.v1.introspection\"..." type=io.containerd.grpc.v1
2025-02-11T02:26:54.455509+00:00 sonic containerd[797]: time="2025-02-11T02:26:54.455421591Z" level=info msg="loading plugin \"io.containerd.service.v1.tasks-service\"..." type=io.containerd.service.v1
2025-02-11T02:26:54.455562+00:00 sonic containerd[797]: time="2025-02-11T02:26:54.455481592Z" level=info msg="loading plugin \"io.containerd.grpc.v1.introspection\"..." type=io.containerd.grpc.v1
2025-02-11T02:26:54.455605+00:00 sonic containerd[797]: time="2025-02-11T02:26:54.455498052Z" level=info msg="loading plugin \"io.containerd.internal.v1.restart\"..." type=io.containerd.internal.v1
2025-02-11T02:26:54.455651+00:00 sonic containerd[797]: time="2025-02-11T02:26:54.455577929Z" level=info msg="loading plugin \"io.containerd.grpc.v1.containers\"..." type=io.containerd.grpc.v1
2025-02-11T02:26:54.455605+00:00 sonic containerd[797]: time="2025-02-11T02:26:54.455498052Z" level=info msg="loading plugin \"io.containerd.internal.v1.restart\"..." type=io.containerd.internal.v1
2025-02-11T02:26:54.455651+00:00 sonic containerd[797]: time="2025-02-11T02:26:54.455577929Z" level=info msg="loading plugin \"io.containerd.grpc.v1.containers\"..." type=io.containerd.grpc.v1
2025-02-11T02:26:54.455693+00:00 sonic containerd[797]: time="2025-02-11T02:26:54.455595709Z" level=info msg="loading plugin \"io.containerd.grpc.v1.content\"..." type=io.containerd.grpc.v1
2025-02-11T02:26:54.455737+00:00 sonic containerd[797]: time="2025-02-11T02:26:54.455608243Z" level=info msg="loading plugin \"io.containerd.grpc.v1.diff\"..." type=io.containerd.grpc.v1
2025-02-11T02:26:54.455693+00:00 sonic containerd[797]: time="2025-02-11T02:26:54.455595709Z" level=info msg="loading plugin \"io.containerd.grpc.v1.content\"..." type=io.containerd.grpc.v1
2025-02-11T02:26:54.455737+00:00 sonic containerd[797]: time="2025-02-11T02:26:54.455608243Z" level=info msg="loading plugin \"io.containerd.grpc.v1.diff\"..." type=io.containerd.grpc.v1
2025-02-11T02:26:54.455766+00:00 sonic containerd[797]: time="2025-02-11T02:26:54.455620423Z" level=info msg="loading plugin \"io.containerd.grpc.v1.events\"..." type=io.containerd.grpc.v1
2025-02-11T02:26:54.455766+00:00 sonic containerd[797]: time="2025-02-11T02:26:54.455620423Z" level=info msg="loading plugin \"io.containerd.grpc.v1.events\"..." type=io.containerd.grpc.v1
2025-02-11T02:26:54.455810+00:00 sonic containerd[797]: time="2025-02-11T02:26:54.455632926Z" level=info msg="loading plugin \"io.containerd.grpc.v1.healthcheck\"..." type=io.containerd.grpc.v1
2025-02-11T02:26:54.455810+00:00 sonic containerd[797]: time="2025-02-11T02:26:54.455632926Z" level=info msg="loading plugin \"io.containerd.grpc.v1.healthcheck\"..." type=io.containerd.grpc.v1
2025-02-11T02:26:54.455840+00:00 sonic containerd[797]: time="2025-02-11T02:26:54.455646164Z" level=info msg="loading plugin \"io.containerd.grpc.v1.images\"..." type=io.containerd.grpc.v1
2025-02-11T02:26:54.455840+00:00 sonic containerd[797]: time="2025-02-11T02:26:54.455646164Z" level=info msg="loading plugin \"io.containerd.grpc.v1.images\"..." type=io.containerd.grpc.v1
2025-02-11T02:26:54.455938+00:00 sonic containerd[797]: time="2025-02-11T02:26:54.455658231Z" level=info msg="loading plugin \"io.containerd.grpc.v1.leases\"..." type=io.containerd.grpc.v1
2025-02-11T02:26:54.455986+00:00 sonic containerd[797]: time="2025-02-11T02:26:54.455669918Z" level=info msg="loading plugin \"io.containerd.grpc.v1.namespaces\"..." type=io.containerd.grpc.v1
2025-02-11T02:26:54.456024+00:00 sonic containerd[797]: time="2025-02-11T02:26:54.455684062Z" level=info msg="loading plugin \"io.containerd.internal.v1.opt\"..." type=io.containerd.internal.v1
2025-02-11T02:26:54.455938+00:00 sonic containerd[797]: time="2025-02-11T02:26:54.455658231Z" level=info msg="loading plugin \"io.containerd.grpc.v1.leases\"..." type=io.containerd.grpc.v1
2025-02-11T02:26:54.455986+00:00 sonic containerd[797]: time="2025-02-11T02:26:54.455669918Z" level=info msg="loading plugin \"io.containerd.grpc.v1.namespaces\"..." type=io.containerd.grpc.v1
2025-02-11T02:26:54.456024+00:00 sonic containerd[797]: time="2025-02-11T02:26:54.455684062Z" level=info msg="loading plugin \"io.containerd.internal.v1.opt\"..." type=io.containerd.internal.v1
2025-02-11T02:26:54.456292+00:00 sonic containerd[797]: time="2025-02-11T02:26:54.456216302Z" level=info msg="loading plugin \"io.containerd.grpc.v1.snapshots\"..." type=io.containerd.grpc.v1
2025-02-11T02:26:54.456343+00:00 sonic containerd[797]: time="2025-02-11T02:26:54.456253886Z" level=info msg="loading plugin \"io.containerd.grpc.v1.tasks\"..." type=io.containerd.grpc.v1
2025-02-11T02:26:54.456292+00:00 sonic containerd[797]: time="2025-02-11T02:26:54.456216302Z" level=info msg="loading plugin \"io.containerd.grpc.v1.snapshots\"..." type=io.containerd.grpc.v1
2025-02-11T02:26:54.456343+00:00 sonic containerd[797]: time="2025-02-11T02:26:54.456253886Z" level=info msg="loading plugin \"io.containerd.grpc.v1.tasks\"..." type=io.containerd.grpc.v1
2025-02-11T02:26:54.456384+00:00 sonic containerd[797]: time="2025-02-11T02:26:54.456298926Z" level=info msg="loading plugin \"io.containerd.grpc.v1.version\"..." type=io.containerd.grpc.v1
2025-02-11T02:26:54.456384+00:00 sonic containerd[797]: time="2025-02-11T02:26:54.456298926Z" level=info msg="loading plugin \"io.containerd.grpc.v1.version\"..." type=io.containerd.grpc.v1
2025-02-11T02:26:54.456426+00:00 sonic containerd[797]: time="2025-02-11T02:26:54.456314161Z" level=info msg="loading plugin \"io.containerd.tracing.processor.v1.otlp\"..." type=io.containerd.tracing.processor.v1
2025-02-11T02:26:54.456426+00:00 sonic containerd[797]: time="2025-02-11T02:26:54.456314161Z" level=info msg="loading plugin \"io.containerd.tracing.processor.v1.otlp\"..." type=io.containerd.tracing.processor.v1
2025-02-11T02:26:54.456457+00:00 sonic containerd[797]: time="2025-02-11T02:26:54.456330722Z" level=info msg="skip loading plugin \"io.containerd.tracing.processor.v1.otlp\"..." error="no OpenTelemetry endpoint: skip plugin" type=io.containerd.tracing.processor.v1
2025-02-11T02:26:54.456497+00:00 sonic containerd[797]: time="2025-02-11T02:26:54.456342801Z" level=info msg="loading plugin \"io.containerd.internal.v1.tracing\"..." type=io.containerd.internal.v1
2025-02-11T02:26:54.456457+00:00 sonic containerd[797]: time="2025-02-11T02:26:54.456330722Z" level=info msg="skip loading plugin \"io.containerd.tracing.processor.v1.otlp\"..." error="no OpenTelemetry endpoint: skip plugin" type=io.containerd.tracing.processor.v1
2025-02-11T02:26:54.456497+00:00 sonic containerd[797]: time="2025-02-11T02:26:54.456342801Z" level=info msg="loading plugin \"io.containerd.internal.v1.tracing\"..." type=io.containerd.internal.v1
2025-02-11T02:26:54.456526+00:00 sonic containerd[797]: time="2025-02-11T02:26:54.456365494Z" level=error msg="failed to initialize a tracing processor \"otlp\"" error="no OpenTelemetry endpoint: skip plugin"
2025-02-11T02:26:54.456526+00:00 sonic containerd[797]: time="2025-02-11T02:26:54.456365494Z" level=error msg="failed to initialize a tracing processor \"otlp\"" error="no OpenTelemetry endpoint: skip plugin"
2025-02-11T02:26:54.457017+00:00 sonic containerd[797]: time="2025-02-11T02:26:54.456924751Z" level=info msg=serving... address=/run/containerd/containerd.sock.ttrpc
2025-02-11T02:26:54.457069+00:00 sonic containerd[797]: time="2025-02-11T02:26:54.457033090Z" level=info msg=serving... address=/run/containerd/containerd.sock
2025-02-11T02:26:54.457017+00:00 sonic containerd[797]: time="2025-02-11T02:26:54.456924751Z" level=info msg=serving... address=/run/containerd/containerd.sock.ttrpc
2025-02-11T02:26:54.457069+00:00 sonic containerd[797]: time="2025-02-11T02:26:54.457033090Z" level=info msg=serving... address=/run/containerd/containerd.sock
2025-02-11T02:26:54.457182+00:00 sonic containerd[797]: time="2025-02-11T02:26:54.457111232Z" level=info msg="containerd successfully booted in 0.062184s"
2025-02-11T02:26:54.457182+00:00 sonic containerd[797]: time="2025-02-11T02:26:54.457111232Z" level=info msg="containerd successfully booted in 0.062184s"
2025-02-11T02:26:54.488260+00:00 sonic rc.local[782]: + [ -f /host/image-master.766266-3fe020a9c/platform/firsttime ]
2025-02-11T02:26:54.488260+00:00 sonic rc.local[782]: + [ -f /host/image-master.766266-3fe020a9c/platform/firsttime ]
2025-02-11T02:26:54.492808+00:00 sonic rc.local[782]: + echo First boot detected. Performing first boot tasks...
2025-02-11T02:26:54.492808+00:00 sonic rc.local[782]: + echo First boot detected. Performing first boot tasks...
2025-02-11T02:26:54.495979+00:00 sonic rc.local[782]: First boot detected. Performing first boot tasks...
2025-02-11T02:26:54.495979+00:00 sonic rc.local[782]: First boot detected. Performing first boot tasks...
2025-02-11T02:26:54.498220+00:00 sonic rc.local[782]: + [ -n  ]
2025-02-11T02:26:54.498220+00:00 sonic rc.local[782]: + [ -n  ]
2025-02-11T02:26:54.499404+00:00 sonic rc.local[782]: + [ -n x86_64-kvm_x86_64_4_asic-r0 ]
2025-02-11T02:26:54.499404+00:00 sonic rc.local[782]: + [ -n x86_64-kvm_x86_64_4_asic-r0 ]
2025-02-11T02:26:54.503081+00:00 sonic rc.local[782]: + platform=x86_64-kvm_x86_64_4_asic-r0
2025-02-11T02:26:54.503081+00:00 sonic rc.local[782]: + platform=x86_64-kvm_x86_64_4_asic-r0
2025-02-11T02:26:54.506910+00:00 sonic rc.local[782]: + [ -d /host/old_config ]
2025-02-11T02:26:54.506910+00:00 sonic rc.local[782]: + [ -d /host/old_config ]
2025-02-11T02:26:54.508626+00:00 sonic rc.local[782]: + [ -f /host/minigraph.xml ]
2025-02-11T02:26:54.508626+00:00 sonic rc.local[782]: + [ -f /host/minigraph.xml ]
2025-02-11T02:26:54.510606+00:00 sonic rc.local[782]: + [ -n  ]
2025-02-11T02:26:54.510606+00:00 sonic rc.local[782]: + [ -n  ]
2025-02-11T02:26:54.511926+00:00 sonic rc.local[782]: + touch /tmp/pending_config_initialization
2025-02-11T02:26:54.511926+00:00 sonic rc.local[782]: + touch /tmp/pending_config_initialization
2025-02-11T02:26:54.514272+00:00 sonic systemd[1]: Started containerd.service - containerd container runtime.
2025-02-11T02:26:54.514272+00:00 sonic systemd[1]: Started containerd.service - containerd container runtime.
2025-02-11T02:26:54.514382+00:00 sonic rc.local[782]: + touch /tmp/notify_firstboot_to_platform
2025-02-11T02:26:54.514382+00:00 sonic rc.local[782]: + touch /tmp/notify_firstboot_to_platform
2025-02-11T02:26:54.516557+00:00 sonic rc.local[782]: + [ ! -d /host/reboot-cause/platform ]
2025-02-11T02:26:54.516557+00:00 sonic rc.local[782]: + [ ! -d /host/reboot-cause/platform ]
2025-02-11T02:26:54.519068+00:00 sonic rc.local[782]: + mkdir -p /host/reboot-cause/platform
2025-02-11T02:26:54.519068+00:00 sonic rc.local[782]: + mkdir -p /host/reboot-cause/platform
2025-02-11T02:26:54.521337+00:00 sonic rc.local[782]: + [ -d /host/image-master.766266-3fe020a9c/platform/x86_64-kvm_x86_64_4_asic-r0 ]
2025-02-11T02:26:54.521337+00:00 sonic rc.local[782]: + [ -d /host/image-master.766266-3fe020a9c/platform/x86_64-kvm_x86_64_4_asic-r0 ]
2025-02-11T02:26:54.524716+00:00 sonic rc.local[782]: + sync
2025-02-11T02:26:54.524716+00:00 sonic rc.local[782]: + sync
2025-02-11T02:26:54.526078+00:00 sonic systemd[1]: Started monit.service - LSB: service and resource monitoring daemon.
2025-02-11T02:26:54.526135+00:00 sonic systemd[1]: Finished ras-mc-ctl.service - Initialize EDAC v3.0.0 Drivers For Machine Hardware.
2025-02-11T02:26:54.526078+00:00 sonic systemd[1]: Started monit.service - LSB: service and resource monitoring daemon.
2025-02-11T02:26:54.526135+00:00 sonic systemd[1]: Finished ras-mc-ctl.service - Initialize EDAC v3.0.0 Drivers For Machine Hardware.
2025-02-11T02:26:54.526186+00:00 sonic systemd[1]: Started systemd-logind.service - User Login Management.
2025-02-11T02:26:54.526186+00:00 sonic systemd[1]: Started systemd-logind.service - User Login Management.
2025-02-11T02:26:54.534543+00:00 sonic systemd[1]: Starting docker.service - Docker Application Container Engine...
2025-02-11T02:26:54.534543+00:00 sonic systemd[1]: Starting docker.service - Docker Application Container Engine...
2025-02-11T02:26:54.552165+00:00 sonic rc.local[782]: + [ -n x86_64-kvm_x86_64_4_asic-r0 ]
2025-02-11T02:26:54.552165+00:00 sonic rc.local[782]: + [ -n x86_64-kvm_x86_64_4_asic-r0 ]
2025-02-11T02:26:54.555587+00:00 sonic rc.local[782]: + [ -n  ]
2025-02-11T02:26:54.555587+00:00 sonic rc.local[782]: + [ -n  ]
2025-02-11T02:26:54.558022+00:00 sonic rc.local[782]: + mkdir -p /var/platform
2025-02-11T02:26:54.558022+00:00 sonic rc.local[782]: + mkdir -p /var/platform
2025-02-11T02:26:54.561839+00:00 sonic rc.local[782]: + [ -f /etc/default/kdump-tools ]
2025-02-11T02:26:54.561839+00:00 sonic rc.local[782]: + [ -f /etc/default/kdump-tools ]
2025-02-11T02:26:54.565003+00:00 sonic rc.local[782]: + sed -i -e s/__PLATFORM__/x86_64-kvm_x86_64_4_asic-r0/g /etc/default/kdump-tools
2025-02-11T02:26:54.565003+00:00 sonic rc.local[782]: + sed -i -e s/__PLATFORM__/x86_64-kvm_x86_64_4_asic-r0/g /etc/default/kdump-tools
2025-02-11T02:26:54.569185+00:00 sonic rc.local[782]: + firsttime_exit
2025-02-11T02:26:54.569185+00:00 sonic rc.local[782]: + firsttime_exit
2025-02-11T02:26:54.571117+00:00 sonic rc.local[782]: + rm -rf /host/image-master.766266-3fe020a9c/platform/firsttime
2025-02-11T02:26:54.571117+00:00 sonic rc.local[782]: + rm -rf /host/image-master.766266-3fe020a9c/platform/firsttime
2025-02-11T02:26:54.573741+00:00 sonic rc.local[782]: + exit 0
2025-02-11T02:26:54.573741+00:00 sonic rc.local[782]: + exit 0
2025-02-11T02:26:54.575034+00:00 sonic systemd[1]: Started rc-local.service - /etc/rc.local Compatibility.
2025-02-11T02:26:54.575034+00:00 sonic systemd[1]: Started rc-local.service - /etc/rc.local Compatibility.
2025-02-11T02:26:54.575202+00:00 sonic systemd[1]: Starting config-chassisdb.service - Config chassis_db...
2025-02-11T02:26:54.575202+00:00 sonic systemd[1]: Starting config-chassisdb.service - Config chassis_db...
2025-02-11T02:26:54.575387+00:00 sonic systemd[1]: Starting determine-reboot-cause.service - Reboot cause determination service...
2025-02-11T02:26:54.575387+00:00 sonic systemd[1]: Starting determine-reboot-cause.service - Reboot cause determination service...
2025-02-11T02:26:54.575486+00:00 sonic systemd[1]: Started getty@tty1.service - Getty on tty1.
2025-02-11T02:26:54.575486+00:00 sonic systemd[1]: Started getty@tty1.service - Getty on tty1.
2025-02-11T02:26:54.575533+00:00 sonic systemd[1]: Started serial-getty@ttyS0.service - Serial Getty on ttyS0.
2025-02-11T02:26:54.575533+00:00 sonic systemd[1]: Started serial-getty@ttyS0.service - Serial Getty on ttyS0.
2025-02-11T02:26:54.575571+00:00 sonic systemd[1]: Reached target getty.target - Login Prompts.
2025-02-11T02:26:54.575571+00:00 sonic systemd[1]: Reached target getty.target - Login Prompts.
2025-02-11T02:26:54.774716+00:00 sonic host-ssh-keygen.sh[796]: Generating public/private rsa key pair.
2025-02-11T02:26:54.774798+00:00 sonic host-ssh-keygen.sh[796]: Your identification has been saved in /etc/ssh/ssh_host_rsa_key
2025-02-11T02:26:54.774818+00:00 sonic host-ssh-keygen.sh[796]: Your public key has been saved in /etc/ssh/ssh_host_rsa_key.pub
2025-02-11T02:26:54.774835+00:00 sonic host-ssh-keygen.sh[796]: The key fingerprint is:
2025-02-11T02:26:54.774716+00:00 sonic host-ssh-keygen.sh[796]: Generating public/private rsa key pair.
2025-02-11T02:26:54.774798+00:00 sonic host-ssh-keygen.sh[796]: Your identification has been saved in /etc/ssh/ssh_host_rsa_key
2025-02-11T02:26:54.774818+00:00 sonic host-ssh-keygen.sh[796]: Your public key has been saved in /etc/ssh/ssh_host_rsa_key.pub
2025-02-11T02:26:54.774835+00:00 sonic host-ssh-keygen.sh[796]: The key fingerprint is:
2025-02-11T02:26:54.774874+00:00 sonic host-ssh-keygen.sh[796]: SHA256:WBf+y/y/pMwwHeIrZfNw89iVYQJVcLVnUoE0z1BzTVg root@sonic
2025-02-11T02:26:54.774900+00:00 sonic host-ssh-keygen.sh[796]: The key's randomart image is:
2025-02-11T02:26:54.774918+00:00 sonic host-ssh-keygen.sh[796]: +---[RSA 3072]----+
2025-02-11T02:26:54.774934+00:00 sonic host-ssh-keygen.sh[796]: |          . o*=XE|
2025-02-11T02:26:54.774959+00:00 sonic host-ssh-keygen.sh[796]: |         . o .B.=|
2025-02-11T02:26:54.774982+00:00 sonic host-ssh-keygen.sh[796]: |        . o . .+o|
2025-02-11T02:26:54.775009+00:00 sonic host-ssh-keygen.sh[796]: |       o . . . =.|
2025-02-11T02:26:54.775038+00:00 sonic host-ssh-keygen.sh[796]: |      . S  ...o o|
2025-02-11T02:26:54.774874+00:00 sonic host-ssh-keygen.sh[796]: SHA256:WBf+y/y/pMwwHeIrZfNw89iVYQJVcLVnUoE0z1BzTVg root@sonic
2025-02-11T02:26:54.774900+00:00 sonic host-ssh-keygen.sh[796]: The key's randomart image is:
2025-02-11T02:26:54.774918+00:00 sonic host-ssh-keygen.sh[796]: +---[RSA 3072]----+
2025-02-11T02:26:54.774934+00:00 sonic host-ssh-keygen.sh[796]: |          . o*=XE|
2025-02-11T02:26:54.774959+00:00 sonic host-ssh-keygen.sh[796]: |         . o .B.=|
2025-02-11T02:26:54.774982+00:00 sonic host-ssh-keygen.sh[796]: |        . o . .+o|
2025-02-11T02:26:54.775009+00:00 sonic host-ssh-keygen.sh[796]: |       o . . . =.|
2025-02-11T02:26:54.775038+00:00 sonic host-ssh-keygen.sh[796]: |      . S  ...o o|
2025-02-11T02:26:54.775054+00:00 sonic host-ssh-keygen.sh[796]: |          .Bo+...|
2025-02-11T02:26:54.775078+00:00 sonic host-ssh-keygen.sh[796]: |          o+O.=..|
2025-02-11T02:26:54.775104+00:00 sonic host-ssh-keygen.sh[796]: |         .  *+oo |
2025-02-11T02:26:54.775054+00:00 sonic host-ssh-keygen.sh[796]: |          .Bo+...|
2025-02-11T02:26:54.775078+00:00 sonic host-ssh-keygen.sh[796]: |          o+O.=..|
2025-02-11T02:26:54.775104+00:00 sonic host-ssh-keygen.sh[796]: |         .  *+oo |
2025-02-11T02:26:54.775128+00:00 sonic host-ssh-keygen.sh[796]: |          .. +.oo|
2025-02-11T02:26:54.775128+00:00 sonic host-ssh-keygen.sh[796]: |          .. +.oo|
2025-02-11T02:26:54.775152+00:00 sonic host-ssh-keygen.sh[796]: +----[SHA256]-----+
2025-02-11T02:26:54.775152+00:00 sonic host-ssh-keygen.sh[796]: +----[SHA256]-----+
2025-02-11T02:26:54.801829+00:00 sonic dockerd[868]: time="2025-02-11T02:26:54.782183703Z" level=info msg="Starting up"
2025-02-11T02:26:54.801829+00:00 sonic dockerd[868]: time="2025-02-11T02:26:54.782183703Z" level=info msg="Starting up"
2025-02-11T02:26:54.831525+00:00 sonic determine-reboot-cause[875]: sonic_platform package not installed. Unable to detect hardware reboot causes.
2025-02-11T02:26:54.831525+00:00 sonic determine-reboot-cause[875]: sonic_platform package not installed. Unable to detect hardware reboot causes.
2025-02-11T02:26:54.856350+00:00 sonic systemd[1]: Finished determine-reboot-cause.service - Reboot cause determination service.
2025-02-11T02:26:54.856350+00:00 sonic systemd[1]: Finished determine-reboot-cause.service - Reboot cause determination service.
2025-02-11T02:26:54.874694+00:00 sonic dockerd[868]: time="2025-02-11T02:26:54.874600630Z" level=info msg="[graphdriver] trying configured driver: overlay2"
2025-02-11T02:26:54.874694+00:00 sonic dockerd[868]: time="2025-02-11T02:26:54.874600630Z" level=info msg="[graphdriver] trying configured driver: overlay2"
2025-02-11T02:26:54.908146+00:00 sonic systemd[1]: Started ssh.service - OpenBSD Secure Shell server.
2025-02-11T02:26:54.908146+00:00 sonic systemd[1]: Started ssh.service - OpenBSD Secure Shell server.
2025-02-11T02:26:54.992770+00:00 sonic dockerd[868]: time="2025-02-11T02:26:54.992522474Z" level=info msg="Loading containers: start."
2025-02-11T02:26:54.992770+00:00 sonic dockerd[868]: time="2025-02-11T02:26:54.992522474Z" level=info msg="Loading containers: start."
2025-02-11T02:26:55.001610+00:00 sonic kernel: [    8.412982] Initializing XFRM netlink socket
2025-02-11T02:26:55.001610+00:00 sonic kernel: [    8.412982] Initializing XFRM netlink socket
2025-02-11T02:26:55.049567+00:00 sonic kernel: [    8.460369] bridge: filtering via arp/ip/ip6tables is no longer available by default. Update your scripts to load br_netfilter if you need this.
2025-02-11T02:26:55.049567+00:00 sonic kernel: [    8.460369] bridge: filtering via arp/ip/ip6tables is no longer available by default. Update your scripts to load br_netfilter if you need this.
2025-02-11T02:26:55.050272+00:00 sonic (udev-worker)[461]: Network interface NamePolicy= disabled on kernel command line.
2025-02-11T02:26:55.050272+00:00 sonic (udev-worker)[461]: Network interface NamePolicy= disabled on kernel command line.
2025-02-11T02:26:55.095491+00:00 sonic dockerd[868]: time="2025-02-11T02:26:55.095377989Z" level=info msg="Loading containers: done."
2025-02-11T02:26:55.095491+00:00 sonic dockerd[868]: time="2025-02-11T02:26:55.095377989Z" level=info msg="Loading containers: done."
2025-02-11T02:26:55.157281+00:00 sonic dockerd[868]: time="2025-02-11T02:26:55.156842818Z" level=warning msg="WARNING: bridge-nf-call-iptables is disabled"
2025-02-11T02:26:55.157281+00:00 sonic dockerd[868]: time="2025-02-11T02:26:55.156842818Z" level=warning msg="WARNING: bridge-nf-call-iptables is disabled"
2025-02-11T02:26:55.157463+00:00 sonic dockerd[868]: time="2025-02-11T02:26:55.156920373Z" level=warning msg="WARNING: bridge-nf-call-ip6tables is disabled"
2025-02-11T02:26:55.157557+00:00 sonic dockerd[868]: time="2025-02-11T02:26:55.156941856Z" level=info msg="Docker daemon" commit=659604f graphdriver=overlay2 version=24.0.2
2025-02-11T02:26:55.158426+00:00 sonic dockerd[868]: time="2025-02-11T02:26:55.157194510Z" level=info msg="Daemon has completed initialization"
2025-02-11T02:26:55.157463+00:00 sonic dockerd[868]: time="2025-02-11T02:26:55.156920373Z" level=warning msg="WARNING: bridge-nf-call-ip6tables is disabled"
2025-02-11T02:26:55.157557+00:00 sonic dockerd[868]: time="2025-02-11T02:26:55.156941856Z" level=info msg="Docker daemon" commit=659604f graphdriver=overlay2 version=24.0.2
2025-02-11T02:26:55.158426+00:00 sonic dockerd[868]: time="2025-02-11T02:26:55.157194510Z" level=info msg="Daemon has completed initialization"
2025-02-11T02:26:55.180987+00:00 sonic config-chassisdb[874]: no chassisdb.conf found, bypass config-chassisdb service
2025-02-11T02:26:55.180987+00:00 sonic config-chassisdb[874]: no chassisdb.conf found, bypass config-chassisdb service
2025-02-11T02:26:55.182184+00:00 sonic systemd[1]: Finished config-chassisdb.service - Config chassis_db.
2025-02-11T02:26:55.182184+00:00 sonic systemd[1]: Finished config-chassisdb.service - Config chassis_db.
2025-02-11T02:26:55.202037+00:00 sonic dockerd[868]: time="2025-02-11T02:26:55.201942585Z" level=info msg="API listen on /var/run/docker.sock"
2025-02-11T02:26:55.202037+00:00 sonic dockerd[868]: time="2025-02-11T02:26:55.201942585Z" level=info msg="API listen on /var/run/docker.sock"
2025-02-11T02:26:55.202236+00:00 sonic systemd[1]: Started docker.service - Docker Application Container Engine.
2025-02-11T02:26:55.202236+00:00 sonic systemd[1]: Started docker.service - Docker Application Container Engine.
2025-02-11T02:26:55.202644+00:00 sonic systemd[1]: database-chassis.service - database-chassis container was skipped because of an unmet condition check (ConditionPathExists=/etc/sonic/chassisdb.conf).
2025-02-11T02:26:55.202644+00:00 sonic systemd[1]: database-chassis.service - database-chassis container was skipped because of an unmet condition check (ConditionPathExists=/etc/sonic/chassisdb.conf).
2025-02-11T02:26:55.250031+00:00 sonic systemd[1]: Starting database.service - Database container...
2025-02-11T02:26:55.250031+00:00 sonic systemd[1]: Starting database.service - Database container...
2025-02-11T02:26:55.262760+00:00 sonic root: Starting database service...
2025-02-11T02:26:55.262760+00:00 sonic root: Starting database service...
2025-02-11T02:26:55.583346+00:00 sonic database.sh[940]: Creating new database container
2025-02-11T02:26:55.583346+00:00 sonic database.sh[940]: Creating new database container
2025-02-11T02:26:55.652047+00:00 sonic database.sh[961]: c514c401f300af8a4b6cdc2e92c204cbd5669406a23c13296b5aefa438ee613f
2025-02-11T02:26:55.652047+00:00 sonic database.sh[961]: c514c401f300af8a4b6cdc2e92c204cbd5669406a23c13296b5aefa438ee613f
2025-02-11T02:26:55.734256+00:00 sonic database.sh[976]: no such directory
2025-02-11T02:26:55.734256+00:00 sonic database.sh[976]: no such directory
2025-02-11T02:26:55.876929+00:00 sonic systemd[1]: var-lib-docker-overlay2-19a08c0451eabd2be429148ca93bb117e73f41476d9333e7b9f4bdd1c4b7780a\x2dinit-merged.mount: Deactivated successfully.
2025-02-11T02:26:55.876929+00:00 sonic systemd[1]: var-lib-docker-overlay2-19a08c0451eabd2be429148ca93bb117e73f41476d9333e7b9f4bdd1c4b7780a\x2dinit-merged.mount: Deactivated successfully.
2025-02-11T02:26:55.892868+00:00 sonic systemd[1]: var-lib-docker-overlay2-19a08c0451eabd2be429148ca93bb117e73f41476d9333e7b9f4bdd1c4b7780a-merged.mount: Deactivated successfully.
2025-02-11T02:26:55.892868+00:00 sonic systemd[1]: var-lib-docker-overlay2-19a08c0451eabd2be429148ca93bb117e73f41476d9333e7b9f4bdd1c4b7780a-merged.mount: Deactivated successfully.
2025-02-11T02:26:55.914606+00:00 sonic systemd[1]: var-lib-docker-overlay2-19a08c0451eabd2be429148ca93bb117e73f41476d9333e7b9f4bdd1c4b7780a-merged.mount: Deactivated successfully.
2025-02-11T02:26:55.914606+00:00 sonic systemd[1]: var-lib-docker-overlay2-19a08c0451eabd2be429148ca93bb117e73f41476d9333e7b9f4bdd1c4b7780a-merged.mount: Deactivated successfully.
2025-02-11T02:26:56.063202+00:00 sonic containerd[797]: time="2025-02-11T02:26:56.062254777Z" level=info msg="loading plugin \"io.containerd.event.v1.publisher\"..." runtime=io.containerd.runc.v2 type=io.containerd.event.v1
2025-02-11T02:26:56.063336+00:00 sonic containerd[797]: time="2025-02-11T02:26:56.062352081Z" level=info msg="loading plugin \"io.containerd.internal.v1.shutdown\"..." runtime=io.containerd.runc.v2 type=io.containerd.internal.v1
2025-02-11T02:26:56.063355+00:00 sonic containerd[797]: time="2025-02-11T02:26:56.062371383Z" level=info msg="loading plugin \"io.containerd.ttrpc.v1.task\"..." runtime=io.containerd.runc.v2 type=io.containerd.ttrpc.v1
2025-02-11T02:26:56.063386+00:00 sonic containerd[797]: time="2025-02-11T02:26:56.062656033Z" level=info msg="starting signal loop" namespace=moby path=/run/containerd/io.containerd.runtime.v2.task/moby/c514c401f300af8a4b6cdc2e92c204cbd5669406a23c13296b5aefa438ee613f pid=1021 runtime=io.containerd.runc.v2
2025-02-11T02:26:56.063202+00:00 sonic containerd[797]: time="2025-02-11T02:26:56.062254777Z" level=info msg="loading plugin \"io.containerd.event.v1.publisher\"..." runtime=io.containerd.runc.v2 type=io.containerd.event.v1
2025-02-11T02:26:56.063336+00:00 sonic containerd[797]: time="2025-02-11T02:26:56.062352081Z" level=info msg="loading plugin \"io.containerd.internal.v1.shutdown\"..." runtime=io.containerd.runc.v2 type=io.containerd.internal.v1
2025-02-11T02:26:56.063355+00:00 sonic containerd[797]: time="2025-02-11T02:26:56.062371383Z" level=info msg="loading plugin \"io.containerd.ttrpc.v1.task\"..." runtime=io.containerd.runc.v2 type=io.containerd.ttrpc.v1
2025-02-11T02:26:56.063386+00:00 sonic containerd[797]: time="2025-02-11T02:26:56.062656033Z" level=info msg="starting signal loop" namespace=moby path=/run/containerd/io.containerd.runtime.v2.task/moby/c514c401f300af8a4b6cdc2e92c204cbd5669406a23c13296b5aefa438ee613f pid=1021 runtime=io.containerd.runc.v2
2025-02-11T02:26:56.184238+00:00 sonic database.sh[1003]: database
2025-02-11T02:26:56.184238+00:00 sonic database.sh[1003]: database
2025-02-11T02:26:59.739783+00:00 sonic database.sh[1274]: True
2025-02-11T02:26:59.739783+00:00 sonic database.sh[1274]: True
2025-02-11T02:26:59.752224+00:00 sonic root: Started database service...
2025-02-11T02:26:59.752224+00:00 sonic root: Started database service...
2025-02-11T02:26:59.778153+00:00 sonic systemd[1]: Started database.service - Database container.
2025-02-11T02:26:59.778153+00:00 sonic systemd[1]: Started database.service - Database container.
2025-02-11T02:26:59.780002+00:00 sonic systemd[1]: Starting database@0.service - Database container...
2025-02-11T02:26:59.780002+00:00 sonic systemd[1]: Starting database@0.service - Database container...
2025-02-11T02:26:59.781414+00:00 sonic systemd[1]: Starting database@1.service - Database container...
2025-02-11T02:26:59.781414+00:00 sonic systemd[1]: Starting database@1.service - Database container...
2025-02-11T02:26:59.782695+00:00 sonic systemd[1]: Starting database@2.service - Database container...
2025-02-11T02:26:59.782695+00:00 sonic systemd[1]: Starting database@2.service - Database container...
2025-02-11T02:26:59.784028+00:00 sonic systemd[1]: Starting database@3.service - Database container...
2025-02-11T02:26:59.784028+00:00 sonic systemd[1]: Starting database@3.service - Database container...
2025-02-11T02:26:59.785553+00:00 sonic systemd[1]: Starting process-reboot-cause.service - Retrieve the reboot cause from the history files and save them to StateDB...
2025-02-11T02:26:59.785553+00:00 sonic systemd[1]: Starting process-reboot-cause.service - Retrieve the reboot cause from the history files and save them to StateDB...
2025-02-11T02:26:59.788904+00:00 sonic root: Starting database0 service...
2025-02-11T02:26:59.788904+00:00 sonic root: Starting database0 service...
2025-02-11T02:26:59.789273+00:00 sonic root: Starting database1 service...
2025-02-11T02:26:59.789273+00:00 sonic root: Starting database1 service...
2025-02-11T02:26:59.793056+00:00 sonic root: Starting database3 service...
2025-02-11T02:26:59.793056+00:00 sonic root: Starting database3 service...
2025-02-11T02:26:59.793396+00:00 sonic systemctl[1289]: active
2025-02-11T02:26:59.793396+00:00 sonic systemctl[1289]: active
2025-02-11T02:26:59.793892+00:00 sonic root: Starting database2 service...
2025-02-11T02:26:59.793892+00:00 sonic root: Starting database2 service...
2025-02-11T02:26:59.805227+00:00 sonic systemctl[1303]: active
2025-02-11T02:26:59.805227+00:00 sonic systemctl[1303]: active
2025-02-11T02:26:59.806413+00:00 sonic systemd[1]: Started process-reboot-cause.service - Retrieve the reboot cause from the history files and save them to StateDB.
2025-02-11T02:26:59.806413+00:00 sonic systemd[1]: Started process-reboot-cause.service - Retrieve the reboot cause from the history files and save them to StateDB.
2025-02-11T02:26:59.992672+00:00 sonic database.sh[1311]: Warning: Failed to get device ID from asic.conf file for asic0
2025-02-11T02:26:59.992672+00:00 sonic database.sh[1311]: Warning: Failed to get device ID from asic.conf file for asic0
2025-02-11T02:26:59.997694+00:00 sonic database.sh[1318]: Warning: Failed to get device ID from asic.conf file for asic3
2025-02-11T02:26:59.997694+00:00 sonic database.sh[1318]: Warning: Failed to get device ID from asic.conf file for asic3
2025-02-11T02:26:59.998370+00:00 sonic database.sh[1312]: Warning: Failed to get device ID from asic.conf file for asic1
2025-02-11T02:26:59.998370+00:00 sonic database.sh[1312]: Warning: Failed to get device ID from asic.conf file for asic1
2025-02-11T02:27:00.021133+00:00 sonic database.sh[1317]: Warning: Failed to get device ID from asic.conf file for asic2
2025-02-11T02:27:00.021133+00:00 sonic database.sh[1317]: Warning: Failed to get device ID from asic.conf file for asic2
2025-02-11T02:27:00.063044+00:00 sonic database.sh[1294]: Creating new database0 container
2025-02-11T02:27:00.063044+00:00 sonic database.sh[1294]: Creating new database0 container
2025-02-11T02:27:00.072450+00:00 sonic database.sh[1295]: Creating new database1 container
2025-02-11T02:27:00.072450+00:00 sonic database.sh[1295]: Creating new database1 container
2025-02-11T02:27:00.073534+00:00 sonic database.sh[1299]: Creating new database3 container
2025-02-11T02:27:00.073534+00:00 sonic database.sh[1299]: Creating new database3 container
2025-02-11T02:27:00.091089+00:00 sonic database.sh[1301]: Creating new database2 container
2025-02-11T02:27:00.091089+00:00 sonic database.sh[1301]: Creating new database2 container
2025-02-11T02:27:00.137984+00:00 sonic systemd[1]: var-lib-docker-overlay2-04b267d56b15a20eb573c4f8bd7db6b9dbfcf6cf41bc03448fab1f1a69644e29\x2dinit-merged.mount: Deactivated successfully.
2025-02-11T02:27:00.137984+00:00 sonic systemd[1]: var-lib-docker-overlay2-04b267d56b15a20eb573c4f8bd7db6b9dbfcf6cf41bc03448fab1f1a69644e29\x2dinit-merged.mount: Deactivated successfully.
2025-02-11T02:27:00.264110+00:00 sonic database.sh[1411]: b7399e70ef4d7760bda4bf3c8f26880a5ea3696c71afc6e3a263818bce8230cf
2025-02-11T02:27:00.264400+00:00 sonic database.sh[1415]: 9539a2bb6d4ffae16a22fe95959c9d790a55ebadbcf69722103f9ab3b456341c
2025-02-11T02:27:00.264481+00:00 sonic database.sh[1438]: 5673769366fb552f9f0e9130941e94d234a9f2508458507176a4655a04e6682f
2025-02-11T02:27:00.264110+00:00 sonic database.sh[1411]: b7399e70ef4d7760bda4bf3c8f26880a5ea3696c71afc6e3a263818bce8230cf
2025-02-11T02:27:00.264400+00:00 sonic database.sh[1415]: 9539a2bb6d4ffae16a22fe95959c9d790a55ebadbcf69722103f9ab3b456341c
2025-02-11T02:27:00.264481+00:00 sonic database.sh[1438]: 5673769366fb552f9f0e9130941e94d234a9f2508458507176a4655a04e6682f
2025-02-11T02:27:00.267693+00:00 sonic database.sh[1407]: b5dd1e8874f98d8f7bfe87e9e7e41acccca03a13b3f8f9058da1a971acb4988f
2025-02-11T02:27:00.267693+00:00 sonic database.sh[1407]: b5dd1e8874f98d8f7bfe87e9e7e41acccca03a13b3f8f9058da1a971acb4988f
2025-02-11T02:27:00.285597+00:00 sonic kernel: [   13.696204] overlayfs: upperdir is in-use as upperdir/workdir of another mount, accessing files from both mounts will result in undefined behavior.
2025-02-11T02:27:00.285624+00:00 sonic kernel: [   13.696213] overlayfs: workdir is in-use as upperdir/workdir of another mount, accessing files from both mounts will result in undefined behavior.
2025-02-11T02:27:00.285597+00:00 sonic kernel: [   13.696204] overlayfs: upperdir is in-use as upperdir/workdir of another mount, accessing files from both mounts will result in undefined behavior.
2025-02-11T02:27:00.285624+00:00 sonic kernel: [   13.696213] overlayfs: workdir is in-use as upperdir/workdir of another mount, accessing files from both mounts will result in undefined behavior.
2025-02-11T02:27:00.289532+00:00 sonic kernel: [   13.699269] overlayfs: upperdir is in-use as upperdir/workdir of another mount, accessing files from both mounts will result in undefined behavior.
2025-02-11T02:27:00.289566+00:00 sonic kernel: [   13.699275] overlayfs: workdir is in-use as upperdir/workdir of another mount, accessing files from both mounts will result in undefined behavior.
2025-02-11T02:27:00.289532+00:00 sonic kernel: [   13.699269] overlayfs: upperdir is in-use as upperdir/workdir of another mount, accessing files from both mounts will result in undefined behavior.
2025-02-11T02:27:00.289566+00:00 sonic kernel: [   13.699275] overlayfs: workdir is in-use as upperdir/workdir of another mount, accessing files from both mounts will result in undefined behavior.
2025-02-11T02:27:00.293548+00:00 sonic kernel: [   13.702746] overlayfs: upperdir is in-use as upperdir/workdir of another mount, accessing files from both mounts will result in undefined behavior.
2025-02-11T02:27:00.293548+00:00 sonic kernel: [   13.702746] overlayfs: upperdir is in-use as upperdir/workdir of another mount, accessing files from both mounts will result in undefined behavior.
2025-02-11T02:27:00.294480+00:00 sonic kernel: [   13.702751] overlayfs: workdir is in-use as upperdir/workdir of another mount, accessing files from both mounts will result in undefined behavior.
2025-02-11T02:27:00.294480+00:00 sonic kernel: [   13.702751] overlayfs: workdir is in-use as upperdir/workdir of another mount, accessing files from both mounts will result in undefined behavior.
2025-02-11T02:27:00.330977+00:00 sonic database.sh[1478]: no such directory
2025-02-11T02:27:00.330977+00:00 sonic database.sh[1478]: no such directory
2025-02-11T02:27:00.332474+00:00 sonic database.sh[1486]: no such directory
2025-02-11T02:27:00.332474+00:00 sonic database.sh[1486]: no such directory
2025-02-11T02:27:00.349150+00:00 sonic database.sh[1494]: no such directory
2025-02-11T02:27:00.349150+00:00 sonic database.sh[1494]: no such directory
2025-02-11T02:27:00.362368+00:00 sonic database.sh[1501]: no such directory
2025-02-11T02:27:00.362368+00:00 sonic database.sh[1501]: no such directory
2025-02-11T02:27:00.545657+00:00 sonic kernel: [   13.955481] docker0: port 1(vetha486d20) entered blocking state
2025-02-11T02:27:00.545732+00:00 sonic kernel: [   13.955486] docker0: port 1(vetha486d20) entered disabled state
2025-02-11T02:27:00.545733+00:00 sonic kernel: [   13.955532] device vetha486d20 entered promiscuous mode
2025-02-11T02:27:00.545657+00:00 sonic kernel: [   13.955481] docker0: port 1(vetha486d20) entered blocking state
2025-02-11T02:27:00.545732+00:00 sonic kernel: [   13.955486] docker0: port 1(vetha486d20) entered disabled state
2025-02-11T02:27:00.545733+00:00 sonic kernel: [   13.955532] device vetha486d20 entered promiscuous mode
2025-02-11T02:27:00.546040+00:00 sonic (udev-worker)[1615]: Network interface NamePolicy= disabled on kernel command line.
2025-02-11T02:27:00.546040+00:00 sonic (udev-worker)[1615]: Network interface NamePolicy= disabled on kernel command line.
2025-02-11T02:27:00.546235+00:00 sonic (udev-worker)[1616]: Network interface NamePolicy= disabled on kernel command line.
2025-02-11T02:27:00.546235+00:00 sonic (udev-worker)[1616]: Network interface NamePolicy= disabled on kernel command line.
2025-02-11T02:27:00.561181+00:00 sonic dockerd[868]: time="2025-02-11T02:27:00.560772766Z" level=info msg="No non-localhost DNS nameservers are left in resolv.conf. Using default external servers: [nameserver 8.8.8.8 nameserver 8.8.4.4]"
2025-02-11T02:27:00.561248+00:00 sonic dockerd[868]: time="2025-02-11T02:27:00.560884113Z" level=info msg="IPv6 enabled; Adding default IPv6 external servers: [nameserver 2001:4860:4860::8888 nameserver 2001:4860:4860::8844]"
2025-02-11T02:27:00.561181+00:00 sonic dockerd[868]: time="2025-02-11T02:27:00.560772766Z" level=info msg="No non-localhost DNS nameservers are left in resolv.conf. Using default external servers: [nameserver 8.8.8.8 nameserver 8.8.4.4]"
2025-02-11T02:27:00.561248+00:00 sonic dockerd[868]: time="2025-02-11T02:27:00.560884113Z" level=info msg="IPv6 enabled; Adding default IPv6 external servers: [nameserver 2001:4860:4860::8888 nameserver 2001:4860:4860::8844]"
2025-02-11T02:27:00.562389+00:00 sonic (udev-worker)[1637]: Network interface NamePolicy= disabled on kernel command line.
2025-02-11T02:27:00.562389+00:00 sonic (udev-worker)[1637]: Network interface NamePolicy= disabled on kernel command line.
2025-02-11T02:27:00.562809+00:00 sonic (udev-worker)[1645]: Network interface NamePolicy= disabled on kernel command line.
2025-02-11T02:27:00.562809+00:00 sonic (udev-worker)[1645]: Network interface NamePolicy= disabled on kernel command line.
2025-02-11T02:27:00.565702+00:00 sonic kernel: [   13.973578] docker0: port 2(veth9338b88) entered blocking state
2025-02-11T02:27:00.565749+00:00 sonic kernel: [   13.973584] docker0: port 2(veth9338b88) entered disabled state
2025-02-11T02:27:00.565750+00:00 sonic kernel: [   13.973632] device veth9338b88 entered promiscuous mode
2025-02-11T02:27:00.565752+00:00 sonic kernel: [   13.973727] docker0: port 2(veth9338b88) entered blocking state
2025-02-11T02:27:00.565755+00:00 sonic kernel: [   13.973729] docker0: port 2(veth9338b88) entered forwarding state
2025-02-11T02:27:00.565756+00:00 sonic kernel: [   13.973873] docker0: port 2(veth9338b88) entered disabled state
2025-02-11T02:27:00.565702+00:00 sonic kernel: [   13.973578] docker0: port 2(veth9338b88) entered blocking state
2025-02-11T02:27:00.565749+00:00 sonic kernel: [   13.973584] docker0: port 2(veth9338b88) entered disabled state
2025-02-11T02:27:00.565750+00:00 sonic kernel: [   13.973632] device veth9338b88 entered promiscuous mode
2025-02-11T02:27:00.565752+00:00 sonic kernel: [   13.973727] docker0: port 2(veth9338b88) entered blocking state
2025-02-11T02:27:00.565755+00:00 sonic kernel: [   13.973729] docker0: port 2(veth9338b88) entered forwarding state
2025-02-11T02:27:00.565756+00:00 sonic kernel: [   13.973873] docker0: port 2(veth9338b88) entered disabled state
2025-02-11T02:27:00.576324+00:00 sonic systemd[1]: var-lib-docker-overlay2-1b92378b3d2a17fc5a0cd066cd891fe0a103f82e6f6422e7a066bb847fb4851d\x2dinit-merged.mount: Deactivated successfully.
2025-02-11T02:27:00.576324+00:00 sonic systemd[1]: var-lib-docker-overlay2-1b92378b3d2a17fc5a0cd066cd891fe0a103f82e6f6422e7a066bb847fb4851d\x2dinit-merged.mount: Deactivated successfully.
2025-02-11T02:27:00.634029+00:00 sonic dockerd[868]: time="2025-02-11T02:27:00.633878685Z" level=info msg="No non-localhost DNS nameservers are left in resolv.conf. Using default external servers: [nameserver 8.8.8.8 nameserver 8.8.4.4]"
2025-02-11T02:27:00.634102+00:00 sonic dockerd[868]: time="2025-02-11T02:27:00.633936997Z" level=info msg="IPv6 enabled; Adding default IPv6 external servers: [nameserver 2001:4860:4860::8888 nameserver 2001:4860:4860::8844]"
2025-02-11T02:27:00.634029+00:00 sonic dockerd[868]: time="2025-02-11T02:27:00.633878685Z" level=info msg="No non-localhost DNS nameservers are left in resolv.conf. Using default external servers: [nameserver 8.8.8.8 nameserver 8.8.4.4]"
2025-02-11T02:27:00.634102+00:00 sonic dockerd[868]: time="2025-02-11T02:27:00.633936997Z" level=info msg="IPv6 enabled; Adding default IPv6 external servers: [nameserver 2001:4860:4860::8888 nameserver 2001:4860:4860::8844]"
2025-02-11T02:27:00.637594+00:00 sonic kernel: [   14.047119] docker0: port 3(veth376864a) entered blocking state
2025-02-11T02:27:00.637620+00:00 sonic kernel: [   14.047125] docker0: port 3(veth376864a) entered disabled state
2025-02-11T02:27:00.637622+00:00 sonic kernel: [   14.047209] device veth376864a entered promiscuous mode
2025-02-11T02:27:00.637625+00:00 sonic kernel: [   14.047310] docker0: port 3(veth376864a) entered blocking state
2025-02-11T02:27:00.637626+00:00 sonic kernel: [   14.047313] docker0: port 3(veth376864a) entered forwarding state
2025-02-11T02:27:00.637628+00:00 sonic kernel: [   14.047331] IPv6: ADDRCONF(NETDEV_CHANGE): docker0: link becomes ready
2025-02-11T02:27:00.637629+00:00 sonic kernel: [   14.047553] docker0: port 3(veth376864a) entered disabled state
2025-02-11T02:27:00.637594+00:00 sonic kernel: [   14.047119] docker0: port 3(veth376864a) entered blocking state
2025-02-11T02:27:00.637620+00:00 sonic kernel: [   14.047125] docker0: port 3(veth376864a) entered disabled state
2025-02-11T02:27:00.637622+00:00 sonic kernel: [   14.047209] device veth376864a entered promiscuous mode
2025-02-11T02:27:00.637625+00:00 sonic kernel: [   14.047310] docker0: port 3(veth376864a) entered blocking state
2025-02-11T02:27:00.637626+00:00 sonic kernel: [   14.047313] docker0: port 3(veth376864a) entered forwarding state
2025-02-11T02:27:00.637628+00:00 sonic kernel: [   14.047331] IPv6: ADDRCONF(NETDEV_CHANGE): docker0: link becomes ready
2025-02-11T02:27:00.637629+00:00 sonic kernel: [   14.047553] docker0: port 3(veth376864a) entered disabled state
2025-02-11T02:27:00.740193+00:00 sonic dockerd[868]: time="2025-02-11T02:27:00.740082835Z" level=info msg="No non-localhost DNS nameservers are left in resolv.conf. Using default external servers: [nameserver 8.8.8.8 nameserver 8.8.4.4]"
2025-02-11T02:27:00.740305+00:00 sonic dockerd[868]: time="2025-02-11T02:27:00.740148538Z" level=info msg="IPv6 enabled; Adding default IPv6 external servers: [nameserver 2001:4860:4860::8888 nameserver 2001:4860:4860::8844]"
2025-02-11T02:27:00.740193+00:00 sonic dockerd[868]: time="2025-02-11T02:27:00.740082835Z" level=info msg="No non-localhost DNS nameservers are left in resolv.conf. Using default external servers: [nameserver 8.8.8.8 nameserver 8.8.4.4]"
2025-02-11T02:27:00.740305+00:00 sonic dockerd[868]: time="2025-02-11T02:27:00.740148538Z" level=info msg="IPv6 enabled; Adding default IPv6 external servers: [nameserver 2001:4860:4860::8888 nameserver 2001:4860:4860::8844]"
2025-02-11T02:27:00.741563+00:00 sonic kernel: [   14.152940] docker0: port 4(veth1936b75) entered blocking state
2025-02-11T02:27:00.741595+00:00 sonic kernel: [   14.152965] docker0: port 4(veth1936b75) entered disabled state
2025-02-11T02:27:00.741604+00:00 sonic kernel: [   14.153110] device veth1936b75 entered promiscuous mode
2025-02-11T02:27:00.741563+00:00 sonic kernel: [   14.152940] docker0: port 4(veth1936b75) entered blocking state
2025-02-11T02:27:00.741595+00:00 sonic kernel: [   14.152965] docker0: port 4(veth1936b75) entered disabled state
2025-02-11T02:27:00.741604+00:00 sonic kernel: [   14.153110] device veth1936b75 entered promiscuous mode
2025-02-11T02:27:00.745569+00:00 sonic kernel: [   14.153246] docker0: port 4(veth1936b75) entered blocking state
2025-02-11T02:27:00.745589+00:00 sonic kernel: [   14.153250] docker0: port 4(veth1936b75) entered forwarding state
2025-02-11T02:27:00.745569+00:00 sonic kernel: [   14.153246] docker0: port 4(veth1936b75) entered blocking state
2025-02-11T02:27:00.745589+00:00 sonic kernel: [   14.153250] docker0: port 4(veth1936b75) entered forwarding state
2025-02-11T02:27:00.805159+00:00 sonic containerd[797]: time="2025-02-11T02:27:00.804287402Z" level=info msg="loading plugin \"io.containerd.event.v1.publisher\"..." runtime=io.containerd.runc.v2 type=io.containerd.event.v1
2025-02-11T02:27:00.805284+00:00 sonic containerd[797]: time="2025-02-11T02:27:00.804381911Z" level=info msg="loading plugin \"io.containerd.internal.v1.shutdown\"..." runtime=io.containerd.runc.v2 type=io.containerd.internal.v1
2025-02-11T02:27:00.805303+00:00 sonic containerd[797]: time="2025-02-11T02:27:00.804400855Z" level=info msg="loading plugin \"io.containerd.ttrpc.v1.task\"..." runtime=io.containerd.runc.v2 type=io.containerd.ttrpc.v1
2025-02-11T02:27:00.805159+00:00 sonic containerd[797]: time="2025-02-11T02:27:00.804287402Z" level=info msg="loading plugin \"io.containerd.event.v1.publisher\"..." runtime=io.containerd.runc.v2 type=io.containerd.event.v1
2025-02-11T02:27:00.805284+00:00 sonic containerd[797]: time="2025-02-11T02:27:00.804381911Z" level=info msg="loading plugin \"io.containerd.internal.v1.shutdown\"..." runtime=io.containerd.runc.v2 type=io.containerd.internal.v1
2025-02-11T02:27:00.805303+00:00 sonic containerd[797]: time="2025-02-11T02:27:00.804400855Z" level=info msg="loading plugin \"io.containerd.ttrpc.v1.task\"..." runtime=io.containerd.runc.v2 type=io.containerd.ttrpc.v1
2025-02-11T02:27:00.805337+00:00 sonic containerd[797]: time="2025-02-11T02:27:00.804635681Z" level=info msg="starting signal loop" namespace=moby path=/run/containerd/io.containerd.runtime.v2.task/moby/9539a2bb6d4ffae16a22fe95959c9d790a55ebadbcf69722103f9ab3b456341c pid=1673 runtime=io.containerd.runc.v2
2025-02-11T02:27:00.805337+00:00 sonic containerd[797]: time="2025-02-11T02:27:00.804635681Z" level=info msg="starting signal loop" namespace=moby path=/run/containerd/io.containerd.runtime.v2.task/moby/9539a2bb6d4ffae16a22fe95959c9d790a55ebadbcf69722103f9ab3b456341c pid=1673 runtime=io.containerd.runc.v2
2025-02-11T02:27:00.815225+00:00 sonic dockerd[868]: time="2025-02-11T02:27:00.815112873Z" level=info msg="No non-localhost DNS nameservers are left in resolv.conf. Using default external servers: [nameserver 8.8.8.8 nameserver 8.8.4.4]"
2025-02-11T02:27:00.815225+00:00 sonic dockerd[868]: time="2025-02-11T02:27:00.815112873Z" level=info msg="No non-localhost DNS nameservers are left in resolv.conf. Using default external servers: [nameserver 8.8.8.8 nameserver 8.8.4.4]"
2025-02-11T02:27:00.815303+00:00 sonic dockerd[868]: time="2025-02-11T02:27:00.815157028Z" level=info msg="IPv6 enabled; Adding default IPv6 external servers: [nameserver 2001:4860:4860::8888 nameserver 2001:4860:4860::8844]"
2025-02-11T02:27:00.815303+00:00 sonic dockerd[868]: time="2025-02-11T02:27:00.815157028Z" level=info msg="IPv6 enabled; Adding default IPv6 external servers: [nameserver 2001:4860:4860::8888 nameserver 2001:4860:4860::8844]"
2025-02-11T02:27:00.822955+00:00 sonic containerd[797]: time="2025-02-11T02:27:00.822725337Z" level=info msg="loading plugin \"io.containerd.event.v1.publisher\"..." runtime=io.containerd.runc.v2 type=io.containerd.event.v1
2025-02-11T02:27:00.823026+00:00 sonic containerd[797]: time="2025-02-11T02:27:00.822806377Z" level=info msg="loading plugin \"io.containerd.internal.v1.shutdown\"..." runtime=io.containerd.runc.v2 type=io.containerd.internal.v1
2025-02-11T02:27:00.822955+00:00 sonic containerd[797]: time="2025-02-11T02:27:00.822725337Z" level=info msg="loading plugin \"io.containerd.event.v1.publisher\"..." runtime=io.containerd.runc.v2 type=io.containerd.event.v1
2025-02-11T02:27:00.823026+00:00 sonic containerd[797]: time="2025-02-11T02:27:00.822806377Z" level=info msg="loading plugin \"io.containerd.internal.v1.shutdown\"..." runtime=io.containerd.runc.v2 type=io.containerd.internal.v1
2025-02-11T02:27:00.823048+00:00 sonic containerd[797]: time="2025-02-11T02:27:00.822824837Z" level=info msg="loading plugin \"io.containerd.ttrpc.v1.task\"..." runtime=io.containerd.runc.v2 type=io.containerd.ttrpc.v1
2025-02-11T02:27:00.823048+00:00 sonic containerd[797]: time="2025-02-11T02:27:00.822824837Z" level=info msg="loading plugin \"io.containerd.ttrpc.v1.task\"..." runtime=io.containerd.runc.v2 type=io.containerd.ttrpc.v1
2025-02-11T02:27:00.823262+00:00 sonic containerd[797]: time="2025-02-11T02:27:00.823089154Z" level=info msg="starting signal loop" namespace=moby path=/run/containerd/io.containerd.runtime.v2.task/moby/b5dd1e8874f98d8f7bfe87e9e7e41acccca03a13b3f8f9058da1a971acb4988f pid=1704 runtime=io.containerd.runc.v2
2025-02-11T02:27:00.823262+00:00 sonic containerd[797]: time="2025-02-11T02:27:00.823089154Z" level=info msg="starting signal loop" namespace=moby path=/run/containerd/io.containerd.runtime.v2.task/moby/b5dd1e8874f98d8f7bfe87e9e7e41acccca03a13b3f8f9058da1a971acb4988f pid=1704 runtime=io.containerd.runc.v2
2025-02-11T02:27:00.965577+00:00 sonic kernel: [   14.373448] eth0: renamed from veth6aaeb2f
2025-02-11T02:27:00.965577+00:00 sonic kernel: [   14.373448] eth0: renamed from veth6aaeb2f
2025-02-11T02:27:00.976626+00:00 sonic containerd[797]: time="2025-02-11T02:27:00.976458084Z" level=info msg="loading plugin \"io.containerd.event.v1.publisher\"..." runtime=io.containerd.runc.v2 type=io.containerd.event.v1
2025-02-11T02:27:00.976718+00:00 sonic containerd[797]: time="2025-02-11T02:27:00.976530975Z" level=info msg="loading plugin \"io.containerd.internal.v1.shutdown\"..." runtime=io.containerd.runc.v2 type=io.containerd.internal.v1
2025-02-11T02:27:00.976626+00:00 sonic containerd[797]: time="2025-02-11T02:27:00.976458084Z" level=info msg="loading plugin \"io.containerd.event.v1.publisher\"..." runtime=io.containerd.runc.v2 type=io.containerd.event.v1
2025-02-11T02:27:00.976718+00:00 sonic containerd[797]: time="2025-02-11T02:27:00.976530975Z" level=info msg="loading plugin \"io.containerd.internal.v1.shutdown\"..." runtime=io.containerd.runc.v2 type=io.containerd.internal.v1
2025-02-11T02:27:00.976766+00:00 sonic containerd[797]: time="2025-02-11T02:27:00.976543760Z" level=info msg="loading plugin \"io.containerd.ttrpc.v1.task\"..." runtime=io.containerd.runc.v2 type=io.containerd.ttrpc.v1
2025-02-11T02:27:00.976766+00:00 sonic containerd[797]: time="2025-02-11T02:27:00.976543760Z" level=info msg="loading plugin \"io.containerd.ttrpc.v1.task\"..." runtime=io.containerd.runc.v2 type=io.containerd.ttrpc.v1
2025-02-11T02:27:00.976813+00:00 sonic containerd[797]: time="2025-02-11T02:27:00.976713312Z" level=info msg="starting signal loop" namespace=moby path=/run/containerd/io.containerd.runtime.v2.task/moby/5673769366fb552f9f0e9130941e94d234a9f2508458507176a4655a04e6682f pid=1773 runtime=io.containerd.runc.v2
2025-02-11T02:27:00.976813+00:00 sonic containerd[797]: time="2025-02-11T02:27:00.976713312Z" level=info msg="starting signal loop" namespace=moby path=/run/containerd/io.containerd.runtime.v2.task/moby/5673769366fb552f9f0e9130941e94d234a9f2508458507176a4655a04e6682f pid=1773 runtime=io.containerd.runc.v2
2025-02-11T02:27:00.981145+00:00 sonic containerd[797]: time="2025-02-11T02:27:00.980951738Z" level=info msg="loading plugin \"io.containerd.event.v1.publisher\"..." runtime=io.containerd.runc.v2 type=io.containerd.event.v1
2025-02-11T02:27:00.981145+00:00 sonic containerd[797]: time="2025-02-11T02:27:00.980951738Z" level=info msg="loading plugin \"io.containerd.event.v1.publisher\"..." runtime=io.containerd.runc.v2 type=io.containerd.event.v1
2025-02-11T02:27:00.981228+00:00 sonic containerd[797]: time="2025-02-11T02:27:00.981044206Z" level=info msg="loading plugin \"io.containerd.internal.v1.shutdown\"..." runtime=io.containerd.runc.v2 type=io.containerd.internal.v1
2025-02-11T02:27:00.981276+00:00 sonic containerd[797]: time="2025-02-11T02:27:00.981063130Z" level=info msg="loading plugin \"io.containerd.ttrpc.v1.task\"..." runtime=io.containerd.runc.v2 type=io.containerd.ttrpc.v1
2025-02-11T02:27:00.981228+00:00 sonic containerd[797]: time="2025-02-11T02:27:00.981044206Z" level=info msg="loading plugin \"io.containerd.internal.v1.shutdown\"..." runtime=io.containerd.runc.v2 type=io.containerd.internal.v1
2025-02-11T02:27:00.981276+00:00 sonic containerd[797]: time="2025-02-11T02:27:00.981063130Z" level=info msg="loading plugin \"io.containerd.ttrpc.v1.task\"..." runtime=io.containerd.runc.v2 type=io.containerd.ttrpc.v1
2025-02-11T02:27:00.981603+00:00 sonic containerd[797]: time="2025-02-11T02:27:00.981513858Z" level=info msg="starting signal loop" namespace=moby path=/run/containerd/io.containerd.runtime.v2.task/moby/b7399e70ef4d7760bda4bf3c8f26880a5ea3696c71afc6e3a263818bce8230cf pid=1793 runtime=io.containerd.runc.v2
2025-02-11T02:27:00.981603+00:00 sonic containerd[797]: time="2025-02-11T02:27:00.981513858Z" level=info msg="starting signal loop" namespace=moby path=/run/containerd/io.containerd.runtime.v2.task/moby/b7399e70ef4d7760bda4bf3c8f26880a5ea3696c71afc6e3a263818bce8230cf pid=1793 runtime=io.containerd.runc.v2
2025-02-11T02:27:01.033581+00:00 sonic kernel: [   14.444582] eth0: renamed from veth14ddd79
2025-02-11T02:27:01.033581+00:00 sonic kernel: [   14.444582] eth0: renamed from veth14ddd79
2025-02-11T02:27:01.037528+00:00 sonic kernel: [   14.447459] e1000: eth0 NIC Link is Up 1000 Mbps Full Duplex, Flow Control: RX
2025-02-11T02:27:01.037528+00:00 sonic kernel: [   14.447459] e1000: eth0 NIC Link is Up 1000 Mbps Full Duplex, Flow Control: RX
2025-02-11T02:27:01.057530+00:00 sonic kernel: [   14.465859] docker0: port 4(veth1936b75) entered disabled state
2025-02-11T02:27:01.057597+00:00 sonic kernel: [   14.465887] IPv6: ADDRCONF(NETDEV_CHANGE): eth0: link becomes ready
2025-02-11T02:27:01.057599+00:00 sonic kernel: [   14.468469] IPv6: ADDRCONF(NETDEV_CHANGE): veth9338b88: link becomes ready
2025-02-11T02:27:01.057600+00:00 sonic kernel: [   14.468489] docker0: port 2(veth9338b88) entered blocking state
2025-02-11T02:27:01.057601+00:00 sonic kernel: [   14.468492] docker0: port 2(veth9338b88) entered forwarding state
2025-02-11T02:27:01.057602+00:00 sonic kernel: [   14.468808] IPv6: ADDRCONF(NETDEV_CHANGE): eth0: link becomes ready
2025-02-11T02:27:01.057602+00:00 sonic kernel: [   14.468840] IPv6: ADDRCONF(NETDEV_CHANGE): vetha486d20: link becomes ready
2025-02-11T02:27:01.057603+00:00 sonic kernel: [   14.468862] docker0: port 1(vetha486d20) entered blocking state
2025-02-11T02:27:01.057604+00:00 sonic kernel: [   14.468866] docker0: port 1(vetha486d20) entered forwarding state
2025-02-11T02:27:01.057530+00:00 sonic kernel: [   14.465859] docker0: port 4(veth1936b75) entered disabled state
2025-02-11T02:27:01.057597+00:00 sonic kernel: [   14.465887] IPv6: ADDRCONF(NETDEV_CHANGE): eth0: link becomes ready
2025-02-11T02:27:01.057599+00:00 sonic kernel: [   14.468469] IPv6: ADDRCONF(NETDEV_CHANGE): veth9338b88: link becomes ready
2025-02-11T02:27:01.057600+00:00 sonic kernel: [   14.468489] docker0: port 2(veth9338b88) entered blocking state
2025-02-11T02:27:01.057601+00:00 sonic kernel: [   14.468492] docker0: port 2(veth9338b88) entered forwarding state
2025-02-11T02:27:01.057602+00:00 sonic kernel: [   14.468808] IPv6: ADDRCONF(NETDEV_CHANGE): eth0: link becomes ready
2025-02-11T02:27:01.057602+00:00 sonic kernel: [   14.468840] IPv6: ADDRCONF(NETDEV_CHANGE): vetha486d20: link becomes ready
2025-02-11T02:27:01.057603+00:00 sonic kernel: [   14.468862] docker0: port 1(vetha486d20) entered blocking state
2025-02-11T02:27:01.057604+00:00 sonic kernel: [   14.468866] docker0: port 1(vetha486d20) entered forwarding state
2025-02-11T02:27:01.116024+00:00 sonic database.sh[1602]: database0
2025-02-11T02:27:01.116024+00:00 sonic database.sh[1602]: database0
2025-02-11T02:27:01.134054+00:00 sonic database.sh[1592]: database3
2025-02-11T02:27:01.134054+00:00 sonic database.sh[1592]: database3
2025-02-11T02:27:01.141521+00:00 sonic kernel: [   14.550348] eth0: renamed from veth1f76ba1
2025-02-11T02:27:01.141521+00:00 sonic kernel: [   14.550348] eth0: renamed from veth1f76ba1
2025-02-11T02:27:01.217567+00:00 sonic kernel: [   14.625630] eth0: renamed from veth5b80d64
2025-02-11T02:27:01.217567+00:00 sonic kernel: [   14.625630] eth0: renamed from veth5b80d64
2025-02-11T02:27:01.241570+00:00 sonic kernel: [   14.649649] IPv6: ADDRCONF(NETDEV_CHANGE): veth376864a: link becomes ready
2025-02-11T02:27:01.241590+00:00 sonic kernel: [   14.649681] docker0: port 3(veth376864a) entered blocking state
2025-02-11T02:27:01.241592+00:00 sonic kernel: [   14.649692] docker0: port 3(veth376864a) entered forwarding state
2025-02-11T02:27:01.241593+00:00 sonic kernel: [   14.649868] IPv6: ADDRCONF(NETDEV_CHANGE): veth1936b75: link becomes ready
2025-02-11T02:27:01.241594+00:00 sonic kernel: [   14.649891] docker0: port 4(veth1936b75) entered blocking state
2025-02-11T02:27:01.241595+00:00 sonic kernel: [   14.649897] docker0: port 4(veth1936b75) entered forwarding state
2025-02-11T02:27:01.241570+00:00 sonic kernel: [   14.649649] IPv6: ADDRCONF(NETDEV_CHANGE): veth376864a: link becomes ready
2025-02-11T02:27:01.241590+00:00 sonic kernel: [   14.649681] docker0: port 3(veth376864a) entered blocking state
2025-02-11T02:27:01.241592+00:00 sonic kernel: [   14.649692] docker0: port 3(veth376864a) entered forwarding state
2025-02-11T02:27:01.241593+00:00 sonic kernel: [   14.649868] IPv6: ADDRCONF(NETDEV_CHANGE): veth1936b75: link becomes ready
2025-02-11T02:27:01.241594+00:00 sonic kernel: [   14.649891] docker0: port 4(veth1936b75) entered blocking state
2025-02-11T02:27:01.241595+00:00 sonic kernel: [   14.649897] docker0: port 4(veth1936b75) entered forwarding state
2025-02-11T02:27:01.295365+00:00 sonic database.sh[1937]: * Applying /usr/lib/sysctl.d/99-protect-links.conf ...
2025-02-11T02:27:01.295442+00:00 sonic database.sh[1937]: * Applying /etc/sysctl.d/sysctl-net.conf ...
2025-02-11T02:27:01.295475+00:00 sonic database.sh[1937]: * Applying /etc/sysctl.conf ...
2025-02-11T02:27:01.295511+00:00 sonic database.sh[1937]: fs.protected_fifos = 1
2025-02-11T02:27:01.295540+00:00 sonic database.sh[1937]: fs.protected_hardlinks = 1
2025-02-11T02:27:01.295566+00:00 sonic database.sh[1937]: fs.protected_regular = 2
2025-02-11T02:27:01.295600+00:00 sonic database.sh[1937]: fs.protected_symlinks = 1
2025-02-11T02:27:01.295624+00:00 sonic database.sh[1937]: net.ipv6.conf.all.disable_ipv6 = 0
2025-02-11T02:27:01.295650+00:00 sonic database.sh[1937]: sysctl: setting key "net.ipv4.conf.default.forwarding": Operation not permitted
2025-02-11T02:27:01.295684+00:00 sonic database.sh[1937]: sysctl: setting key "net.ipv4.conf.all.forwarding": Operation not permitted
2025-02-11T02:27:01.295713+00:00 sonic database.sh[1937]: sysctl: setting key "net.ipv4.conf.eth0.forwarding": Operation not permitted
2025-02-11T02:27:01.295742+00:00 sonic database.sh[1937]: sysctl: setting key "net.ipv4.ip_local_port_range": Invalid argument
2025-02-11T02:27:01.295808+00:00 sonic database.sh[1937]: net.ipv4.conf.default.arp_accept = 0
2025-02-11T02:27:01.295865+00:00 sonic database.sh[1937]: net.ipv4.conf.default.arp_announce = 0
2025-02-11T02:27:01.295893+00:00 sonic database.sh[1937]: net.ipv4.conf.default.arp_filter = 0
2025-02-11T02:27:01.295917+00:00 sonic database.sh[1937]: net.ipv4.conf.default.arp_notify = 0
2025-02-11T02:27:01.295940+00:00 sonic database.sh[1937]: net.ipv4.conf.default.arp_ignore = 0
2025-02-11T02:27:01.295969+00:00 sonic database.sh[1937]: net.ipv4.conf.all.arp_accept = 0
2025-02-11T02:27:01.296000+00:00 sonic database.sh[1937]: net.ipv4.conf.all.arp_announce = 1
2025-02-11T02:27:01.296026+00:00 sonic database.sh[1937]: net.ipv4.conf.all.arp_filter = 0
2025-02-11T02:27:01.296054+00:00 sonic database.sh[1937]: net.ipv4.conf.all.arp_notify = 1
2025-02-11T02:27:01.296080+00:00 sonic database.sh[1937]: net.ipv4.conf.all.arp_ignore = 2
2025-02-11T02:27:01.296107+00:00 sonic database.sh[1937]: net.ipv6.conf.default.forwarding = 1
2025-02-11T02:27:01.296133+00:00 sonic database.sh[1937]: net.ipv6.conf.all.forwarding = 1
2025-02-11T02:27:01.296159+00:00 sonic database.sh[1937]: net.ipv6.conf.eth0.forwarding = 1
2025-02-11T02:27:01.296188+00:00 sonic database.sh[1937]: net.ipv6.conf.default.accept_dad = 0
2025-02-11T02:27:01.295365+00:00 sonic database.sh[1937]: * Applying /usr/lib/sysctl.d/99-protect-links.conf ...
2025-02-11T02:27:01.295442+00:00 sonic database.sh[1937]: * Applying /etc/sysctl.d/sysctl-net.conf ...
2025-02-11T02:27:01.295475+00:00 sonic database.sh[1937]: * Applying /etc/sysctl.conf ...
2025-02-11T02:27:01.295511+00:00 sonic database.sh[1937]: fs.protected_fifos = 1
2025-02-11T02:27:01.295540+00:00 sonic database.sh[1937]: fs.protected_hardlinks = 1
2025-02-11T02:27:01.295566+00:00 sonic database.sh[1937]: fs.protected_regular = 2
2025-02-11T02:27:01.295600+00:00 sonic database.sh[1937]: fs.protected_symlinks = 1
2025-02-11T02:27:01.295624+00:00 sonic database.sh[1937]: net.ipv6.conf.all.disable_ipv6 = 0
2025-02-11T02:27:01.295650+00:00 sonic database.sh[1937]: sysctl: setting key "net.ipv4.conf.default.forwarding": Operation not permitted
2025-02-11T02:27:01.295684+00:00 sonic database.sh[1937]: sysctl: setting key "net.ipv4.conf.all.forwarding": Operation not permitted
2025-02-11T02:27:01.295713+00:00 sonic database.sh[1937]: sysctl: setting key "net.ipv4.conf.eth0.forwarding": Operation not permitted
2025-02-11T02:27:01.295742+00:00 sonic database.sh[1937]: sysctl: setting key "net.ipv4.ip_local_port_range": Invalid argument
2025-02-11T02:27:01.295808+00:00 sonic database.sh[1937]: net.ipv4.conf.default.arp_accept = 0
2025-02-11T02:27:01.295865+00:00 sonic database.sh[1937]: net.ipv4.conf.default.arp_announce = 0
2025-02-11T02:27:01.295893+00:00 sonic database.sh[1937]: net.ipv4.conf.default.arp_filter = 0
2025-02-11T02:27:01.295917+00:00 sonic database.sh[1937]: net.ipv4.conf.default.arp_notify = 0
2025-02-11T02:27:01.295940+00:00 sonic database.sh[1937]: net.ipv4.conf.default.arp_ignore = 0
2025-02-11T02:27:01.295969+00:00 sonic database.sh[1937]: net.ipv4.conf.all.arp_accept = 0
2025-02-11T02:27:01.296000+00:00 sonic database.sh[1937]: net.ipv4.conf.all.arp_announce = 1
2025-02-11T02:27:01.296026+00:00 sonic database.sh[1937]: net.ipv4.conf.all.arp_filter = 0
2025-02-11T02:27:01.296054+00:00 sonic database.sh[1937]: net.ipv4.conf.all.arp_notify = 1
2025-02-11T02:27:01.296080+00:00 sonic database.sh[1937]: net.ipv4.conf.all.arp_ignore = 2
2025-02-11T02:27:01.296107+00:00 sonic database.sh[1937]: net.ipv6.conf.default.forwarding = 1
2025-02-11T02:27:01.296133+00:00 sonic database.sh[1937]: net.ipv6.conf.all.forwarding = 1
2025-02-11T02:27:01.296159+00:00 sonic database.sh[1937]: net.ipv6.conf.eth0.forwarding = 1
2025-02-11T02:27:01.296188+00:00 sonic database.sh[1937]: net.ipv6.conf.default.accept_dad = 0
2025-02-11T02:27:01.296216+00:00 sonic database.sh[1937]: net.ipv6.conf.all.accept_dad = 0
2025-02-11T02:27:01.296247+00:00 sonic database.sh[1937]: net.ipv6.conf.eth0.accept_dad = 0
2025-02-11T02:27:01.296274+00:00 sonic database.sh[1937]: net.ipv6.conf.default.keep_addr_on_down = 1
2025-02-11T02:27:01.296300+00:00 sonic database.sh[1937]: net.ipv6.conf.all.keep_addr_on_down = 1
2025-02-11T02:27:01.296325+00:00 sonic database.sh[1937]: net.ipv6.conf.eth0.keep_addr_on_down = 1
2025-02-11T02:27:01.296356+00:00 sonic database.sh[1937]: net.ipv4.tcp_l3mdev_accept = 1
2025-02-11T02:27:01.296383+00:00 sonic database.sh[1937]: net.ipv4.udp_l3mdev_accept = 1
2025-02-11T02:27:01.296411+00:00 sonic database.sh[1937]: net.core.somaxconn = 512
2025-02-11T02:27:01.296438+00:00 sonic database.sh[1937]: net.ipv4.fib_multipath_use_neigh = 1
2025-02-11T02:27:01.296216+00:00 sonic database.sh[1937]: net.ipv6.conf.all.accept_dad = 0
2025-02-11T02:27:01.296247+00:00 sonic database.sh[1937]: net.ipv6.conf.eth0.accept_dad = 0
2025-02-11T02:27:01.296274+00:00 sonic database.sh[1937]: net.ipv6.conf.default.keep_addr_on_down = 1
2025-02-11T02:27:01.296300+00:00 sonic database.sh[1937]: net.ipv6.conf.all.keep_addr_on_down = 1
2025-02-11T02:27:01.296325+00:00 sonic database.sh[1937]: net.ipv6.conf.eth0.keep_addr_on_down = 1
2025-02-11T02:27:01.296356+00:00 sonic database.sh[1937]: net.ipv4.tcp_l3mdev_accept = 1
2025-02-11T02:27:01.296383+00:00 sonic database.sh[1937]: net.ipv4.udp_l3mdev_accept = 1
2025-02-11T02:27:01.296411+00:00 sonic database.sh[1937]: net.core.somaxconn = 512
2025-02-11T02:27:01.296438+00:00 sonic database.sh[1937]: net.ipv4.fib_multipath_use_neigh = 1
2025-02-11T02:27:01.300533+00:00 sonic database.sh[1938]: * Applying /usr/lib/sysctl.d/99-protect-links.conf ...
2025-02-11T02:27:01.300587+00:00 sonic database.sh[1938]: * Applying /etc/sysctl.d/sysctl-net.conf ...
2025-02-11T02:27:01.300606+00:00 sonic database.sh[1938]: * Applying /etc/sysctl.conf ...
2025-02-11T02:27:01.300623+00:00 sonic database.sh[1938]: fs.protected_fifos = 1
2025-02-11T02:27:01.300647+00:00 sonic database.sh[1938]: fs.protected_hardlinks = 1
2025-02-11T02:27:01.300672+00:00 sonic database.sh[1938]: fs.protected_regular = 2
2025-02-11T02:27:01.300701+00:00 sonic database.sh[1938]: fs.protected_symlinks = 1
2025-02-11T02:27:01.300718+00:00 sonic database.sh[1938]: net.ipv6.conf.all.disable_ipv6 = 0
2025-02-11T02:27:01.300733+00:00 sonic database.sh[1938]: net.ipv4.conf.default.arp_accept = 0
2025-02-11T02:27:01.300749+00:00 sonic database.sh[1938]: net.ipv4.conf.default.arp_announce = 0
2025-02-11T02:27:01.300765+00:00 sonic database.sh[1938]: net.ipv4.conf.default.arp_filter = 0
2025-02-11T02:27:01.300793+00:00 sonic database.sh[1938]: net.ipv4.conf.default.arp_notify = 0
2025-02-11T02:27:01.300817+00:00 sonic database.sh[1938]: net.ipv4.conf.default.arp_ignore = 0
2025-02-11T02:27:01.300868+00:00 sonic database.sh[1938]: net.ipv4.conf.all.arp_accept = 0
2025-02-11T02:27:01.300887+00:00 sonic database.sh[1938]: net.ipv4.conf.all.arp_announce = 1
2025-02-11T02:27:01.300903+00:00 sonic database.sh[1938]: net.ipv4.conf.all.arp_filter = 0
2025-02-11T02:27:01.300918+00:00 sonic database.sh[1938]: net.ipv4.conf.all.arp_notify = 1
2025-02-11T02:27:01.300933+00:00 sonic database.sh[1938]: net.ipv4.conf.all.arp_ignore = 2
2025-02-11T02:27:01.300962+00:00 sonic database.sh[1938]: sysctl: setting key "net.ipv4.conf.default.forwarding": Operation not permitted
2025-02-11T02:27:01.300533+00:00 sonic database.sh[1938]: * Applying /usr/lib/sysctl.d/99-protect-links.conf ...
2025-02-11T02:27:01.300587+00:00 sonic database.sh[1938]: * Applying /etc/sysctl.d/sysctl-net.conf ...
2025-02-11T02:27:01.300606+00:00 sonic database.sh[1938]: * Applying /etc/sysctl.conf ...
2025-02-11T02:27:01.300623+00:00 sonic database.sh[1938]: fs.protected_fifos = 1
2025-02-11T02:27:01.300647+00:00 sonic database.sh[1938]: fs.protected_hardlinks = 1
2025-02-11T02:27:01.300672+00:00 sonic database.sh[1938]: fs.protected_regular = 2
2025-02-11T02:27:01.300701+00:00 sonic database.sh[1938]: fs.protected_symlinks = 1
2025-02-11T02:27:01.300718+00:00 sonic database.sh[1938]: net.ipv6.conf.all.disable_ipv6 = 0
2025-02-11T02:27:01.300733+00:00 sonic database.sh[1938]: net.ipv4.conf.default.arp_accept = 0
2025-02-11T02:27:01.300749+00:00 sonic database.sh[1938]: net.ipv4.conf.default.arp_announce = 0
2025-02-11T02:27:01.300765+00:00 sonic database.sh[1938]: net.ipv4.conf.default.arp_filter = 0
2025-02-11T02:27:01.300793+00:00 sonic database.sh[1938]: net.ipv4.conf.default.arp_notify = 0
2025-02-11T02:27:01.300817+00:00 sonic database.sh[1938]: net.ipv4.conf.default.arp_ignore = 0
2025-02-11T02:27:01.300868+00:00 sonic database.sh[1938]: net.ipv4.conf.all.arp_accept = 0
2025-02-11T02:27:01.300887+00:00 sonic database.sh[1938]: net.ipv4.conf.all.arp_announce = 1
2025-02-11T02:27:01.300903+00:00 sonic database.sh[1938]: net.ipv4.conf.all.arp_filter = 0
2025-02-11T02:27:01.300918+00:00 sonic database.sh[1938]: net.ipv4.conf.all.arp_notify = 1
2025-02-11T02:27:01.300933+00:00 sonic database.sh[1938]: net.ipv4.conf.all.arp_ignore = 2
2025-02-11T02:27:01.300962+00:00 sonic database.sh[1938]: sysctl: setting key "net.ipv4.conf.default.forwarding": Operation not permitted
2025-02-11T02:27:01.300981+00:00 sonic database.sh[1938]: sysctl: setting key "net.ipv4.conf.all.forwarding": Operation not permitted
2025-02-11T02:27:01.301008+00:00 sonic database.sh[1938]: sysctl: setting key "net.ipv4.conf.eth0.forwarding": Operation not permitted
2025-02-11T02:27:01.301035+00:00 sonic database.sh[1938]: sysctl: setting key "net.ipv4.ip_local_port_range": Invalid argument
2025-02-11T02:27:01.301068+00:00 sonic database.sh[1938]: net.ipv6.conf.default.forwarding = 1
2025-02-11T02:27:01.301099+00:00 sonic database.sh[1938]: net.ipv6.conf.all.forwarding = 1
2025-02-11T02:27:01.301115+00:00 sonic database.sh[1938]: net.ipv6.conf.eth0.forwarding = 1
2025-02-11T02:27:01.301130+00:00 sonic database.sh[1938]: net.ipv6.conf.default.accept_dad = 0
2025-02-11T02:27:01.301145+00:00 sonic database.sh[1938]: net.ipv6.conf.all.accept_dad = 0
2025-02-11T02:27:01.301160+00:00 sonic database.sh[1938]: net.ipv6.conf.eth0.accept_dad = 0
2025-02-11T02:27:01.301179+00:00 sonic database.sh[1938]: net.ipv6.conf.default.keep_addr_on_down = 1
2025-02-11T02:27:01.301194+00:00 sonic database.sh[1938]: net.ipv6.conf.all.keep_addr_on_down = 1
2025-02-11T02:27:01.301209+00:00 sonic database.sh[1938]: net.ipv6.conf.eth0.keep_addr_on_down = 1
2025-02-11T02:27:01.301225+00:00 sonic database.sh[1938]: net.ipv4.tcp_l3mdev_accept = 1
2025-02-11T02:27:01.301240+00:00 sonic database.sh[1938]: net.ipv4.udp_l3mdev_accept = 1
2025-02-11T02:27:01.301255+00:00 sonic database.sh[1938]: net.core.somaxconn = 512
2025-02-11T02:27:01.301272+00:00 sonic database.sh[1938]: net.ipv4.fib_multipath_use_neigh = 1
2025-02-11T02:27:01.300981+00:00 sonic database.sh[1938]: sysctl: setting key "net.ipv4.conf.all.forwarding": Operation not permitted
2025-02-11T02:27:01.301008+00:00 sonic database.sh[1938]: sysctl: setting key "net.ipv4.conf.eth0.forwarding": Operation not permitted
2025-02-11T02:27:01.301035+00:00 sonic database.sh[1938]: sysctl: setting key "net.ipv4.ip_local_port_range": Invalid argument
2025-02-11T02:27:01.301068+00:00 sonic database.sh[1938]: net.ipv6.conf.default.forwarding = 1
2025-02-11T02:27:01.301099+00:00 sonic database.sh[1938]: net.ipv6.conf.all.forwarding = 1
2025-02-11T02:27:01.301115+00:00 sonic database.sh[1938]: net.ipv6.conf.eth0.forwarding = 1
2025-02-11T02:27:01.301130+00:00 sonic database.sh[1938]: net.ipv6.conf.default.accept_dad = 0
2025-02-11T02:27:01.301145+00:00 sonic database.sh[1938]: net.ipv6.conf.all.accept_dad = 0
2025-02-11T02:27:01.301160+00:00 sonic database.sh[1938]: net.ipv6.conf.eth0.accept_dad = 0
2025-02-11T02:27:01.301179+00:00 sonic database.sh[1938]: net.ipv6.conf.default.keep_addr_on_down = 1
2025-02-11T02:27:01.301194+00:00 sonic database.sh[1938]: net.ipv6.conf.all.keep_addr_on_down = 1
2025-02-11T02:27:01.301209+00:00 sonic database.sh[1938]: net.ipv6.conf.eth0.keep_addr_on_down = 1
2025-02-11T02:27:01.301225+00:00 sonic database.sh[1938]: net.ipv4.tcp_l3mdev_accept = 1
2025-02-11T02:27:01.301240+00:00 sonic database.sh[1938]: net.ipv4.udp_l3mdev_accept = 1
2025-02-11T02:27:01.301255+00:00 sonic database.sh[1938]: net.core.somaxconn = 512
2025-02-11T02:27:01.301272+00:00 sonic database.sh[1938]: net.ipv4.fib_multipath_use_neigh = 1
2025-02-11T02:27:01.315988+00:00 sonic database.sh[1603]: database2
2025-02-11T02:27:01.315988+00:00 sonic database.sh[1603]: database2
2025-02-11T02:27:01.320119+00:00 sonic database.sh[1621]: database1
2025-02-11T02:27:01.320119+00:00 sonic database.sh[1621]: database1
2025-02-11T02:27:01.506109+00:00 sonic database.sh[2090]: * Applying /usr/lib/sysctl.d/99-protect-links.conf ...
2025-02-11T02:27:01.506254+00:00 sonic database.sh[2090]: * Applying /etc/sysctl.d/sysctl-net.conf ...
2025-02-11T02:27:01.506288+00:00 sonic database.sh[2090]: * Applying /etc/sysctl.conf ...
2025-02-11T02:27:01.506354+00:00 sonic database.sh[2090]: fs.protected_fifos = 1
2025-02-11T02:27:01.506384+00:00 sonic database.sh[2090]: fs.protected_hardlinks = 1
2025-02-11T02:27:01.506411+00:00 sonic database.sh[2090]: fs.protected_regular = 2
2025-02-11T02:27:01.506439+00:00 sonic database.sh[2090]: fs.protected_symlinks = 1
2025-02-11T02:27:01.506465+00:00 sonic database.sh[2090]: net.ipv6.conf.all.disable_ipv6 = 0
2025-02-11T02:27:01.506494+00:00 sonic database.sh[2090]: sysctl: setting key "net.ipv4.conf.default.forwarding": Operation not permitted
2025-02-11T02:27:01.506523+00:00 sonic database.sh[2090]: sysctl: setting key "net.ipv4.conf.all.forwarding": Operation not permitted
2025-02-11T02:27:01.506550+00:00 sonic database.sh[2090]: sysctl: setting key "net.ipv4.conf.eth0.forwarding": Operation not permitted
2025-02-11T02:27:01.506576+00:00 sonic database.sh[2090]: net.ipv4.conf.default.arp_accept = 0
2025-02-11T02:27:01.506600+00:00 sonic database.sh[2090]: net.ipv4.conf.default.arp_announce = 0
2025-02-11T02:27:01.506625+00:00 sonic database.sh[2090]: net.ipv4.conf.default.arp_filter = 0
2025-02-11T02:27:01.506652+00:00 sonic database.sh[2090]: net.ipv4.conf.default.arp_notify = 0
2025-02-11T02:27:01.506685+00:00 sonic database.sh[2090]: net.ipv4.conf.default.arp_ignore = 0
2025-02-11T02:27:01.506109+00:00 sonic database.sh[2090]: * Applying /usr/lib/sysctl.d/99-protect-links.conf ...
2025-02-11T02:27:01.506254+00:00 sonic database.sh[2090]: * Applying /etc/sysctl.d/sysctl-net.conf ...
2025-02-11T02:27:01.506288+00:00 sonic database.sh[2090]: * Applying /etc/sysctl.conf ...
2025-02-11T02:27:01.506354+00:00 sonic database.sh[2090]: fs.protected_fifos = 1
2025-02-11T02:27:01.506384+00:00 sonic database.sh[2090]: fs.protected_hardlinks = 1
2025-02-11T02:27:01.506411+00:00 sonic database.sh[2090]: fs.protected_regular = 2
2025-02-11T02:27:01.506439+00:00 sonic database.sh[2090]: fs.protected_symlinks = 1
2025-02-11T02:27:01.506465+00:00 sonic database.sh[2090]: net.ipv6.conf.all.disable_ipv6 = 0
2025-02-11T02:27:01.506494+00:00 sonic database.sh[2090]: sysctl: setting key "net.ipv4.conf.default.forwarding": Operation not permitted
2025-02-11T02:27:01.506523+00:00 sonic database.sh[2090]: sysctl: setting key "net.ipv4.conf.all.forwarding": Operation not permitted
2025-02-11T02:27:01.506550+00:00 sonic database.sh[2090]: sysctl: setting key "net.ipv4.conf.eth0.forwarding": Operation not permitted
2025-02-11T02:27:01.506576+00:00 sonic database.sh[2090]: net.ipv4.conf.default.arp_accept = 0
2025-02-11T02:27:01.506600+00:00 sonic database.sh[2090]: net.ipv4.conf.default.arp_announce = 0
2025-02-11T02:27:01.506625+00:00 sonic database.sh[2090]: net.ipv4.conf.default.arp_filter = 0
2025-02-11T02:27:01.506652+00:00 sonic database.sh[2090]: net.ipv4.conf.default.arp_notify = 0
2025-02-11T02:27:01.506685+00:00 sonic database.sh[2090]: net.ipv4.conf.default.arp_ignore = 0
2025-02-11T02:27:01.506714+00:00 sonic database.sh[2090]: net.ipv4.conf.all.arp_accept = 0
2025-02-11T02:27:01.506753+00:00 sonic database.sh[2090]: net.ipv4.conf.all.arp_announce = 1
2025-02-11T02:27:01.506779+00:00 sonic database.sh[2090]: net.ipv4.conf.all.arp_filter = 0
2025-02-11T02:27:01.506804+00:00 sonic database.sh[2090]: net.ipv4.conf.all.arp_notify = 1
2025-02-11T02:27:01.506830+00:00 sonic database.sh[2090]: net.ipv4.conf.all.arp_ignore = 2
2025-02-11T02:27:01.506886+00:00 sonic database.sh[2090]: sysctl: setting key "net.ipv4.ip_local_port_range": Invalid argument
2025-02-11T02:27:01.506935+00:00 sonic database.sh[2090]: net.ipv6.conf.default.forwarding = 1
2025-02-11T02:27:01.506962+00:00 sonic database.sh[2090]: net.ipv6.conf.all.forwarding = 1
2025-02-11T02:27:01.506988+00:00 sonic database.sh[2090]: net.ipv6.conf.eth0.forwarding = 1
2025-02-11T02:27:01.507017+00:00 sonic database.sh[2090]: net.ipv6.conf.default.accept_dad = 0
2025-02-11T02:27:01.507043+00:00 sonic database.sh[2090]: net.ipv6.conf.all.accept_dad = 0
2025-02-11T02:27:01.507068+00:00 sonic database.sh[2090]: net.ipv6.conf.eth0.accept_dad = 0
2025-02-11T02:27:01.507094+00:00 sonic database.sh[2090]: net.ipv6.conf.default.keep_addr_on_down = 1
2025-02-11T02:27:01.506714+00:00 sonic database.sh[2090]: net.ipv4.conf.all.arp_accept = 0
2025-02-11T02:27:01.506753+00:00 sonic database.sh[2090]: net.ipv4.conf.all.arp_announce = 1
2025-02-11T02:27:01.506779+00:00 sonic database.sh[2090]: net.ipv4.conf.all.arp_filter = 0
2025-02-11T02:27:01.506804+00:00 sonic database.sh[2090]: net.ipv4.conf.all.arp_notify = 1
2025-02-11T02:27:01.506830+00:00 sonic database.sh[2090]: net.ipv4.conf.all.arp_ignore = 2
2025-02-11T02:27:01.506886+00:00 sonic database.sh[2090]: sysctl: setting key "net.ipv4.ip_local_port_range": Invalid argument
2025-02-11T02:27:01.506935+00:00 sonic database.sh[2090]: net.ipv6.conf.default.forwarding = 1
2025-02-11T02:27:01.506962+00:00 sonic database.sh[2090]: net.ipv6.conf.all.forwarding = 1
2025-02-11T02:27:01.506988+00:00 sonic database.sh[2090]: net.ipv6.conf.eth0.forwarding = 1
2025-02-11T02:27:01.507017+00:00 sonic database.sh[2090]: net.ipv6.conf.default.accept_dad = 0
2025-02-11T02:27:01.507043+00:00 sonic database.sh[2090]: net.ipv6.conf.all.accept_dad = 0
2025-02-11T02:27:01.507068+00:00 sonic database.sh[2090]: net.ipv6.conf.eth0.accept_dad = 0
2025-02-11T02:27:01.507094+00:00 sonic database.sh[2090]: net.ipv6.conf.default.keep_addr_on_down = 1
2025-02-11T02:27:01.507120+00:00 sonic database.sh[2090]: net.ipv6.conf.all.keep_addr_on_down = 1
2025-02-11T02:27:01.507151+00:00 sonic database.sh[2090]: net.ipv6.conf.eth0.keep_addr_on_down = 1
2025-02-11T02:27:01.507179+00:00 sonic database.sh[2090]: net.ipv4.tcp_l3mdev_accept = 1
2025-02-11T02:27:01.507213+00:00 sonic database.sh[2090]: net.ipv4.udp_l3mdev_accept = 1
2025-02-11T02:27:01.507120+00:00 sonic database.sh[2090]: net.ipv6.conf.all.keep_addr_on_down = 1
2025-02-11T02:27:01.507151+00:00 sonic database.sh[2090]: net.ipv6.conf.eth0.keep_addr_on_down = 1
2025-02-11T02:27:01.507179+00:00 sonic database.sh[2090]: net.ipv4.tcp_l3mdev_accept = 1
2025-02-11T02:27:01.507213+00:00 sonic database.sh[2090]: net.ipv4.udp_l3mdev_accept = 1
2025-02-11T02:27:01.507242+00:00 sonic database.sh[2090]: net.core.somaxconn = 512
2025-02-11T02:27:01.507273+00:00 sonic database.sh[2090]: net.ipv4.fib_multipath_use_neigh = 1
2025-02-11T02:27:01.507242+00:00 sonic database.sh[2090]: net.core.somaxconn = 512
2025-02-11T02:27:01.507273+00:00 sonic database.sh[2090]: net.ipv4.fib_multipath_use_neigh = 1
2025-02-11T02:27:01.508012+00:00 sonic database.sh[2091]: * Applying /usr/lib/sysctl.d/99-protect-links.conf ...
2025-02-11T02:27:01.508012+00:00 sonic database.sh[2091]: * Applying /usr/lib/sysctl.d/99-protect-links.conf ...
2025-02-11T02:27:01.508081+00:00 sonic database.sh[2091]: * Applying /etc/sysctl.d/sysctl-net.conf ...
2025-02-11T02:27:01.508115+00:00 sonic database.sh[2091]: * Applying /etc/sysctl.conf ...
2025-02-11T02:27:01.508141+00:00 sonic database.sh[2091]: fs.protected_fifos = 1
2025-02-11T02:27:01.508081+00:00 sonic database.sh[2091]: * Applying /etc/sysctl.d/sysctl-net.conf ...
2025-02-11T02:27:01.508115+00:00 sonic database.sh[2091]: * Applying /etc/sysctl.conf ...
2025-02-11T02:27:01.508141+00:00 sonic database.sh[2091]: fs.protected_fifos = 1
2025-02-11T02:27:01.508168+00:00 sonic database.sh[2091]: fs.protected_hardlinks = 1
2025-02-11T02:27:01.508200+00:00 sonic database.sh[2091]: fs.protected_regular = 2
2025-02-11T02:27:01.508226+00:00 sonic database.sh[2091]: fs.protected_symlinks = 1
2025-02-11T02:27:01.508253+00:00 sonic database.sh[2091]: net.ipv6.conf.all.disable_ipv6 = 0
2025-02-11T02:27:01.508279+00:00 sonic database.sh[2091]: net.ipv4.conf.default.arp_accept = 0
2025-02-11T02:27:01.508306+00:00 sonic database.sh[2091]: net.ipv4.conf.default.arp_announce = 0
2025-02-11T02:27:01.508168+00:00 sonic database.sh[2091]: fs.protected_hardlinks = 1
2025-02-11T02:27:01.508200+00:00 sonic database.sh[2091]: fs.protected_regular = 2
2025-02-11T02:27:01.508226+00:00 sonic database.sh[2091]: fs.protected_symlinks = 1
2025-02-11T02:27:01.508253+00:00 sonic database.sh[2091]: net.ipv6.conf.all.disable_ipv6 = 0
2025-02-11T02:27:01.508279+00:00 sonic database.sh[2091]: net.ipv4.conf.default.arp_accept = 0
2025-02-11T02:27:01.508306+00:00 sonic database.sh[2091]: net.ipv4.conf.default.arp_announce = 0
2025-02-11T02:27:01.508332+00:00 sonic database.sh[2091]: net.ipv4.conf.default.arp_filter = 0
2025-02-11T02:27:01.508360+00:00 sonic database.sh[2091]: net.ipv4.conf.default.arp_notify = 0
2025-02-11T02:27:01.508385+00:00 sonic database.sh[2091]: net.ipv4.conf.default.arp_ignore = 0
2025-02-11T02:27:01.508412+00:00 sonic database.sh[2091]: net.ipv4.conf.all.arp_accept = 0
2025-02-11T02:27:01.508438+00:00 sonic database.sh[2091]: net.ipv4.conf.all.arp_announce = 1
2025-02-11T02:27:01.508461+00:00 sonic database.sh[2091]: net.ipv4.conf.all.arp_filter = 0
2025-02-11T02:27:01.508486+00:00 sonic database.sh[2091]: net.ipv4.conf.all.arp_notify = 1
2025-02-11T02:27:01.508332+00:00 sonic database.sh[2091]: net.ipv4.conf.default.arp_filter = 0
2025-02-11T02:27:01.508360+00:00 sonic database.sh[2091]: net.ipv4.conf.default.arp_notify = 0
2025-02-11T02:27:01.508385+00:00 sonic database.sh[2091]: net.ipv4.conf.default.arp_ignore = 0
2025-02-11T02:27:01.508412+00:00 sonic database.sh[2091]: net.ipv4.conf.all.arp_accept = 0
2025-02-11T02:27:01.508438+00:00 sonic database.sh[2091]: net.ipv4.conf.all.arp_announce = 1
2025-02-11T02:27:01.508461+00:00 sonic database.sh[2091]: net.ipv4.conf.all.arp_filter = 0
2025-02-11T02:27:01.508486+00:00 sonic database.sh[2091]: net.ipv4.conf.all.arp_notify = 1
2025-02-11T02:27:01.508511+00:00 sonic database.sh[2091]: net.ipv4.conf.all.arp_ignore = 2
2025-02-11T02:27:01.508537+00:00 sonic database.sh[2091]: net.ipv6.conf.default.forwarding = 1
2025-02-11T02:27:01.508564+00:00 sonic database.sh[2091]: net.ipv6.conf.all.forwarding = 1
2025-02-11T02:27:01.508598+00:00 sonic database.sh[2091]: net.ipv6.conf.eth0.forwarding = 1
2025-02-11T02:27:01.508624+00:00 sonic database.sh[2091]: net.ipv6.conf.default.accept_dad = 0
2025-02-11T02:27:01.508511+00:00 sonic database.sh[2091]: net.ipv4.conf.all.arp_ignore = 2
2025-02-11T02:27:01.508537+00:00 sonic database.sh[2091]: net.ipv6.conf.default.forwarding = 1
2025-02-11T02:27:01.508564+00:00 sonic database.sh[2091]: net.ipv6.conf.all.forwarding = 1
2025-02-11T02:27:01.508598+00:00 sonic database.sh[2091]: net.ipv6.conf.eth0.forwarding = 1
2025-02-11T02:27:01.508624+00:00 sonic database.sh[2091]: net.ipv6.conf.default.accept_dad = 0
2025-02-11T02:27:01.508649+00:00 sonic database.sh[2091]: net.ipv6.conf.all.accept_dad = 0
2025-02-11T02:27:01.508676+00:00 sonic database.sh[2091]: net.ipv6.conf.eth0.accept_dad = 0
2025-02-11T02:27:01.508702+00:00 sonic database.sh[2091]: net.ipv6.conf.default.keep_addr_on_down = 1
2025-02-11T02:27:01.508727+00:00 sonic database.sh[2091]: net.ipv6.conf.all.keep_addr_on_down = 1
2025-02-11T02:27:01.508649+00:00 sonic database.sh[2091]: net.ipv6.conf.all.accept_dad = 0
2025-02-11T02:27:01.508676+00:00 sonic database.sh[2091]: net.ipv6.conf.eth0.accept_dad = 0
2025-02-11T02:27:01.508702+00:00 sonic database.sh[2091]: net.ipv6.conf.default.keep_addr_on_down = 1
2025-02-11T02:27:01.508727+00:00 sonic database.sh[2091]: net.ipv6.conf.all.keep_addr_on_down = 1
2025-02-11T02:27:01.508753+00:00 sonic database.sh[2091]: net.ipv6.conf.eth0.keep_addr_on_down = 1
2025-02-11T02:27:01.508781+00:00 sonic database.sh[2091]: net.ipv4.tcp_l3mdev_accept = 1
2025-02-11T02:27:01.508807+00:00 sonic database.sh[2091]: net.ipv4.udp_l3mdev_accept = 1
2025-02-11T02:27:01.508832+00:00 sonic database.sh[2091]: net.core.somaxconn = 512
2025-02-11T02:27:01.508753+00:00 sonic database.sh[2091]: net.ipv6.conf.eth0.keep_addr_on_down = 1
2025-02-11T02:27:01.508781+00:00 sonic database.sh[2091]: net.ipv4.tcp_l3mdev_accept = 1
2025-02-11T02:27:01.508807+00:00 sonic database.sh[2091]: net.ipv4.udp_l3mdev_accept = 1
2025-02-11T02:27:01.508832+00:00 sonic database.sh[2091]: net.core.somaxconn = 512
2025-02-11T02:27:01.508888+00:00 sonic database.sh[2091]: net.ipv4.fib_multipath_use_neigh = 1
2025-02-11T02:27:01.508930+00:00 sonic database.sh[2091]: sysctl: setting key "net.ipv4.conf.default.forwarding": Operation not permitted
2025-02-11T02:27:01.508957+00:00 sonic database.sh[2091]: sysctl: setting key "net.ipv4.conf.all.forwarding": Operation not permitted
2025-02-11T02:27:01.508983+00:00 sonic database.sh[2091]: sysctl: setting key "net.ipv4.conf.eth0.forwarding": Operation not permitted
2025-02-11T02:27:01.508888+00:00 sonic database.sh[2091]: net.ipv4.fib_multipath_use_neigh = 1
2025-02-11T02:27:01.508930+00:00 sonic database.sh[2091]: sysctl: setting key "net.ipv4.conf.default.forwarding": Operation not permitted
2025-02-11T02:27:01.508957+00:00 sonic database.sh[2091]: sysctl: setting key "net.ipv4.conf.all.forwarding": Operation not permitted
2025-02-11T02:27:01.508983+00:00 sonic database.sh[2091]: sysctl: setting key "net.ipv4.conf.eth0.forwarding": Operation not permitted
2025-02-11T02:27:01.509008+00:00 sonic database.sh[2091]: sysctl: setting key "net.ipv4.ip_local_port_range": Invalid argument
2025-02-11T02:27:01.509008+00:00 sonic database.sh[2091]: sysctl: setting key "net.ipv4.ip_local_port_range": Invalid argument
2025-02-11T02:27:02.637813+00:00 sonic systemd[1]: run-docker-runtime\x2drunc-moby-b7399e70ef4d7760bda4bf3c8f26880a5ea3696c71afc6e3a263818bce8230cf-runc.0RC5kr.mount: Deactivated successfully.
2025-02-11T02:27:02.637813+00:00 sonic systemd[1]: run-docker-runtime\x2drunc-moby-b7399e70ef4d7760bda4bf3c8f26880a5ea3696c71afc6e3a263818bce8230cf-runc.0RC5kr.mount: Deactivated successfully.
2025-02-11T02:27:03.491378+00:00 sonic systemd[1]: serial-getty@ttyS0.service: Deactivated successfully.
2025-02-11T02:27:03.491378+00:00 sonic systemd[1]: serial-getty@ttyS0.service: Deactivated successfully.
2025-02-11T02:27:03.602524+00:00 sonic systemd[1]: serial-getty@ttyS0.service: Scheduled restart job, restart counter is at 1.
2025-02-11T02:27:03.602524+00:00 sonic systemd[1]: serial-getty@ttyS0.service: Scheduled restart job, restart counter is at 1.
2025-02-11T02:27:03.602684+00:00 sonic systemd[1]: Stopped serial-getty@ttyS0.service - Serial Getty on ttyS0.
2025-02-11T02:27:03.602684+00:00 sonic systemd[1]: Stopped serial-getty@ttyS0.service - Serial Getty on ttyS0.
2025-02-11T02:27:03.638759+00:00 sonic systemd[1]: Started serial-getty@ttyS0.service - Serial Getty on ttyS0.
2025-02-11T02:27:03.638759+00:00 sonic systemd[1]: Started serial-getty@ttyS0.service - Serial Getty on ttyS0.
2025-02-11T02:27:04.811396+00:00 sonic database.sh[2764]: True
2025-02-11T02:27:04.811396+00:00 sonic database.sh[2764]: True
2025-02-11T02:27:04.812569+00:00 sonic database.sh[2766]: True
2025-02-11T02:27:04.812569+00:00 sonic database.sh[2766]: True
2025-02-11T02:27:04.825274+00:00 sonic root: Started database0 service...
2025-02-11T02:27:04.825274+00:00 sonic root: Started database0 service...
2025-02-11T02:27:04.826199+00:00 sonic root: Started database3 service...
2025-02-11T02:27:04.826199+00:00 sonic root: Started database3 service...
2025-02-11T02:27:04.827412+00:00 sonic systemd[1]: Started database@0.service - Database container.
2025-02-11T02:27:04.827412+00:00 sonic systemd[1]: Started database@0.service - Database container.
2025-02-11T02:27:04.828803+00:00 sonic systemd[1]: Started database@3.service - Database container.
2025-02-11T02:27:04.828803+00:00 sonic systemd[1]: Started database@3.service - Database container.
2025-02-11T02:27:04.970374+00:00 sonic database.sh[2947]: True
2025-02-11T02:27:04.970374+00:00 sonic database.sh[2947]: True
2025-02-11T02:27:04.970601+00:00 sonic database.sh[2946]: True
2025-02-11T02:27:04.970601+00:00 sonic database.sh[2946]: True
2025-02-11T02:27:04.980283+00:00 sonic root: Started database1 service...
2025-02-11T02:27:04.980283+00:00 sonic root: Started database1 service...
2025-02-11T02:27:04.980484+00:00 sonic root: Started database2 service...
2025-02-11T02:27:04.980484+00:00 sonic root: Started database2 service...
2025-02-11T02:27:04.981955+00:00 sonic systemd[1]: Started database@1.service - Database container.
2025-02-11T02:27:04.981955+00:00 sonic systemd[1]: Started database@1.service - Database container.
2025-02-11T02:27:04.983700+00:00 sonic systemd[1]: Started database@2.service - Database container.
2025-02-11T02:27:04.983700+00:00 sonic systemd[1]: Started database@2.service - Database container.
2025-02-11T02:27:04.986532+00:00 sonic systemd[1]: Starting config-topology.service - Platform topology configuration service...
2025-02-11T02:27:04.986532+00:00 sonic systemd[1]: Starting config-topology.service - Platform topology configuration service...
2025-02-11T02:27:04.988547+00:00 sonic systemd[1]: Starting topology.service - Internal topology service...
2025-02-11T02:27:04.988547+00:00 sonic systemd[1]: Starting topology.service - Internal topology service...
2025-02-11T02:27:04.990806+00:00 sonic systemd[1]: Starting warmboot-finalizer.service - Monitor warm recovery and disable warmboot when done...
2025-02-11T02:27:04.990806+00:00 sonic systemd[1]: Starting warmboot-finalizer.service - Monitor warm recovery and disable warmboot when done...
2025-02-11T02:27:05.015631+00:00 sonic root: WARMBOOT_FINALIZER : Wait for database to become ready...
2025-02-11T02:27:05.015631+00:00 sonic root: WARMBOOT_FINALIZER : Wait for database to become ready...
2025-02-11T02:27:05.232294+00:00 sonic systemd[1]: Finished config-topology.service - Platform topology configuration service.
2025-02-11T02:27:05.232294+00:00 sonic systemd[1]: Finished config-topology.service - Platform topology configuration service.
2025-02-11T02:27:05.298110+00:00 sonic systemd[1]: Starting config-setup.service - Config initialization and migration service...
2025-02-11T02:27:05.298110+00:00 sonic systemd[1]: Starting config-setup.service - Config initialization and migration service...
2025-02-11T02:27:05.452614+00:00 sonic topology.sh[2963]: Failed to get HWSKU
2025-02-11T02:27:05.452614+00:00 sonic topology.sh[2963]: Failed to get HWSKU
2025-02-11T02:27:05.452864+00:00 sonic systemd[1]: topology.service: Main process exited, code=exited, status=1/FAILURE
2025-02-11T02:27:05.452864+00:00 sonic systemd[1]: topology.service: Main process exited, code=exited, status=1/FAILURE
2025-02-11T02:27:05.453000+00:00 sonic systemd[1]: topology.service: Failed with result 'exit-code'.
2025-02-11T02:27:05.453000+00:00 sonic systemd[1]: topology.service: Failed with result 'exit-code'.
2025-02-11T02:27:05.453367+00:00 sonic systemd[1]: Failed to start topology.service - Internal topology service.
2025-02-11T02:27:05.453367+00:00 sonic systemd[1]: Failed to start topology.service - Internal topology service.
2025-02-11T02:27:05.456975+00:00 sonic systemd[1]: Dependency failed for syncd@0.service - syncd service.
2025-02-11T02:27:05.456975+00:00 sonic systemd[1]: Dependency failed for syncd@0.service - syncd service.
2025-02-11T02:27:05.460810+00:00 sonic systemd[1]: syncd@0.service: Job syncd@0.service/start failed with result 'dependency'.
2025-02-11T02:27:05.460945+00:00 sonic systemd[1]: Dependency failed for syncd@1.service - syncd service.
2025-02-11T02:27:05.460810+00:00 sonic systemd[1]: syncd@0.service: Job syncd@0.service/start failed with result 'dependency'.
2025-02-11T02:27:05.460945+00:00 sonic systemd[1]: Dependency failed for syncd@1.service - syncd service.
2025-02-11T02:27:05.464740+00:00 sonic systemd[1]: syncd@1.service: Job syncd@1.service/start failed with result 'dependency'.
2025-02-11T02:27:05.464885+00:00 sonic systemd[1]: Dependency failed for teamd@2.service - TEAMD container.
2025-02-11T02:27:05.464740+00:00 sonic systemd[1]: syncd@1.service: Job syncd@1.service/start failed with result 'dependency'.
2025-02-11T02:27:05.464885+00:00 sonic systemd[1]: Dependency failed for teamd@2.service - TEAMD container.
2025-02-11T02:27:05.468225+00:00 sonic systemd[1]: teamd@2.service: Job teamd@2.service/start failed with result 'dependency'.
2025-02-11T02:27:05.468287+00:00 sonic systemd[1]: Dependency failed for syncd@2.service - syncd service.
2025-02-11T02:27:05.468225+00:00 sonic systemd[1]: teamd@2.service: Job teamd@2.service/start failed with result 'dependency'.
2025-02-11T02:27:05.468287+00:00 sonic systemd[1]: Dependency failed for syncd@2.service - syncd service.
2025-02-11T02:27:05.472435+00:00 sonic systemd[1]: syncd@2.service: Job syncd@2.service/start failed with result 'dependency'.
2025-02-11T02:27:05.473162+00:00 sonic systemd[1]: Dependency failed for swss@3.service - switch state service.
2025-02-11T02:27:05.472435+00:00 sonic systemd[1]: syncd@2.service: Job syncd@2.service/start failed with result 'dependency'.
2025-02-11T02:27:05.473162+00:00 sonic systemd[1]: Dependency failed for swss@3.service - switch state service.
2025-02-11T02:27:05.476758+00:00 sonic systemd[1]: swss@3.service: Job swss@3.service/start failed with result 'dependency'.
2025-02-11T02:27:05.476878+00:00 sonic systemd[1]: Dependency failed for teamd@1.service - TEAMD container.
2025-02-11T02:27:05.476758+00:00 sonic systemd[1]: swss@3.service: Job swss@3.service/start failed with result 'dependency'.
2025-02-11T02:27:05.476878+00:00 sonic systemd[1]: Dependency failed for teamd@1.service - TEAMD container.
2025-02-11T02:27:05.480162+00:00 sonic systemd[1]: teamd@1.service: Job teamd@1.service/start failed with result 'dependency'.
2025-02-11T02:27:05.480211+00:00 sonic systemd[1]: Dependency failed for swss@2.service - switch state service.
2025-02-11T02:27:05.480162+00:00 sonic systemd[1]: teamd@1.service: Job teamd@1.service/start failed with result 'dependency'.
2025-02-11T02:27:05.480211+00:00 sonic systemd[1]: Dependency failed for swss@2.service - switch state service.
2025-02-11T02:27:05.483659+00:00 sonic systemd[1]: swss@2.service: Job swss@2.service/start failed with result 'dependency'.
2025-02-11T02:27:05.483711+00:00 sonic systemd[1]: Dependency failed for swss@0.service - switch state service.
2025-02-11T02:27:05.483659+00:00 sonic systemd[1]: swss@2.service: Job swss@2.service/start failed with result 'dependency'.
2025-02-11T02:27:05.483711+00:00 sonic systemd[1]: Dependency failed for swss@0.service - switch state service.
2025-02-11T02:27:05.487159+00:00 sonic systemd[1]: swss@0.service: Job swss@0.service/start failed with result 'dependency'.
2025-02-11T02:27:05.487208+00:00 sonic systemd[1]: Dependency failed for syncd@3.service - syncd service.
2025-02-11T02:27:05.487159+00:00 sonic systemd[1]: swss@0.service: Job swss@0.service/start failed with result 'dependency'.
2025-02-11T02:27:05.487208+00:00 sonic systemd[1]: Dependency failed for syncd@3.service - syncd service.
2025-02-11T02:27:05.490452+00:00 sonic systemd[1]: syncd@3.service: Job syncd@3.service/start failed with result 'dependency'.
2025-02-11T02:27:05.490500+00:00 sonic systemd[1]: Dependency failed for teamd@0.service - TEAMD container.
2025-02-11T02:27:05.490452+00:00 sonic systemd[1]: syncd@3.service: Job syncd@3.service/start failed with result 'dependency'.
2025-02-11T02:27:05.490500+00:00 sonic systemd[1]: Dependency failed for teamd@0.service - TEAMD container.
2025-02-11T02:27:05.493720+00:00 sonic systemd[1]: teamd@0.service: Job teamd@0.service/start failed with result 'dependency'.
2025-02-11T02:27:05.493767+00:00 sonic systemd[1]: Dependency failed for teamd@3.service - TEAMD container.
2025-02-11T02:27:05.493720+00:00 sonic systemd[1]: teamd@0.service: Job teamd@0.service/start failed with result 'dependency'.
2025-02-11T02:27:05.493767+00:00 sonic systemd[1]: Dependency failed for teamd@3.service - TEAMD container.
2025-02-11T02:27:05.497155+00:00 sonic systemd[1]: teamd@3.service: Job teamd@3.service/start failed with result 'dependency'.
2025-02-11T02:27:05.497204+00:00 sonic systemd[1]: Dependency failed for swss@1.service - switch state service.
2025-02-11T02:27:05.497155+00:00 sonic systemd[1]: teamd@3.service: Job teamd@3.service/start failed with result 'dependency'.
2025-02-11T02:27:05.497204+00:00 sonic systemd[1]: Dependency failed for swss@1.service - switch state service.
2025-02-11T02:27:05.500573+00:00 sonic systemd[1]: swss@1.service: Job swss@1.service/start failed with result 'dependency'.
2025-02-11T02:27:05.500573+00:00 sonic systemd[1]: swss@1.service: Job swss@1.service/start failed with result 'dependency'.
2025-02-11T02:27:05.550160+00:00 sonic systemd[1]: Started watchdog-control.service - watchdog control service.
2025-02-11T02:27:05.550160+00:00 sonic systemd[1]: Started watchdog-control.service - watchdog control service.
2025-02-11T02:27:05.553212+00:00 sonic systemd[1]: Finished config-setup.service - Config initialization and migration service.
2025-02-11T02:27:05.553212+00:00 sonic systemd[1]: Finished config-setup.service - Config initialization and migration service.
2025-02-11T02:27:05.553714+00:00 sonic systemd[1]: Started tacacs-config.timer - Delays tacacs apply until SONiC has started.
2025-02-11T02:27:05.553714+00:00 sonic systemd[1]: Started tacacs-config.timer - Delays tacacs apply until SONiC has started.
2025-02-11T02:27:05.555366+00:00 sonic systemd[1]: Starting banner-config.service - Update banner config based on configdb...
2025-02-11T02:27:05.555366+00:00 sonic systemd[1]: Starting banner-config.service - Update banner config based on configdb...
2025-02-11T02:27:05.557051+00:00 sonic systemd[1]: Starting logrotate-config.service - Update logrotate configuration...
2025-02-11T02:27:05.557051+00:00 sonic systemd[1]: Starting logrotate-config.service - Update logrotate configuration...
2025-02-11T02:27:05.558756+00:00 sonic systemd[1]: Started pcie-check.service - Check the PCIe device presence and status.
2025-02-11T02:27:05.558756+00:00 sonic systemd[1]: Started pcie-check.service - Check the PCIe device presence and status.
2025-02-11T02:27:05.560680+00:00 sonic systemd[1]: Started system-health.service - SONiC system health monitor.
2025-02-11T02:27:05.560680+00:00 sonic systemd[1]: Started system-health.service - SONiC system health monitor.
2025-02-11T02:27:05.562082+00:00 sonic root: /usr/local/bin/watchdog-control.sh : Disabling Watchdog during bootup after cold
2025-02-11T02:27:05.562082+00:00 sonic root: /usr/local/bin/watchdog-control.sh : Disabling Watchdog during bootup after cold
2025-02-11T02:27:05.569037+00:00 sonic systemd[1]: banner-config.service: Deactivated successfully.
2025-02-11T02:27:05.569037+00:00 sonic systemd[1]: banner-config.service: Deactivated successfully.
2025-02-11T02:27:05.569367+00:00 sonic systemd[1]: Finished banner-config.service - Update banner config based on configdb.
2025-02-11T02:27:05.569367+00:00 sonic systemd[1]: Finished banner-config.service - Update banner config based on configdb.
2025-02-11T02:27:05.569750+00:00 sonic systemd[1]: Reached target sonic.target - SONiC services target..
2025-02-11T02:27:05.569750+00:00 sonic systemd[1]: Reached target sonic.target - SONiC services target..
2025-02-11T02:27:05.570215+00:00 sonic systemd[1]: Started fstrim.timer - Discard unused blocks once a week.
2025-02-11T02:27:05.570215+00:00 sonic systemd[1]: Started fstrim.timer - Discard unused blocks once a week.
2025-02-11T02:27:05.570299+00:00 sonic systemd[1]: Reached target timers.target - Timer Units.
2025-02-11T02:27:05.570299+00:00 sonic systemd[1]: Reached target timers.target - Timer Units.
2025-02-11T02:27:05.571942+00:00 sonic systemd[1]: Starting backend-acl.service - Enable backend acl on storage backend ToRs...
2025-02-11T02:27:05.571942+00:00 sonic systemd[1]: Starting backend-acl.service - Enable backend acl on storage backend ToRs...
2025-02-11T02:27:05.573588+00:00 sonic systemd[1]: Started caclmgrd.service - Control Plane ACL configuration daemon.
2025-02-11T02:27:05.573588+00:00 sonic systemd[1]: Started caclmgrd.service - Control Plane ACL configuration daemon.
2025-02-11T02:27:05.575359+00:00 sonic systemd[1]: Starting copp-config.service - Update CoPP configuration...
2025-02-11T02:27:05.575359+00:00 sonic systemd[1]: Starting copp-config.service - Update CoPP configuration...
2025-02-11T02:27:05.577133+00:00 sonic systemd[1]: Starting eventd.service - EVENTD container...
2025-02-11T02:27:05.577133+00:00 sonic systemd[1]: Starting eventd.service - EVENTD container...
2025-02-11T02:27:05.578627+00:00 sonic root: /usr/bin/pcie-check.sh : pcie.yaml does not exist! Can't check PCIe status!
2025-02-11T02:27:05.578686+00:00 sonic systemd[1]: Starting hostname-config.service - Update hostname based on configdb...
2025-02-11T02:27:05.578627+00:00 sonic root: /usr/bin/pcie-check.sh : pcie.yaml does not exist! Can't check PCIe status!
2025-02-11T02:27:05.578686+00:00 sonic systemd[1]: Starting hostname-config.service - Update hostname based on configdb...
2025-02-11T02:27:05.580371+00:00 sonic systemd[1]: Starting interfaces-config.service - Update interfaces configuration...
2025-02-11T02:27:05.580371+00:00 sonic systemd[1]: Starting interfaces-config.service - Update interfaces configuration...
2025-02-11T02:27:05.581971+00:00 sonic systemd[1]: Starting macsec@0.service - macsec container...
2025-02-11T02:27:05.581971+00:00 sonic systemd[1]: Starting macsec@0.service - macsec container...
2025-02-11T02:27:05.585646+00:00 sonic systemd[1]: Starting macsec@1.service - macsec container...
2025-02-11T02:27:05.585698+00:00 sonic systemd[1]: Starting macsec@2.service - macsec container...
2025-02-11T02:27:05.585646+00:00 sonic systemd[1]: Starting macsec@1.service - macsec container...
2025-02-11T02:27:05.585698+00:00 sonic systemd[1]: Starting macsec@2.service - macsec container...
2025-02-11T02:27:05.586822+00:00 sonic systemd[1]: Starting macsec@3.service - macsec container...
2025-02-11T02:27:05.586822+00:00 sonic systemd[1]: Starting macsec@3.service - macsec container...
2025-02-11T02:27:05.588170+00:00 sonic systemd[1]: Started procdockerstatsd.service - Process and docker CPU/memory utilization data export daemon.
2025-02-11T02:27:05.588170+00:00 sonic systemd[1]: Started procdockerstatsd.service - Process and docker CPU/memory utilization data export daemon.
2025-02-11T02:27:05.590277+00:00 sonic systemd[1]: Starting radv.service - Router advertiser container...
2025-02-11T02:27:05.590277+00:00 sonic systemd[1]: Starting radv.service - Router advertiser container...
2025-02-11T02:27:05.597718+00:00 sonic systemd[1]: Starting serial-config.service - Update serial console config...
2025-02-11T02:27:05.597799+00:00 sonic systemd[1]: pcie-check.service: Deactivated successfully.
2025-02-11T02:27:05.597718+00:00 sonic systemd[1]: Starting serial-config.service - Update serial console config...
2025-02-11T02:27:05.597799+00:00 sonic systemd[1]: pcie-check.service: Deactivated successfully.
2025-02-11T02:27:05.602894+00:00 sonic hostname-config.sh[3061]: Missing hostname in the config file, setting to default 'sonic'
2025-02-11T02:27:05.602894+00:00 sonic hostname-config.sh[3061]: Missing hostname in the config file, setting to default 'sonic'
2025-02-11T02:27:05.618050+00:00 sonic admin: Starting radv service...
2025-02-11T02:27:05.618050+00:00 sonic admin: Starting radv service...
2025-02-11T02:27:05.627051+00:00 sonic backend_acl.py: executing cmd =  ['/usr/local/bin/sonic-cfggen', '-m', '-v', 'DEVICE_METADATA.localhost.type']
2025-02-11T02:27:05.627051+00:00 sonic backend_acl.py: executing cmd =  ['/usr/local/bin/sonic-cfggen', '-m', '-v', 'DEVICE_METADATA.localhost.type']
2025-02-11T02:27:05.631459+00:00 sonic root: Fast boot flag: macsec3 false.
2025-02-11T02:27:05.631459+00:00 sonic root: Fast boot flag: macsec3 false.
2025-02-11T02:27:05.646073+00:00 sonic root: Fast boot flag: macsec2 false.
2025-02-11T02:27:05.646073+00:00 sonic root: Fast boot flag: macsec2 false.
2025-02-11T02:27:05.649802+00:00 sonic systemd[1]: Finished hostname-config.service - Update hostname based on configdb.
2025-02-11T02:27:05.649802+00:00 sonic systemd[1]: Finished hostname-config.service - Update hostname based on configdb.
2025-02-11T02:27:05.665005+00:00 sonic root: Warm boot flag: macsec3 false.
2025-02-11T02:27:05.665005+00:00 sonic root: Warm boot flag: macsec3 false.
2025-02-11T02:27:05.668029+00:00 sonic root: Warm boot flag: macsec2 false.
2025-02-11T02:27:05.668029+00:00 sonic root: Warm boot flag: macsec2 false.
2025-02-11T02:27:05.672862+00:00 sonic root: Fast boot flag: macsec0 false.
2025-02-11T02:27:05.672862+00:00 sonic root: Fast boot flag: macsec0 false.
2025-02-11T02:27:05.676280+00:00 sonic root: Fast boot flag: macsec1 false.
2025-02-11T02:27:05.676280+00:00 sonic root: Fast boot flag: macsec1 false.
2025-02-11T02:27:05.683854+00:00 sonic root: Starting macsec3 service...
2025-02-11T02:27:05.683854+00:00 sonic root: Starting macsec3 service...
2025-02-11T02:27:05.696261+00:00 sonic root: Warm boot flag: macsec1 false.
2025-02-11T02:27:05.696261+00:00 sonic root: Warm boot flag: macsec1 false.
2025-02-11T02:27:05.696398+00:00 sonic root: Starting macsec2 service...
2025-02-11T02:27:05.696398+00:00 sonic root: Starting macsec2 service...
2025-02-11T02:27:05.700247+00:00 sonic root: Warm boot flag: macsec0 false.
2025-02-11T02:27:05.700247+00:00 sonic root: Warm boot flag: macsec0 false.
2025-02-11T02:27:05.710654+00:00 sonic watchdog-control.sh[3049]: Traceback (most recent call last):
2025-02-11T02:27:05.710654+00:00 sonic watchdog-control.sh[3049]: Traceback (most recent call last):
2025-02-11T02:27:05.711006+00:00 sonic watchdog-control.sh[3049]:   File "/usr/local/lib/python3.11/dist-packages/watchdogutil/main.py", line 13, in <module>
2025-02-11T02:27:05.711006+00:00 sonic watchdog-control.sh[3049]:   File "/usr/local/lib/python3.11/dist-packages/watchdogutil/main.py", line 13, in <module>
2025-02-11T02:27:05.711259+00:00 sonic watchdog-control.sh[3049]:     import sonic_platform
2025-02-11T02:27:05.711259+00:00 sonic watchdog-control.sh[3049]:     import sonic_platform
2025-02-11T02:27:05.711404+00:00 sonic watchdog-control.sh[3049]: ModuleNotFoundError: No module named 'sonic_platform'
2025-02-11T02:27:05.711404+00:00 sonic watchdog-control.sh[3049]: ModuleNotFoundError: No module named 'sonic_platform'
2025-02-11T02:27:05.711534+00:00 sonic watchdog-control.sh[3049]: During handling of the above exception, another exception occurred:
2025-02-11T02:27:05.711534+00:00 sonic watchdog-control.sh[3049]: During handling of the above exception, another exception occurred:
2025-02-11T02:27:05.711656+00:00 sonic watchdog-control.sh[3049]: Traceback (most recent call last):
2025-02-11T02:27:05.711656+00:00 sonic watchdog-control.sh[3049]: Traceback (most recent call last):
2025-02-11T02:27:05.711763+00:00 sonic watchdog-control.sh[3049]:   File "/usr/local/bin/watchdogutil", line 5, in <module>
2025-02-11T02:27:05.711763+00:00 sonic watchdog-control.sh[3049]:   File "/usr/local/bin/watchdogutil", line 5, in <module>
2025-02-11T02:27:05.711999+00:00 sonic watchdog-control.sh[3049]:     from watchdogutil.main import watchdogutil
2025-02-11T02:27:05.711999+00:00 sonic watchdog-control.sh[3049]:     from watchdogutil.main import watchdogutil
2025-02-11T02:27:05.712146+00:00 sonic watchdog-control.sh[3049]:   File "/usr/local/lib/python3.11/dist-packages/watchdogutil/main.py", line 16, in <module>
2025-02-11T02:27:05.712146+00:00 sonic watchdog-control.sh[3049]:   File "/usr/local/lib/python3.11/dist-packages/watchdogutil/main.py", line 16, in <module>
2025-02-11T02:27:05.712331+00:00 sonic watchdog-control.sh[3049]:     raise ImportError("%s - required module not found" % str(e))
2025-02-11T02:27:05.712331+00:00 sonic watchdog-control.sh[3049]:     raise ImportError("%s - required module not found" % str(e))
2025-02-11T02:27:05.712474+00:00 sonic watchdog-control.sh[3049]: ImportError: No module named 'sonic_platform' - required module not found
2025-02-11T02:27:05.712474+00:00 sonic watchdog-control.sh[3049]: ImportError: No module named 'sonic_platform' - required module not found
2025-02-11T02:27:05.718638+00:00 sonic root: Starting macsec1 service...
2025-02-11T02:27:05.718638+00:00 sonic root: Starting macsec1 service...
2025-02-11T02:27:05.723251+00:00 sonic root: Starting macsec0 service...
2025-02-11T02:27:05.723251+00:00 sonic root: Starting macsec0 service...
2025-02-11T02:27:05.725812+00:00 sonic systemd[1]: watchdog-control.service: Main process exited, code=exited, status=1/FAILURE
2025-02-11T02:27:05.725965+00:00 sonic systemd[1]: watchdog-control.service: Failed with result 'exit-code'.
2025-02-11T02:27:05.725812+00:00 sonic systemd[1]: watchdog-control.service: Main process exited, code=exited, status=1/FAILURE
2025-02-11T02:27:05.725965+00:00 sonic systemd[1]: watchdog-control.service: Failed with result 'exit-code'.
2025-02-11T02:27:05.781179+00:00 sonic caclmgrd[3057]: Traceback (most recent call last):
2025-02-11T02:27:05.781179+00:00 sonic caclmgrd[3057]: Traceback (most recent call last):
2025-02-11T02:27:05.781634+00:00 sonic caclmgrd[3057]:   File "/usr/local/bin/caclmgrd", line 1146, in <module>
2025-02-11T02:27:05.781634+00:00 sonic caclmgrd[3057]:   File "/usr/local/bin/caclmgrd", line 1146, in <module>
2025-02-11T02:27:05.781772+00:00 sonic caclmgrd[3057]:     main()
2025-02-11T02:27:05.781794+00:00 sonic caclmgrd[3057]:   File "/usr/local/bin/caclmgrd", line 1137, in main
2025-02-11T02:27:05.781772+00:00 sonic caclmgrd[3057]:     main()
2025-02-11T02:27:05.781794+00:00 sonic caclmgrd[3057]:   File "/usr/local/bin/caclmgrd", line 1137, in main
2025-02-11T02:27:05.782980+00:00 sonic caclmgrd[3057]:     caclmgr = ControlPlaneAclManager(SYSLOG_IDENTIFIER)
2025-02-11T02:27:05.783026+00:00 sonic caclmgrd[3057]:               ^^^^^^^^^^^^^^^^^^^^^^^^^^^^^^^^^^^^^^^^^
2025-02-11T02:27:05.783045+00:00 sonic caclmgrd[3057]:   File "/usr/local/bin/caclmgrd", line 156, in __init__
2025-02-11T02:27:05.783061+00:00 sonic caclmgrd[3057]:     if 'subtype' in metadata['localhost'] and metadata['localhost']['subtype'] == 'DualToR':
2025-02-11T02:27:05.783077+00:00 sonic caclmgrd[3057]:                     ~~~~~~~~^^^^^^^^^^^^^
2025-02-11T02:27:05.783093+00:00 sonic caclmgrd[3057]: KeyError: 'localhost'
2025-02-11T02:27:05.782980+00:00 sonic caclmgrd[3057]:     caclmgr = ControlPlaneAclManager(SYSLOG_IDENTIFIER)
2025-02-11T02:27:05.783026+00:00 sonic caclmgrd[3057]:               ^^^^^^^^^^^^^^^^^^^^^^^^^^^^^^^^^^^^^^^^^
2025-02-11T02:27:05.783045+00:00 sonic caclmgrd[3057]:   File "/usr/local/bin/caclmgrd", line 156, in __init__
2025-02-11T02:27:05.783061+00:00 sonic caclmgrd[3057]:     if 'subtype' in metadata['localhost'] and metadata['localhost']['subtype'] == 'DualToR':
2025-02-11T02:27:05.783077+00:00 sonic caclmgrd[3057]:                     ~~~~~~~~^^^^^^^^^^^^^
2025-02-11T02:27:05.783093+00:00 sonic caclmgrd[3057]: KeyError: 'localhost'
2025-02-11T02:27:05.795261+00:00 sonic systemd[1]: caclmgrd.service: Main process exited, code=exited, status=1/FAILURE
2025-02-11T02:27:05.795419+00:00 sonic systemd[1]: caclmgrd.service: Failed with result 'exit-code'.
2025-02-11T02:27:05.795261+00:00 sonic systemd[1]: caclmgrd.service: Main process exited, code=exited, status=1/FAILURE
2025-02-11T02:27:05.795419+00:00 sonic systemd[1]: caclmgrd.service: Failed with result 'exit-code'.
2025-02-11T02:27:05.890625+00:00 sonic backend_acl.py[3100]: Traceback (most recent call last):
2025-02-11T02:27:05.890756+00:00 sonic backend_acl.py[3100]:   File "/usr/local/bin/sonic-cfggen", line 517, in <module>
2025-02-11T02:27:05.890625+00:00 sonic backend_acl.py[3100]: Traceback (most recent call last):
2025-02-11T02:27:05.890756+00:00 sonic backend_acl.py[3100]:   File "/usr/local/bin/sonic-cfggen", line 517, in <module>
2025-02-11T02:27:05.891002+00:00 sonic backend_acl.py[3100]:     main()
2025-02-11T02:27:05.891002+00:00 sonic backend_acl.py[3100]:     main()
2025-02-11T02:27:05.891107+00:00 sonic backend_acl.py[3100]:   File "/usr/local/bin/sonic-cfggen", line 393, in main
2025-02-11T02:27:05.891107+00:00 sonic backend_acl.py[3100]:   File "/usr/local/bin/sonic-cfggen", line 393, in main
2025-02-11T02:27:05.891278+00:00 sonic backend_acl.py[3100]:     deep_update(data, parse_xml(minigraph, platform, asic_name=asic_name))
2025-02-11T02:27:05.891278+00:00 sonic backend_acl.py[3100]:     deep_update(data, parse_xml(minigraph, platform, asic_name=asic_name))
2025-02-11T02:27:05.891380+00:00 sonic backend_acl.py[3100]:                       ^^^^^^^^^^^^^^^^^^^^^^^^^^^^^^^^^^^^^^^^^^^^^^^^^^^
2025-02-11T02:27:05.891439+00:00 sonic backend_acl.py[3100]:   File "/usr/local/lib/python3.11/dist-packages/minigraph.py", line 1979, in parse_xml
2025-02-11T02:27:05.891380+00:00 sonic backend_acl.py[3100]:                       ^^^^^^^^^^^^^^^^^^^^^^^^^^^^^^^^^^^^^^^^^^^^^^^^^^^
2025-02-11T02:27:05.891439+00:00 sonic backend_acl.py[3100]:   File "/usr/local/lib/python3.11/dist-packages/minigraph.py", line 1979, in parse_xml
2025-02-11T02:27:05.891766+00:00 sonic backend_acl.py[3100]:     root = ET.parse(filename).getroot()
2025-02-11T02:27:05.891766+00:00 sonic backend_acl.py[3100]:     root = ET.parse(filename).getroot()
2025-02-11T02:27:05.891890+00:00 sonic backend_acl.py[3100]:            ^^^^^^^^^^^^^^^^^^
2025-02-11T02:27:05.891890+00:00 sonic backend_acl.py[3100]:            ^^^^^^^^^^^^^^^^^^
2025-02-11T02:27:05.891960+00:00 sonic backend_acl.py[3100]:   File "src/lxml/etree.pyx", line 3538, in lxml.etree.parse
2025-02-11T02:27:05.891960+00:00 sonic backend_acl.py[3100]:   File "src/lxml/etree.pyx", line 3538, in lxml.etree.parse
2025-02-11T02:27:05.894324+00:00 sonic backend_acl.py[3100]:   File "src/lxml/parser.pxi", line 1876, in lxml.etree._parseDocument
2025-02-11T02:27:05.894377+00:00 sonic backend_acl.py[3100]:   File "src/lxml/parser.pxi", line 1902, in lxml.etree._parseDocumentFromURL
2025-02-11T02:27:05.894324+00:00 sonic backend_acl.py[3100]:   File "src/lxml/parser.pxi", line 1876, in lxml.etree._parseDocument
2025-02-11T02:27:05.894377+00:00 sonic backend_acl.py[3100]:   File "src/lxml/parser.pxi", line 1902, in lxml.etree._parseDocumentFromURL
2025-02-11T02:27:05.894409+00:00 sonic backend_acl.py[3100]:   File "src/lxml/parser.pxi", line 1805, in lxml.etree._parseDocFromFile
2025-02-11T02:27:05.894478+00:00 sonic backend_acl.py[3100]:   File "src/lxml/parser.pxi", line 1177, in lxml.etree._BaseParser._parseDocFromFile
2025-02-11T02:27:05.894575+00:00 sonic backend_acl.py[3100]:   File "src/lxml/parser.pxi", line 615, in lxml.etree._ParserContext._handleParseResultDoc
2025-02-11T02:27:05.894596+00:00 sonic backend_acl.py[3100]:   File "src/lxml/parser.pxi", line 725, in lxml.etree._handleParseResult
2025-02-11T02:27:05.894618+00:00 sonic backend_acl.py[3100]:   File "src/lxml/parser.pxi", line 652, in lxml.etree._raiseParseError
2025-02-11T02:27:05.894641+00:00 sonic backend_acl.py[3100]: OSError: Error reading file '/etc/sonic/minigraph.xml': failed to load external entity "/etc/sonic/minigraph.xml"
2025-02-11T02:27:05.894409+00:00 sonic backend_acl.py[3100]:   File "src/lxml/parser.pxi", line 1805, in lxml.etree._parseDocFromFile
2025-02-11T02:27:05.894478+00:00 sonic backend_acl.py[3100]:   File "src/lxml/parser.pxi", line 1177, in lxml.etree._BaseParser._parseDocFromFile
2025-02-11T02:27:05.894575+00:00 sonic backend_acl.py[3100]:   File "src/lxml/parser.pxi", line 615, in lxml.etree._ParserContext._handleParseResultDoc
2025-02-11T02:27:05.894596+00:00 sonic backend_acl.py[3100]:   File "src/lxml/parser.pxi", line 725, in lxml.etree._handleParseResult
2025-02-11T02:27:05.894618+00:00 sonic backend_acl.py[3100]:   File "src/lxml/parser.pxi", line 652, in lxml.etree._raiseParseError
2025-02-11T02:27:05.894641+00:00 sonic backend_acl.py[3100]: OSError: Error reading file '/etc/sonic/minigraph.xml': failed to load external entity "/etc/sonic/minigraph.xml"
2025-02-11T02:27:05.908245+00:00 sonic systemd[1]: Finished logrotate-config.service - Update logrotate configuration.
2025-02-11T02:27:05.908245+00:00 sonic systemd[1]: Finished logrotate-config.service - Update logrotate configuration.
2025-02-11T02:27:05.921807+00:00 sonic serial-config.sh[3079]: /usr/bin/serial-config.sh: line 9: [: =: unary operator expected
2025-02-11T02:27:05.921807+00:00 sonic serial-config.sh[3079]: /usr/bin/serial-config.sh: line 9: [: =: unary operator expected
2025-02-11T02:27:05.923505+00:00 sonic backend_acl.py: Skipping backend acl load on unsupported device type: None
2025-02-11T02:27:05.923505+00:00 sonic backend_acl.py: Skipping backend acl load on unsupported device type: None
2025-02-11T02:27:05.930529+00:00 sonic systemd[1]: copp-config.service: Deactivated successfully.
2025-02-11T02:27:05.930585+00:00 sonic systemd[1]: Finished copp-config.service - Update CoPP configuration.
2025-02-11T02:27:05.930617+00:00 sonic systemd[1]: backend-acl.service: Deactivated successfully.
2025-02-11T02:27:05.930650+00:00 sonic systemd[1]: Finished backend-acl.service - Enable backend acl on storage backend ToRs.
2025-02-11T02:27:05.930529+00:00 sonic systemd[1]: copp-config.service: Deactivated successfully.
2025-02-11T02:27:05.930585+00:00 sonic systemd[1]: Finished copp-config.service - Update CoPP configuration.
2025-02-11T02:27:05.930617+00:00 sonic systemd[1]: backend-acl.service: Deactivated successfully.
2025-02-11T02:27:05.930650+00:00 sonic systemd[1]: Finished backend-acl.service - Enable backend acl on storage backend ToRs.
2025-02-11T02:27:05.988146+00:00 sonic macsec.sh[3157]: Warning: Failed to get device ID from asic.conf file for asic1
2025-02-11T02:27:05.988146+00:00 sonic macsec.sh[3157]: Warning: Failed to get device ID from asic.conf file for asic1
2025-02-11T02:27:06.003740+00:00 sonic macsec.sh[3143]: Warning: Failed to get device ID from asic.conf file for asic3
2025-02-11T02:27:06.003740+00:00 sonic macsec.sh[3143]: Warning: Failed to get device ID from asic.conf file for asic3
2025-02-11T02:27:06.057863+00:00 sonic macsec.sh[3167]: Warning: Failed to get device ID from asic.conf file for asic2
2025-02-11T02:27:06.057863+00:00 sonic macsec.sh[3167]: Warning: Failed to get device ID from asic.conf file for asic2
2025-02-11T02:27:06.121926+00:00 sonic macsec.sh[3168]: Warning: Failed to get device ID from asic.conf file for asic0
2025-02-11T02:27:06.121926+00:00 sonic macsec.sh[3168]: Warning: Failed to get device ID from asic.conf file for asic0
2025-02-11T02:27:06.164944+00:00 sonic interfaces-config.sh[3207]: error: main exception: cannot find interfaces: eth0 (interface was probably never up ?)
2025-02-11T02:27:06.164944+00:00 sonic interfaces-config.sh[3207]: error: main exception: cannot find interfaces: eth0 (interface was probably never up ?)
2025-02-11T02:27:06.176286+00:00 sonic eventd.sh[3199]: Traceback (most recent call last):
2025-02-11T02:27:06.176286+00:00 sonic eventd.sh[3199]: Traceback (most recent call last):
2025-02-11T02:27:06.176385+00:00 sonic eventd.sh[3199]:   File "/usr/local/bin/sonic-cfggen", line 517, in <module>
2025-02-11T02:27:06.176445+00:00 sonic eventd.sh[3199]:     main()
2025-02-11T02:27:06.176476+00:00 sonic eventd.sh[3199]:   File "/usr/local/bin/sonic-cfggen", line 490, in main
2025-02-11T02:27:06.176504+00:00 sonic eventd.sh[3199]:     print(template.render(data))
2025-02-11T02:27:06.176532+00:00 sonic eventd.sh[3199]:           ^^^^^^^^^^^^^^^^^^^^^
2025-02-11T02:27:06.176560+00:00 sonic eventd.sh[3199]:   File "/usr/lib/python3/dist-packages/jinja2/environment.py", line 1301, in render
2025-02-11T02:27:06.176587+00:00 sonic eventd.sh[3199]:     self.environment.handle_exception()
2025-02-11T02:27:06.176614+00:00 sonic eventd.sh[3199]:   File "/usr/lib/python3/dist-packages/jinja2/environment.py", line 936, in handle_exception
2025-02-11T02:27:06.176385+00:00 sonic eventd.sh[3199]:   File "/usr/local/bin/sonic-cfggen", line 517, in <module>
2025-02-11T02:27:06.176445+00:00 sonic eventd.sh[3199]:     main()
2025-02-11T02:27:06.176476+00:00 sonic eventd.sh[3199]:   File "/usr/local/bin/sonic-cfggen", line 490, in main
2025-02-11T02:27:06.176504+00:00 sonic eventd.sh[3199]:     print(template.render(data))
2025-02-11T02:27:06.176532+00:00 sonic eventd.sh[3199]:           ^^^^^^^^^^^^^^^^^^^^^
2025-02-11T02:27:06.176560+00:00 sonic eventd.sh[3199]:   File "/usr/lib/python3/dist-packages/jinja2/environment.py", line 1301, in render
2025-02-11T02:27:06.176587+00:00 sonic eventd.sh[3199]:     self.environment.handle_exception()
2025-02-11T02:27:06.176614+00:00 sonic eventd.sh[3199]:   File "/usr/lib/python3/dist-packages/jinja2/environment.py", line 936, in handle_exception
2025-02-11T02:27:06.176658+00:00 sonic eventd.sh[3199]:     raise rewrite_traceback_stack(source=source)
2025-02-11T02:27:06.176697+00:00 sonic eventd.sh[3199]:   File "<template>", line 1, in top-level template code
2025-02-11T02:27:06.176725+00:00 sonic eventd.sh[3199]:   File "/usr/lib/python3/dist-packages/jinja2/environment.py", line 466, in getitem
2025-02-11T02:27:06.176751+00:00 sonic eventd.sh[3199]:     return obj[argument]
2025-02-11T02:27:06.176778+00:00 sonic eventd.sh[3199]:            ~~~^^^^^^^^^^
2025-02-11T02:27:06.176809+00:00 sonic eventd.sh[3199]: jinja2.exceptions.UndefinedError: 'DEVICE_METADATA' is undefined
2025-02-11T02:27:06.176658+00:00 sonic eventd.sh[3199]:     raise rewrite_traceback_stack(source=source)
2025-02-11T02:27:06.176697+00:00 sonic eventd.sh[3199]:   File "<template>", line 1, in top-level template code
2025-02-11T02:27:06.176725+00:00 sonic eventd.sh[3199]:   File "/usr/lib/python3/dist-packages/jinja2/environment.py", line 466, in getitem
2025-02-11T02:27:06.176751+00:00 sonic eventd.sh[3199]:     return obj[argument]
2025-02-11T02:27:06.176778+00:00 sonic eventd.sh[3199]:            ~~~^^^^^^^^^^
2025-02-11T02:27:06.176809+00:00 sonic eventd.sh[3199]: jinja2.exceptions.UndefinedError: 'DEVICE_METADATA' is undefined
2025-02-11T02:27:06.223152+00:00 sonic eventd.sh[3060]: Creating new eventd container with HWSKU
2025-02-11T02:27:06.223152+00:00 sonic eventd.sh[3060]: Creating new eventd container with HWSKU
2025-02-11T02:27:06.223277+00:00 sonic systemd[1]: serial-config.service: Deactivated successfully.
2025-02-11T02:27:06.223277+00:00 sonic systemd[1]: serial-config.service: Deactivated successfully.
2025-02-11T02:27:06.223412+00:00 sonic systemd[1]: Finished serial-config.service - Update serial console config.
2025-02-11T02:27:06.223412+00:00 sonic systemd[1]: Finished serial-config.service - Update serial console config.
2025-02-11T02:27:06.236172+00:00 sonic radv.sh[3225]: Traceback (most recent call last):
2025-02-11T02:27:06.236249+00:00 sonic radv.sh[3225]:   File "/usr/local/bin/sonic-cfggen", line 517, in <module>
2025-02-11T02:27:06.236302+00:00 sonic radv.sh[3225]:     main()
2025-02-11T02:27:06.236335+00:00 sonic radv.sh[3225]:   File "/usr/local/bin/sonic-cfggen", line 490, in main
2025-02-11T02:27:06.236364+00:00 sonic radv.sh[3225]:     print(template.render(data))
2025-02-11T02:27:06.236409+00:00 sonic radv.sh[3225]:           ^^^^^^^^^^^^^^^^^^^^^
2025-02-11T02:27:06.236437+00:00 sonic radv.sh[3225]:   File "/usr/lib/python3/dist-packages/jinja2/environment.py", line 1301, in render
2025-02-11T02:27:06.236732+00:00 sonic radv.sh[3225]:     self.environment.handle_exception()
2025-02-11T02:27:06.236781+00:00 sonic radv.sh[3225]:   File "/usr/lib/python3/dist-packages/jinja2/environment.py", line 936, in handle_exception
2025-02-11T02:27:06.236172+00:00 sonic radv.sh[3225]: Traceback (most recent call last):
2025-02-11T02:27:06.236249+00:00 sonic radv.sh[3225]:   File "/usr/local/bin/sonic-cfggen", line 517, in <module>
2025-02-11T02:27:06.236302+00:00 sonic radv.sh[3225]:     main()
2025-02-11T02:27:06.236335+00:00 sonic radv.sh[3225]:   File "/usr/local/bin/sonic-cfggen", line 490, in main
2025-02-11T02:27:06.236364+00:00 sonic radv.sh[3225]:     print(template.render(data))
2025-02-11T02:27:06.236409+00:00 sonic radv.sh[3225]:           ^^^^^^^^^^^^^^^^^^^^^
2025-02-11T02:27:06.236437+00:00 sonic radv.sh[3225]:   File "/usr/lib/python3/dist-packages/jinja2/environment.py", line 1301, in render
2025-02-11T02:27:06.236732+00:00 sonic radv.sh[3225]:     self.environment.handle_exception()
2025-02-11T02:27:06.236781+00:00 sonic radv.sh[3225]:   File "/usr/lib/python3/dist-packages/jinja2/environment.py", line 936, in handle_exception
2025-02-11T02:27:06.237051+00:00 sonic radv.sh[3225]:     raise rewrite_traceback_stack(source=source)
2025-02-11T02:27:06.237091+00:00 sonic radv.sh[3225]:   File "<template>", line 1, in top-level template code
2025-02-11T02:27:06.237121+00:00 sonic radv.sh[3225]:   File "/usr/lib/python3/dist-packages/jinja2/environment.py", line 466, in getitem
2025-02-11T02:27:06.237051+00:00 sonic radv.sh[3225]:     raise rewrite_traceback_stack(source=source)
2025-02-11T02:27:06.237091+00:00 sonic radv.sh[3225]:   File "<template>", line 1, in top-level template code
2025-02-11T02:27:06.237121+00:00 sonic radv.sh[3225]:   File "/usr/lib/python3/dist-packages/jinja2/environment.py", line 466, in getitem
2025-02-11T02:27:06.237239+00:00 sonic radv.sh[3225]:     return obj[argument]
2025-02-11T02:27:06.237279+00:00 sonic radv.sh[3225]:            ~~~^^^^^^^^^^
2025-02-11T02:27:06.237309+00:00 sonic radv.sh[3225]: jinja2.exceptions.UndefinedError: 'DEVICE_METADATA' is undefined
2025-02-11T02:27:06.237239+00:00 sonic radv.sh[3225]:     return obj[argument]
2025-02-11T02:27:06.237279+00:00 sonic radv.sh[3225]:            ~~~^^^^^^^^^^
2025-02-11T02:27:06.237309+00:00 sonic radv.sh[3225]: jinja2.exceptions.UndefinedError: 'DEVICE_METADATA' is undefined
2025-02-11T02:27:06.268735+00:00 sonic macsec.sh[3224]: Traceback (most recent call last):
2025-02-11T02:27:06.268807+00:00 sonic macsec.sh[3224]:   File "/usr/local/bin/sonic-cfggen", line 517, in <module>
2025-02-11T02:27:06.268867+00:00 sonic macsec.sh[3224]:     main()
2025-02-11T02:27:06.268885+00:00 sonic macsec.sh[3224]:   File "/usr/local/bin/sonic-cfggen", line 490, in main
2025-02-11T02:27:06.268735+00:00 sonic macsec.sh[3224]: Traceback (most recent call last):
2025-02-11T02:27:06.268807+00:00 sonic macsec.sh[3224]:   File "/usr/local/bin/sonic-cfggen", line 517, in <module>
2025-02-11T02:27:06.268867+00:00 sonic macsec.sh[3224]:     main()
2025-02-11T02:27:06.268885+00:00 sonic macsec.sh[3224]:   File "/usr/local/bin/sonic-cfggen", line 490, in main
2025-02-11T02:27:06.269054+00:00 sonic macsec.sh[3224]:     print(template.render(data))
2025-02-11T02:27:06.269079+00:00 sonic macsec.sh[3224]:           ^^^^^^^^^^^^^^^^^^^^^
2025-02-11T02:27:06.269095+00:00 sonic macsec.sh[3224]:   File "/usr/lib/python3/dist-packages/jinja2/environment.py", line 1301, in render
2025-02-11T02:27:06.269054+00:00 sonic macsec.sh[3224]:     print(template.render(data))
2025-02-11T02:27:06.269079+00:00 sonic macsec.sh[3224]:           ^^^^^^^^^^^^^^^^^^^^^
2025-02-11T02:27:06.269095+00:00 sonic macsec.sh[3224]:   File "/usr/lib/python3/dist-packages/jinja2/environment.py", line 1301, in render
2025-02-11T02:27:06.269204+00:00 sonic macsec.sh[3224]:     self.environment.handle_exception()
2025-02-11T02:27:06.269235+00:00 sonic macsec.sh[3224]:   File "/usr/lib/python3/dist-packages/jinja2/environment.py", line 936, in handle_exception
2025-02-11T02:27:06.269204+00:00 sonic macsec.sh[3224]:     self.environment.handle_exception()
2025-02-11T02:27:06.269235+00:00 sonic macsec.sh[3224]:   File "/usr/lib/python3/dist-packages/jinja2/environment.py", line 936, in handle_exception
2025-02-11T02:27:06.269447+00:00 sonic macsec.sh[3224]:     raise rewrite_traceback_stack(source=source)
2025-02-11T02:27:06.269447+00:00 sonic macsec.sh[3224]:     raise rewrite_traceback_stack(source=source)
2025-02-11T02:27:06.269523+00:00 sonic macsec.sh[3224]:   File "<template>", line 1, in top-level template code
2025-02-11T02:27:06.269523+00:00 sonic macsec.sh[3224]:   File "<template>", line 1, in top-level template code
2025-02-11T02:27:06.269623+00:00 sonic macsec.sh[3224]:   File "/usr/lib/python3/dist-packages/jinja2/environment.py", line 466, in getitem
2025-02-11T02:27:06.269665+00:00 sonic macsec.sh[3224]:     return obj[argument]
2025-02-11T02:27:06.269692+00:00 sonic macsec.sh[3224]:            ~~~^^^^^^^^^^
2025-02-11T02:27:06.269717+00:00 sonic macsec.sh[3224]: jinja2.exceptions.UndefinedError: 'DEVICE_METADATA' is undefined
2025-02-11T02:27:06.269623+00:00 sonic macsec.sh[3224]:   File "/usr/lib/python3/dist-packages/jinja2/environment.py", line 466, in getitem
2025-02-11T02:27:06.269665+00:00 sonic macsec.sh[3224]:     return obj[argument]
2025-02-11T02:27:06.269692+00:00 sonic macsec.sh[3224]:            ~~~^^^^^^^^^^
2025-02-11T02:27:06.269717+00:00 sonic macsec.sh[3224]: jinja2.exceptions.UndefinedError: 'DEVICE_METADATA' is undefined
2025-02-11T02:27:06.284861+00:00 sonic systemd[1]: var-lib-docker-overlay2-d5f35e1d7bf5f989cd79ff809ccdd2d3daa6c843beb9f7c8d7e73d6900bb0fe7\x2dinit-merged.mount: Deactivated successfully.
2025-02-11T02:27:06.284861+00:00 sonic systemd[1]: var-lib-docker-overlay2-d5f35e1d7bf5f989cd79ff809ccdd2d3daa6c843beb9f7c8d7e73d6900bb0fe7\x2dinit-merged.mount: Deactivated successfully.
2025-02-11T02:27:06.300770+00:00 sonic macsec.sh[3246]: Traceback (most recent call last):
2025-02-11T02:27:06.300770+00:00 sonic macsec.sh[3246]: Traceback (most recent call last):
2025-02-11T02:27:06.301085+00:00 sonic macsec.sh[3246]:   File "/usr/local/bin/sonic-cfggen", line 517, in <module>
2025-02-11T02:27:06.301085+00:00 sonic macsec.sh[3246]:   File "/usr/local/bin/sonic-cfggen", line 517, in <module>
2025-02-11T02:27:06.301321+00:00 sonic macsec.sh[3246]:     main()
2025-02-11T02:27:06.301321+00:00 sonic macsec.sh[3246]:     main()
2025-02-11T02:27:06.301447+00:00 sonic macsec.sh[3246]:   File "/usr/local/bin/sonic-cfggen", line 490, in main
2025-02-11T02:27:06.301447+00:00 sonic macsec.sh[3246]:   File "/usr/local/bin/sonic-cfggen", line 490, in main
2025-02-11T02:27:06.301819+00:00 sonic macsec.sh[3246]:     print(template.render(data))
2025-02-11T02:27:06.301819+00:00 sonic macsec.sh[3246]:     print(template.render(data))
2025-02-11T02:27:06.302008+00:00 sonic macsec.sh[3246]:           ^^^^^^^^^^^^^^^^^^^^^
2025-02-11T02:27:06.302036+00:00 sonic macsec.sh[3246]:   File "/usr/lib/python3/dist-packages/jinja2/environment.py", line 1301, in render
2025-02-11T02:27:06.302008+00:00 sonic macsec.sh[3246]:           ^^^^^^^^^^^^^^^^^^^^^
2025-02-11T02:27:06.302036+00:00 sonic macsec.sh[3246]:   File "/usr/lib/python3/dist-packages/jinja2/environment.py", line 1301, in render
2025-02-11T02:27:06.302517+00:00 sonic macsec.sh[3246]:     self.environment.handle_exception()
2025-02-11T02:27:06.302552+00:00 sonic macsec.sh[3246]:   File "/usr/lib/python3/dist-packages/jinja2/environment.py", line 936, in handle_exception
2025-02-11T02:27:06.302576+00:00 sonic macsec.sh[3246]:     raise rewrite_traceback_stack(source=source)
2025-02-11T02:27:06.302593+00:00 sonic macsec.sh[3246]:   File "<template>", line 1, in top-level template code
2025-02-11T02:27:06.302610+00:00 sonic macsec.sh[3246]:   File "/usr/lib/python3/dist-packages/jinja2/environment.py", line 466, in getitem
2025-02-11T02:27:06.302627+00:00 sonic macsec.sh[3246]:     return obj[argument]
2025-02-11T02:27:06.302646+00:00 sonic macsec.sh[3246]:            ~~~^^^^^^^^^^
2025-02-11T02:27:06.302663+00:00 sonic macsec.sh[3246]: jinja2.exceptions.UndefinedError: 'DEVICE_METADATA' is undefined
2025-02-11T02:27:06.302517+00:00 sonic macsec.sh[3246]:     self.environment.handle_exception()
2025-02-11T02:27:06.302552+00:00 sonic macsec.sh[3246]:   File "/usr/lib/python3/dist-packages/jinja2/environment.py", line 936, in handle_exception
2025-02-11T02:27:06.302576+00:00 sonic macsec.sh[3246]:     raise rewrite_traceback_stack(source=source)
2025-02-11T02:27:06.302593+00:00 sonic macsec.sh[3246]:   File "<template>", line 1, in top-level template code
2025-02-11T02:27:06.302610+00:00 sonic macsec.sh[3246]:   File "/usr/lib/python3/dist-packages/jinja2/environment.py", line 466, in getitem
2025-02-11T02:27:06.302627+00:00 sonic macsec.sh[3246]:     return obj[argument]
2025-02-11T02:27:06.302646+00:00 sonic macsec.sh[3246]:            ~~~^^^^^^^^^^
2025-02-11T02:27:06.302663+00:00 sonic macsec.sh[3246]: jinja2.exceptions.UndefinedError: 'DEVICE_METADATA' is undefined
2025-02-11T02:27:06.307174+00:00 sonic radv.sh[3097]: Creating new radv container with HWSKU
2025-02-11T02:27:06.307174+00:00 sonic radv.sh[3097]: Creating new radv container with HWSKU
2025-02-11T02:27:06.325984+00:00 sonic macsec.sh[3236]: Traceback (most recent call last):
2025-02-11T02:27:06.326124+00:00 sonic macsec.sh[3236]:   File "/usr/local/bin/sonic-cfggen", line 517, in <module>
2025-02-11T02:27:06.326159+00:00 sonic macsec.sh[3236]:     main()
2025-02-11T02:27:06.326190+00:00 sonic macsec.sh[3236]:   File "/usr/local/bin/sonic-cfggen", line 490, in main
2025-02-11T02:27:06.326246+00:00 sonic macsec.sh[3236]:     print(template.render(data))
2025-02-11T02:27:06.326276+00:00 sonic macsec.sh[3236]:           ^^^^^^^^^^^^^^^^^^^^^
2025-02-11T02:27:06.326315+00:00 sonic macsec.sh[3236]:   File "/usr/lib/python3/dist-packages/jinja2/environment.py", line 1301, in render
2025-02-11T02:27:06.326343+00:00 sonic macsec.sh[3236]:     self.environment.handle_exception()
2025-02-11T02:27:06.326373+00:00 sonic macsec.sh[3236]:   File "/usr/lib/python3/dist-packages/jinja2/environment.py", line 936, in handle_exception
2025-02-11T02:27:06.326403+00:00 sonic macsec.sh[3236]:     raise rewrite_traceback_stack(source=source)
2025-02-11T02:27:06.326433+00:00 sonic macsec.sh[3236]:   File "<template>", line 1, in top-level template code
2025-02-11T02:27:06.326463+00:00 sonic macsec.sh[3236]:   File "/usr/lib/python3/dist-packages/jinja2/environment.py", line 466, in getitem
2025-02-11T02:27:06.326503+00:00 sonic macsec.sh[3236]:     return obj[argument]
2025-02-11T02:27:06.326533+00:00 sonic macsec.sh[3236]:            ~~~^^^^^^^^^^
2025-02-11T02:27:06.325984+00:00 sonic macsec.sh[3236]: Traceback (most recent call last):
2025-02-11T02:27:06.326124+00:00 sonic macsec.sh[3236]:   File "/usr/local/bin/sonic-cfggen", line 517, in <module>
2025-02-11T02:27:06.326159+00:00 sonic macsec.sh[3236]:     main()
2025-02-11T02:27:06.326190+00:00 sonic macsec.sh[3236]:   File "/usr/local/bin/sonic-cfggen", line 490, in main
2025-02-11T02:27:06.326246+00:00 sonic macsec.sh[3236]:     print(template.render(data))
2025-02-11T02:27:06.326276+00:00 sonic macsec.sh[3236]:           ^^^^^^^^^^^^^^^^^^^^^
2025-02-11T02:27:06.326315+00:00 sonic macsec.sh[3236]:   File "/usr/lib/python3/dist-packages/jinja2/environment.py", line 1301, in render
2025-02-11T02:27:06.326343+00:00 sonic macsec.sh[3236]:     self.environment.handle_exception()
2025-02-11T02:27:06.326373+00:00 sonic macsec.sh[3236]:   File "/usr/lib/python3/dist-packages/jinja2/environment.py", line 936, in handle_exception
2025-02-11T02:27:06.326403+00:00 sonic macsec.sh[3236]:     raise rewrite_traceback_stack(source=source)
2025-02-11T02:27:06.326433+00:00 sonic macsec.sh[3236]:   File "<template>", line 1, in top-level template code
2025-02-11T02:27:06.326463+00:00 sonic macsec.sh[3236]:   File "/usr/lib/python3/dist-packages/jinja2/environment.py", line 466, in getitem
2025-02-11T02:27:06.326503+00:00 sonic macsec.sh[3236]:     return obj[argument]
2025-02-11T02:27:06.326533+00:00 sonic macsec.sh[3236]:            ~~~^^^^^^^^^^
2025-02-11T02:27:06.326563+00:00 sonic macsec.sh[3236]: jinja2.exceptions.UndefinedError: 'DEVICE_METADATA' is undefined
2025-02-11T02:27:06.326563+00:00 sonic macsec.sh[3236]: jinja2.exceptions.UndefinedError: 'DEVICE_METADATA' is undefined
2025-02-11T02:27:06.336326+00:00 sonic macsec.sh[3153]: Creating new macsec1 container with HWSKU
2025-02-11T02:27:06.336326+00:00 sonic macsec.sh[3153]: Creating new macsec1 container with HWSKU
2025-02-11T02:27:06.369562+00:00 sonic macsec.sh[3141]: Creating new macsec2 container with HWSKU
2025-02-11T02:27:06.369562+00:00 sonic macsec.sh[3141]: Creating new macsec2 container with HWSKU
2025-02-11T02:27:06.388998+00:00 sonic macsec.sh[3131]: Creating new macsec3 container with HWSKU
2025-02-11T02:27:06.388998+00:00 sonic macsec.sh[3131]: Creating new macsec3 container with HWSKU
2025-02-11T02:27:06.449891+00:00 sonic macsec.sh[3260]: Traceback (most recent call last):
2025-02-11T02:27:06.449891+00:00 sonic macsec.sh[3260]: Traceback (most recent call last):
2025-02-11T02:27:06.449979+00:00 sonic macsec.sh[3260]:   File "/usr/local/bin/sonic-cfggen", line 517, in <module>
2025-02-11T02:27:06.450029+00:00 sonic macsec.sh[3260]:     main()
2025-02-11T02:27:06.450063+00:00 sonic macsec.sh[3260]:   File "/usr/local/bin/sonic-cfggen", line 490, in main
2025-02-11T02:27:06.449979+00:00 sonic macsec.sh[3260]:   File "/usr/local/bin/sonic-cfggen", line 517, in <module>
2025-02-11T02:27:06.450029+00:00 sonic macsec.sh[3260]:     main()
2025-02-11T02:27:06.450063+00:00 sonic macsec.sh[3260]:   File "/usr/local/bin/sonic-cfggen", line 490, in main
2025-02-11T02:27:06.450080+00:00 sonic macsec.sh[3260]:     print(template.render(data))
2025-02-11T02:27:06.450097+00:00 sonic macsec.sh[3260]:           ^^^^^^^^^^^^^^^^^^^^^
2025-02-11T02:27:06.450080+00:00 sonic macsec.sh[3260]:     print(template.render(data))
2025-02-11T02:27:06.450097+00:00 sonic macsec.sh[3260]:           ^^^^^^^^^^^^^^^^^^^^^
2025-02-11T02:27:06.450115+00:00 sonic macsec.sh[3260]:   File "/usr/lib/python3/dist-packages/jinja2/environment.py", line 1301, in render
2025-02-11T02:27:06.450115+00:00 sonic macsec.sh[3260]:   File "/usr/lib/python3/dist-packages/jinja2/environment.py", line 1301, in render
2025-02-11T02:27:06.450143+00:00 sonic macsec.sh[3260]:     self.environment.handle_exception()
2025-02-11T02:27:06.450160+00:00 sonic macsec.sh[3260]:   File "/usr/lib/python3/dist-packages/jinja2/environment.py", line 936, in handle_exception
2025-02-11T02:27:06.450143+00:00 sonic macsec.sh[3260]:     self.environment.handle_exception()
2025-02-11T02:27:06.450160+00:00 sonic macsec.sh[3260]:   File "/usr/lib/python3/dist-packages/jinja2/environment.py", line 936, in handle_exception
2025-02-11T02:27:06.450184+00:00 sonic macsec.sh[3260]:     raise rewrite_traceback_stack(source=source)
2025-02-11T02:27:06.450184+00:00 sonic macsec.sh[3260]:     raise rewrite_traceback_stack(source=source)
2025-02-11T02:27:06.450220+00:00 sonic macsec.sh[3260]:   File "<template>", line 1, in top-level template code
2025-02-11T02:27:06.450220+00:00 sonic macsec.sh[3260]:   File "<template>", line 1, in top-level template code
2025-02-11T02:27:06.450237+00:00 sonic macsec.sh[3260]:   File "/usr/lib/python3/dist-packages/jinja2/environment.py", line 466, in getitem
2025-02-11T02:27:06.450237+00:00 sonic macsec.sh[3260]:   File "/usr/lib/python3/dist-packages/jinja2/environment.py", line 466, in getitem
2025-02-11T02:27:06.450270+00:00 sonic macsec.sh[3260]:     return obj[argument]
2025-02-11T02:27:06.450270+00:00 sonic macsec.sh[3260]:     return obj[argument]
2025-02-11T02:27:06.450296+00:00 sonic macsec.sh[3260]:            ~~~^^^^^^^^^^
2025-02-11T02:27:06.450296+00:00 sonic macsec.sh[3260]:            ~~~^^^^^^^^^^
2025-02-11T02:27:06.450321+00:00 sonic macsec.sh[3260]: jinja2.exceptions.UndefinedError: 'DEVICE_METADATA' is undefined
2025-02-11T02:27:06.450321+00:00 sonic macsec.sh[3260]: jinja2.exceptions.UndefinedError: 'DEVICE_METADATA' is undefined
2025-02-11T02:27:06.497687+00:00 sonic macsec.sh[3149]: Creating new macsec0 container with HWSKU
2025-02-11T02:27:06.497687+00:00 sonic macsec.sh[3149]: Creating new macsec0 container with HWSKU
2025-02-11T02:27:06.518002+00:00 sonic interfaces-config.sh[3269]: Traceback (most recent call last):
2025-02-11T02:27:06.518207+00:00 sonic interfaces-config.sh[3269]:   File "/usr/local/bin/sonic-cfggen", line 517, in <module>
2025-02-11T02:27:06.518250+00:00 sonic interfaces-config.sh[3269]:     main()
2025-02-11T02:27:06.518268+00:00 sonic interfaces-config.sh[3269]:   File "/usr/local/bin/sonic-cfggen", line 481, in main
2025-02-11T02:27:06.518294+00:00 sonic interfaces-config.sh[3269]:     template_data = template.render(data)
2025-02-11T02:27:06.518312+00:00 sonic interfaces-config.sh[3269]:                     ^^^^^^^^^^^^^^^^^^^^^
2025-02-11T02:27:06.518329+00:00 sonic interfaces-config.sh[3269]:   File "/usr/lib/python3/dist-packages/jinja2/environment.py", line 1301, in render
2025-02-11T02:27:06.518002+00:00 sonic interfaces-config.sh[3269]: Traceback (most recent call last):
2025-02-11T02:27:06.518207+00:00 sonic interfaces-config.sh[3269]:   File "/usr/local/bin/sonic-cfggen", line 517, in <module>
2025-02-11T02:27:06.518250+00:00 sonic interfaces-config.sh[3269]:     main()
2025-02-11T02:27:06.518268+00:00 sonic interfaces-config.sh[3269]:   File "/usr/local/bin/sonic-cfggen", line 481, in main
2025-02-11T02:27:06.518294+00:00 sonic interfaces-config.sh[3269]:     template_data = template.render(data)
2025-02-11T02:27:06.518312+00:00 sonic interfaces-config.sh[3269]:                     ^^^^^^^^^^^^^^^^^^^^^
2025-02-11T02:27:06.518329+00:00 sonic interfaces-config.sh[3269]:   File "/usr/lib/python3/dist-packages/jinja2/environment.py", line 1301, in render
2025-02-11T02:27:06.518513+00:00 sonic interfaces-config.sh[3269]:     self.environment.handle_exception()
2025-02-11T02:27:06.518565+00:00 sonic interfaces-config.sh[3269]:   File "/usr/lib/python3/dist-packages/jinja2/environment.py", line 936, in handle_exception
2025-02-11T02:27:06.518655+00:00 sonic interfaces-config.sh[3269]:     raise rewrite_traceback_stack(source=source)
2025-02-11T02:27:06.518753+00:00 sonic interfaces-config.sh[3269]:   File "/usr/share/sonic/templates/interfaces.j2", line 31, in top-level template code
2025-02-11T02:27:06.518781+00:00 sonic interfaces-config.sh[3269]:     {% block mgmt_interface %}
2025-02-11T02:27:06.518851+00:00 sonic interfaces-config.sh[3269]:     ^^^^^^^^^^^^^^^^^^^^^^^^^
2025-02-11T02:27:06.518879+00:00 sonic interfaces-config.sh[3269]:   File "/usr/share/sonic/templates/interfaces.j2", line 134, in block 'mgmt_interface'
2025-02-11T02:27:06.518923+00:00 sonic interfaces-config.sh[3269]:     {% if not (DEVICE_METADATA['localhost']['subtype'] == 'SmartSwitch' and DEVICE_METADATA['localhost']['switch_type'] == 'dpu') %}
2025-02-11T02:27:06.518987+00:00 sonic interfaces-config.sh[3269]:     ^^^^^^^^^^^^^^^^^^^^^^^^^
2025-02-11T02:27:06.519026+00:00 sonic interfaces-config.sh[3269]:   File "/usr/lib/python3/dist-packages/jinja2/environment.py", line 466, in getitem
2025-02-11T02:27:06.519077+00:00 sonic interfaces-config.sh[3269]:     return obj[argument]
2025-02-11T02:27:06.519735+00:00 sonic interfaces-config.sh[3269]:            ~~~^^^^^^^^^^
2025-02-11T02:27:06.519821+00:00 sonic interfaces-config.sh[3269]: jinja2.exceptions.UndefinedError: 'DEVICE_METADATA' is undefined
2025-02-11T02:27:06.518513+00:00 sonic interfaces-config.sh[3269]:     self.environment.handle_exception()
2025-02-11T02:27:06.518565+00:00 sonic interfaces-config.sh[3269]:   File "/usr/lib/python3/dist-packages/jinja2/environment.py", line 936, in handle_exception
2025-02-11T02:27:06.518655+00:00 sonic interfaces-config.sh[3269]:     raise rewrite_traceback_stack(source=source)
2025-02-11T02:27:06.518753+00:00 sonic interfaces-config.sh[3269]:   File "/usr/share/sonic/templates/interfaces.j2", line 31, in top-level template code
2025-02-11T02:27:06.518781+00:00 sonic interfaces-config.sh[3269]:     {% block mgmt_interface %}
2025-02-11T02:27:06.518851+00:00 sonic interfaces-config.sh[3269]:     ^^^^^^^^^^^^^^^^^^^^^^^^^
2025-02-11T02:27:06.518879+00:00 sonic interfaces-config.sh[3269]:   File "/usr/share/sonic/templates/interfaces.j2", line 134, in block 'mgmt_interface'
2025-02-11T02:27:06.518923+00:00 sonic interfaces-config.sh[3269]:     {% if not (DEVICE_METADATA['localhost']['subtype'] == 'SmartSwitch' and DEVICE_METADATA['localhost']['switch_type'] == 'dpu') %}
2025-02-11T02:27:06.518987+00:00 sonic interfaces-config.sh[3269]:     ^^^^^^^^^^^^^^^^^^^^^^^^^
2025-02-11T02:27:06.519026+00:00 sonic interfaces-config.sh[3269]:   File "/usr/lib/python3/dist-packages/jinja2/environment.py", line 466, in getitem
2025-02-11T02:27:06.519077+00:00 sonic interfaces-config.sh[3269]:     return obj[argument]
2025-02-11T02:27:06.519735+00:00 sonic interfaces-config.sh[3269]:            ~~~^^^^^^^^^^
2025-02-11T02:27:06.519821+00:00 sonic interfaces-config.sh[3269]: jinja2.exceptions.UndefinedError: 'DEVICE_METADATA' is undefined
2025-02-11T02:27:06.528082+00:00 sonic systemd[1]: var-lib-docker-overlay2-45371f656dd8bdc78cba448f9952daeca270a65ed82ff6b4fcc34d97f6c75739\x2dinit-merged.mount: Deactivated successfully.
2025-02-11T02:27:06.528082+00:00 sonic systemd[1]: var-lib-docker-overlay2-45371f656dd8bdc78cba448f9952daeca270a65ed82ff6b4fcc34d97f6c75739\x2dinit-merged.mount: Deactivated successfully.
2025-02-11T02:27:06.580047+00:00 sonic interfaces-config.sh[3389]: sysctl: cannot open "/etc/sysctl.d/90-dhcp6-systcl.conf": No such file or directory
2025-02-11T02:27:06.580047+00:00 sonic interfaces-config.sh[3389]: sysctl: cannot open "/etc/sysctl.d/90-dhcp6-systcl.conf": No such file or directory
2025-02-11T02:27:06.610604+00:00 sonic systemd[1]: Stopping networking.service - Network initialization...
2025-02-11T02:27:06.610604+00:00 sonic systemd[1]: Stopping networking.service - Network initialization...
2025-02-11T02:27:06.617076+00:00 sonic systemd[1]: var-lib-docker-overlay2-1b7c1fcd6e4c281d0e0419061c4a1b894b1b26f2fbb05299b77bb3de93da2d11\x2dinit-merged.mount: Deactivated successfully.
2025-02-11T02:27:06.617218+00:00 sonic systemd[1]: var-lib-docker-overlay2-1c872438fe5a3cd7456de43bd0a5de690c99c3a61a7f9c4457077461c2c2fe46\x2dinit-merged.mount: Deactivated successfully.
2025-02-11T02:27:06.617338+00:00 sonic systemd[1]: var-lib-docker-overlay2-48656f2a20b2a5218275645b6dfaa008117a9817bdf3f2d6397271879649c86b\x2dinit-merged.mount: Deactivated successfully.
2025-02-11T02:27:06.617076+00:00 sonic systemd[1]: var-lib-docker-overlay2-1b7c1fcd6e4c281d0e0419061c4a1b894b1b26f2fbb05299b77bb3de93da2d11\x2dinit-merged.mount: Deactivated successfully.
2025-02-11T02:27:06.617218+00:00 sonic systemd[1]: var-lib-docker-overlay2-1c872438fe5a3cd7456de43bd0a5de690c99c3a61a7f9c4457077461c2c2fe46\x2dinit-merged.mount: Deactivated successfully.
2025-02-11T02:27:06.617338+00:00 sonic systemd[1]: var-lib-docker-overlay2-48656f2a20b2a5218275645b6dfaa008117a9817bdf3f2d6397271879649c86b\x2dinit-merged.mount: Deactivated successfully.
2025-02-11T02:27:06.631038+00:00 sonic networking[3391]: networking: Deconfiguring network interfaces
2025-02-11T02:27:06.631038+00:00 sonic networking[3391]: networking: Deconfiguring network interfaces
2025-02-11T02:27:06.633139+00:00 sonic macsec.sh[3329]: 55704347c3439e301bb722251204a2fb4589d197a55224e416f93ac1e71e89e9
2025-02-11T02:27:06.633139+00:00 sonic macsec.sh[3329]: 55704347c3439e301bb722251204a2fb4589d197a55224e416f93ac1e71e89e9
2025-02-11T02:27:06.633442+00:00 sonic macsec.sh[3342]: c96f3692f8a694be98e2b91dc30245379116a96ee045e533b1a04aefc8d50e69
2025-02-11T02:27:06.633442+00:00 sonic macsec.sh[3342]: c96f3692f8a694be98e2b91dc30245379116a96ee045e533b1a04aefc8d50e69
2025-02-11T02:27:06.633792+00:00 sonic radv.sh[3306]: 6224009e4b53dc450a78179e996fca9709e214bdc6be6c3ba69b29fcf0e7c755
2025-02-11T02:27:06.633792+00:00 sonic radv.sh[3306]: 6224009e4b53dc450a78179e996fca9709e214bdc6be6c3ba69b29fcf0e7c755
2025-02-11T02:27:06.634097+00:00 sonic macsec.sh[3352]: c07da8c2ba003dd7df53aa247c7b56c3ec380e8679d572f6fbf829a5834fe844
2025-02-11T02:27:06.634097+00:00 sonic macsec.sh[3352]: c07da8c2ba003dd7df53aa247c7b56c3ec380e8679d572f6fbf829a5834fe844
2025-02-11T02:27:06.639433+00:00 sonic eventd.sh[3271]: 3f915813ecf6f9c68833124b00cab5f2d3dffd24a8425ab45f2dbb237035dc06
2025-02-11T02:27:06.639433+00:00 sonic eventd.sh[3271]: 3f915813ecf6f9c68833124b00cab5f2d3dffd24a8425ab45f2dbb237035dc06
2025-02-11T02:27:06.656870+00:00 sonic macsec.sh[3374]: 97454e6e96c66cabef273c43a5911b4bc95f8f70146151d3ed1e7d2239f79fe1
2025-02-11T02:27:06.656870+00:00 sonic macsec.sh[3374]: 97454e6e96c66cabef273c43a5911b4bc95f8f70146151d3ed1e7d2239f79fe1
2025-02-11T02:27:06.718223+00:00 sonic healthd[3047]: Starting up...
2025-02-11T02:27:06.718346+00:00 sonic healthd[3047]: sonic_platform package not installed. Cannot start system-health daemon
2025-02-11T02:27:06.718411+00:00 sonic healthd[3047]: Traceback (most recent call last):
2025-02-11T02:27:06.718223+00:00 sonic healthd[3047]: Starting up...
2025-02-11T02:27:06.718346+00:00 sonic healthd[3047]: sonic_platform package not installed. Cannot start system-health daemon
2025-02-11T02:27:06.718411+00:00 sonic healthd[3047]: Traceback (most recent call last):
2025-02-11T02:27:06.718446+00:00 sonic healthd[3047]:   File "/usr/local/bin/healthd", line 128, in <module>
2025-02-11T02:27:06.718483+00:00 sonic healthd[3047]:     main()
2025-02-11T02:27:06.718520+00:00 sonic healthd[3047]:   File "/usr/local/bin/healthd", line 124, in main
2025-02-11T02:27:06.718446+00:00 sonic healthd[3047]:   File "/usr/local/bin/healthd", line 128, in <module>
2025-02-11T02:27:06.718483+00:00 sonic healthd[3047]:     main()
2025-02-11T02:27:06.718520+00:00 sonic healthd[3047]:   File "/usr/local/bin/healthd", line 124, in main
2025-02-11T02:27:06.718552+00:00 sonic healthd[3047]:     health_monitor.run()
2025-02-11T02:27:06.718582+00:00 sonic healthd[3047]:   File "/usr/local/bin/healthd", line 92, in run
2025-02-11T02:27:06.718609+00:00 sonic healthd[3047]:     sysmon.task_stop()
2025-02-11T02:27:06.718552+00:00 sonic healthd[3047]:     health_monitor.run()
2025-02-11T02:27:06.718582+00:00 sonic healthd[3047]:   File "/usr/local/bin/healthd", line 92, in run
2025-02-11T02:27:06.718609+00:00 sonic healthd[3047]:     sysmon.task_stop()
2025-02-11T02:27:06.718636+00:00 sonic healthd[3047]:     ^^^^^^
2025-02-11T02:27:06.718665+00:00 sonic healthd[3047]: UnboundLocalError: cannot access local variable 'sysmon' where it is not associated with a value
2025-02-11T02:27:06.718636+00:00 sonic healthd[3047]:     ^^^^^^
2025-02-11T02:27:06.718665+00:00 sonic healthd[3047]: UnboundLocalError: cannot access local variable 'sysmon' where it is not associated with a value
2025-02-11T02:27:06.769412+00:00 sonic systemd[1]: system-health.service: Main process exited, code=exited, status=1/FAILURE
2025-02-11T02:27:06.769668+00:00 sonic systemd[1]: system-health.service: Failed with result 'exit-code'.
2025-02-11T02:27:06.769412+00:00 sonic systemd[1]: system-health.service: Main process exited, code=exited, status=1/FAILURE
2025-02-11T02:27:06.769668+00:00 sonic systemd[1]: system-health.service: Failed with result 'exit-code'.
2025-02-11T02:27:06.840107+00:00 sonic systemd[1]: networking.service: Deactivated successfully.
2025-02-11T02:27:06.840107+00:00 sonic systemd[1]: networking.service: Deactivated successfully.
2025-02-11T02:27:06.840369+00:00 sonic systemd[1]: Stopped networking.service - Network initialization.
2025-02-11T02:27:06.840369+00:00 sonic systemd[1]: Stopped networking.service - Network initialization.
2025-02-11T02:27:06.870463+00:00 sonic systemd[1]: Starting networking.service - Network initialization...
2025-02-11T02:27:06.870463+00:00 sonic systemd[1]: Starting networking.service - Network initialization...
2025-02-11T02:27:06.870997+00:00 sonic systemd[1]: system-health.service: Scheduled restart job, restart counter is at 1.
2025-02-11T02:27:06.870997+00:00 sonic systemd[1]: system-health.service: Scheduled restart job, restart counter is at 1.
2025-02-11T02:27:06.871338+00:00 sonic systemd[1]: Stopped system-health.service - SONiC system health monitor.
2025-02-11T02:27:06.871338+00:00 sonic systemd[1]: Stopped system-health.service - SONiC system health monitor.
2025-02-11T02:27:06.873159+00:00 sonic systemd[1]: Started system-health.service - SONiC system health monitor.
2025-02-11T02:27:06.873159+00:00 sonic systemd[1]: Started system-health.service - SONiC system health monitor.
2025-02-11T02:27:06.878630+00:00 sonic networking[3457]: networking: Configuring network interfaces
2025-02-11T02:27:06.878630+00:00 sonic networking[3457]: networking: Configuring network interfaces
2025-02-11T02:27:06.924174+00:00 sonic systemd[1]: var-lib-docker-overlay2-d5f35e1d7bf5f989cd79ff809ccdd2d3daa6c843beb9f7c8d7e73d6900bb0fe7-merged.mount: Deactivated successfully.
2025-02-11T02:27:06.924174+00:00 sonic systemd[1]: var-lib-docker-overlay2-d5f35e1d7bf5f989cd79ff809ccdd2d3daa6c843beb9f7c8d7e73d6900bb0fe7-merged.mount: Deactivated successfully.
2025-02-11T02:27:06.929566+00:00 sonic kernel: [   20.337335] overlayfs: upperdir is in-use as upperdir/workdir of another mount, accessing files from both mounts will result in undefined behavior.
2025-02-11T02:27:06.929590+00:00 sonic kernel: [   20.337344] overlayfs: workdir is in-use as upperdir/workdir of another mount, accessing files from both mounts will result in undefined behavior.
2025-02-11T02:27:06.929566+00:00 sonic kernel: [   20.337335] overlayfs: upperdir is in-use as upperdir/workdir of another mount, accessing files from both mounts will result in undefined behavior.
2025-02-11T02:27:06.929590+00:00 sonic kernel: [   20.337344] overlayfs: workdir is in-use as upperdir/workdir of another mount, accessing files from both mounts will result in undefined behavior.
2025-02-11T02:27:06.930662+00:00 sonic systemd[1]: var-lib-docker-overlay2-d5f35e1d7bf5f989cd79ff809ccdd2d3daa6c843beb9f7c8d7e73d6900bb0fe7-merged.mount: Deactivated successfully.
2025-02-11T02:27:06.930662+00:00 sonic systemd[1]: var-lib-docker-overlay2-d5f35e1d7bf5f989cd79ff809ccdd2d3daa6c843beb9f7c8d7e73d6900bb0fe7-merged.mount: Deactivated successfully.
2025-02-11T02:27:06.965702+00:00 sonic kernel: [   20.373621] overlayfs: upperdir is in-use as upperdir/workdir of another mount, accessing files from both mounts will result in undefined behavior.
2025-02-11T02:27:06.965818+00:00 sonic kernel: [   20.373628] overlayfs: workdir is in-use as upperdir/workdir of another mount, accessing files from both mounts will result in undefined behavior.
2025-02-11T02:27:06.965702+00:00 sonic kernel: [   20.373621] overlayfs: upperdir is in-use as upperdir/workdir of another mount, accessing files from both mounts will result in undefined behavior.
2025-02-11T02:27:06.965818+00:00 sonic kernel: [   20.373628] overlayfs: workdir is in-use as upperdir/workdir of another mount, accessing files from both mounts will result in undefined behavior.
2025-02-11T02:27:06.978317+00:00 sonic kernel: [   20.386551] overlayfs: upperdir is in-use as upperdir/workdir of another mount, accessing files from both mounts will result in undefined behavior.
2025-02-11T02:27:06.978460+00:00 sonic kernel: [   20.386559] overlayfs: workdir is in-use as upperdir/workdir of another mount, accessing files from both mounts will result in undefined behavior.
2025-02-11T02:27:06.978317+00:00 sonic kernel: [   20.386551] overlayfs: upperdir is in-use as upperdir/workdir of another mount, accessing files from both mounts will result in undefined behavior.
2025-02-11T02:27:06.978460+00:00 sonic kernel: [   20.386559] overlayfs: workdir is in-use as upperdir/workdir of another mount, accessing files from both mounts will result in undefined behavior.
2025-02-11T02:27:07.009586+00:00 sonic kernel: [   20.420597] overlayfs: upperdir is in-use as upperdir/workdir of another mount, accessing files from both mounts will result in undefined behavior.
2025-02-11T02:27:07.009604+00:00 sonic kernel: [   20.420607] overlayfs: workdir is in-use as upperdir/workdir of another mount, accessing files from both mounts will result in undefined behavior.
2025-02-11T02:27:07.009586+00:00 sonic kernel: [   20.420597] overlayfs: upperdir is in-use as upperdir/workdir of another mount, accessing files from both mounts will result in undefined behavior.
2025-02-11T02:27:07.009604+00:00 sonic kernel: [   20.420607] overlayfs: workdir is in-use as upperdir/workdir of another mount, accessing files from both mounts will result in undefined behavior.
2025-02-11T02:27:07.262527+00:00 sonic container: container_start: BEGIN
2025-02-11T02:27:07.262527+00:00 sonic container: container_start: BEGIN
2025-02-11T02:27:07.262779+00:00 sonic container: container_start: BEGIN
2025-02-11T02:27:07.262779+00:00 sonic container: container_start: BEGIN
2025-02-11T02:27:07.264421+00:00 sonic container: read_data: config:True feature:eventd fields:[('set_owner', 'local'), ('no_fallback_to_local', False), ('state', 'disabled')] val:['local', False, 'disabled']
2025-02-11T02:27:07.264421+00:00 sonic container: read_data: config:True feature:eventd fields:[('set_owner', 'local'), ('no_fallback_to_local', False), ('state', 'disabled')] val:['local', False, 'disabled']
2025-02-11T02:27:07.264506+00:00 sonic container: read_data: config:True feature:macsec2 fields:[('set_owner', 'local'), ('no_fallback_to_local', False), ('state', 'disabled')] val:['local', False, 'disabled']
2025-02-11T02:27:07.264506+00:00 sonic container: read_data: config:True feature:macsec2 fields:[('set_owner', 'local'), ('no_fallback_to_local', False), ('state', 'disabled')] val:['local', False, 'disabled']
2025-02-11T02:27:07.265199+00:00 sonic container: read_data: config:False feature:eventd fields:[('current_owner', 'none'), ('remote_state', 'none'), ('container_id', '')] val:['none', 'none', '']
2025-02-11T02:27:07.265199+00:00 sonic container: read_data: config:False feature:eventd fields:[('current_owner', 'none'), ('remote_state', 'none'), ('container_id', '')] val:['none', 'none', '']
2025-02-11T02:27:07.265284+00:00 sonic container: read_data: config:False feature:macsec2 fields:[('current_owner', 'none'), ('remote_state', 'none'), ('container_id', '')] val:['none', 'none', '']
2025-02-11T02:27:07.265284+00:00 sonic container: read_data: config:False feature:macsec2 fields:[('current_owner', 'none'), ('remote_state', 'none'), ('container_id', '')] val:['none', 'none', '']
2025-02-11T02:27:07.265917+00:00 sonic container: read_data: config:False feature:SERVER fields:[('connected', 'false'), ('update_time', '')] val:['false', '']
2025-02-11T02:27:07.265917+00:00 sonic container: read_data: config:False feature:SERVER fields:[('connected', 'false'), ('update_time', '')] val:['false', '']
2025-02-11T02:27:07.266153+00:00 sonic container: container_start: eventd: set_owner:local fallback:True remote_state:none server_connected:false
2025-02-11T02:27:07.266190+00:00 sonic container: read_data: config:False feature:SERVER fields:[('connected', 'false'), ('update_time', '')] val:['false', '']
2025-02-11T02:27:07.266153+00:00 sonic container: container_start: eventd: set_owner:local fallback:True remote_state:none server_connected:false
2025-02-11T02:27:07.266190+00:00 sonic container: read_data: config:False feature:SERVER fields:[('connected', 'false'), ('update_time', '')] val:['false', '']
2025-02-11T02:27:07.266337+00:00 sonic container: container_start: macsec2: set_owner:local fallback:True remote_state:none server_connected:false
2025-02-11T02:27:07.266337+00:00 sonic container: container_start: macsec2: set_owner:local fallback:True remote_state:none server_connected:false
2025-02-11T02:27:07.269756+00:00 sonic healthd[3464]: Starting up...
2025-02-11T02:27:07.269820+00:00 sonic healthd[3464]: sonic_platform package not installed. Cannot start system-health daemon
2025-02-11T02:27:07.269756+00:00 sonic healthd[3464]: Starting up...
2025-02-11T02:27:07.269820+00:00 sonic healthd[3464]: sonic_platform package not installed. Cannot start system-health daemon
2025-02-11T02:27:07.270028+00:00 sonic healthd[3464]: Traceback (most recent call last):
2025-02-11T02:27:07.270056+00:00 sonic healthd[3464]:   File "/usr/local/bin/healthd", line 128, in <module>
2025-02-11T02:27:07.270028+00:00 sonic healthd[3464]: Traceback (most recent call last):
2025-02-11T02:27:07.270056+00:00 sonic healthd[3464]:   File "/usr/local/bin/healthd", line 128, in <module>
2025-02-11T02:27:07.270200+00:00 sonic healthd[3464]:     main()
2025-02-11T02:27:07.270223+00:00 sonic healthd[3464]:   File "/usr/local/bin/healthd", line 124, in main
2025-02-11T02:27:07.270200+00:00 sonic healthd[3464]:     main()
2025-02-11T02:27:07.270223+00:00 sonic healthd[3464]:   File "/usr/local/bin/healthd", line 124, in main
2025-02-11T02:27:07.270290+00:00 sonic healthd[3464]:     health_monitor.run()
2025-02-11T02:27:07.270316+00:00 sonic healthd[3464]:   File "/usr/local/bin/healthd", line 92, in run
2025-02-11T02:27:07.270290+00:00 sonic healthd[3464]:     health_monitor.run()
2025-02-11T02:27:07.270316+00:00 sonic healthd[3464]:   File "/usr/local/bin/healthd", line 92, in run
2025-02-11T02:27:07.270371+00:00 sonic healthd[3464]:     sysmon.task_stop()
2025-02-11T02:27:07.270395+00:00 sonic healthd[3464]:     ^^^^^^
2025-02-11T02:27:07.270412+00:00 sonic healthd[3464]: UnboundLocalError: cannot access local variable 'sysmon' where it is not associated with a value
2025-02-11T02:27:07.270371+00:00 sonic healthd[3464]:     sysmon.task_stop()
2025-02-11T02:27:07.270395+00:00 sonic healthd[3464]:     ^^^^^^
2025-02-11T02:27:07.270412+00:00 sonic healthd[3464]: UnboundLocalError: cannot access local variable 'sysmon' where it is not associated with a value
2025-02-11T02:27:07.292665+00:00 sonic container: container_start: BEGIN
2025-02-11T02:27:07.292665+00:00 sonic container: container_start: BEGIN
2025-02-11T02:27:07.293358+00:00 sonic container: read_data: config:True feature:macsec1 fields:[('set_owner', 'local'), ('no_fallback_to_local', False), ('state', 'disabled')] val:['local', False, 'disabled']
2025-02-11T02:27:07.293358+00:00 sonic container: read_data: config:True feature:macsec1 fields:[('set_owner', 'local'), ('no_fallback_to_local', False), ('state', 'disabled')] val:['local', False, 'disabled']
2025-02-11T02:27:07.294029+00:00 sonic container: read_data: config:False feature:macsec1 fields:[('current_owner', 'none'), ('remote_state', 'none'), ('container_id', '')] val:['none', 'none', '']
2025-02-11T02:27:07.294029+00:00 sonic container: read_data: config:False feature:macsec1 fields:[('current_owner', 'none'), ('remote_state', 'none'), ('container_id', '')] val:['none', 'none', '']
2025-02-11T02:27:07.294464+00:00 sonic container: read_data: config:False feature:SERVER fields:[('connected', 'false'), ('update_time', '')] val:['false', '']
2025-02-11T02:27:07.294464+00:00 sonic container: read_data: config:False feature:SERVER fields:[('connected', 'false'), ('update_time', '')] val:['false', '']
2025-02-11T02:27:07.294701+00:00 sonic container: container_start: macsec1: set_owner:local fallback:True remote_state:none server_connected:false
2025-02-11T02:27:07.294701+00:00 sonic container: container_start: macsec1: set_owner:local fallback:True remote_state:none server_connected:false
2025-02-11T02:27:07.305887+00:00 sonic container: container_start: BEGIN
2025-02-11T02:27:07.305887+00:00 sonic container: container_start: BEGIN
2025-02-11T02:27:07.306852+00:00 sonic container: read_data: config:True feature:macsec3 fields:[('set_owner', 'local'), ('no_fallback_to_local', False), ('state', 'disabled')] val:['local', False, 'disabled']
2025-02-11T02:27:07.306852+00:00 sonic container: read_data: config:True feature:macsec3 fields:[('set_owner', 'local'), ('no_fallback_to_local', False), ('state', 'disabled')] val:['local', False, 'disabled']
2025-02-11T02:27:07.307377+00:00 sonic container: read_data: config:False feature:macsec3 fields:[('current_owner', 'none'), ('remote_state', 'none'), ('container_id', '')] val:['none', 'none', '']
2025-02-11T02:27:07.307377+00:00 sonic container: read_data: config:False feature:macsec3 fields:[('current_owner', 'none'), ('remote_state', 'none'), ('container_id', '')] val:['none', 'none', '']
2025-02-11T02:27:07.307935+00:00 sonic container: read_data: config:False feature:SERVER fields:[('connected', 'false'), ('update_time', '')] val:['false', '']
2025-02-11T02:27:07.307935+00:00 sonic container: read_data: config:False feature:SERVER fields:[('connected', 'false'), ('update_time', '')] val:['false', '']
2025-02-11T02:27:07.308124+00:00 sonic container: container_start: macsec3: set_owner:local fallback:True remote_state:none server_connected:false
2025-02-11T02:27:07.308124+00:00 sonic container: container_start: macsec3: set_owner:local fallback:True remote_state:none server_connected:false
2025-02-11T02:27:07.333321+00:00 sonic systemd[1]: system-health.service: Main process exited, code=exited, status=1/FAILURE
2025-02-11T02:27:07.333449+00:00 sonic systemd[1]: system-health.service: Failed with result 'exit-code'.
2025-02-11T02:27:07.333321+00:00 sonic systemd[1]: system-health.service: Main process exited, code=exited, status=1/FAILURE
2025-02-11T02:27:07.333449+00:00 sonic systemd[1]: system-health.service: Failed with result 'exit-code'.
2025-02-11T02:27:07.356434+00:00 sonic container: container_start: BEGIN
2025-02-11T02:27:07.356434+00:00 sonic container: container_start: BEGIN
2025-02-11T02:27:07.358153+00:00 sonic container: read_data: config:True feature:macsec0 fields:[('set_owner', 'local'), ('no_fallback_to_local', False), ('state', 'disabled')] val:['local', False, 'disabled']
2025-02-11T02:27:07.358153+00:00 sonic container: read_data: config:True feature:macsec0 fields:[('set_owner', 'local'), ('no_fallback_to_local', False), ('state', 'disabled')] val:['local', False, 'disabled']
2025-02-11T02:27:07.358922+00:00 sonic container: read_data: config:False feature:macsec0 fields:[('current_owner', 'none'), ('remote_state', 'none'), ('container_id', '')] val:['none', 'none', '']
2025-02-11T02:27:07.358922+00:00 sonic container: read_data: config:False feature:macsec0 fields:[('current_owner', 'none'), ('remote_state', 'none'), ('container_id', '')] val:['none', 'none', '']
2025-02-11T02:27:07.359691+00:00 sonic container: read_data: config:False feature:SERVER fields:[('connected', 'false'), ('update_time', '')] val:['false', '']
2025-02-11T02:27:07.359691+00:00 sonic container: read_data: config:False feature:SERVER fields:[('connected', 'false'), ('update_time', '')] val:['false', '']
2025-02-11T02:27:07.360046+00:00 sonic container: container_start: macsec0: set_owner:local fallback:True remote_state:none server_connected:false
2025-02-11T02:27:07.360046+00:00 sonic container: container_start: macsec0: set_owner:local fallback:True remote_state:none server_connected:false
2025-02-11T02:27:07.369330+00:00 sonic containerd[797]: time="2025-02-11T02:27:07.368376221Z" level=info msg="loading plugin \"io.containerd.event.v1.publisher\"..." runtime=io.containerd.runc.v2 type=io.containerd.event.v1
2025-02-11T02:27:07.369415+00:00 sonic containerd[797]: time="2025-02-11T02:27:07.368494277Z" level=info msg="loading plugin \"io.containerd.internal.v1.shutdown\"..." runtime=io.containerd.runc.v2 type=io.containerd.internal.v1
2025-02-11T02:27:07.369434+00:00 sonic containerd[797]: time="2025-02-11T02:27:07.368514564Z" level=info msg="loading plugin \"io.containerd.ttrpc.v1.task\"..." runtime=io.containerd.runc.v2 type=io.containerd.ttrpc.v1
2025-02-11T02:27:07.369468+00:00 sonic containerd[797]: time="2025-02-11T02:27:07.368857476Z" level=info msg="starting signal loop" namespace=moby path=/run/containerd/io.containerd.runtime.v2.task/moby/c96f3692f8a694be98e2b91dc30245379116a96ee045e533b1a04aefc8d50e69 pid=3592 runtime=io.containerd.runc.v2
2025-02-11T02:27:07.369330+00:00 sonic containerd[797]: time="2025-02-11T02:27:07.368376221Z" level=info msg="loading plugin \"io.containerd.event.v1.publisher\"..." runtime=io.containerd.runc.v2 type=io.containerd.event.v1
2025-02-11T02:27:07.369415+00:00 sonic containerd[797]: time="2025-02-11T02:27:07.368494277Z" level=info msg="loading plugin \"io.containerd.internal.v1.shutdown\"..." runtime=io.containerd.runc.v2 type=io.containerd.internal.v1
2025-02-11T02:27:07.369434+00:00 sonic containerd[797]: time="2025-02-11T02:27:07.368514564Z" level=info msg="loading plugin \"io.containerd.ttrpc.v1.task\"..." runtime=io.containerd.runc.v2 type=io.containerd.ttrpc.v1
2025-02-11T02:27:07.369468+00:00 sonic containerd[797]: time="2025-02-11T02:27:07.368857476Z" level=info msg="starting signal loop" namespace=moby path=/run/containerd/io.containerd.runtime.v2.task/moby/c96f3692f8a694be98e2b91dc30245379116a96ee045e533b1a04aefc8d50e69 pid=3592 runtime=io.containerd.runc.v2
2025-02-11T02:27:07.405879+00:00 sonic container: container_start: BEGIN
2025-02-11T02:27:07.405879+00:00 sonic container: container_start: BEGIN
2025-02-11T02:27:07.406015+00:00 sonic container: read_data: config:True feature:radv fields:[('set_owner', 'local'), ('no_fallback_to_local', False), ('state', 'disabled')] val:['local', False, 'disabled']
2025-02-11T02:27:07.406043+00:00 sonic container: read_data: config:False feature:radv fields:[('current_owner', 'none'), ('remote_state', 'none'), ('container_id', '')] val:['none', 'none', '']
2025-02-11T02:27:07.406066+00:00 sonic container: read_data: config:False feature:SERVER fields:[('connected', 'false'), ('update_time', '')] val:['false', '']
2025-02-11T02:27:07.406091+00:00 sonic container: container_start: radv: set_owner:local fallback:True remote_state:none server_connected:false
2025-02-11T02:27:07.406015+00:00 sonic container: read_data: config:True feature:radv fields:[('set_owner', 'local'), ('no_fallback_to_local', False), ('state', 'disabled')] val:['local', False, 'disabled']
2025-02-11T02:27:07.406043+00:00 sonic container: read_data: config:False feature:radv fields:[('current_owner', 'none'), ('remote_state', 'none'), ('container_id', '')] val:['none', 'none', '']
2025-02-11T02:27:07.406066+00:00 sonic container: read_data: config:False feature:SERVER fields:[('connected', 'false'), ('update_time', '')] val:['false', '']
2025-02-11T02:27:07.406091+00:00 sonic container: container_start: radv: set_owner:local fallback:True remote_state:none server_connected:false
2025-02-11T02:27:07.410322+00:00 sonic containerd[797]: time="2025-02-11T02:27:07.410014509Z" level=info msg="loading plugin \"io.containerd.event.v1.publisher\"..." runtime=io.containerd.runc.v2 type=io.containerd.event.v1
2025-02-11T02:27:07.410389+00:00 sonic containerd[797]: time="2025-02-11T02:27:07.410118783Z" level=info msg="loading plugin \"io.containerd.internal.v1.shutdown\"..." runtime=io.containerd.runc.v2 type=io.containerd.internal.v1
2025-02-11T02:27:07.410408+00:00 sonic containerd[797]: time="2025-02-11T02:27:07.410131758Z" level=info msg="loading plugin \"io.containerd.ttrpc.v1.task\"..." runtime=io.containerd.runc.v2 type=io.containerd.ttrpc.v1
2025-02-11T02:27:07.410443+00:00 sonic containerd[797]: time="2025-02-11T02:27:07.410286165Z" level=info msg="starting signal loop" namespace=moby path=/run/containerd/io.containerd.runtime.v2.task/moby/55704347c3439e301bb722251204a2fb4589d197a55224e416f93ac1e71e89e9 pid=3637 runtime=io.containerd.runc.v2
2025-02-11T02:27:07.410322+00:00 sonic containerd[797]: time="2025-02-11T02:27:07.410014509Z" level=info msg="loading plugin \"io.containerd.event.v1.publisher\"..." runtime=io.containerd.runc.v2 type=io.containerd.event.v1
2025-02-11T02:27:07.410389+00:00 sonic containerd[797]: time="2025-02-11T02:27:07.410118783Z" level=info msg="loading plugin \"io.containerd.internal.v1.shutdown\"..." runtime=io.containerd.runc.v2 type=io.containerd.internal.v1
2025-02-11T02:27:07.410408+00:00 sonic containerd[797]: time="2025-02-11T02:27:07.410131758Z" level=info msg="loading plugin \"io.containerd.ttrpc.v1.task\"..." runtime=io.containerd.runc.v2 type=io.containerd.ttrpc.v1
2025-02-11T02:27:07.410443+00:00 sonic containerd[797]: time="2025-02-11T02:27:07.410286165Z" level=info msg="starting signal loop" namespace=moby path=/run/containerd/io.containerd.runtime.v2.task/moby/55704347c3439e301bb722251204a2fb4589d197a55224e416f93ac1e71e89e9 pid=3637 runtime=io.containerd.runc.v2
2025-02-11T02:27:07.417298+00:00 sonic containerd[797]: time="2025-02-11T02:27:07.417081351Z" level=info msg="loading plugin \"io.containerd.event.v1.publisher\"..." runtime=io.containerd.runc.v2 type=io.containerd.event.v1
2025-02-11T02:27:07.417298+00:00 sonic containerd[797]: time="2025-02-11T02:27:07.417081351Z" level=info msg="loading plugin \"io.containerd.event.v1.publisher\"..." runtime=io.containerd.runc.v2 type=io.containerd.event.v1
2025-02-11T02:27:07.417385+00:00 sonic containerd[797]: time="2025-02-11T02:27:07.417153219Z" level=info msg="loading plugin \"io.containerd.internal.v1.shutdown\"..." runtime=io.containerd.runc.v2 type=io.containerd.internal.v1
2025-02-11T02:27:07.417385+00:00 sonic containerd[797]: time="2025-02-11T02:27:07.417153219Z" level=info msg="loading plugin \"io.containerd.internal.v1.shutdown\"..." runtime=io.containerd.runc.v2 type=io.containerd.internal.v1
2025-02-11T02:27:07.417435+00:00 sonic containerd[797]: time="2025-02-11T02:27:07.417165257Z" level=info msg="loading plugin \"io.containerd.ttrpc.v1.task\"..." runtime=io.containerd.runc.v2 type=io.containerd.ttrpc.v1
2025-02-11T02:27:07.417435+00:00 sonic containerd[797]: time="2025-02-11T02:27:07.417165257Z" level=info msg="loading plugin \"io.containerd.ttrpc.v1.task\"..." runtime=io.containerd.runc.v2 type=io.containerd.ttrpc.v1
2025-02-11T02:27:07.417642+00:00 sonic containerd[797]: time="2025-02-11T02:27:07.417547885Z" level=info msg="starting signal loop" namespace=moby path=/run/containerd/io.containerd.runtime.v2.task/moby/c07da8c2ba003dd7df53aa247c7b56c3ec380e8679d572f6fbf829a5834fe844 pid=3667 runtime=io.containerd.runc.v2
2025-02-11T02:27:07.417642+00:00 sonic containerd[797]: time="2025-02-11T02:27:07.417547885Z" level=info msg="starting signal loop" namespace=moby path=/run/containerd/io.containerd.runtime.v2.task/moby/c07da8c2ba003dd7df53aa247c7b56c3ec380e8679d572f6fbf829a5834fe844 pid=3667 runtime=io.containerd.runc.v2
2025-02-11T02:27:07.474671+00:00 sonic containerd[797]: time="2025-02-11T02:27:07.474244366Z" level=info msg="loading plugin \"io.containerd.event.v1.publisher\"..." runtime=io.containerd.runc.v2 type=io.containerd.event.v1
2025-02-11T02:27:07.474862+00:00 sonic containerd[797]: time="2025-02-11T02:27:07.474324768Z" level=info msg="loading plugin \"io.containerd.internal.v1.shutdown\"..." runtime=io.containerd.runc.v2 type=io.containerd.internal.v1
2025-02-11T02:27:07.474905+00:00 sonic containerd[797]: time="2025-02-11T02:27:07.474336624Z" level=info msg="loading plugin \"io.containerd.ttrpc.v1.task\"..." runtime=io.containerd.runc.v2 type=io.containerd.ttrpc.v1
2025-02-11T02:27:07.474935+00:00 sonic containerd[797]: time="2025-02-11T02:27:07.474451917Z" level=info msg="starting signal loop" namespace=moby path=/run/containerd/io.containerd.runtime.v2.task/moby/3f915813ecf6f9c68833124b00cab5f2d3dffd24a8425ab45f2dbb237035dc06 pid=3723 runtime=io.containerd.runc.v2
2025-02-11T02:27:07.474671+00:00 sonic containerd[797]: time="2025-02-11T02:27:07.474244366Z" level=info msg="loading plugin \"io.containerd.event.v1.publisher\"..." runtime=io.containerd.runc.v2 type=io.containerd.event.v1
2025-02-11T02:27:07.474862+00:00 sonic containerd[797]: time="2025-02-11T02:27:07.474324768Z" level=info msg="loading plugin \"io.containerd.internal.v1.shutdown\"..." runtime=io.containerd.runc.v2 type=io.containerd.internal.v1
2025-02-11T02:27:07.474905+00:00 sonic containerd[797]: time="2025-02-11T02:27:07.474336624Z" level=info msg="loading plugin \"io.containerd.ttrpc.v1.task\"..." runtime=io.containerd.runc.v2 type=io.containerd.ttrpc.v1
2025-02-11T02:27:07.474935+00:00 sonic containerd[797]: time="2025-02-11T02:27:07.474451917Z" level=info msg="starting signal loop" namespace=moby path=/run/containerd/io.containerd.runtime.v2.task/moby/3f915813ecf6f9c68833124b00cab5f2d3dffd24a8425ab45f2dbb237035dc06 pid=3723 runtime=io.containerd.runc.v2
2025-02-11T02:27:07.485860+00:00 sonic containerd[797]: time="2025-02-11T02:27:07.485590115Z" level=info msg="loading plugin \"io.containerd.event.v1.publisher\"..." runtime=io.containerd.runc.v2 type=io.containerd.event.v1
2025-02-11T02:27:07.485928+00:00 sonic containerd[797]: time="2025-02-11T02:27:07.485650433Z" level=info msg="loading plugin \"io.containerd.internal.v1.shutdown\"..." runtime=io.containerd.runc.v2 type=io.containerd.internal.v1
2025-02-11T02:27:07.485947+00:00 sonic containerd[797]: time="2025-02-11T02:27:07.485661816Z" level=info msg="loading plugin \"io.containerd.ttrpc.v1.task\"..." runtime=io.containerd.runc.v2 type=io.containerd.ttrpc.v1
2025-02-11T02:27:07.485860+00:00 sonic containerd[797]: time="2025-02-11T02:27:07.485590115Z" level=info msg="loading plugin \"io.containerd.event.v1.publisher\"..." runtime=io.containerd.runc.v2 type=io.containerd.event.v1
2025-02-11T02:27:07.485928+00:00 sonic containerd[797]: time="2025-02-11T02:27:07.485650433Z" level=info msg="loading plugin \"io.containerd.internal.v1.shutdown\"..." runtime=io.containerd.runc.v2 type=io.containerd.internal.v1
2025-02-11T02:27:07.485947+00:00 sonic containerd[797]: time="2025-02-11T02:27:07.485661816Z" level=info msg="loading plugin \"io.containerd.ttrpc.v1.task\"..." runtime=io.containerd.runc.v2 type=io.containerd.ttrpc.v1
2025-02-11T02:27:07.486443+00:00 sonic containerd[797]: time="2025-02-11T02:27:07.486202738Z" level=info msg="starting signal loop" namespace=moby path=/run/containerd/io.containerd.runtime.v2.task/moby/97454e6e96c66cabef273c43a5911b4bc95f8f70146151d3ed1e7d2239f79fe1 pid=3758 runtime=io.containerd.runc.v2
2025-02-11T02:27:07.486443+00:00 sonic containerd[797]: time="2025-02-11T02:27:07.486202738Z" level=info msg="starting signal loop" namespace=moby path=/run/containerd/io.containerd.runtime.v2.task/moby/97454e6e96c66cabef273c43a5911b4bc95f8f70146151d3ed1e7d2239f79fe1 pid=3758 runtime=io.containerd.runc.v2
2025-02-11T02:27:07.491570+00:00 sonic container: docker cmd: start for macsec2
2025-02-11T02:27:07.491570+00:00 sonic container: docker cmd: start for macsec2
2025-02-11T02:27:07.492293+00:00 sonic container: container_start: END
2025-02-11T02:27:07.492293+00:00 sonic container: container_start: END
2025-02-11T02:27:07.511841+00:00 sonic container: docker cmd: start for macsec1
2025-02-11T02:27:07.511841+00:00 sonic container: docker cmd: start for macsec1
2025-02-11T02:27:07.512245+00:00 sonic container: container_start: END
2025-02-11T02:27:07.512245+00:00 sonic container: container_start: END
2025-02-11T02:27:07.526114+00:00 sonic container: docker cmd: start for macsec3
2025-02-11T02:27:07.526114+00:00 sonic container: docker cmd: start for macsec3
2025-02-11T02:27:07.526397+00:00 sonic container: container_start: END
2025-02-11T02:27:07.526397+00:00 sonic container: container_start: END
2025-02-11T02:27:07.526585+00:00 sonic systemd[1]: system-health.service: Scheduled restart job, restart counter is at 2.
2025-02-11T02:27:07.526585+00:00 sonic systemd[1]: system-health.service: Scheduled restart job, restart counter is at 2.
2025-02-11T02:27:07.526884+00:00 sonic systemd[1]: Stopped system-health.service - SONiC system health monitor.
2025-02-11T02:27:07.526884+00:00 sonic systemd[1]: Stopped system-health.service - SONiC system health monitor.
2025-02-11T02:27:07.530117+00:00 sonic systemd[1]: Started system-health.service - SONiC system health monitor.
2025-02-11T02:27:07.530188+00:00 sonic containerd[797]: time="2025-02-11T02:27:07.529445344Z" level=info msg="loading plugin \"io.containerd.event.v1.publisher\"..." runtime=io.containerd.runc.v2 type=io.containerd.event.v1
2025-02-11T02:27:07.530214+00:00 sonic containerd[797]: time="2025-02-11T02:27:07.529785153Z" level=info msg="loading plugin \"io.containerd.internal.v1.shutdown\"..." runtime=io.containerd.runc.v2 type=io.containerd.internal.v1
2025-02-11T02:27:07.530231+00:00 sonic containerd[797]: time="2025-02-11T02:27:07.529887070Z" level=info msg="loading plugin \"io.containerd.ttrpc.v1.task\"..." runtime=io.containerd.runc.v2 type=io.containerd.ttrpc.v1
2025-02-11T02:27:07.530278+00:00 sonic containerd[797]: time="2025-02-11T02:27:07.530167973Z" level=info msg="starting signal loop" namespace=moby path=/run/containerd/io.containerd.runtime.v2.task/moby/6224009e4b53dc450a78179e996fca9709e214bdc6be6c3ba69b29fcf0e7c755 pid=3800 runtime=io.containerd.runc.v2
2025-02-11T02:27:07.530117+00:00 sonic systemd[1]: Started system-health.service - SONiC system health monitor.
2025-02-11T02:27:07.530188+00:00 sonic containerd[797]: time="2025-02-11T02:27:07.529445344Z" level=info msg="loading plugin \"io.containerd.event.v1.publisher\"..." runtime=io.containerd.runc.v2 type=io.containerd.event.v1
2025-02-11T02:27:07.530214+00:00 sonic containerd[797]: time="2025-02-11T02:27:07.529785153Z" level=info msg="loading plugin \"io.containerd.internal.v1.shutdown\"..." runtime=io.containerd.runc.v2 type=io.containerd.internal.v1
2025-02-11T02:27:07.530231+00:00 sonic containerd[797]: time="2025-02-11T02:27:07.529887070Z" level=info msg="loading plugin \"io.containerd.ttrpc.v1.task\"..." runtime=io.containerd.runc.v2 type=io.containerd.ttrpc.v1
2025-02-11T02:27:07.530278+00:00 sonic containerd[797]: time="2025-02-11T02:27:07.530167973Z" level=info msg="starting signal loop" namespace=moby path=/run/containerd/io.containerd.runtime.v2.task/moby/6224009e4b53dc450a78179e996fca9709e214bdc6be6c3ba69b29fcf0e7c755 pid=3800 runtime=io.containerd.runc.v2
2025-02-11T02:27:07.541724+00:00 sonic root: Started macsec2 service...
2025-02-11T02:27:07.541724+00:00 sonic root: Started macsec2 service...
2025-02-11T02:27:07.546174+00:00 sonic systemd[1]: Started macsec@2.service - macsec container.
2025-02-11T02:27:07.546174+00:00 sonic systemd[1]: Started macsec@2.service - macsec container.
2025-02-11T02:27:07.568047+00:00 sonic root: Started macsec3 service...
2025-02-11T02:27:07.568047+00:00 sonic root: Started macsec3 service...
2025-02-11T02:27:07.573128+00:00 sonic systemd[1]: Started macsec@3.service - macsec container.
2025-02-11T02:27:07.573381+00:00 sonic root: Started macsec1 service...
2025-02-11T02:27:07.573128+00:00 sonic systemd[1]: Started macsec@3.service - macsec container.
2025-02-11T02:27:07.573381+00:00 sonic root: Started macsec1 service...
2025-02-11T02:27:07.579652+00:00 sonic systemd[1]: Started macsec@1.service - macsec container.
2025-02-11T02:27:07.579652+00:00 sonic systemd[1]: Started macsec@1.service - macsec container.
2025-02-11T02:27:07.589581+00:00 sonic root: Fast boot flag: macsec2 false.
2025-02-11T02:27:07.589581+00:00 sonic root: Fast boot flag: macsec2 false.
2025-02-11T02:27:07.594780+00:00 sonic systemd[1]: Finished networking.service - Network initialization.
2025-02-11T02:27:07.594780+00:00 sonic systemd[1]: Finished networking.service - Network initialization.
2025-02-11T02:27:07.598163+00:00 sonic root: Warm boot flag: macsec2 false.
2025-02-11T02:27:07.598163+00:00 sonic root: Warm boot flag: macsec2 false.
2025-02-11T02:27:07.604534+00:00 sonic systemd[1]: Finished interfaces-config.service - Update interfaces configuration.
2025-02-11T02:27:07.604630+00:00 sonic systemd[1]: Starting bgp@0.service - BGP container...
2025-02-11T02:27:07.604761+00:00 sonic systemd[1]: Starting bgp@1.service - BGP container...
2025-02-11T02:27:07.604889+00:00 sonic systemd[1]: Starting bgp@2.service - BGP container...
2025-02-11T02:27:07.604968+00:00 sonic systemd[1]: Starting bgp@3.service - BGP container...
2025-02-11T02:27:07.604534+00:00 sonic systemd[1]: Finished interfaces-config.service - Update interfaces configuration.
2025-02-11T02:27:07.604630+00:00 sonic systemd[1]: Starting bgp@0.service - BGP container...
2025-02-11T02:27:07.604761+00:00 sonic systemd[1]: Starting bgp@1.service - BGP container...
2025-02-11T02:27:07.604889+00:00 sonic systemd[1]: Starting bgp@2.service - BGP container...
2025-02-11T02:27:07.604968+00:00 sonic systemd[1]: Starting bgp@3.service - BGP container...
2025-02-11T02:27:07.607158+00:00 sonic systemd[1]: Starting gbsyncd@0.service - gbsyncd service...
2025-02-11T02:27:07.607158+00:00 sonic systemd[1]: Starting gbsyncd@0.service - gbsyncd service...
2025-02-11T02:27:07.608588+00:00 sonic systemd[1]: Starting gbsyncd@1.service - gbsyncd service...
2025-02-11T02:27:07.608588+00:00 sonic systemd[1]: Starting gbsyncd@1.service - gbsyncd service...
2025-02-11T02:27:07.610095+00:00 sonic systemd[1]: Starting gbsyncd@2.service - gbsyncd service...
2025-02-11T02:27:07.610095+00:00 sonic systemd[1]: Starting gbsyncd@2.service - gbsyncd service...
2025-02-11T02:27:07.617597+00:00 sonic systemd[1]: Starting gbsyncd@3.service - gbsyncd service...
2025-02-11T02:27:07.617688+00:00 sonic systemd[1]: Starting rsyslog-config.service - Update rsyslog configuration...
2025-02-11T02:27:07.617597+00:00 sonic systemd[1]: Starting gbsyncd@3.service - gbsyncd service...
2025-02-11T02:27:07.617688+00:00 sonic systemd[1]: Starting rsyslog-config.service - Update rsyslog configuration...
2025-02-11T02:27:07.621629+00:00 sonic admin: Starting bgp2 service...
2025-02-11T02:27:07.621629+00:00 sonic admin: Starting bgp2 service...
2025-02-11T02:27:07.621921+00:00 sonic admin: Starting bgp0 service...
2025-02-11T02:27:07.621921+00:00 sonic admin: Starting bgp0 service...
2025-02-11T02:27:07.633668+00:00 sonic admin: Starting bgp3 service...
2025-02-11T02:27:07.633740+00:00 sonic container: docker cmd: start for eventd
2025-02-11T02:27:07.633668+00:00 sonic admin: Starting bgp3 service...
2025-02-11T02:27:07.633740+00:00 sonic container: docker cmd: start for eventd
2025-02-11T02:27:07.633775+00:00 sonic container: container_start: END
2025-02-11T02:27:07.633870+00:00 sonic root: Fast boot flag: macsec3 false.
2025-02-11T02:27:07.633775+00:00 sonic container: container_start: END
2025-02-11T02:27:07.633870+00:00 sonic root: Fast boot flag: macsec3 false.
2025-02-11T02:27:07.651180+00:00 sonic admin: Starting bgp1 service...
2025-02-11T02:27:07.651180+00:00 sonic admin: Starting bgp1 service...
2025-02-11T02:27:07.659603+00:00 sonic container: docker cmd: start for macsec0
2025-02-11T02:27:07.659603+00:00 sonic container: docker cmd: start for macsec0
2025-02-11T02:27:07.660324+00:00 sonic root: Warm boot flag: macsec3 false.
2025-02-11T02:27:07.660324+00:00 sonic root: Warm boot flag: macsec3 false.
2025-02-11T02:27:07.660782+00:00 sonic container: container_start: END
2025-02-11T02:27:07.660782+00:00 sonic container: container_start: END
2025-02-11T02:27:07.669328+00:00 sonic root: Fast boot flag: macsec1 false.
2025-02-11T02:27:07.669328+00:00 sonic root: Fast boot flag: macsec1 false.
2025-02-11T02:27:07.703121+00:00 sonic root: Warm boot flag: macsec1 false.
2025-02-11T02:27:07.703211+00:00 sonic systemd[1]: Started eventd.service - EVENTD container.
2025-02-11T02:27:07.703121+00:00 sonic root: Warm boot flag: macsec1 false.
2025-02-11T02:27:07.703211+00:00 sonic systemd[1]: Started eventd.service - EVENTD container.
2025-02-11T02:27:07.708405+00:00 sonic admin: Warm boot flag: bgp2 false.
2025-02-11T02:27:07.708405+00:00 sonic admin: Warm boot flag: bgp2 false.
2025-02-11T02:27:07.721062+00:00 sonic container: docker cmd: start for radv
2025-02-11T02:27:07.721062+00:00 sonic container: docker cmd: start for radv
2025-02-11T02:27:07.721526+00:00 sonic container: container_start: END
2025-02-11T02:27:07.721526+00:00 sonic container: container_start: END
2025-02-11T02:27:07.724640+00:00 sonic admin: Fast boot flag: bgp2 .
2025-02-11T02:27:07.724640+00:00 sonic admin: Fast boot flag: bgp2 .
2025-02-11T02:27:07.733445+00:00 sonic admin: Warm boot flag: bgp3 false.
2025-02-11T02:27:07.733445+00:00 sonic admin: Warm boot flag: bgp3 false.
2025-02-11T02:27:07.785898+00:00 sonic admin: Warm boot flag: bgp1 false.
2025-02-11T02:27:07.786019+00:00 sonic admin: Fast boot flag: bgp3 .
2025-02-11T02:27:07.785898+00:00 sonic admin: Warm boot flag: bgp1 false.
2025-02-11T02:27:07.786019+00:00 sonic admin: Fast boot flag: bgp3 .
2025-02-11T02:27:07.796277+00:00 sonic admin: Started radv service...
2025-02-11T02:27:07.796277+00:00 sonic admin: Started radv service...
2025-02-11T02:27:07.821435+00:00 sonic root: Started macsec0 service...
2025-02-11T02:27:07.821435+00:00 sonic root: Started macsec0 service...
2025-02-11T02:27:07.823096+00:00 sonic admin: Fast boot flag: bgp1 .
2025-02-11T02:27:07.823236+00:00 sonic systemd[1]: Started radv.service - Router advertiser container.
2025-02-11T02:27:07.823364+00:00 sonic admin: Warm boot flag: bgp0 false.
2025-02-11T02:27:07.823096+00:00 sonic admin: Fast boot flag: bgp1 .
2025-02-11T02:27:07.823236+00:00 sonic systemd[1]: Started radv.service - Router advertiser container.
2025-02-11T02:27:07.823364+00:00 sonic admin: Warm boot flag: bgp0 false.
2025-02-11T02:27:07.826922+00:00 sonic systemd[1]: Started macsec@0.service - macsec container.
2025-02-11T02:27:07.826922+00:00 sonic systemd[1]: Started macsec@0.service - macsec container.
2025-02-11T02:27:07.835921+00:00 sonic admin: Fast boot flag: bgp0 .
2025-02-11T02:27:07.835921+00:00 sonic admin: Fast boot flag: bgp0 .
2025-02-11T02:27:07.970341+00:00 sonic healthd[3818]: Starting up...
2025-02-11T02:27:07.970437+00:00 sonic healthd[3818]: sonic_platform package not installed. Cannot start system-health daemon
2025-02-11T02:27:07.970341+00:00 sonic healthd[3818]: Starting up...
2025-02-11T02:27:07.970437+00:00 sonic healthd[3818]: sonic_platform package not installed. Cannot start system-health daemon
2025-02-11T02:27:07.977869+00:00 sonic healthd[3818]: Traceback (most recent call last):
2025-02-11T02:27:07.977955+00:00 sonic healthd[3818]:   File "/usr/local/bin/healthd", line 128, in <module>
2025-02-11T02:27:07.978006+00:00 sonic healthd[3818]:     main()
2025-02-11T02:27:07.978037+00:00 sonic healthd[3818]:   File "/usr/local/bin/healthd", line 124, in main
2025-02-11T02:27:07.978067+00:00 sonic healthd[3818]:     health_monitor.run()
2025-02-11T02:27:07.978108+00:00 sonic healthd[3818]:   File "/usr/local/bin/healthd", line 92, in run
2025-02-11T02:27:07.978138+00:00 sonic healthd[3818]:     sysmon.task_stop()
2025-02-11T02:27:07.978166+00:00 sonic healthd[3818]:     ^^^^^^
2025-02-11T02:27:07.978194+00:00 sonic healthd[3818]: UnboundLocalError: cannot access local variable 'sysmon' where it is not associated with a value
2025-02-11T02:27:07.977869+00:00 sonic healthd[3818]: Traceback (most recent call last):
2025-02-11T02:27:07.977955+00:00 sonic healthd[3818]:   File "/usr/local/bin/healthd", line 128, in <module>
2025-02-11T02:27:07.978006+00:00 sonic healthd[3818]:     main()
2025-02-11T02:27:07.978037+00:00 sonic healthd[3818]:   File "/usr/local/bin/healthd", line 124, in main
2025-02-11T02:27:07.978067+00:00 sonic healthd[3818]:     health_monitor.run()
2025-02-11T02:27:07.978108+00:00 sonic healthd[3818]:   File "/usr/local/bin/healthd", line 92, in run
2025-02-11T02:27:07.978138+00:00 sonic healthd[3818]:     sysmon.task_stop()
2025-02-11T02:27:07.978166+00:00 sonic healthd[3818]:     ^^^^^^
2025-02-11T02:27:07.978194+00:00 sonic healthd[3818]: UnboundLocalError: cannot access local variable 'sysmon' where it is not associated with a value
2025-02-11T02:27:08.016143+00:00 sonic root: Fast boot flag: macsec0 false.
2025-02-11T02:27:08.016143+00:00 sonic root: Fast boot flag: macsec0 false.
2025-02-11T02:27:08.034367+00:00 sonic systemd[1]: system-health.service: Main process exited, code=exited, status=1/FAILURE
2025-02-11T02:27:08.034457+00:00 sonic systemd[1]: system-health.service: Failed with result 'exit-code'.
2025-02-11T02:27:08.034367+00:00 sonic systemd[1]: system-health.service: Main process exited, code=exited, status=1/FAILURE
2025-02-11T02:27:08.034457+00:00 sonic systemd[1]: system-health.service: Failed with result 'exit-code'.
2025-02-11T02:27:08.043448+00:00 sonic root: Warm boot flag: macsec0 false.
2025-02-11T02:27:08.043448+00:00 sonic root: Warm boot flag: macsec0 false.
2025-02-11T02:27:08.084154+00:00 sonic container: container_wait: BEGIN
2025-02-11T02:27:08.084154+00:00 sonic container: container_wait: BEGIN
2025-02-11T02:27:08.094238+00:00 sonic container: read_data: config:True feature:eventd fields:[('set_owner', 'local'), ('no_fallback_to_local', False), ('state', 'disabled')] val:['local', False, 'disabled']
2025-02-11T02:27:08.094238+00:00 sonic container: read_data: config:True feature:eventd fields:[('set_owner', 'local'), ('no_fallback_to_local', False), ('state', 'disabled')] val:['local', False, 'disabled']
2025-02-11T02:27:08.097812+00:00 sonic container: read_data: config:False feature:eventd fields:[('current_owner', 'none'), ('remote_state', 'none'), ('container_id', '')] val:['none', 'none', '']
2025-02-11T02:27:08.097812+00:00 sonic container: read_data: config:False feature:eventd fields:[('current_owner', 'none'), ('remote_state', 'none'), ('container_id', '')] val:['none', 'none', '']
2025-02-11T02:27:08.134669+00:00 sonic container: docker get image version for eventd
2025-02-11T02:27:08.134771+00:00 sonic container: container_wait: eventd: set_owner:local ct_owner:none state:none id:eventd pend=0
2025-02-11T02:27:08.134811+00:00 sonic container: container_wait: END -- transitioning to docker wait
2025-02-11T02:27:08.134669+00:00 sonic container: docker get image version for eventd
2025-02-11T02:27:08.134771+00:00 sonic container: container_wait: eventd: set_owner:local ct_owner:none state:none id:eventd pend=0
2025-02-11T02:27:08.134811+00:00 sonic container: container_wait: END -- transitioning to docker wait
2025-02-11T02:27:08.255730+00:00 sonic systemd[1]: system-health.service: Scheduled restart job, restart counter is at 3.
2025-02-11T02:27:08.255730+00:00 sonic systemd[1]: system-health.service: Scheduled restart job, restart counter is at 3.
2025-02-11T02:27:08.256341+00:00 sonic systemd[1]: Stopped system-health.service - SONiC system health monitor.
2025-02-11T02:27:08.256341+00:00 sonic systemd[1]: Stopped system-health.service - SONiC system health monitor.
2025-02-11T02:27:08.274282+00:00 sonic systemd[1]: Started system-health.service - SONiC system health monitor.
2025-02-11T02:27:08.274282+00:00 sonic systemd[1]: Started system-health.service - SONiC system health monitor.
2025 Feb 11 02:27:08.275814 sonic INFO systemd[1]: Stopping rsyslog.service - System Logging Service...
2025 Feb 11 02:27:08.276176 sonic INFO rsyslogd: [origin software="rsyslogd" swVersion="8.2302.0" x-pid="783" x-info="https://www.rsyslog.com"] exiting on signal 15.
2025 Feb 11 02:27:08.454728 sonic DEBUG container: container_wait: BEGIN
2025 Feb 11 02:27:08.455763 sonic DEBUG container: read_data: config:True feature:radv fields:[('set_owner', 'local'), ('no_fallback_to_local', False), ('state', 'disabled')] val:['local', False, 'disabled']
2025 Feb 11 02:27:08.456579 sonic DEBUG container: read_data: config:False feature:radv fields:[('current_owner', 'none'), ('remote_state', 'none'), ('container_id', '')] val:['none', 'none', '']
2025 Feb 11 02:27:08.501343 sonic INFO container: docker get image version for radv
2025 Feb 11 02:27:08.501469 sonic DEBUG container: container_wait: radv: set_owner:local ct_owner:none state:none id:radv pend=0
2025 Feb 11 02:27:08.501573 sonic DEBUG container: container_wait: END -- transitioning to docker wait
2025 Feb 11 02:27:08.528275 sonic NOTICE root: Starting gbsyncd2 service...
2025 Feb 11 02:27:08.541958 sonic NOTICE root: Starting gbsyncd1 service...
2025 Feb 11 02:27:08.542113 sonic NOTICE root: Starting gbsyncd3 service...
2025 Feb 11 02:27:08.542210 sonic NOTICE root: Starting gbsyncd0 service...
2025 Feb 11 02:27:08.562015 sonic NOTICE root: Locking /tmp/swss-gbsyncd-lock2 from gbsyncd2 service
2025 Feb 11 02:27:08.562160 sonic NOTICE root: Locking /tmp/swss-gbsyncd-lock1 from gbsyncd1 service
2025 Feb 11 02:27:08.562253 sonic NOTICE root: Locking /tmp/swss-gbsyncd-lock0 from gbsyncd0 service
2025 Feb 11 02:27:08.562335 sonic NOTICE root: Locking /tmp/swss-gbsyncd-lock3 from gbsyncd3 service
2025 Feb 11 02:27:08.569688 sonic NOTICE root: Locked /tmp/swss-gbsyncd-lock1 (10) from gbsyncd1 service
2025 Feb 11 02:27:08.583477 sonic NOTICE root: Locked /tmp/swss-gbsyncd-lock3 (10) from gbsyncd3 service
2025 Feb 11 02:27:08.591224 sonic NOTICE root: Locked /tmp/swss-gbsyncd-lock2 (10) from gbsyncd2 service
2025 Feb 11 02:27:08.592201 sonic INFO bgp.sh[3972]: Warning: Failed to get device ID from asic.conf file for asic2
2025 Feb 11 02:27:08.596864 sonic NOTICE root: Locked /tmp/swss-gbsyncd-lock0 (10) from gbsyncd0 service
2025 Feb 11 02:27:08.645932 sonic DEBUG container: container_wait: BEGIN
2025 Feb 11 02:27:08.646007 sonic DEBUG container: read_data: config:True feature:macsec3 fields:[('set_owner', 'local'), ('no_fallback_to_local', False), ('state', 'disabled')] val:['local', False, 'disabled']
2025 Feb 11 02:27:08.647587 sonic INFO procdockerstatsd[3072]: Traceback (most recent call last):
2025 Feb 11 02:27:08.647627 sonic INFO procdockerstatsd[3072]:   File "/usr/local/lib/python3.11/dist-packages/psutil/_pslinux.py", line 1716, in wrapper
2025 Feb 11 02:27:08.647647 sonic INFO procdockerstatsd[3072]:     return fun(self, *args, **kwargs)
2025 Feb 11 02:27:08.647669 sonic INFO procdockerstatsd[3072]:            ^^^^^^^^^^^^^^^^^^^^^^^^^^
2025 Feb 11 02:27:08.647686 sonic INFO procdockerstatsd[3072]:   File "/usr/local/lib/python3.11/dist-packages/psutil/_common.py", line 508, in wrapper
2025 Feb 11 02:27:08.647702 sonic INFO procdockerstatsd[3072]:     raise raise_from(err, None)
2025 Feb 11 02:27:08.647719 sonic INFO procdockerstatsd[3072]:           ^^^^^^^^^^^^^^^^^^^^^
2025 Feb 11 02:27:08.647737 sonic INFO procdockerstatsd[3072]:   File "<string>", line 3, in raise_from
2025 Feb 11 02:27:08.647753 sonic INFO procdockerstatsd[3072]:   File "/usr/local/lib/python3.11/dist-packages/psutil/_common.py", line 506, in wrapper
2025 Feb 11 02:27:08.647768 sonic INFO procdockerstatsd[3072]:     return fun(self)
2025 Feb 11 02:27:08.647784 sonic INFO procdockerstatsd[3072]:            ^^^^^^^^^
2025 Feb 11 02:27:08.647799 sonic INFO procdockerstatsd[3072]:   File "/usr/local/lib/python3.11/dist-packages/psutil/_pslinux.py", line 1784, in _parse_stat_file
2025 Feb 11 02:27:08.647815 sonic INFO procdockerstatsd[3072]:     data = bcat("%s/%s/stat" % (self._procfs_path, self.pid))
2025 Feb 11 02:27:08.647856 sonic INFO procdockerstatsd[3072]:            ^^^^^^^^^^^^^^^^^^^^^^^^^^^^^^^^^^^^^^^^^^^^^^^^^^
2025 Feb 11 02:27:08.648487 sonic INFO procdockerstatsd[3072]:   File "/usr/local/lib/python3.11/dist-packages/psutil/_common.py", line 851, in bcat
2025 Feb 11 02:27:08.648537 sonic INFO procdockerstatsd[3072]:     return cat(fname, fallback=fallback, _open=open_binary)
2025 Feb 11 02:27:08.648554 sonic INFO procdockerstatsd[3072]:            ^^^^^^^^^^^^^^^^^^^^^^^^^^^^^^^^^^^^^^^^^^^^^^^^
2025 Feb 11 02:27:08.648570 sonic INFO procdockerstatsd[3072]:   File "/usr/local/lib/python3.11/dist-packages/psutil/_common.py", line 839, in cat
2025 Feb 11 02:27:08.648585 sonic INFO procdockerstatsd[3072]:     with _open(fname) as f:
2025 Feb 11 02:27:08.648601 sonic INFO procdockerstatsd[3072]:          ^^^^^^^^^^^^
2025 Feb 11 02:27:08.648617 sonic INFO procdockerstatsd[3072]:   File "/usr/local/lib/python3.11/dist-packages/psutil/_common.py", line 799, in open_binary
2025 Feb 11 02:27:08.648636 sonic INFO procdockerstatsd[3072]:     return open(fname, "rb", buffering=FILE_READ_BUFFER_SIZE)
2025 Feb 11 02:27:08.648652 sonic INFO procdockerstatsd[3072]:            ^^^^^^^^^^^^^^^^^^^^^^^^^^^^^^^^^^^^^^^^^^^^^^^^^^
2025 Feb 11 02:27:08.648672 sonic INFO procdockerstatsd[3072]: FileNotFoundError: [Errno 2] No such file or directory: '/proc/821/stat'
2025 Feb 11 02:27:08.648688 sonic INFO procdockerstatsd[3072]: During handling of the above exception, another exception occurred:
2025 Feb 11 02:27:08.648706 sonic INFO procdockerstatsd[3072]: Traceback (most recent call last):
2025 Feb 11 02:27:08.648722 sonic INFO procdockerstatsd[3072]:   File "/usr/local/bin/procdockerstatsd", line 267, in <module>
2025 Feb 11 02:27:08.648736 sonic INFO procdockerstatsd[3072]:     main()
2025 Feb 11 02:27:08.648752 sonic INFO procdockerstatsd[3072]:   File "/usr/local/bin/procdockerstatsd", line 263, in main
2025 Feb 11 02:27:08.648767 sonic INFO procdockerstatsd[3072]:     pd.run()
2025 Feb 11 02:27:08.648782 sonic INFO procdockerstatsd[3072]:   File "/usr/local/bin/procdockerstatsd", line 245, in run
2025 Feb 11 02:27:08.648797 sonic INFO procdockerstatsd[3072]:     self.update_processstats_command()
2025 Feb 11 02:27:08.648812 sonic INFO procdockerstatsd[3072]:   File "/usr/local/bin/procdockerstatsd", line 146, in update_processstats_command
2025 Feb 11 02:27:08.648845 sonic INFO procdockerstatsd[3072]:     sorted_processes = sorted(processes_all, key=lambda x: x.cpu_percent(), reverse=True)
2025 Feb 11 02:27:08.648861 sonic INFO procdockerstatsd[3072]:                        ^^^^^^^^^^^^^^^^^^^^^^^^^^^^^^^^^^^^^^^^^^^^^^^^^^^^^^^^^^^^^^^^^^
2025 Feb 11 02:27:08.648893 sonic DEBUG container: read_data: config:False feature:macsec3 fields:[('current_owner', 'none'), ('remote_state', 'none'), ('container_id', '')] val:['none', 'none', '']
2025 Feb 11 02:27:08.648931 sonic INFO procdockerstatsd[3072]:   File "/usr/local/bin/procdockerstatsd", line 146, in <lambda>
2025 Feb 11 02:27:08.648947 sonic INFO procdockerstatsd[3072]:     sorted_processes = sorted(processes_all, key=lambda x: x.cpu_percent(), reverse=True)
2025 Feb 11 02:27:08.648962 sonic INFO procdockerstatsd[3072]:                                                            ^^^^^^^^^^^^^^^
2025 Feb 11 02:27:08.648977 sonic INFO procdockerstatsd[3072]:   File "/usr/local/lib/python3.11/dist-packages/psutil/__init__.py", line 1069, in cpu_percent
2025 Feb 11 02:27:08.648995 sonic INFO procdockerstatsd[3072]:     pt2 = self._proc.cpu_times()
2025 Feb 11 02:27:08.649012 sonic INFO procdockerstatsd[3072]:           ^^^^^^^^^^^^^^^^^^^^^^
2025 Feb 11 02:27:08.649027 sonic INFO procdockerstatsd[3072]:   File "/usr/local/lib/python3.11/dist-packages/psutil/_pslinux.py", line 1716, in wrapper
2025 Feb 11 02:27:08.649042 sonic INFO procdockerstatsd[3072]:     return fun(self, *args, **kwargs)
2025 Feb 11 02:27:08.649060 sonic INFO procdockerstatsd[3072]:            ^^^^^^^^^^^^^^^^^^^^^^^^^^
2025 Feb 11 02:27:08.649075 sonic INFO procdockerstatsd[3072]:   File "/usr/local/lib/python3.11/dist-packages/psutil/_pslinux.py", line 1938, in cpu_times
2025 Feb 11 02:27:08.649094 sonic INFO procdockerstatsd[3072]:     values = self._parse_stat_file()
2025 Feb 11 02:27:08.649109 sonic INFO procdockerstatsd[3072]:              ^^^^^^^^^^^^^^^^^^^^^^^
2025 Feb 11 02:27:08.649124 sonic INFO procdockerstatsd[3072]:   File "/usr/local/lib/python3.11/dist-packages/psutil/_pslinux.py", line 1730, in wrapper
2025 Feb 11 02:27:08.649140 sonic INFO procdockerstatsd[3072]:     raise NoSuchProcess(self.pid, self._name)
2025 Feb 11 02:27:08.649156 sonic INFO procdockerstatsd[3072]: psutil.NoSuchProcess: process no longer exists (pid=821)
2025 Feb 11 02:27:08.649177 sonic INFO container: docker get image version for macsec3
2025 Feb 11 02:27:08.649200 sonic DEBUG container: container_wait: macsec3: set_owner:local ct_owner:none state:none id:macsec3 pend=0
2025 Feb 11 02:27:08.649222 sonic DEBUG container: container_wait: END -- transitioning to docker wait
2025 Feb 11 02:27:08.649426 sonic DEBUG container: container_wait: BEGIN
2025 Feb 11 02:27:08.658096 sonic DEBUG container: read_data: config:True feature:macsec2 fields:[('set_owner', 'local'), ('no_fallback_to_local', False), ('state', 'disabled')] val:['local', False, 'disabled']
2025 Feb 11 02:27:08.666667 sonic NOTICE systemd[1]: procdockerstatsd.service: Main process exited, code=exited, status=1/FAILURE
2025 Feb 11 02:27:08.666735 sonic DEBUG container: read_data: config:False feature:macsec2 fields:[('current_owner', 'none'), ('remote_state', 'none'), ('container_id', '')] val:['none', 'none', '']
2025 Feb 11 02:27:08.666770 sonic WARNING systemd[1]: procdockerstatsd.service: Failed with result 'exit-code'.
2025 Feb 11 02:27:08.668644 sonic INFO bgp.sh[4001]: Warning: Failed to get device ID from asic.conf file for asic1
2025 Feb 11 02:27:08.678956 sonic NOTICE healthd[4035]: Starting up...
2025 Feb 11 02:27:08.679045 sonic WARNING healthd[4035]: sonic_platform package not installed. Cannot start system-health daemon
2025 Feb 11 02:27:08.679104 sonic INFO healthd[4035]: Traceback (most recent call last):
2025 Feb 11 02:27:08.679138 sonic INFO healthd[4035]:   File "/usr/local/bin/healthd", line 128, in <module>
2025 Feb 11 02:27:08.679168 sonic INFO healthd[4035]:     main()
2025 Feb 11 02:27:08.679207 sonic INFO healthd[4035]:   File "/usr/local/bin/healthd", line 124, in main
2025 Feb 11 02:27:08.679237 sonic INFO healthd[4035]:     health_monitor.run()
2025 Feb 11 02:27:08.679268 sonic INFO healthd[4035]:   File "/usr/local/bin/healthd", line 92, in run
2025 Feb 11 02:27:08.679306 sonic INFO healthd[4035]:     sysmon.task_stop()
2025 Feb 11 02:27:08.679334 sonic INFO healthd[4035]:     ^^^^^^
2025 Feb 11 02:27:08.679365 sonic INFO healthd[4035]: UnboundLocalError: cannot access local variable 'sysmon' where it is not associated with a value
2025 Feb 11 02:27:08.701654 sonic INFO bgp.sh[4002]: Warning: Failed to get device ID from asic.conf file for asic3
2025 Feb 11 02:27:08.702874 sonic INFO bgp.sh[4009]: Warning: Failed to get device ID from asic.conf file for asic0
2025 Feb 11 02:27:08.708638 sonic INFO container: docker get image version for macsec2
2025 Feb 11 02:27:08.709226 sonic DEBUG container: container_wait: macsec2: set_owner:local ct_owner:none state:none id:macsec2 pend=0
2025 Feb 11 02:27:08.710805 sonic DEBUG container: container_wait: END -- transitioning to docker wait
2025 Feb 11 02:27:08.725784 sonic NOTICE systemd[1]: system-health.service: Main process exited, code=exited, status=1/FAILURE
2025 Feb 11 02:27:08.725882 sonic WARNING systemd[1]: system-health.service: Failed with result 'exit-code'.
2025 Feb 11 02:27:08.733058 sonic DEBUG container: container_wait: BEGIN
2025 Feb 11 02:27:08.735161 sonic DEBUG container: read_data: config:True feature:macsec1 fields:[('set_owner', 'local'), ('no_fallback_to_local', False), ('state', 'disabled')] val:['local', False, 'disabled']
2025 Feb 11 02:27:08.735558 sonic DEBUG container: read_data: config:False feature:macsec1 fields:[('current_owner', 'none'), ('remote_state', 'none'), ('container_id', '')] val:['none', 'none', '']
2025 Feb 11 02:27:08.753369 sonic INFO container: docker get image version for macsec1
2025 Feb 11 02:27:08.753956 sonic DEBUG container: container_wait: macsec1: set_owner:local ct_owner:none state:none id:macsec1 pend=0
2025 Feb 11 02:27:08.754421 sonic DEBUG container: container_wait: END -- transitioning to docker wait
2025 Feb 11 02:27:08.776775 sonic INFO systemd[1]: procdockerstatsd.service: Scheduled restart job, restart counter is at 1.
2025 Feb 11 02:27:08.777516 sonic INFO systemd[1]: Stopped procdockerstatsd.service - Process and docker CPU/memory utilization data export daemon.
2025 Feb 11 02:27:08.814558 sonic INFO systemd[1]: Started procdockerstatsd.service - Process and docker CPU/memory utilization data export daemon.
2025 Feb 11 02:27:08.833669 sonic INFO systemd[1]: rsyslog.service: Deactivated successfully.
2025 Feb 11 02:27:08.833735 sonic INFO systemd[1]: Stopped rsyslog.service - System Logging Service.
2025 Feb 11 02:27:08.833769 sonic INFO systemd[1]: system-health.service: Scheduled restart job, restart counter is at 4.
2025 Feb 11 02:27:08.833807 sonic INFO systemd[1]: Starting rsyslog.service - System Logging Service...
2025 Feb 11 02:27:08.833861 sonic INFO systemd[1]: Stopped system-health.service - SONiC system health monitor.
2025 Feb 11 02:27:08.835006 sonic INFO systemd[1]: Started system-health.service - SONiC system health monitor.
2025 Feb 11 02:27:08.848050 sonic INFO systemd[1]: Started rsyslog.service - System Logging Service.
2025 Feb 11 02:27:08.850438 sonic INFO systemd[1]: Finished rsyslog-config.service - Update rsyslog configuration.
2025 Feb 11 02:27:08.850988 sonic INFO rsyslogd: imuxsock: Acquired UNIX socket '/run/systemd/journal/syslog' (fd 3) from systemd.  [v8.2302.0]
2025 Feb 11 02:27:08.851036 sonic INFO rsyslogd: [origin software="rsyslogd" swVersion="8.2302.0" x-pid="4265" x-info="https://www.rsyslog.com"] start
2025 Feb 11 02:27:08.894792 sonic DEBUG container: container_wait: BEGIN
2025 Feb 11 02:27:08.895928 sonic DEBUG container: read_data: config:True feature:macsec0 fields:[('set_owner', 'local'), ('no_fallback_to_local', False), ('state', 'disabled')] val:['local', False, 'disabled']
2025 Feb 11 02:27:08.896706 sonic DEBUG container: read_data: config:False feature:macsec0 fields:[('current_owner', 'none'), ('remote_state', 'none'), ('container_id', '')] val:['none', 'none', '']
2025 Feb 11 02:27:08.911960 sonic INFO container: docker get image version for macsec0
2025 Feb 11 02:27:08.912469 sonic DEBUG container: container_wait: macsec0: set_owner:local ct_owner:none state:none id:macsec0 pend=0
2025 Feb 11 02:27:08.912748 sonic DEBUG container: container_wait: END -- transitioning to docker wait
2025 Feb 11 02:27:08.938904 sonic INFO bgp.sh[4208]: Traceback (most recent call last):
2025 Feb 11 02:27:08.939202 sonic INFO bgp.sh[4208]:   File "/usr/local/bin/sonic-cfggen", line 517, in <module>
2025 Feb 11 02:27:08.939581 sonic INFO bgp.sh[4208]:     main()
2025 Feb 11 02:27:08.939782 sonic INFO bgp.sh[4208]:   File "/usr/local/bin/sonic-cfggen", line 490, in main
2025 Feb 11 02:27:08.940163 sonic INFO bgp.sh[4208]:     print(template.render(data))
2025 Feb 11 02:27:08.940369 sonic INFO bgp.sh[4208]:           ^^^^^^^^^^^^^^^^^^^^^
2025 Feb 11 02:27:08.940494 sonic INFO bgp.sh[4208]:   File "/usr/lib/python3/dist-packages/jinja2/environment.py", line 1301, in render
2025 Feb 11 02:27:08.940968 sonic INFO bgp.sh[4208]:     self.environment.handle_exception()
2025 Feb 11 02:27:08.941149 sonic INFO bgp.sh[4208]:   File "/usr/lib/python3/dist-packages/jinja2/environment.py", line 936, in handle_exception
2025 Feb 11 02:27:08.941813 sonic INFO bgp.sh[4208]:     raise rewrite_traceback_stack(source=source)
2025 Feb 11 02:27:08.941976 sonic INFO bgp.sh[4208]:   File "<template>", line 1, in top-level template code
2025 Feb 11 02:27:08.942147 sonic INFO bgp.sh[4208]:   File "/usr/lib/python3/dist-packages/jinja2/environment.py", line 466, in getitem
2025 Feb 11 02:27:08.942442 sonic INFO bgp.sh[4208]:     return obj[argument]
2025 Feb 11 02:27:08.942614 sonic INFO bgp.sh[4208]:            ~~~^^^^^^^^^^
2025 Feb 11 02:27:08.942763 sonic INFO bgp.sh[4208]: jinja2.exceptions.UndefinedError: 'DEVICE_METADATA' is undefined
2025 Feb 11 02:27:08.991378 sonic INFO bgp.sh[4264]: Traceback (most recent call last):
2025 Feb 11 02:27:08.991460 sonic INFO bgp.sh[4264]:   File "/usr/local/bin/sonic-cfggen", line 517, in <module>
2025 Feb 11 02:27:08.991516 sonic INFO bgp.sh[4264]:     main()
2025 Feb 11 02:27:08.991547 sonic INFO bgp.sh[4264]:   File "/usr/local/bin/sonic-cfggen", line 490, in main
2025 Feb 11 02:27:08.991576 sonic INFO bgp.sh[4264]:     print(template.render(data))
2025 Feb 11 02:27:08.991605 sonic INFO bgp.sh[4264]:           ^^^^^^^^^^^^^^^^^^^^^
2025 Feb 11 02:27:08.991635 sonic INFO bgp.sh[4264]:   File "/usr/lib/python3/dist-packages/jinja2/environment.py", line 1301, in render
2025 Feb 11 02:27:08.991664 sonic INFO bgp.sh[4264]:     self.environment.handle_exception()
2025 Feb 11 02:27:08.991692 sonic INFO bgp.sh[4264]:   File "/usr/lib/python3/dist-packages/jinja2/environment.py", line 936, in handle_exception
2025 Feb 11 02:27:08.991734 sonic INFO bgp.sh[4264]:     raise rewrite_traceback_stack(source=source)
2025 Feb 11 02:27:08.991764 sonic INFO bgp.sh[4264]:   File "<template>", line 1, in top-level template code
2025 Feb 11 02:27:08.991793 sonic INFO bgp.sh[4264]:   File "/usr/lib/python3/dist-packages/jinja2/environment.py", line 466, in getitem
2025 Feb 11 02:27:08.991859 sonic INFO bgp.sh[4264]:     return obj[argument]
2025 Feb 11 02:27:08.991891 sonic INFO bgp.sh[4264]:            ~~~^^^^^^^^^^
2025 Feb 11 02:27:08.991921 sonic INFO bgp.sh[4264]: jinja2.exceptions.UndefinedError: 'DEVICE_METADATA' is undefined
2025 Feb 11 02:27:09.004480 sonic INFO bgp.sh[3962]: Creating new bgp2 container with HWSKU
2025 Feb 11 02:27:09.005536 sonic INFO bgp.sh[4244]: Traceback (most recent call last):
2025 Feb 11 02:27:09.005606 sonic INFO bgp.sh[4244]:   File "/usr/local/bin/sonic-cfggen", line 517, in <module>
2025 Feb 11 02:27:09.005657 sonic INFO bgp.sh[4244]:     main()
2025 Feb 11 02:27:09.005689 sonic INFO bgp.sh[4244]:   File "/usr/local/bin/sonic-cfggen", line 490, in main
2025 Feb 11 02:27:09.005719 sonic INFO bgp.sh[4244]:     print(template.render(data))
2025 Feb 11 02:27:09.005759 sonic INFO bgp.sh[4244]:           ^^^^^^^^^^^^^^^^^^^^^
2025 Feb 11 02:27:09.005790 sonic INFO bgp.sh[4244]:   File "/usr/lib/python3/dist-packages/jinja2/environment.py", line 1301, in render
2025 Feb 11 02:27:09.006050 sonic INFO bgp.sh[4244]:     self.environment.handle_exception()
2025 Feb 11 02:27:09.006105 sonic INFO bgp.sh[4244]:   File "/usr/lib/python3/dist-packages/jinja2/environment.py", line 936, in handle_exception
2025 Feb 11 02:27:09.006351 sonic INFO bgp.sh[4244]:     raise rewrite_traceback_stack(source=source)
2025 Feb 11 02:27:09.006399 sonic INFO bgp.sh[4244]:   File "<template>", line 1, in top-level template code
2025 Feb 11 02:27:09.006433 sonic INFO bgp.sh[4244]:   File "/usr/lib/python3/dist-packages/jinja2/environment.py", line 466, in getitem
2025 Feb 11 02:27:09.006574 sonic INFO bgp.sh[4244]:     return obj[argument]
2025 Feb 11 02:27:09.006612 sonic INFO bgp.sh[4244]:            ~~~^^^^^^^^^^
2025 Feb 11 02:27:09.006645 sonic INFO bgp.sh[4244]: jinja2.exceptions.UndefinedError: 'DEVICE_METADATA' is undefined
2025 Feb 11 02:27:09.030492 sonic INFO bgp.sh[4248]: Traceback (most recent call last):
2025 Feb 11 02:27:09.030608 sonic INFO bgp.sh[4248]:   File "/usr/local/bin/sonic-cfggen", line 517, in <module>
2025 Feb 11 02:27:09.030689 sonic INFO bgp.sh[4248]:     main()
2025 Feb 11 02:27:09.030739 sonic INFO bgp.sh[4248]:   File "/usr/local/bin/sonic-cfggen", line 490, in main
2025 Feb 11 02:27:09.030797 sonic INFO bgp.sh[4248]:     print(template.render(data))
2025 Feb 11 02:27:09.030858 sonic INFO bgp.sh[4248]:           ^^^^^^^^^^^^^^^^^^^^^
2025 Feb 11 02:27:09.030893 sonic INFO bgp.sh[4248]:   File "/usr/lib/python3/dist-packages/jinja2/environment.py", line 1301, in render
2025 Feb 11 02:27:09.030927 sonic INFO bgp.sh[4248]:     self.environment.handle_exception()
2025 Feb 11 02:27:09.030973 sonic INFO bgp.sh[4248]:   File "/usr/lib/python3/dist-packages/jinja2/environment.py", line 936, in handle_exception
2025 Feb 11 02:27:09.031019 sonic INFO bgp.sh[4248]:     raise rewrite_traceback_stack(source=source)
2025 Feb 11 02:27:09.031066 sonic INFO bgp.sh[4248]:   File "<template>", line 1, in top-level template code
2025 Feb 11 02:27:09.031104 sonic INFO bgp.sh[4248]:   File "/usr/lib/python3/dist-packages/jinja2/environment.py", line 466, in getitem
2025 Feb 11 02:27:09.031145 sonic INFO bgp.sh[4248]:     return obj[argument]
2025 Feb 11 02:27:09.031183 sonic INFO bgp.sh[4248]:            ~~~^^^^^^^^^^
2025 Feb 11 02:27:09.031226 sonic INFO bgp.sh[4248]: jinja2.exceptions.UndefinedError: 'DEVICE_METADATA' is undefined
2025 Feb 11 02:27:09.038255 sonic INFO bgp.sh[3983]: Creating new bgp3 container with HWSKU
2025 Feb 11 02:27:09.038652 sonic INFO bgp.sh[4327]: mkdir: cannot create directory ‘/etc/sonic/frr/2’: Permission denied
2025 Feb 11 02:27:09.044435 sonic INFO bgp.sh[4329]: cp: cannot stat '/etc/sonic/frr/*.conf': Permission denied
2025 Feb 11 02:27:09.059700 sonic INFO bgp.sh[3991]: Creating new bgp1 container with HWSKU
2025 Feb 11 02:27:09.072225 sonic INFO bgp.sh[4357]: mkdir: cannot create directory ‘/etc/sonic/frr/3’: Permission denied
2025 Feb 11 02:27:09.073621 sonic INFO systemd[1]: var-lib-docker-overlay2-0748cd37c445564ace9596e789589fb105240899a8baedb901a9c6b69b3a7231\x2dinit-merged.mount: Deactivated successfully.
2025 Feb 11 02:27:09.075202 sonic INFO bgp.sh[4358]: cp: cannot stat '/etc/sonic/frr/*.conf': Permission denied
2025 Feb 11 02:27:09.114761 sonic INFO bgp.sh[4004]: Creating new bgp0 container with HWSKU
2025 Feb 11 02:27:09.122897 sonic INFO bgp.sh[4374]: mkdir: cannot create directory ‘/etc/sonic/frr/1’: Permission denied
2025 Feb 11 02:27:09.124666 sonic INFO systemd[1]: var-lib-docker-overlay2-6828b9f39e198bdf0e0249af8b76d9c5183ccb188dda44813ed136ad9b71f6e8\x2dinit-merged.mount: Deactivated successfully.
2025 Feb 11 02:27:09.124946 sonic INFO bgp.sh[4376]: cp: cannot stat '/etc/sonic/frr/*.conf': Permission denied
2025 Feb 11 02:27:09.147503 sonic INFO bgp.sh[4389]: mkdir: cannot create directory ‘/etc/sonic/frr/0’: Permission denied
2025 Feb 11 02:27:09.149606 sonic INFO bgp.sh[4390]: cp: cannot stat '/etc/sonic/frr/*.conf': Permission denied
2025 Feb 11 02:27:09.212933 sonic NOTICE healthd[4266]: Starting up...
2025 Feb 11 02:27:09.213022 sonic WARNING healthd[4266]: sonic_platform package not installed. Cannot start system-health daemon
2025 Feb 11 02:27:09.213067 sonic INFO healthd[4266]: Traceback (most recent call last):
2025 Feb 11 02:27:09.213101 sonic INFO healthd[4266]:   File "/usr/local/bin/healthd", line 128, in <module>
2025 Feb 11 02:27:09.213119 sonic INFO healthd[4266]:     main()
2025 Feb 11 02:27:09.213143 sonic INFO healthd[4266]:   File "/usr/local/bin/healthd", line 124, in main
2025 Feb 11 02:27:09.213167 sonic INFO healthd[4266]:     health_monitor.run()
2025 Feb 11 02:27:09.213199 sonic INFO healthd[4266]:   File "/usr/local/bin/healthd", line 92, in run
2025 Feb 11 02:27:09.213229 sonic INFO healthd[4266]:     sysmon.task_stop()
2025 Feb 11 02:27:09.213244 sonic INFO healthd[4266]:     ^^^^^^
2025 Feb 11 02:27:09.213260 sonic INFO healthd[4266]: UnboundLocalError: cannot access local variable 'sysmon' where it is not associated with a value
2025 Feb 11 02:27:09.252923 sonic NOTICE systemd[1]: system-health.service: Main process exited, code=exited, status=1/FAILURE
2025 Feb 11 02:27:09.253049 sonic WARNING systemd[1]: system-health.service: Failed with result 'exit-code'.
2025 Feb 11 02:27:09.312223 sonic INFO containerd[797]: time="2025-02-11T02:27:09.311862466Z" level=info msg="shim disconnected" id=6224009e4b53dc450a78179e996fca9709e214bdc6be6c3ba69b29fcf0e7c755
2025 Feb 11 02:27:09.312479 sonic INFO dockerd[868]: time="2025-02-11T02:27:09.311871866Z" level=info msg="ignoring event" container=6224009e4b53dc450a78179e996fca9709e214bdc6be6c3ba69b29fcf0e7c755 module=libcontainerd namespace=moby topic=/tasks/delete type="*events.TaskDelete"
2025 Feb 11 02:27:09.312530 sonic INFO containerd[797]: time="2025-02-11T02:27:09.311938362Z" level=warning msg="cleaning up after shim disconnected" id=6224009e4b53dc450a78179e996fca9709e214bdc6be6c3ba69b29fcf0e7c755 namespace=moby
2025 Feb 11 02:27:09.312549 sonic INFO containerd[797]: time="2025-02-11T02:27:09.311950861Z" level=info msg="cleaning up dead shim"
2025 Feb 11 02:27:09.328413 sonic INFO containerd[797]: time="2025-02-11T02:27:09.327869139Z" level=warning msg="cleanup warnings time=\"2025-02-11T02:27:09Z\" level=info msg=\"starting signal loop\" namespace=moby pid=4406 runtime=io.containerd.runc.v2\n"
2025 Feb 11 02:27:09.440890 sonic INFO bgp.sh[4377]: 8b10481bc6edd3ba0c1cde8c9b090cd1c3f42bcc794ed40c1054739c34c157d2
2025 Feb 11 02:27:09.441462 sonic INFO bgp.sh[4359]: bdbd4b542cc4a59f5adc492ea21e1a0c80789684f1adebcb7b12a646b5a58da6
2025 Feb 11 02:27:09.442043 sonic INFO bgp.sh[4335]: 20b073bccde4058e8d421127abeef6580df8e538fe45287fe932a41a53e33b4c
2025 Feb 11 02:27:09.442101 sonic INFO container: docker cmd: wait for radv
2025 Feb 11 02:27:09.442270 sonic INFO bgp.sh[4391]: 161b7c50570a08ae00e0cf99118fab94e3c2220673761e6a34da8f9249c35f50
2025 Feb 11 02:27:09.511790 sonic INFO systemd[1]: system-health.service: Scheduled restart job, restart counter is at 5.
2025 Feb 11 02:27:09.512157 sonic INFO systemd[1]: Stopped system-health.service - SONiC system health monitor.
2025 Feb 11 02:27:09.512249 sonic WARNING systemd[1]: system-health.service: Start request repeated too quickly.
2025 Feb 11 02:27:09.512328 sonic WARNING systemd[1]: system-health.service: Failed with result 'exit-code'.
2025 Feb 11 02:27:09.512511 sonic ERR systemd[1]: Failed to start system-health.service - SONiC system health monitor.
2025 Feb 11 02:27:09.520664 sonic NOTICE admin: Stopping radv service...
2025 Feb 11 02:27:09.571698 sonic NOTICE admin: DEVICE_SUBTYPE: , CONFIG_KNOB:
2025 Feb 11 02:27:09.575380 sonic NOTICE admin: Warm boot flag: radv false.
2025 Feb 11 02:27:09.577973 sonic NOTICE admin: Fast boot flag: radv false.
2025 Feb 11 02:27:09.603438 sonic INFO radv.sh[4475]: container stop radv - No such container: radv
2025 Feb 11 02:27:09.606156 sonic NOTICE admin: Stopped radv service...
2025 Feb 11 02:27:09.607082 sonic INFO systemd[1]: radv.service: Deactivated successfully.
2025 Feb 11 02:27:09.745681 sonic WARNING kernel: [   23.155952] overlayfs: upperdir is in-use as upperdir/workdir of another mount, accessing files from both mounts will result in undefined behavior.
2025 Feb 11 02:27:09.745769 sonic WARNING kernel: [   23.155959] overlayfs: workdir is in-use as upperdir/workdir of another mount, accessing files from both mounts will result in undefined behavior.
2025 Feb 11 02:27:09.757582 sonic WARNING kernel: [   23.165701] overlayfs: upperdir is in-use as upperdir/workdir of another mount, accessing files from both mounts will result in undefined behavior.
2025 Feb 11 02:27:09.757679 sonic WARNING kernel: [   23.165709] overlayfs: workdir is in-use as upperdir/workdir of another mount, accessing files from both mounts will result in undefined behavior.
2025 Feb 11 02:27:10.074080 sonic INFO systemd[1]: var-lib-docker-overlay2-f1ecf838a8c1dc5f0033f3eaaf2b3e59308184af584b775d023814a272ff3270\x2dinit-merged.mount: Deactivated successfully.
2025 Feb 11 02:27:10.074244 sonic INFO systemd[1]: var-lib-docker-overlay2-45371f656dd8bdc78cba448f9952daeca270a65ed82ff6b4fcc34d97f6c75739-merged.mount: Deactivated successfully.
2025 Feb 11 02:27:10.107003 sonic DEBUG container: container_start: BEGIN
2025 Feb 11 02:27:10.107354 sonic DEBUG container: container_start: BEGIN
2025 Feb 11 02:27:10.107712 sonic DEBUG container: read_data: config:True feature:bgp3 fields:[('set_owner', 'local'), ('no_fallback_to_local', False), ('state', 'disabled')] val:['local', False, 'disabled']
2025 Feb 11 02:27:10.108260 sonic DEBUG container: read_data: config:True feature:bgp0 fields:[('set_owner', 'local'), ('no_fallback_to_local', False), ('state', 'disabled')] val:['local', False, 'disabled']
2025 Feb 11 02:27:10.108650 sonic DEBUG container: read_data: config:False feature:bgp3 fields:[('current_owner', 'none'), ('remote_state', 'none'), ('container_id', '')] val:['none', 'none', '']
2025 Feb 11 02:27:10.108782 sonic DEBUG container: read_data: config:False feature:bgp0 fields:[('current_owner', 'none'), ('remote_state', 'none'), ('container_id', '')] val:['none', 'none', '']
2025 Feb 11 02:27:10.109277 sonic DEBUG container: read_data: config:False feature:SERVER fields:[('connected', 'false'), ('update_time', '')] val:['false', '']
2025 Feb 11 02:27:10.109463 sonic DEBUG container: read_data: config:False feature:SERVER fields:[('connected', 'false'), ('update_time', '')] val:['false', '']
2025 Feb 11 02:27:10.109563 sonic DEBUG container: container_start: bgp3: set_owner:local fallback:True remote_state:none server_connected:false
2025 Feb 11 02:27:10.109673 sonic DEBUG container: container_start: bgp0: set_owner:local fallback:True remote_state:none server_connected:false
2025 Feb 11 02:27:10.112745 sonic DEBUG container: container_start: BEGIN
2025 Feb 11 02:27:10.114118 sonic DEBUG container: read_data: config:True feature:bgp1 fields:[('set_owner', 'local'), ('no_fallback_to_local', False), ('state', 'disabled')] val:['local', False, 'disabled']
2025 Feb 11 02:27:10.114983 sonic DEBUG container: read_data: config:False feature:bgp1 fields:[('current_owner', 'none'), ('remote_state', 'none'), ('container_id', '')] val:['none', 'none', '']
2025 Feb 11 02:27:10.115747 sonic DEBUG container: read_data: config:False feature:SERVER fields:[('connected', 'false'), ('update_time', '')] val:['false', '']
2025 Feb 11 02:27:10.116114 sonic DEBUG container: container_start: bgp1: set_owner:local fallback:True remote_state:none server_connected:false
2025 Feb 11 02:27:10.148717 sonic DEBUG container: container_start: BEGIN
2025 Feb 11 02:27:10.149971 sonic DEBUG container: read_data: config:True feature:bgp2 fields:[('set_owner', 'local'), ('no_fallback_to_local', False), ('state', 'disabled')] val:['local', False, 'disabled']
2025 Feb 11 02:27:10.150590 sonic DEBUG container: read_data: config:False feature:bgp2 fields:[('current_owner', 'none'), ('remote_state', 'none'), ('container_id', '')] val:['none', 'none', '']
2025 Feb 11 02:27:10.151125 sonic DEBUG container: read_data: config:False feature:SERVER fields:[('connected', 'false'), ('update_time', '')] val:['false', '']
2025 Feb 11 02:27:10.151383 sonic DEBUG container: container_start: bgp2: set_owner:local fallback:True remote_state:none server_connected:false
2025 Feb 11 02:27:10.196260 sonic INFO containerd[797]: time="2025-02-11T02:27:10.195866360Z" level=info msg="loading plugin \"io.containerd.event.v1.publisher\"..." runtime=io.containerd.runc.v2 type=io.containerd.event.v1
2025 Feb 11 02:27:10.196429 sonic INFO containerd[797]: time="2025-02-11T02:27:10.195955087Z" level=info msg="loading plugin \"io.containerd.internal.v1.shutdown\"..." runtime=io.containerd.runc.v2 type=io.containerd.internal.v1
2025 Feb 11 02:27:10.196457 sonic INFO containerd[797]: time="2025-02-11T02:27:10.195968163Z" level=info msg="loading plugin \"io.containerd.ttrpc.v1.task\"..." runtime=io.containerd.runc.v2 type=io.containerd.ttrpc.v1
2025 Feb 11 02:27:10.196523 sonic INFO containerd[797]: time="2025-02-11T02:27:10.196137285Z" level=info msg="starting signal loop" namespace=moby path=/run/containerd/io.containerd.runtime.v2.task/moby/bdbd4b542cc4a59f5adc492ea21e1a0c80789684f1adebcb7b12a646b5a58da6 pid=4588 runtime=io.containerd.runc.v2
2025 Feb 11 02:27:10.231855 sonic INFO containerd[797]: time="2025-02-11T02:27:10.231627158Z" level=info msg="loading plugin \"io.containerd.event.v1.publisher\"..." runtime=io.containerd.runc.v2 type=io.containerd.event.v1
2025 Feb 11 02:27:10.232049 sonic INFO containerd[797]: time="2025-02-11T02:27:10.231744515Z" level=info msg="loading plugin \"io.containerd.internal.v1.shutdown\"..." runtime=io.containerd.runc.v2 type=io.containerd.internal.v1
2025 Feb 11 02:27:10.232091 sonic INFO containerd[797]: time="2025-02-11T02:27:10.231795023Z" level=info msg="loading plugin \"io.containerd.ttrpc.v1.task\"..." runtime=io.containerd.runc.v2 type=io.containerd.ttrpc.v1
2025 Feb 11 02:27:10.232185 sonic INFO containerd[797]: time="2025-02-11T02:27:10.232098735Z" level=info msg="starting signal loop" namespace=moby path=/run/containerd/io.containerd.runtime.v2.task/moby/8b10481bc6edd3ba0c1cde8c9b090cd1c3f42bcc794ed40c1054739c34c157d2 pid=4632 runtime=io.containerd.runc.v2
2025 Feb 11 02:27:10.232268 sonic INFO containerd[797]: time="2025-02-11T02:27:10.231934614Z" level=info msg="loading plugin \"io.containerd.event.v1.publisher\"..." runtime=io.containerd.runc.v2 type=io.containerd.event.v1
2025 Feb 11 02:27:10.232333 sonic INFO containerd[797]: time="2025-02-11T02:27:10.231986531Z" level=info msg="loading plugin \"io.containerd.internal.v1.shutdown\"..." runtime=io.containerd.runc.v2 type=io.containerd.internal.v1
2025 Feb 11 02:27:10.232362 sonic INFO containerd[797]: time="2025-02-11T02:27:10.231998089Z" level=info msg="loading plugin \"io.containerd.ttrpc.v1.task\"..." runtime=io.containerd.runc.v2 type=io.containerd.ttrpc.v1
2025 Feb 11 02:27:10.232755 sonic INFO containerd[797]: time="2025-02-11T02:27:10.232378444Z" level=info msg="starting signal loop" namespace=moby path=/run/containerd/io.containerd.runtime.v2.task/moby/20b073bccde4058e8d421127abeef6580df8e538fe45287fe932a41a53e33b4c pid=4633 runtime=io.containerd.runc.v2
2025 Feb 11 02:27:10.233545 sonic INFO containerd[797]: time="2025-02-11T02:27:10.233416045Z" level=info msg="loading plugin \"io.containerd.event.v1.publisher\"..." runtime=io.containerd.runc.v2 type=io.containerd.event.v1
2025 Feb 11 02:27:10.233689 sonic INFO containerd[797]: time="2025-02-11T02:27:10.233502288Z" level=info msg="loading plugin \"io.containerd.internal.v1.shutdown\"..." runtime=io.containerd.runc.v2 type=io.containerd.internal.v1
2025 Feb 11 02:27:10.233753 sonic INFO containerd[797]: time="2025-02-11T02:27:10.233517102Z" level=info msg="loading plugin \"io.containerd.ttrpc.v1.task\"..." runtime=io.containerd.runc.v2 type=io.containerd.ttrpc.v1
2025 Feb 11 02:27:10.234447 sonic INFO containerd[797]: time="2025-02-11T02:27:10.233884780Z" level=info msg="starting signal loop" namespace=moby path=/run/containerd/io.containerd.runtime.v2.task/moby/161b7c50570a08ae00e0cf99118fab94e3c2220673761e6a34da8f9249c35f50 pid=4638 runtime=io.containerd.runc.v2
2025 Feb 11 02:27:10.332211 sonic INFO container: docker cmd: start for bgp3
2025 Feb 11 02:27:10.341791 sonic INFO container: docker cmd: start for bgp1
2025 Feb 11 02:27:10.341972 sonic DEBUG container: container_start: END
2025 Feb 11 02:27:10.342008 sonic INFO container: docker cmd: start for bgp2
2025 Feb 11 02:27:10.342055 sonic INFO container: docker cmd: start for bgp0
2025 Feb 11 02:27:10.342099 sonic DEBUG container: container_start: END
2025 Feb 11 02:27:10.342153 sonic DEBUG container: message repeated 2 times: [ container_start: END]
2025 Feb 11 02:27:10.383599 sonic NOTICE admin: Started bgp2 service...
2025 Feb 11 02:27:10.422092 sonic NOTICE admin: Started bgp1 service...
2025 Feb 11 02:27:10.422329 sonic NOTICE admin: Started bgp0 service...
2025 Feb 11 02:27:10.422503 sonic INFO systemd[1]: Started bgp@2.service - BGP container.
2025 Feb 11 02:27:10.422601 sonic NOTICE admin: Started bgp3 service...
2025 Feb 11 02:27:10.425032 sonic INFO systemd[1]: Started bgp@0.service - BGP container.
2025 Feb 11 02:27:10.426596 sonic INFO systemd[1]: Started bgp@1.service - BGP container.
2025 Feb 11 02:27:10.428026 sonic INFO systemd[1]: Started bgp@3.service - BGP container.
2025 Feb 11 02:27:10.718534 sonic DEBUG container: container_wait: BEGIN
2025 Feb 11 02:27:10.719602 sonic DEBUG container: read_data: config:True feature:bgp0 fields:[('set_owner', 'local'), ('no_fallback_to_local', False), ('state', 'disabled')] val:['local', False, 'disabled']
2025 Feb 11 02:27:10.720249 sonic DEBUG container: read_data: config:False feature:bgp0 fields:[('current_owner', 'none'), ('remote_state', 'none'), ('container_id', '')] val:['none', 'none', '']
2025 Feb 11 02:27:10.736166 sonic INFO container: docker get image version for bgp0
2025 Feb 11 02:27:10.736774 sonic DEBUG container: container_wait: bgp0: set_owner:local ct_owner:none state:none id:bgp0 pend=0
2025 Feb 11 02:27:10.737155 sonic DEBUG container: container_wait: END -- transitioning to docker wait
2025 Feb 11 02:27:10.762711 sonic DEBUG container: container_wait: BEGIN
2025 Feb 11 02:27:10.763620 sonic DEBUG container: read_data: config:True feature:bgp3 fields:[('set_owner', 'local'), ('no_fallback_to_local', False), ('state', 'disabled')] val:['local', False, 'disabled']
2025 Feb 11 02:27:10.764181 sonic DEBUG container: read_data: config:False feature:bgp3 fields:[('current_owner', 'none'), ('remote_state', 'none'), ('container_id', '')] val:['none', 'none', '']
2025 Feb 11 02:27:10.777973 sonic DEBUG container: container_wait: BEGIN
2025 Feb 11 02:27:10.778956 sonic DEBUG container: read_data: config:True feature:bgp1 fields:[('set_owner', 'local'), ('no_fallback_to_local', False), ('state', 'disabled')] val:['local', False, 'disabled']
2025 Feb 11 02:27:10.779509 sonic DEBUG container: read_data: config:False feature:bgp1 fields:[('current_owner', 'none'), ('remote_state', 'none'), ('container_id', '')] val:['none', 'none', '']
2025 Feb 11 02:27:10.781737 sonic INFO container: docker get image version for bgp3
2025 Feb 11 02:27:10.782390 sonic DEBUG container: container_wait: bgp3: set_owner:local ct_owner:none state:none id:bgp3 pend=0
2025 Feb 11 02:27:10.782805 sonic DEBUG container: container_wait: END -- transitioning to docker wait
2025 Feb 11 02:27:10.792956 sonic INFO container: docker get image version for bgp1
2025 Feb 11 02:27:10.793412 sonic DEBUG container: container_wait: bgp1: set_owner:local ct_owner:none state:none id:bgp1 pend=0
2025 Feb 11 02:27:10.793884 sonic DEBUG container: container_wait: END -- transitioning to docker wait
2025 Feb 11 02:27:10.815063 sonic DEBUG container: container_wait: BEGIN
2025 Feb 11 02:27:10.816092 sonic DEBUG container: read_data: config:True feature:bgp2 fields:[('set_owner', 'local'), ('no_fallback_to_local', False), ('state', 'disabled')] val:['local', False, 'disabled']
2025 Feb 11 02:27:10.816802 sonic DEBUG container: read_data: config:False feature:bgp2 fields:[('current_owner', 'none'), ('remote_state', 'none'), ('container_id', '')] val:['none', 'none', '']
2025 Feb 11 02:27:10.835532 sonic INFO container: docker get image version for bgp2
2025 Feb 11 02:27:10.836150 sonic DEBUG container: container_wait: bgp2: set_owner:local ct_owner:none state:none id:bgp2 pend=0
2025 Feb 11 02:27:10.836582 sonic DEBUG container: container_wait: END -- transitioning to docker wait
2025 Feb 11 02:27:36.030276 sonic INFO systemd[1]: caclmgrd.service: Scheduled restart job, restart counter is at 1.
2025 Feb 11 02:27:36.030584 sonic INFO systemd[1]: Stopped caclmgrd.service - Control Plane ACL configuration daemon.
2025 Feb 11 02:27:36.082829 sonic INFO systemd[1]: Started caclmgrd.service - Control Plane ACL configuration daemon.
2025 Feb 11 02:27:36.187425 sonic INFO caclmgrd[5456]: Traceback (most recent call last):
2025 Feb 11 02:27:36.187530 sonic INFO caclmgrd[5456]:   File "/usr/local/bin/caclmgrd", line 1146, in <module>
2025 Feb 11 02:27:36.187587 sonic INFO caclmgrd[5456]:     main()
2025 Feb 11 02:27:36.187642 sonic INFO caclmgrd[5456]:   File "/usr/local/bin/caclmgrd", line 1137, in main
2025 Feb 11 02:27:36.187689 sonic INFO caclmgrd[5456]:     caclmgr = ControlPlaneAclManager(SYSLOG_IDENTIFIER)
2025 Feb 11 02:27:36.187730 sonic INFO caclmgrd[5456]:               ^^^^^^^^^^^^^^^^^^^^^^^^^^^^^^^^^^^^^^^^^
2025 Feb 11 02:27:36.187779 sonic INFO caclmgrd[5456]:   File "/usr/local/bin/caclmgrd", line 156, in __init__
2025 Feb 11 02:27:36.187836 sonic INFO caclmgrd[5456]:     if 'subtype' in metadata['localhost'] and metadata['localhost']['subtype'] == 'DualToR':
2025 Feb 11 02:27:36.187895 sonic INFO caclmgrd[5456]:                     ~~~~~~~~^^^^^^^^^^^^^
2025 Feb 11 02:27:36.187923 sonic INFO caclmgrd[5456]: KeyError: 'localhost'
2025 Feb 11 02:27:36.198428 sonic NOTICE systemd[1]: caclmgrd.service: Main process exited, code=exited, status=1/FAILURE
2025 Feb 11 02:27:36.198546 sonic WARNING systemd[1]: caclmgrd.service: Failed with result 'exit-code'.
2025 Feb 11 02:28:06.278687 sonic INFO systemd[1]: caclmgrd.service: Scheduled restart job, restart counter is at 2.
2025 Feb 11 02:28:06.278898 sonic INFO systemd[1]: Stopped caclmgrd.service - Control Plane ACL configuration daemon.
2025 Feb 11 02:28:06.311335 sonic INFO systemd[1]: Started caclmgrd.service - Control Plane ACL configuration daemon.
2025 Feb 11 02:28:06.434025 sonic INFO caclmgrd[5772]: Traceback (most recent call last):
2025 Feb 11 02:28:06.434112 sonic INFO caclmgrd[5772]:   File "/usr/local/bin/caclmgrd", line 1146, in <module>
2025 Feb 11 02:28:06.434147 sonic INFO caclmgrd[5772]:     main()
2025 Feb 11 02:28:06.434163 sonic INFO caclmgrd[5772]:   File "/usr/local/bin/caclmgrd", line 1137, in main
2025 Feb 11 02:28:06.434179 sonic INFO caclmgrd[5772]:     caclmgr = ControlPlaneAclManager(SYSLOG_IDENTIFIER)
2025 Feb 11 02:28:06.434194 sonic INFO caclmgrd[5772]:               ^^^^^^^^^^^^^^^^^^^^^^^^^^^^^^^^^^^^^^^^^
2025 Feb 11 02:28:06.434211 sonic INFO caclmgrd[5772]:   File "/usr/local/bin/caclmgrd", line 156, in __init__
2025 Feb 11 02:28:06.434233 sonic INFO caclmgrd[5772]:     if 'subtype' in metadata['localhost'] and metadata['localhost']['subtype'] == 'DualToR':
2025 Feb 11 02:28:06.434257 sonic INFO caclmgrd[5772]:                     ~~~~~~~~^^^^^^^^^^^^^
2025 Feb 11 02:28:06.434272 sonic INFO caclmgrd[5772]: KeyError: 'localhost'
2025 Feb 11 02:28:06.449098 sonic NOTICE systemd[1]: caclmgrd.service: Main process exited, code=exited, status=1/FAILURE
2025 Feb 11 02:28:06.449281 sonic WARNING systemd[1]: caclmgrd.service: Failed with result 'exit-code'.
2025 Feb 11 02:28:28.306388 sonic INFO systemd[1]: Started featured.service - Feature configuration daemon.
2025 Feb 11 02:28:28.308256 sonic INFO systemd[1]: Started hostcfgd.service - Host config enforcer daemon.
2025 Feb 11 02:28:28.310141 sonic INFO systemd[1]: Started aaastatsd.service - AAA Statistics Collection daemon.
2025 Feb 11 02:28:28.315839 sonic INFO systemd[1]: Starting rasdaemon.service - RAS daemon to log the RAS events...
2025 Feb 11 02:28:28.426135 sonic INFO aaastatsd: ConfigDB connect success
2025 Feb 11 02:28:28.426365 sonic INFO aaastatsd: CountersDB connect success
2025 Feb 11 02:28:28.428130 sonic INFO aaastatsd: RADIUS Stats File Monitor started
2025 Feb 11 02:28:28.471374 sonic INFO featured: ConfigDB connect success
2025 Feb 11 02:28:28.475422 sonic INFO featured[6003]: Traceback (most recent call last):
2025 Feb 11 02:28:28.475473 sonic INFO featured[6003]:   File "/usr/local/bin/featured", line 598, in <module>
2025 Feb 11 02:28:28.475580 sonic INFO featured[6003]:     main()
2025 Feb 11 02:28:28.475619 sonic INFO featured[6003]:   File "/usr/local/bin/featured", line 591, in main
2025 Feb 11 02:28:28.475768 sonic INFO featured[6003]:     daemon = FeatureDaemon()
2025 Feb 11 02:28:28.475802 sonic INFO featured[6003]:              ^^^^^^^^^^^^^^^
2025 Feb 11 02:28:28.475823 sonic INFO featured[6003]:   File "/usr/local/bin/featured", line 529, in __init__
2025 Feb 11 02:28:28.475888 sonic INFO featured[6003]:     self.feature_handler = FeatureHandler(self.config_db, feature_state_table, self.device_config, self.advanced_boot)
2025 Feb 11 02:28:28.475955 sonic INFO featured[6003]:                            ^^^^^^^^^^^^^^^^^^^^^^^^^^^^^^^^^^^^^^^^^^^^^^^^^^^^^^^^^^^^^^^^^^^^^^^^^^^^^^^^^^^^^^^^^^^
2025 Feb 11 02:28:28.475987 sonic INFO featured[6003]:   File "/usr/local/bin/featured", line 136, in __init__
2025 Feb 11 02:28:28.476019 sonic INFO featured[6003]:     self._device_running_config = device_info.get_device_runtime_metadata()
2025 Feb 11 02:28:28.476049 sonic INFO featured[6003]:                                   ^^^^^^^^^^^^^^^^^^^^^^^^^^^^^^^^^^^^^^^^^
2025 Feb 11 02:28:28.476074 sonic INFO featured[6003]:   File "/usr/local/lib/python3.11/dist-packages/sonic_py_common/device_info.py", line 680, in get_device_runtime_metadata
2025 Feb 11 02:28:28.476152 sonic INFO featured[6003]:     port_metadata = {'ETHERNET_PORTS_PRESENT': True if get_path_to_port_config_file(hwsku=None, asic="0" if is_multi_npu() else None) else False}
2025 Feb 11 02:28:28.476190 sonic INFO featured[6003]:                                                        ^^^^^^^^^^^^^^^^^^^^^^^^^^^^^^^^^^^^^^^^^^^^^^^^^^^^^^^^^^^^^^^^^^^^^^^^^^^^^^
2025 Feb 11 02:28:28.476206 sonic INFO featured[6003]:   File "/usr/local/lib/python3.11/dist-packages/sonic_py_common/device_info.py", line 446, in get_path_to_port_config_file
2025 Feb 11 02:28:28.476280 sonic INFO featured[6003]:     (platform_path, hwsku_path) = get_paths_to_platform_and_hwsku_dirs()
2025 Feb 11 02:28:28.476312 sonic INFO featured[6003]:                                   ^^^^^^^^^^^^^^^^^^^^^^^^^^^^^^^^^^^^^^
2025 Feb 11 02:28:28.476336 sonic INFO featured[6003]:   File "/usr/local/lib/python3.11/dist-packages/sonic_py_common/device_info.py", line 412, in get_paths_to_platform_and_hwsku_dirs
2025 Feb 11 02:28:28.476388 sonic INFO featured[6003]:     hwsku_path = os.path.join(platform_path, hwsku)
2025 Feb 11 02:28:28.476424 sonic INFO featured[6003]:                  ^^^^^^^^^^^^^^^^^^^^^^^^^^^^^^^^^^
2025 Feb 11 02:28:28.476450 sonic INFO featured[6003]:   File "<frozen posixpath>", line 90, in join
2025 Feb 11 02:28:28.476474 sonic INFO featured[6003]:   File "<frozen genericpath>", line 152, in _check_arg_types
2025 Feb 11 02:28:28.476497 sonic INFO featured[6003]: TypeError: join() argument must be str, bytes, or os.PathLike object, not 'NoneType'
2025 Feb 11 02:28:28.495809 sonic NOTICE systemd[1]: featured.service: Main process exited, code=exited, status=1/FAILURE
2025 Feb 11 02:28:28.496035 sonic WARNING systemd[1]: featured.service: Failed with result 'exit-code'.
2025 Feb 11 02:28:28.530957 sonic INFO systemd[1]: Started featured.service - Feature configuration daemon.
2025 Feb 11 02:28:28.661020 sonic INFO featured: ConfigDB connect success
2025 Feb 11 02:28:28.665053 sonic INFO featured[6015]: Traceback (most recent call last):
2025 Feb 11 02:28:28.665125 sonic INFO featured[6015]:   File "/usr/local/bin/featured", line 598, in <module>
2025 Feb 11 02:28:28.665208 sonic INFO featured[6015]:     main()
2025 Feb 11 02:28:28.665262 sonic INFO featured[6015]:   File "/usr/local/bin/featured", line 591, in main
2025 Feb 11 02:28:28.665377 sonic INFO featured[6015]:     daemon = FeatureDaemon()
2025 Feb 11 02:28:28.665414 sonic INFO featured[6015]:              ^^^^^^^^^^^^^^^
2025 Feb 11 02:28:28.665434 sonic INFO featured[6015]:   File "/usr/local/bin/featured", line 529, in __init__
2025 Feb 11 02:28:28.665520 sonic INFO featured[6015]:     self.feature_handler = FeatureHandler(self.config_db, feature_state_table, self.device_config, self.advanced_boot)
2025 Feb 11 02:28:28.665612 sonic INFO featured[6015]:                            ^^^^^^^^^^^^^^^^^^^^^^^^^^^^^^^^^^^^^^^^^^^^^^^^^^^^^^^^^^^^^^^^^^^^^^^^^^^^^^^^^^^^^^^^^^^
2025 Feb 11 02:28:28.665658 sonic INFO featured[6015]:   File "/usr/local/bin/featured", line 136, in __init__
2025 Feb 11 02:28:28.665734 sonic INFO featured[6015]:     self._device_running_config = device_info.get_device_runtime_metadata()
2025 Feb 11 02:28:28.665778 sonic INFO featured[6015]:                                   ^^^^^^^^^^^^^^^^^^^^^^^^^^^^^^^^^^^^^^^^^
2025 Feb 11 02:28:28.665821 sonic INFO featured[6015]:   File "/usr/local/lib/python3.11/dist-packages/sonic_py_common/device_info.py", line 680, in get_device_runtime_metadata
2025 Feb 11 02:28:28.665876 sonic INFO featured[6015]:     port_metadata = {'ETHERNET_PORTS_PRESENT': True if get_path_to_port_config_file(hwsku=None, asic="0" if is_multi_npu() else None) else False}
2025 Feb 11 02:28:28.665926 sonic INFO featured[6015]:                                                        ^^^^^^^^^^^^^^^^^^^^^^^^^^^^^^^^^^^^^^^^^^^^^^^^^^^^^^^^^^^^^^^^^^^^^^^^^^^^^^
2025 Feb 11 02:28:28.665969 sonic INFO featured[6015]:   File "/usr/local/lib/python3.11/dist-packages/sonic_py_common/device_info.py", line 446, in get_path_to_port_config_file
2025 Feb 11 02:28:28.666021 sonic INFO featured[6015]:     (platform_path, hwsku_path) = get_paths_to_platform_and_hwsku_dirs()
2025 Feb 11 02:28:28.666062 sonic INFO featured[6015]:                                   ^^^^^^^^^^^^^^^^^^^^^^^^^^^^^^^^^^^^^^
2025 Feb 11 02:28:28.666103 sonic INFO featured[6015]:   File "/usr/local/lib/python3.11/dist-packages/sonic_py_common/device_info.py", line 412, in get_paths_to_platform_and_hwsku_dirs
2025 Feb 11 02:28:28.666157 sonic INFO featured[6015]:     hwsku_path = os.path.join(platform_path, hwsku)
2025 Feb 11 02:28:28.666198 sonic INFO featured[6015]:                  ^^^^^^^^^^^^^^^^^^^^^^^^^^^^^^^^^^
2025 Feb 11 02:28:28.666242 sonic INFO featured[6015]:   File "<frozen posixpath>", line 90, in join
2025 Feb 11 02:28:28.666283 sonic INFO featured[6015]:   File "<frozen genericpath>", line 152, in _check_arg_types
2025 Feb 11 02:28:28.666326 sonic INFO featured[6015]: TypeError: join() argument must be str, bytes, or os.PathLike object, not 'NoneType'
2025 Feb 11 02:28:28.683418 sonic NOTICE systemd[1]: featured.service: Main process exited, code=exited, status=1/FAILURE
2025 Feb 11 02:28:28.683556 sonic WARNING systemd[1]: featured.service: Failed with result 'exit-code'.
2025 Feb 11 02:28:28.718481 sonic INFO systemd[1]: Started featured.service - Feature configuration daemon.
2025 Feb 11 02:28:28.850831 sonic INFO featured: ConfigDB connect success
2025 Feb 11 02:28:28.854461 sonic INFO featured[6021]: Traceback (most recent call last):
2025 Feb 11 02:28:28.854546 sonic INFO featured[6021]:   File "/usr/local/bin/featured", line 598, in <module>
2025 Feb 11 02:28:28.854603 sonic INFO featured[6021]:     main()
2025 Feb 11 02:28:28.854642 sonic INFO featured[6021]:   File "/usr/local/bin/featured", line 591, in main
2025 Feb 11 02:28:28.854714 sonic INFO featured[6021]:     daemon = FeatureDaemon()
2025 Feb 11 02:28:28.854759 sonic INFO featured[6021]:              ^^^^^^^^^^^^^^^
2025 Feb 11 02:28:28.854800 sonic INFO featured[6021]:   File "/usr/local/bin/featured", line 529, in __init__
2025 Feb 11 02:28:28.854849 sonic INFO featured[6021]:     self.feature_handler = FeatureHandler(self.config_db, feature_state_table, self.device_config, self.advanced_boot)
2025 Feb 11 02:28:28.854897 sonic INFO featured[6021]:                            ^^^^^^^^^^^^^^^^^^^^^^^^^^^^^^^^^^^^^^^^^^^^^^^^^^^^^^^^^^^^^^^^^^^^^^^^^^^^^^^^^^^^^^^^^^^
2025 Feb 11 02:28:28.854936 sonic INFO featured[6021]:   File "/usr/local/bin/featured", line 136, in __init__
2025 Feb 11 02:28:28.854987 sonic INFO featured[6021]:     self._device_running_config = device_info.get_device_runtime_metadata()
2025 Feb 11 02:28:28.855030 sonic INFO featured[6021]:                                   ^^^^^^^^^^^^^^^^^^^^^^^^^^^^^^^^^^^^^^^^^
2025 Feb 11 02:28:28.855071 sonic INFO featured[6021]:   File "/usr/local/lib/python3.11/dist-packages/sonic_py_common/device_info.py", line 680, in get_device_runtime_metadata
2025 Feb 11 02:28:28.855135 sonic INFO featured[6021]:     port_metadata = {'ETHERNET_PORTS_PRESENT': True if get_path_to_port_config_file(hwsku=None, asic="0" if is_multi_npu() else None) else False}
2025 Feb 11 02:28:28.855187 sonic INFO featured[6021]:                                                        ^^^^^^^^^^^^^^^^^^^^^^^^^^^^^^^^^^^^^^^^^^^^^^^^^^^^^^^^^^^^^^^^^^^^^^^^^^^^^^
2025 Feb 11 02:28:28.855231 sonic INFO featured[6021]:   File "/usr/local/lib/python3.11/dist-packages/sonic_py_common/device_info.py", line 446, in get_path_to_port_config_file
2025 Feb 11 02:28:28.855290 sonic INFO featured[6021]:     (platform_path, hwsku_path) = get_paths_to_platform_and_hwsku_dirs()
2025 Feb 11 02:28:28.855337 sonic INFO featured[6021]:                                   ^^^^^^^^^^^^^^^^^^^^^^^^^^^^^^^^^^^^^^
2025 Feb 11 02:28:28.855378 sonic INFO featured[6021]:   File "/usr/local/lib/python3.11/dist-packages/sonic_py_common/device_info.py", line 412, in get_paths_to_platform_and_hwsku_dirs
2025 Feb 11 02:28:28.855420 sonic INFO featured[6021]:     hwsku_path = os.path.join(platform_path, hwsku)
2025 Feb 11 02:28:28.855468 sonic INFO featured[6021]:                  ^^^^^^^^^^^^^^^^^^^^^^^^^^^^^^^^^^
2025 Feb 11 02:28:28.855511 sonic INFO featured[6021]:   File "<frozen posixpath>", line 90, in join
2025 Feb 11 02:28:28.855553 sonic INFO featured[6021]:   File "<frozen genericpath>", line 152, in _check_arg_types
2025 Feb 11 02:28:28.855607 sonic INFO featured[6021]: TypeError: join() argument must be str, bytes, or os.PathLike object, not 'NoneType'
2025 Feb 11 02:28:28.872900 sonic NOTICE systemd[1]: featured.service: Main process exited, code=exited, status=1/FAILURE
2025 Feb 11 02:28:28.873022 sonic WARNING systemd[1]: featured.service: Failed with result 'exit-code'.
2025 Feb 11 02:28:28.914725 sonic INFO systemd[1]: Started featured.service - Feature configuration daemon.
2025 Feb 11 02:28:29.044772 sonic INFO featured: ConfigDB connect success
2025 Feb 11 02:28:29.050594 sonic INFO featured[6031]: Traceback (most recent call last):
2025 Feb 11 02:28:29.051006 sonic INFO featured[6031]:   File "/usr/local/bin/featured", line 598, in <module>
2025 Feb 11 02:28:29.051055 sonic INFO featured[6031]:     main()
2025 Feb 11 02:28:29.051166 sonic INFO featured[6031]:   File "/usr/local/bin/featured", line 591, in main
2025 Feb 11 02:28:29.051207 sonic INFO featured[6031]:     daemon = FeatureDaemon()
2025 Feb 11 02:28:29.051297 sonic INFO featured[6031]:              ^^^^^^^^^^^^^^^
2025 Feb 11 02:28:29.051341 sonic INFO featured[6031]:   File "/usr/local/bin/featured", line 529, in __init__
2025 Feb 11 02:28:29.051380 sonic INFO featured[6031]:     self.feature_handler = FeatureHandler(self.config_db, feature_state_table, self.device_config, self.advanced_boot)
2025 Feb 11 02:28:29.051418 sonic INFO featured[6031]:                            ^^^^^^^^^^^^^^^^^^^^^^^^^^^^^^^^^^^^^^^^^^^^^^^^^^^^^^^^^^^^^^^^^^^^^^^^^^^^^^^^^^^^^^^^^^^
2025 Feb 11 02:28:29.051454 sonic INFO featured[6031]:   File "/usr/local/bin/featured", line 136, in __init__
2025 Feb 11 02:28:29.051491 sonic INFO featured[6031]:     self._device_running_config = device_info.get_device_runtime_metadata()
2025 Feb 11 02:28:29.051529 sonic INFO featured[6031]:                                   ^^^^^^^^^^^^^^^^^^^^^^^^^^^^^^^^^^^^^^^^^
2025 Feb 11 02:28:29.051566 sonic INFO featured[6031]:   File "/usr/local/lib/python3.11/dist-packages/sonic_py_common/device_info.py", line 680, in get_device_runtime_metadata
2025 Feb 11 02:28:29.051605 sonic INFO featured[6031]:     port_metadata = {'ETHERNET_PORTS_PRESENT': True if get_path_to_port_config_file(hwsku=None, asic="0" if is_multi_npu() else None) else False}
2025 Feb 11 02:28:29.051644 sonic INFO featured[6031]:                                                        ^^^^^^^^^^^^^^^^^^^^^^^^^^^^^^^^^^^^^^^^^^^^^^^^^^^^^^^^^^^^^^^^^^^^^^^^^^^^^^
2025 Feb 11 02:28:29.051682 sonic INFO featured[6031]:   File "/usr/local/lib/python3.11/dist-packages/sonic_py_common/device_info.py", line 446, in get_path_to_port_config_file
2025 Feb 11 02:28:29.051736 sonic INFO featured[6031]:     (platform_path, hwsku_path) = get_paths_to_platform_and_hwsku_dirs()
2025 Feb 11 02:28:29.051793 sonic INFO featured[6031]:                                   ^^^^^^^^^^^^^^^^^^^^^^^^^^^^^^^^^^^^^^
2025 Feb 11 02:28:29.051830 sonic INFO featured[6031]:   File "/usr/local/lib/python3.11/dist-packages/sonic_py_common/device_info.py", line 412, in get_paths_to_platform_and_hwsku_dirs
2025 Feb 11 02:28:29.051869 sonic INFO featured[6031]:     hwsku_path = os.path.join(platform_path, hwsku)
2025 Feb 11 02:28:29.051909 sonic INFO featured[6031]:                  ^^^^^^^^^^^^^^^^^^^^^^^^^^^^^^^^^^
2025 Feb 11 02:28:29.051949 sonic INFO featured[6031]:   File "<frozen posixpath>", line 90, in join
2025 Feb 11 02:28:29.051988 sonic INFO featured[6031]:   File "<frozen genericpath>", line 152, in _check_arg_types
2025 Feb 11 02:28:29.052028 sonic INFO featured[6031]: TypeError: join() argument must be str, bytes, or os.PathLike object, not 'NoneType'
2025 Feb 11 02:28:29.070752 sonic NOTICE systemd[1]: featured.service: Main process exited, code=exited, status=1/FAILURE
2025 Feb 11 02:28:29.071986 sonic WARNING systemd[1]: featured.service: Failed with result 'exit-code'.
2025 Feb 11 02:28:29.102477 sonic INFO systemd[1]: Started featured.service - Feature configuration daemon.
2025 Feb 11 02:28:29.225986 sonic INFO hostcfgd: ConfigDB connect success
2025 Feb 11 02:28:29.226223 sonic INFO hostcfgd: Waiting for systemctl to finish initialization
2025 Feb 11 02:28:29.239413 sonic INFO featured: ConfigDB connect success
2025 Feb 11 02:28:29.243417 sonic INFO featured[6033]: Traceback (most recent call last):
2025 Feb 11 02:28:29.243463 sonic INFO featured[6033]:   File "/usr/local/bin/featured", line 598, in <module>
2025 Feb 11 02:28:29.243618 sonic INFO featured[6033]:     main()
2025 Feb 11 02:28:29.243657 sonic INFO featured[6033]:   File "/usr/local/bin/featured", line 591, in main
2025 Feb 11 02:28:29.243806 sonic INFO featured[6033]:     daemon = FeatureDaemon()
2025 Feb 11 02:28:29.243839 sonic INFO featured[6033]:              ^^^^^^^^^^^^^^^
2025 Feb 11 02:28:29.243861 sonic INFO featured[6033]:   File "/usr/local/bin/featured", line 529, in __init__
2025 Feb 11 02:28:29.243925 sonic INFO featured[6033]:     self.feature_handler = FeatureHandler(self.config_db, feature_state_table, self.device_config, self.advanced_boot)
2025 Feb 11 02:28:29.243989 sonic INFO featured[6033]:                            ^^^^^^^^^^^^^^^^^^^^^^^^^^^^^^^^^^^^^^^^^^^^^^^^^^^^^^^^^^^^^^^^^^^^^^^^^^^^^^^^^^^^^^^^^^^
2025 Feb 11 02:28:29.244015 sonic INFO featured[6033]:   File "/usr/local/bin/featured", line 136, in __init__
2025 Feb 11 02:28:29.244045 sonic INFO featured[6033]:     self._device_running_config = device_info.get_device_runtime_metadata()
2025 Feb 11 02:28:29.244076 sonic INFO featured[6033]:                                   ^^^^^^^^^^^^^^^^^^^^^^^^^^^^^^^^^^^^^^^^^
2025 Feb 11 02:28:29.244101 sonic INFO featured[6033]:   File "/usr/local/lib/python3.11/dist-packages/sonic_py_common/device_info.py", line 680, in get_device_runtime_metadata
2025 Feb 11 02:28:29.244183 sonic INFO featured[6033]:     port_metadata = {'ETHERNET_PORTS_PRESENT': True if get_path_to_port_config_file(hwsku=None, asic="0" if is_multi_npu() else None) else False}
2025 Feb 11 02:28:29.244221 sonic INFO featured[6033]:                                                        ^^^^^^^^^^^^^^^^^^^^^^^^^^^^^^^^^^^^^^^^^^^^^^^^^^^^^^^^^^^^^^^^^^^^^^^^^^^^^^
2025 Feb 11 02:28:29.244238 sonic INFO featured[6033]:   File "/usr/local/lib/python3.11/dist-packages/sonic_py_common/device_info.py", line 446, in get_path_to_port_config_file
2025 Feb 11 02:28:29.244311 sonic INFO featured[6033]:     (platform_path, hwsku_path) = get_paths_to_platform_and_hwsku_dirs()
2025 Feb 11 02:28:29.244348 sonic INFO featured[6033]:                                   ^^^^^^^^^^^^^^^^^^^^^^^^^^^^^^^^^^^^^^
2025 Feb 11 02:28:29.244376 sonic INFO featured[6033]:   File "/usr/local/lib/python3.11/dist-packages/sonic_py_common/device_info.py", line 412, in get_paths_to_platform_and_hwsku_dirs
2025 Feb 11 02:28:29.244419 sonic INFO featured[6033]:     hwsku_path = os.path.join(platform_path, hwsku)
2025 Feb 11 02:28:29.244453 sonic INFO featured[6033]:                  ^^^^^^^^^^^^^^^^^^^^^^^^^^^^^^^^^^
2025 Feb 11 02:28:29.244478 sonic INFO featured[6033]:   File "<frozen posixpath>", line 90, in join
2025 Feb 11 02:28:29.244501 sonic INFO featured[6033]:   File "<frozen genericpath>", line 152, in _check_arg_types
2025 Feb 11 02:28:29.244525 sonic INFO featured[6033]: TypeError: join() argument must be str, bytes, or os.PathLike object, not 'NoneType'
2025 Feb 11 02:28:29.262039 sonic NOTICE systemd[1]: featured.service: Main process exited, code=exited, status=1/FAILURE
2025 Feb 11 02:28:29.262154 sonic WARNING systemd[1]: featured.service: Failed with result 'exit-code'.
2025 Feb 11 02:28:29.266362 sonic WARNING systemd[1]: featured.service: Start request repeated too quickly.
2025 Feb 11 02:28:29.266496 sonic WARNING systemd[1]: featured.service: Failed with result 'exit-code'.
2025 Feb 11 02:28:29.266524 sonic ERR systemd[1]: Failed to start featured.service - Feature configuration daemon.
2025 Feb 11 02:28:33.907507 sonic INFO rasdaemon: ras:mc_event event enabled
2025 Feb 11 02:28:33.907875 sonic INFO rasdaemon[6007]: rasdaemon: ras:mc_event event enabled
2025 Feb 11 02:28:33.908068 sonic INFO rasdaemon[6007]: rasdaemon: ras:aer_event event enabled
2025 Feb 11 02:28:33.908163 sonic INFO rasdaemon[6007]: rasdaemon: mce:mce_record event enabled
2025 Feb 11 02:28:33.908209 sonic INFO rasdaemon[6007]: rasdaemon: ras:extlog_mem_event event enabled
2025 Feb 11 02:28:33.908557 sonic INFO rasdaemon[6006]: rasdaemon: ras:mc_event event enabled
2025 Feb 11 02:28:33.908622 sonic INFO rasdaemon[6006]: rasdaemon: Enabled event ras:mc_event
2025 Feb 11 02:28:33.908664 sonic INFO rasdaemon[6006]: rasdaemon: ras:aer_event event enabled
2025 Feb 11 02:28:33.908736 sonic INFO rasdaemon[6006]: rasdaemon: Enabled event ras:aer_event
2025 Feb 11 02:28:33.908774 sonic INFO rasdaemon[6006]: rasdaemon: mce:mce_record event enabled
2025 Feb 11 02:28:33.908819 sonic INFO rasdaemon[6006]: rasdaemon: Enabled event mce:mce_record
2025 Feb 11 02:28:33.908859 sonic INFO rasdaemon[6006]: rasdaemon: ras:extlog_mem_event event enabled
2025 Feb 11 02:28:33.908899 sonic INFO rasdaemon[6006]: rasdaemon: Enabled event ras:extlog_mem_event
2025 Feb 11 02:28:33.908945 sonic INFO rasdaemon[6006]: rasdaemon: Listening to events for cpus 0 to 9
2025 Feb 11 02:28:33.908996 sonic INFO rasdaemon: ras:aer_event event enabled
2025 Feb 11 02:28:33.909292 sonic INFO systemd[1]: Started rasdaemon.service - RAS daemon to log the RAS events.
2025 Feb 11 02:28:33.909385 sonic INFO rasdaemon: mce:mce_record event enabled
2025 Feb 11 02:28:33.909428 sonic INFO rasdaemon: ras:mc_event event enabled
2025 Feb 11 02:28:33.909542 sonic INFO rasdaemon: Enabled event ras:mc_event
2025 Feb 11 02:28:33.909599 sonic INFO rasdaemon: ras:extlog_mem_event event enabled
2025 Feb 11 02:28:33.909646 sonic INFO rasdaemon: ras:aer_event event enabled
2025 Feb 11 02:28:33.909710 sonic INFO rasdaemon: Enabled event ras:aer_event
2025 Feb 11 02:28:33.909763 sonic INFO rasdaemon: mce:mce_record event enabled
2025 Feb 11 02:28:33.909813 sonic INFO rasdaemon: Enabled event mce:mce_record
2025 Feb 11 02:28:33.909860 sonic INFO rasdaemon: ras:extlog_mem_event event enabled
2025 Feb 11 02:28:33.909912 sonic INFO rasdaemon: Enabled event ras:extlog_mem_event
2025 Feb 11 02:28:33.911933 sonic WARNING systemd[1]: featured.service: Start request repeated too quickly.
2025 Feb 11 02:28:33.912244 sonic WARNING systemd[1]: featured.service: Failed with result 'exit-code'.
2025 Feb 11 02:28:33.912277 sonic ERR systemd[1]: Failed to start featured.service - Feature configuration daemon.
2025 Feb 11 02:28:33.928924 sonic INFO rasdaemon[6006]: rasdaemon: Recording mc_event events
2025 Feb 11 02:28:33.945245 sonic INFO rasdaemon[6006]: rasdaemon: Recording aer_event events
2025 Feb 11 02:28:33.960935 sonic INFO rasdaemon[6006]: rasdaemon: Recording extlog_event events
2025 Feb 11 02:28:33.979223 sonic INFO rasdaemon[6006]: rasdaemon: Recording mce_record events
2025 Feb 11 02:28:36.277760 sonic WARNING systemd[1]: featured.service: Start request repeated too quickly.
2025 Feb 11 02:28:36.277886 sonic WARNING systemd[1]: featured.service: Failed with result 'exit-code'.
2025 Feb 11 02:28:36.277934 sonic ERR systemd[1]: Failed to start featured.service - Feature configuration daemon.
2025 Feb 11 02:28:36.527618 sonic INFO systemd[1]: caclmgrd.service: Scheduled restart job, restart counter is at 3.
2025 Feb 11 02:28:36.528051 sonic INFO systemd[1]: Stopped caclmgrd.service - Control Plane ACL configuration daemon.
2025 Feb 11 02:28:36.558158 sonic INFO systemd[1]: Started caclmgrd.service - Control Plane ACL configuration daemon.
2025 Feb 11 02:28:36.558525 sonic WARNING systemd[1]: featured.service: Start request repeated too quickly.
2025 Feb 11 02:28:36.558572 sonic WARNING systemd[1]: featured.service: Failed with result 'exit-code'.
2025 Feb 11 02:28:36.558655 sonic ERR systemd[1]: Failed to start featured.service - Feature configuration daemon.
2025 Feb 11 02:28:36.560635 sonic WARNING systemd[1]: featured.service: Start request repeated too quickly.
2025 Feb 11 02:28:36.560697 sonic WARNING systemd[1]: featured.service: Failed with result 'exit-code'.
2025 Feb 11 02:28:36.560725 sonic ERR systemd[1]: Failed to start featured.service - Feature configuration daemon.
2025 Feb 11 02:28:36.662456 sonic INFO caclmgrd[6112]: Traceback (most recent call last):
2025 Feb 11 02:28:36.662527 sonic INFO caclmgrd[6112]:   File "/usr/local/bin/caclmgrd", line 1146, in <module>
2025 Feb 11 02:28:36.662565 sonic INFO caclmgrd[6112]:     main()
2025 Feb 11 02:28:36.662596 sonic INFO caclmgrd[6112]:   File "/usr/local/bin/caclmgrd", line 1137, in main
2025 Feb 11 02:28:36.662659 sonic INFO caclmgrd[6112]:     caclmgr = ControlPlaneAclManager(SYSLOG_IDENTIFIER)
2025 Feb 11 02:28:36.662717 sonic INFO caclmgrd[6112]:               ^^^^^^^^^^^^^^^^^^^^^^^^^^^^^^^^^^^^^^^^^
2025 Feb 11 02:28:36.662744 sonic INFO caclmgrd[6112]:   File "/usr/local/bin/caclmgrd", line 156, in __init__
2025 Feb 11 02:28:36.662774 sonic INFO caclmgrd[6112]:     if 'subtype' in metadata['localhost'] and metadata['localhost']['subtype'] == 'DualToR':
2025 Feb 11 02:28:36.662805 sonic INFO caclmgrd[6112]:                     ~~~~~~~~^^^^^^^^^^^^^
2025 Feb 11 02:28:36.662829 sonic INFO caclmgrd[6112]: KeyError: 'localhost'
2025 Feb 11 02:28:36.673841 sonic NOTICE systemd[1]: caclmgrd.service: Main process exited, code=exited, status=1/FAILURE
2025 Feb 11 02:28:36.674007 sonic WARNING systemd[1]: caclmgrd.service: Failed with result 'exit-code'.
2025 Feb 11 02:28:36.675661 sonic WARNING systemd[1]: featured.service: Start request repeated too quickly.
2025 Feb 11 02:28:36.675728 sonic WARNING systemd[1]: featured.service: Failed with result 'exit-code'.
2025 Feb 11 02:28:36.675796 sonic ERR systemd[1]: Failed to start featured.service - Feature configuration daemon.
2025 Feb 11 02:28:38.277712 sonic WARNING systemd[1]: featured.service: Start request repeated too quickly.
2025 Feb 11 02:28:38.277839 sonic WARNING systemd[1]: featured.service: Failed with result 'exit-code'.
2025 Feb 11 02:28:38.277881 sonic ERR systemd[1]: Failed to start featured.service - Feature configuration daemon.
2025 Feb 11 02:28:38.527590 sonic WARNING systemd[1]: gbsyncd@2.service: start-pre operation timed out. Terminating.
2025 Feb 11 02:28:38.527969 sonic WARNING systemd[1]: gbsyncd@3.service: start-pre operation timed out. Terminating.
2025 Feb 11 02:28:38.529611 sonic WARNING systemd[1]: gbsyncd@0.service: start-pre operation timed out. Terminating.
2025 Feb 11 02:28:38.531452 sonic INFO gbsyncd.sh[4050]: Terminated
2025 Feb 11 02:28:38.532241 sonic INFO gbsyncd.sh[4055]: Terminated
2025 Feb 11 02:28:38.532342 sonic WARNING systemd[1]: gbsyncd@2.service: Control process exited, code=killed, status=15/TERM
2025 Feb 11 02:28:38.532423 sonic WARNING systemd[1]: gbsyncd@2.service: Failed with result 'timeout'.
2025 Feb 11 02:28:38.532846 sonic INFO gbsyncd.sh[4048]: Terminated
2025 Feb 11 02:28:38.532974 sonic ERR systemd[1]: Failed to start gbsyncd@2.service - gbsyncd service.
2025 Feb 11 02:28:38.533892 sonic WARNING systemd[1]: gbsyncd@0.service: Control process exited, code=killed, status=15/TERM
2025 Feb 11 02:28:38.533972 sonic WARNING systemd[1]: gbsyncd@0.service: Failed with result 'timeout'.
2025 Feb 11 02:28:38.534318 sonic ERR systemd[1]: Failed to start gbsyncd@0.service - gbsyncd service.
2025 Feb 11 02:28:38.534914 sonic WARNING systemd[1]: gbsyncd@3.service: Control process exited, code=killed, status=15/TERM
2025 Feb 11 02:28:38.534971 sonic WARNING systemd[1]: gbsyncd@3.service: Failed with result 'timeout'.
2025 Feb 11 02:28:38.535296 sonic ERR systemd[1]: Failed to start gbsyncd@3.service - gbsyncd service.
2025 Feb 11 02:28:38.535830 sonic WARNING systemd[1]: gbsyncd@1.service: start-pre operation timed out. Terminating.
2025 Feb 11 02:28:38.538185 sonic INFO gbsyncd.sh[4040]: Terminated
2025 Feb 11 02:28:38.554997 sonic INFO systemd[1]: Started featured.service - Feature configuration daemon.
2025 Feb 11 02:28:38.555855 sonic WARNING systemd[1]: gbsyncd@1.service: Control process exited, code=killed, status=15/TERM
2025 Feb 11 02:28:38.555950 sonic WARNING systemd[1]: gbsyncd@1.service: Failed with result 'timeout'.
2025 Feb 11 02:28:38.556217 sonic ERR systemd[1]: Failed to start gbsyncd@1.service - gbsyncd service.
2025 Feb 11 02:28:38.558432 sonic INFO systemd[1]: Starting ntp-config.service - Update NTP configuration...
2025 Feb 11 02:28:38.689878 sonic INFO featured: ConfigDB connect success
2025 Feb 11 02:28:38.693995 sonic INFO featured[6147]: Traceback (most recent call last):
2025 Feb 11 02:28:38.694045 sonic INFO featured[6147]:   File "/usr/local/bin/featured", line 598, in <module>
2025 Feb 11 02:28:38.694152 sonic INFO featured[6147]:     main()
2025 Feb 11 02:28:38.694192 sonic INFO featured[6147]:   File "/usr/local/bin/featured", line 591, in main
2025 Feb 11 02:28:38.694311 sonic INFO featured[6147]:     daemon = FeatureDaemon()
2025 Feb 11 02:28:38.694351 sonic INFO featured[6147]:              ^^^^^^^^^^^^^^^
2025 Feb 11 02:28:38.694368 sonic INFO featured[6147]:   File "/usr/local/bin/featured", line 529, in __init__
2025 Feb 11 02:28:38.694446 sonic INFO featured[6147]:     self.feature_handler = FeatureHandler(self.config_db, feature_state_table, self.device_config, self.advanced_boot)
2025 Feb 11 02:28:38.694503 sonic INFO featured[6147]:                            ^^^^^^^^^^^^^^^^^^^^^^^^^^^^^^^^^^^^^^^^^^^^^^^^^^^^^^^^^^^^^^^^^^^^^^^^^^^^^^^^^^^^^^^^^^^
2025 Feb 11 02:28:38.694529 sonic INFO featured[6147]:   File "/usr/local/bin/featured", line 136, in __init__
2025 Feb 11 02:28:38.694565 sonic INFO featured[6147]:     self._device_running_config = device_info.get_device_runtime_metadata()
2025 Feb 11 02:28:38.694581 sonic INFO featured[6147]:                                   ^^^^^^^^^^^^^^^^^^^^^^^^^^^^^^^^^^^^^^^^^
2025 Feb 11 02:28:38.694606 sonic INFO featured[6147]:   File "/usr/local/lib/python3.11/dist-packages/sonic_py_common/device_info.py", line 680, in get_device_runtime_metadata
2025 Feb 11 02:28:38.694683 sonic INFO featured[6147]:     port_metadata = {'ETHERNET_PORTS_PRESENT': True if get_path_to_port_config_file(hwsku=None, asic="0" if is_multi_npu() else None) else False}
2025 Feb 11 02:28:38.694742 sonic INFO featured[6147]:                                                        ^^^^^^^^^^^^^^^^^^^^^^^^^^^^^^^^^^^^^^^^^^^^^^^^^^^^^^^^^^^^^^^^^^^^^^^^^^^^^^
2025 Feb 11 02:28:38.694771 sonic INFO featured[6147]:   File "/usr/local/lib/python3.11/dist-packages/sonic_py_common/device_info.py", line 446, in get_path_to_port_config_file
2025 Feb 11 02:28:38.694839 sonic INFO featured[6147]:     (platform_path, hwsku_path) = get_paths_to_platform_and_hwsku_dirs()
2025 Feb 11 02:28:38.694872 sonic INFO featured[6147]:                                   ^^^^^^^^^^^^^^^^^^^^^^^^^^^^^^^^^^^^^^
2025 Feb 11 02:28:38.694889 sonic INFO featured[6147]:   File "/usr/local/lib/python3.11/dist-packages/sonic_py_common/device_info.py", line 412, in get_paths_to_platform_and_hwsku_dirs
2025 Feb 11 02:28:38.694946 sonic INFO featured[6147]:     hwsku_path = os.path.join(platform_path, hwsku)
2025 Feb 11 02:28:38.694981 sonic INFO featured[6147]:                  ^^^^^^^^^^^^^^^^^^^^^^^^^^^^^^^^^^
2025 Feb 11 02:28:38.694998 sonic INFO featured[6147]:   File "<frozen posixpath>", line 90, in join
2025 Feb 11 02:28:38.695014 sonic INFO featured[6147]:   File "<frozen genericpath>", line 152, in _check_arg_types
2025 Feb 11 02:28:38.695030 sonic INFO featured[6147]: TypeError: join() argument must be str, bytes, or os.PathLike object, not 'NoneType'
2025 Feb 11 02:28:38.714544 sonic NOTICE systemd[1]: featured.service: Main process exited, code=exited, status=1/FAILURE
2025 Feb 11 02:28:38.714628 sonic WARNING systemd[1]: featured.service: Failed with result 'exit-code'.
2025 Feb 11 02:28:38.778428 sonic INFO systemd[1]: Started featured.service - Feature configuration daemon.
2025 Feb 11 02:28:38.918188 sonic INFO featured: ConfigDB connect success
2025 Feb 11 02:28:38.923313 sonic INFO featured[6153]: Traceback (most recent call last):
2025 Feb 11 02:28:38.923360 sonic INFO featured[6153]:   File "/usr/local/bin/featured", line 598, in <module>
2025 Feb 11 02:28:38.923521 sonic INFO featured[6153]:     main()
2025 Feb 11 02:28:38.923560 sonic INFO featured[6153]:   File "/usr/local/bin/featured", line 591, in main
2025 Feb 11 02:28:38.923690 sonic INFO featured[6153]:     daemon = FeatureDaemon()
2025 Feb 11 02:28:38.923729 sonic INFO featured[6153]:              ^^^^^^^^^^^^^^^
2025 Feb 11 02:28:38.923746 sonic INFO featured[6153]:   File "/usr/local/bin/featured", line 529, in __init__
2025 Feb 11 02:28:38.923843 sonic INFO featured[6153]:     self.feature_handler = FeatureHandler(self.config_db, feature_state_table, self.device_config, self.advanced_boot)
2025 Feb 11 02:28:38.923883 sonic INFO featured[6153]:                            ^^^^^^^^^^^^^^^^^^^^^^^^^^^^^^^^^^^^^^^^^^^^^^^^^^^^^^^^^^^^^^^^^^^^^^^^^^^^^^^^^^^^^^^^^^^
2025 Feb 11 02:28:38.923899 sonic INFO featured[6153]:   File "/usr/local/bin/featured", line 136, in __init__
2025 Feb 11 02:28:38.923932 sonic INFO featured[6153]:     self._device_running_config = device_info.get_device_runtime_metadata()
2025 Feb 11 02:28:38.923963 sonic INFO featured[6153]:                                   ^^^^^^^^^^^^^^^^^^^^^^^^^^^^^^^^^^^^^^^^^
2025 Feb 11 02:28:38.923988 sonic INFO featured[6153]:   File "/usr/local/lib/python3.11/dist-packages/sonic_py_common/device_info.py", line 680, in get_device_runtime_metadata
2025 Feb 11 02:28:38.924133 sonic INFO featured[6153]:     port_metadata = {'ETHERNET_PORTS_PRESENT': True if get_path_to_port_config_file(hwsku=None, asic="0" if is_multi_npu() else None) else False}
2025 Feb 11 02:28:38.924171 sonic INFO featured[6153]:                                                        ^^^^^^^^^^^^^^^^^^^^^^^^^^^^^^^^^^^^^^^^^^^^^^^^^^^^^^^^^^^^^^^^^^^^^^^^^^^^^^
2025 Feb 11 02:28:38.924188 sonic INFO featured[6153]:   File "/usr/local/lib/python3.11/dist-packages/sonic_py_common/device_info.py", line 446, in get_path_to_port_config_file
2025 Feb 11 02:28:38.924220 sonic INFO featured[6153]:     (platform_path, hwsku_path) = get_paths_to_platform_and_hwsku_dirs()
2025 Feb 11 02:28:38.924257 sonic INFO featured[6153]:                                   ^^^^^^^^^^^^^^^^^^^^^^^^^^^^^^^^^^^^^^
2025 Feb 11 02:28:38.924284 sonic INFO featured[6153]:   File "/usr/local/lib/python3.11/dist-packages/sonic_py_common/device_info.py", line 412, in get_paths_to_platform_and_hwsku_dirs
2025 Feb 11 02:28:38.924313 sonic INFO featured[6153]:     hwsku_path = os.path.join(platform_path, hwsku)
2025 Feb 11 02:28:38.924346 sonic INFO featured[6153]:                  ^^^^^^^^^^^^^^^^^^^^^^^^^^^^^^^^^^
2025 Feb 11 02:28:38.924371 sonic INFO featured[6153]:   File "<frozen posixpath>", line 90, in join
2025 Feb 11 02:28:38.924386 sonic INFO featured[6153]:   File "<frozen genericpath>", line 152, in _check_arg_types
2025 Feb 11 02:28:38.924411 sonic INFO featured[6153]: TypeError: join() argument must be str, bytes, or os.PathLike object, not 'NoneType'
2025 Feb 11 02:28:38.943535 sonic NOTICE systemd[1]: featured.service: Main process exited, code=exited, status=1/FAILURE
2025 Feb 11 02:28:38.943821 sonic WARNING systemd[1]: featured.service: Failed with result 'exit-code'.
2025 Feb 11 02:28:38.975096 sonic INFO systemd[1]: Started featured.service - Feature configuration daemon.
2025 Feb 11 02:28:39.064404 sonic INFO ntp-config.sh[6161]: chmod: cannot access '/etc/ntp.keys': No such file or directory
2025 Feb 11 02:28:39.080662 sonic INFO ntp-config.sh[6151]: Disabling NTP long jump for reboot type cold ...
2025 Feb 11 02:28:39.094148 sonic INFO systemd[1]: Finished ntp-config.service - Update NTP configuration.
2025 Feb 11 02:28:39.110412 sonic INFO systemd[1]: Starting ntpsec.service - Network Time Service...
2025 Feb 11 02:28:39.116733 sonic INFO featured: ConfigDB connect success
2025 Feb 11 02:28:39.121110 sonic INFO featured[6159]: Traceback (most recent call last):
2025 Feb 11 02:28:39.121172 sonic INFO featured[6159]:   File "/usr/local/bin/featured", line 598, in <module>
2025 Feb 11 02:28:39.121284 sonic INFO featured[6159]:     main()
2025 Feb 11 02:28:39.121338 sonic INFO featured[6159]:   File "/usr/local/bin/featured", line 591, in main
2025 Feb 11 02:28:39.121445 sonic INFO featured[6159]:     daemon = FeatureDaemon()
2025 Feb 11 02:28:39.121526 sonic INFO featured[6159]:              ^^^^^^^^^^^^^^^
2025 Feb 11 02:28:39.121565 sonic INFO featured[6159]:   File "/usr/local/bin/featured", line 529, in __init__
2025 Feb 11 02:28:39.121788 sonic INFO featured[6159]:     self.feature_handler = FeatureHandler(self.config_db, feature_state_table, self.device_config, self.advanced_boot)
2025 Feb 11 02:28:39.121846 sonic INFO featured[6159]:                            ^^^^^^^^^^^^^^^^^^^^^^^^^^^^^^^^^^^^^^^^^^^^^^^^^^^^^^^^^^^^^^^^^^^^^^^^^^^^^^^^^^^^^^^^^^^
2025 Feb 11 02:28:39.121876 sonic INFO featured[6159]:   File "/usr/local/bin/featured", line 136, in __init__
2025 Feb 11 02:28:39.121933 sonic INFO featured[6159]:     self._device_running_config = device_info.get_device_runtime_metadata()
2025 Feb 11 02:28:39.121986 sonic INFO featured[6159]:                                   ^^^^^^^^^^^^^^^^^^^^^^^^^^^^^^^^^^^^^^^^^
2025 Feb 11 02:28:39.122015 sonic INFO featured[6159]:   File "/usr/local/lib/python3.11/dist-packages/sonic_py_common/device_info.py", line 680, in get_device_runtime_metadata
2025 Feb 11 02:28:39.122088 sonic INFO featured[6159]:     port_metadata = {'ETHERNET_PORTS_PRESENT': True if get_path_to_port_config_file(hwsku=None, asic="0" if is_multi_npu() else None) else False}
2025 Feb 11 02:28:39.122139 sonic INFO featured[6159]:                                                        ^^^^^^^^^^^^^^^^^^^^^^^^^^^^^^^^^^^^^^^^^^^^^^^^^^^^^^^^^^^^^^^^^^^^^^^^^^^^^^
2025 Feb 11 02:28:39.122181 sonic INFO featured[6159]:   File "/usr/local/lib/python3.11/dist-packages/sonic_py_common/device_info.py", line 446, in get_path_to_port_config_file
2025 Feb 11 02:28:39.122230 sonic INFO featured[6159]:     (platform_path, hwsku_path) = get_paths_to_platform_and_hwsku_dirs()
2025 Feb 11 02:28:39.122271 sonic INFO featured[6159]:                                   ^^^^^^^^^^^^^^^^^^^^^^^^^^^^^^^^^^^^^^
2025 Feb 11 02:28:39.122319 sonic INFO featured[6159]:   File "/usr/local/lib/python3.11/dist-packages/sonic_py_common/device_info.py", line 412, in get_paths_to_platform_and_hwsku_dirs
2025 Feb 11 02:28:39.122359 sonic INFO featured[6159]:     hwsku_path = os.path.join(platform_path, hwsku)
2025 Feb 11 02:28:39.122410 sonic INFO featured[6159]:                  ^^^^^^^^^^^^^^^^^^^^^^^^^^^^^^^^^^
2025 Feb 11 02:28:39.122450 sonic INFO featured[6159]:   File "<frozen posixpath>", line 90, in join
2025 Feb 11 02:28:39.122496 sonic INFO featured[6159]:   File "<frozen genericpath>", line 152, in _check_arg_types
2025 Feb 11 02:28:39.122536 sonic INFO featured[6159]: TypeError: join() argument must be str, bytes, or os.PathLike object, not 'NoneType'
2025 Feb 11 02:28:39.139967 sonic NOTICE systemd[1]: featured.service: Main process exited, code=exited, status=1/FAILURE
2025 Feb 11 02:28:39.140090 sonic WARNING systemd[1]: featured.service: Failed with result 'exit-code'.
2025 Feb 11 02:28:39.143617 sonic INFO systemd[1]: Started featured.service - Feature configuration daemon.
2025 Feb 11 02:28:39.281642 sonic INFO featured: ConfigDB connect success
2025 Feb 11 02:28:39.285771 sonic INFO featured[6169]: Traceback (most recent call last):
2025 Feb 11 02:28:39.285862 sonic INFO featured[6169]:   File "/usr/local/bin/featured", line 598, in <module>
2025 Feb 11 02:28:39.285929 sonic INFO featured[6169]:     main()
2025 Feb 11 02:28:39.285979 sonic INFO featured[6169]:   File "/usr/local/bin/featured", line 591, in main
2025 Feb 11 02:28:39.286029 sonic INFO featured[6169]:     daemon = FeatureDaemon()
2025 Feb 11 02:28:39.286090 sonic INFO featured[6169]:              ^^^^^^^^^^^^^^^
2025 Feb 11 02:28:39.286146 sonic INFO featured[6169]:   File "/usr/local/bin/featured", line 529, in __init__
2025 Feb 11 02:28:39.286202 sonic INFO featured[6169]:     self.feature_handler = FeatureHandler(self.config_db, feature_state_table, self.device_config, self.advanced_boot)
2025 Feb 11 02:28:39.286249 sonic INFO featured[6169]:                            ^^^^^^^^^^^^^^^^^^^^^^^^^^^^^^^^^^^^^^^^^^^^^^^^^^^^^^^^^^^^^^^^^^^^^^^^^^^^^^^^^^^^^^^^^^^
2025 Feb 11 02:28:39.286296 sonic INFO featured[6169]:   File "/usr/local/bin/featured", line 136, in __init__
2025 Feb 11 02:28:39.286353 sonic INFO featured[6169]:     self._device_running_config = device_info.get_device_runtime_metadata()
2025 Feb 11 02:28:39.286396 sonic INFO featured[6169]:                                   ^^^^^^^^^^^^^^^^^^^^^^^^^^^^^^^^^^^^^^^^^
2025 Feb 11 02:28:39.286439 sonic INFO featured[6169]:   File "/usr/local/lib/python3.11/dist-packages/sonic_py_common/device_info.py", line 680, in get_device_runtime_metadata
2025 Feb 11 02:28:39.286483 sonic INFO featured[6169]:     port_metadata = {'ETHERNET_PORTS_PRESENT': True if get_path_to_port_config_file(hwsku=None, asic="0" if is_multi_npu() else None) else False}
2025 Feb 11 02:28:39.286545 sonic INFO featured[6169]:                                                        ^^^^^^^^^^^^^^^^^^^^^^^^^^^^^^^^^^^^^^^^^^^^^^^^^^^^^^^^^^^^^^^^^^^^^^^^^^^^^^
2025 Feb 11 02:28:39.286590 sonic INFO featured[6169]:   File "/usr/local/lib/python3.11/dist-packages/sonic_py_common/device_info.py", line 446, in get_path_to_port_config_file
2025 Feb 11 02:28:39.286632 sonic INFO featured[6169]:     (platform_path, hwsku_path) = get_paths_to_platform_and_hwsku_dirs()
2025 Feb 11 02:28:39.286700 sonic INFO featured[6169]:                                   ^^^^^^^^^^^^^^^^^^^^^^^^^^^^^^^^^^^^^^
2025 Feb 11 02:28:39.286747 sonic INFO featured[6169]:   File "/usr/local/lib/python3.11/dist-packages/sonic_py_common/device_info.py", line 412, in get_paths_to_platform_and_hwsku_dirs
2025 Feb 11 02:28:39.286792 sonic INFO featured[6169]:     hwsku_path = os.path.join(platform_path, hwsku)
2025 Feb 11 02:28:39.286837 sonic INFO featured[6169]:                  ^^^^^^^^^^^^^^^^^^^^^^^^^^^^^^^^^^
2025 Feb 11 02:28:39.286881 sonic INFO featured[6169]:   File "<frozen posixpath>", line 90, in join
2025 Feb 11 02:28:39.286924 sonic INFO featured[6169]:   File "<frozen genericpath>", line 152, in _check_arg_types
2025 Feb 11 02:28:39.286967 sonic INFO featured[6169]: TypeError: join() argument must be str, bytes, or os.PathLike object, not 'NoneType'
2025 Feb 11 02:28:39.305403 sonic NOTICE systemd[1]: featured.service: Main process exited, code=exited, status=1/FAILURE
2025 Feb 11 02:28:39.305590 sonic WARNING systemd[1]: featured.service: Failed with result 'exit-code'.
2025 Feb 11 02:28:39.358528 sonic INFO systemd[1]: Started featured.service - Feature configuration daemon.
2025 Feb 11 02:28:39.485165 sonic INFO featured: ConfigDB connect success
2025 Feb 11 02:28:39.489121 sonic INFO featured[6170]: Traceback (most recent call last):
2025 Feb 11 02:28:39.489206 sonic INFO featured[6170]:   File "/usr/local/bin/featured", line 598, in <module>
2025 Feb 11 02:28:39.489255 sonic INFO featured[6170]:     main()
2025 Feb 11 02:28:39.489300 sonic INFO featured[6170]:   File "/usr/local/bin/featured", line 591, in main
2025 Feb 11 02:28:39.489403 sonic INFO featured[6170]:     daemon = FeatureDaemon()
2025 Feb 11 02:28:39.489452 sonic INFO featured[6170]:              ^^^^^^^^^^^^^^^
2025 Feb 11 02:28:39.489538 sonic INFO featured[6170]:   File "/usr/local/bin/featured", line 529, in __init__
2025 Feb 11 02:28:39.489590 sonic INFO featured[6170]:     self.feature_handler = FeatureHandler(self.config_db, feature_state_table, self.device_config, self.advanced_boot)
2025 Feb 11 02:28:39.489645 sonic INFO featured[6170]:                            ^^^^^^^^^^^^^^^^^^^^^^^^^^^^^^^^^^^^^^^^^^^^^^^^^^^^^^^^^^^^^^^^^^^^^^^^^^^^^^^^^^^^^^^^^^^
2025 Feb 11 02:28:39.489714 sonic INFO featured[6170]:   File "/usr/local/bin/featured", line 136, in __init__
2025 Feb 11 02:28:39.489766 sonic INFO featured[6170]:     self._device_running_config = device_info.get_device_runtime_metadata()
2025 Feb 11 02:28:39.489806 sonic INFO featured[6170]:                                   ^^^^^^^^^^^^^^^^^^^^^^^^^^^^^^^^^^^^^^^^^
2025 Feb 11 02:28:39.489846 sonic INFO featured[6170]:   File "/usr/local/lib/python3.11/dist-packages/sonic_py_common/device_info.py", line 680, in get_device_runtime_metadata
2025 Feb 11 02:28:39.489898 sonic INFO featured[6170]:     port_metadata = {'ETHERNET_PORTS_PRESENT': True if get_path_to_port_config_file(hwsku=None, asic="0" if is_multi_npu() else None) else False}
2025 Feb 11 02:28:39.489939 sonic INFO featured[6170]:                                                        ^^^^^^^^^^^^^^^^^^^^^^^^^^^^^^^^^^^^^^^^^^^^^^^^^^^^^^^^^^^^^^^^^^^^^^^^^^^^^^
2025 Feb 11 02:28:39.489979 sonic INFO featured[6170]:   File "/usr/local/lib/python3.11/dist-packages/sonic_py_common/device_info.py", line 446, in get_path_to_port_config_file
2025 Feb 11 02:28:39.490028 sonic INFO featured[6170]:     (platform_path, hwsku_path) = get_paths_to_platform_and_hwsku_dirs()
2025 Feb 11 02:28:39.490068 sonic INFO featured[6170]:                                   ^^^^^^^^^^^^^^^^^^^^^^^^^^^^^^^^^^^^^^
2025 Feb 11 02:28:39.490107 sonic INFO featured[6170]:   File "/usr/local/lib/python3.11/dist-packages/sonic_py_common/device_info.py", line 412, in get_paths_to_platform_and_hwsku_dirs
2025 Feb 11 02:28:39.490158 sonic INFO featured[6170]:     hwsku_path = os.path.join(platform_path, hwsku)
2025 Feb 11 02:28:39.490205 sonic INFO featured[6170]:                  ^^^^^^^^^^^^^^^^^^^^^^^^^^^^^^^^^^
2025 Feb 11 02:28:39.490244 sonic INFO featured[6170]:   File "<frozen posixpath>", line 90, in join
2025 Feb 11 02:28:39.490284 sonic INFO featured[6170]:   File "<frozen genericpath>", line 152, in _check_arg_types
2025 Feb 11 02:28:39.490323 sonic INFO featured[6170]: TypeError: join() argument must be str, bytes, or os.PathLike object, not 'NoneType'
2025 Feb 11 02:28:39.507329 sonic NOTICE systemd[1]: featured.service: Main process exited, code=exited, status=1/FAILURE
2025 Feb 11 02:28:39.507462 sonic WARNING systemd[1]: featured.service: Failed with result 'exit-code'.
2025 Feb 11 02:28:39.509017 sonic WARNING systemd[1]: featured.service: Start request repeated too quickly.
2025 Feb 11 02:28:39.509098 sonic WARNING systemd[1]: featured.service: Failed with result 'exit-code'.
2025 Feb 11 02:28:39.509148 sonic ERR systemd[1]: Failed to start featured.service - Feature configuration daemon.
2025 Feb 11 02:28:39.973767 sonic INFO ntp-systemd-wrapper[6174]: Starting NTP server in default-vrf
2025 Feb 11 02:28:39.978387 sonic NOTICE ntpd[6174]: INIT: ntpd ntpsec-1.2.2: Starting
2025 Feb 11 02:28:39.978497 sonic INFO ntp-systemd-wrapper[6174]: 2025-02-11T02:28:39 ntpd[6174]: INIT: ntpd ntpsec-1.2.2: Starting
2025 Feb 11 02:28:39.978554 sonic INFO ntp-systemd-wrapper[6174]: 2025-02-11T02:28:39 ntpd[6174]: INIT: Command line: /usr/sbin/ntpd -p /run/ntpd.pid -c /etc/ntpsec/ntp.conf -x -N -u ntpsec:ntpsec
2025 Feb 11 02:28:39.978614 sonic NOTICE ntpd[6174]: INIT: Command line: /usr/sbin/ntpd -p /run/ntpd.pid -c /etc/ntpsec/ntp.conf -x -N -u ntpsec:ntpsec
2025 Feb 11 02:28:39.979635 sonic INFO systemd[1]: Started ntpsec.service - Network Time Service.
2025 Feb 11 02:28:39.980927 sonic WARNING systemd[1]: featured.service: Start request repeated too quickly.
2025 Feb 11 02:28:39.980990 sonic WARNING systemd[1]: featured.service: Failed with result 'exit-code'.
2025 Feb 11 02:28:39.981027 sonic ERR systemd[1]: Failed to start featured.service - Feature configuration daemon.
2025 Feb 11 02:28:39.982392 sonic INFO ntpd[6182]: INIT: precision = 0.080 usec (-23)
2025 Feb 11 02:28:39.982752 sonic INFO ntpd[6182]: INIT: successfully locked into RAM
2025 Feb 11 02:28:39.982882 sonic INFO ntpd[6182]: CONFIG: readconfig: parsing file: /etc/ntpsec/ntp.conf
2025 Feb 11 02:28:39.986826 sonic NOTICE ntpd[6182]: CLOCK: leapsecond file ('/usr/share/zoneinfo/leap-seconds.list'): good hash signature
2025 Feb 11 02:28:39.986872 sonic NOTICE ntpd[6182]: CLOCK: leapsecond file ('/usr/share/zoneinfo/leap-seconds.list'): loaded, expire=2025-06-28T00:00Z last=2017-01-01T00:00Z ofs=37
2025 Feb 11 02:28:39.987487 sonic INFO ntpd[6182]: INIT: Using SO_TIMESTAMPNS(ns)
2025 Feb 11 02:28:39.987555 sonic INFO ntpd[6182]: IO: Listen normally on 0 lo 127.0.0.1:123
2025 Feb 11 02:28:39.987594 sonic INFO ntpd[6182]: IO: Listen normally on 1 eth0 10.250.0.112:123
2025 Feb 11 02:28:39.987619 sonic INFO ntpd[6182]: IO: Listen normally on 2 lo [::1]:123
2025 Feb 11 02:28:39.987653 sonic INFO ntpd[6182]: IO: Listen normally on 3 eth0 [fe80::5054:ff:fe70:c9c2%2]:123
2025 Feb 11 02:28:39.987757 sonic INFO ntpd[6182]: IO: Listening on routing socket on fd #20 for interface updates
2025 Feb 11 02:28:39.987798 sonic INFO ntpd[6182]: INIT: MRU 10922 entries, 13 hash bits, 65536 bytes
2025 Feb 11 02:28:39.987901 sonic INFO ntpd[6182]: INIT: Built with OpenSSL 3.0.9 30 May 2023, 30000090
2025 Feb 11 02:28:39.987940 sonic INFO ntpd[6182]: INIT: Running with OpenSSL 3.0.11 19 Sep 2023, 300000b0
2025 Feb 11 02:28:39.988537 sonic INFO ntpd[6182]: NTSc: Using system default root certificates.
2025 Feb 11 02:28:58.330697 sonic INFO systemd[1]: Started featured.service - Feature configuration daemon.
2025 Feb 11 02:28:58.470924 sonic INFO featured: ConfigDB connect success
2025 Feb 11 02:28:58.474863 sonic INFO featured[6223]: Traceback (most recent call last):
2025 Feb 11 02:28:58.474910 sonic INFO featured[6223]:   File "/usr/local/bin/featured", line 598, in <module>
2025 Feb 11 02:28:58.475027 sonic INFO featured[6223]:     main()
2025 Feb 11 02:28:58.475066 sonic INFO featured[6223]:   File "/usr/local/bin/featured", line 591, in main
2025 Feb 11 02:28:58.475187 sonic INFO featured[6223]:     daemon = FeatureDaemon()
2025 Feb 11 02:28:58.475219 sonic INFO featured[6223]:              ^^^^^^^^^^^^^^^
2025 Feb 11 02:28:58.475241 sonic INFO featured[6223]:   File "/usr/local/bin/featured", line 529, in __init__
2025 Feb 11 02:28:58.475305 sonic INFO featured[6223]:     self.feature_handler = FeatureHandler(self.config_db, feature_state_table, self.device_config, self.advanced_boot)
2025 Feb 11 02:28:58.475340 sonic INFO featured[6223]:                            ^^^^^^^^^^^^^^^^^^^^^^^^^^^^^^^^^^^^^^^^^^^^^^^^^^^^^^^^^^^^^^^^^^^^^^^^^^^^^^^^^^^^^^^^^^^
2025 Feb 11 02:28:58.475361 sonic INFO featured[6223]:   File "/usr/local/bin/featured", line 136, in __init__
2025 Feb 11 02:28:58.475401 sonic INFO featured[6223]:     self._device_running_config = device_info.get_device_runtime_metadata()
2025 Feb 11 02:28:58.475433 sonic INFO featured[6223]:                                   ^^^^^^^^^^^^^^^^^^^^^^^^^^^^^^^^^^^^^^^^^
2025 Feb 11 02:28:58.475457 sonic INFO featured[6223]:   File "/usr/local/lib/python3.11/dist-packages/sonic_py_common/device_info.py", line 680, in get_device_runtime_metadata
2025 Feb 11 02:28:58.475559 sonic INFO featured[6223]:     port_metadata = {'ETHERNET_PORTS_PRESENT': True if get_path_to_port_config_file(hwsku=None, asic="0" if is_multi_npu() else None) else False}
2025 Feb 11 02:28:58.475598 sonic INFO featured[6223]:                                                        ^^^^^^^^^^^^^^^^^^^^^^^^^^^^^^^^^^^^^^^^^^^^^^^^^^^^^^^^^^^^^^^^^^^^^^^^^^^^^^
2025 Feb 11 02:28:58.475615 sonic INFO featured[6223]:   File "/usr/local/lib/python3.11/dist-packages/sonic_py_common/device_info.py", line 446, in get_path_to_port_config_file
2025 Feb 11 02:28:58.475737 sonic INFO featured[6223]:     (platform_path, hwsku_path) = get_paths_to_platform_and_hwsku_dirs()
2025 Feb 11 02:28:58.475770 sonic INFO featured[6223]:                                   ^^^^^^^^^^^^^^^^^^^^^^^^^^^^^^^^^^^^^^
2025 Feb 11 02:28:58.475796 sonic INFO featured[6223]:   File "/usr/local/lib/python3.11/dist-packages/sonic_py_common/device_info.py", line 412, in get_paths_to_platform_and_hwsku_dirs
2025 Feb 11 02:28:58.475826 sonic INFO featured[6223]:     hwsku_path = os.path.join(platform_path, hwsku)
2025 Feb 11 02:28:58.475857 sonic INFO featured[6223]:                  ^^^^^^^^^^^^^^^^^^^^^^^^^^^^^^^^^^
2025 Feb 11 02:28:58.475882 sonic INFO featured[6223]:   File "<frozen posixpath>", line 90, in join
2025 Feb 11 02:28:58.475905 sonic INFO featured[6223]:   File "<frozen genericpath>", line 152, in _check_arg_types
2025 Feb 11 02:28:58.475935 sonic INFO featured[6223]: TypeError: join() argument must be str, bytes, or os.PathLike object, not 'NoneType'
2025 Feb 11 02:28:58.494230 sonic NOTICE systemd[1]: featured.service: Main process exited, code=exited, status=1/FAILURE
2025 Feb 11 02:28:58.494359 sonic WARNING systemd[1]: featured.service: Failed with result 'exit-code'.
2025 Feb 11 02:28:58.534557 sonic INFO systemd[1]: Started featured.service - Feature configuration daemon.
2025 Feb 11 02:28:58.676770 sonic INFO featured: ConfigDB connect success
2025 Feb 11 02:28:58.687078 sonic INFO featured[6224]: Traceback (most recent call last):
2025 Feb 11 02:28:58.687239 sonic INFO featured[6224]:   File "/usr/local/bin/featured", line 598, in <module>
2025 Feb 11 02:28:58.687510 sonic INFO featured[6224]:     main()
2025 Feb 11 02:28:58.687549 sonic INFO featured[6224]:   File "/usr/local/bin/featured", line 591, in main
2025 Feb 11 02:28:58.687772 sonic INFO featured[6224]:     daemon = FeatureDaemon()
2025 Feb 11 02:28:58.687813 sonic INFO featured[6224]:              ^^^^^^^^^^^^^^^
2025 Feb 11 02:28:58.687829 sonic INFO featured[6224]:   File "/usr/local/bin/featured", line 529, in __init__
2025 Feb 11 02:28:58.687961 sonic INFO featured[6224]:     self.feature_handler = FeatureHandler(self.config_db, feature_state_table, self.device_config, self.advanced_boot)
2025 Feb 11 02:28:58.687999 sonic INFO featured[6224]:                            ^^^^^^^^^^^^^^^^^^^^^^^^^^^^^^^^^^^^^^^^^^^^^^^^^^^^^^^^^^^^^^^^^^^^^^^^^^^^^^^^^^^^^^^^^^^
2025 Feb 11 02:28:58.688015 sonic INFO featured[6224]:   File "/usr/local/bin/featured", line 136, in __init__
2025 Feb 11 02:28:58.688125 sonic INFO featured[6224]:     self._device_running_config = device_info.get_device_runtime_metadata()
2025 Feb 11 02:28:58.688162 sonic INFO featured[6224]:                                   ^^^^^^^^^^^^^^^^^^^^^^^^^^^^^^^^^^^^^^^^^
2025 Feb 11 02:28:58.688179 sonic INFO featured[6224]:   File "/usr/local/lib/python3.11/dist-packages/sonic_py_common/device_info.py", line 680, in get_device_runtime_metadata
2025 Feb 11 02:28:58.688348 sonic INFO featured[6224]:     port_metadata = {'ETHERNET_PORTS_PRESENT': True if get_path_to_port_config_file(hwsku=None, asic="0" if is_multi_npu() else None) else False}
2025 Feb 11 02:28:58.688400 sonic INFO featured[6224]:                                                        ^^^^^^^^^^^^^^^^^^^^^^^^^^^^^^^^^^^^^^^^^^^^^^^^^^^^^^^^^^^^^^^^^^^^^^^^^^^^^^
2025 Feb 11 02:28:58.688424 sonic INFO featured[6224]:   File "/usr/local/lib/python3.11/dist-packages/sonic_py_common/device_info.py", line 446, in get_path_to_port_config_file
2025 Feb 11 02:28:58.688567 sonic INFO featured[6224]:     (platform_path, hwsku_path) = get_paths_to_platform_and_hwsku_dirs()
2025 Feb 11 02:28:58.688603 sonic INFO featured[6224]:                                   ^^^^^^^^^^^^^^^^^^^^^^^^^^^^^^^^^^^^^^
2025 Feb 11 02:28:58.688620 sonic INFO featured[6224]:   File "/usr/local/lib/python3.11/dist-packages/sonic_py_common/device_info.py", line 412, in get_paths_to_platform_and_hwsku_dirs
2025 Feb 11 02:28:58.688742 sonic INFO featured[6224]:     hwsku_path = os.path.join(platform_path, hwsku)
2025 Feb 11 02:28:58.688781 sonic INFO featured[6224]:                  ^^^^^^^^^^^^^^^^^^^^^^^^^^^^^^^^^^
2025 Feb 11 02:28:58.688802 sonic INFO featured[6224]:   File "<frozen posixpath>", line 90, in join
2025 Feb 11 02:28:58.688828 sonic INFO featured[6224]:   File "<frozen genericpath>", line 152, in _check_arg_types
2025 Feb 11 02:28:58.688849 sonic INFO featured[6224]: TypeError: join() argument must be str, bytes, or os.PathLike object, not 'NoneType'
2025 Feb 11 02:28:58.708879 sonic NOTICE systemd[1]: featured.service: Main process exited, code=exited, status=1/FAILURE
2025 Feb 11 02:28:58.709019 sonic WARNING systemd[1]: featured.service: Failed with result 'exit-code'.
2025 Feb 11 02:28:58.750600 sonic INFO systemd[1]: Started featured.service - Feature configuration daemon.
2025 Feb 11 02:28:58.882945 sonic INFO featured: ConfigDB connect success
2025 Feb 11 02:28:58.887013 sonic INFO featured[6225]: Traceback (most recent call last):
2025 Feb 11 02:28:58.887102 sonic INFO featured[6225]:   File "/usr/local/bin/featured", line 598, in <module>
2025 Feb 11 02:28:58.887165 sonic INFO featured[6225]:     main()
2025 Feb 11 02:28:58.887229 sonic INFO featured[6225]:   File "/usr/local/bin/featured", line 591, in main
2025 Feb 11 02:28:58.887438 sonic INFO featured[6225]:     daemon = FeatureDaemon()
2025 Feb 11 02:28:58.887508 sonic INFO featured[6225]:              ^^^^^^^^^^^^^^^
2025 Feb 11 02:28:58.887551 sonic INFO featured[6225]:   File "/usr/local/bin/featured", line 529, in __init__
2025 Feb 11 02:28:58.887604 sonic INFO featured[6225]:     self.feature_handler = FeatureHandler(self.config_db, feature_state_table, self.device_config, self.advanced_boot)
2025 Feb 11 02:28:58.887688 sonic INFO featured[6225]:                            ^^^^^^^^^^^^^^^^^^^^^^^^^^^^^^^^^^^^^^^^^^^^^^^^^^^^^^^^^^^^^^^^^^^^^^^^^^^^^^^^^^^^^^^^^^^
2025 Feb 11 02:28:58.887753 sonic INFO featured[6225]:   File "/usr/local/bin/featured", line 136, in __init__
2025 Feb 11 02:28:58.887807 sonic INFO featured[6225]:     self._device_running_config = device_info.get_device_runtime_metadata()
2025 Feb 11 02:28:58.887859 sonic INFO featured[6225]:                                   ^^^^^^^^^^^^^^^^^^^^^^^^^^^^^^^^^^^^^^^^^
2025 Feb 11 02:28:58.887904 sonic INFO featured[6225]:   File "/usr/local/lib/python3.11/dist-packages/sonic_py_common/device_info.py", line 680, in get_device_runtime_metadata
2025 Feb 11 02:28:58.888072 sonic INFO featured[6225]:     port_metadata = {'ETHERNET_PORTS_PRESENT': True if get_path_to_port_config_file(hwsku=None, asic="0" if is_multi_npu() else None) else False}
2025 Feb 11 02:28:58.888146 sonic INFO featured[6225]:                                                        ^^^^^^^^^^^^^^^^^^^^^^^^^^^^^^^^^^^^^^^^^^^^^^^^^^^^^^^^^^^^^^^^^^^^^^^^^^^^^^
2025 Feb 11 02:28:58.888194 sonic INFO featured[6225]:   File "/usr/local/lib/python3.11/dist-packages/sonic_py_common/device_info.py", line 446, in get_path_to_port_config_file
2025 Feb 11 02:28:58.888267 sonic INFO featured[6225]:     (platform_path, hwsku_path) = get_paths_to_platform_and_hwsku_dirs()
2025 Feb 11 02:28:58.888320 sonic INFO featured[6225]:                                   ^^^^^^^^^^^^^^^^^^^^^^^^^^^^^^^^^^^^^^
2025 Feb 11 02:28:58.888366 sonic INFO featured[6225]:   File "/usr/local/lib/python3.11/dist-packages/sonic_py_common/device_info.py", line 412, in get_paths_to_platform_and_hwsku_dirs
2025 Feb 11 02:28:58.888452 sonic INFO featured[6225]:     hwsku_path = os.path.join(platform_path, hwsku)
2025 Feb 11 02:28:58.888507 sonic INFO featured[6225]:                  ^^^^^^^^^^^^^^^^^^^^^^^^^^^^^^^^^^
2025 Feb 11 02:28:58.888549 sonic INFO featured[6225]:   File "<frozen posixpath>", line 90, in join
2025 Feb 11 02:28:58.888596 sonic INFO featured[6225]:   File "<frozen genericpath>", line 152, in _check_arg_types
2025 Feb 11 02:28:58.888667 sonic INFO featured[6225]: TypeError: join() argument must be str, bytes, or os.PathLike object, not 'NoneType'
2025 Feb 11 02:28:58.906228 sonic NOTICE systemd[1]: featured.service: Main process exited, code=exited, status=1/FAILURE
2025 Feb 11 02:28:58.906327 sonic WARNING systemd[1]: featured.service: Failed with result 'exit-code'.
2025 Feb 11 02:28:58.951707 sonic INFO systemd[1]: Started featured.service - Feature configuration daemon.
2025 Feb 11 02:28:59.112113 sonic INFO featured: ConfigDB connect success
2025 Feb 11 02:28:59.122603 sonic INFO featured[6229]: Traceback (most recent call last):
2025 Feb 11 02:28:59.122999 sonic INFO featured[6229]:   File "/usr/local/bin/featured", line 598, in <module>
2025 Feb 11 02:28:59.123077 sonic INFO featured[6229]:     main()
2025 Feb 11 02:28:59.123129 sonic INFO featured[6229]:   File "/usr/local/bin/featured", line 591, in main
2025 Feb 11 02:28:59.123188 sonic INFO featured[6229]:     daemon = FeatureDaemon()
2025 Feb 11 02:28:59.123282 sonic INFO featured[6229]:              ^^^^^^^^^^^^^^^
2025 Feb 11 02:28:59.123331 sonic INFO featured[6229]:   File "/usr/local/bin/featured", line 529, in __init__
2025 Feb 11 02:28:59.123385 sonic INFO featured[6229]:     self.feature_handler = FeatureHandler(self.config_db, feature_state_table, self.device_config, self.advanced_boot)
2025 Feb 11 02:28:59.123432 sonic INFO featured[6229]:                            ^^^^^^^^^^^^^^^^^^^^^^^^^^^^^^^^^^^^^^^^^^^^^^^^^^^^^^^^^^^^^^^^^^^^^^^^^^^^^^^^^^^^^^^^^^^
2025 Feb 11 02:28:59.123476 sonic INFO featured[6229]:   File "/usr/local/bin/featured", line 136, in __init__
2025 Feb 11 02:28:59.123529 sonic INFO featured[6229]:     self._device_running_config = device_info.get_device_runtime_metadata()
2025 Feb 11 02:28:59.123581 sonic INFO featured[6229]:                                   ^^^^^^^^^^^^^^^^^^^^^^^^^^^^^^^^^^^^^^^^^
2025 Feb 11 02:28:59.123624 sonic INFO featured[6229]:   File "/usr/local/lib/python3.11/dist-packages/sonic_py_common/device_info.py", line 680, in get_device_runtime_metadata
2025 Feb 11 02:28:59.123775 sonic INFO featured[6229]:     port_metadata = {'ETHERNET_PORTS_PRESENT': True if get_path_to_port_config_file(hwsku=None, asic="0" if is_multi_npu() else None) else False}
2025 Feb 11 02:28:59.123844 sonic INFO featured[6229]:                                                        ^^^^^^^^^^^^^^^^^^^^^^^^^^^^^^^^^^^^^^^^^^^^^^^^^^^^^^^^^^^^^^^^^^^^^^^^^^^^^^
2025 Feb 11 02:28:59.123892 sonic INFO featured[6229]:   File "/usr/local/lib/python3.11/dist-packages/sonic_py_common/device_info.py", line 446, in get_path_to_port_config_file
2025 Feb 11 02:28:59.124026 sonic INFO featured[6229]:     (platform_path, hwsku_path) = get_paths_to_platform_and_hwsku_dirs()
2025 Feb 11 02:28:59.124089 sonic INFO featured[6229]:                                   ^^^^^^^^^^^^^^^^^^^^^^^^^^^^^^^^^^^^^^
2025 Feb 11 02:28:59.124132 sonic INFO featured[6229]:   File "/usr/local/lib/python3.11/dist-packages/sonic_py_common/device_info.py", line 412, in get_paths_to_platform_and_hwsku_dirs
2025 Feb 11 02:28:59.124180 sonic INFO featured[6229]:     hwsku_path = os.path.join(platform_path, hwsku)
2025 Feb 11 02:28:59.124232 sonic INFO featured[6229]:                  ^^^^^^^^^^^^^^^^^^^^^^^^^^^^^^^^^^
2025 Feb 11 02:28:59.124274 sonic INFO featured[6229]:   File "<frozen posixpath>", line 90, in join
2025 Feb 11 02:28:59.124312 sonic INFO featured[6229]:   File "<frozen genericpath>", line 152, in _check_arg_types
2025 Feb 11 02:28:59.124350 sonic INFO featured[6229]: TypeError: join() argument must be str, bytes, or os.PathLike object, not 'NoneType'
2025 Feb 11 02:28:59.151902 sonic NOTICE systemd[1]: featured.service: Main process exited, code=exited, status=1/FAILURE
2025 Feb 11 02:28:59.152032 sonic WARNING systemd[1]: featured.service: Failed with result 'exit-code'.
2025 Feb 11 02:28:59.183013 sonic INFO systemd[1]: Started featured.service - Feature configuration daemon.
2025 Feb 11 02:28:59.326914 sonic INFO featured: ConfigDB connect success
2025 Feb 11 02:28:59.330987 sonic INFO featured[6230]: Traceback (most recent call last):
2025 Feb 11 02:28:59.331060 sonic INFO featured[6230]:   File "/usr/local/bin/featured", line 598, in <module>
2025 Feb 11 02:28:59.331190 sonic INFO featured[6230]:     main()
2025 Feb 11 02:28:59.331230 sonic INFO featured[6230]:   File "/usr/local/bin/featured", line 591, in main
2025 Feb 11 02:28:59.331405 sonic INFO featured[6230]:     daemon = FeatureDaemon()
2025 Feb 11 02:28:59.331445 sonic INFO featured[6230]:              ^^^^^^^^^^^^^^^
2025 Feb 11 02:28:59.331461 sonic INFO featured[6230]:   File "/usr/local/bin/featured", line 529, in __init__
2025 Feb 11 02:28:59.331605 sonic INFO featured[6230]:     self.feature_handler = FeatureHandler(self.config_db, feature_state_table, self.device_config, self.advanced_boot)
2025 Feb 11 02:28:59.331675 sonic INFO featured[6230]:                            ^^^^^^^^^^^^^^^^^^^^^^^^^^^^^^^^^^^^^^^^^^^^^^^^^^^^^^^^^^^^^^^^^^^^^^^^^^^^^^^^^^^^^^^^^^^
2025 Feb 11 02:28:59.331699 sonic INFO featured[6230]:   File "/usr/local/bin/featured", line 136, in __init__
2025 Feb 11 02:28:59.331809 sonic INFO featured[6230]:     self._device_running_config = device_info.get_device_runtime_metadata()
2025 Feb 11 02:28:59.331847 sonic INFO featured[6230]:                                   ^^^^^^^^^^^^^^^^^^^^^^^^^^^^^^^^^^^^^^^^^
2025 Feb 11 02:28:59.331864 sonic INFO featured[6230]:   File "/usr/local/lib/python3.11/dist-packages/sonic_py_common/device_info.py", line 680, in get_device_runtime_metadata
2025 Feb 11 02:28:59.332042 sonic INFO featured[6230]:     port_metadata = {'ETHERNET_PORTS_PRESENT': True if get_path_to_port_config_file(hwsku=None, asic="0" if is_multi_npu() else None) else False}
2025 Feb 11 02:28:59.332098 sonic INFO featured[6230]:                                                        ^^^^^^^^^^^^^^^^^^^^^^^^^^^^^^^^^^^^^^^^^^^^^^^^^^^^^^^^^^^^^^^^^^^^^^^^^^^^^^
2025 Feb 11 02:28:59.332122 sonic INFO featured[6230]:   File "/usr/local/lib/python3.11/dist-packages/sonic_py_common/device_info.py", line 446, in get_path_to_port_config_file
2025 Feb 11 02:28:59.332255 sonic INFO featured[6230]:     (platform_path, hwsku_path) = get_paths_to_platform_and_hwsku_dirs()
2025 Feb 11 02:28:59.332300 sonic INFO featured[6230]:                                   ^^^^^^^^^^^^^^^^^^^^^^^^^^^^^^^^^^^^^^
2025 Feb 11 02:28:59.332334 sonic INFO featured[6230]:   File "/usr/local/lib/python3.11/dist-packages/sonic_py_common/device_info.py", line 412, in get_paths_to_platform_and_hwsku_dirs
2025 Feb 11 02:28:59.332439 sonic INFO featured[6230]:     hwsku_path = os.path.join(platform_path, hwsku)
2025 Feb 11 02:28:59.332487 sonic INFO featured[6230]:                  ^^^^^^^^^^^^^^^^^^^^^^^^^^^^^^^^^^
2025 Feb 11 02:28:59.332519 sonic INFO featured[6230]:   File "<frozen posixpath>", line 90, in join
2025 Feb 11 02:28:59.332535 sonic INFO featured[6230]:   File "<frozen genericpath>", line 152, in _check_arg_types
2025 Feb 11 02:28:59.332560 sonic INFO featured[6230]: TypeError: join() argument must be str, bytes, or os.PathLike object, not 'NoneType'
2025 Feb 11 02:28:59.350897 sonic NOTICE systemd[1]: featured.service: Main process exited, code=exited, status=1/FAILURE
2025 Feb 11 02:28:59.350976 sonic WARNING systemd[1]: featured.service: Failed with result 'exit-code'.
2025 Feb 11 02:28:59.352580 sonic WARNING systemd[1]: featured.service: Start request repeated too quickly.
2025 Feb 11 02:28:59.352656 sonic WARNING systemd[1]: featured.service: Failed with result 'exit-code'.
2025 Feb 11 02:28:59.352688 sonic ERR systemd[1]: Failed to start featured.service - Feature configuration daemon.
2025 Feb 11 02:29:06.279855 sonic WARNING systemd[1]: featured.service: Start request repeated too quickly.
2025 Feb 11 02:29:06.280067 sonic WARNING systemd[1]: featured.service: Failed with result 'exit-code'.
2025 Feb 11 02:29:06.280120 sonic ERR systemd[1]: Failed to start featured.service - Feature configuration daemon.
2025 Feb 11 02:29:06.779079 sonic INFO systemd[1]: caclmgrd.service: Scheduled restart job, restart counter is at 4.
2025 Feb 11 02:29:06.779346 sonic INFO systemd[1]: Stopped caclmgrd.service - Control Plane ACL configuration daemon.
2025 Feb 11 02:29:06.794252 sonic INFO systemd[1]: Started caclmgrd.service - Control Plane ACL configuration daemon.
2025 Feb 11 02:29:06.794666 sonic WARNING systemd[1]: featured.service: Start request repeated too quickly.
2025 Feb 11 02:29:06.794731 sonic WARNING systemd[1]: featured.service: Failed with result 'exit-code'.
2025 Feb 11 02:29:06.794796 sonic ERR systemd[1]: Failed to start featured.service - Feature configuration daemon.
2025 Feb 11 02:29:06.796664 sonic WARNING systemd[1]: featured.service: Start request repeated too quickly.
2025 Feb 11 02:29:06.796714 sonic WARNING systemd[1]: featured.service: Failed with result 'exit-code'.
2025 Feb 11 02:29:06.796835 sonic ERR systemd[1]: Failed to start featured.service - Feature configuration daemon.
2025 Feb 11 02:29:06.909645 sonic INFO caclmgrd[6256]: Traceback (most recent call last):
2025 Feb 11 02:29:06.909711 sonic INFO caclmgrd[6256]:   File "/usr/local/bin/caclmgrd", line 1146, in <module>
2025 Feb 11 02:29:06.909748 sonic INFO caclmgrd[6256]:     main()
2025 Feb 11 02:29:06.909773 sonic INFO caclmgrd[6256]:   File "/usr/local/bin/caclmgrd", line 1137, in main
2025 Feb 11 02:29:06.909814 sonic INFO caclmgrd[6256]:     caclmgr = ControlPlaneAclManager(SYSLOG_IDENTIFIER)
2025 Feb 11 02:29:06.909858 sonic INFO caclmgrd[6256]:               ^^^^^^^^^^^^^^^^^^^^^^^^^^^^^^^^^^^^^^^^^
2025 Feb 11 02:29:06.909886 sonic INFO caclmgrd[6256]:   File "/usr/local/bin/caclmgrd", line 156, in __init__
2025 Feb 11 02:29:06.909934 sonic INFO caclmgrd[6256]:     if 'subtype' in metadata['localhost'] and metadata['localhost']['subtype'] == 'DualToR':
2025 Feb 11 02:29:06.909976 sonic INFO caclmgrd[6256]:                     ~~~~~~~~^^^^^^^^^^^^^
2025 Feb 11 02:29:06.910012 sonic INFO caclmgrd[6256]: KeyError: 'localhost'
2025 Feb 11 02:29:06.921248 sonic NOTICE systemd[1]: caclmgrd.service: Main process exited, code=exited, status=1/FAILURE
2025 Feb 11 02:29:06.921389 sonic WARNING systemd[1]: caclmgrd.service: Failed with result 'exit-code'.
2025 Feb 11 02:29:06.923383 sonic WARNING systemd[1]: featured.service: Start request repeated too quickly.
2025 Feb 11 02:29:06.923438 sonic WARNING systemd[1]: featured.service: Failed with result 'exit-code'.
2025 Feb 11 02:29:06.923484 sonic ERR systemd[1]: Failed to start featured.service - Feature configuration daemon.
2025 Feb 11 02:29:28.298570 sonic INFO systemd[1]: Started featured.service - Feature configuration daemon.
2025 Feb 11 02:29:28.440243 sonic INFO featured: ConfigDB connect success
2025 Feb 11 02:29:28.444216 sonic INFO featured[6335]: Traceback (most recent call last):
2025 Feb 11 02:29:28.444264 sonic INFO featured[6335]:   File "/usr/local/bin/featured", line 598, in <module>
2025 Feb 11 02:29:28.444436 sonic INFO featured[6335]:     main()
2025 Feb 11 02:29:28.444483 sonic INFO featured[6335]:   File "/usr/local/bin/featured", line 591, in main
2025 Feb 11 02:29:28.444617 sonic INFO featured[6335]:     daemon = FeatureDaemon()
2025 Feb 11 02:29:28.444662 sonic INFO featured[6335]:              ^^^^^^^^^^^^^^^
2025 Feb 11 02:29:28.444688 sonic INFO featured[6335]:   File "/usr/local/bin/featured", line 529, in __init__
2025 Feb 11 02:29:28.444740 sonic INFO featured[6335]:     self.feature_handler = FeatureHandler(self.config_db, feature_state_table, self.device_config, self.advanced_boot)
2025 Feb 11 02:29:28.444776 sonic INFO featured[6335]:                            ^^^^^^^^^^^^^^^^^^^^^^^^^^^^^^^^^^^^^^^^^^^^^^^^^^^^^^^^^^^^^^^^^^^^^^^^^^^^^^^^^^^^^^^^^^^
2025 Feb 11 02:29:28.444797 sonic INFO featured[6335]:   File "/usr/local/bin/featured", line 136, in __init__
2025 Feb 11 02:29:28.444844 sonic INFO featured[6335]:     self._device_running_config = device_info.get_device_runtime_metadata()
2025 Feb 11 02:29:28.444876 sonic INFO featured[6335]:                                   ^^^^^^^^^^^^^^^^^^^^^^^^^^^^^^^^^^^^^^^^^
2025 Feb 11 02:29:28.444901 sonic INFO featured[6335]:   File "/usr/local/lib/python3.11/dist-packages/sonic_py_common/device_info.py", line 680, in get_device_runtime_metadata
2025 Feb 11 02:29:28.445005 sonic INFO featured[6335]:     port_metadata = {'ETHERNET_PORTS_PRESENT': True if get_path_to_port_config_file(hwsku=None, asic="0" if is_multi_npu() else None) else False}
2025 Feb 11 02:29:28.445043 sonic INFO featured[6335]:                                                        ^^^^^^^^^^^^^^^^^^^^^^^^^^^^^^^^^^^^^^^^^^^^^^^^^^^^^^^^^^^^^^^^^^^^^^^^^^^^^^
2025 Feb 11 02:29:28.445060 sonic INFO featured[6335]:   File "/usr/local/lib/python3.11/dist-packages/sonic_py_common/device_info.py", line 446, in get_path_to_port_config_file
2025 Feb 11 02:29:28.445126 sonic INFO featured[6335]:     (platform_path, hwsku_path) = get_paths_to_platform_and_hwsku_dirs()
2025 Feb 11 02:29:28.445158 sonic INFO featured[6335]:                                   ^^^^^^^^^^^^^^^^^^^^^^^^^^^^^^^^^^^^^^
2025 Feb 11 02:29:28.445182 sonic INFO featured[6335]:   File "/usr/local/lib/python3.11/dist-packages/sonic_py_common/device_info.py", line 412, in get_paths_to_platform_and_hwsku_dirs
2025 Feb 11 02:29:28.445232 sonic INFO featured[6335]:     hwsku_path = os.path.join(platform_path, hwsku)
2025 Feb 11 02:29:28.445265 sonic INFO featured[6335]:                  ^^^^^^^^^^^^^^^^^^^^^^^^^^^^^^^^^^
2025 Feb 11 02:29:28.445290 sonic INFO featured[6335]:   File "<frozen posixpath>", line 90, in join
2025 Feb 11 02:29:28.445314 sonic INFO featured[6335]:   File "<frozen genericpath>", line 152, in _check_arg_types
2025 Feb 11 02:29:28.445339 sonic INFO featured[6335]: TypeError: join() argument must be str, bytes, or os.PathLike object, not 'NoneType'
2025 Feb 11 02:29:28.463403 sonic NOTICE systemd[1]: featured.service: Main process exited, code=exited, status=1/FAILURE
2025 Feb 11 02:29:28.463559 sonic WARNING systemd[1]: featured.service: Failed with result 'exit-code'.
2025 Feb 11 02:29:28.500079 sonic INFO systemd[1]: Started featured.service - Feature configuration daemon.
2025 Feb 11 02:29:28.637346 sonic INFO featured: ConfigDB connect success
2025 Feb 11 02:29:28.641336 sonic INFO featured[6336]: Traceback (most recent call last):
2025 Feb 11 02:29:28.641393 sonic INFO featured[6336]:   File "/usr/local/bin/featured", line 598, in <module>
2025 Feb 11 02:29:28.641514 sonic INFO featured[6336]:     main()
2025 Feb 11 02:29:28.641549 sonic INFO featured[6336]:   File "/usr/local/bin/featured", line 591, in main
2025 Feb 11 02:29:28.641743 sonic INFO featured[6336]:     daemon = FeatureDaemon()
2025 Feb 11 02:29:28.641784 sonic INFO featured[6336]:              ^^^^^^^^^^^^^^^
2025 Feb 11 02:29:28.641800 sonic INFO featured[6336]:   File "/usr/local/bin/featured", line 529, in __init__
2025 Feb 11 02:29:28.641884 sonic INFO featured[6336]:     self.feature_handler = FeatureHandler(self.config_db, feature_state_table, self.device_config, self.advanced_boot)
2025 Feb 11 02:29:28.641923 sonic INFO featured[6336]:                            ^^^^^^^^^^^^^^^^^^^^^^^^^^^^^^^^^^^^^^^^^^^^^^^^^^^^^^^^^^^^^^^^^^^^^^^^^^^^^^^^^^^^^^^^^^^
2025 Feb 11 02:29:28.641939 sonic INFO featured[6336]:   File "/usr/local/bin/featured", line 136, in __init__
2025 Feb 11 02:29:28.641970 sonic INFO featured[6336]:     self._device_running_config = device_info.get_device_runtime_metadata()
2025 Feb 11 02:29:28.642001 sonic INFO featured[6336]:                                   ^^^^^^^^^^^^^^^^^^^^^^^^^^^^^^^^^^^^^^^^^
2025 Feb 11 02:29:28.642025 sonic INFO featured[6336]:   File "/usr/local/lib/python3.11/dist-packages/sonic_py_common/device_info.py", line 680, in get_device_runtime_metadata
2025 Feb 11 02:29:28.642110 sonic INFO featured[6336]:     port_metadata = {'ETHERNET_PORTS_PRESENT': True if get_path_to_port_config_file(hwsku=None, asic="0" if is_multi_npu() else None) else False}
2025 Feb 11 02:29:28.642162 sonic INFO featured[6336]:                                                        ^^^^^^^^^^^^^^^^^^^^^^^^^^^^^^^^^^^^^^^^^^^^^^^^^^^^^^^^^^^^^^^^^^^^^^^^^^^^^^
2025 Feb 11 02:29:28.642190 sonic INFO featured[6336]:   File "/usr/local/lib/python3.11/dist-packages/sonic_py_common/device_info.py", line 446, in get_path_to_port_config_file
2025 Feb 11 02:29:28.642254 sonic INFO featured[6336]:     (platform_path, hwsku_path) = get_paths_to_platform_and_hwsku_dirs()
2025 Feb 11 02:29:28.642285 sonic INFO featured[6336]:                                   ^^^^^^^^^^^^^^^^^^^^^^^^^^^^^^^^^^^^^^
2025 Feb 11 02:29:28.642309 sonic INFO featured[6336]:   File "/usr/local/lib/python3.11/dist-packages/sonic_py_common/device_info.py", line 412, in get_paths_to_platform_and_hwsku_dirs
2025 Feb 11 02:29:28.642358 sonic INFO featured[6336]:     hwsku_path = os.path.join(platform_path, hwsku)
2025 Feb 11 02:29:28.642390 sonic INFO featured[6336]:                  ^^^^^^^^^^^^^^^^^^^^^^^^^^^^^^^^^^
2025 Feb 11 02:29:28.642416 sonic INFO featured[6336]:   File "<frozen posixpath>", line 90, in join
2025 Feb 11 02:29:28.642440 sonic INFO featured[6336]:   File "<frozen genericpath>", line 152, in _check_arg_types
2025 Feb 11 02:29:28.642472 sonic INFO featured[6336]: TypeError: join() argument must be str, bytes, or os.PathLike object, not 'NoneType'
2025 Feb 11 02:29:28.660014 sonic NOTICE systemd[1]: featured.service: Main process exited, code=exited, status=1/FAILURE
2025 Feb 11 02:29:28.660166 sonic WARNING systemd[1]: featured.service: Failed with result 'exit-code'.
2025 Feb 11 02:29:28.726397 sonic INFO systemd[1]: Started featured.service - Feature configuration daemon.
2025 Feb 11 02:29:28.855412 sonic INFO featured: ConfigDB connect success
2025 Feb 11 02:29:28.859336 sonic INFO featured[6338]: Traceback (most recent call last):
2025 Feb 11 02:29:28.859385 sonic INFO featured[6338]:   File "/usr/local/bin/featured", line 598, in <module>
2025 Feb 11 02:29:28.859499 sonic INFO featured[6338]:     main()
2025 Feb 11 02:29:28.859537 sonic INFO featured[6338]:   File "/usr/local/bin/featured", line 591, in main
2025 Feb 11 02:29:28.859682 sonic INFO featured[6338]:     daemon = FeatureDaemon()
2025 Feb 11 02:29:28.859715 sonic INFO featured[6338]:              ^^^^^^^^^^^^^^^
2025 Feb 11 02:29:28.859741 sonic INFO featured[6338]:   File "/usr/local/bin/featured", line 529, in __init__
2025 Feb 11 02:29:28.859800 sonic INFO featured[6338]:     self.feature_handler = FeatureHandler(self.config_db, feature_state_table, self.device_config, self.advanced_boot)
2025 Feb 11 02:29:28.859836 sonic INFO featured[6338]:                            ^^^^^^^^^^^^^^^^^^^^^^^^^^^^^^^^^^^^^^^^^^^^^^^^^^^^^^^^^^^^^^^^^^^^^^^^^^^^^^^^^^^^^^^^^^^
2025 Feb 11 02:29:28.859857 sonic INFO featured[6338]:   File "/usr/local/bin/featured", line 136, in __init__
2025 Feb 11 02:29:28.859906 sonic INFO featured[6338]:     self._device_running_config = device_info.get_device_runtime_metadata()
2025 Feb 11 02:29:28.859938 sonic INFO featured[6338]:                                   ^^^^^^^^^^^^^^^^^^^^^^^^^^^^^^^^^^^^^^^^^
2025 Feb 11 02:29:28.859963 sonic INFO featured[6338]:   File "/usr/local/lib/python3.11/dist-packages/sonic_py_common/device_info.py", line 680, in get_device_runtime_metadata
2025 Feb 11 02:29:28.860070 sonic INFO featured[6338]:     port_metadata = {'ETHERNET_PORTS_PRESENT': True if get_path_to_port_config_file(hwsku=None, asic="0" if is_multi_npu() else None) else False}
2025 Feb 11 02:29:28.860108 sonic INFO featured[6338]:                                                        ^^^^^^^^^^^^^^^^^^^^^^^^^^^^^^^^^^^^^^^^^^^^^^^^^^^^^^^^^^^^^^^^^^^^^^^^^^^^^^
2025 Feb 11 02:29:28.860125 sonic INFO featured[6338]:   File "/usr/local/lib/python3.11/dist-packages/sonic_py_common/device_info.py", line 446, in get_path_to_port_config_file
2025 Feb 11 02:29:28.860190 sonic INFO featured[6338]:     (platform_path, hwsku_path) = get_paths_to_platform_and_hwsku_dirs()
2025 Feb 11 02:29:28.860222 sonic INFO featured[6338]:                                   ^^^^^^^^^^^^^^^^^^^^^^^^^^^^^^^^^^^^^^
2025 Feb 11 02:29:28.860246 sonic INFO featured[6338]:   File "/usr/local/lib/python3.11/dist-packages/sonic_py_common/device_info.py", line 412, in get_paths_to_platform_and_hwsku_dirs
2025 Feb 11 02:29:28.860295 sonic INFO featured[6338]:     hwsku_path = os.path.join(platform_path, hwsku)
2025 Feb 11 02:29:28.860328 sonic INFO featured[6338]:                  ^^^^^^^^^^^^^^^^^^^^^^^^^^^^^^^^^^
2025 Feb 11 02:29:28.860353 sonic INFO featured[6338]:   File "<frozen posixpath>", line 90, in join
2025 Feb 11 02:29:28.860377 sonic INFO featured[6338]:   File "<frozen genericpath>", line 152, in _check_arg_types
2025 Feb 11 02:29:28.860401 sonic INFO featured[6338]: TypeError: join() argument must be str, bytes, or os.PathLike object, not 'NoneType'
2025 Feb 11 02:29:28.877882 sonic NOTICE systemd[1]: featured.service: Main process exited, code=exited, status=1/FAILURE
2025 Feb 11 02:29:28.878023 sonic WARNING systemd[1]: featured.service: Failed with result 'exit-code'.
2025 Feb 11 02:29:28.924095 sonic INFO systemd[1]: Started featured.service - Feature configuration daemon.
2025 Feb 11 02:29:29.057810 sonic INFO featured: ConfigDB connect success
2025 Feb 11 02:29:29.061917 sonic INFO featured[6340]: Traceback (most recent call last):
2025 Feb 11 02:29:29.061960 sonic INFO featured[6340]:   File "/usr/local/bin/featured", line 598, in <module>
2025 Feb 11 02:29:29.062083 sonic INFO featured[6340]:     main()
2025 Feb 11 02:29:29.062122 sonic INFO featured[6340]:   File "/usr/local/bin/featured", line 591, in main
2025 Feb 11 02:29:29.062242 sonic INFO featured[6340]:     daemon = FeatureDaemon()
2025 Feb 11 02:29:29.062282 sonic INFO featured[6340]:              ^^^^^^^^^^^^^^^
2025 Feb 11 02:29:29.062299 sonic INFO featured[6340]:   File "/usr/local/bin/featured", line 529, in __init__
2025 Feb 11 02:29:29.062359 sonic INFO featured[6340]:     self.feature_handler = FeatureHandler(self.config_db, feature_state_table, self.device_config, self.advanced_boot)
2025 Feb 11 02:29:29.062405 sonic INFO featured[6340]:                            ^^^^^^^^^^^^^^^^^^^^^^^^^^^^^^^^^^^^^^^^^^^^^^^^^^^^^^^^^^^^^^^^^^^^^^^^^^^^^^^^^^^^^^^^^^^
2025 Feb 11 02:29:29.062431 sonic INFO featured[6340]:   File "/usr/local/bin/featured", line 136, in __init__
2025 Feb 11 02:29:29.062461 sonic INFO featured[6340]:     self._device_running_config = device_info.get_device_runtime_metadata()
2025 Feb 11 02:29:29.062492 sonic INFO featured[6340]:                                   ^^^^^^^^^^^^^^^^^^^^^^^^^^^^^^^^^^^^^^^^^
2025 Feb 11 02:29:29.062517 sonic INFO featured[6340]:   File "/usr/local/lib/python3.11/dist-packages/sonic_py_common/device_info.py", line 680, in get_device_runtime_metadata
2025 Feb 11 02:29:29.062646 sonic INFO featured[6340]:     port_metadata = {'ETHERNET_PORTS_PRESENT': True if get_path_to_port_config_file(hwsku=None, asic="0" if is_multi_npu() else None) else False}
2025 Feb 11 02:29:29.062685 sonic INFO featured[6340]:                                                        ^^^^^^^^^^^^^^^^^^^^^^^^^^^^^^^^^^^^^^^^^^^^^^^^^^^^^^^^^^^^^^^^^^^^^^^^^^^^^^
2025 Feb 11 02:29:29.062703 sonic INFO featured[6340]:   File "/usr/local/lib/python3.11/dist-packages/sonic_py_common/device_info.py", line 446, in get_path_to_port_config_file
2025 Feb 11 02:29:29.062768 sonic INFO featured[6340]:     (platform_path, hwsku_path) = get_paths_to_platform_and_hwsku_dirs()
2025 Feb 11 02:29:29.062800 sonic INFO featured[6340]:                                   ^^^^^^^^^^^^^^^^^^^^^^^^^^^^^^^^^^^^^^
2025 Feb 11 02:29:29.062825 sonic INFO featured[6340]:   File "/usr/local/lib/python3.11/dist-packages/sonic_py_common/device_info.py", line 412, in get_paths_to_platform_and_hwsku_dirs
2025 Feb 11 02:29:29.062872 sonic INFO featured[6340]:     hwsku_path = os.path.join(platform_path, hwsku)
2025 Feb 11 02:29:29.062905 sonic INFO featured[6340]:                  ^^^^^^^^^^^^^^^^^^^^^^^^^^^^^^^^^^
2025 Feb 11 02:29:29.062930 sonic INFO featured[6340]:   File "<frozen posixpath>", line 90, in join
2025 Feb 11 02:29:29.062954 sonic INFO featured[6340]:   File "<frozen genericpath>", line 152, in _check_arg_types
2025 Feb 11 02:29:29.062978 sonic INFO featured[6340]: TypeError: join() argument must be str, bytes, or os.PathLike object, not 'NoneType'
2025 Feb 11 02:29:29.080493 sonic NOTICE systemd[1]: featured.service: Main process exited, code=exited, status=1/FAILURE
2025 Feb 11 02:29:29.080657 sonic WARNING systemd[1]: featured.service: Failed with result 'exit-code'.
2025 Feb 11 02:29:29.127865 sonic INFO systemd[1]: Started featured.service - Feature configuration daemon.
2025 Feb 11 02:29:29.280825 sonic INFO featured: ConfigDB connect success
2025 Feb 11 02:29:29.284868 sonic INFO featured[6341]: Traceback (most recent call last):
2025 Feb 11 02:29:29.284919 sonic INFO featured[6341]:   File "/usr/local/bin/featured", line 598, in <module>
2025 Feb 11 02:29:29.285023 sonic INFO featured[6341]:     main()
2025 Feb 11 02:29:29.285061 sonic INFO featured[6341]:   File "/usr/local/bin/featured", line 591, in main
2025 Feb 11 02:29:29.285178 sonic INFO featured[6341]:     daemon = FeatureDaemon()
2025 Feb 11 02:29:29.285219 sonic INFO featured[6341]:              ^^^^^^^^^^^^^^^
2025 Feb 11 02:29:29.285236 sonic INFO featured[6341]:   File "/usr/local/bin/featured", line 529, in __init__
2025 Feb 11 02:29:29.285296 sonic INFO featured[6341]:     self.feature_handler = FeatureHandler(self.config_db, feature_state_table, self.device_config, self.advanced_boot)
2025 Feb 11 02:29:29.285344 sonic INFO featured[6341]:                            ^^^^^^^^^^^^^^^^^^^^^^^^^^^^^^^^^^^^^^^^^^^^^^^^^^^^^^^^^^^^^^^^^^^^^^^^^^^^^^^^^^^^^^^^^^^
2025 Feb 11 02:29:29.285370 sonic INFO featured[6341]:   File "/usr/local/bin/featured", line 136, in __init__
2025 Feb 11 02:29:29.285410 sonic INFO featured[6341]:     self._device_running_config = device_info.get_device_runtime_metadata()
2025 Feb 11 02:29:29.285444 sonic INFO featured[6341]:                                   ^^^^^^^^^^^^^^^^^^^^^^^^^^^^^^^^^^^^^^^^^
2025 Feb 11 02:29:29.285460 sonic INFO featured[6341]:   File "/usr/local/lib/python3.11/dist-packages/sonic_py_common/device_info.py", line 680, in get_device_runtime_metadata
2025 Feb 11 02:29:29.285646 sonic INFO featured[6341]:     port_metadata = {'ETHERNET_PORTS_PRESENT': True if get_path_to_port_config_file(hwsku=None, asic="0" if is_multi_npu() else None) else False}
2025 Feb 11 02:29:29.285701 sonic INFO featured[6341]:                                                        ^^^^^^^^^^^^^^^^^^^^^^^^^^^^^^^^^^^^^^^^^^^^^^^^^^^^^^^^^^^^^^^^^^^^^^^^^^^^^^
2025 Feb 11 02:29:29.285719 sonic INFO featured[6341]:   File "/usr/local/lib/python3.11/dist-packages/sonic_py_common/device_info.py", line 446, in get_path_to_port_config_file
2025 Feb 11 02:29:29.285750 sonic INFO featured[6341]:     (platform_path, hwsku_path) = get_paths_to_platform_and_hwsku_dirs()
2025 Feb 11 02:29:29.285781 sonic INFO featured[6341]:                                   ^^^^^^^^^^^^^^^^^^^^^^^^^^^^^^^^^^^^^^
2025 Feb 11 02:29:29.285798 sonic INFO featured[6341]:   File "/usr/local/lib/python3.11/dist-packages/sonic_py_common/device_info.py", line 412, in get_paths_to_platform_and_hwsku_dirs
2025 Feb 11 02:29:29.285856 sonic INFO featured[6341]:     hwsku_path = os.path.join(platform_path, hwsku)
2025 Feb 11 02:29:29.285890 sonic INFO featured[6341]:                  ^^^^^^^^^^^^^^^^^^^^^^^^^^^^^^^^^^
2025 Feb 11 02:29:29.285908 sonic INFO featured[6341]:   File "<frozen posixpath>", line 90, in join
2025 Feb 11 02:29:29.285924 sonic INFO featured[6341]:   File "<frozen genericpath>", line 152, in _check_arg_types
2025 Feb 11 02:29:29.285940 sonic INFO featured[6341]: TypeError: join() argument must be str, bytes, or os.PathLike object, not 'NoneType'
2025 Feb 11 02:29:29.304385 sonic NOTICE systemd[1]: featured.service: Main process exited, code=exited, status=1/FAILURE
2025 Feb 11 02:29:29.304485 sonic WARNING systemd[1]: featured.service: Failed with result 'exit-code'.
2025 Feb 11 02:29:29.306377 sonic WARNING systemd[1]: featured.service: Start request repeated too quickly.
2025 Feb 11 02:29:29.306459 sonic WARNING systemd[1]: featured.service: Failed with result 'exit-code'.
2025 Feb 11 02:29:29.306504 sonic ERR systemd[1]: Failed to start featured.service - Feature configuration daemon.
2025 Feb 11 02:29:36.280497 sonic WARNING systemd[1]: featured.service: Start request repeated too quickly.
2025 Feb 11 02:29:36.280682 sonic WARNING systemd[1]: featured.service: Failed with result 'exit-code'.
2025 Feb 11 02:29:36.280714 sonic ERR systemd[1]: Failed to start featured.service - Feature configuration daemon.
2025 Feb 11 02:29:37.030000 sonic INFO systemd[1]: caclmgrd.service: Scheduled restart job, restart counter is at 5.
2025 Feb 11 02:29:37.030205 sonic INFO systemd[1]: Stopped caclmgrd.service - Control Plane ACL configuration daemon.
2025 Feb 11 02:29:37.058329 sonic INFO systemd[1]: Started caclmgrd.service - Control Plane ACL configuration daemon.
2025 Feb 11 02:29:37.058715 sonic WARNING systemd[1]: featured.service: Start request repeated too quickly.
2025 Feb 11 02:29:37.058765 sonic WARNING systemd[1]: featured.service: Failed with result 'exit-code'.
2025 Feb 11 02:29:37.058839 sonic ERR systemd[1]: Failed to start featured.service - Feature configuration daemon.
2025 Feb 11 02:29:37.060855 sonic WARNING systemd[1]: featured.service: Start request repeated too quickly.
2025 Feb 11 02:29:37.060902 sonic WARNING systemd[1]: featured.service: Failed with result 'exit-code'.
2025 Feb 11 02:29:37.060972 sonic ERR systemd[1]: Failed to start featured.service - Feature configuration daemon.
2025 Feb 11 02:29:37.166609 sonic INFO caclmgrd[6362]: Traceback (most recent call last):
2025 Feb 11 02:29:37.166677 sonic INFO caclmgrd[6362]:   File "/usr/local/bin/caclmgrd", line 1146, in <module>
2025 Feb 11 02:29:37.166718 sonic INFO caclmgrd[6362]:     main()
2025 Feb 11 02:29:37.166750 sonic INFO caclmgrd[6362]:   File "/usr/local/bin/caclmgrd", line 1137, in main
2025 Feb 11 02:29:37.166766 sonic INFO caclmgrd[6362]:     caclmgr = ControlPlaneAclManager(SYSLOG_IDENTIFIER)
2025 Feb 11 02:29:37.166783 sonic INFO caclmgrd[6362]:               ^^^^^^^^^^^^^^^^^^^^^^^^^^^^^^^^^^^^^^^^^
2025 Feb 11 02:29:37.166808 sonic INFO caclmgrd[6362]:   File "/usr/local/bin/caclmgrd", line 156, in __init__
2025 Feb 11 02:29:37.166840 sonic INFO caclmgrd[6362]:     if 'subtype' in metadata['localhost'] and metadata['localhost']['subtype'] == 'DualToR':
2025 Feb 11 02:29:37.166869 sonic INFO caclmgrd[6362]:                     ~~~~~~~~^^^^^^^^^^^^^
2025 Feb 11 02:29:37.166884 sonic INFO caclmgrd[6362]: KeyError: 'localhost'
2025 Feb 11 02:29:37.182246 sonic NOTICE systemd[1]: caclmgrd.service: Main process exited, code=exited, status=1/FAILURE
2025 Feb 11 02:29:37.182376 sonic WARNING systemd[1]: caclmgrd.service: Failed with result 'exit-code'.
2025 Feb 11 02:29:37.184518 sonic WARNING systemd[1]: featured.service: Start request repeated too quickly.
2025 Feb 11 02:29:37.184592 sonic WARNING systemd[1]: featured.service: Failed with result 'exit-code'.
2025 Feb 11 02:29:37.184682 sonic ERR systemd[1]: Failed to start featured.service - Feature configuration daemon.
2025 Feb 11 02:29:58.322994 sonic INFO systemd[1]: Started featured.service - Feature configuration daemon.
2025 Feb 11 02:29:58.454026 sonic INFO featured: ConfigDB connect success
2025 Feb 11 02:29:58.463637 sonic INFO featured[6417]: Traceback (most recent call last):
2025 Feb 11 02:29:58.463848 sonic INFO featured[6417]:   File "/usr/local/bin/featured", line 598, in <module>
2025 Feb 11 02:29:58.463908 sonic INFO featured[6417]:     main()
2025 Feb 11 02:29:58.463936 sonic INFO featured[6417]:   File "/usr/local/bin/featured", line 591, in main
2025 Feb 11 02:29:58.463961 sonic INFO featured[6417]:     daemon = FeatureDaemon()
2025 Feb 11 02:29:58.463987 sonic INFO featured[6417]:              ^^^^^^^^^^^^^^^
2025 Feb 11 02:29:58.464004 sonic INFO featured[6417]:   File "/usr/local/bin/featured", line 529, in __init__
2025 Feb 11 02:29:58.464027 sonic INFO featured[6417]:     self.feature_handler = FeatureHandler(self.config_db, feature_state_table, self.device_config, self.advanced_boot)
2025 Feb 11 02:29:58.464103 sonic INFO featured[6417]:                            ^^^^^^^^^^^^^^^^^^^^^^^^^^^^^^^^^^^^^^^^^^^^^^^^^^^^^^^^^^^^^^^^^^^^^^^^^^^^^^^^^^^^^^^^^^^
2025 Feb 11 02:29:58.464135 sonic INFO featured[6417]:   File "/usr/local/bin/featured", line 136, in __init__
2025 Feb 11 02:29:58.464158 sonic INFO featured[6417]:     self._device_running_config = device_info.get_device_runtime_metadata()
2025 Feb 11 02:29:58.464190 sonic INFO featured[6417]:                                   ^^^^^^^^^^^^^^^^^^^^^^^^^^^^^^^^^^^^^^^^^
2025 Feb 11 02:29:58.464215 sonic INFO featured[6417]:   File "/usr/local/lib/python3.11/dist-packages/sonic_py_common/device_info.py", line 680, in get_device_runtime_metadata
2025 Feb 11 02:29:58.464330 sonic INFO featured[6417]:     port_metadata = {'ETHERNET_PORTS_PRESENT': True if get_path_to_port_config_file(hwsku=None, asic="0" if is_multi_npu() else None) else False}
2025 Feb 11 02:29:58.464370 sonic INFO featured[6417]:                                                        ^^^^^^^^^^^^^^^^^^^^^^^^^^^^^^^^^^^^^^^^^^^^^^^^^^^^^^^^^^^^^^^^^^^^^^^^^^^^^^
2025 Feb 11 02:29:58.464386 sonic INFO featured[6417]:   File "/usr/local/lib/python3.11/dist-packages/sonic_py_common/device_info.py", line 446, in get_path_to_port_config_file
2025 Feb 11 02:29:58.464469 sonic INFO featured[6417]:     (platform_path, hwsku_path) = get_paths_to_platform_and_hwsku_dirs()
2025 Feb 11 02:29:58.464503 sonic INFO featured[6417]:                                   ^^^^^^^^^^^^^^^^^^^^^^^^^^^^^^^^^^^^^^
2025 Feb 11 02:29:58.464520 sonic INFO featured[6417]:   File "/usr/local/lib/python3.11/dist-packages/sonic_py_common/device_info.py", line 412, in get_paths_to_platform_and_hwsku_dirs
2025 Feb 11 02:29:58.464589 sonic INFO featured[6417]:     hwsku_path = os.path.join(platform_path, hwsku)
2025 Feb 11 02:29:58.464629 sonic INFO featured[6417]:                  ^^^^^^^^^^^^^^^^^^^^^^^^^^^^^^^^^^
2025 Feb 11 02:29:58.464645 sonic INFO featured[6417]:   File "<frozen posixpath>", line 90, in join
2025 Feb 11 02:29:58.464661 sonic INFO featured[6417]:   File "<frozen genericpath>", line 152, in _check_arg_types
2025 Feb 11 02:29:58.464686 sonic INFO featured[6417]: TypeError: join() argument must be str, bytes, or os.PathLike object, not 'NoneType'
2025 Feb 11 02:29:58.484251 sonic NOTICE systemd[1]: featured.service: Main process exited, code=exited, status=1/FAILURE
2025 Feb 11 02:29:58.485345 sonic WARNING systemd[1]: featured.service: Failed with result 'exit-code'.
2025 Feb 11 02:29:58.522740 sonic INFO systemd[1]: Started featured.service - Feature configuration daemon.
2025 Feb 11 02:29:58.664730 sonic INFO featured: ConfigDB connect success
2025 Feb 11 02:29:58.668686 sonic INFO featured[6418]: Traceback (most recent call last):
2025 Feb 11 02:29:58.668747 sonic INFO featured[6418]:   File "/usr/local/bin/featured", line 598, in <module>
2025 Feb 11 02:29:58.668884 sonic INFO featured[6418]:     main()
2025 Feb 11 02:29:58.668923 sonic INFO featured[6418]:   File "/usr/local/bin/featured", line 591, in main
2025 Feb 11 02:29:58.669042 sonic INFO featured[6418]:     daemon = FeatureDaemon()
2025 Feb 11 02:29:58.669080 sonic INFO featured[6418]:              ^^^^^^^^^^^^^^^
2025 Feb 11 02:29:58.669097 sonic INFO featured[6418]:   File "/usr/local/bin/featured", line 529, in __init__
2025 Feb 11 02:29:58.669162 sonic INFO featured[6418]:     self.feature_handler = FeatureHandler(self.config_db, feature_state_table, self.device_config, self.advanced_boot)
2025 Feb 11 02:29:58.669211 sonic INFO featured[6418]:                            ^^^^^^^^^^^^^^^^^^^^^^^^^^^^^^^^^^^^^^^^^^^^^^^^^^^^^^^^^^^^^^^^^^^^^^^^^^^^^^^^^^^^^^^^^^^
2025 Feb 11 02:29:58.669238 sonic INFO featured[6418]:   File "/usr/local/bin/featured", line 136, in __init__
2025 Feb 11 02:29:58.669268 sonic INFO featured[6418]:     self._device_running_config = device_info.get_device_runtime_metadata()
2025 Feb 11 02:29:58.669298 sonic INFO featured[6418]:                                   ^^^^^^^^^^^^^^^^^^^^^^^^^^^^^^^^^^^^^^^^^
2025 Feb 11 02:29:58.669323 sonic INFO featured[6418]:   File "/usr/local/lib/python3.11/dist-packages/sonic_py_common/device_info.py", line 680, in get_device_runtime_metadata
2025 Feb 11 02:29:58.669412 sonic INFO featured[6418]:     port_metadata = {'ETHERNET_PORTS_PRESENT': True if get_path_to_port_config_file(hwsku=None, asic="0" if is_multi_npu() else None) else False}
2025 Feb 11 02:29:58.669463 sonic INFO featured[6418]:                                                        ^^^^^^^^^^^^^^^^^^^^^^^^^^^^^^^^^^^^^^^^^^^^^^^^^^^^^^^^^^^^^^^^^^^^^^^^^^^^^^
2025 Feb 11 02:29:58.669521 sonic INFO featured[6418]:   File "/usr/local/lib/python3.11/dist-packages/sonic_py_common/device_info.py", line 446, in get_path_to_port_config_file
2025 Feb 11 02:29:58.669656 sonic INFO featured[6418]:     (platform_path, hwsku_path) = get_paths_to_platform_and_hwsku_dirs()
2025 Feb 11 02:29:58.669694 sonic INFO featured[6418]:                                   ^^^^^^^^^^^^^^^^^^^^^^^^^^^^^^^^^^^^^^
2025 Feb 11 02:29:58.669710 sonic INFO featured[6418]:   File "/usr/local/lib/python3.11/dist-packages/sonic_py_common/device_info.py", line 412, in get_paths_to_platform_and_hwsku_dirs
2025 Feb 11 02:29:58.669746 sonic INFO featured[6418]:     hwsku_path = os.path.join(platform_path, hwsku)
2025 Feb 11 02:29:58.669782 sonic INFO featured[6418]:                  ^^^^^^^^^^^^^^^^^^^^^^^^^^^^^^^^^^
2025 Feb 11 02:29:58.669808 sonic INFO featured[6418]:   File "<frozen posixpath>", line 90, in join
2025 Feb 11 02:29:58.669824 sonic INFO featured[6418]:   File "<frozen genericpath>", line 152, in _check_arg_types
2025 Feb 11 02:29:58.669848 sonic INFO featured[6418]: TypeError: join() argument must be str, bytes, or os.PathLike object, not 'NoneType'
2025 Feb 11 02:29:58.687624 sonic NOTICE systemd[1]: featured.service: Main process exited, code=exited, status=1/FAILURE
2025 Feb 11 02:29:58.687756 sonic WARNING systemd[1]: featured.service: Failed with result 'exit-code'.
2025 Feb 11 02:29:58.735996 sonic INFO systemd[1]: Started featured.service - Feature configuration daemon.
2025 Feb 11 02:29:58.879495 sonic INFO featured: ConfigDB connect success
2025 Feb 11 02:29:58.883470 sonic INFO featured[6421]: Traceback (most recent call last):
2025 Feb 11 02:29:58.883520 sonic INFO featured[6421]:   File "/usr/local/bin/featured", line 598, in <module>
2025 Feb 11 02:29:58.883699 sonic INFO featured[6421]:     main()
2025 Feb 11 02:29:58.883738 sonic INFO featured[6421]:   File "/usr/local/bin/featured", line 591, in main
2025 Feb 11 02:29:58.883861 sonic INFO featured[6421]:     daemon = FeatureDaemon()
2025 Feb 11 02:29:58.883894 sonic INFO featured[6421]:              ^^^^^^^^^^^^^^^
2025 Feb 11 02:29:58.883917 sonic INFO featured[6421]:   File "/usr/local/bin/featured", line 529, in __init__
2025 Feb 11 02:29:58.883999 sonic INFO featured[6421]:     self.feature_handler = FeatureHandler(self.config_db, feature_state_table, self.device_config, self.advanced_boot)
2025 Feb 11 02:29:58.884038 sonic INFO featured[6421]:                            ^^^^^^^^^^^^^^^^^^^^^^^^^^^^^^^^^^^^^^^^^^^^^^^^^^^^^^^^^^^^^^^^^^^^^^^^^^^^^^^^^^^^^^^^^^^
2025 Feb 11 02:29:58.884059 sonic INFO featured[6421]:   File "/usr/local/bin/featured", line 136, in __init__
2025 Feb 11 02:29:58.884082 sonic INFO featured[6421]:     self._device_running_config = device_info.get_device_runtime_metadata()
2025 Feb 11 02:29:58.884105 sonic INFO featured[6421]:                                   ^^^^^^^^^^^^^^^^^^^^^^^^^^^^^^^^^^^^^^^^^
2025 Feb 11 02:29:58.884124 sonic INFO featured[6421]:   File "/usr/local/lib/python3.11/dist-packages/sonic_py_common/device_info.py", line 680, in get_device_runtime_metadata
2025 Feb 11 02:29:58.884244 sonic INFO featured[6421]:     port_metadata = {'ETHERNET_PORTS_PRESENT': True if get_path_to_port_config_file(hwsku=None, asic="0" if is_multi_npu() else None) else False}
2025 Feb 11 02:29:58.884283 sonic INFO featured[6421]:                                                        ^^^^^^^^^^^^^^^^^^^^^^^^^^^^^^^^^^^^^^^^^^^^^^^^^^^^^^^^^^^^^^^^^^^^^^^^^^^^^^
2025 Feb 11 02:29:58.884301 sonic INFO featured[6421]:   File "/usr/local/lib/python3.11/dist-packages/sonic_py_common/device_info.py", line 446, in get_path_to_port_config_file
2025 Feb 11 02:29:58.884369 sonic INFO featured[6421]:     (platform_path, hwsku_path) = get_paths_to_platform_and_hwsku_dirs()
2025 Feb 11 02:29:58.884401 sonic INFO featured[6421]:                                   ^^^^^^^^^^^^^^^^^^^^^^^^^^^^^^^^^^^^^^
2025 Feb 11 02:29:58.884418 sonic INFO featured[6421]:   File "/usr/local/lib/python3.11/dist-packages/sonic_py_common/device_info.py", line 412, in get_paths_to_platform_and_hwsku_dirs
2025 Feb 11 02:29:58.884483 sonic INFO featured[6421]:     hwsku_path = os.path.join(platform_path, hwsku)
2025 Feb 11 02:29:58.884515 sonic INFO featured[6421]:                  ^^^^^^^^^^^^^^^^^^^^^^^^^^^^^^^^^^
2025 Feb 11 02:29:58.884533 sonic INFO featured[6421]:   File "<frozen posixpath>", line 90, in join
2025 Feb 11 02:29:58.884565 sonic INFO featured[6421]:   File "<frozen genericpath>", line 152, in _check_arg_types
2025 Feb 11 02:29:58.884587 sonic INFO featured[6421]: TypeError: join() argument must be str, bytes, or os.PathLike object, not 'NoneType'
2025 Feb 11 02:29:58.902121 sonic NOTICE systemd[1]: featured.service: Main process exited, code=exited, status=1/FAILURE
2025 Feb 11 02:29:58.902250 sonic WARNING systemd[1]: featured.service: Failed with result 'exit-code'.
2025 Feb 11 02:29:58.926441 sonic INFO systemd[1]: Started featured.service - Feature configuration daemon.
2025 Feb 11 02:29:59.056685 sonic INFO featured: ConfigDB connect success
2025 Feb 11 02:29:59.060692 sonic INFO featured[6422]: Traceback (most recent call last):
2025 Feb 11 02:29:59.060749 sonic INFO featured[6422]:   File "/usr/local/bin/featured", line 598, in <module>
2025 Feb 11 02:29:59.060844 sonic INFO featured[6422]:     main()
2025 Feb 11 02:29:59.060883 sonic INFO featured[6422]:   File "/usr/local/bin/featured", line 591, in main
2025 Feb 11 02:29:59.061001 sonic INFO featured[6422]:     daemon = FeatureDaemon()
2025 Feb 11 02:29:59.061044 sonic INFO featured[6422]:              ^^^^^^^^^^^^^^^
2025 Feb 11 02:29:59.061062 sonic INFO featured[6422]:   File "/usr/local/bin/featured", line 529, in __init__
2025 Feb 11 02:29:59.061119 sonic INFO featured[6422]:     self.feature_handler = FeatureHandler(self.config_db, feature_state_table, self.device_config, self.advanced_boot)
2025 Feb 11 02:29:59.061155 sonic INFO featured[6422]:                            ^^^^^^^^^^^^^^^^^^^^^^^^^^^^^^^^^^^^^^^^^^^^^^^^^^^^^^^^^^^^^^^^^^^^^^^^^^^^^^^^^^^^^^^^^^^
2025 Feb 11 02:29:59.061177 sonic INFO featured[6422]:   File "/usr/local/bin/featured", line 136, in __init__
2025 Feb 11 02:29:59.061224 sonic INFO featured[6422]:     self._device_running_config = device_info.get_device_runtime_metadata()
2025 Feb 11 02:29:59.061256 sonic INFO featured[6422]:                                   ^^^^^^^^^^^^^^^^^^^^^^^^^^^^^^^^^^^^^^^^^
2025 Feb 11 02:29:59.061273 sonic INFO featured[6422]:   File "/usr/local/lib/python3.11/dist-packages/sonic_py_common/device_info.py", line 680, in get_device_runtime_metadata
2025 Feb 11 02:29:59.061410 sonic INFO featured[6422]:     port_metadata = {'ETHERNET_PORTS_PRESENT': True if get_path_to_port_config_file(hwsku=None, asic="0" if is_multi_npu() else None) else False}
2025 Feb 11 02:29:59.061449 sonic INFO featured[6422]:                                                        ^^^^^^^^^^^^^^^^^^^^^^^^^^^^^^^^^^^^^^^^^^^^^^^^^^^^^^^^^^^^^^^^^^^^^^^^^^^^^^
2025 Feb 11 02:29:59.061473 sonic INFO featured[6422]:   File "/usr/local/lib/python3.11/dist-packages/sonic_py_common/device_info.py", line 446, in get_path_to_port_config_file
2025 Feb 11 02:29:59.061554 sonic INFO featured[6422]:     (platform_path, hwsku_path) = get_paths_to_platform_and_hwsku_dirs()
2025 Feb 11 02:29:59.061585 sonic INFO featured[6422]:                                   ^^^^^^^^^^^^^^^^^^^^^^^^^^^^^^^^^^^^^^
2025 Feb 11 02:29:59.061602 sonic INFO featured[6422]:   File "/usr/local/lib/python3.11/dist-packages/sonic_py_common/device_info.py", line 412, in get_paths_to_platform_and_hwsku_dirs
2025 Feb 11 02:29:59.061674 sonic INFO featured[6422]:     hwsku_path = os.path.join(platform_path, hwsku)
2025 Feb 11 02:29:59.061707 sonic INFO featured[6422]:                  ^^^^^^^^^^^^^^^^^^^^^^^^^^^^^^^^^^
2025 Feb 11 02:29:59.061724 sonic INFO featured[6422]:   File "<frozen posixpath>", line 90, in join
2025 Feb 11 02:29:59.061740 sonic INFO featured[6422]:   File "<frozen genericpath>", line 152, in _check_arg_types
2025 Feb 11 02:29:59.061757 sonic INFO featured[6422]: TypeError: join() argument must be str, bytes, or os.PathLike object, not 'NoneType'
2025 Feb 11 02:29:59.079248 sonic NOTICE systemd[1]: featured.service: Main process exited, code=exited, status=1/FAILURE
2025 Feb 11 02:29:59.079416 sonic WARNING systemd[1]: featured.service: Failed with result 'exit-code'.
2025 Feb 11 02:29:59.110439 sonic INFO systemd[1]: Started featured.service - Feature configuration daemon.
2025 Feb 11 02:29:59.248932 sonic INFO featured: ConfigDB connect success
2025 Feb 11 02:29:59.253284 sonic INFO featured[6423]: Traceback (most recent call last):
2025 Feb 11 02:29:59.253335 sonic INFO featured[6423]:   File "/usr/local/bin/featured", line 598, in <module>
2025 Feb 11 02:29:59.253517 sonic INFO featured[6423]:     main()
2025 Feb 11 02:29:59.253583 sonic INFO featured[6423]:   File "/usr/local/bin/featured", line 591, in main
2025 Feb 11 02:29:59.253711 sonic INFO featured[6423]:     daemon = FeatureDaemon()
2025 Feb 11 02:29:59.253763 sonic INFO featured[6423]:              ^^^^^^^^^^^^^^^
2025 Feb 11 02:29:59.253786 sonic INFO featured[6423]:   File "/usr/local/bin/featured", line 529, in __init__
2025 Feb 11 02:29:59.253819 sonic INFO featured[6423]:     self.feature_handler = FeatureHandler(self.config_db, feature_state_table, self.device_config, self.advanced_boot)
2025 Feb 11 02:29:59.253869 sonic INFO featured[6423]:                            ^^^^^^^^^^^^^^^^^^^^^^^^^^^^^^^^^^^^^^^^^^^^^^^^^^^^^^^^^^^^^^^^^^^^^^^^^^^^^^^^^^^^^^^^^^^
2025 Feb 11 02:29:59.253897 sonic INFO featured[6423]:   File "/usr/local/bin/featured", line 136, in __init__
2025 Feb 11 02:29:59.253935 sonic INFO featured[6423]:     self._device_running_config = device_info.get_device_runtime_metadata()
2025 Feb 11 02:29:59.253967 sonic INFO featured[6423]:                                   ^^^^^^^^^^^^^^^^^^^^^^^^^^^^^^^^^^^^^^^^^
2025 Feb 11 02:29:59.253984 sonic INFO featured[6423]:   File "/usr/local/lib/python3.11/dist-packages/sonic_py_common/device_info.py", line 680, in get_device_runtime_metadata
2025 Feb 11 02:29:59.254098 sonic INFO featured[6423]:     port_metadata = {'ETHERNET_PORTS_PRESENT': True if get_path_to_port_config_file(hwsku=None, asic="0" if is_multi_npu() else None) else False}
2025 Feb 11 02:29:59.254142 sonic INFO featured[6423]:                                                        ^^^^^^^^^^^^^^^^^^^^^^^^^^^^^^^^^^^^^^^^^^^^^^^^^^^^^^^^^^^^^^^^^^^^^^^^^^^^^^
2025 Feb 11 02:29:59.254165 sonic INFO featured[6423]:   File "/usr/local/lib/python3.11/dist-packages/sonic_py_common/device_info.py", line 446, in get_path_to_port_config_file
2025 Feb 11 02:29:59.254224 sonic INFO featured[6423]:     (platform_path, hwsku_path) = get_paths_to_platform_and_hwsku_dirs()
2025 Feb 11 02:29:59.254257 sonic INFO featured[6423]:                                   ^^^^^^^^^^^^^^^^^^^^^^^^^^^^^^^^^^^^^^
2025 Feb 11 02:29:59.254274 sonic INFO featured[6423]:   File "/usr/local/lib/python3.11/dist-packages/sonic_py_common/device_info.py", line 412, in get_paths_to_platform_and_hwsku_dirs
2025 Feb 11 02:29:59.254330 sonic INFO featured[6423]:     hwsku_path = os.path.join(platform_path, hwsku)
2025 Feb 11 02:29:59.254363 sonic INFO featured[6423]:                  ^^^^^^^^^^^^^^^^^^^^^^^^^^^^^^^^^^
2025 Feb 11 02:29:59.254380 sonic INFO featured[6423]:   File "<frozen posixpath>", line 90, in join
2025 Feb 11 02:29:59.254396 sonic INFO featured[6423]:   File "<frozen genericpath>", line 152, in _check_arg_types
2025 Feb 11 02:29:59.254413 sonic INFO featured[6423]: TypeError: join() argument must be str, bytes, or os.PathLike object, not 'NoneType'
2025 Feb 11 02:29:59.272417 sonic NOTICE systemd[1]: featured.service: Main process exited, code=exited, status=1/FAILURE
2025 Feb 11 02:29:59.272574 sonic WARNING systemd[1]: featured.service: Failed with result 'exit-code'.
2025 Feb 11 02:29:59.274437 sonic WARNING systemd[1]: featured.service: Start request repeated too quickly.
2025 Feb 11 02:29:59.274499 sonic WARNING systemd[1]: featured.service: Failed with result 'exit-code'.
2025 Feb 11 02:29:59.274566 sonic ERR systemd[1]: Failed to start featured.service - Feature configuration daemon.
2025 Feb 11 02:30:07.279163 sonic INFO systemd[1]: caclmgrd.service: Scheduled restart job, restart counter is at 6.
2025 Feb 11 02:30:07.280763 sonic INFO systemd[1]: Stopped caclmgrd.service - Control Plane ACL configuration daemon.
2025 Feb 11 02:30:07.310270 sonic INFO systemd[1]: Started caclmgrd.service - Control Plane ACL configuration daemon.
2025 Feb 11 02:30:07.310703 sonic WARNING systemd[1]: featured.service: Start request repeated too quickly.
2025 Feb 11 02:30:07.310751 sonic WARNING systemd[1]: featured.service: Failed with result 'exit-code'.
2025 Feb 11 02:30:07.310866 sonic ERR systemd[1]: Failed to start featured.service - Feature configuration daemon.
2025 Feb 11 02:30:07.313084 sonic INFO systemd[1]: Starting sysstat-collect.service - system activity accounting tool...
2025 Feb 11 02:30:07.315499 sonic INFO systemd[1]: Starting logrotate.service - Rotate log files...
2025 Feb 11 02:30:07.318875 sonic INFO systemd[1]: sysstat-collect.service: Deactivated successfully.
2025 Feb 11 02:30:07.319210 sonic INFO systemd[1]: Finished sysstat-collect.service - system activity accounting tool.
2025 Feb 11 02:30:07.320241 sonic WARNING systemd[1]: featured.service: Start request repeated too quickly.
2025 Feb 11 02:30:07.320296 sonic WARNING systemd[1]: featured.service: Failed with result 'exit-code'.
2025 Feb 11 02:30:07.320373 sonic ERR systemd[1]: Failed to start featured.service - Feature configuration daemon.
2025 Feb 11 02:30:07.430744 sonic INFO rsyslogd: [origin software="rsyslogd" swVersion="8.2302.0" x-pid="4265" x-info="https://www.rsyslog.com"] rsyslogd was HUPed
2025 Feb 11 02:30:07.431347 sonic INFO systemd[1]: logrotate.service: Deactivated successfully.
2025 Feb 11 02:30:07.431745 sonic INFO systemd[1]: Finished logrotate.service - Rotate log files.
2025 Feb 11 02:30:07.433905 sonic WARNING systemd[1]: featured.service: Start request repeated too quickly.
2025 Feb 11 02:30:07.434057 sonic WARNING systemd[1]: featured.service: Failed with result 'exit-code'.
2025 Feb 11 02:30:07.434124 sonic ERR systemd[1]: Failed to start featured.service - Feature configuration daemon.
2025 Feb 11 02:30:07.453840 sonic INFO caclmgrd[6444]: Traceback (most recent call last):
2025 Feb 11 02:30:07.453899 sonic INFO caclmgrd[6444]:   File "/usr/local/bin/caclmgrd", line 1146, in <module>
2025 Feb 11 02:30:07.453929 sonic INFO caclmgrd[6444]:     main()
2025 Feb 11 02:30:07.453966 sonic INFO caclmgrd[6444]:   File "/usr/local/bin/caclmgrd", line 1137, in main
2025 Feb 11 02:30:07.454006 sonic INFO caclmgrd[6444]:     caclmgr = ControlPlaneAclManager(SYSLOG_IDENTIFIER)
2025 Feb 11 02:30:07.454044 sonic INFO caclmgrd[6444]:               ^^^^^^^^^^^^^^^^^^^^^^^^^^^^^^^^^^^^^^^^^
2025 Feb 11 02:30:07.454061 sonic INFO caclmgrd[6444]:   File "/usr/local/bin/caclmgrd", line 156, in __init__
2025 Feb 11 02:30:07.454092 sonic INFO caclmgrd[6444]:     if 'subtype' in metadata['localhost'] and metadata['localhost']['subtype'] == 'DualToR':
2025 Feb 11 02:30:07.454123 sonic INFO caclmgrd[6444]:                     ~~~~~~~~^^^^^^^^^^^^^
2025 Feb 11 02:30:07.454148 sonic INFO caclmgrd[6444]: KeyError: 'localhost'
2025 Feb 11 02:30:07.468342 sonic NOTICE systemd[1]: caclmgrd.service: Main process exited, code=exited, status=1/FAILURE
2025 Feb 11 02:30:07.468800 sonic WARNING systemd[1]: caclmgrd.service: Failed with result 'exit-code'.
2025 Feb 11 02:30:07.471372 sonic WARNING systemd[1]: featured.service: Start request repeated too quickly.
2025 Feb 11 02:30:07.471471 sonic WARNING systemd[1]: featured.service: Failed with result 'exit-code'.
2025 Feb 11 02:30:07.471568 sonic ERR systemd[1]: Failed to start featured.service - Feature configuration daemon.
2025 Feb 11 02:30:28.312083 sonic INFO systemd[1]: Started featured.service - Feature configuration daemon.
2025 Feb 11 02:30:28.449921 sonic INFO featured: ConfigDB connect success
2025 Feb 11 02:30:28.454247 sonic INFO featured[6506]: Traceback (most recent call last):
2025 Feb 11 02:30:28.454326 sonic INFO featured[6506]:   File "/usr/local/bin/featured", line 598, in <module>
2025 Feb 11 02:30:28.454354 sonic INFO featured[6506]:     main()
2025 Feb 11 02:30:28.454377 sonic INFO featured[6506]:   File "/usr/local/bin/featured", line 591, in main
2025 Feb 11 02:30:28.454535 sonic INFO featured[6506]:     daemon = FeatureDaemon()
2025 Feb 11 02:30:28.454595 sonic INFO featured[6506]:              ^^^^^^^^^^^^^^^
2025 Feb 11 02:30:28.454612 sonic INFO featured[6506]:   File "/usr/local/bin/featured", line 529, in __init__
2025 Feb 11 02:30:28.454701 sonic INFO featured[6506]:     self.feature_handler = FeatureHandler(self.config_db, feature_state_table, self.device_config, self.advanced_boot)
2025 Feb 11 02:30:28.454748 sonic INFO featured[6506]:                            ^^^^^^^^^^^^^^^^^^^^^^^^^^^^^^^^^^^^^^^^^^^^^^^^^^^^^^^^^^^^^^^^^^^^^^^^^^^^^^^^^^^^^^^^^^^
2025 Feb 11 02:30:28.454765 sonic INFO featured[6506]:   File "/usr/local/bin/featured", line 136, in __init__
2025 Feb 11 02:30:28.454787 sonic INFO featured[6506]:     self._device_running_config = device_info.get_device_runtime_metadata()
2025 Feb 11 02:30:28.454809 sonic INFO featured[6506]:                                   ^^^^^^^^^^^^^^^^^^^^^^^^^^^^^^^^^^^^^^^^^
2025 Feb 11 02:30:28.454826 sonic INFO featured[6506]:   File "/usr/local/lib/python3.11/dist-packages/sonic_py_common/device_info.py", line 680, in get_device_runtime_metadata
2025 Feb 11 02:30:28.454957 sonic INFO featured[6506]:     port_metadata = {'ETHERNET_PORTS_PRESENT': True if get_path_to_port_config_file(hwsku=None, asic="0" if is_multi_npu() else None) else False}
2025 Feb 11 02:30:28.455003 sonic INFO featured[6506]:                                                        ^^^^^^^^^^^^^^^^^^^^^^^^^^^^^^^^^^^^^^^^^^^^^^^^^^^^^^^^^^^^^^^^^^^^^^^^^^^^^^
2025 Feb 11 02:30:28.455020 sonic INFO featured[6506]:   File "/usr/local/lib/python3.11/dist-packages/sonic_py_common/device_info.py", line 446, in get_path_to_port_config_file
2025 Feb 11 02:30:28.455090 sonic INFO featured[6506]:     (platform_path, hwsku_path) = get_paths_to_platform_and_hwsku_dirs()
2025 Feb 11 02:30:28.455132 sonic INFO featured[6506]:                                   ^^^^^^^^^^^^^^^^^^^^^^^^^^^^^^^^^^^^^^
2025 Feb 11 02:30:28.455194 sonic INFO featured[6506]:   File "/usr/local/lib/python3.11/dist-packages/sonic_py_common/device_info.py", line 412, in get_paths_to_platform_and_hwsku_dirs
2025 Feb 11 02:30:28.455244 sonic INFO featured[6506]:     hwsku_path = os.path.join(platform_path, hwsku)
2025 Feb 11 02:30:28.455260 sonic INFO featured[6506]:                  ^^^^^^^^^^^^^^^^^^^^^^^^^^^^^^^^^^
2025 Feb 11 02:30:28.455276 sonic INFO featured[6506]:   File "<frozen posixpath>", line 90, in join
2025 Feb 11 02:30:28.455292 sonic INFO featured[6506]:   File "<frozen genericpath>", line 152, in _check_arg_types
2025 Feb 11 02:30:28.455319 sonic INFO featured[6506]: TypeError: join() argument must be str, bytes, or os.PathLike object, not 'NoneType'
2025 Feb 11 02:30:28.473858 sonic NOTICE systemd[1]: featured.service: Main process exited, code=exited, status=1/FAILURE
2025 Feb 11 02:30:28.473981 sonic WARNING systemd[1]: featured.service: Failed with result 'exit-code'.
2025 Feb 11 02:30:28.506810 sonic INFO systemd[1]: Started featured.service - Feature configuration daemon.
2025 Feb 11 02:30:28.640321 sonic INFO featured: ConfigDB connect success
2025 Feb 11 02:30:28.644810 sonic INFO featured[6507]: Traceback (most recent call last):
2025 Feb 11 02:30:28.644884 sonic INFO featured[6507]:   File "/usr/local/bin/featured", line 598, in <module>
2025 Feb 11 02:30:28.644935 sonic INFO featured[6507]:     main()
2025 Feb 11 02:30:28.644978 sonic INFO featured[6507]:   File "/usr/local/bin/featured", line 591, in main
2025 Feb 11 02:30:28.645102 sonic INFO featured[6507]:     daemon = FeatureDaemon()
2025 Feb 11 02:30:28.645171 sonic INFO featured[6507]:              ^^^^^^^^^^^^^^^
2025 Feb 11 02:30:28.645212 sonic INFO featured[6507]:   File "/usr/local/bin/featured", line 529, in __init__
2025 Feb 11 02:30:28.645259 sonic INFO featured[6507]:     self.feature_handler = FeatureHandler(self.config_db, feature_state_table, self.device_config, self.advanced_boot)
2025 Feb 11 02:30:28.645306 sonic INFO featured[6507]:                            ^^^^^^^^^^^^^^^^^^^^^^^^^^^^^^^^^^^^^^^^^^^^^^^^^^^^^^^^^^^^^^^^^^^^^^^^^^^^^^^^^^^^^^^^^^^
2025 Feb 11 02:30:28.645323 sonic INFO featured[6507]:   File "/usr/local/bin/featured", line 136, in __init__
2025 Feb 11 02:30:28.645339 sonic INFO featured[6507]:     self._device_running_config = device_info.get_device_runtime_metadata()
2025 Feb 11 02:30:28.645360 sonic INFO featured[6507]:                                   ^^^^^^^^^^^^^^^^^^^^^^^^^^^^^^^^^^^^^^^^^
2025 Feb 11 02:30:28.645376 sonic INFO featured[6507]:   File "/usr/local/lib/python3.11/dist-packages/sonic_py_common/device_info.py", line 680, in get_device_runtime_metadata
2025 Feb 11 02:30:28.645472 sonic INFO featured[6507]:     port_metadata = {'ETHERNET_PORTS_PRESENT': True if get_path_to_port_config_file(hwsku=None, asic="0" if is_multi_npu() else None) else False}
2025 Feb 11 02:30:28.645617 sonic INFO featured[6507]:                                                        ^^^^^^^^^^^^^^^^^^^^^^^^^^^^^^^^^^^^^^^^^^^^^^^^^^^^^^^^^^^^^^^^^^^^^^^^^^^^^^
2025 Feb 11 02:30:28.645662 sonic INFO featured[6507]:   File "/usr/local/lib/python3.11/dist-packages/sonic_py_common/device_info.py", line 446, in get_path_to_port_config_file
2025 Feb 11 02:30:28.645731 sonic INFO featured[6507]:     (platform_path, hwsku_path) = get_paths_to_platform_and_hwsku_dirs()
2025 Feb 11 02:30:28.645773 sonic INFO featured[6507]:                                   ^^^^^^^^^^^^^^^^^^^^^^^^^^^^^^^^^^^^^^
2025 Feb 11 02:30:28.645789 sonic INFO featured[6507]:   File "/usr/local/lib/python3.11/dist-packages/sonic_py_common/device_info.py", line 412, in get_paths_to_platform_and_hwsku_dirs
2025 Feb 11 02:30:28.645850 sonic INFO featured[6507]:     hwsku_path = os.path.join(platform_path, hwsku)
2025 Feb 11 02:30:28.645893 sonic INFO featured[6507]:                  ^^^^^^^^^^^^^^^^^^^^^^^^^^^^^^^^^^
2025 Feb 11 02:30:28.645928 sonic INFO featured[6507]:   File "<frozen posixpath>", line 90, in join
2025 Feb 11 02:30:28.645944 sonic INFO featured[6507]:   File "<frozen genericpath>", line 152, in _check_arg_types
2025 Feb 11 02:30:28.645981 sonic INFO featured[6507]: TypeError: join() argument must be str, bytes, or os.PathLike object, not 'NoneType'
2025 Feb 11 02:30:28.671998 sonic NOTICE systemd[1]: featured.service: Main process exited, code=exited, status=1/FAILURE
2025 Feb 11 02:30:28.672170 sonic WARNING systemd[1]: featured.service: Failed with result 'exit-code'.
2025 Feb 11 02:30:28.720259 sonic INFO systemd[1]: Started featured.service - Feature configuration daemon.
2025 Feb 11 02:30:28.857817 sonic INFO featured: ConfigDB connect success
2025 Feb 11 02:30:28.861875 sonic INFO featured[6508]: Traceback (most recent call last):
2025 Feb 11 02:30:28.861947 sonic INFO featured[6508]:   File "/usr/local/bin/featured", line 598, in <module>
2025 Feb 11 02:30:28.861987 sonic INFO featured[6508]:     main()
2025 Feb 11 02:30:28.862009 sonic INFO featured[6508]:   File "/usr/local/bin/featured", line 591, in main
2025 Feb 11 02:30:28.862145 sonic INFO featured[6508]:     daemon = FeatureDaemon()
2025 Feb 11 02:30:28.862186 sonic INFO featured[6508]:              ^^^^^^^^^^^^^^^
2025 Feb 11 02:30:28.862203 sonic INFO featured[6508]:   File "/usr/local/bin/featured", line 529, in __init__
2025 Feb 11 02:30:28.862254 sonic INFO featured[6508]:     self.feature_handler = FeatureHandler(self.config_db, feature_state_table, self.device_config, self.advanced_boot)
2025 Feb 11 02:30:28.862301 sonic INFO featured[6508]:                            ^^^^^^^^^^^^^^^^^^^^^^^^^^^^^^^^^^^^^^^^^^^^^^^^^^^^^^^^^^^^^^^^^^^^^^^^^^^^^^^^^^^^^^^^^^^
2025 Feb 11 02:30:28.862327 sonic INFO featured[6508]:   File "/usr/local/bin/featured", line 136, in __init__
2025 Feb 11 02:30:28.862358 sonic INFO featured[6508]:     self._device_running_config = device_info.get_device_runtime_metadata()
2025 Feb 11 02:30:28.862388 sonic INFO featured[6508]:                                   ^^^^^^^^^^^^^^^^^^^^^^^^^^^^^^^^^^^^^^^^^
2025 Feb 11 02:30:28.862414 sonic INFO featured[6508]:   File "/usr/local/lib/python3.11/dist-packages/sonic_py_common/device_info.py", line 680, in get_device_runtime_metadata
2025 Feb 11 02:30:28.862517 sonic INFO featured[6508]:     port_metadata = {'ETHERNET_PORTS_PRESENT': True if get_path_to_port_config_file(hwsku=None, asic="0" if is_multi_npu() else None) else False}
2025 Feb 11 02:30:28.862562 sonic INFO featured[6508]:                                                        ^^^^^^^^^^^^^^^^^^^^^^^^^^^^^^^^^^^^^^^^^^^^^^^^^^^^^^^^^^^^^^^^^^^^^^^^^^^^^^
2025 Feb 11 02:30:28.862590 sonic INFO featured[6508]:   File "/usr/local/lib/python3.11/dist-packages/sonic_py_common/device_info.py", line 446, in get_path_to_port_config_file
2025 Feb 11 02:30:28.862668 sonic INFO featured[6508]:     (platform_path, hwsku_path) = get_paths_to_platform_and_hwsku_dirs()
2025 Feb 11 02:30:28.862701 sonic INFO featured[6508]:                                   ^^^^^^^^^^^^^^^^^^^^^^^^^^^^^^^^^^^^^^
2025 Feb 11 02:30:28.862727 sonic INFO featured[6508]:   File "/usr/local/lib/python3.11/dist-packages/sonic_py_common/device_info.py", line 412, in get_paths_to_platform_and_hwsku_dirs
2025 Feb 11 02:30:28.862757 sonic INFO featured[6508]:     hwsku_path = os.path.join(platform_path, hwsku)
2025 Feb 11 02:30:28.862789 sonic INFO featured[6508]:                  ^^^^^^^^^^^^^^^^^^^^^^^^^^^^^^^^^^
2025 Feb 11 02:30:28.862814 sonic INFO featured[6508]:   File "<frozen posixpath>", line 90, in join
2025 Feb 11 02:30:28.862837 sonic INFO featured[6508]:   File "<frozen genericpath>", line 152, in _check_arg_types
2025 Feb 11 02:30:28.862862 sonic INFO featured[6508]: TypeError: join() argument must be str, bytes, or os.PathLike object, not 'NoneType'
2025 Feb 11 02:30:28.880421 sonic NOTICE systemd[1]: featured.service: Main process exited, code=exited, status=1/FAILURE
2025 Feb 11 02:30:28.880579 sonic WARNING systemd[1]: featured.service: Failed with result 'exit-code'.
2025 Feb 11 02:30:28.914618 sonic INFO systemd[1]: Started featured.service - Feature configuration daemon.
2025 Feb 11 02:30:29.044979 sonic INFO featured: ConfigDB connect success
2025 Feb 11 02:30:29.049026 sonic INFO featured[6509]: Traceback (most recent call last):
2025 Feb 11 02:30:29.049073 sonic INFO featured[6509]:   File "/usr/local/bin/featured", line 598, in <module>
2025 Feb 11 02:30:29.049187 sonic INFO featured[6509]:     main()
2025 Feb 11 02:30:29.049226 sonic INFO featured[6509]:   File "/usr/local/bin/featured", line 591, in main
2025 Feb 11 02:30:29.049347 sonic INFO featured[6509]:     daemon = FeatureDaemon()
2025 Feb 11 02:30:29.049388 sonic INFO featured[6509]:              ^^^^^^^^^^^^^^^
2025 Feb 11 02:30:29.049405 sonic INFO featured[6509]:   File "/usr/local/bin/featured", line 529, in __init__
2025 Feb 11 02:30:29.049470 sonic INFO featured[6509]:     self.feature_handler = FeatureHandler(self.config_db, feature_state_table, self.device_config, self.advanced_boot)
2025 Feb 11 02:30:29.049560 sonic INFO featured[6509]:                            ^^^^^^^^^^^^^^^^^^^^^^^^^^^^^^^^^^^^^^^^^^^^^^^^^^^^^^^^^^^^^^^^^^^^^^^^^^^^^^^^^^^^^^^^^^^
2025 Feb 11 02:30:29.049577 sonic INFO featured[6509]:   File "/usr/local/bin/featured", line 136, in __init__
2025 Feb 11 02:30:29.049634 sonic INFO featured[6509]:     self._device_running_config = device_info.get_device_runtime_metadata()
2025 Feb 11 02:30:29.049670 sonic INFO featured[6509]:                                   ^^^^^^^^^^^^^^^^^^^^^^^^^^^^^^^^^^^^^^^^^
2025 Feb 11 02:30:29.049686 sonic INFO featured[6509]:   File "/usr/local/lib/python3.11/dist-packages/sonic_py_common/device_info.py", line 680, in get_device_runtime_metadata
2025 Feb 11 02:30:29.049799 sonic INFO featured[6509]:     port_metadata = {'ETHERNET_PORTS_PRESENT': True if get_path_to_port_config_file(hwsku=None, asic="0" if is_multi_npu() else None) else False}
2025 Feb 11 02:30:29.049839 sonic INFO featured[6509]:                                                        ^^^^^^^^^^^^^^^^^^^^^^^^^^^^^^^^^^^^^^^^^^^^^^^^^^^^^^^^^^^^^^^^^^^^^^^^^^^^^^
2025 Feb 11 02:30:29.049864 sonic INFO featured[6509]:   File "/usr/local/lib/python3.11/dist-packages/sonic_py_common/device_info.py", line 446, in get_path_to_port_config_file
2025 Feb 11 02:30:29.049920 sonic INFO featured[6509]:     (platform_path, hwsku_path) = get_paths_to_platform_and_hwsku_dirs()
2025 Feb 11 02:30:29.049952 sonic INFO featured[6509]:                                   ^^^^^^^^^^^^^^^^^^^^^^^^^^^^^^^^^^^^^^
2025 Feb 11 02:30:29.049978 sonic INFO featured[6509]:   File "/usr/local/lib/python3.11/dist-packages/sonic_py_common/device_info.py", line 412, in get_paths_to_platform_and_hwsku_dirs
2025 Feb 11 02:30:29.050027 sonic INFO featured[6509]:     hwsku_path = os.path.join(platform_path, hwsku)
2025 Feb 11 02:30:29.050061 sonic INFO featured[6509]:                  ^^^^^^^^^^^^^^^^^^^^^^^^^^^^^^^^^^
2025 Feb 11 02:30:29.050086 sonic INFO featured[6509]:   File "<frozen posixpath>", line 90, in join
2025 Feb 11 02:30:29.050110 sonic INFO featured[6509]:   File "<frozen genericpath>", line 152, in _check_arg_types
2025 Feb 11 02:30:29.050135 sonic INFO featured[6509]: TypeError: join() argument must be str, bytes, or os.PathLike object, not 'NoneType'
2025 Feb 11 02:30:29.068320 sonic NOTICE systemd[1]: featured.service: Main process exited, code=exited, status=1/FAILURE
2025 Feb 11 02:30:29.068431 sonic WARNING systemd[1]: featured.service: Failed with result 'exit-code'.
2025 Feb 11 02:30:29.118537 sonic INFO systemd[1]: Started featured.service - Feature configuration daemon.
2025 Feb 11 02:30:29.254774 sonic INFO featured: ConfigDB connect success
2025 Feb 11 02:30:29.259654 sonic INFO featured[6513]: Traceback (most recent call last):
2025 Feb 11 02:30:29.259699 sonic INFO featured[6513]:   File "/usr/local/bin/featured", line 598, in <module>
2025 Feb 11 02:30:29.259887 sonic INFO featured[6513]:     main()
2025 Feb 11 02:30:29.259925 sonic INFO featured[6513]:   File "/usr/local/bin/featured", line 591, in main
2025 Feb 11 02:30:29.260066 sonic INFO featured[6513]:     daemon = FeatureDaemon()
2025 Feb 11 02:30:29.260099 sonic INFO featured[6513]:              ^^^^^^^^^^^^^^^
2025 Feb 11 02:30:29.260122 sonic INFO featured[6513]:   File "/usr/local/bin/featured", line 529, in __init__
2025 Feb 11 02:30:29.260179 sonic INFO featured[6513]:     self.feature_handler = FeatureHandler(self.config_db, feature_state_table, self.device_config, self.advanced_boot)
2025 Feb 11 02:30:29.260233 sonic INFO featured[6513]:                            ^^^^^^^^^^^^^^^^^^^^^^^^^^^^^^^^^^^^^^^^^^^^^^^^^^^^^^^^^^^^^^^^^^^^^^^^^^^^^^^^^^^^^^^^^^^
2025 Feb 11 02:30:29.260259 sonic INFO featured[6513]:   File "/usr/local/bin/featured", line 136, in __init__
2025 Feb 11 02:30:29.260289 sonic INFO featured[6513]:     self._device_running_config = device_info.get_device_runtime_metadata()
2025 Feb 11 02:30:29.260315 sonic INFO featured[6513]:                                   ^^^^^^^^^^^^^^^^^^^^^^^^^^^^^^^^^^^^^^^^^
2025 Feb 11 02:30:29.260337 sonic INFO featured[6513]:   File "/usr/local/lib/python3.11/dist-packages/sonic_py_common/device_info.py", line 680, in get_device_runtime_metadata
2025 Feb 11 02:30:29.260452 sonic INFO featured[6513]:     port_metadata = {'ETHERNET_PORTS_PRESENT': True if get_path_to_port_config_file(hwsku=None, asic="0" if is_multi_npu() else None) else False}
2025 Feb 11 02:30:29.260508 sonic INFO featured[6513]:                                                        ^^^^^^^^^^^^^^^^^^^^^^^^^^^^^^^^^^^^^^^^^^^^^^^^^^^^^^^^^^^^^^^^^^^^^^^^^^^^^^
2025 Feb 11 02:30:29.260527 sonic INFO featured[6513]:   File "/usr/local/lib/python3.11/dist-packages/sonic_py_common/device_info.py", line 446, in get_path_to_port_config_file
2025 Feb 11 02:30:29.260600 sonic INFO featured[6513]:     (platform_path, hwsku_path) = get_paths_to_platform_and_hwsku_dirs()
2025 Feb 11 02:30:29.260633 sonic INFO featured[6513]:                                   ^^^^^^^^^^^^^^^^^^^^^^^^^^^^^^^^^^^^^^
2025 Feb 11 02:30:29.260649 sonic INFO featured[6513]:   File "/usr/local/lib/python3.11/dist-packages/sonic_py_common/device_info.py", line 412, in get_paths_to_platform_and_hwsku_dirs
2025 Feb 11 02:30:29.260708 sonic INFO featured[6513]:     hwsku_path = os.path.join(platform_path, hwsku)
2025 Feb 11 02:30:29.260741 sonic INFO featured[6513]:                  ^^^^^^^^^^^^^^^^^^^^^^^^^^^^^^^^^^
2025 Feb 11 02:30:29.260766 sonic INFO featured[6513]:   File "<frozen posixpath>", line 90, in join
2025 Feb 11 02:30:29.260791 sonic INFO featured[6513]:   File "<frozen genericpath>", line 152, in _check_arg_types
2025 Feb 11 02:30:29.260820 sonic INFO featured[6513]: TypeError: join() argument must be str, bytes, or os.PathLike object, not 'NoneType'
2025 Feb 11 02:30:29.279838 sonic NOTICE systemd[1]: featured.service: Main process exited, code=exited, status=1/FAILURE
2025 Feb 11 02:30:29.279969 sonic WARNING systemd[1]: featured.service: Failed with result 'exit-code'.
2025 Feb 11 02:30:29.281646 sonic WARNING systemd[1]: featured.service: Start request repeated too quickly.
2025 Feb 11 02:30:29.281696 sonic WARNING systemd[1]: featured.service: Failed with result 'exit-code'.
2025 Feb 11 02:30:29.281745 sonic ERR systemd[1]: Failed to start featured.service - Feature configuration daemon.
2025 Feb 11 02:30:37.279942 sonic WARNING systemd[1]: featured.service: Start request repeated too quickly.
2025 Feb 11 02:30:37.280090 sonic WARNING systemd[1]: featured.service: Failed with result 'exit-code'.
2025 Feb 11 02:30:37.280121 sonic ERR systemd[1]: Failed to start featured.service - Feature configuration daemon.
2025 Feb 11 02:30:37.527433 sonic INFO systemd[1]: caclmgrd.service: Scheduled restart job, restart counter is at 7.
2025 Feb 11 02:30:37.527745 sonic INFO systemd[1]: Stopped caclmgrd.service - Control Plane ACL configuration daemon.
2025 Feb 11 02:30:37.566196 sonic INFO systemd[1]: Started caclmgrd.service - Control Plane ACL configuration daemon.
2025 Feb 11 02:30:37.566610 sonic WARNING systemd[1]: featured.service: Start request repeated too quickly.
2025 Feb 11 02:30:37.566665 sonic WARNING systemd[1]: featured.service: Failed with result 'exit-code'.
2025 Feb 11 02:30:37.566777 sonic ERR systemd[1]: Failed to start featured.service - Feature configuration daemon.
2025 Feb 11 02:30:37.568767 sonic WARNING systemd[1]: featured.service: Start request repeated too quickly.
2025 Feb 11 02:30:37.568815 sonic WARNING systemd[1]: featured.service: Failed with result 'exit-code'.
2025 Feb 11 02:30:37.568903 sonic ERR systemd[1]: Failed to start featured.service - Feature configuration daemon.
2025 Feb 11 02:30:37.676274 sonic INFO caclmgrd[6534]: Traceback (most recent call last):
2025 Feb 11 02:30:37.676347 sonic INFO caclmgrd[6534]:   File "/usr/local/bin/caclmgrd", line 1146, in <module>
2025 Feb 11 02:30:37.676379 sonic INFO caclmgrd[6534]:     main()
2025 Feb 11 02:30:37.676397 sonic INFO caclmgrd[6534]:   File "/usr/local/bin/caclmgrd", line 1137, in main
2025 Feb 11 02:30:37.676420 sonic INFO caclmgrd[6534]:     caclmgr = ControlPlaneAclManager(SYSLOG_IDENTIFIER)
2025 Feb 11 02:30:37.676448 sonic INFO caclmgrd[6534]:               ^^^^^^^^^^^^^^^^^^^^^^^^^^^^^^^^^^^^^^^^^
2025 Feb 11 02:30:37.676494 sonic INFO caclmgrd[6534]:   File "/usr/local/bin/caclmgrd", line 156, in __init__
2025 Feb 11 02:30:37.676531 sonic INFO caclmgrd[6534]:     if 'subtype' in metadata['localhost'] and metadata['localhost']['subtype'] == 'DualToR':
2025 Feb 11 02:30:37.676556 sonic INFO caclmgrd[6534]:                     ~~~~~~~~^^^^^^^^^^^^^
2025 Feb 11 02:30:37.676579 sonic INFO caclmgrd[6534]: KeyError: 'localhost'
2025 Feb 11 02:30:37.688394 sonic NOTICE systemd[1]: caclmgrd.service: Main process exited, code=exited, status=1/FAILURE
2025 Feb 11 02:30:37.688617 sonic WARNING systemd[1]: caclmgrd.service: Failed with result 'exit-code'.
2025 Feb 11 02:30:37.690641 sonic WARNING systemd[1]: featured.service: Start request repeated too quickly.
2025 Feb 11 02:30:37.690692 sonic WARNING systemd[1]: featured.service: Failed with result 'exit-code'.
2025 Feb 11 02:30:37.690798 sonic ERR systemd[1]: Failed to start featured.service - Feature configuration daemon.
2025 Feb 11 02:30:58.310919 sonic INFO systemd[1]: Started featured.service - Feature configuration daemon.
2025 Feb 11 02:30:58.468402 sonic INFO featured: ConfigDB connect success
2025 Feb 11 02:30:58.472382 sonic INFO featured[6587]: Traceback (most recent call last):
2025 Feb 11 02:30:58.472458 sonic INFO featured[6587]:   File "/usr/local/bin/featured", line 598, in <module>
2025 Feb 11 02:30:58.472608 sonic INFO featured[6587]:     main()
2025 Feb 11 02:30:58.472648 sonic INFO featured[6587]:   File "/usr/local/bin/featured", line 591, in main
2025 Feb 11 02:30:58.472767 sonic INFO featured[6587]:     daemon = FeatureDaemon()
2025 Feb 11 02:30:58.472800 sonic INFO featured[6587]:              ^^^^^^^^^^^^^^^
2025 Feb 11 02:30:58.472832 sonic INFO featured[6587]:   File "/usr/local/bin/featured", line 529, in __init__
2025 Feb 11 02:30:58.472889 sonic INFO featured[6587]:     self.feature_handler = FeatureHandler(self.config_db, feature_state_table, self.device_config, self.advanced_boot)
2025 Feb 11 02:30:58.472936 sonic INFO featured[6587]:                            ^^^^^^^^^^^^^^^^^^^^^^^^^^^^^^^^^^^^^^^^^^^^^^^^^^^^^^^^^^^^^^^^^^^^^^^^^^^^^^^^^^^^^^^^^^^
2025 Feb 11 02:30:58.472963 sonic INFO featured[6587]:   File "/usr/local/bin/featured", line 136, in __init__
2025 Feb 11 02:30:58.472993 sonic INFO featured[6587]:     self._device_running_config = device_info.get_device_runtime_metadata()
2025 Feb 11 02:30:58.473024 sonic INFO featured[6587]:                                   ^^^^^^^^^^^^^^^^^^^^^^^^^^^^^^^^^^^^^^^^^
2025 Feb 11 02:30:58.473049 sonic INFO featured[6587]:   File "/usr/local/lib/python3.11/dist-packages/sonic_py_common/device_info.py", line 680, in get_device_runtime_metadata
2025 Feb 11 02:30:58.473153 sonic INFO featured[6587]:     port_metadata = {'ETHERNET_PORTS_PRESENT': True if get_path_to_port_config_file(hwsku=None, asic="0" if is_multi_npu() else None) else False}
2025 Feb 11 02:30:58.473193 sonic INFO featured[6587]:                                                        ^^^^^^^^^^^^^^^^^^^^^^^^^^^^^^^^^^^^^^^^^^^^^^^^^^^^^^^^^^^^^^^^^^^^^^^^^^^^^^
2025 Feb 11 02:30:58.473211 sonic INFO featured[6587]:   File "/usr/local/lib/python3.11/dist-packages/sonic_py_common/device_info.py", line 446, in get_path_to_port_config_file
2025 Feb 11 02:30:58.473278 sonic INFO featured[6587]:     (platform_path, hwsku_path) = get_paths_to_platform_and_hwsku_dirs()
2025 Feb 11 02:30:58.473310 sonic INFO featured[6587]:                                   ^^^^^^^^^^^^^^^^^^^^^^^^^^^^^^^^^^^^^^
2025 Feb 11 02:30:58.473335 sonic INFO featured[6587]:   File "/usr/local/lib/python3.11/dist-packages/sonic_py_common/device_info.py", line 412, in get_paths_to_platform_and_hwsku_dirs
2025 Feb 11 02:30:58.473389 sonic INFO featured[6587]:     hwsku_path = os.path.join(platform_path, hwsku)
2025 Feb 11 02:30:58.473423 sonic INFO featured[6587]:                  ^^^^^^^^^^^^^^^^^^^^^^^^^^^^^^^^^^
2025 Feb 11 02:30:58.473469 sonic INFO featured[6587]:   File "<frozen posixpath>", line 90, in join
2025 Feb 11 02:30:58.473566 sonic INFO featured[6587]:   File "<frozen genericpath>", line 152, in _check_arg_types
2025 Feb 11 02:30:58.473606 sonic INFO featured[6587]: TypeError: join() argument must be str, bytes, or os.PathLike object, not 'NoneType'
2025 Feb 11 02:30:58.492290 sonic NOTICE systemd[1]: featured.service: Main process exited, code=exited, status=1/FAILURE
2025 Feb 11 02:30:58.492502 sonic WARNING systemd[1]: featured.service: Failed with result 'exit-code'.
2025 Feb 11 02:30:58.546678 sonic INFO systemd[1]: Started featured.service - Feature configuration daemon.
2025 Feb 11 02:30:58.684982 sonic INFO featured: ConfigDB connect success
2025 Feb 11 02:30:58.688991 sonic INFO featured[6590]: Traceback (most recent call last):
2025 Feb 11 02:30:58.689055 sonic INFO featured[6590]:   File "/usr/local/bin/featured", line 598, in <module>
2025 Feb 11 02:30:58.689168 sonic INFO featured[6590]:     main()
2025 Feb 11 02:30:58.689206 sonic INFO featured[6590]:   File "/usr/local/bin/featured", line 591, in main
2025 Feb 11 02:30:58.689334 sonic INFO featured[6590]:     daemon = FeatureDaemon()
2025 Feb 11 02:30:58.689367 sonic INFO featured[6590]:              ^^^^^^^^^^^^^^^
2025 Feb 11 02:30:58.689390 sonic INFO featured[6590]:   File "/usr/local/bin/featured", line 529, in __init__
2025 Feb 11 02:30:58.689579 sonic INFO featured[6590]:     self.feature_handler = FeatureHandler(self.config_db, feature_state_table, self.device_config, self.advanced_boot)
2025 Feb 11 02:30:58.689618 sonic INFO featured[6590]:                            ^^^^^^^^^^^^^^^^^^^^^^^^^^^^^^^^^^^^^^^^^^^^^^^^^^^^^^^^^^^^^^^^^^^^^^^^^^^^^^^^^^^^^^^^^^^
2025 Feb 11 02:30:58.689651 sonic INFO featured[6590]:   File "/usr/local/bin/featured", line 136, in __init__
2025 Feb 11 02:30:58.689683 sonic INFO featured[6590]:     self._device_running_config = device_info.get_device_runtime_metadata()
2025 Feb 11 02:30:58.689715 sonic INFO featured[6590]:                                   ^^^^^^^^^^^^^^^^^^^^^^^^^^^^^^^^^^^^^^^^^
2025 Feb 11 02:30:58.689740 sonic INFO featured[6590]:   File "/usr/local/lib/python3.11/dist-packages/sonic_py_common/device_info.py", line 680, in get_device_runtime_metadata
2025 Feb 11 02:30:58.689878 sonic INFO featured[6590]:     port_metadata = {'ETHERNET_PORTS_PRESENT': True if get_path_to_port_config_file(hwsku=None, asic="0" if is_multi_npu() else None) else False}
2025 Feb 11 02:30:58.689926 sonic INFO featured[6590]:                                                        ^^^^^^^^^^^^^^^^^^^^^^^^^^^^^^^^^^^^^^^^^^^^^^^^^^^^^^^^^^^^^^^^^^^^^^^^^^^^^^
2025 Feb 11 02:30:58.689953 sonic INFO featured[6590]:   File "/usr/local/lib/python3.11/dist-packages/sonic_py_common/device_info.py", line 446, in get_path_to_port_config_file
2025 Feb 11 02:30:58.689984 sonic INFO featured[6590]:     (platform_path, hwsku_path) = get_paths_to_platform_and_hwsku_dirs()
2025 Feb 11 02:30:58.690014 sonic INFO featured[6590]:                                   ^^^^^^^^^^^^^^^^^^^^^^^^^^^^^^^^^^^^^^
2025 Feb 11 02:30:58.690039 sonic INFO featured[6590]:   File "/usr/local/lib/python3.11/dist-packages/sonic_py_common/device_info.py", line 412, in get_paths_to_platform_and_hwsku_dirs
2025 Feb 11 02:30:58.690092 sonic INFO featured[6590]:     hwsku_path = os.path.join(platform_path, hwsku)
2025 Feb 11 02:30:58.690126 sonic INFO featured[6590]:                  ^^^^^^^^^^^^^^^^^^^^^^^^^^^^^^^^^^
2025 Feb 11 02:30:58.690151 sonic INFO featured[6590]:   File "<frozen posixpath>", line 90, in join
2025 Feb 11 02:30:58.690177 sonic INFO featured[6590]:   File "<frozen genericpath>", line 152, in _check_arg_types
2025 Feb 11 02:30:58.690201 sonic INFO featured[6590]: TypeError: join() argument must be str, bytes, or os.PathLike object, not 'NoneType'
2025 Feb 11 02:30:58.708813 sonic NOTICE systemd[1]: featured.service: Main process exited, code=exited, status=1/FAILURE
2025 Feb 11 02:30:58.708923 sonic WARNING systemd[1]: featured.service: Failed with result 'exit-code'.
2025 Feb 11 02:30:58.738623 sonic INFO systemd[1]: Started featured.service - Feature configuration daemon.
2025 Feb 11 02:30:58.876965 sonic INFO featured: ConfigDB connect success
2025 Feb 11 02:30:58.880826 sonic INFO featured[6593]: Traceback (most recent call last):
2025 Feb 11 02:30:58.880889 sonic INFO featured[6593]:   File "/usr/local/bin/featured", line 598, in <module>
2025 Feb 11 02:30:58.880938 sonic INFO featured[6593]:     main()
2025 Feb 11 02:30:58.880994 sonic INFO featured[6593]:   File "/usr/local/bin/featured", line 591, in main
2025 Feb 11 02:30:58.881114 sonic INFO featured[6593]:     daemon = FeatureDaemon()
2025 Feb 11 02:30:58.881150 sonic INFO featured[6593]:              ^^^^^^^^^^^^^^^
2025 Feb 11 02:30:58.881170 sonic INFO featured[6593]:   File "/usr/local/bin/featured", line 529, in __init__
2025 Feb 11 02:30:58.881234 sonic INFO featured[6593]:     self.feature_handler = FeatureHandler(self.config_db, feature_state_table, self.device_config, self.advanced_boot)
2025 Feb 11 02:30:58.881289 sonic INFO featured[6593]:                            ^^^^^^^^^^^^^^^^^^^^^^^^^^^^^^^^^^^^^^^^^^^^^^^^^^^^^^^^^^^^^^^^^^^^^^^^^^^^^^^^^^^^^^^^^^^
2025 Feb 11 02:30:58.881319 sonic INFO featured[6593]:   File "/usr/local/bin/featured", line 136, in __init__
2025 Feb 11 02:30:58.881374 sonic INFO featured[6593]:     self._device_running_config = device_info.get_device_runtime_metadata()
2025 Feb 11 02:30:58.881416 sonic INFO featured[6593]:                                   ^^^^^^^^^^^^^^^^^^^^^^^^^^^^^^^^^^^^^^^^^
2025 Feb 11 02:30:58.881470 sonic INFO featured[6593]:   File "/usr/local/lib/python3.11/dist-packages/sonic_py_common/device_info.py", line 680, in get_device_runtime_metadata
2025 Feb 11 02:30:58.881564 sonic INFO featured[6593]:     port_metadata = {'ETHERNET_PORTS_PRESENT': True if get_path_to_port_config_file(hwsku=None, asic="0" if is_multi_npu() else None) else False}
2025 Feb 11 02:30:58.881613 sonic INFO featured[6593]:                                                        ^^^^^^^^^^^^^^^^^^^^^^^^^^^^^^^^^^^^^^^^^^^^^^^^^^^^^^^^^^^^^^^^^^^^^^^^^^^^^^
2025 Feb 11 02:30:58.881641 sonic INFO featured[6593]:   File "/usr/local/lib/python3.11/dist-packages/sonic_py_common/device_info.py", line 446, in get_path_to_port_config_file
2025 Feb 11 02:30:58.881694 sonic INFO featured[6593]:     (platform_path, hwsku_path) = get_paths_to_platform_and_hwsku_dirs()
2025 Feb 11 02:30:58.881737 sonic INFO featured[6593]:                                   ^^^^^^^^^^^^^^^^^^^^^^^^^^^^^^^^^^^^^^
2025 Feb 11 02:30:58.881778 sonic INFO featured[6593]:   File "/usr/local/lib/python3.11/dist-packages/sonic_py_common/device_info.py", line 412, in get_paths_to_platform_and_hwsku_dirs
2025 Feb 11 02:30:58.881832 sonic INFO featured[6593]:     hwsku_path = os.path.join(platform_path, hwsku)
2025 Feb 11 02:30:58.881872 sonic INFO featured[6593]:                  ^^^^^^^^^^^^^^^^^^^^^^^^^^^^^^^^^^
2025 Feb 11 02:30:58.881913 sonic INFO featured[6593]:   File "<frozen posixpath>", line 90, in join
2025 Feb 11 02:30:58.881954 sonic INFO featured[6593]:   File "<frozen genericpath>", line 152, in _check_arg_types
2025 Feb 11 02:30:58.881995 sonic INFO featured[6593]: TypeError: join() argument must be str, bytes, or os.PathLike object, not 'NoneType'
2025 Feb 11 02:30:58.899586 sonic NOTICE systemd[1]: featured.service: Main process exited, code=exited, status=1/FAILURE
2025 Feb 11 02:30:58.899721 sonic WARNING systemd[1]: featured.service: Failed with result 'exit-code'.
2025 Feb 11 02:30:58.922645 sonic INFO systemd[1]: Started featured.service - Feature configuration daemon.
2025 Feb 11 02:30:59.053764 sonic INFO featured: ConfigDB connect success
2025 Feb 11 02:30:59.057894 sonic INFO featured[6594]: Traceback (most recent call last):
2025 Feb 11 02:30:59.057957 sonic INFO featured[6594]:   File "/usr/local/bin/featured", line 598, in <module>
2025 Feb 11 02:30:59.058043 sonic INFO featured[6594]:     main()
2025 Feb 11 02:30:59.058083 sonic INFO featured[6594]:   File "/usr/local/bin/featured", line 591, in main
2025 Feb 11 02:30:59.058203 sonic INFO featured[6594]:     daemon = FeatureDaemon()
2025 Feb 11 02:30:59.058243 sonic INFO featured[6594]:              ^^^^^^^^^^^^^^^
2025 Feb 11 02:30:59.058260 sonic INFO featured[6594]:   File "/usr/local/bin/featured", line 529, in __init__
2025 Feb 11 02:30:59.058325 sonic INFO featured[6594]:     self.feature_handler = FeatureHandler(self.config_db, feature_state_table, self.device_config, self.advanced_boot)
2025 Feb 11 02:30:59.058372 sonic INFO featured[6594]:                            ^^^^^^^^^^^^^^^^^^^^^^^^^^^^^^^^^^^^^^^^^^^^^^^^^^^^^^^^^^^^^^^^^^^^^^^^^^^^^^^^^^^^^^^^^^^
2025 Feb 11 02:30:59.058399 sonic INFO featured[6594]:   File "/usr/local/bin/featured", line 136, in __init__
2025 Feb 11 02:30:59.058455 sonic INFO featured[6594]:     self._device_running_config = device_info.get_device_runtime_metadata()
2025 Feb 11 02:30:59.058490 sonic INFO featured[6594]:                                   ^^^^^^^^^^^^^^^^^^^^^^^^^^^^^^^^^^^^^^^^^
2025 Feb 11 02:30:59.058507 sonic INFO featured[6594]:   File "/usr/local/lib/python3.11/dist-packages/sonic_py_common/device_info.py", line 680, in get_device_runtime_metadata
2025 Feb 11 02:30:59.058633 sonic INFO featured[6594]:     port_metadata = {'ETHERNET_PORTS_PRESENT': True if get_path_to_port_config_file(hwsku=None, asic="0" if is_multi_npu() else None) else False}
2025 Feb 11 02:30:59.058673 sonic INFO featured[6594]:                                                        ^^^^^^^^^^^^^^^^^^^^^^^^^^^^^^^^^^^^^^^^^^^^^^^^^^^^^^^^^^^^^^^^^^^^^^^^^^^^^^
2025 Feb 11 02:30:59.058690 sonic INFO featured[6594]:   File "/usr/local/lib/python3.11/dist-packages/sonic_py_common/device_info.py", line 446, in get_path_to_port_config_file
2025 Feb 11 02:30:59.058754 sonic INFO featured[6594]:     (platform_path, hwsku_path) = get_paths_to_platform_and_hwsku_dirs()
2025 Feb 11 02:30:59.058786 sonic INFO featured[6594]:                                   ^^^^^^^^^^^^^^^^^^^^^^^^^^^^^^^^^^^^^^
2025 Feb 11 02:30:59.058803 sonic INFO featured[6594]:   File "/usr/local/lib/python3.11/dist-packages/sonic_py_common/device_info.py", line 412, in get_paths_to_platform_and_hwsku_dirs
2025 Feb 11 02:30:59.058861 sonic INFO featured[6594]:     hwsku_path = os.path.join(platform_path, hwsku)
2025 Feb 11 02:30:59.058894 sonic INFO featured[6594]:                  ^^^^^^^^^^^^^^^^^^^^^^^^^^^^^^^^^^
2025 Feb 11 02:30:59.058911 sonic INFO featured[6594]:   File "<frozen posixpath>", line 90, in join
2025 Feb 11 02:30:59.058926 sonic INFO featured[6594]:   File "<frozen genericpath>", line 152, in _check_arg_types
2025 Feb 11 02:30:59.058951 sonic INFO featured[6594]: TypeError: join() argument must be str, bytes, or os.PathLike object, not 'NoneType'
2025 Feb 11 02:30:59.076566 sonic NOTICE systemd[1]: featured.service: Main process exited, code=exited, status=1/FAILURE
2025 Feb 11 02:30:59.076747 sonic WARNING systemd[1]: featured.service: Failed with result 'exit-code'.
2025 Feb 11 02:30:59.110732 sonic INFO systemd[1]: Started featured.service - Feature configuration daemon.
2025 Feb 11 02:30:59.242866 sonic INFO featured: ConfigDB connect success
2025 Feb 11 02:30:59.248771 sonic INFO featured[6595]: Traceback (most recent call last):
2025 Feb 11 02:30:59.248824 sonic INFO featured[6595]:   File "/usr/local/bin/featured", line 598, in <module>
2025 Feb 11 02:30:59.248997 sonic INFO featured[6595]:     main()
2025 Feb 11 02:30:59.249036 sonic INFO featured[6595]:   File "/usr/local/bin/featured", line 591, in main
2025 Feb 11 02:30:59.249159 sonic INFO featured[6595]:     daemon = FeatureDaemon()
2025 Feb 11 02:30:59.249202 sonic INFO featured[6595]:              ^^^^^^^^^^^^^^^
2025 Feb 11 02:30:59.249219 sonic INFO featured[6595]:   File "/usr/local/bin/featured", line 529, in __init__
2025 Feb 11 02:30:59.249282 sonic INFO featured[6595]:     self.feature_handler = FeatureHandler(self.config_db, feature_state_table, self.device_config, self.advanced_boot)
2025 Feb 11 02:30:59.249317 sonic INFO featured[6595]:                            ^^^^^^^^^^^^^^^^^^^^^^^^^^^^^^^^^^^^^^^^^^^^^^^^^^^^^^^^^^^^^^^^^^^^^^^^^^^^^^^^^^^^^^^^^^^
2025 Feb 11 02:30:59.249339 sonic INFO featured[6595]:   File "/usr/local/bin/featured", line 136, in __init__
2025 Feb 11 02:30:59.249389 sonic INFO featured[6595]:     self._device_running_config = device_info.get_device_runtime_metadata()
2025 Feb 11 02:30:59.249421 sonic INFO featured[6595]:                                   ^^^^^^^^^^^^^^^^^^^^^^^^^^^^^^^^^^^^^^^^^
2025 Feb 11 02:30:59.249457 sonic INFO featured[6595]:   File "/usr/local/lib/python3.11/dist-packages/sonic_py_common/device_info.py", line 680, in get_device_runtime_metadata
2025 Feb 11 02:30:59.249614 sonic INFO featured[6595]:     port_metadata = {'ETHERNET_PORTS_PRESENT': True if get_path_to_port_config_file(hwsku=None, asic="0" if is_multi_npu() else None) else False}
2025 Feb 11 02:30:59.249653 sonic INFO featured[6595]:                                                        ^^^^^^^^^^^^^^^^^^^^^^^^^^^^^^^^^^^^^^^^^^^^^^^^^^^^^^^^^^^^^^^^^^^^^^^^^^^^^^
2025 Feb 11 02:30:59.249671 sonic INFO featured[6595]:   File "/usr/local/lib/python3.11/dist-packages/sonic_py_common/device_info.py", line 446, in get_path_to_port_config_file
2025 Feb 11 02:30:59.249746 sonic INFO featured[6595]:     (platform_path, hwsku_path) = get_paths_to_platform_and_hwsku_dirs()
2025 Feb 11 02:30:59.249778 sonic INFO featured[6595]:                                   ^^^^^^^^^^^^^^^^^^^^^^^^^^^^^^^^^^^^^^
2025 Feb 11 02:30:59.249795 sonic INFO featured[6595]:   File "/usr/local/lib/python3.11/dist-packages/sonic_py_common/device_info.py", line 412, in get_paths_to_platform_and_hwsku_dirs
2025 Feb 11 02:30:59.249859 sonic INFO featured[6595]:     hwsku_path = os.path.join(platform_path, hwsku)
2025 Feb 11 02:30:59.249891 sonic INFO featured[6595]:                  ^^^^^^^^^^^^^^^^^^^^^^^^^^^^^^^^^^
2025 Feb 11 02:30:59.249918 sonic INFO featured[6595]:   File "<frozen posixpath>", line 90, in join
2025 Feb 11 02:30:59.249934 sonic INFO featured[6595]:   File "<frozen genericpath>", line 152, in _check_arg_types
2025 Feb 11 02:30:59.249955 sonic INFO featured[6595]: TypeError: join() argument must be str, bytes, or os.PathLike object, not 'NoneType'
2025 Feb 11 02:30:59.268990 sonic NOTICE systemd[1]: featured.service: Main process exited, code=exited, status=1/FAILURE
2025 Feb 11 02:30:59.269130 sonic WARNING systemd[1]: featured.service: Failed with result 'exit-code'.
2025 Feb 11 02:30:59.270934 sonic WARNING systemd[1]: featured.service: Start request repeated too quickly.
2025 Feb 11 02:30:59.270983 sonic WARNING systemd[1]: featured.service: Failed with result 'exit-code'.
2025 Feb 11 02:30:59.271043 sonic ERR systemd[1]: Failed to start featured.service - Feature configuration daemon.
2025 Feb 11 02:31:07.278960 sonic WARNING systemd[1]: featured.service: Start request repeated too quickly.
2025 Feb 11 02:31:07.279081 sonic WARNING systemd[1]: featured.service: Failed with result 'exit-code'.
2025 Feb 11 02:31:07.279132 sonic ERR systemd[1]: Failed to start featured.service - Feature configuration daemon.
2025 Feb 11 02:31:07.777451 sonic INFO systemd[1]: caclmgrd.service: Scheduled restart job, restart counter is at 8.
2025 Feb 11 02:31:07.777767 sonic INFO systemd[1]: Stopped caclmgrd.service - Control Plane ACL configuration daemon.
2025 Feb 11 02:31:07.802143 sonic INFO systemd[1]: Started caclmgrd.service - Control Plane ACL configuration daemon.
2025 Feb 11 02:31:07.802469 sonic WARNING systemd[1]: featured.service: Start request repeated too quickly.
2025 Feb 11 02:31:07.802545 sonic WARNING systemd[1]: featured.service: Failed with result 'exit-code'.
2025 Feb 11 02:31:07.802617 sonic ERR systemd[1]: Failed to start featured.service - Feature configuration daemon.
2025 Feb 11 02:31:07.804104 sonic WARNING systemd[1]: featured.service: Start request repeated too quickly.
2025 Feb 11 02:31:07.804166 sonic WARNING systemd[1]: featured.service: Failed with result 'exit-code'.
2025 Feb 11 02:31:07.804226 sonic ERR systemd[1]: Failed to start featured.service - Feature configuration daemon.
2025 Feb 11 02:31:07.908238 sonic INFO caclmgrd[6618]: Traceback (most recent call last):
2025 Feb 11 02:31:07.908313 sonic INFO caclmgrd[6618]:   File "/usr/local/bin/caclmgrd", line 1146, in <module>
2025 Feb 11 02:31:07.908347 sonic INFO caclmgrd[6618]:     main()
2025 Feb 11 02:31:07.908364 sonic INFO caclmgrd[6618]:   File "/usr/local/bin/caclmgrd", line 1137, in main
2025 Feb 11 02:31:07.908381 sonic INFO caclmgrd[6618]:     caclmgr = ControlPlaneAclManager(SYSLOG_IDENTIFIER)
2025 Feb 11 02:31:07.908411 sonic INFO caclmgrd[6618]:               ^^^^^^^^^^^^^^^^^^^^^^^^^^^^^^^^^^^^^^^^^
2025 Feb 11 02:31:07.908479 sonic INFO caclmgrd[6618]:   File "/usr/local/bin/caclmgrd", line 156, in __init__
2025 Feb 11 02:31:07.908536 sonic INFO caclmgrd[6618]:     if 'subtype' in metadata['localhost'] and metadata['localhost']['subtype'] == 'DualToR':
2025 Feb 11 02:31:07.908575 sonic INFO caclmgrd[6618]:                     ~~~~~~~~^^^^^^^^^^^^^
2025 Feb 11 02:31:07.908614 sonic INFO caclmgrd[6618]: KeyError: 'localhost'
2025 Feb 11 02:31:07.920712 sonic NOTICE systemd[1]: caclmgrd.service: Main process exited, code=exited, status=1/FAILURE
2025 Feb 11 02:31:07.920837 sonic WARNING systemd[1]: caclmgrd.service: Failed with result 'exit-code'.
2025 Feb 11 02:31:07.922339 sonic WARNING systemd[1]: featured.service: Start request repeated too quickly.
2025 Feb 11 02:31:07.922411 sonic WARNING systemd[1]: featured.service: Failed with result 'exit-code'.
2025 Feb 11 02:31:07.922500 sonic ERR systemd[1]: Failed to start featured.service - Feature configuration daemon.
2025 Feb 11 02:31:28.339718 sonic INFO systemd[1]: Started featured.service - Feature configuration daemon.
2025 Feb 11 02:31:28.521098 sonic INFO featured: ConfigDB connect success
2025 Feb 11 02:31:28.525293 sonic INFO featured[6692]: Traceback (most recent call last):
2025 Feb 11 02:31:28.525341 sonic INFO featured[6692]:   File "/usr/local/bin/featured", line 598, in <module>
2025 Feb 11 02:31:28.525671 sonic INFO featured[6692]:     main()
2025 Feb 11 02:31:28.525768 sonic INFO featured[6692]:   File "/usr/local/bin/featured", line 591, in main
2025 Feb 11 02:31:28.525840 sonic INFO featured[6692]:     daemon = FeatureDaemon()
2025 Feb 11 02:31:28.525897 sonic INFO featured[6692]:              ^^^^^^^^^^^^^^^
2025 Feb 11 02:31:28.525927 sonic INFO featured[6692]:   File "/usr/local/bin/featured", line 529, in __init__
2025 Feb 11 02:31:28.525987 sonic INFO featured[6692]:     self.feature_handler = FeatureHandler(self.config_db, feature_state_table, self.device_config, self.advanced_boot)
2025 Feb 11 02:31:28.526034 sonic INFO featured[6692]:                            ^^^^^^^^^^^^^^^^^^^^^^^^^^^^^^^^^^^^^^^^^^^^^^^^^^^^^^^^^^^^^^^^^^^^^^^^^^^^^^^^^^^^^^^^^^^
2025 Feb 11 02:31:28.526066 sonic INFO featured[6692]:   File "/usr/local/bin/featured", line 136, in __init__
2025 Feb 11 02:31:28.526124 sonic INFO featured[6692]:     self._device_running_config = device_info.get_device_runtime_metadata()
2025 Feb 11 02:31:28.526170 sonic INFO featured[6692]:                                   ^^^^^^^^^^^^^^^^^^^^^^^^^^^^^^^^^^^^^^^^^
2025 Feb 11 02:31:28.526202 sonic INFO featured[6692]:   File "/usr/local/lib/python3.11/dist-packages/sonic_py_common/device_info.py", line 680, in get_device_runtime_metadata
2025 Feb 11 02:31:28.526234 sonic INFO featured[6692]:     port_metadata = {'ETHERNET_PORTS_PRESENT': True if get_path_to_port_config_file(hwsku=None, asic="0" if is_multi_npu() else None) else False}
2025 Feb 11 02:31:28.526279 sonic INFO featured[6692]:                                                        ^^^^^^^^^^^^^^^^^^^^^^^^^^^^^^^^^^^^^^^^^^^^^^^^^^^^^^^^^^^^^^^^^^^^^^^^^^^^^^
2025 Feb 11 02:31:28.526328 sonic INFO featured[6692]:   File "/usr/local/lib/python3.11/dist-packages/sonic_py_common/device_info.py", line 446, in get_path_to_port_config_file
2025 Feb 11 02:31:28.526386 sonic INFO featured[6692]:     (platform_path, hwsku_path) = get_paths_to_platform_and_hwsku_dirs()
2025 Feb 11 02:31:28.526457 sonic INFO featured[6692]:                                   ^^^^^^^^^^^^^^^^^^^^^^^^^^^^^^^^^^^^^^
2025 Feb 11 02:31:28.526503 sonic INFO featured[6692]:   File "/usr/local/lib/python3.11/dist-packages/sonic_py_common/device_info.py", line 412, in get_paths_to_platform_and_hwsku_dirs
2025 Feb 11 02:31:28.526564 sonic INFO featured[6692]:     hwsku_path = os.path.join(platform_path, hwsku)
2025 Feb 11 02:31:28.526608 sonic INFO featured[6692]:                  ^^^^^^^^^^^^^^^^^^^^^^^^^^^^^^^^^^
2025 Feb 11 02:31:28.526638 sonic INFO featured[6692]:   File "<frozen posixpath>", line 90, in join
2025 Feb 11 02:31:28.526682 sonic INFO featured[6692]:   File "<frozen genericpath>", line 152, in _check_arg_types
2025 Feb 11 02:31:28.526713 sonic INFO featured[6692]: TypeError: join() argument must be str, bytes, or os.PathLike object, not 'NoneType'
2025 Feb 11 02:31:28.551376 sonic NOTICE systemd[1]: featured.service: Main process exited, code=exited, status=1/FAILURE
2025 Feb 11 02:31:28.551503 sonic WARNING systemd[1]: featured.service: Failed with result 'exit-code'.
2025 Feb 11 02:31:28.600016 sonic INFO systemd[1]: Started featured.service - Feature configuration daemon.
2025 Feb 11 02:31:28.856940 sonic INFO featured: ConfigDB connect success
2025 Feb 11 02:31:28.861015 sonic INFO featured[6693]: Traceback (most recent call last):
2025 Feb 11 02:31:28.861066 sonic INFO featured[6693]:   File "/usr/local/bin/featured", line 598, in <module>
2025 Feb 11 02:31:28.861194 sonic INFO featured[6693]:     main()
2025 Feb 11 02:31:28.861266 sonic INFO featured[6693]:   File "/usr/local/bin/featured", line 591, in main
2025 Feb 11 02:31:28.861437 sonic INFO featured[6693]:     daemon = FeatureDaemon()
2025 Feb 11 02:31:28.861538 sonic INFO featured[6693]:              ^^^^^^^^^^^^^^^
2025 Feb 11 02:31:28.861557 sonic INFO featured[6693]:   File "/usr/local/bin/featured", line 529, in __init__
2025 Feb 11 02:31:28.861680 sonic INFO featured[6693]:     self.feature_handler = FeatureHandler(self.config_db, feature_state_table, self.device_config, self.advanced_boot)
2025 Feb 11 02:31:28.861719 sonic INFO featured[6693]:                            ^^^^^^^^^^^^^^^^^^^^^^^^^^^^^^^^^^^^^^^^^^^^^^^^^^^^^^^^^^^^^^^^^^^^^^^^^^^^^^^^^^^^^^^^^^^
2025 Feb 11 02:31:28.861736 sonic INFO featured[6693]:   File "/usr/local/bin/featured", line 136, in __init__
2025 Feb 11 02:31:28.861786 sonic INFO featured[6693]:     self._device_running_config = device_info.get_device_runtime_metadata()
2025 Feb 11 02:31:28.861818 sonic INFO featured[6693]:                                   ^^^^^^^^^^^^^^^^^^^^^^^^^^^^^^^^^^^^^^^^^
2025 Feb 11 02:31:28.861843 sonic INFO featured[6693]:   File "/usr/local/lib/python3.11/dist-packages/sonic_py_common/device_info.py", line 680, in get_device_runtime_metadata
2025 Feb 11 02:31:28.861953 sonic INFO featured[6693]:     port_metadata = {'ETHERNET_PORTS_PRESENT': True if get_path_to_port_config_file(hwsku=None, asic="0" if is_multi_npu() else None) else False}
2025 Feb 11 02:31:28.861993 sonic INFO featured[6693]:                                                        ^^^^^^^^^^^^^^^^^^^^^^^^^^^^^^^^^^^^^^^^^^^^^^^^^^^^^^^^^^^^^^^^^^^^^^^^^^^^^^
2025 Feb 11 02:31:28.862010 sonic INFO featured[6693]:   File "/usr/local/lib/python3.11/dist-packages/sonic_py_common/device_info.py", line 446, in get_path_to_port_config_file
2025 Feb 11 02:31:28.862079 sonic INFO featured[6693]:     (platform_path, hwsku_path) = get_paths_to_platform_and_hwsku_dirs()
2025 Feb 11 02:31:28.862110 sonic INFO featured[6693]:                                   ^^^^^^^^^^^^^^^^^^^^^^^^^^^^^^^^^^^^^^
2025 Feb 11 02:31:28.862135 sonic INFO featured[6693]:   File "/usr/local/lib/python3.11/dist-packages/sonic_py_common/device_info.py", line 412, in get_paths_to_platform_and_hwsku_dirs
2025 Feb 11 02:31:28.862188 sonic INFO featured[6693]:     hwsku_path = os.path.join(platform_path, hwsku)
2025 Feb 11 02:31:28.862220 sonic INFO featured[6693]:                  ^^^^^^^^^^^^^^^^^^^^^^^^^^^^^^^^^^
2025 Feb 11 02:31:28.862237 sonic INFO featured[6693]:   File "<frozen posixpath>", line 90, in join
2025 Feb 11 02:31:28.862271 sonic INFO featured[6693]:   File "<frozen genericpath>", line 152, in _check_arg_types
2025 Feb 11 02:31:28.862292 sonic INFO featured[6693]: TypeError: join() argument must be str, bytes, or os.PathLike object, not 'NoneType'
2025 Feb 11 02:31:28.881331 sonic NOTICE systemd[1]: featured.service: Main process exited, code=exited, status=1/FAILURE
2025 Feb 11 02:31:28.881548 sonic WARNING systemd[1]: featured.service: Failed with result 'exit-code'.
2025 Feb 11 02:31:28.906887 sonic INFO systemd[1]: Started featured.service - Feature configuration daemon.
2025 Feb 11 02:31:29.158352 sonic INFO featured: ConfigDB connect success
2025 Feb 11 02:31:29.162660 sonic INFO featured[6696]: Traceback (most recent call last):
2025 Feb 11 02:31:29.162709 sonic INFO featured[6696]:   File "/usr/local/bin/featured", line 598, in <module>
2025 Feb 11 02:31:29.162866 sonic INFO featured[6696]:     main()
2025 Feb 11 02:31:29.162919 sonic INFO featured[6696]:   File "/usr/local/bin/featured", line 591, in main
2025 Feb 11 02:31:29.163050 sonic INFO featured[6696]:     daemon = FeatureDaemon()
2025 Feb 11 02:31:29.163108 sonic INFO featured[6696]:              ^^^^^^^^^^^^^^^
2025 Feb 11 02:31:29.163139 sonic INFO featured[6696]:   File "/usr/local/bin/featured", line 529, in __init__
2025 Feb 11 02:31:29.163197 sonic INFO featured[6696]:     self.feature_handler = FeatureHandler(self.config_db, feature_state_table, self.device_config, self.advanced_boot)
2025 Feb 11 02:31:29.163231 sonic INFO featured[6696]:                            ^^^^^^^^^^^^^^^^^^^^^^^^^^^^^^^^^^^^^^^^^^^^^^^^^^^^^^^^^^^^^^^^^^^^^^^^^^^^^^^^^^^^^^^^^^^
2025 Feb 11 02:31:29.163259 sonic INFO featured[6696]:   File "/usr/local/bin/featured", line 136, in __init__
2025 Feb 11 02:31:29.163301 sonic INFO featured[6696]:     self._device_running_config = device_info.get_device_runtime_metadata()
2025 Feb 11 02:31:29.163341 sonic INFO featured[6696]:                                   ^^^^^^^^^^^^^^^^^^^^^^^^^^^^^^^^^^^^^^^^^
2025 Feb 11 02:31:29.163379 sonic INFO featured[6696]:   File "/usr/local/lib/python3.11/dist-packages/sonic_py_common/device_info.py", line 680, in get_device_runtime_metadata
2025 Feb 11 02:31:29.163453 sonic INFO featured[6696]:     port_metadata = {'ETHERNET_PORTS_PRESENT': True if get_path_to_port_config_file(hwsku=None, asic="0" if is_multi_npu() else None) else False}
2025 Feb 11 02:31:29.163500 sonic INFO featured[6696]:                                                        ^^^^^^^^^^^^^^^^^^^^^^^^^^^^^^^^^^^^^^^^^^^^^^^^^^^^^^^^^^^^^^^^^^^^^^^^^^^^^^
2025 Feb 11 02:31:29.163517 sonic INFO featured[6696]:   File "/usr/local/lib/python3.11/dist-packages/sonic_py_common/device_info.py", line 446, in get_path_to_port_config_file
2025 Feb 11 02:31:29.163554 sonic INFO featured[6696]:     (platform_path, hwsku_path) = get_paths_to_platform_and_hwsku_dirs()
2025 Feb 11 02:31:29.163580 sonic INFO featured[6696]:                                   ^^^^^^^^^^^^^^^^^^^^^^^^^^^^^^^^^^^^^^
2025 Feb 11 02:31:29.163596 sonic INFO featured[6696]:   File "/usr/local/lib/python3.11/dist-packages/sonic_py_common/device_info.py", line 412, in get_paths_to_platform_and_hwsku_dirs
2025 Feb 11 02:31:29.163629 sonic INFO featured[6696]:     hwsku_path = os.path.join(platform_path, hwsku)
2025 Feb 11 02:31:29.163645 sonic INFO featured[6696]:                  ^^^^^^^^^^^^^^^^^^^^^^^^^^^^^^^^^^
2025 Feb 11 02:31:29.163661 sonic INFO featured[6696]:   File "<frozen posixpath>", line 90, in join
2025 Feb 11 02:31:29.163678 sonic INFO featured[6696]:   File "<frozen genericpath>", line 152, in _check_arg_types
2025 Feb 11 02:31:29.163700 sonic INFO featured[6696]: TypeError: join() argument must be str, bytes, or os.PathLike object, not 'NoneType'
2025 Feb 11 02:31:29.184913 sonic NOTICE systemd[1]: featured.service: Main process exited, code=exited, status=1/FAILURE
2025 Feb 11 02:31:29.185368 sonic WARNING systemd[1]: featured.service: Failed with result 'exit-code'.
2025 Feb 11 02:31:29.232927 sonic INFO systemd[1]: Started featured.service - Feature configuration daemon.
2025 Feb 11 02:31:29.397101 sonic INFO featured: ConfigDB connect success
2025 Feb 11 02:31:29.401701 sonic INFO featured[6697]: Traceback (most recent call last):
2025 Feb 11 02:31:29.401772 sonic INFO featured[6697]:   File "/usr/local/bin/featured", line 598, in <module>
2025 Feb 11 02:31:29.401874 sonic INFO featured[6697]:     main()
2025 Feb 11 02:31:29.401935 sonic INFO featured[6697]:   File "/usr/local/bin/featured", line 591, in main
2025 Feb 11 02:31:29.402060 sonic INFO featured[6697]:     daemon = FeatureDaemon()
2025 Feb 11 02:31:29.402117 sonic INFO featured[6697]:              ^^^^^^^^^^^^^^^
2025 Feb 11 02:31:29.402135 sonic INFO featured[6697]:   File "/usr/local/bin/featured", line 529, in __init__
2025 Feb 11 02:31:29.402200 sonic INFO featured[6697]:     self.feature_handler = FeatureHandler(self.config_db, feature_state_table, self.device_config, self.advanced_boot)
2025 Feb 11 02:31:29.402247 sonic INFO featured[6697]:                            ^^^^^^^^^^^^^^^^^^^^^^^^^^^^^^^^^^^^^^^^^^^^^^^^^^^^^^^^^^^^^^^^^^^^^^^^^^^^^^^^^^^^^^^^^^^
2025 Feb 11 02:31:29.402264 sonic INFO featured[6697]:   File "/usr/local/bin/featured", line 136, in __init__
2025 Feb 11 02:31:29.402321 sonic INFO featured[6697]:     self._device_running_config = device_info.get_device_runtime_metadata()
2025 Feb 11 02:31:29.402364 sonic INFO featured[6697]:                                   ^^^^^^^^^^^^^^^^^^^^^^^^^^^^^^^^^^^^^^^^^
2025 Feb 11 02:31:29.402380 sonic INFO featured[6697]:   File "/usr/local/lib/python3.11/dist-packages/sonic_py_common/device_info.py", line 680, in get_device_runtime_metadata
2025 Feb 11 02:31:29.402536 sonic INFO featured[6697]:     port_metadata = {'ETHERNET_PORTS_PRESENT': True if get_path_to_port_config_file(hwsku=None, asic="0" if is_multi_npu() else None) else False}
2025 Feb 11 02:31:29.402587 sonic INFO featured[6697]:                                                        ^^^^^^^^^^^^^^^^^^^^^^^^^^^^^^^^^^^^^^^^^^^^^^^^^^^^^^^^^^^^^^^^^^^^^^^^^^^^^^
2025 Feb 11 02:31:29.402605 sonic INFO featured[6697]:   File "/usr/local/lib/python3.11/dist-packages/sonic_py_common/device_info.py", line 446, in get_path_to_port_config_file
2025 Feb 11 02:31:29.402673 sonic INFO featured[6697]:     (platform_path, hwsku_path) = get_paths_to_platform_and_hwsku_dirs()
2025 Feb 11 02:31:29.402715 sonic INFO featured[6697]:                                   ^^^^^^^^^^^^^^^^^^^^^^^^^^^^^^^^^^^^^^
2025 Feb 11 02:31:29.402731 sonic INFO featured[6697]:   File "/usr/local/lib/python3.11/dist-packages/sonic_py_common/device_info.py", line 412, in get_paths_to_platform_and_hwsku_dirs
2025 Feb 11 02:31:29.402793 sonic INFO featured[6697]:     hwsku_path = os.path.join(platform_path, hwsku)
2025 Feb 11 02:31:29.402836 sonic INFO featured[6697]:                  ^^^^^^^^^^^^^^^^^^^^^^^^^^^^^^^^^^
2025 Feb 11 02:31:29.402853 sonic INFO featured[6697]:   File "<frozen posixpath>", line 90, in join
2025 Feb 11 02:31:29.402869 sonic INFO featured[6697]:   File "<frozen genericpath>", line 152, in _check_arg_types
2025 Feb 11 02:31:29.402886 sonic INFO featured[6697]: TypeError: join() argument must be str, bytes, or os.PathLike object, not 'NoneType'
2025 Feb 11 02:31:29.422121 sonic NOTICE systemd[1]: featured.service: Main process exited, code=exited, status=1/FAILURE
2025 Feb 11 02:31:29.422232 sonic WARNING systemd[1]: featured.service: Failed with result 'exit-code'.
2025 Feb 11 02:31:29.450703 sonic INFO systemd[1]: Started featured.service - Feature configuration daemon.
2025 Feb 11 02:31:29.634314 sonic INFO featured: ConfigDB connect success
2025 Feb 11 02:31:29.641352 sonic INFO featured[6698]: Traceback (most recent call last):
2025 Feb 11 02:31:29.641444 sonic INFO featured[6698]:   File "/usr/local/bin/featured", line 598, in <module>
2025 Feb 11 02:31:29.643644 sonic INFO featured[6698]:     main()
2025 Feb 11 02:31:29.644549 sonic INFO featured[6698]:   File "/usr/local/bin/featured", line 591, in main
2025 Feb 11 02:31:29.648112 sonic INFO featured[6698]:     daemon = FeatureDaemon()
2025 Feb 11 02:31:29.648606 sonic INFO featured[6698]:              ^^^^^^^^^^^^^^^
2025 Feb 11 02:31:29.648670 sonic INFO featured[6698]:   File "/usr/local/bin/featured", line 529, in __init__
2025 Feb 11 02:31:29.648734 sonic INFO featured[6698]:     self.feature_handler = FeatureHandler(self.config_db, feature_state_table, self.device_config, self.advanced_boot)
2025 Feb 11 02:31:29.648797 sonic INFO featured[6698]:                            ^^^^^^^^^^^^^^^^^^^^^^^^^^^^^^^^^^^^^^^^^^^^^^^^^^^^^^^^^^^^^^^^^^^^^^^^^^^^^^^^^^^^^^^^^^^
2025 Feb 11 02:31:29.648814 sonic INFO featured[6698]:   File "/usr/local/bin/featured", line 136, in __init__
2025 Feb 11 02:31:29.648831 sonic INFO featured[6698]:     self._device_running_config = device_info.get_device_runtime_metadata()
2025 Feb 11 02:31:29.648847 sonic INFO featured[6698]:                                   ^^^^^^^^^^^^^^^^^^^^^^^^^^^^^^^^^^^^^^^^^
2025 Feb 11 02:31:29.648864 sonic INFO featured[6698]:   File "/usr/local/lib/python3.11/dist-packages/sonic_py_common/device_info.py", line 680, in get_device_runtime_metadata
2025 Feb 11 02:31:29.648891 sonic INFO featured[6698]:     port_metadata = {'ETHERNET_PORTS_PRESENT': True if get_path_to_port_config_file(hwsku=None, asic="0" if is_multi_npu() else None) else False}
2025 Feb 11 02:31:29.648930 sonic INFO featured[6698]:                                                        ^^^^^^^^^^^^^^^^^^^^^^^^^^^^^^^^^^^^^^^^^^^^^^^^^^^^^^^^^^^^^^^^^^^^^^^^^^^^^^
2025 Feb 11 02:31:29.648968 sonic INFO featured[6698]:   File "/usr/local/lib/python3.11/dist-packages/sonic_py_common/device_info.py", line 446, in get_path_to_port_config_file
2025 Feb 11 02:31:29.648984 sonic INFO featured[6698]:     (platform_path, hwsku_path) = get_paths_to_platform_and_hwsku_dirs()
2025 Feb 11 02:31:29.649008 sonic INFO featured[6698]:                                   ^^^^^^^^^^^^^^^^^^^^^^^^^^^^^^^^^^^^^^
2025 Feb 11 02:31:29.649035 sonic INFO featured[6698]:   File "/usr/local/lib/python3.11/dist-packages/sonic_py_common/device_info.py", line 412, in get_paths_to_platform_and_hwsku_dirs
2025 Feb 11 02:31:29.649059 sonic INFO featured[6698]:     hwsku_path = os.path.join(platform_path, hwsku)
2025 Feb 11 02:31:29.649075 sonic INFO featured[6698]:                  ^^^^^^^^^^^^^^^^^^^^^^^^^^^^^^^^^^
2025 Feb 11 02:31:29.649095 sonic INFO featured[6698]:   File "<frozen posixpath>", line 90, in join
2025 Feb 11 02:31:29.649116 sonic INFO featured[6698]:   File "<frozen genericpath>", line 152, in _check_arg_types
2025 Feb 11 02:31:29.649209 sonic INFO featured[6698]: TypeError: join() argument must be str, bytes, or os.PathLike object, not 'NoneType'
2025 Feb 11 02:31:29.750811 sonic NOTICE systemd[1]: featured.service: Main process exited, code=exited, status=1/FAILURE
2025 Feb 11 02:31:29.751276 sonic WARNING systemd[1]: featured.service: Failed with result 'exit-code'.
2025 Feb 11 02:31:29.755269 sonic WARNING systemd[1]: featured.service: Start request repeated too quickly.
2025 Feb 11 02:31:29.755370 sonic WARNING systemd[1]: featured.service: Failed with result 'exit-code'.
2025 Feb 11 02:31:29.755438 sonic ERR systemd[1]: Failed to start featured.service - Feature configuration daemon.
2025 Feb 11 02:31:37.280449 sonic WARNING systemd[1]: featured.service: Start request repeated too quickly.
2025 Feb 11 02:31:37.280608 sonic WARNING systemd[1]: featured.service: Failed with result 'exit-code'.
2025 Feb 11 02:31:37.280662 sonic ERR systemd[1]: Failed to start featured.service - Feature configuration daemon.
2025 Feb 11 02:31:38.033697 sonic INFO systemd[1]: caclmgrd.service: Scheduled restart job, restart counter is at 9.
2025 Feb 11 02:31:38.034074 sonic INFO systemd[1]: Stopped caclmgrd.service - Control Plane ACL configuration daemon.
2025 Feb 11 02:31:38.083920 sonic INFO systemd[1]: Started caclmgrd.service - Control Plane ACL configuration daemon.
2025 Feb 11 02:31:38.084321 sonic WARNING systemd[1]: featured.service: Start request repeated too quickly.
2025 Feb 11 02:31:38.084422 sonic WARNING systemd[1]: featured.service: Failed with result 'exit-code'.
2025 Feb 11 02:31:38.084532 sonic ERR systemd[1]: Failed to start featured.service - Feature configuration daemon.
2025 Feb 11 02:31:38.086776 sonic WARNING systemd[1]: featured.service: Start request repeated too quickly.
2025 Feb 11 02:31:38.086847 sonic WARNING systemd[1]: featured.service: Failed with result 'exit-code'.
2025 Feb 11 02:31:38.086890 sonic ERR systemd[1]: Failed to start featured.service - Feature configuration daemon.
2025 Feb 11 02:31:38.257159 sonic INFO caclmgrd[6719]: Traceback (most recent call last):
2025 Feb 11 02:31:38.257284 sonic INFO caclmgrd[6719]:   File "/usr/local/bin/caclmgrd", line 1146, in <module>
2025 Feb 11 02:31:38.257343 sonic INFO caclmgrd[6719]:     main()
2025 Feb 11 02:31:38.257375 sonic INFO caclmgrd[6719]:   File "/usr/local/bin/caclmgrd", line 1137, in main
2025 Feb 11 02:31:38.257446 sonic INFO caclmgrd[6719]:     caclmgr = ControlPlaneAclManager(SYSLOG_IDENTIFIER)
2025 Feb 11 02:31:38.257510 sonic INFO caclmgrd[6719]:               ^^^^^^^^^^^^^^^^^^^^^^^^^^^^^^^^^^^^^^^^^
2025 Feb 11 02:31:38.257528 sonic INFO caclmgrd[6719]:   File "/usr/local/bin/caclmgrd", line 156, in __init__
2025 Feb 11 02:31:38.257545 sonic INFO caclmgrd[6719]:     if 'subtype' in metadata['localhost'] and metadata['localhost']['subtype'] == 'DualToR':
2025 Feb 11 02:31:38.257561 sonic INFO caclmgrd[6719]:                     ~~~~~~~~^^^^^^^^^^^^^
2025 Feb 11 02:31:38.257578 sonic INFO caclmgrd[6719]: KeyError: 'localhost'
2025 Feb 11 02:31:38.269471 sonic NOTICE systemd[1]: caclmgrd.service: Main process exited, code=exited, status=1/FAILURE
2025 Feb 11 02:31:38.269706 sonic WARNING systemd[1]: caclmgrd.service: Failed with result 'exit-code'.
2025 Feb 11 02:31:38.272623 sonic WARNING systemd[1]: featured.service: Start request repeated too quickly.
2025 Feb 11 02:31:38.272720 sonic WARNING systemd[1]: featured.service: Failed with result 'exit-code'.
2025 Feb 11 02:31:38.272771 sonic ERR systemd[1]: Failed to start featured.service - Feature configuration daemon.
2025 Feb 11 02:31:54.273183 sonic INFO monit[828]: 'sonic' Monit 5.20.0 started
2025 Feb 11 02:31:54.562128 sonic DEBUG mgmt_oper_status.py: No management interface found
2025 Feb 11 02:31:54.563002 sonic INFO systemd[1]: Started featured.service - Feature configuration daemon.
2025 Feb 11 02:31:54.563239 sonic INFO systemd[1]: Started uuidd.service - Daemon for generating UUIDs.
2025 Feb 11 02:31:55.120893 sonic INFO featured: ConfigDB connect success
2025 Feb 11 02:31:55.228912 sonic INFO featured[6788]: Traceback (most recent call last):
2025 Feb 11 02:31:55.229575 sonic INFO featured[6788]:   File "/usr/local/bin/featured", line 598, in <module>
2025 Feb 11 02:31:55.229612 sonic INFO featured[6788]:     main()
2025 Feb 11 02:31:55.229658 sonic INFO featured[6788]:   File "/usr/local/bin/featured", line 591, in main
2025 Feb 11 02:31:55.229717 sonic INFO featured[6788]:     daemon = FeatureDaemon()
2025 Feb 11 02:31:55.229764 sonic INFO featured[6788]:              ^^^^^^^^^^^^^^^
2025 Feb 11 02:31:55.229793 sonic INFO featured[6788]:   File "/usr/local/bin/featured", line 529, in __init__
2025 Feb 11 02:31:55.229820 sonic INFO featured[6788]:     self.feature_handler = FeatureHandler(self.config_db, feature_state_table, self.device_config, self.advanced_boot)
2025 Feb 11 02:31:55.229889 sonic INFO featured[6788]:                            ^^^^^^^^^^^^^^^^^^^^^^^^^^^^^^^^^^^^^^^^^^^^^^^^^^^^^^^^^^^^^^^^^^^^^^^^^^^^^^^^^^^^^^^^^^^
2025 Feb 11 02:31:55.229927 sonic INFO featured[6788]:   File "/usr/local/bin/featured", line 136, in __init__
2025 Feb 11 02:31:55.229963 sonic INFO featured[6788]:     self._device_running_config = device_info.get_device_runtime_metadata()
2025 Feb 11 02:31:55.230003 sonic INFO featured[6788]:                                   ^^^^^^^^^^^^^^^^^^^^^^^^^^^^^^^^^^^^^^^^^
2025 Feb 11 02:31:55.230031 sonic INFO featured[6788]:   File "/usr/local/lib/python3.11/dist-packages/sonic_py_common/device_info.py", line 680, in get_device_runtime_metadata
2025 Feb 11 02:31:55.230069 sonic INFO featured[6788]:     port_metadata = {'ETHERNET_PORTS_PRESENT': True if get_path_to_port_config_file(hwsku=None, asic="0" if is_multi_npu() else None) else False}
2025 Feb 11 02:31:55.230097 sonic INFO featured[6788]:                                                        ^^^^^^^^^^^^^^^^^^^^^^^^^^^^^^^^^^^^^^^^^^^^^^^^^^^^^^^^^^^^^^^^^^^^^^^^^^^^^^
2025 Feb 11 02:31:55.230122 sonic INFO featured[6788]:   File "/usr/local/lib/python3.11/dist-packages/sonic_py_common/device_info.py", line 446, in get_path_to_port_config_file
2025 Feb 11 02:31:55.230147 sonic INFO featured[6788]:     (platform_path, hwsku_path) = get_paths_to_platform_and_hwsku_dirs()
2025 Feb 11 02:31:55.230173 sonic INFO featured[6788]:                                   ^^^^^^^^^^^^^^^^^^^^^^^^^^^^^^^^^^^^^^
2025 Feb 11 02:31:55.230200 sonic INFO featured[6788]:   File "/usr/local/lib/python3.11/dist-packages/sonic_py_common/device_info.py", line 412, in get_paths_to_platform_and_hwsku_dirs
2025 Feb 11 02:31:55.230243 sonic INFO featured[6788]:     hwsku_path = os.path.join(platform_path, hwsku)
2025 Feb 11 02:31:55.230267 sonic INFO featured[6788]:                  ^^^^^^^^^^^^^^^^^^^^^^^^^^^^^^^^^^
2025 Feb 11 02:31:55.230298 sonic INFO featured[6788]:   File "<frozen posixpath>", line 90, in join
2025 Feb 11 02:31:55.230322 sonic INFO featured[6788]:   File "<frozen genericpath>", line 152, in _check_arg_types
2025 Feb 11 02:31:55.230347 sonic INFO featured[6788]: TypeError: join() argument must be str, bytes, or os.PathLike object, not 'NoneType'
2025 Feb 11 02:31:55.435833 sonic INFO memory_checker: [memory_checker] Exits without checking memory usage since container 'snmp' is not running!
2025 Feb 11 02:31:55.463165 sonic INFO memory_checker: [memory_checker] Exits without checking memory usage since container 'gnmi' is not running!
2025 Feb 11 02:31:55.486263 sonic NOTICE systemd[1]: featured.service: Main process exited, code=exited, status=1/FAILURE
2025 Feb 11 02:31:55.486598 sonic WARNING systemd[1]: featured.service: Failed with result 'exit-code'.
2025 Feb 11 02:31:55.522097 sonic INFO memory_checker: [memory_checker] Exits without checking memory usage since container 'bmp' is not running!
2025 Feb 11 02:31:55.525030 sonic NOTICE python3: :- publish: EVENT_PUBLISHED: {"sonic-host:device-test-event":{"batch-id":"5bcee3f2-e820-11ef-91ba-52540070c9c2","index":"0","reason":"monit periodic test","sender":"events_monit_test.py","timestamp":"2025-02-11T02:31:55.514826Z"}}
2025 Feb 11 02:31:55.525317 sonic NOTICE python3: :- publish: EVENT_PUBLISHED: {"sonic-host:device-test-event":{"batch-id":"5bcee3f2-e820-11ef-91ba-52540070c9c2","index":"1","reason":"monit periodic test","sender":"events_monit_test.py","timestamp":"2025-02-11T02:31:55.515441Z"}}
2025 Feb 11 02:31:55.525578 sonic NOTICE python3: :- publish: EVENT_PUBLISHED: {"sonic-host:device-test-event":{"batch-id":"5bcee3f2-e820-11ef-91ba-52540070c9c2","index":"2","reason":"monit periodic test","sender":"events_monit_test.py","timestamp":"2025-02-11T02:31:55.515573Z"}}
2025 Feb 11 02:31:55.525682 sonic INFO systemd[1]: Started featured.service - Feature configuration daemon.
2025 Feb 11 02:31:55.525788 sonic NOTICE python3: :- publish: EVENT_PUBLISHED: {"sonic-host:device-test-event":{"batch-id":"5bcee3f2-e820-11ef-91ba-52540070c9c2","index":"3","reason":"monit periodic test","sender":"events_monit_test.py","timestamp":"2025-02-11T02:31:55.515660Z"}}
2025 Feb 11 02:31:55.525855 sonic NOTICE python3: :- publish: EVENT_PUBLISHED: {"sonic-host:device-test-event":{"batch-id":"5bcee3f2-e820-11ef-91ba-52540070c9c2","index":"4","reason":"monit periodic test","sender":"events_monit_test.py","timestamp":"2025-02-11T02:31:55.515726Z"}}
2025 Feb 11 02:31:55.927162 sonic INFO featured: ConfigDB connect success
2025 Feb 11 02:31:55.952245 sonic INFO featured[6822]: Traceback (most recent call last):
2025 Feb 11 02:31:55.953010 sonic INFO featured[6822]:   File "/usr/local/bin/featured", line 598, in <module>
2025 Feb 11 02:31:55.953046 sonic INFO featured[6822]:     main()
2025 Feb 11 02:31:55.953073 sonic INFO featured[6822]:   File "/usr/local/bin/featured", line 591, in main
2025 Feb 11 02:31:55.953089 sonic INFO featured[6822]:     daemon = FeatureDaemon()
2025 Feb 11 02:31:55.953106 sonic INFO featured[6822]:              ^^^^^^^^^^^^^^^
2025 Feb 11 02:31:55.953122 sonic INFO featured[6822]:   File "/usr/local/bin/featured", line 529, in __init__
2025 Feb 11 02:31:55.953146 sonic INFO featured[6822]:     self.feature_handler = FeatureHandler(self.config_db, feature_state_table, self.device_config, self.advanced_boot)
2025 Feb 11 02:31:55.953181 sonic INFO featured[6822]:                            ^^^^^^^^^^^^^^^^^^^^^^^^^^^^^^^^^^^^^^^^^^^^^^^^^^^^^^^^^^^^^^^^^^^^^^^^^^^^^^^^^^^^^^^^^^^
2025 Feb 11 02:31:55.953197 sonic INFO featured[6822]:   File "/usr/local/bin/featured", line 136, in __init__
2025 Feb 11 02:31:55.953219 sonic INFO featured[6822]:     self._device_running_config = device_info.get_device_runtime_metadata()
2025 Feb 11 02:31:55.953235 sonic INFO featured[6822]:                                   ^^^^^^^^^^^^^^^^^^^^^^^^^^^^^^^^^^^^^^^^^
2025 Feb 11 02:31:55.953251 sonic INFO featured[6822]:   File "/usr/local/lib/python3.11/dist-packages/sonic_py_common/device_info.py", line 680, in get_device_runtime_metadata
2025 Feb 11 02:31:55.955436 sonic INFO featured[6822]:     port_metadata = {'ETHERNET_PORTS_PRESENT': True if get_path_to_port_config_file(hwsku=None, asic="0" if is_multi_npu() else None) else False}
2025 Feb 11 02:31:55.955489 sonic INFO featured[6822]:                                                        ^^^^^^^^^^^^^^^^^^^^^^^^^^^^^^^^^^^^^^^^^^^^^^^^^^^^^^^^^^^^^^^^^^^^^^^^^^^^^^
2025 Feb 11 02:31:55.955553 sonic INFO featured[6822]:   File "/usr/local/lib/python3.11/dist-packages/sonic_py_common/device_info.py", line 446, in get_path_to_port_config_file
2025 Feb 11 02:31:55.955602 sonic INFO featured[6822]:     (platform_path, hwsku_path) = get_paths_to_platform_and_hwsku_dirs()
2025 Feb 11 02:31:55.955661 sonic INFO featured[6822]:                                   ^^^^^^^^^^^^^^^^^^^^^^^^^^^^^^^^^^^^^^
2025 Feb 11 02:31:55.955715 sonic INFO featured[6822]:   File "/usr/local/lib/python3.11/dist-packages/sonic_py_common/device_info.py", line 412, in get_paths_to_platform_and_hwsku_dirs
2025 Feb 11 02:31:55.955753 sonic INFO featured[6822]:     hwsku_path = os.path.join(platform_path, hwsku)
2025 Feb 11 02:31:55.955788 sonic INFO featured[6822]:                  ^^^^^^^^^^^^^^^^^^^^^^^^^^^^^^^^^^
2025 Feb 11 02:31:55.955821 sonic INFO featured[6822]:   File "<frozen posixpath>", line 90, in join
2025 Feb 11 02:31:55.955854 sonic INFO featured[6822]:   File "<frozen genericpath>", line 152, in _check_arg_types
2025 Feb 11 02:31:55.955870 sonic INFO featured[6822]: TypeError: join() argument must be str, bytes, or os.PathLike object, not 'NoneType'
2025 Feb 11 02:31:55.996355 sonic NOTICE systemd[1]: featured.service: Main process exited, code=exited, status=1/FAILURE
2025 Feb 11 02:31:55.996521 sonic WARNING systemd[1]: featured.service: Failed with result 'exit-code'.
2025 Feb 11 02:31:56.059510 sonic INFO systemd[1]: Started featured.service - Feature configuration daemon.
2025 Feb 11 02:31:56.483646 sonic INFO featured: ConfigDB connect success
2025 Feb 11 02:31:56.493453 sonic INFO featured[6833]: Traceback (most recent call last):
2025 Feb 11 02:31:56.493583 sonic INFO featured[6833]:   File "/usr/local/bin/featured", line 598, in <module>
2025 Feb 11 02:31:56.493822 sonic INFO featured[6833]:     main()
2025 Feb 11 02:31:56.493879 sonic INFO featured[6833]:   File "/usr/local/bin/featured", line 591, in main
2025 Feb 11 02:31:56.494047 sonic INFO featured[6833]:     daemon = FeatureDaemon()
2025 Feb 11 02:31:56.494087 sonic INFO featured[6833]:              ^^^^^^^^^^^^^^^
2025 Feb 11 02:31:56.494107 sonic INFO featured[6833]:   File "/usr/local/bin/featured", line 529, in __init__
2025 Feb 11 02:31:56.494243 sonic INFO featured[6833]:     self.feature_handler = FeatureHandler(self.config_db, feature_state_table, self.device_config, self.advanced_boot)
2025 Feb 11 02:31:56.494302 sonic INFO featured[6833]:                            ^^^^^^^^^^^^^^^^^^^^^^^^^^^^^^^^^^^^^^^^^^^^^^^^^^^^^^^^^^^^^^^^^^^^^^^^^^^^^^^^^^^^^^^^^^^
2025 Feb 11 02:31:56.494337 sonic INFO featured[6833]:   File "/usr/local/bin/featured", line 136, in __init__
2025 Feb 11 02:31:56.494417 sonic INFO featured[6833]:     self._device_running_config = device_info.get_device_runtime_metadata()
2025 Feb 11 02:31:56.494453 sonic INFO featured[6833]:                                   ^^^^^^^^^^^^^^^^^^^^^^^^^^^^^^^^^^^^^^^^^
2025 Feb 11 02:31:56.494515 sonic INFO featured[6833]:   File "/usr/local/lib/python3.11/dist-packages/sonic_py_common/device_info.py", line 680, in get_device_runtime_metadata
2025 Feb 11 02:31:56.494653 sonic INFO featured[6833]:     port_metadata = {'ETHERNET_PORTS_PRESENT': True if get_path_to_port_config_file(hwsku=None, asic="0" if is_multi_npu() else None) else False}
2025 Feb 11 02:31:56.494717 sonic INFO featured[6833]:                                                        ^^^^^^^^^^^^^^^^^^^^^^^^^^^^^^^^^^^^^^^^^^^^^^^^^^^^^^^^^^^^^^^^^^^^^^^^^^^^^^
2025 Feb 11 02:31:56.494750 sonic INFO featured[6833]:   File "/usr/local/lib/python3.11/dist-packages/sonic_py_common/device_info.py", line 446, in get_path_to_port_config_file
2025 Feb 11 02:31:56.494853 sonic INFO featured[6833]:     (platform_path, hwsku_path) = get_paths_to_platform_and_hwsku_dirs()
2025 Feb 11 02:31:56.494884 sonic INFO featured[6833]:                                   ^^^^^^^^^^^^^^^^^^^^^^^^^^^^^^^^^^^^^^
2025 Feb 11 02:31:56.494918 sonic INFO featured[6833]:   File "/usr/local/lib/python3.11/dist-packages/sonic_py_common/device_info.py", line 412, in get_paths_to_platform_and_hwsku_dirs
2025 Feb 11 02:31:56.495019 sonic INFO featured[6833]:     hwsku_path = os.path.join(platform_path, hwsku)
2025 Feb 11 02:31:56.495065 sonic INFO featured[6833]:                  ^^^^^^^^^^^^^^^^^^^^^^^^^^^^^^^^^^
2025 Feb 11 02:31:56.495098 sonic INFO featured[6833]:   File "<frozen posixpath>", line 90, in join
2025 Feb 11 02:31:56.495123 sonic INFO featured[6833]:   File "<frozen genericpath>", line 152, in _check_arg_types
2025 Feb 11 02:31:56.495151 sonic INFO featured[6833]: TypeError: join() argument must be str, bytes, or os.PathLike object, not 'NoneType'
2025 Feb 11 02:31:56.524697 sonic NOTICE systemd[1]: featured.service: Main process exited, code=exited, status=1/FAILURE
2025 Feb 11 02:31:56.524842 sonic WARNING systemd[1]: featured.service: Failed with result 'exit-code'.
2025 Feb 11 02:31:56.578956 sonic INFO systemd[1]: Started featured.service - Feature configuration daemon.
2025 Feb 11 02:31:56.862338 sonic INFO featured: ConfigDB connect success
2025 Feb 11 02:31:56.872926 sonic INFO featured[6836]: Traceback (most recent call last):
2025 Feb 11 02:31:56.873122 sonic INFO featured[6836]:   File "/usr/local/bin/featured", line 598, in <module>
2025 Feb 11 02:31:56.874821 sonic INFO featured[6836]:     main()
2025 Feb 11 02:31:56.875851 sonic INFO featured[6836]:   File "/usr/local/bin/featured", line 591, in main
2025 Feb 11 02:31:56.876645 sonic INFO featured[6836]:     daemon = FeatureDaemon()
2025 Feb 11 02:31:56.876806 sonic INFO featured[6836]:              ^^^^^^^^^^^^^^^
2025 Feb 11 02:31:56.876873 sonic INFO featured[6836]:   File "/usr/local/bin/featured", line 529, in __init__
2025 Feb 11 02:31:56.877094 sonic INFO featured[6836]:     self.feature_handler = FeatureHandler(self.config_db, feature_state_table, self.device_config, self.advanced_boot)
2025 Feb 11 02:31:56.877294 sonic INFO featured[6836]:                            ^^^^^^^^^^^^^^^^^^^^^^^^^^^^^^^^^^^^^^^^^^^^^^^^^^^^^^^^^^^^^^^^^^^^^^^^^^^^^^^^^^^^^^^^^^^
2025 Feb 11 02:31:56.877355 sonic INFO featured[6836]:   File "/usr/local/bin/featured", line 136, in __init__
2025 Feb 11 02:31:56.879341 sonic INFO featured[6836]:     self._device_running_config = device_info.get_device_runtime_metadata()
2025 Feb 11 02:31:56.879982 sonic INFO featured[6836]:                                   ^^^^^^^^^^^^^^^^^^^^^^^^^^^^^^^^^^^^^^^^^
2025 Feb 11 02:31:56.880046 sonic INFO featured[6836]:   File "/usr/local/lib/python3.11/dist-packages/sonic_py_common/device_info.py", line 680, in get_device_runtime_metadata
2025 Feb 11 02:31:56.882222 sonic INFO featured[6836]:     port_metadata = {'ETHERNET_PORTS_PRESENT': True if get_path_to_port_config_file(hwsku=None, asic="0" if is_multi_npu() else None) else False}
2025 Feb 11 02:31:56.883106 sonic INFO featured[6836]:                                                        ^^^^^^^^^^^^^^^^^^^^^^^^^^^^^^^^^^^^^^^^^^^^^^^^^^^^^^^^^^^^^^^^^^^^^^^^^^^^^^
2025 Feb 11 02:31:56.883182 sonic INFO featured[6836]:   File "/usr/local/lib/python3.11/dist-packages/sonic_py_common/device_info.py", line 446, in get_path_to_port_config_file
2025 Feb 11 02:31:56.883861 sonic INFO featured[6836]:     (platform_path, hwsku_path) = get_paths_to_platform_and_hwsku_dirs()
2025 Feb 11 02:31:56.883920 sonic INFO featured[6836]:                                   ^^^^^^^^^^^^^^^^^^^^^^^^^^^^^^^^^^^^^^
2025 Feb 11 02:31:56.883938 sonic INFO featured[6836]:   File "/usr/local/lib/python3.11/dist-packages/sonic_py_common/device_info.py", line 412, in get_paths_to_platform_and_hwsku_dirs
2025 Feb 11 02:31:56.884110 sonic INFO featured[6836]:     hwsku_path = os.path.join(platform_path, hwsku)
2025 Feb 11 02:31:56.884168 sonic INFO featured[6836]:                  ^^^^^^^^^^^^^^^^^^^^^^^^^^^^^^^^^^
2025 Feb 11 02:31:56.884247 sonic INFO featured[6836]:   File "<frozen posixpath>", line 90, in join
2025 Feb 11 02:31:56.884285 sonic INFO featured[6836]:   File "<frozen genericpath>", line 152, in _check_arg_types
2025 Feb 11 02:31:56.884302 sonic INFO featured[6836]: TypeError: join() argument must be str, bytes, or os.PathLike object, not 'NoneType'
2025 Feb 11 02:31:56.958803 sonic NOTICE systemd[1]: featured.service: Main process exited, code=exited, status=1/FAILURE
2025 Feb 11 02:31:56.958931 sonic WARNING systemd[1]: featured.service: Failed with result 'exit-code'.
2025 Feb 11 02:31:57.002976 sonic INFO systemd[1]: Started featured.service - Feature configuration daemon.
2025 Feb 11 02:31:57.228967 sonic INFO featured: ConfigDB connect success
2025 Feb 11 02:31:57.239648 sonic INFO featured[6837]: Traceback (most recent call last):
2025 Feb 11 02:31:57.240619 sonic INFO featured[6837]:   File "/usr/local/bin/featured", line 598, in <module>
2025 Feb 11 02:31:57.240771 sonic INFO featured[6837]:     main()
2025 Feb 11 02:31:57.240791 sonic INFO featured[6837]:   File "/usr/local/bin/featured", line 591, in main
2025 Feb 11 02:31:57.240807 sonic INFO featured[6837]:     daemon = FeatureDaemon()
2025 Feb 11 02:31:57.240873 sonic INFO featured[6837]:              ^^^^^^^^^^^^^^^
2025 Feb 11 02:31:57.240889 sonic INFO featured[6837]:   File "/usr/local/bin/featured", line 529, in __init__
2025 Feb 11 02:31:57.240907 sonic INFO featured[6837]:     self.feature_handler = FeatureHandler(self.config_db, feature_state_table, self.device_config, self.advanced_boot)
2025 Feb 11 02:31:57.240926 sonic INFO featured[6837]:                            ^^^^^^^^^^^^^^^^^^^^^^^^^^^^^^^^^^^^^^^^^^^^^^^^^^^^^^^^^^^^^^^^^^^^^^^^^^^^^^^^^^^^^^^^^^^
2025 Feb 11 02:31:57.240941 sonic INFO featured[6837]:   File "/usr/local/bin/featured", line 136, in __init__
2025 Feb 11 02:31:57.240957 sonic INFO featured[6837]:     self._device_running_config = device_info.get_device_runtime_metadata()
2025 Feb 11 02:31:57.240991 sonic INFO featured[6837]:                                   ^^^^^^^^^^^^^^^^^^^^^^^^^^^^^^^^^^^^^^^^^
2025 Feb 11 02:31:57.241006 sonic INFO featured[6837]:   File "/usr/local/lib/python3.11/dist-packages/sonic_py_common/device_info.py", line 680, in get_device_runtime_metadata
2025 Feb 11 02:31:57.243740 sonic INFO featured[6837]:     port_metadata = {'ETHERNET_PORTS_PRESENT': True if get_path_to_port_config_file(hwsku=None, asic="0" if is_multi_npu() else None) else False}
2025 Feb 11 02:31:57.243953 sonic INFO featured[6837]:                                                        ^^^^^^^^^^^^^^^^^^^^^^^^^^^^^^^^^^^^^^^^^^^^^^^^^^^^^^^^^^^^^^^^^^^^^^^^^^^^^^
2025 Feb 11 02:31:57.243986 sonic INFO featured[6837]:   File "/usr/local/lib/python3.11/dist-packages/sonic_py_common/device_info.py", line 446, in get_path_to_port_config_file
2025 Feb 11 02:31:57.244014 sonic INFO featured[6837]:     (platform_path, hwsku_path) = get_paths_to_platform_and_hwsku_dirs()
2025 Feb 11 02:31:57.244030 sonic INFO featured[6837]:                                   ^^^^^^^^^^^^^^^^^^^^^^^^^^^^^^^^^^^^^^
2025 Feb 11 02:31:57.244046 sonic INFO featured[6837]:   File "/usr/local/lib/python3.11/dist-packages/sonic_py_common/device_info.py", line 412, in get_paths_to_platform_and_hwsku_dirs
2025 Feb 11 02:31:57.244077 sonic INFO featured[6837]:     hwsku_path = os.path.join(platform_path, hwsku)
2025 Feb 11 02:31:57.244182 sonic INFO featured[6837]:                  ^^^^^^^^^^^^^^^^^^^^^^^^^^^^^^^^^^
2025 Feb 11 02:31:57.244215 sonic INFO featured[6837]:   File "<frozen posixpath>", line 90, in join
2025 Feb 11 02:31:57.244237 sonic INFO featured[6837]:   File "<frozen genericpath>", line 152, in _check_arg_types
2025 Feb 11 02:31:57.244254 sonic INFO featured[6837]: TypeError: join() argument must be str, bytes, or os.PathLike object, not 'NoneType'
2025 Feb 11 02:31:57.323708 sonic NOTICE systemd[1]: featured.service: Main process exited, code=exited, status=1/FAILURE
2025 Feb 11 02:31:57.324090 sonic WARNING systemd[1]: featured.service: Failed with result 'exit-code'.
2025 Feb 11 02:31:57.336526 sonic WARNING systemd[1]: featured.service: Start request repeated too quickly.
2025 Feb 11 02:31:57.337187 sonic WARNING systemd[1]: featured.service: Failed with result 'exit-code'.
2025 Feb 11 02:31:57.337238 sonic ERR systemd[1]: Failed to start featured.service - Feature configuration daemon.
2025 Feb 11 02:31:58.280616 sonic WARNING systemd[1]: featured.service: Start request repeated too quickly.
2025 Feb 11 02:31:58.280772 sonic WARNING systemd[1]: featured.service: Failed with result 'exit-code'.
2025 Feb 11 02:31:58.280822 sonic ERR systemd[1]: Failed to start featured.service - Feature configuration daemon.
2025 Feb 11 02:32:08.281744 sonic INFO systemd[1]: caclmgrd.service: Scheduled restart job, restart counter is at 10.
2025 Feb 11 02:32:08.283235 sonic INFO systemd[1]: Stopped caclmgrd.service - Control Plane ACL configuration daemon.
2025 Feb 11 02:32:08.332304 sonic INFO systemd[1]: Started caclmgrd.service - Control Plane ACL configuration daemon.
2025 Feb 11 02:32:08.336687 sonic INFO systemd[1]: Started featured.service - Feature configuration daemon.
2025 Feb 11 02:32:08.488246 sonic INFO caclmgrd[6944]: Traceback (most recent call last):
2025 Feb 11 02:32:08.488319 sonic INFO caclmgrd[6944]:   File "/usr/local/bin/caclmgrd", line 1146, in <module>
2025 Feb 11 02:32:08.488387 sonic INFO caclmgrd[6944]:     main()
2025 Feb 11 02:32:08.488406 sonic INFO caclmgrd[6944]:   File "/usr/local/bin/caclmgrd", line 1137, in main
2025 Feb 11 02:32:08.488422 sonic INFO caclmgrd[6944]:     caclmgr = ControlPlaneAclManager(SYSLOG_IDENTIFIER)
2025 Feb 11 02:32:08.488438 sonic INFO caclmgrd[6944]:               ^^^^^^^^^^^^^^^^^^^^^^^^^^^^^^^^^^^^^^^^^
2025 Feb 11 02:32:08.488454 sonic INFO caclmgrd[6944]:   File "/usr/local/bin/caclmgrd", line 156, in __init__
2025 Feb 11 02:32:08.488474 sonic INFO caclmgrd[6944]:     if 'subtype' in metadata['localhost'] and metadata['localhost']['subtype'] == 'DualToR':
2025 Feb 11 02:32:08.488490 sonic INFO caclmgrd[6944]:                     ~~~~~~~~^^^^^^^^^^^^^
2025 Feb 11 02:32:08.488505 sonic INFO caclmgrd[6944]: KeyError: 'localhost'
2025 Feb 11 02:32:08.505471 sonic NOTICE systemd[1]: caclmgrd.service: Main process exited, code=exited, status=1/FAILURE
2025 Feb 11 02:32:08.505628 sonic WARNING systemd[1]: caclmgrd.service: Failed with result 'exit-code'.
2025 Feb 11 02:32:08.530712 sonic INFO featured: ConfigDB connect success
2025 Feb 11 02:32:08.535072 sonic INFO featured[6945]: Traceback (most recent call last):
2025 Feb 11 02:32:08.535125 sonic INFO featured[6945]:   File "/usr/local/bin/featured", line 598, in <module>
2025 Feb 11 02:32:08.535278 sonic INFO featured[6945]:     main()
2025 Feb 11 02:32:08.535317 sonic INFO featured[6945]:   File "/usr/local/bin/featured", line 591, in main
2025 Feb 11 02:32:08.535455 sonic INFO featured[6945]:     daemon = FeatureDaemon()
2025 Feb 11 02:32:08.535489 sonic INFO featured[6945]:              ^^^^^^^^^^^^^^^
2025 Feb 11 02:32:08.535512 sonic INFO featured[6945]:   File "/usr/local/bin/featured", line 529, in __init__
2025 Feb 11 02:32:08.535604 sonic INFO featured[6945]:     self.feature_handler = FeatureHandler(self.config_db, feature_state_table, self.device_config, self.advanced_boot)
2025 Feb 11 02:32:08.535649 sonic INFO featured[6945]:                            ^^^^^^^^^^^^^^^^^^^^^^^^^^^^^^^^^^^^^^^^^^^^^^^^^^^^^^^^^^^^^^^^^^^^^^^^^^^^^^^^^^^^^^^^^^^
2025 Feb 11 02:32:08.535666 sonic INFO featured[6945]:   File "/usr/local/bin/featured", line 136, in __init__
2025 Feb 11 02:32:08.535689 sonic INFO featured[6945]:     self._device_running_config = device_info.get_device_runtime_metadata()
2025 Feb 11 02:32:08.535711 sonic INFO featured[6945]:                                   ^^^^^^^^^^^^^^^^^^^^^^^^^^^^^^^^^^^^^^^^^
2025 Feb 11 02:32:08.535728 sonic INFO featured[6945]:   File "/usr/local/lib/python3.11/dist-packages/sonic_py_common/device_info.py", line 680, in get_device_runtime_metadata
2025 Feb 11 02:32:08.535851 sonic INFO featured[6945]:     port_metadata = {'ETHERNET_PORTS_PRESENT': True if get_path_to_port_config_file(hwsku=None, asic="0" if is_multi_npu() else None) else False}
2025 Feb 11 02:32:08.535890 sonic INFO featured[6945]:                                                        ^^^^^^^^^^^^^^^^^^^^^^^^^^^^^^^^^^^^^^^^^^^^^^^^^^^^^^^^^^^^^^^^^^^^^^^^^^^^^^
2025 Feb 11 02:32:08.535908 sonic INFO featured[6945]:   File "/usr/local/lib/python3.11/dist-packages/sonic_py_common/device_info.py", line 446, in get_path_to_port_config_file
2025 Feb 11 02:32:08.535981 sonic INFO featured[6945]:     (platform_path, hwsku_path) = get_paths_to_platform_and_hwsku_dirs()
2025 Feb 11 02:32:08.536013 sonic INFO featured[6945]:                                   ^^^^^^^^^^^^^^^^^^^^^^^^^^^^^^^^^^^^^^
2025 Feb 11 02:32:08.536029 sonic INFO featured[6945]:   File "/usr/local/lib/python3.11/dist-packages/sonic_py_common/device_info.py", line 412, in get_paths_to_platform_and_hwsku_dirs
2025 Feb 11 02:32:08.536096 sonic INFO featured[6945]:     hwsku_path = os.path.join(platform_path, hwsku)
2025 Feb 11 02:32:08.536134 sonic INFO featured[6945]:                  ^^^^^^^^^^^^^^^^^^^^^^^^^^^^^^^^^^
2025 Feb 11 02:32:08.536160 sonic INFO featured[6945]:   File "<frozen posixpath>", line 90, in join
2025 Feb 11 02:32:08.536175 sonic INFO featured[6945]:   File "<frozen genericpath>", line 152, in _check_arg_types
2025 Feb 11 02:32:08.536192 sonic INFO featured[6945]: TypeError: join() argument must be str, bytes, or os.PathLike object, not 'NoneType'
2025 Feb 11 02:32:08.586593 sonic NOTICE systemd[1]: featured.service: Main process exited, code=exited, status=1/FAILURE
2025 Feb 11 02:32:08.586846 sonic WARNING systemd[1]: featured.service: Failed with result 'exit-code'.
2025 Feb 11 02:32:08.636110 sonic INFO systemd[1]: Started featured.service - Feature configuration daemon.
2025 Feb 11 02:32:08.928686 sonic INFO featured: ConfigDB connect success
2025 Feb 11 02:32:08.940370 sonic INFO featured[6954]: Traceback (most recent call last):
2025 Feb 11 02:32:08.940625 sonic INFO featured[6954]:   File "/usr/local/bin/featured", line 598, in <module>
2025 Feb 11 02:32:08.940677 sonic INFO featured[6954]:     main()
2025 Feb 11 02:32:08.940705 sonic INFO featured[6954]:   File "/usr/local/bin/featured", line 591, in main
2025 Feb 11 02:32:08.940773 sonic INFO featured[6954]:     daemon = FeatureDaemon()
2025 Feb 11 02:32:08.940815 sonic INFO featured[6954]:              ^^^^^^^^^^^^^^^
2025 Feb 11 02:32:08.940843 sonic INFO featured[6954]:   File "/usr/local/bin/featured", line 529, in __init__
2025 Feb 11 02:32:08.940884 sonic INFO featured[6954]:     self.feature_handler = FeatureHandler(self.config_db, feature_state_table, self.device_config, self.advanced_boot)
2025 Feb 11 02:32:08.940928 sonic INFO featured[6954]:                            ^^^^^^^^^^^^^^^^^^^^^^^^^^^^^^^^^^^^^^^^^^^^^^^^^^^^^^^^^^^^^^^^^^^^^^^^^^^^^^^^^^^^^^^^^^^
2025 Feb 11 02:32:08.940979 sonic INFO featured[6954]:   File "/usr/local/bin/featured", line 136, in __init__
2025 Feb 11 02:32:08.941019 sonic INFO featured[6954]:     self._device_running_config = device_info.get_device_runtime_metadata()
2025 Feb 11 02:32:08.941063 sonic INFO featured[6954]:                                   ^^^^^^^^^^^^^^^^^^^^^^^^^^^^^^^^^^^^^^^^^
2025 Feb 11 02:32:08.941103 sonic INFO featured[6954]:   File "/usr/local/lib/python3.11/dist-packages/sonic_py_common/device_info.py", line 680, in get_device_runtime_metadata
2025 Feb 11 02:32:08.941144 sonic INFO featured[6954]:     port_metadata = {'ETHERNET_PORTS_PRESENT': True if get_path_to_port_config_file(hwsku=None, asic="0" if is_multi_npu() else None) else False}
2025 Feb 11 02:32:08.941205 sonic INFO featured[6954]:                                                        ^^^^^^^^^^^^^^^^^^^^^^^^^^^^^^^^^^^^^^^^^^^^^^^^^^^^^^^^^^^^^^^^^^^^^^^^^^^^^^
2025 Feb 11 02:32:08.941251 sonic INFO featured[6954]:   File "/usr/local/lib/python3.11/dist-packages/sonic_py_common/device_info.py", line 446, in get_path_to_port_config_file
2025 Feb 11 02:32:08.941280 sonic INFO featured[6954]:     (platform_path, hwsku_path) = get_paths_to_platform_and_hwsku_dirs()
2025 Feb 11 02:32:08.941320 sonic INFO featured[6954]:                                   ^^^^^^^^^^^^^^^^^^^^^^^^^^^^^^^^^^^^^^
2025 Feb 11 02:32:08.941385 sonic INFO featured[6954]:   File "/usr/local/lib/python3.11/dist-packages/sonic_py_common/device_info.py", line 412, in get_paths_to_platform_and_hwsku_dirs
2025 Feb 11 02:32:08.941425 sonic INFO featured[6954]:     hwsku_path = os.path.join(platform_path, hwsku)
2025 Feb 11 02:32:08.941451 sonic INFO featured[6954]:                  ^^^^^^^^^^^^^^^^^^^^^^^^^^^^^^^^^^
2025 Feb 11 02:32:08.941550 sonic INFO featured[6954]:   File "<frozen posixpath>", line 90, in join
2025 Feb 11 02:32:08.942889 sonic INFO featured[6954]:   File "<frozen genericpath>", line 152, in _check_arg_types
2025 Feb 11 02:32:08.942958 sonic INFO featured[6954]: TypeError: join() argument must be str, bytes, or os.PathLike object, not 'NoneType'
2025 Feb 11 02:32:08.981780 sonic NOTICE systemd[1]: featured.service: Main process exited, code=exited, status=1/FAILURE
2025 Feb 11 02:32:08.981982 sonic WARNING systemd[1]: featured.service: Failed with result 'exit-code'.
2025 Feb 11 02:32:09.039710 sonic INFO systemd[1]: Started featured.service - Feature configuration daemon.
2025 Feb 11 02:32:09.283189 sonic INFO featured: ConfigDB connect success
2025 Feb 11 02:32:09.293021 sonic INFO featured[6958]: Traceback (most recent call last):
2025 Feb 11 02:32:09.293121 sonic INFO featured[6958]:   File "/usr/local/bin/featured", line 598, in <module>
2025 Feb 11 02:32:09.293388 sonic INFO featured[6958]:     main()
2025 Feb 11 02:32:09.293536 sonic INFO featured[6958]:   File "/usr/local/bin/featured", line 591, in main
2025 Feb 11 02:32:09.295923 sonic INFO featured[6958]:     daemon = FeatureDaemon()
2025 Feb 11 02:32:09.296273 sonic INFO featured[6958]:              ^^^^^^^^^^^^^^^
2025 Feb 11 02:32:09.296301 sonic INFO featured[6958]:   File "/usr/local/bin/featured", line 529, in __init__
2025 Feb 11 02:32:09.296330 sonic INFO featured[6958]:     self.feature_handler = FeatureHandler(self.config_db, feature_state_table, self.device_config, self.advanced_boot)
2025 Feb 11 02:32:09.296386 sonic INFO featured[6958]:                            ^^^^^^^^^^^^^^^^^^^^^^^^^^^^^^^^^^^^^^^^^^^^^^^^^^^^^^^^^^^^^^^^^^^^^^^^^^^^^^^^^^^^^^^^^^^
2025 Feb 11 02:32:09.296415 sonic INFO featured[6958]:   File "/usr/local/bin/featured", line 136, in __init__
2025 Feb 11 02:32:09.296442 sonic INFO featured[6958]:     self._device_running_config = device_info.get_device_runtime_metadata()
2025 Feb 11 02:32:09.296469 sonic INFO featured[6958]:                                   ^^^^^^^^^^^^^^^^^^^^^^^^^^^^^^^^^^^^^^^^^
2025 Feb 11 02:32:09.296497 sonic INFO featured[6958]:   File "/usr/local/lib/python3.11/dist-packages/sonic_py_common/device_info.py", line 680, in get_device_runtime_metadata
2025 Feb 11 02:32:09.300252 sonic INFO featured[6958]:     port_metadata = {'ETHERNET_PORTS_PRESENT': True if get_path_to_port_config_file(hwsku=None, asic="0" if is_multi_npu() else None) else False}
2025 Feb 11 02:32:09.300783 sonic INFO featured[6958]:                                                        ^^^^^^^^^^^^^^^^^^^^^^^^^^^^^^^^^^^^^^^^^^^^^^^^^^^^^^^^^^^^^^^^^^^^^^^^^^^^^^
2025 Feb 11 02:32:09.300819 sonic INFO featured[6958]:   File "/usr/local/lib/python3.11/dist-packages/sonic_py_common/device_info.py", line 446, in get_path_to_port_config_file
2025 Feb 11 02:32:09.301678 sonic INFO featured[6958]:     (platform_path, hwsku_path) = get_paths_to_platform_and_hwsku_dirs()
2025 Feb 11 02:32:09.301752 sonic INFO featured[6958]:                                   ^^^^^^^^^^^^^^^^^^^^^^^^^^^^^^^^^^^^^^
2025 Feb 11 02:32:09.301805 sonic INFO featured[6958]:   File "/usr/local/lib/python3.11/dist-packages/sonic_py_common/device_info.py", line 412, in get_paths_to_platform_and_hwsku_dirs
2025 Feb 11 02:32:09.301925 sonic INFO featured[6958]:     hwsku_path = os.path.join(platform_path, hwsku)
2025 Feb 11 02:32:09.301985 sonic INFO featured[6958]:                  ^^^^^^^^^^^^^^^^^^^^^^^^^^^^^^^^^^
2025 Feb 11 02:32:09.302097 sonic INFO featured[6958]:   File "<frozen posixpath>", line 90, in join
2025 Feb 11 02:32:09.302144 sonic INFO featured[6958]:   File "<frozen genericpath>", line 152, in _check_arg_types
2025 Feb 11 02:32:09.302218 sonic INFO featured[6958]: TypeError: join() argument must be str, bytes, or os.PathLike object, not 'NoneType'
2025 Feb 11 02:32:09.336302 sonic NOTICE systemd[1]: featured.service: Main process exited, code=exited, status=1/FAILURE
2025 Feb 11 02:32:09.337256 sonic WARNING systemd[1]: featured.service: Failed with result 'exit-code'.
2025 Feb 11 02:32:09.378728 sonic INFO systemd[1]: Started featured.service - Feature configuration daemon.
2025 Feb 11 02:32:09.635501 sonic INFO featured: ConfigDB connect success
2025 Feb 11 02:32:09.647570 sonic INFO featured[6960]: Traceback (most recent call last):
2025 Feb 11 02:32:09.647692 sonic INFO featured[6960]:   File "/usr/local/bin/featured", line 598, in <module>
2025 Feb 11 02:32:09.647737 sonic INFO featured[6960]:     main()
2025 Feb 11 02:32:09.647768 sonic INFO featured[6960]:   File "/usr/local/bin/featured", line 591, in main
2025 Feb 11 02:32:09.647905 sonic INFO featured[6960]:     daemon = FeatureDaemon()
2025 Feb 11 02:32:09.647959 sonic INFO featured[6960]:              ^^^^^^^^^^^^^^^
2025 Feb 11 02:32:09.647992 sonic INFO featured[6960]:   File "/usr/local/bin/featured", line 529, in __init__
2025 Feb 11 02:32:09.648024 sonic INFO featured[6960]:     self.feature_handler = FeatureHandler(self.config_db, feature_state_table, self.device_config, self.advanced_boot)
2025 Feb 11 02:32:09.648064 sonic INFO featured[6960]:                            ^^^^^^^^^^^^^^^^^^^^^^^^^^^^^^^^^^^^^^^^^^^^^^^^^^^^^^^^^^^^^^^^^^^^^^^^^^^^^^^^^^^^^^^^^^^
2025 Feb 11 02:32:09.648091 sonic INFO featured[6960]:   File "/usr/local/bin/featured", line 136, in __init__
2025 Feb 11 02:32:09.648123 sonic INFO featured[6960]:     self._device_running_config = device_info.get_device_runtime_metadata()
2025 Feb 11 02:32:09.648148 sonic INFO featured[6960]:                                   ^^^^^^^^^^^^^^^^^^^^^^^^^^^^^^^^^^^^^^^^^
2025 Feb 11 02:32:09.648178 sonic INFO featured[6960]:   File "/usr/local/lib/python3.11/dist-packages/sonic_py_common/device_info.py", line 680, in get_device_runtime_metadata
2025 Feb 11 02:32:09.648268 sonic INFO featured[6960]:     port_metadata = {'ETHERNET_PORTS_PRESENT': True if get_path_to_port_config_file(hwsku=None, asic="0" if is_multi_npu() else None) else False}
2025 Feb 11 02:32:09.648307 sonic INFO featured[6960]:                                                        ^^^^^^^^^^^^^^^^^^^^^^^^^^^^^^^^^^^^^^^^^^^^^^^^^^^^^^^^^^^^^^^^^^^^^^^^^^^^^^
2025 Feb 11 02:32:09.648324 sonic INFO featured[6960]:   File "/usr/local/lib/python3.11/dist-packages/sonic_py_common/device_info.py", line 446, in get_path_to_port_config_file
2025 Feb 11 02:32:09.648449 sonic INFO featured[6960]:     (platform_path, hwsku_path) = get_paths_to_platform_and_hwsku_dirs()
2025 Feb 11 02:32:09.648487 sonic INFO featured[6960]:                                   ^^^^^^^^^^^^^^^^^^^^^^^^^^^^^^^^^^^^^^
2025 Feb 11 02:32:09.648503 sonic INFO featured[6960]:   File "/usr/local/lib/python3.11/dist-packages/sonic_py_common/device_info.py", line 412, in get_paths_to_platform_and_hwsku_dirs
2025 Feb 11 02:32:09.648550 sonic INFO featured[6960]:     hwsku_path = os.path.join(platform_path, hwsku)
2025 Feb 11 02:32:09.648583 sonic INFO featured[6960]:                  ^^^^^^^^^^^^^^^^^^^^^^^^^^^^^^^^^^
2025 Feb 11 02:32:09.648609 sonic INFO featured[6960]:   File "<frozen posixpath>", line 90, in join
2025 Feb 11 02:32:09.648634 sonic INFO featured[6960]:   File "<frozen genericpath>", line 152, in _check_arg_types
2025 Feb 11 02:32:09.648663 sonic INFO featured[6960]: TypeError: join() argument must be str, bytes, or os.PathLike object, not 'NoneType'
2025 Feb 11 02:32:09.692849 sonic NOTICE systemd[1]: featured.service: Main process exited, code=exited, status=1/FAILURE
2025 Feb 11 02:32:09.693311 sonic WARNING systemd[1]: featured.service: Failed with result 'exit-code'.
2025 Feb 11 02:32:09.747500 sonic INFO systemd[1]: Started featured.service - Feature configuration daemon.
2025 Feb 11 02:32:09.991655 sonic INFO featured: ConfigDB connect success
2025 Feb 11 02:32:09.996716 sonic INFO featured[6961]: Traceback (most recent call last):
2025 Feb 11 02:32:09.996778 sonic INFO featured[6961]:   File "/usr/local/bin/featured", line 598, in <module>
2025 Feb 11 02:32:09.996913 sonic INFO featured[6961]:     main()
2025 Feb 11 02:32:09.996955 sonic INFO featured[6961]:   File "/usr/local/bin/featured", line 591, in main
2025 Feb 11 02:32:09.997073 sonic INFO featured[6961]:     daemon = FeatureDaemon()
2025 Feb 11 02:32:09.997109 sonic INFO featured[6961]:              ^^^^^^^^^^^^^^^
2025 Feb 11 02:32:09.997125 sonic INFO featured[6961]:   File "/usr/local/bin/featured", line 529, in __init__
2025 Feb 11 02:32:09.997182 sonic INFO featured[6961]:     self.feature_handler = FeatureHandler(self.config_db, feature_state_table, self.device_config, self.advanced_boot)
2025 Feb 11 02:32:09.997218 sonic INFO featured[6961]:                            ^^^^^^^^^^^^^^^^^^^^^^^^^^^^^^^^^^^^^^^^^^^^^^^^^^^^^^^^^^^^^^^^^^^^^^^^^^^^^^^^^^^^^^^^^^^
2025 Feb 11 02:32:09.997240 sonic INFO featured[6961]:   File "/usr/local/bin/featured", line 136, in __init__
2025 Feb 11 02:32:09.997288 sonic INFO featured[6961]:     self._device_running_config = device_info.get_device_runtime_metadata()
2025 Feb 11 02:32:09.997312 sonic INFO featured[6961]:                                   ^^^^^^^^^^^^^^^^^^^^^^^^^^^^^^^^^^^^^^^^^
2025 Feb 11 02:32:09.997367 sonic INFO featured[6961]:   File "/usr/local/lib/python3.11/dist-packages/sonic_py_common/device_info.py", line 680, in get_device_runtime_metadata
2025 Feb 11 02:32:09.997551 sonic INFO featured[6961]:     port_metadata = {'ETHERNET_PORTS_PRESENT': True if get_path_to_port_config_file(hwsku=None, asic="0" if is_multi_npu() else None) else False}
2025 Feb 11 02:32:09.997583 sonic INFO featured[6961]:                                                        ^^^^^^^^^^^^^^^^^^^^^^^^^^^^^^^^^^^^^^^^^^^^^^^^^^^^^^^^^^^^^^^^^^^^^^^^^^^^^^
2025 Feb 11 02:32:09.997600 sonic INFO featured[6961]:   File "/usr/local/lib/python3.11/dist-packages/sonic_py_common/device_info.py", line 446, in get_path_to_port_config_file
2025 Feb 11 02:32:09.998482 sonic INFO featured[6961]:     (platform_path, hwsku_path) = get_paths_to_platform_and_hwsku_dirs()
2025 Feb 11 02:32:09.999040 sonic INFO featured[6961]:                                   ^^^^^^^^^^^^^^^^^^^^^^^^^^^^^^^^^^^^^^
2025 Feb 11 02:32:09.999087 sonic INFO featured[6961]:   File "/usr/local/lib/python3.11/dist-packages/sonic_py_common/device_info.py", line 412, in get_paths_to_platform_and_hwsku_dirs
2025 Feb 11 02:32:09.999912 sonic INFO featured[6961]:     hwsku_path = os.path.join(platform_path, hwsku)
2025 Feb 11 02:32:10.000024 sonic INFO featured[6961]:                  ^^^^^^^^^^^^^^^^^^^^^^^^^^^^^^^^^^
2025 Feb 11 02:32:10.000061 sonic INFO featured[6961]:   File "<frozen posixpath>", line 90, in join
2025 Feb 11 02:32:10.000087 sonic INFO featured[6961]:   File "<frozen genericpath>", line 152, in _check_arg_types
2025 Feb 11 02:32:10.000107 sonic INFO featured[6961]: TypeError: join() argument must be str, bytes, or os.PathLike object, not 'NoneType'
2025 Feb 11 02:32:10.040375 sonic NOTICE systemd[1]: featured.service: Main process exited, code=exited, status=1/FAILURE
2025 Feb 11 02:32:10.040475 sonic WARNING systemd[1]: featured.service: Failed with result 'exit-code'.
2025 Feb 11 02:32:10.046603 sonic WARNING systemd[1]: featured.service: Start request repeated too quickly.
2025 Feb 11 02:32:10.046852 sonic WARNING systemd[1]: featured.service: Failed with result 'exit-code'.
2025 Feb 11 02:32:10.046901 sonic ERR systemd[1]: Failed to start featured.service - Feature configuration daemon.
2025 Feb 11 02:32:28.298636 sonic INFO systemd[1]: Started featured.service - Feature configuration daemon.
2025 Feb 11 02:32:28.300704 sonic INFO systemd[1]: Starting tacacs-config.service - TACACS application...
2025 Feb 11 02:32:28.437282 sonic INFO featured: ConfigDB connect success
2025 Feb 11 02:32:28.441258 sonic INFO featured[7010]: Traceback (most recent call last):
2025 Feb 11 02:32:28.441331 sonic INFO featured[7010]:   File "/usr/local/bin/featured", line 598, in <module>
2025 Feb 11 02:32:28.441471 sonic INFO featured[7010]:     main()
2025 Feb 11 02:32:28.441541 sonic INFO featured[7010]:   File "/usr/local/bin/featured", line 591, in main
2025 Feb 11 02:32:28.441681 sonic INFO featured[7010]:     daemon = FeatureDaemon()
2025 Feb 11 02:32:28.441721 sonic INFO featured[7010]:              ^^^^^^^^^^^^^^^
2025 Feb 11 02:32:28.441738 sonic INFO featured[7010]:   File "/usr/local/bin/featured", line 529, in __init__
2025 Feb 11 02:32:28.441801 sonic INFO featured[7010]:     self.feature_handler = FeatureHandler(self.config_db, feature_state_table, self.device_config, self.advanced_boot)
2025 Feb 11 02:32:28.441847 sonic INFO featured[7010]:                            ^^^^^^^^^^^^^^^^^^^^^^^^^^^^^^^^^^^^^^^^^^^^^^^^^^^^^^^^^^^^^^^^^^^^^^^^^^^^^^^^^^^^^^^^^^^
2025 Feb 11 02:32:28.441873 sonic INFO featured[7010]:   File "/usr/local/bin/featured", line 136, in __init__
2025 Feb 11 02:32:28.441912 sonic INFO featured[7010]:     self._device_running_config = device_info.get_device_runtime_metadata()
2025 Feb 11 02:32:28.441948 sonic INFO featured[7010]:                                   ^^^^^^^^^^^^^^^^^^^^^^^^^^^^^^^^^^^^^^^^^
2025 Feb 11 02:32:28.441975 sonic INFO featured[7010]:   File "/usr/local/lib/python3.11/dist-packages/sonic_py_common/device_info.py", line 680, in get_device_runtime_metadata
2025 Feb 11 02:32:28.442077 sonic INFO featured[7010]:     port_metadata = {'ETHERNET_PORTS_PRESENT': True if get_path_to_port_config_file(hwsku=None, asic="0" if is_multi_npu() else None) else False}
2025 Feb 11 02:32:28.442116 sonic INFO featured[7010]:                                                        ^^^^^^^^^^^^^^^^^^^^^^^^^^^^^^^^^^^^^^^^^^^^^^^^^^^^^^^^^^^^^^^^^^^^^^^^^^^^^^
2025 Feb 11 02:32:28.442134 sonic INFO featured[7010]:   File "/usr/local/lib/python3.11/dist-packages/sonic_py_common/device_info.py", line 446, in get_path_to_port_config_file
2025 Feb 11 02:32:28.442198 sonic INFO featured[7010]:     (platform_path, hwsku_path) = get_paths_to_platform_and_hwsku_dirs()
2025 Feb 11 02:32:28.442230 sonic INFO featured[7010]:                                   ^^^^^^^^^^^^^^^^^^^^^^^^^^^^^^^^^^^^^^
2025 Feb 11 02:32:28.442246 sonic INFO featured[7010]:   File "/usr/local/lib/python3.11/dist-packages/sonic_py_common/device_info.py", line 412, in get_paths_to_platform_and_hwsku_dirs
2025 Feb 11 02:32:28.442303 sonic INFO featured[7010]:     hwsku_path = os.path.join(platform_path, hwsku)
2025 Feb 11 02:32:28.442354 sonic INFO featured[7010]:                  ^^^^^^^^^^^^^^^^^^^^^^^^^^^^^^^^^^
2025 Feb 11 02:32:28.442370 sonic INFO featured[7010]:   File "<frozen posixpath>", line 90, in join
2025 Feb 11 02:32:28.442387 sonic INFO featured[7010]:   File "<frozen genericpath>", line 152, in _check_arg_types
2025 Feb 11 02:32:28.442408 sonic INFO featured[7010]: TypeError: join() argument must be str, bytes, or os.PathLike object, not 'NoneType'
2025 Feb 11 02:32:28.461409 sonic NOTICE systemd[1]: featured.service: Main process exited, code=exited, status=1/FAILURE
2025 Feb 11 02:32:28.461608 sonic WARNING systemd[1]: featured.service: Failed with result 'exit-code'.
2025 Feb 11 02:32:28.506563 sonic INFO systemd[1]: Started featured.service - Feature configuration daemon.
2025 Feb 11 02:32:28.525961 sonic INFO config-setup[7011]: Missing tacacs json to restore tacacs credentials
2025 Feb 11 02:32:28.526569 sonic INFO systemd[1]: Finished tacacs-config.service - TACACS application.
2025 Feb 11 02:32:28.647451 sonic INFO featured: ConfigDB connect success
2025 Feb 11 02:32:28.651577 sonic INFO featured[7013]: Traceback (most recent call last):
2025 Feb 11 02:32:28.651648 sonic INFO featured[7013]:   File "/usr/local/bin/featured", line 598, in <module>
2025 Feb 11 02:32:28.651769 sonic INFO featured[7013]:     main()
2025 Feb 11 02:32:28.651807 sonic INFO featured[7013]:   File "/usr/local/bin/featured", line 591, in main
2025 Feb 11 02:32:28.651930 sonic INFO featured[7013]:     daemon = FeatureDaemon()
2025 Feb 11 02:32:28.651969 sonic INFO featured[7013]:              ^^^^^^^^^^^^^^^
2025 Feb 11 02:32:28.651986 sonic INFO featured[7013]:   File "/usr/local/bin/featured", line 529, in __init__
2025 Feb 11 02:32:28.652076 sonic INFO featured[7013]:     self.feature_handler = FeatureHandler(self.config_db, feature_state_table, self.device_config, self.advanced_boot)
2025 Feb 11 02:32:28.652114 sonic INFO featured[7013]:                            ^^^^^^^^^^^^^^^^^^^^^^^^^^^^^^^^^^^^^^^^^^^^^^^^^^^^^^^^^^^^^^^^^^^^^^^^^^^^^^^^^^^^^^^^^^^
2025 Feb 11 02:32:28.652130 sonic INFO featured[7013]:   File "/usr/local/bin/featured", line 136, in __init__
2025 Feb 11 02:32:28.652178 sonic INFO featured[7013]:     self._device_running_config = device_info.get_device_runtime_metadata()
2025 Feb 11 02:32:28.652210 sonic INFO featured[7013]:                                   ^^^^^^^^^^^^^^^^^^^^^^^^^^^^^^^^^^^^^^^^^
2025 Feb 11 02:32:28.652236 sonic INFO featured[7013]:   File "/usr/local/lib/python3.11/dist-packages/sonic_py_common/device_info.py", line 680, in get_device_runtime_metadata
2025 Feb 11 02:32:28.652353 sonic INFO featured[7013]:     port_metadata = {'ETHERNET_PORTS_PRESENT': True if get_path_to_port_config_file(hwsku=None, asic="0" if is_multi_npu() else None) else False}
2025 Feb 11 02:32:28.652407 sonic INFO featured[7013]:                                                        ^^^^^^^^^^^^^^^^^^^^^^^^^^^^^^^^^^^^^^^^^^^^^^^^^^^^^^^^^^^^^^^^^^^^^^^^^^^^^^
2025 Feb 11 02:32:28.652426 sonic INFO featured[7013]:   File "/usr/local/lib/python3.11/dist-packages/sonic_py_common/device_info.py", line 446, in get_path_to_port_config_file
2025 Feb 11 02:32:28.652510 sonic INFO featured[7013]:     (platform_path, hwsku_path) = get_paths_to_platform_and_hwsku_dirs()
2025 Feb 11 02:32:28.652542 sonic INFO featured[7013]:                                   ^^^^^^^^^^^^^^^^^^^^^^^^^^^^^^^^^^^^^^
2025 Feb 11 02:32:28.652558 sonic INFO featured[7013]:   File "/usr/local/lib/python3.11/dist-packages/sonic_py_common/device_info.py", line 412, in get_paths_to_platform_and_hwsku_dirs
2025 Feb 11 02:32:28.652624 sonic INFO featured[7013]:     hwsku_path = os.path.join(platform_path, hwsku)
2025 Feb 11 02:32:28.652656 sonic INFO featured[7013]:                  ^^^^^^^^^^^^^^^^^^^^^^^^^^^^^^^^^^
2025 Feb 11 02:32:28.652680 sonic INFO featured[7013]:   File "<frozen posixpath>", line 90, in join
2025 Feb 11 02:32:28.652704 sonic INFO featured[7013]:   File "<frozen genericpath>", line 152, in _check_arg_types
2025 Feb 11 02:32:28.652737 sonic INFO featured[7013]: TypeError: join() argument must be str, bytes, or os.PathLike object, not 'NoneType'
2025 Feb 11 02:32:28.671911 sonic NOTICE systemd[1]: featured.service: Main process exited, code=exited, status=1/FAILURE
2025 Feb 11 02:32:28.672974 sonic WARNING systemd[1]: featured.service: Failed with result 'exit-code'.
2025 Feb 11 02:32:28.714711 sonic INFO systemd[1]: Started featured.service - Feature configuration daemon.
2025 Feb 11 02:32:28.850291 sonic INFO featured: ConfigDB connect success
2025 Feb 11 02:32:28.855372 sonic INFO featured[7015]: Traceback (most recent call last):
2025 Feb 11 02:32:28.855423 sonic INFO featured[7015]:   File "/usr/local/bin/featured", line 598, in <module>
2025 Feb 11 02:32:28.855564 sonic INFO featured[7015]:     main()
2025 Feb 11 02:32:28.855603 sonic INFO featured[7015]:   File "/usr/local/bin/featured", line 591, in main
2025 Feb 11 02:32:28.855793 sonic INFO featured[7015]:     daemon = FeatureDaemon()
2025 Feb 11 02:32:28.855833 sonic INFO featured[7015]:              ^^^^^^^^^^^^^^^
2025 Feb 11 02:32:28.855851 sonic INFO featured[7015]:   File "/usr/local/bin/featured", line 529, in __init__
2025 Feb 11 02:32:28.855997 sonic INFO featured[7015]:     self.feature_handler = FeatureHandler(self.config_db, feature_state_table, self.device_config, self.advanced_boot)
2025 Feb 11 02:32:28.856035 sonic INFO featured[7015]:                            ^^^^^^^^^^^^^^^^^^^^^^^^^^^^^^^^^^^^^^^^^^^^^^^^^^^^^^^^^^^^^^^^^^^^^^^^^^^^^^^^^^^^^^^^^^^
2025 Feb 11 02:32:28.856051 sonic INFO featured[7015]:   File "/usr/local/bin/featured", line 136, in __init__
2025 Feb 11 02:32:28.856132 sonic INFO featured[7015]:     self._device_running_config = device_info.get_device_runtime_metadata()
2025 Feb 11 02:32:28.856182 sonic INFO featured[7015]:                                   ^^^^^^^^^^^^^^^^^^^^^^^^^^^^^^^^^^^^^^^^^
2025 Feb 11 02:32:28.856214 sonic INFO featured[7015]:   File "/usr/local/lib/python3.11/dist-packages/sonic_py_common/device_info.py", line 680, in get_device_runtime_metadata
2025 Feb 11 02:32:28.856415 sonic INFO featured[7015]:     port_metadata = {'ETHERNET_PORTS_PRESENT': True if get_path_to_port_config_file(hwsku=None, asic="0" if is_multi_npu() else None) else False}
2025 Feb 11 02:32:28.856453 sonic INFO featured[7015]:                                                        ^^^^^^^^^^^^^^^^^^^^^^^^^^^^^^^^^^^^^^^^^^^^^^^^^^^^^^^^^^^^^^^^^^^^^^^^^^^^^^
2025 Feb 11 02:32:28.856470 sonic INFO featured[7015]:   File "/usr/local/lib/python3.11/dist-packages/sonic_py_common/device_info.py", line 446, in get_path_to_port_config_file
2025 Feb 11 02:32:28.856616 sonic INFO featured[7015]:     (platform_path, hwsku_path) = get_paths_to_platform_and_hwsku_dirs()
2025 Feb 11 02:32:28.856650 sonic INFO featured[7015]:                                   ^^^^^^^^^^^^^^^^^^^^^^^^^^^^^^^^^^^^^^
2025 Feb 11 02:32:28.856682 sonic INFO featured[7015]:   File "/usr/local/lib/python3.11/dist-packages/sonic_py_common/device_info.py", line 412, in get_paths_to_platform_and_hwsku_dirs
2025 Feb 11 02:32:28.856770 sonic INFO featured[7015]:     hwsku_path = os.path.join(platform_path, hwsku)
2025 Feb 11 02:32:28.856802 sonic INFO featured[7015]:                  ^^^^^^^^^^^^^^^^^^^^^^^^^^^^^^^^^^
2025 Feb 11 02:32:28.856830 sonic INFO featured[7015]:   File "<frozen posixpath>", line 90, in join
2025 Feb 11 02:32:28.856861 sonic INFO featured[7015]:   File "<frozen genericpath>", line 152, in _check_arg_types
2025 Feb 11 02:32:28.856886 sonic INFO featured[7015]: TypeError: join() argument must be str, bytes, or os.PathLike object, not 'NoneType'
2025 Feb 11 02:32:28.875277 sonic NOTICE systemd[1]: featured.service: Main process exited, code=exited, status=1/FAILURE
2025 Feb 11 02:32:28.875448 sonic WARNING systemd[1]: featured.service: Failed with result 'exit-code'.
2025 Feb 11 02:32:28.914486 sonic INFO systemd[1]: Started featured.service - Feature configuration daemon.
2025 Feb 11 02:32:29.046803 sonic INFO featured: ConfigDB connect success
2025 Feb 11 02:32:29.051874 sonic INFO featured[7016]: Traceback (most recent call last):
2025 Feb 11 02:32:29.051929 sonic INFO featured[7016]:   File "/usr/local/bin/featured", line 598, in <module>
2025 Feb 11 02:32:29.052052 sonic INFO featured[7016]:     main()
2025 Feb 11 02:32:29.052090 sonic INFO featured[7016]:   File "/usr/local/bin/featured", line 591, in main
2025 Feb 11 02:32:29.052288 sonic INFO featured[7016]:     daemon = FeatureDaemon()
2025 Feb 11 02:32:29.052343 sonic INFO featured[7016]:              ^^^^^^^^^^^^^^^
2025 Feb 11 02:32:29.052367 sonic INFO featured[7016]:   File "/usr/local/bin/featured", line 529, in __init__
2025 Feb 11 02:32:29.052504 sonic INFO featured[7016]:     self.feature_handler = FeatureHandler(self.config_db, feature_state_table, self.device_config, self.advanced_boot)
2025 Feb 11 02:32:29.052542 sonic INFO featured[7016]:                            ^^^^^^^^^^^^^^^^^^^^^^^^^^^^^^^^^^^^^^^^^^^^^^^^^^^^^^^^^^^^^^^^^^^^^^^^^^^^^^^^^^^^^^^^^^^
2025 Feb 11 02:32:29.052560 sonic INFO featured[7016]:   File "/usr/local/bin/featured", line 136, in __init__
2025 Feb 11 02:32:29.052655 sonic INFO featured[7016]:     self._device_running_config = device_info.get_device_runtime_metadata()
2025 Feb 11 02:32:29.052688 sonic INFO featured[7016]:                                   ^^^^^^^^^^^^^^^^^^^^^^^^^^^^^^^^^^^^^^^^^
2025 Feb 11 02:32:29.052719 sonic INFO featured[7016]:   File "/usr/local/lib/python3.11/dist-packages/sonic_py_common/device_info.py", line 680, in get_device_runtime_metadata
2025 Feb 11 02:32:29.052890 sonic INFO featured[7016]:     port_metadata = {'ETHERNET_PORTS_PRESENT': True if get_path_to_port_config_file(hwsku=None, asic="0" if is_multi_npu() else None) else False}
2025 Feb 11 02:32:29.052932 sonic INFO featured[7016]:                                                        ^^^^^^^^^^^^^^^^^^^^^^^^^^^^^^^^^^^^^^^^^^^^^^^^^^^^^^^^^^^^^^^^^^^^^^^^^^^^^^
2025 Feb 11 02:32:29.052949 sonic INFO featured[7016]:   File "/usr/local/lib/python3.11/dist-packages/sonic_py_common/device_info.py", line 446, in get_path_to_port_config_file
2025 Feb 11 02:32:29.053089 sonic INFO featured[7016]:     (platform_path, hwsku_path) = get_paths_to_platform_and_hwsku_dirs()
2025 Feb 11 02:32:29.053122 sonic INFO featured[7016]:                                   ^^^^^^^^^^^^^^^^^^^^^^^^^^^^^^^^^^^^^^
2025 Feb 11 02:32:29.053147 sonic INFO featured[7016]:   File "/usr/local/lib/python3.11/dist-packages/sonic_py_common/device_info.py", line 412, in get_paths_to_platform_and_hwsku_dirs
2025 Feb 11 02:32:29.053262 sonic INFO featured[7016]:     hwsku_path = os.path.join(platform_path, hwsku)
2025 Feb 11 02:32:29.053330 sonic INFO featured[7016]:                  ^^^^^^^^^^^^^^^^^^^^^^^^^^^^^^^^^^
2025 Feb 11 02:32:29.053363 sonic INFO featured[7016]:   File "<frozen posixpath>", line 90, in join
2025 Feb 11 02:32:29.053389 sonic INFO featured[7016]:   File "<frozen genericpath>", line 152, in _check_arg_types
2025 Feb 11 02:32:29.053415 sonic INFO featured[7016]: TypeError: join() argument must be str, bytes, or os.PathLike object, not 'NoneType'
2025 Feb 11 02:32:29.072070 sonic NOTICE systemd[1]: featured.service: Main process exited, code=exited, status=1/FAILURE
2025 Feb 11 02:32:29.072209 sonic WARNING systemd[1]: featured.service: Failed with result 'exit-code'.
2025 Feb 11 02:32:29.110583 sonic INFO systemd[1]: Started featured.service - Feature configuration daemon.
2025 Feb 11 02:32:29.240812 sonic INFO featured: ConfigDB connect success
2025 Feb 11 02:32:29.244909 sonic INFO featured[7019]: Traceback (most recent call last):
2025 Feb 11 02:32:29.244972 sonic INFO featured[7019]:   File "/usr/local/bin/featured", line 598, in <module>
2025 Feb 11 02:32:29.245056 sonic INFO featured[7019]:     main()
2025 Feb 11 02:32:29.245096 sonic INFO featured[7019]:   File "/usr/local/bin/featured", line 591, in main
2025 Feb 11 02:32:29.245210 sonic INFO featured[7019]:     daemon = FeatureDaemon()
2025 Feb 11 02:32:29.245250 sonic INFO featured[7019]:              ^^^^^^^^^^^^^^^
2025 Feb 11 02:32:29.245267 sonic INFO featured[7019]:   File "/usr/local/bin/featured", line 529, in __init__
2025 Feb 11 02:32:29.245346 sonic INFO featured[7019]:     self.feature_handler = FeatureHandler(self.config_db, feature_state_table, self.device_config, self.advanced_boot)
2025 Feb 11 02:32:29.245397 sonic INFO featured[7019]:                            ^^^^^^^^^^^^^^^^^^^^^^^^^^^^^^^^^^^^^^^^^^^^^^^^^^^^^^^^^^^^^^^^^^^^^^^^^^^^^^^^^^^^^^^^^^^
2025 Feb 11 02:32:29.245415 sonic INFO featured[7019]:   File "/usr/local/bin/featured", line 136, in __init__
2025 Feb 11 02:32:29.245467 sonic INFO featured[7019]:     self._device_running_config = device_info.get_device_runtime_metadata()
2025 Feb 11 02:32:29.245596 sonic INFO featured[7019]:                                   ^^^^^^^^^^^^^^^^^^^^^^^^^^^^^^^^^^^^^^^^^
2025 Feb 11 02:32:29.245631 sonic INFO featured[7019]:   File "/usr/local/lib/python3.11/dist-packages/sonic_py_common/device_info.py", line 680, in get_device_runtime_metadata
2025 Feb 11 02:32:29.245655 sonic INFO featured[7019]:     port_metadata = {'ETHERNET_PORTS_PRESENT': True if get_path_to_port_config_file(hwsku=None, asic="0" if is_multi_npu() else None) else False}
2025 Feb 11 02:32:29.245691 sonic INFO featured[7019]:                                                        ^^^^^^^^^^^^^^^^^^^^^^^^^^^^^^^^^^^^^^^^^^^^^^^^^^^^^^^^^^^^^^^^^^^^^^^^^^^^^^
2025 Feb 11 02:32:29.245717 sonic INFO featured[7019]:   File "/usr/local/lib/python3.11/dist-packages/sonic_py_common/device_info.py", line 446, in get_path_to_port_config_file
2025 Feb 11 02:32:29.245773 sonic INFO featured[7019]:     (platform_path, hwsku_path) = get_paths_to_platform_and_hwsku_dirs()
2025 Feb 11 02:32:29.245805 sonic INFO featured[7019]:                                   ^^^^^^^^^^^^^^^^^^^^^^^^^^^^^^^^^^^^^^
2025 Feb 11 02:32:29.245830 sonic INFO featured[7019]:   File "/usr/local/lib/python3.11/dist-packages/sonic_py_common/device_info.py", line 412, in get_paths_to_platform_and_hwsku_dirs
2025 Feb 11 02:32:29.245878 sonic INFO featured[7019]:     hwsku_path = os.path.join(platform_path, hwsku)
2025 Feb 11 02:32:29.245912 sonic INFO featured[7019]:                  ^^^^^^^^^^^^^^^^^^^^^^^^^^^^^^^^^^
2025 Feb 11 02:32:29.245938 sonic INFO featured[7019]:   File "<frozen posixpath>", line 90, in join
2025 Feb 11 02:32:29.245962 sonic INFO featured[7019]:   File "<frozen genericpath>", line 152, in _check_arg_types
2025 Feb 11 02:32:29.245987 sonic INFO featured[7019]: TypeError: join() argument must be str, bytes, or os.PathLike object, not 'NoneType'
2025 Feb 11 02:32:29.264040 sonic NOTICE systemd[1]: featured.service: Main process exited, code=exited, status=1/FAILURE
2025 Feb 11 02:32:29.264180 sonic WARNING systemd[1]: featured.service: Failed with result 'exit-code'.
2025 Feb 11 02:32:29.265857 sonic WARNING systemd[1]: featured.service: Start request repeated too quickly.
2025 Feb 11 02:32:29.265942 sonic WARNING systemd[1]: featured.service: Failed with result 'exit-code'.
2025 Feb 11 02:32:29.266014 sonic ERR systemd[1]: Failed to start featured.service - Feature configuration daemon.
2025 Feb 11 02:32:38.324224 sonic INFO systemd[1]: Started featured.service - Feature configuration daemon.
2025 Feb 11 02:32:38.487075 sonic INFO featured: ConfigDB connect success
2025 Feb 11 02:32:38.491365 sonic INFO featured[7042]: Traceback (most recent call last):
2025 Feb 11 02:32:38.491429 sonic INFO featured[7042]:   File "/usr/local/bin/featured", line 598, in <module>
2025 Feb 11 02:32:38.491539 sonic INFO featured[7042]:     main()
2025 Feb 11 02:32:38.491579 sonic INFO featured[7042]:   File "/usr/local/bin/featured", line 591, in main
2025 Feb 11 02:32:38.491700 sonic INFO featured[7042]:     daemon = FeatureDaemon()
2025 Feb 11 02:32:38.491733 sonic INFO featured[7042]:              ^^^^^^^^^^^^^^^
2025 Feb 11 02:32:38.491757 sonic INFO featured[7042]:   File "/usr/local/bin/featured", line 529, in __init__
2025 Feb 11 02:32:38.491815 sonic INFO featured[7042]:     self.feature_handler = FeatureHandler(self.config_db, feature_state_table, self.device_config, self.advanced_boot)
2025 Feb 11 02:32:38.491863 sonic INFO featured[7042]:                            ^^^^^^^^^^^^^^^^^^^^^^^^^^^^^^^^^^^^^^^^^^^^^^^^^^^^^^^^^^^^^^^^^^^^^^^^^^^^^^^^^^^^^^^^^^^
2025 Feb 11 02:32:38.491890 sonic INFO featured[7042]:   File "/usr/local/bin/featured", line 136, in __init__
2025 Feb 11 02:32:38.491924 sonic INFO featured[7042]:     self._device_running_config = device_info.get_device_runtime_metadata()
2025 Feb 11 02:32:38.491956 sonic INFO featured[7042]:                                   ^^^^^^^^^^^^^^^^^^^^^^^^^^^^^^^^^^^^^^^^^
2025 Feb 11 02:32:38.491981 sonic INFO featured[7042]:   File "/usr/local/lib/python3.11/dist-packages/sonic_py_common/device_info.py", line 680, in get_device_runtime_metadata
2025 Feb 11 02:32:38.492056 sonic INFO featured[7042]:     port_metadata = {'ETHERNET_PORTS_PRESENT': True if get_path_to_port_config_file(hwsku=None, asic="0" if is_multi_npu() else None) else False}
2025 Feb 11 02:32:38.492108 sonic INFO featured[7042]:                                                        ^^^^^^^^^^^^^^^^^^^^^^^^^^^^^^^^^^^^^^^^^^^^^^^^^^^^^^^^^^^^^^^^^^^^^^^^^^^^^^
2025 Feb 11 02:32:38.492134 sonic INFO featured[7042]:   File "/usr/local/lib/python3.11/dist-packages/sonic_py_common/device_info.py", line 446, in get_path_to_port_config_file
2025 Feb 11 02:32:38.492199 sonic INFO featured[7042]:     (platform_path, hwsku_path) = get_paths_to_platform_and_hwsku_dirs()
2025 Feb 11 02:32:38.492231 sonic INFO featured[7042]:                                   ^^^^^^^^^^^^^^^^^^^^^^^^^^^^^^^^^^^^^^
2025 Feb 11 02:32:38.492256 sonic INFO featured[7042]:   File "/usr/local/lib/python3.11/dist-packages/sonic_py_common/device_info.py", line 412, in get_paths_to_platform_and_hwsku_dirs
2025 Feb 11 02:32:38.492329 sonic INFO featured[7042]:     hwsku_path = os.path.join(platform_path, hwsku)
2025 Feb 11 02:32:38.492382 sonic INFO featured[7042]:                  ^^^^^^^^^^^^^^^^^^^^^^^^^^^^^^^^^^
2025 Feb 11 02:32:38.492408 sonic INFO featured[7042]:   File "<frozen posixpath>", line 90, in join
2025 Feb 11 02:32:38.492432 sonic INFO featured[7042]:   File "<frozen genericpath>", line 152, in _check_arg_types
2025 Feb 11 02:32:38.492456 sonic INFO featured[7042]: TypeError: join() argument must be str, bytes, or os.PathLike object, not 'NoneType'
2025 Feb 11 02:32:38.518999 sonic NOTICE systemd[1]: featured.service: Main process exited, code=exited, status=1/FAILURE
2025 Feb 11 02:32:38.519115 sonic WARNING systemd[1]: featured.service: Failed with result 'exit-code'.
2025 Feb 11 02:32:38.520742 sonic INFO systemd[1]: caclmgrd.service: Scheduled restart job, restart counter is at 11.
2025 Feb 11 02:32:38.521675 sonic INFO systemd[1]: Stopped caclmgrd.service - Control Plane ACL configuration daemon.
2025 Feb 11 02:32:38.551698 sonic INFO systemd[1]: Started caclmgrd.service - Control Plane ACL configuration daemon.
2025 Feb 11 02:32:38.557842 sonic INFO systemd[1]: Started featured.service - Feature configuration daemon.
2025 Feb 11 02:32:38.664045 sonic INFO caclmgrd[7043]: Traceback (most recent call last):
2025 Feb 11 02:32:38.664167 sonic INFO caclmgrd[7043]:   File "/usr/local/bin/caclmgrd", line 1146, in <module>
2025 Feb 11 02:32:38.664250 sonic INFO caclmgrd[7043]:     main()
2025 Feb 11 02:32:38.664327 sonic INFO caclmgrd[7043]:   File "/usr/local/bin/caclmgrd", line 1137, in main
2025 Feb 11 02:32:38.664368 sonic INFO caclmgrd[7043]:     caclmgr = ControlPlaneAclManager(SYSLOG_IDENTIFIER)
2025 Feb 11 02:32:38.664409 sonic INFO caclmgrd[7043]:               ^^^^^^^^^^^^^^^^^^^^^^^^^^^^^^^^^^^^^^^^^
2025 Feb 11 02:32:38.664451 sonic INFO caclmgrd[7043]:   File "/usr/local/bin/caclmgrd", line 156, in __init__
2025 Feb 11 02:32:38.664492 sonic INFO caclmgrd[7043]:     if 'subtype' in metadata['localhost'] and metadata['localhost']['subtype'] == 'DualToR':
2025 Feb 11 02:32:38.664544 sonic INFO caclmgrd[7043]:                     ~~~~~~~~^^^^^^^^^^^^^
2025 Feb 11 02:32:38.664595 sonic INFO caclmgrd[7043]: KeyError: 'localhost'
2025 Feb 11 02:32:38.681602 sonic NOTICE systemd[1]: caclmgrd.service: Main process exited, code=exited, status=1/FAILURE
2025 Feb 11 02:32:38.681818 sonic WARNING systemd[1]: caclmgrd.service: Failed with result 'exit-code'.
2025 Feb 11 02:32:38.705915 sonic INFO featured: ConfigDB connect success
2025 Feb 11 02:32:38.710284 sonic INFO featured[7044]: Traceback (most recent call last):
2025 Feb 11 02:32:38.710395 sonic INFO featured[7044]:   File "/usr/local/bin/featured", line 598, in <module>
2025 Feb 11 02:32:38.710589 sonic INFO featured[7044]:     main()
2025 Feb 11 02:32:38.710674 sonic INFO featured[7044]:   File "/usr/local/bin/featured", line 591, in main
2025 Feb 11 02:32:38.710845 sonic INFO featured[7044]:     daemon = FeatureDaemon()
2025 Feb 11 02:32:38.710917 sonic INFO featured[7044]:              ^^^^^^^^^^^^^^^
2025 Feb 11 02:32:38.710961 sonic INFO featured[7044]:   File "/usr/local/bin/featured", line 529, in __init__
2025 Feb 11 02:32:38.711013 sonic INFO featured[7044]:     self.feature_handler = FeatureHandler(self.config_db, feature_state_table, self.device_config, self.advanced_boot)
2025 Feb 11 02:32:38.711101 sonic INFO featured[7044]:                            ^^^^^^^^^^^^^^^^^^^^^^^^^^^^^^^^^^^^^^^^^^^^^^^^^^^^^^^^^^^^^^^^^^^^^^^^^^^^^^^^^^^^^^^^^^^
2025 Feb 11 02:32:38.711146 sonic INFO featured[7044]:   File "/usr/local/bin/featured", line 136, in __init__
2025 Feb 11 02:32:38.711198 sonic INFO featured[7044]:     self._device_running_config = device_info.get_device_runtime_metadata()
2025 Feb 11 02:32:38.711250 sonic INFO featured[7044]:                                   ^^^^^^^^^^^^^^^^^^^^^^^^^^^^^^^^^^^^^^^^^
2025 Feb 11 02:32:38.711295 sonic INFO featured[7044]:   File "/usr/local/lib/python3.11/dist-packages/sonic_py_common/device_info.py", line 680, in get_device_runtime_metadata
2025 Feb 11 02:32:38.711499 sonic INFO featured[7044]:     port_metadata = {'ETHERNET_PORTS_PRESENT': True if get_path_to_port_config_file(hwsku=None, asic="0" if is_multi_npu() else None) else False}
2025 Feb 11 02:32:38.711570 sonic INFO featured[7044]:                                                        ^^^^^^^^^^^^^^^^^^^^^^^^^^^^^^^^^^^^^^^^^^^^^^^^^^^^^^^^^^^^^^^^^^^^^^^^^^^^^^
2025 Feb 11 02:32:38.711618 sonic INFO featured[7044]:   File "/usr/local/lib/python3.11/dist-packages/sonic_py_common/device_info.py", line 446, in get_path_to_port_config_file
2025 Feb 11 02:32:38.711696 sonic INFO featured[7044]:     (platform_path, hwsku_path) = get_paths_to_platform_and_hwsku_dirs()
2025 Feb 11 02:32:38.711750 sonic INFO featured[7044]:                                   ^^^^^^^^^^^^^^^^^^^^^^^^^^^^^^^^^^^^^^
2025 Feb 11 02:32:38.711796 sonic INFO featured[7044]:   File "/usr/local/lib/python3.11/dist-packages/sonic_py_common/device_info.py", line 412, in get_paths_to_platform_and_hwsku_dirs
2025 Feb 11 02:32:38.711882 sonic INFO featured[7044]:     hwsku_path = os.path.join(platform_path, hwsku)
2025 Feb 11 02:32:38.711936 sonic INFO featured[7044]:                  ^^^^^^^^^^^^^^^^^^^^^^^^^^^^^^^^^^
2025 Feb 11 02:32:38.711979 sonic INFO featured[7044]:   File "<frozen posixpath>", line 90, in join
2025 Feb 11 02:32:38.712020 sonic INFO featured[7044]:   File "<frozen genericpath>", line 152, in _check_arg_types
2025 Feb 11 02:32:38.712060 sonic INFO featured[7044]: TypeError: join() argument must be str, bytes, or os.PathLike object, not 'NoneType'
2025 Feb 11 02:32:38.730834 sonic NOTICE systemd[1]: featured.service: Main process exited, code=exited, status=1/FAILURE
2025 Feb 11 02:32:38.730990 sonic WARNING systemd[1]: featured.service: Failed with result 'exit-code'.
2025 Feb 11 02:32:38.770536 sonic INFO systemd[1]: Started featured.service - Feature configuration daemon.
2025 Feb 11 02:32:38.915753 sonic INFO featured: ConfigDB connect success
2025 Feb 11 02:32:38.920365 sonic INFO featured[7053]: Traceback (most recent call last):
2025 Feb 11 02:32:38.920433 sonic INFO featured[7053]:   File "/usr/local/bin/featured", line 598, in <module>
2025 Feb 11 02:32:38.920584 sonic INFO featured[7053]:     main()
2025 Feb 11 02:32:38.920634 sonic INFO featured[7053]:   File "/usr/local/bin/featured", line 591, in main
2025 Feb 11 02:32:38.920758 sonic INFO featured[7053]:     daemon = FeatureDaemon()
2025 Feb 11 02:32:38.920799 sonic INFO featured[7053]:              ^^^^^^^^^^^^^^^
2025 Feb 11 02:32:38.920821 sonic INFO featured[7053]:   File "/usr/local/bin/featured", line 529, in __init__
2025 Feb 11 02:32:38.920884 sonic INFO featured[7053]:     self.feature_handler = FeatureHandler(self.config_db, feature_state_table, self.device_config, self.advanced_boot)
2025 Feb 11 02:32:38.920929 sonic INFO featured[7053]:                            ^^^^^^^^^^^^^^^^^^^^^^^^^^^^^^^^^^^^^^^^^^^^^^^^^^^^^^^^^^^^^^^^^^^^^^^^^^^^^^^^^^^^^^^^^^^
2025 Feb 11 02:32:38.920945 sonic INFO featured[7053]:   File "/usr/local/bin/featured", line 136, in __init__
2025 Feb 11 02:32:38.920976 sonic INFO featured[7053]:     self._device_running_config = device_info.get_device_runtime_metadata()
2025 Feb 11 02:32:38.921018 sonic INFO featured[7053]:                                   ^^^^^^^^^^^^^^^^^^^^^^^^^^^^^^^^^^^^^^^^^
2025 Feb 11 02:32:38.921035 sonic INFO featured[7053]:   File "/usr/local/lib/python3.11/dist-packages/sonic_py_common/device_info.py", line 680, in get_device_runtime_metadata
2025 Feb 11 02:32:38.921151 sonic INFO featured[7053]:     port_metadata = {'ETHERNET_PORTS_PRESENT': True if get_path_to_port_config_file(hwsku=None, asic="0" if is_multi_npu() else None) else False}
2025 Feb 11 02:32:38.921200 sonic INFO featured[7053]:                                                        ^^^^^^^^^^^^^^^^^^^^^^^^^^^^^^^^^^^^^^^^^^^^^^^^^^^^^^^^^^^^^^^^^^^^^^^^^^^^^^
2025 Feb 11 02:32:38.921225 sonic INFO featured[7053]:   File "/usr/local/lib/python3.11/dist-packages/sonic_py_common/device_info.py", line 446, in get_path_to_port_config_file
2025 Feb 11 02:32:38.921268 sonic INFO featured[7053]:     (platform_path, hwsku_path) = get_paths_to_platform_and_hwsku_dirs()
2025 Feb 11 02:32:38.921289 sonic INFO featured[7053]:                                   ^^^^^^^^^^^^^^^^^^^^^^^^^^^^^^^^^^^^^^
2025 Feb 11 02:32:38.921335 sonic INFO featured[7053]:   File "/usr/local/lib/python3.11/dist-packages/sonic_py_common/device_info.py", line 412, in get_paths_to_platform_and_hwsku_dirs
2025 Feb 11 02:32:38.921414 sonic INFO featured[7053]:     hwsku_path = os.path.join(platform_path, hwsku)
2025 Feb 11 02:32:38.921457 sonic INFO featured[7053]:                  ^^^^^^^^^^^^^^^^^^^^^^^^^^^^^^^^^^
2025 Feb 11 02:32:38.921822 sonic INFO featured[7053]:   File "<frozen posixpath>", line 90, in join
2025 Feb 11 02:32:38.921862 sonic INFO featured[7053]:   File "<frozen genericpath>", line 152, in _check_arg_types
2025 Feb 11 02:32:38.921878 sonic INFO featured[7053]: TypeError: join() argument must be str, bytes, or os.PathLike object, not 'NoneType'
2025 Feb 11 02:32:38.940825 sonic NOTICE systemd[1]: featured.service: Main process exited, code=exited, status=1/FAILURE
2025 Feb 11 02:32:38.940998 sonic WARNING systemd[1]: featured.service: Failed with result 'exit-code'.
2025 Feb 11 02:32:38.968520 sonic INFO systemd[1]: Started featured.service - Feature configuration daemon.
2025 Feb 11 02:32:39.129686 sonic INFO featured: ConfigDB connect success
2025 Feb 11 02:32:39.134497 sonic INFO featured[7055]: Traceback (most recent call last):
2025 Feb 11 02:32:39.134567 sonic INFO featured[7055]:   File "/usr/local/bin/featured", line 598, in <module>
2025 Feb 11 02:32:39.134652 sonic INFO featured[7055]:     main()
2025 Feb 11 02:32:39.134701 sonic INFO featured[7055]:   File "/usr/local/bin/featured", line 591, in main
2025 Feb 11 02:32:39.134819 sonic INFO featured[7055]:     daemon = FeatureDaemon()
2025 Feb 11 02:32:39.134868 sonic INFO featured[7055]:              ^^^^^^^^^^^^^^^
2025 Feb 11 02:32:39.134885 sonic INFO featured[7055]:   File "/usr/local/bin/featured", line 529, in __init__
2025 Feb 11 02:32:39.134950 sonic INFO featured[7055]:     self.feature_handler = FeatureHandler(self.config_db, feature_state_table, self.device_config, self.advanced_boot)
2025 Feb 11 02:32:39.134994 sonic INFO featured[7055]:                            ^^^^^^^^^^^^^^^^^^^^^^^^^^^^^^^^^^^^^^^^^^^^^^^^^^^^^^^^^^^^^^^^^^^^^^^^^^^^^^^^^^^^^^^^^^^
2025 Feb 11 02:32:39.135011 sonic INFO featured[7055]:   File "/usr/local/bin/featured", line 136, in __init__
2025 Feb 11 02:32:39.135068 sonic INFO featured[7055]:     self._device_running_config = device_info.get_device_runtime_metadata()
2025 Feb 11 02:32:39.135109 sonic INFO featured[7055]:                                   ^^^^^^^^^^^^^^^^^^^^^^^^^^^^^^^^^^^^^^^^^
2025 Feb 11 02:32:39.135126 sonic INFO featured[7055]:   File "/usr/local/lib/python3.11/dist-packages/sonic_py_common/device_info.py", line 680, in get_device_runtime_metadata
2025 Feb 11 02:32:39.135241 sonic INFO featured[7055]:     port_metadata = {'ETHERNET_PORTS_PRESENT': True if get_path_to_port_config_file(hwsku=None, asic="0" if is_multi_npu() else None) else False}
2025 Feb 11 02:32:39.135288 sonic INFO featured[7055]:                                                        ^^^^^^^^^^^^^^^^^^^^^^^^^^^^^^^^^^^^^^^^^^^^^^^^^^^^^^^^^^^^^^^^^^^^^^^^^^^^^^
2025 Feb 11 02:32:39.135332 sonic INFO featured[7055]:   File "/usr/local/lib/python3.11/dist-packages/sonic_py_common/device_info.py", line 446, in get_path_to_port_config_file
2025 Feb 11 02:32:39.135433 sonic INFO featured[7055]:     (platform_path, hwsku_path) = get_paths_to_platform_and_hwsku_dirs()
2025 Feb 11 02:32:39.135481 sonic INFO featured[7055]:                                   ^^^^^^^^^^^^^^^^^^^^^^^^^^^^^^^^^^^^^^
2025 Feb 11 02:32:39.135498 sonic INFO featured[7055]:   File "/usr/local/lib/python3.11/dist-packages/sonic_py_common/device_info.py", line 412, in get_paths_to_platform_and_hwsku_dirs
2025 Feb 11 02:32:39.135549 sonic INFO featured[7055]:     hwsku_path = os.path.join(platform_path, hwsku)
2025 Feb 11 02:32:39.135572 sonic INFO featured[7055]:                  ^^^^^^^^^^^^^^^^^^^^^^^^^^^^^^^^^^
2025 Feb 11 02:32:39.135609 sonic INFO featured[7055]:   File "<frozen posixpath>", line 90, in join
2025 Feb 11 02:32:39.135635 sonic INFO featured[7055]:   File "<frozen genericpath>", line 152, in _check_arg_types
2025 Feb 11 02:32:39.135673 sonic INFO featured[7055]: TypeError: join() argument must be str, bytes, or os.PathLike object, not 'NoneType'
2025 Feb 11 02:32:39.154579 sonic NOTICE systemd[1]: featured.service: Main process exited, code=exited, status=1/FAILURE
2025 Feb 11 02:32:39.154743 sonic WARNING systemd[1]: featured.service: Failed with result 'exit-code'.
2025 Feb 11 02:32:39.198544 sonic INFO systemd[1]: Started featured.service - Feature configuration daemon.
2025 Feb 11 02:32:39.342787 sonic INFO featured: ConfigDB connect success
2025 Feb 11 02:32:39.346880 sonic INFO featured[7056]: Traceback (most recent call last):
2025 Feb 11 02:32:39.346927 sonic INFO featured[7056]:   File "/usr/local/bin/featured", line 598, in <module>
2025 Feb 11 02:32:39.347081 sonic INFO featured[7056]:     main()
2025 Feb 11 02:32:39.347121 sonic INFO featured[7056]:   File "/usr/local/bin/featured", line 591, in main
2025 Feb 11 02:32:39.347239 sonic INFO featured[7056]:     daemon = FeatureDaemon()
2025 Feb 11 02:32:39.347272 sonic INFO featured[7056]:              ^^^^^^^^^^^^^^^
2025 Feb 11 02:32:39.347312 sonic INFO featured[7056]:   File "/usr/local/bin/featured", line 529, in __init__
2025 Feb 11 02:32:39.347393 sonic INFO featured[7056]:     self.feature_handler = FeatureHandler(self.config_db, feature_state_table, self.device_config, self.advanced_boot)
2025 Feb 11 02:32:39.347430 sonic INFO featured[7056]:                            ^^^^^^^^^^^^^^^^^^^^^^^^^^^^^^^^^^^^^^^^^^^^^^^^^^^^^^^^^^^^^^^^^^^^^^^^^^^^^^^^^^^^^^^^^^^
2025 Feb 11 02:32:39.347447 sonic INFO featured[7056]:   File "/usr/local/bin/featured", line 136, in __init__
2025 Feb 11 02:32:39.347478 sonic INFO featured[7056]:     self._device_running_config = device_info.get_device_runtime_metadata()
2025 Feb 11 02:32:39.347517 sonic INFO featured[7056]:                                   ^^^^^^^^^^^^^^^^^^^^^^^^^^^^^^^^^^^^^^^^^
2025 Feb 11 02:32:39.347545 sonic INFO featured[7056]:   File "/usr/local/lib/python3.11/dist-packages/sonic_py_common/device_info.py", line 680, in get_device_runtime_metadata
2025 Feb 11 02:32:39.347619 sonic INFO featured[7056]:     port_metadata = {'ETHERNET_PORTS_PRESENT': True if get_path_to_port_config_file(hwsku=None, asic="0" if is_multi_npu() else None) else False}
2025 Feb 11 02:32:39.347669 sonic INFO featured[7056]:                                                        ^^^^^^^^^^^^^^^^^^^^^^^^^^^^^^^^^^^^^^^^^^^^^^^^^^^^^^^^^^^^^^^^^^^^^^^^^^^^^^
2025 Feb 11 02:32:39.347696 sonic INFO featured[7056]:   File "/usr/local/lib/python3.11/dist-packages/sonic_py_common/device_info.py", line 446, in get_path_to_port_config_file
2025 Feb 11 02:32:39.347760 sonic INFO featured[7056]:     (platform_path, hwsku_path) = get_paths_to_platform_and_hwsku_dirs()
2025 Feb 11 02:32:39.347791 sonic INFO featured[7056]:                                   ^^^^^^^^^^^^^^^^^^^^^^^^^^^^^^^^^^^^^^
2025 Feb 11 02:32:39.347816 sonic INFO featured[7056]:   File "/usr/local/lib/python3.11/dist-packages/sonic_py_common/device_info.py", line 412, in get_paths_to_platform_and_hwsku_dirs
2025 Feb 11 02:32:39.347864 sonic INFO featured[7056]:     hwsku_path = os.path.join(platform_path, hwsku)
2025 Feb 11 02:32:39.347898 sonic INFO featured[7056]:                  ^^^^^^^^^^^^^^^^^^^^^^^^^^^^^^^^^^
2025 Feb 11 02:32:39.347923 sonic INFO featured[7056]:   File "<frozen posixpath>", line 90, in join
2025 Feb 11 02:32:39.347947 sonic INFO featured[7056]:   File "<frozen genericpath>", line 152, in _check_arg_types
2025 Feb 11 02:32:39.347972 sonic INFO featured[7056]: TypeError: join() argument must be str, bytes, or os.PathLike object, not 'NoneType'
2025 Feb 11 02:32:39.366509 sonic NOTICE systemd[1]: featured.service: Main process exited, code=exited, status=1/FAILURE
2025 Feb 11 02:32:39.366584 sonic WARNING systemd[1]: featured.service: Failed with result 'exit-code'.
2025 Feb 11 02:32:39.368610 sonic WARNING systemd[1]: featured.service: Start request repeated too quickly.
2025 Feb 11 02:32:39.368682 sonic WARNING systemd[1]: featured.service: Failed with result 'exit-code'.
2025 Feb 11 02:32:39.368749 sonic ERR systemd[1]: Failed to start featured.service - Feature configuration daemon.
2025 Feb 11 02:32:52.986593 sonic INFO systemd[1]: Started featured.service - Feature configuration daemon.
2025 Feb 11 02:32:53.147274 sonic INFO featured: ConfigDB connect success
2025 Feb 11 02:32:53.151905 sonic INFO featured[7095]: Traceback (most recent call last):
2025 Feb 11 02:32:53.151978 sonic INFO featured[7095]:   File "/usr/local/bin/featured", line 598, in <module>
2025 Feb 11 02:32:53.152075 sonic INFO featured[7095]:     main()
2025 Feb 11 02:32:53.152116 sonic INFO featured[7095]:   File "/usr/local/bin/featured", line 591, in main
2025 Feb 11 02:32:53.152230 sonic INFO featured[7095]:     daemon = FeatureDaemon()
2025 Feb 11 02:32:53.152269 sonic INFO featured[7095]:              ^^^^^^^^^^^^^^^
2025 Feb 11 02:32:53.152323 sonic INFO featured[7095]:   File "/usr/local/bin/featured", line 529, in __init__
2025 Feb 11 02:32:53.152394 sonic INFO featured[7095]:     self.feature_handler = FeatureHandler(self.config_db, feature_state_table, self.device_config, self.advanced_boot)
2025 Feb 11 02:32:53.152453 sonic INFO featured[7095]:                            ^^^^^^^^^^^^^^^^^^^^^^^^^^^^^^^^^^^^^^^^^^^^^^^^^^^^^^^^^^^^^^^^^^^^^^^^^^^^^^^^^^^^^^^^^^^
2025 Feb 11 02:32:53.152485 sonic INFO featured[7095]:   File "/usr/local/bin/featured", line 136, in __init__
2025 Feb 11 02:32:53.152509 sonic INFO featured[7095]:     self._device_running_config = device_info.get_device_runtime_metadata()
2025 Feb 11 02:32:53.152535 sonic INFO featured[7095]:                                   ^^^^^^^^^^^^^^^^^^^^^^^^^^^^^^^^^^^^^^^^^
2025 Feb 11 02:32:53.152551 sonic INFO featured[7095]:   File "/usr/local/lib/python3.11/dist-packages/sonic_py_common/device_info.py", line 680, in get_device_runtime_metadata
2025 Feb 11 02:32:53.152643 sonic INFO featured[7095]:     port_metadata = {'ETHERNET_PORTS_PRESENT': True if get_path_to_port_config_file(hwsku=None, asic="0" if is_multi_npu() else None) else False}
2025 Feb 11 02:32:53.152686 sonic INFO featured[7095]:                                                        ^^^^^^^^^^^^^^^^^^^^^^^^^^^^^^^^^^^^^^^^^^^^^^^^^^^^^^^^^^^^^^^^^^^^^^^^^^^^^^
2025 Feb 11 02:32:53.152704 sonic INFO featured[7095]:   File "/usr/local/lib/python3.11/dist-packages/sonic_py_common/device_info.py", line 446, in get_path_to_port_config_file
2025 Feb 11 02:32:53.152765 sonic INFO featured[7095]:     (platform_path, hwsku_path) = get_paths_to_platform_and_hwsku_dirs()
2025 Feb 11 02:32:53.152797 sonic INFO featured[7095]:                                   ^^^^^^^^^^^^^^^^^^^^^^^^^^^^^^^^^^^^^^
2025 Feb 11 02:32:53.152823 sonic INFO featured[7095]:   File "/usr/local/lib/python3.11/dist-packages/sonic_py_common/device_info.py", line 412, in get_paths_to_platform_and_hwsku_dirs
2025 Feb 11 02:32:53.152872 sonic INFO featured[7095]:     hwsku_path = os.path.join(platform_path, hwsku)
2025 Feb 11 02:32:53.152905 sonic INFO featured[7095]:                  ^^^^^^^^^^^^^^^^^^^^^^^^^^^^^^^^^^
2025 Feb 11 02:32:53.152922 sonic INFO featured[7095]:   File "<frozen posixpath>", line 90, in join
2025 Feb 11 02:32:53.152953 sonic INFO featured[7095]:   File "<frozen genericpath>", line 152, in _check_arg_types
2025 Feb 11 02:32:53.152992 sonic INFO featured[7095]: TypeError: join() argument must be str, bytes, or os.PathLike object, not 'NoneType'
2025 Feb 11 02:32:53.178647 sonic NOTICE systemd[1]: featured.service: Main process exited, code=exited, status=1/FAILURE
2025 Feb 11 02:32:53.178794 sonic WARNING systemd[1]: featured.service: Failed with result 'exit-code'.
2025 Feb 11 02:32:53.223263 sonic INFO systemd[1]: Started featured.service - Feature configuration daemon.
2025 Feb 11 02:32:53.368356 sonic INFO featured: ConfigDB connect success
2025 Feb 11 02:32:53.372622 sonic INFO featured[7109]: Traceback (most recent call last):
2025 Feb 11 02:32:53.372675 sonic INFO featured[7109]:   File "/usr/local/bin/featured", line 598, in <module>
2025 Feb 11 02:32:53.372847 sonic INFO featured[7109]:     main()
2025 Feb 11 02:32:53.372886 sonic INFO featured[7109]:   File "/usr/local/bin/featured", line 591, in main
2025 Feb 11 02:32:53.373011 sonic INFO featured[7109]:     daemon = FeatureDaemon()
2025 Feb 11 02:32:53.373051 sonic INFO featured[7109]:              ^^^^^^^^^^^^^^^
2025 Feb 11 02:32:53.373068 sonic INFO featured[7109]:   File "/usr/local/bin/featured", line 529, in __init__
2025 Feb 11 02:32:53.373155 sonic INFO featured[7109]:     self.feature_handler = FeatureHandler(self.config_db, feature_state_table, self.device_config, self.advanced_boot)
2025 Feb 11 02:32:53.373193 sonic INFO featured[7109]:                            ^^^^^^^^^^^^^^^^^^^^^^^^^^^^^^^^^^^^^^^^^^^^^^^^^^^^^^^^^^^^^^^^^^^^^^^^^^^^^^^^^^^^^^^^^^^
2025 Feb 11 02:32:53.373210 sonic INFO featured[7109]:   File "/usr/local/bin/featured", line 136, in __init__
2025 Feb 11 02:32:53.373251 sonic INFO featured[7109]:     self._device_running_config = device_info.get_device_runtime_metadata()
2025 Feb 11 02:32:53.373304 sonic INFO featured[7109]:                                   ^^^^^^^^^^^^^^^^^^^^^^^^^^^^^^^^^^^^^^^^^
2025 Feb 11 02:32:53.373330 sonic INFO featured[7109]:   File "/usr/local/lib/python3.11/dist-packages/sonic_py_common/device_info.py", line 680, in get_device_runtime_metadata
2025 Feb 11 02:32:53.373450 sonic INFO featured[7109]:     port_metadata = {'ETHERNET_PORTS_PRESENT': True if get_path_to_port_config_file(hwsku=None, asic="0" if is_multi_npu() else None) else False}
2025 Feb 11 02:32:53.373514 sonic INFO featured[7109]:                                                        ^^^^^^^^^^^^^^^^^^^^^^^^^^^^^^^^^^^^^^^^^^^^^^^^^^^^^^^^^^^^^^^^^^^^^^^^^^^^^^
2025 Feb 11 02:32:53.373539 sonic INFO featured[7109]:   File "/usr/local/lib/python3.11/dist-packages/sonic_py_common/device_info.py", line 446, in get_path_to_port_config_file
2025 Feb 11 02:32:53.374173 sonic INFO featured[7109]:     (platform_path, hwsku_path) = get_paths_to_platform_and_hwsku_dirs()
2025 Feb 11 02:32:53.375669 sonic INFO featured[7109]:                                   ^^^^^^^^^^^^^^^^^^^^^^^^^^^^^^^^^^^^^^
2025 Feb 11 02:32:53.375714 sonic INFO featured[7109]:   File "/usr/local/lib/python3.11/dist-packages/sonic_py_common/device_info.py", line 412, in get_paths_to_platform_and_hwsku_dirs
2025 Feb 11 02:32:53.376189 sonic INFO featured[7109]:     hwsku_path = os.path.join(platform_path, hwsku)
2025 Feb 11 02:32:53.376229 sonic INFO featured[7109]:                  ^^^^^^^^^^^^^^^^^^^^^^^^^^^^^^^^^^
2025 Feb 11 02:32:53.376246 sonic INFO featured[7109]:   File "<frozen posixpath>", line 90, in join
2025 Feb 11 02:32:53.376295 sonic INFO featured[7109]:   File "<frozen genericpath>", line 152, in _check_arg_types
2025 Feb 11 02:32:53.376363 sonic INFO featured[7109]: TypeError: join() argument must be str, bytes, or os.PathLike object, not 'NoneType'
2025 Feb 11 02:32:53.396126 sonic NOTICE systemd[1]: featured.service: Main process exited, code=exited, status=1/FAILURE
2025 Feb 11 02:32:53.396349 sonic WARNING systemd[1]: featured.service: Failed with result 'exit-code'.
2025 Feb 11 02:32:53.429870 sonic INFO python[7108]: ansible-port_alias Invoked with hostname=vlab-08 switchids=[] card_type=fixed hwsku=msft_four_asic_vs include_internal=False num_asic=None slotid=None
2025 Feb 11 02:32:53.430602 sonic INFO systemd[1]: Started featured.service - Feature configuration daemon.
2025 Feb 11 02:32:53.589302 sonic INFO featured: ConfigDB connect success
2025 Feb 11 02:32:53.593430 sonic INFO featured[7112]: Traceback (most recent call last):
2025 Feb 11 02:32:53.593519 sonic INFO featured[7112]:   File "/usr/local/bin/featured", line 598, in <module>
2025 Feb 11 02:32:53.593725 sonic INFO featured[7112]:     main()
2025 Feb 11 02:32:53.593764 sonic INFO featured[7112]:   File "/usr/local/bin/featured", line 591, in main
2025 Feb 11 02:32:53.593936 sonic INFO featured[7112]:     daemon = FeatureDaemon()
2025 Feb 11 02:32:53.593976 sonic INFO featured[7112]:              ^^^^^^^^^^^^^^^
2025 Feb 11 02:32:53.593992 sonic INFO featured[7112]:   File "/usr/local/bin/featured", line 529, in __init__
2025 Feb 11 02:32:53.594131 sonic INFO featured[7112]:     self.feature_handler = FeatureHandler(self.config_db, feature_state_table, self.device_config, self.advanced_boot)
2025 Feb 11 02:32:53.594169 sonic INFO featured[7112]:                            ^^^^^^^^^^^^^^^^^^^^^^^^^^^^^^^^^^^^^^^^^^^^^^^^^^^^^^^^^^^^^^^^^^^^^^^^^^^^^^^^^^^^^^^^^^^
2025 Feb 11 02:32:53.594186 sonic INFO featured[7112]:   File "/usr/local/bin/featured", line 136, in __init__
2025 Feb 11 02:32:53.594311 sonic INFO featured[7112]:     self._device_running_config = device_info.get_device_runtime_metadata()
2025 Feb 11 02:32:53.594349 sonic INFO featured[7112]:                                   ^^^^^^^^^^^^^^^^^^^^^^^^^^^^^^^^^^^^^^^^^
2025 Feb 11 02:32:53.594366 sonic INFO featured[7112]:   File "/usr/local/lib/python3.11/dist-packages/sonic_py_common/device_info.py", line 680, in get_device_runtime_metadata
2025 Feb 11 02:32:53.594553 sonic INFO featured[7112]:     port_metadata = {'ETHERNET_PORTS_PRESENT': True if get_path_to_port_config_file(hwsku=None, asic="0" if is_multi_npu() else None) else False}
2025 Feb 11 02:32:53.594609 sonic INFO featured[7112]:                                                        ^^^^^^^^^^^^^^^^^^^^^^^^^^^^^^^^^^^^^^^^^^^^^^^^^^^^^^^^^^^^^^^^^^^^^^^^^^^^^^
2025 Feb 11 02:32:53.594633 sonic INFO featured[7112]:   File "/usr/local/lib/python3.11/dist-packages/sonic_py_common/device_info.py", line 446, in get_path_to_port_config_file
2025 Feb 11 02:32:53.594764 sonic INFO featured[7112]:     (platform_path, hwsku_path) = get_paths_to_platform_and_hwsku_dirs()
2025 Feb 11 02:32:53.594796 sonic INFO featured[7112]:                                   ^^^^^^^^^^^^^^^^^^^^^^^^^^^^^^^^^^^^^^
2025 Feb 11 02:32:53.594818 sonic INFO featured[7112]:   File "/usr/local/lib/python3.11/dist-packages/sonic_py_common/device_info.py", line 412, in get_paths_to_platform_and_hwsku_dirs
2025 Feb 11 02:32:53.594937 sonic INFO featured[7112]:     hwsku_path = os.path.join(platform_path, hwsku)
2025 Feb 11 02:32:53.594988 sonic INFO featured[7112]:                  ^^^^^^^^^^^^^^^^^^^^^^^^^^^^^^^^^^
2025 Feb 11 02:32:53.595021 sonic INFO featured[7112]:   File "<frozen posixpath>", line 90, in join
2025 Feb 11 02:32:53.595048 sonic INFO featured[7112]:   File "<frozen genericpath>", line 152, in _check_arg_types
2025 Feb 11 02:32:53.595065 sonic INFO featured[7112]: TypeError: join() argument must be str, bytes, or os.PathLike object, not 'NoneType'
2025 Feb 11 02:32:53.613340 sonic NOTICE systemd[1]: featured.service: Main process exited, code=exited, status=1/FAILURE
2025 Feb 11 02:32:53.613449 sonic WARNING systemd[1]: featured.service: Failed with result 'exit-code'.
2025 Feb 11 02:32:53.640385 sonic INFO systemd[1]: Started featured.service - Feature configuration daemon.
2025 Feb 11 02:32:53.816416 sonic INFO featured: ConfigDB connect success
2025 Feb 11 02:32:53.821399 sonic INFO featured[7114]: Traceback (most recent call last):
2025 Feb 11 02:32:53.821451 sonic INFO featured[7114]:   File "/usr/local/bin/featured", line 598, in <module>
2025 Feb 11 02:32:53.824088 sonic INFO featured[7114]:     main()
2025 Feb 11 02:32:53.824900 sonic INFO featured[7114]:   File "/usr/local/bin/featured", line 591, in main
2025 Feb 11 02:32:53.827445 sonic INFO featured[7114]:     daemon = FeatureDaemon()
2025 Feb 11 02:32:53.827558 sonic INFO featured[7114]:              ^^^^^^^^^^^^^^^
2025 Feb 11 02:32:53.827598 sonic INFO featured[7114]:   File "/usr/local/bin/featured", line 529, in __init__
2025 Feb 11 02:32:53.827769 sonic INFO featured[7114]:     self.feature_handler = FeatureHandler(self.config_db, feature_state_table, self.device_config, self.advanced_boot)
2025 Feb 11 02:32:53.827916 sonic INFO featured[7114]:                            ^^^^^^^^^^^^^^^^^^^^^^^^^^^^^^^^^^^^^^^^^^^^^^^^^^^^^^^^^^^^^^^^^^^^^^^^^^^^^^^^^^^^^^^^^^^
2025 Feb 11 02:32:53.827948 sonic INFO featured[7114]:   File "/usr/local/bin/featured", line 136, in __init__
2025 Feb 11 02:32:53.827971 sonic INFO featured[7114]:     self._device_running_config = device_info.get_device_runtime_metadata()
2025 Feb 11 02:32:53.827994 sonic INFO featured[7114]:                                   ^^^^^^^^^^^^^^^^^^^^^^^^^^^^^^^^^^^^^^^^^
2025 Feb 11 02:32:53.828011 sonic INFO featured[7114]:   File "/usr/local/lib/python3.11/dist-packages/sonic_py_common/device_info.py", line 680, in get_device_runtime_metadata
2025 Feb 11 02:32:53.828131 sonic INFO featured[7114]:     port_metadata = {'ETHERNET_PORTS_PRESENT': True if get_path_to_port_config_file(hwsku=None, asic="0" if is_multi_npu() else None) else False}
2025 Feb 11 02:32:53.828191 sonic INFO featured[7114]:                                                        ^^^^^^^^^^^^^^^^^^^^^^^^^^^^^^^^^^^^^^^^^^^^^^^^^^^^^^^^^^^^^^^^^^^^^^^^^^^^^^
2025 Feb 11 02:32:53.828215 sonic INFO featured[7114]:   File "/usr/local/lib/python3.11/dist-packages/sonic_py_common/device_info.py", line 446, in get_path_to_port_config_file
2025 Feb 11 02:32:53.828330 sonic INFO featured[7114]:     (platform_path, hwsku_path) = get_paths_to_platform_and_hwsku_dirs()
2025 Feb 11 02:32:53.828411 sonic INFO featured[7114]:                                   ^^^^^^^^^^^^^^^^^^^^^^^^^^^^^^^^^^^^^^
2025 Feb 11 02:32:53.828437 sonic INFO featured[7114]:   File "/usr/local/lib/python3.11/dist-packages/sonic_py_common/device_info.py", line 412, in get_paths_to_platform_and_hwsku_dirs
2025 Feb 11 02:32:53.828498 sonic INFO featured[7114]:     hwsku_path = os.path.join(platform_path, hwsku)
2025 Feb 11 02:32:53.828552 sonic INFO featured[7114]:                  ^^^^^^^^^^^^^^^^^^^^^^^^^^^^^^^^^^
2025 Feb 11 02:32:53.828578 sonic INFO featured[7114]:   File "<frozen posixpath>", line 90, in join
2025 Feb 11 02:32:53.828600 sonic INFO featured[7114]:   File "<frozen genericpath>", line 152, in _check_arg_types
2025 Feb 11 02:32:53.828617 sonic INFO featured[7114]: TypeError: join() argument must be str, bytes, or os.PathLike object, not 'NoneType'
2025 Feb 11 02:32:53.872095 sonic NOTICE systemd[1]: featured.service: Main process exited, code=exited, status=1/FAILURE
2025 Feb 11 02:32:53.872238 sonic WARNING systemd[1]: featured.service: Failed with result 'exit-code'.
2025 Feb 11 02:32:53.893583 sonic INFO systemd[1]: Started featured.service - Feature configuration daemon.
2025 Feb 11 02:32:54.041981 sonic INFO featured: ConfigDB connect success
2025 Feb 11 02:32:54.046108 sonic INFO featured[7115]: Traceback (most recent call last):
2025 Feb 11 02:32:54.046157 sonic INFO featured[7115]:   File "/usr/local/bin/featured", line 598, in <module>
2025 Feb 11 02:32:54.046308 sonic INFO featured[7115]:     main()
2025 Feb 11 02:32:54.046349 sonic INFO featured[7115]:   File "/usr/local/bin/featured", line 591, in main
2025 Feb 11 02:32:54.046476 sonic INFO featured[7115]:     daemon = FeatureDaemon()
2025 Feb 11 02:32:54.046511 sonic INFO featured[7115]:              ^^^^^^^^^^^^^^^
2025 Feb 11 02:32:54.046529 sonic INFO featured[7115]:   File "/usr/local/bin/featured", line 529, in __init__
2025 Feb 11 02:32:54.046584 sonic INFO featured[7115]:     self.feature_handler = FeatureHandler(self.config_db, feature_state_table, self.device_config, self.advanced_boot)
2025 Feb 11 02:32:54.046620 sonic INFO featured[7115]:                            ^^^^^^^^^^^^^^^^^^^^^^^^^^^^^^^^^^^^^^^^^^^^^^^^^^^^^^^^^^^^^^^^^^^^^^^^^^^^^^^^^^^^^^^^^^^
2025 Feb 11 02:32:54.046641 sonic INFO featured[7115]:   File "/usr/local/bin/featured", line 136, in __init__
2025 Feb 11 02:32:54.046689 sonic INFO featured[7115]:     self._device_running_config = device_info.get_device_runtime_metadata()
2025 Feb 11 02:32:54.046721 sonic INFO featured[7115]:                                   ^^^^^^^^^^^^^^^^^^^^^^^^^^^^^^^^^^^^^^^^^
2025 Feb 11 02:32:54.046746 sonic INFO featured[7115]:   File "/usr/local/lib/python3.11/dist-packages/sonic_py_common/device_info.py", line 680, in get_device_runtime_metadata
2025 Feb 11 02:32:54.046863 sonic INFO featured[7115]:     port_metadata = {'ETHERNET_PORTS_PRESENT': True if get_path_to_port_config_file(hwsku=None, asic="0" if is_multi_npu() else None) else False}
2025 Feb 11 02:32:54.046906 sonic INFO featured[7115]:                                                        ^^^^^^^^^^^^^^^^^^^^^^^^^^^^^^^^^^^^^^^^^^^^^^^^^^^^^^^^^^^^^^^^^^^^^^^^^^^^^^
2025 Feb 11 02:32:54.046932 sonic INFO featured[7115]:   File "/usr/local/lib/python3.11/dist-packages/sonic_py_common/device_info.py", line 446, in get_path_to_port_config_file
2025 Feb 11 02:32:54.046965 sonic INFO featured[7115]:     (platform_path, hwsku_path) = get_paths_to_platform_and_hwsku_dirs()
2025 Feb 11 02:32:54.046995 sonic INFO featured[7115]:                                   ^^^^^^^^^^^^^^^^^^^^^^^^^^^^^^^^^^^^^^
2025 Feb 11 02:32:54.047020 sonic INFO featured[7115]:   File "/usr/local/lib/python3.11/dist-packages/sonic_py_common/device_info.py", line 412, in get_paths_to_platform_and_hwsku_dirs
2025 Feb 11 02:32:54.047067 sonic INFO featured[7115]:     hwsku_path = os.path.join(platform_path, hwsku)
2025 Feb 11 02:32:54.047100 sonic INFO featured[7115]:                  ^^^^^^^^^^^^^^^^^^^^^^^^^^^^^^^^^^
2025 Feb 11 02:32:54.047125 sonic INFO featured[7115]:   File "<frozen posixpath>", line 90, in join
2025 Feb 11 02:32:54.047149 sonic INFO featured[7115]:   File "<frozen genericpath>", line 152, in _check_arg_types
2025 Feb 11 02:32:54.047173 sonic INFO featured[7115]: TypeError: join() argument must be str, bytes, or os.PathLike object, not 'NoneType'
2025 Feb 11 02:32:54.075323 sonic NOTICE systemd[1]: featured.service: Main process exited, code=exited, status=1/FAILURE
2025 Feb 11 02:32:54.075521 sonic WARNING systemd[1]: featured.service: Failed with result 'exit-code'.
2025 Feb 11 02:32:54.081792 sonic WARNING systemd[1]: featured.service: Start request repeated too quickly.
2025 Feb 11 02:32:54.081946 sonic WARNING systemd[1]: featured.service: Failed with result 'exit-code'.
2025 Feb 11 02:32:54.081998 sonic ERR systemd[1]: Failed to start featured.service - Feature configuration daemon.
2025 Feb 11 02:32:54.537414 sonic DEBUG mgmt_oper_status.py: No management interface found
2025 Feb 11 02:32:54.701550 sonic WARNING systemd[1]: featured.service: Start request repeated too quickly.
2025 Feb 11 02:32:54.701672 sonic WARNING systemd[1]: featured.service: Failed with result 'exit-code'.
2025 Feb 11 02:32:54.701723 sonic ERR systemd[1]: Failed to start featured.service - Feature configuration daemon.
2025 Feb 11 02:32:54.758578 sonic INFO memory_checker: [memory_checker] Exits without checking memory usage since container 'gnmi' is not running!
2025 Feb 11 02:32:54.762554 sonic INFO memory_checker: [memory_checker] Exits without checking memory usage since container 'bmp' is not running!
2025 Feb 11 02:32:54.764323 sonic INFO memory_checker: [memory_checker] Exits without checking memory usage since container 'snmp' is not running!
2025 Feb 11 02:32:56.630456 sonic INFO python[7162]: ansible-file Invoked with state=directory mode=0755 path=/etc/sonic/telemetry recurse=False force=False follow=True modification_time_format=%Y%m%d%H%M.%S access_time_format=%Y%m%d%H%M.%S _original_basename=None _diff_peek=None src=None modification_time=None access_time=None owner=None group=None seuser=None serole=None selevel=None setype=None attributes=None content=NOT_LOGGING_PARAMETER backup=None remote_src=None regexp=None delimiter=None directory_mode=None unsafe_writes=None
2025 Feb 11 02:32:57.084035 sonic INFO python[7167]: ansible-command Invoked with _raw_params=openssl req -x509 -sha256 -nodes -newkey rsa:2048 -keyout "/etc/sonic/telemetry/streamingtelemetryserver.key" -subj "/CN=ndastreamingservertest" -out "/etc/sonic/telemetry/streamingtelemetryserver.cer" warn=True _uses_shell=False stdin_add_newline=True strip_empty_ends=True argv=None chdir=None executable=None creates=None removes=None stdin=None
2025 Feb 11 02:32:57.515013 sonic INFO python[7173]: ansible-command Invoked with _raw_params=openssl req -x509 -sha256 -nodes -newkey rsa:2048 -keyout "/etc/sonic/telemetry/dsmsroot.key" -subj "/CN=ndastreamingclienttest" -out "/etc/sonic/telemetry/dsmsroot.cer" warn=True _uses_shell=False stdin_add_newline=True strip_empty_ends=True argv=None chdir=None executable=None creates=None removes=None stdin=None
2025 Feb 11 02:32:58.266804 sonic INFO python[7181]: ansible-file Invoked with state=directory mode=0755 path=/etc/sonic/credentials recurse=False force=False follow=True modification_time_format=%Y%m%d%H%M.%S access_time_format=%Y%m%d%H%M.%S _original_basename=None _diff_peek=None src=None modification_time=None access_time=None owner=None group=None seuser=None serole=None selevel=None setype=None attributes=None content=NOT_LOGGING_PARAMETER backup=None remote_src=None regexp=None delimiter=None directory_mode=None unsafe_writes=None
2025 Feb 11 02:32:58.277751 sonic WARNING systemd[1]: featured.service: Start request repeated too quickly.
2025 Feb 11 02:32:58.277854 sonic WARNING systemd[1]: featured.service: Failed with result 'exit-code'.
2025 Feb 11 02:32:58.277885 sonic ERR systemd[1]: Failed to start featured.service - Feature configuration daemon.
2025 Feb 11 02:32:58.534034 sonic INFO python[7186]: ansible-command Invoked with _raw_params=openssl req -x509 -sha256 -nodes -newkey rsa:2048 -keyout "/etc/sonic/credentials/restapiserver.key" -subj "/CN=client.restapi.test" -out "/etc/sonic/credentials/restapiserver.crt" warn=True _uses_shell=False stdin_add_newline=True strip_empty_ends=True argv=None chdir=None executable=None creates=None removes=None stdin=None
2025 Feb 11 02:32:59.262313 sonic INFO python[7194]: ansible-command Invoked with _uses_shell=True _raw_params=mv /etc/sonic/minigraph.xml /etc/sonic/minigraph.xml.orig warn=True stdin_add_newline=True strip_empty_ends=True argv=None chdir=None executable=None creates=None removes=None stdin=None
2025 Feb 11 02:33:00.255877 sonic INFO python[7209]: ansible-stat Invoked with checksum_algorithm=sha1 get_checksum=True follow=False path=/etc/sonic/minigraph.xml get_mime=True get_attributes=True get_md5=None
2025 Feb 11 02:33:00.734694 sonic INFO python[7220]: ansible-copy Invoked with src=/tmp/.ansible-admin/ansible-tmp-1739241179.73-6157-74896058146706/source dest=/etc/sonic/minigraph.xml checksum=ff4b76a692744b39f94006ee457f00a0b1feb270 _original_basename=minigraph_template.j2 mode=None follow=False backup=False force=True content=NOT_LOGGING_PARAMETER validate=None directory_mode=None remote_src=None local_follow=None owner=None group=None seuser=None serole=None selevel=None setype=None attributes=None regexp=None delimiter=None unsafe_writes=None
2025 Feb 11 02:33:01.495776 sonic INFO python[7229]: ansible-stat Invoked with path=/etc/sonic/core_analyzer.rc.json follow=False get_checksum=True get_mime=True get_attributes=True checksum_algorithm=sha1 get_md5=None
2025 Feb 11 02:33:02.182961 sonic INFO python[7238]: ansible-lineinfile Invoked with regexp=^snmp_rocommunity: line=snmp_rocommunity: public name=/etc/sonic/snmp.yml path=/etc/sonic/snmp.yml state=present backrefs=False create=False backup=False firstmatch=False follow=False insertafter=None insertbefore=None validate=None mode=None owner=None group=None seuser=None serole=None selevel=None setype=None attributes=None src=None force=None content=NOT_LOGGING_PARAMETER remote_src=None delimiter=None directory_mode=None unsafe_writes=None
2025 Feb 11 02:33:02.424536 sonic INFO python[7242]: ansible-command Invoked with _uses_shell=True _raw_params=docker ps warn=True stdin_add_newline=True strip_empty_ends=True argv=None chdir=None executable=None creates=None removes=None stdin=None
2025 Feb 11 02:33:02.811796 sonic INFO python[7257]: ansible-command Invoked with _uses_shell=True _raw_params=systemctl start topology.service warn=True stdin_add_newline=True strip_empty_ends=True argv=None chdir=None executable=None creates=None removes=None stdin=None
2025 Feb 11 02:33:02.820498 sonic WARNING systemd[1]: featured.service: Start request repeated too quickly.
2025 Feb 11 02:33:02.820579 sonic WARNING systemd[1]: featured.service: Failed with result 'exit-code'.
2025 Feb 11 02:33:02.820612 sonic ERR systemd[1]: Failed to start featured.service - Feature configuration daemon.
2025 Feb 11 02:33:02.822323 sonic WARNING systemd[1]: featured.service: Start request repeated too quickly.
2025 Feb 11 02:33:02.822388 sonic WARNING systemd[1]: featured.service: Failed with result 'exit-code'.
2025 Feb 11 02:33:02.822417 sonic ERR systemd[1]: Failed to start featured.service - Feature configuration daemon.
2025 Feb 11 02:33:02.867843 sonic INFO systemd[1]: Starting topology.service - Internal topology service...
2025 Feb 11 02:33:02.870731 sonic WARNING systemd[1]: featured.service: Start request repeated too quickly.
2025 Feb 11 02:33:02.870798 sonic WARNING systemd[1]: featured.service: Failed with result 'exit-code'.
2025 Feb 11 02:33:02.870850 sonic ERR systemd[1]: Failed to start featured.service - Feature configuration daemon.
2025 Feb 11 02:33:03.583849 sonic INFO topology.sh[7270]: 0 : eth1 old eth1
2025 Feb 11 02:33:03.589622 sonic INFO kernel: [  376.999446] e1000 0000:02:02.0 ethTemp999: renamed from eth1
2025 Feb 11 02:33:03.674575 sonic INFO systemd[1]: Started featured.service - Feature configuration daemon.
2025 Feb 11 02:33:03.677560 sonic INFO kernel: [  377.087545] e1000 0000:02:02.0 eth1: renamed from ethTemp999
2025 Feb 11 02:33:03.791675 sonic INFO topology.sh[7270]: 0 : eth2 old eth2
2025 Feb 11 02:33:03.802061 sonic INFO kernel: [  377.209662] e1000 0000:02:03.0 ethTemp999: renamed from eth2
2025 Feb 11 02:33:03.817999 sonic INFO featured: ConfigDB connect success
2025 Feb 11 02:33:03.822216 sonic INFO featured[7277]: Traceback (most recent call last):
2025 Feb 11 02:33:03.822317 sonic INFO featured[7277]:   File "/usr/local/bin/featured", line 598, in <module>
2025 Feb 11 02:33:03.822554 sonic INFO featured[7277]:     main()
2025 Feb 11 02:33:03.822612 sonic INFO featured[7277]:   File "/usr/local/bin/featured", line 591, in main
2025 Feb 11 02:33:03.822727 sonic INFO featured[7277]:     daemon = FeatureDaemon()
2025 Feb 11 02:33:03.822777 sonic INFO featured[7277]:              ^^^^^^^^^^^^^^^
2025 Feb 11 02:33:03.822816 sonic INFO featured[7277]:   File "/usr/local/bin/featured", line 529, in __init__
2025 Feb 11 02:33:03.822873 sonic INFO featured[7277]:     self.feature_handler = FeatureHandler(self.config_db, feature_state_table, self.device_config, self.advanced_boot)
2025 Feb 11 02:33:03.822918 sonic INFO featured[7277]:                            ^^^^^^^^^^^^^^^^^^^^^^^^^^^^^^^^^^^^^^^^^^^^^^^^^^^^^^^^^^^^^^^^^^^^^^^^^^^^^^^^^^^^^^^^^^^
2025 Feb 11 02:33:03.822959 sonic INFO featured[7277]:   File "/usr/local/bin/featured", line 136, in __init__
2025 Feb 11 02:33:03.823010 sonic INFO featured[7277]:     self._device_running_config = device_info.get_device_runtime_metadata()
2025 Feb 11 02:33:03.823051 sonic INFO featured[7277]:                                   ^^^^^^^^^^^^^^^^^^^^^^^^^^^^^^^^^^^^^^^^^
2025 Feb 11 02:33:03.823090 sonic INFO featured[7277]:   File "/usr/local/lib/python3.11/dist-packages/sonic_py_common/device_info.py", line 680, in get_device_runtime_metadata
2025 Feb 11 02:33:03.823142 sonic INFO featured[7277]:     port_metadata = {'ETHERNET_PORTS_PRESENT': True if get_path_to_port_config_file(hwsku=None, asic="0" if is_multi_npu() else None) else False}
2025 Feb 11 02:33:03.823184 sonic INFO featured[7277]:                                                        ^^^^^^^^^^^^^^^^^^^^^^^^^^^^^^^^^^^^^^^^^^^^^^^^^^^^^^^^^^^^^^^^^^^^^^^^^^^^^^
2025 Feb 11 02:33:03.823226 sonic INFO featured[7277]:   File "/usr/local/lib/python3.11/dist-packages/sonic_py_common/device_info.py", line 446, in get_path_to_port_config_file
2025 Feb 11 02:33:03.823304 sonic INFO featured[7277]:     (platform_path, hwsku_path) = get_paths_to_platform_and_hwsku_dirs()
2025 Feb 11 02:33:03.823347 sonic INFO featured[7277]:                                   ^^^^^^^^^^^^^^^^^^^^^^^^^^^^^^^^^^^^^^
2025 Feb 11 02:33:03.823377 sonic INFO featured[7277]:   File "/usr/local/lib/python3.11/dist-packages/sonic_py_common/device_info.py", line 412, in get_paths_to_platform_and_hwsku_dirs
2025 Feb 11 02:33:03.823419 sonic INFO featured[7277]:     hwsku_path = os.path.join(platform_path, hwsku)
2025 Feb 11 02:33:03.823471 sonic INFO featured[7277]:                  ^^^^^^^^^^^^^^^^^^^^^^^^^^^^^^^^^^
2025 Feb 11 02:33:03.823511 sonic INFO featured[7277]:   File "<frozen posixpath>", line 90, in join
2025 Feb 11 02:33:03.823551 sonic INFO featured[7277]:   File "<frozen genericpath>", line 152, in _check_arg_types
2025 Feb 11 02:33:03.823591 sonic INFO featured[7277]: TypeError: join() argument must be str, bytes, or os.PathLike object, not 'NoneType'
2025 Feb 11 02:33:03.841809 sonic NOTICE systemd[1]: featured.service: Main process exited, code=exited, status=1/FAILURE
2025 Feb 11 02:33:03.841916 sonic WARNING systemd[1]: featured.service: Failed with result 'exit-code'.
2025 Feb 11 02:33:03.882693 sonic INFO systemd[1]: Started featured.service - Feature configuration daemon.
2025 Feb 11 02:33:03.902002 sonic INFO kernel: [  377.310100] e1000 0000:02:03.0 eth2: renamed from ethTemp999
2025 Feb 11 02:33:04.008411 sonic INFO topology.sh[7270]: 0 : eth3 old eth3
2025 Feb 11 02:33:04.013561 sonic INFO kernel: [  377.424129] e1000 0000:02:04.0 ethTemp999: renamed from eth3
2025 Feb 11 02:33:04.037184 sonic INFO featured: ConfigDB connect success
2025 Feb 11 02:33:04.045413 sonic INFO featured[7286]: Traceback (most recent call last):
2025 Feb 11 02:33:04.045620 sonic INFO featured[7286]:   File "/usr/local/bin/featured", line 598, in <module>
2025 Feb 11 02:33:04.045651 sonic INFO featured[7286]:     main()
2025 Feb 11 02:33:04.045668 sonic INFO featured[7286]:   File "/usr/local/bin/featured", line 591, in main
2025 Feb 11 02:33:04.045799 sonic INFO featured[7286]:     daemon = FeatureDaemon()
2025 Feb 11 02:33:04.045837 sonic INFO featured[7286]:              ^^^^^^^^^^^^^^^
2025 Feb 11 02:33:04.045860 sonic INFO featured[7286]:   File "/usr/local/bin/featured", line 529, in __init__
2025 Feb 11 02:33:04.045912 sonic INFO featured[7286]:     self.feature_handler = FeatureHandler(self.config_db, feature_state_table, self.device_config, self.advanced_boot)
2025 Feb 11 02:33:04.045965 sonic INFO featured[7286]:                            ^^^^^^^^^^^^^^^^^^^^^^^^^^^^^^^^^^^^^^^^^^^^^^^^^^^^^^^^^^^^^^^^^^^^^^^^^^^^^^^^^^^^^^^^^^^
2025 Feb 11 02:33:04.045992 sonic INFO featured[7286]:   File "/usr/local/bin/featured", line 136, in __init__
2025 Feb 11 02:33:04.046023 sonic INFO featured[7286]:     self._device_running_config = device_info.get_device_runtime_metadata()
2025 Feb 11 02:33:04.046048 sonic INFO featured[7286]:                                   ^^^^^^^^^^^^^^^^^^^^^^^^^^^^^^^^^^^^^^^^^
2025 Feb 11 02:33:04.046078 sonic INFO featured[7286]:   File "/usr/local/lib/python3.11/dist-packages/sonic_py_common/device_info.py", line 680, in get_device_runtime_metadata
2025 Feb 11 02:33:04.046189 sonic INFO featured[7286]:     port_metadata = {'ETHERNET_PORTS_PRESENT': True if get_path_to_port_config_file(hwsku=None, asic="0" if is_multi_npu() else None) else False}
2025 Feb 11 02:33:04.046232 sonic INFO featured[7286]:                                                        ^^^^^^^^^^^^^^^^^^^^^^^^^^^^^^^^^^^^^^^^^^^^^^^^^^^^^^^^^^^^^^^^^^^^^^^^^^^^^^
2025 Feb 11 02:33:04.046250 sonic INFO featured[7286]:   File "/usr/local/lib/python3.11/dist-packages/sonic_py_common/device_info.py", line 446, in get_path_to_port_config_file
2025 Feb 11 02:33:04.046336 sonic INFO featured[7286]:     (platform_path, hwsku_path) = get_paths_to_platform_and_hwsku_dirs()
2025 Feb 11 02:33:04.046370 sonic INFO featured[7286]:                                   ^^^^^^^^^^^^^^^^^^^^^^^^^^^^^^^^^^^^^^
2025 Feb 11 02:33:04.046395 sonic INFO featured[7286]:   File "/usr/local/lib/python3.11/dist-packages/sonic_py_common/device_info.py", line 412, in get_paths_to_platform_and_hwsku_dirs
2025 Feb 11 02:33:04.046440 sonic INFO featured[7286]:     hwsku_path = os.path.join(platform_path, hwsku)
2025 Feb 11 02:33:04.046477 sonic INFO featured[7286]:                  ^^^^^^^^^^^^^^^^^^^^^^^^^^^^^^^^^^
2025 Feb 11 02:33:04.046503 sonic INFO featured[7286]:   File "<frozen posixpath>", line 90, in join
2025 Feb 11 02:33:04.046527 sonic INFO featured[7286]:   File "<frozen genericpath>", line 152, in _check_arg_types
2025 Feb 11 02:33:04.046552 sonic INFO featured[7286]: TypeError: join() argument must be str, bytes, or os.PathLike object, not 'NoneType'
2025 Feb 11 02:33:04.064742 sonic NOTICE systemd[1]: featured.service: Main process exited, code=exited, status=1/FAILURE
2025 Feb 11 02:33:04.064859 sonic WARNING systemd[1]: featured.service: Failed with result 'exit-code'.
2025 Feb 11 02:33:04.087040 sonic INFO systemd[1]: Started featured.service - Feature configuration daemon.
2025 Feb 11 02:33:04.089585 sonic INFO kernel: [  377.499179] e1000 0000:02:04.0 eth3: renamed from ethTemp999
2025 Feb 11 02:33:04.197234 sonic INFO topology.sh[7270]: 0 : eth4 old eth4
2025 Feb 11 02:33:04.201545 sonic INFO kernel: [  377.612889] e1000 0000:02:05.0 ethTemp999: renamed from eth4
2025 Feb 11 02:33:04.229982 sonic INFO featured: ConfigDB connect success
2025 Feb 11 02:33:04.234217 sonic INFO featured[7297]: Traceback (most recent call last):
2025 Feb 11 02:33:04.234266 sonic INFO featured[7297]:   File "/usr/local/bin/featured", line 598, in <module>
2025 Feb 11 02:33:04.234449 sonic INFO featured[7297]:     main()
2025 Feb 11 02:33:04.234489 sonic INFO featured[7297]:   File "/usr/local/bin/featured", line 591, in main
2025 Feb 11 02:33:04.234613 sonic INFO featured[7297]:     daemon = FeatureDaemon()
2025 Feb 11 02:33:04.234645 sonic INFO featured[7297]:              ^^^^^^^^^^^^^^^
2025 Feb 11 02:33:04.234667 sonic INFO featured[7297]:   File "/usr/local/bin/featured", line 529, in __init__
2025 Feb 11 02:33:04.234727 sonic INFO featured[7297]:     self.feature_handler = FeatureHandler(self.config_db, feature_state_table, self.device_config, self.advanced_boot)
2025 Feb 11 02:33:04.234775 sonic INFO featured[7297]:                            ^^^^^^^^^^^^^^^^^^^^^^^^^^^^^^^^^^^^^^^^^^^^^^^^^^^^^^^^^^^^^^^^^^^^^^^^^^^^^^^^^^^^^^^^^^^
2025 Feb 11 02:33:04.234801 sonic INFO featured[7297]:   File "/usr/local/bin/featured", line 136, in __init__
2025 Feb 11 02:33:04.234832 sonic INFO featured[7297]:     self._device_running_config = device_info.get_device_runtime_metadata()
2025 Feb 11 02:33:04.234863 sonic INFO featured[7297]:                                   ^^^^^^^^^^^^^^^^^^^^^^^^^^^^^^^^^^^^^^^^^
2025 Feb 11 02:33:04.234888 sonic INFO featured[7297]:   File "/usr/local/lib/python3.11/dist-packages/sonic_py_common/device_info.py", line 680, in get_device_runtime_metadata
2025 Feb 11 02:33:04.234988 sonic INFO featured[7297]:     port_metadata = {'ETHERNET_PORTS_PRESENT': True if get_path_to_port_config_file(hwsku=None, asic="0" if is_multi_npu() else None) else False}
2025 Feb 11 02:33:04.235024 sonic INFO featured[7297]:                                                        ^^^^^^^^^^^^^^^^^^^^^^^^^^^^^^^^^^^^^^^^^^^^^^^^^^^^^^^^^^^^^^^^^^^^^^^^^^^^^^
2025 Feb 11 02:33:04.235050 sonic INFO featured[7297]:   File "/usr/local/lib/python3.11/dist-packages/sonic_py_common/device_info.py", line 446, in get_path_to_port_config_file
2025 Feb 11 02:33:04.235110 sonic INFO featured[7297]:     (platform_path, hwsku_path) = get_paths_to_platform_and_hwsku_dirs()
2025 Feb 11 02:33:04.235142 sonic INFO featured[7297]:                                   ^^^^^^^^^^^^^^^^^^^^^^^^^^^^^^^^^^^^^^
2025 Feb 11 02:33:04.235167 sonic INFO featured[7297]:   File "/usr/local/lib/python3.11/dist-packages/sonic_py_common/device_info.py", line 412, in get_paths_to_platform_and_hwsku_dirs
2025 Feb 11 02:33:04.235214 sonic INFO featured[7297]:     hwsku_path = os.path.join(platform_path, hwsku)
2025 Feb 11 02:33:04.235247 sonic INFO featured[7297]:                  ^^^^^^^^^^^^^^^^^^^^^^^^^^^^^^^^^^
2025 Feb 11 02:33:04.235304 sonic INFO featured[7297]:   File "<frozen posixpath>", line 90, in join
2025 Feb 11 02:33:04.235331 sonic INFO featured[7297]:   File "<frozen genericpath>", line 152, in _check_arg_types
2025 Feb 11 02:33:04.235361 sonic INFO featured[7297]: TypeError: join() argument must be str, bytes, or os.PathLike object, not 'NoneType'
2025 Feb 11 02:33:04.254237 sonic NOTICE systemd[1]: featured.service: Main process exited, code=exited, status=1/FAILURE
2025 Feb 11 02:33:04.254415 sonic WARNING systemd[1]: featured.service: Failed with result 'exit-code'.
2025 Feb 11 02:33:04.302965 sonic INFO systemd[1]: Started featured.service - Feature configuration daemon.
2025 Feb 11 02:33:04.305571 sonic INFO kernel: [  377.715682] e1000 0000:02:05.0 eth4: renamed from ethTemp999
2025 Feb 11 02:33:04.429293 sonic INFO topology.sh[7270]: 1 : eth1 old eth5
2025 Feb 11 02:33:04.433547 sonic INFO kernel: [  377.844930] e1000 0000:02:06.0 ethTemp999: renamed from eth5
2025 Feb 11 02:33:04.439881 sonic INFO featured: ConfigDB connect success
2025 Feb 11 02:33:04.444116 sonic INFO featured[7307]: Traceback (most recent call last):
2025 Feb 11 02:33:04.444172 sonic INFO featured[7307]:   File "/usr/local/bin/featured", line 598, in <module>
2025 Feb 11 02:33:04.444268 sonic INFO featured[7307]:     main()
2025 Feb 11 02:33:04.444333 sonic INFO featured[7307]:   File "/usr/local/bin/featured", line 591, in main
2025 Feb 11 02:33:04.444517 sonic INFO featured[7307]:     daemon = FeatureDaemon()
2025 Feb 11 02:33:04.444560 sonic INFO featured[7307]:              ^^^^^^^^^^^^^^^
2025 Feb 11 02:33:04.444577 sonic INFO featured[7307]:   File "/usr/local/bin/featured", line 529, in __init__
2025 Feb 11 02:33:04.444671 sonic INFO featured[7307]:     self.feature_handler = FeatureHandler(self.config_db, feature_state_table, self.device_config, self.advanced_boot)
2025 Feb 11 02:33:04.444710 sonic INFO featured[7307]:                            ^^^^^^^^^^^^^^^^^^^^^^^^^^^^^^^^^^^^^^^^^^^^^^^^^^^^^^^^^^^^^^^^^^^^^^^^^^^^^^^^^^^^^^^^^^^
2025 Feb 11 02:33:04.444726 sonic INFO featured[7307]:   File "/usr/local/bin/featured", line 136, in __init__
2025 Feb 11 02:33:04.444758 sonic INFO featured[7307]:     self._device_running_config = device_info.get_device_runtime_metadata()
2025 Feb 11 02:33:04.444789 sonic INFO featured[7307]:                                   ^^^^^^^^^^^^^^^^^^^^^^^^^^^^^^^^^^^^^^^^^
2025 Feb 11 02:33:04.444823 sonic INFO featured[7307]:   File "/usr/local/lib/python3.11/dist-packages/sonic_py_common/device_info.py", line 680, in get_device_runtime_metadata
2025 Feb 11 02:33:04.444892 sonic INFO featured[7307]:     port_metadata = {'ETHERNET_PORTS_PRESENT': True if get_path_to_port_config_file(hwsku=None, asic="0" if is_multi_npu() else None) else False}
2025 Feb 11 02:33:04.444943 sonic INFO featured[7307]:                                                        ^^^^^^^^^^^^^^^^^^^^^^^^^^^^^^^^^^^^^^^^^^^^^^^^^^^^^^^^^^^^^^^^^^^^^^^^^^^^^^
2025 Feb 11 02:33:04.444971 sonic INFO featured[7307]:   File "/usr/local/lib/python3.11/dist-packages/sonic_py_common/device_info.py", line 446, in get_path_to_port_config_file
2025 Feb 11 02:33:04.445033 sonic INFO featured[7307]:     (platform_path, hwsku_path) = get_paths_to_platform_and_hwsku_dirs()
2025 Feb 11 02:33:04.445066 sonic INFO featured[7307]:                                   ^^^^^^^^^^^^^^^^^^^^^^^^^^^^^^^^^^^^^^
2025 Feb 11 02:33:04.445091 sonic INFO featured[7307]:   File "/usr/local/lib/python3.11/dist-packages/sonic_py_common/device_info.py", line 412, in get_paths_to_platform_and_hwsku_dirs
2025 Feb 11 02:33:04.445138 sonic INFO featured[7307]:     hwsku_path = os.path.join(platform_path, hwsku)
2025 Feb 11 02:33:04.445171 sonic INFO featured[7307]:                  ^^^^^^^^^^^^^^^^^^^^^^^^^^^^^^^^^^
2025 Feb 11 02:33:04.445197 sonic INFO featured[7307]:   File "<frozen posixpath>", line 90, in join
2025 Feb 11 02:33:04.445221 sonic INFO featured[7307]:   File "<frozen genericpath>", line 152, in _check_arg_types
2025 Feb 11 02:33:04.445246 sonic INFO featured[7307]: TypeError: join() argument must be str, bytes, or os.PathLike object, not 'NoneType'
2025 Feb 11 02:33:04.463623 sonic NOTICE systemd[1]: featured.service: Main process exited, code=exited, status=1/FAILURE
2025 Feb 11 02:33:04.463836 sonic WARNING systemd[1]: featured.service: Failed with result 'exit-code'.
2025 Feb 11 02:33:04.490663 sonic INFO systemd[1]: Started featured.service - Feature configuration daemon.
2025 Feb 11 02:33:04.501549 sonic INFO kernel: [  377.910606] e1000 0000:02:06.0 eth1: renamed from ethTemp999
2025 Feb 11 02:33:04.603145 sonic INFO topology.sh[7270]: 1 : eth2 old eth6
2025 Feb 11 02:33:04.609562 sonic INFO kernel: [  378.018875] e1000 0000:02:07.0 ethTemp999: renamed from eth6
2025 Feb 11 02:33:04.623461 sonic INFO featured: ConfigDB connect success
2025 Feb 11 02:33:04.631509 sonic INFO featured[7318]: Traceback (most recent call last):
2025 Feb 11 02:33:04.631666 sonic INFO featured[7318]:   File "/usr/local/bin/featured", line 598, in <module>
2025 Feb 11 02:33:04.631694 sonic INFO featured[7318]:     main()
2025 Feb 11 02:33:04.631716 sonic INFO featured[7318]:   File "/usr/local/bin/featured", line 591, in main
2025 Feb 11 02:33:04.631872 sonic INFO featured[7318]:     daemon = FeatureDaemon()
2025 Feb 11 02:33:04.631919 sonic INFO featured[7318]:              ^^^^^^^^^^^^^^^
2025 Feb 11 02:33:04.631953 sonic INFO featured[7318]:   File "/usr/local/bin/featured", line 529, in __init__
2025 Feb 11 02:33:04.632020 sonic INFO featured[7318]:     self.feature_handler = FeatureHandler(self.config_db, feature_state_table, self.device_config, self.advanced_boot)
2025 Feb 11 02:33:04.632078 sonic INFO featured[7318]:                            ^^^^^^^^^^^^^^^^^^^^^^^^^^^^^^^^^^^^^^^^^^^^^^^^^^^^^^^^^^^^^^^^^^^^^^^^^^^^^^^^^^^^^^^^^^^
2025 Feb 11 02:33:04.632104 sonic INFO featured[7318]:   File "/usr/local/bin/featured", line 136, in __init__
2025 Feb 11 02:33:04.632127 sonic INFO featured[7318]:     self._device_running_config = device_info.get_device_runtime_metadata()
2025 Feb 11 02:33:04.632144 sonic INFO featured[7318]:                                   ^^^^^^^^^^^^^^^^^^^^^^^^^^^^^^^^^^^^^^^^^
2025 Feb 11 02:33:04.632165 sonic INFO featured[7318]:   File "/usr/local/lib/python3.11/dist-packages/sonic_py_common/device_info.py", line 680, in get_device_runtime_metadata
2025 Feb 11 02:33:04.632301 sonic INFO featured[7318]:     port_metadata = {'ETHERNET_PORTS_PRESENT': True if get_path_to_port_config_file(hwsku=None, asic="0" if is_multi_npu() else None) else False}
2025 Feb 11 02:33:04.632361 sonic INFO featured[7318]:                                                        ^^^^^^^^^^^^^^^^^^^^^^^^^^^^^^^^^^^^^^^^^^^^^^^^^^^^^^^^^^^^^^^^^^^^^^^^^^^^^^
2025 Feb 11 02:33:04.632388 sonic INFO featured[7318]:   File "/usr/local/lib/python3.11/dist-packages/sonic_py_common/device_info.py", line 446, in get_path_to_port_config_file
2025 Feb 11 02:33:04.632462 sonic INFO featured[7318]:     (platform_path, hwsku_path) = get_paths_to_platform_and_hwsku_dirs()
2025 Feb 11 02:33:04.632506 sonic INFO featured[7318]:                                   ^^^^^^^^^^^^^^^^^^^^^^^^^^^^^^^^^^^^^^
2025 Feb 11 02:33:04.632524 sonic INFO featured[7318]:   File "/usr/local/lib/python3.11/dist-packages/sonic_py_common/device_info.py", line 412, in get_paths_to_platform_and_hwsku_dirs
2025 Feb 11 02:33:04.632576 sonic INFO featured[7318]:     hwsku_path = os.path.join(platform_path, hwsku)
2025 Feb 11 02:33:04.632608 sonic INFO featured[7318]:                  ^^^^^^^^^^^^^^^^^^^^^^^^^^^^^^^^^^
2025 Feb 11 02:33:04.632636 sonic INFO featured[7318]:   File "<frozen posixpath>", line 90, in join
2025 Feb 11 02:33:04.632652 sonic INFO featured[7318]:   File "<frozen genericpath>", line 152, in _check_arg_types
2025 Feb 11 02:33:04.632673 sonic INFO featured[7318]: TypeError: join() argument must be str, bytes, or os.PathLike object, not 'NoneType'
2025 Feb 11 02:33:04.651621 sonic NOTICE systemd[1]: featured.service: Main process exited, code=exited, status=1/FAILURE
2025 Feb 11 02:33:04.651751 sonic WARNING systemd[1]: featured.service: Failed with result 'exit-code'.
2025 Feb 11 02:33:04.653928 sonic WARNING systemd[1]: featured.service: Start request repeated too quickly.
2025 Feb 11 02:33:04.654003 sonic WARNING systemd[1]: featured.service: Failed with result 'exit-code'.
2025 Feb 11 02:33:04.654046 sonic ERR systemd[1]: Failed to start featured.service - Feature configuration daemon.
2025 Feb 11 02:33:04.659570 sonic WARNING systemd[1]: featured.service: Start request repeated too quickly.
2025 Feb 11 02:33:04.659641 sonic WARNING systemd[1]: featured.service: Failed with result 'exit-code'.
2025 Feb 11 02:33:04.659684 sonic ERR systemd[1]: Failed to start featured.service - Feature configuration daemon.
2025 Feb 11 02:33:04.669626 sonic INFO kernel: [  378.079164] e1000 0000:02:07.0 eth2: renamed from ethTemp999
2025 Feb 11 02:33:04.795173 sonic INFO topology.sh[7270]: 1 : eth3 old eth7
2025 Feb 11 02:33:04.801555 sonic INFO kernel: [  378.211351] e1000 0000:02:08.0 ethTemp999: renamed from eth7
2025 Feb 11 02:33:04.841140 sonic WARNING systemd[1]: featured.service: Start request repeated too quickly.
2025 Feb 11 02:33:04.841244 sonic WARNING systemd[1]: featured.service: Failed with result 'exit-code'.
2025 Feb 11 02:33:04.841345 sonic ERR systemd[1]: Failed to start featured.service - Feature configuration daemon.
2025 Feb 11 02:33:04.880165 sonic WARNING systemd[1]: featured.service: Start request repeated too quickly.
2025 Feb 11 02:33:04.880310 sonic WARNING systemd[1]: featured.service: Failed with result 'exit-code'.
2025 Feb 11 02:33:04.880388 sonic ERR systemd[1]: Failed to start featured.service - Feature configuration daemon.
2025 Feb 11 02:33:04.889557 sonic INFO kernel: [  378.298877] e1000 0000:02:08.0 eth3: renamed from ethTemp999
2025 Feb 11 02:33:05.004122 sonic INFO topology.sh[7270]: 1 : eth4 old eth8
2025 Feb 11 02:33:05.009564 sonic INFO kernel: [  378.420339] e1000 0000:02:09.0 ethTemp999: renamed from eth8
2025 Feb 11 02:33:05.061054 sonic WARNING systemd[1]: featured.service: Start request repeated too quickly.
2025 Feb 11 02:33:05.061165 sonic WARNING systemd[1]: featured.service: Failed with result 'exit-code'.
2025 Feb 11 02:33:05.061308 sonic ERR systemd[1]: Failed to start featured.service - Feature configuration daemon.
2025 Feb 11 02:33:05.096047 sonic WARNING systemd[1]: featured.service: Start request repeated too quickly.
2025 Feb 11 02:33:05.096166 sonic WARNING systemd[1]: featured.service: Failed with result 'exit-code'.
2025 Feb 11 02:33:05.096243 sonic ERR systemd[1]: Failed to start featured.service - Feature configuration daemon.
2025 Feb 11 02:33:05.105565 sonic INFO kernel: [  378.514691] e1000 0000:02:09.0 eth4: renamed from ethTemp999
2025 Feb 11 02:33:05.224612 sonic INFO topology.sh[7270]: 0:eth5 - 2:eth1
2025 Feb 11 02:33:05.229613 sonic INFO (udev-worker)[7275]: Network interface NamePolicy= disabled on kernel command line.
2025 Feb 11 02:33:05.230770 sonic INFO (udev-worker)[7360]: Network interface NamePolicy= disabled on kernel command line.
2025 Feb 11 02:33:05.242153 sonic WARNING systemd[1]: featured.service: Start request repeated too quickly.
2025 Feb 11 02:33:05.242245 sonic WARNING systemd[1]: featured.service: Failed with result 'exit-code'.
2025 Feb 11 02:33:05.242325 sonic ERR systemd[1]: Failed to start featured.service - Feature configuration daemon.
2025 Feb 11 02:33:05.271566 sonic WARNING systemd[1]: featured.service: Start request repeated too quickly.
2025 Feb 11 02:33:05.271664 sonic WARNING systemd[1]: featured.service: Failed with result 'exit-code'.
2025 Feb 11 02:33:05.271730 sonic ERR systemd[1]: Failed to start featured.service - Feature configuration daemon.
2025 Feb 11 02:33:05.315782 sonic WARNING systemd[1]: featured.service: Start request repeated too quickly.
2025 Feb 11 02:33:05.315905 sonic WARNING systemd[1]: featured.service: Failed with result 'exit-code'.
2025 Feb 11 02:33:05.315978 sonic ERR systemd[1]: Failed to start featured.service - Feature configuration daemon.
2025 Feb 11 02:33:05.325886 sonic INFO kernel: [  378.734752] eth1: renamed from ethBack999
2025 Feb 11 02:33:05.381756 sonic INFO kernel: [  378.790003] eth5: renamed from ethFront999
2025 Feb 11 02:33:05.464173 sonic INFO topology.sh[7270]: 0:eth6 - 2:eth2
2025 Feb 11 02:33:05.465548 sonic INFO kernel: [  378.874153] IPv6: ADDRCONF(NETDEV_CHANGE): eth5: link becomes ready
2025 Feb 11 02:33:05.465567 sonic INFO kernel: [  378.874257] IPv6: ADDRCONF(NETDEV_CHANGE): eth1: link becomes ready
2025 Feb 11 02:33:05.467832 sonic INFO (udev-worker)[7373]: Network interface NamePolicy= disabled on kernel command line.
2025 Feb 11 02:33:05.468100 sonic INFO (udev-worker)[7380]: Network interface NamePolicy= disabled on kernel command line.
2025 Feb 11 02:33:05.478722 sonic WARNING systemd[1]: featured.service: Start request repeated too quickly.
2025 Feb 11 02:33:05.478814 sonic WARNING systemd[1]: featured.service: Failed with result 'exit-code'.
2025 Feb 11 02:33:05.478892 sonic ERR systemd[1]: Failed to start featured.service - Feature configuration daemon.
2025 Feb 11 02:33:05.507649 sonic WARNING systemd[1]: featured.service: Start request repeated too quickly.
2025 Feb 11 02:33:05.507833 sonic WARNING systemd[1]: featured.service: Failed with result 'exit-code'.
2025 Feb 11 02:33:05.507924 sonic ERR systemd[1]: Failed to start featured.service - Feature configuration daemon.
2025 Feb 11 02:33:05.543614 sonic WARNING systemd[1]: featured.service: Start request repeated too quickly.
2025 Feb 11 02:33:05.543694 sonic WARNING systemd[1]: featured.service: Failed with result 'exit-code'.
2025 Feb 11 02:33:05.543754 sonic ERR systemd[1]: Failed to start featured.service - Feature configuration daemon.
2025 Feb 11 02:33:05.553546 sonic INFO kernel: [  378.962053] eth2: renamed from ethBack999
2025 Feb 11 02:33:05.589561 sonic INFO kernel: [  378.999082] eth6: renamed from ethFront999
2025 Feb 11 02:33:05.665391 sonic INFO topology.sh[7270]: 1:eth5 - 2:eth3
2025 Feb 11 02:33:05.665548 sonic INFO kernel: [  379.073485] IPv6: ADDRCONF(NETDEV_CHANGE): eth2: link becomes ready
2025 Feb 11 02:33:05.683398 sonic WARNING systemd[1]: featured.service: Start request repeated too quickly.
2025 Feb 11 02:33:05.683533 sonic WARNING systemd[1]: featured.service: Failed with result 'exit-code'.
2025 Feb 11 02:33:05.683587 sonic ERR systemd[1]: Failed to start featured.service - Feature configuration daemon.
2025 Feb 11 02:33:05.715353 sonic WARNING systemd[1]: featured.service: Start request repeated too quickly.
2025 Feb 11 02:33:05.715504 sonic WARNING systemd[1]: featured.service: Failed with result 'exit-code'.
2025 Feb 11 02:33:05.715558 sonic ERR systemd[1]: Failed to start featured.service - Feature configuration daemon.
2025 Feb 11 02:33:05.754149 sonic WARNING systemd[1]: featured.service: Start request repeated too quickly.
2025 Feb 11 02:33:05.754318 sonic WARNING systemd[1]: featured.service: Failed with result 'exit-code'.
2025 Feb 11 02:33:05.754389 sonic ERR systemd[1]: Failed to start featured.service - Feature configuration daemon.
2025 Feb 11 02:33:05.761555 sonic INFO kernel: [  379.171909] eth3: renamed from ethBack999
2025 Feb 11 02:33:05.793639 sonic INFO kernel: [  379.202951] eth5: renamed from ethFront999
2025 Feb 11 02:33:05.805825 sonic INFO kernel: [  379.214190] e1000: eth1 NIC Link is Up 1000 Mbps Full Duplex, Flow Control: RX
2025 Feb 11 02:33:05.853542 sonic INFO kernel: [  379.261270] IPv6: ADDRCONF(NETDEV_CHANGE): eth1: link becomes ready
2025 Feb 11 02:33:05.893079 sonic INFO topology.sh[7270]: 1:eth6 - 2:eth4
2025 Feb 11 02:33:05.893533 sonic INFO kernel: [  379.303230] IPv6: ADDRCONF(NETDEV_CHANGE): eth3: link becomes ready
2025 Feb 11 02:33:05.909468 sonic WARNING systemd[1]: featured.service: Start request repeated too quickly.
2025 Feb 11 02:33:05.909747 sonic WARNING systemd[1]: featured.service: Failed with result 'exit-code'.
2025 Feb 11 02:33:05.909820 sonic ERR systemd[1]: Failed to start featured.service - Feature configuration daemon.
2025 Feb 11 02:33:05.947504 sonic WARNING systemd[1]: featured.service: Start request repeated too quickly.
2025 Feb 11 02:33:05.947596 sonic WARNING systemd[1]: featured.service: Failed with result 'exit-code'.
2025 Feb 11 02:33:05.947659 sonic ERR systemd[1]: Failed to start featured.service - Feature configuration daemon.
2025 Feb 11 02:33:05.995585 sonic WARNING systemd[1]: featured.service: Start request repeated too quickly.
2025 Feb 11 02:33:05.995686 sonic WARNING systemd[1]: featured.service: Failed with result 'exit-code'.
2025 Feb 11 02:33:05.995752 sonic ERR systemd[1]: Failed to start featured.service - Feature configuration daemon.
2025 Feb 11 02:33:06.005548 sonic INFO kernel: [  379.414865] eth4: renamed from ethBack999
2025 Feb 11 02:33:06.030167 sonic INFO kernel: [  379.437820] e1000: eth2 NIC Link is Up 1000 Mbps Full Duplex, Flow Control: RX
2025 Feb 11 02:33:06.030623 sonic INFO kernel: [  379.439114] IPv6: ADDRCONF(NETDEV_CHANGE): eth2: link becomes ready
2025 Feb 11 02:33:06.041570 sonic INFO kernel: [  379.451704] eth6: renamed from ethFront999
2025 Feb 11 02:33:06.109622 sonic INFO kernel: [  379.520019] IPv6: ADDRCONF(NETDEV_CHANGE): eth4: link becomes ready
2025 Feb 11 02:33:06.113016 sonic INFO topology.sh[7270]: 0:eth7 - 3:eth1
2025 Feb 11 02:33:06.126222 sonic WARNING systemd[1]: featured.service: Start request repeated too quickly.
2025 Feb 11 02:33:06.126340 sonic WARNING systemd[1]: featured.service: Failed with result 'exit-code'.
2025 Feb 11 02:33:06.126430 sonic ERR systemd[1]: Failed to start featured.service - Feature configuration daemon.
2025 Feb 11 02:33:06.143491 sonic WARNING systemd[1]: featured.service: Start request repeated too quickly.
2025 Feb 11 02:33:06.143578 sonic WARNING systemd[1]: featured.service: Failed with result 'exit-code'.
2025 Feb 11 02:33:06.143636 sonic ERR systemd[1]: Failed to start featured.service - Feature configuration daemon.
2025 Feb 11 02:33:06.173955 sonic WARNING systemd[1]: featured.service: Start request repeated too quickly.
2025 Feb 11 02:33:06.174136 sonic WARNING systemd[1]: featured.service: Failed with result 'exit-code'.
2025 Feb 11 02:33:06.174250 sonic ERR systemd[1]: Failed to start featured.service - Feature configuration daemon.
2025 Feb 11 02:33:06.181566 sonic INFO kernel: [  379.591193] eth1: renamed from ethBack999
2025 Feb 11 02:33:06.217549 sonic INFO kernel: [  379.627057] eth7: renamed from ethFront999
2025 Feb 11 02:33:06.221544 sonic INFO kernel: [  379.629898] e1000: eth3 NIC Link is Up 1000 Mbps Full Duplex, Flow Control: RX
2025 Feb 11 02:33:06.249534 sonic INFO kernel: [  379.657342] IPv6: ADDRCONF(NETDEV_CHANGE): eth3: link becomes ready
2025 Feb 11 02:33:06.285630 sonic INFO kernel: [  379.696747] IPv6: ADDRCONF(NETDEV_CHANGE): eth7: link becomes ready
2025 Feb 11 02:33:06.285643 sonic INFO kernel: [  379.696824] IPv6: ADDRCONF(NETDEV_CHANGE): eth1: link becomes ready
2025 Feb 11 02:33:06.286728 sonic INFO topology.sh[7270]: 0:eth8 - 3:eth2
2025 Feb 11 02:33:06.300548 sonic WARNING systemd[1]: featured.service: Start request repeated too quickly.
2025 Feb 11 02:33:06.300623 sonic WARNING systemd[1]: featured.service: Failed with result 'exit-code'.
2025 Feb 11 02:33:06.300665 sonic ERR systemd[1]: Failed to start featured.service - Feature configuration daemon.
2025 Feb 11 02:33:06.331821 sonic WARNING systemd[1]: featured.service: Start request repeated too quickly.
2025 Feb 11 02:33:06.331891 sonic WARNING systemd[1]: featured.service: Failed with result 'exit-code'.
2025 Feb 11 02:33:06.331964 sonic ERR systemd[1]: Failed to start featured.service - Feature configuration daemon.
2025 Feb 11 02:33:06.382875 sonic WARNING systemd[1]: featured.service: Start request repeated too quickly.
2025 Feb 11 02:33:06.383074 sonic WARNING systemd[1]: featured.service: Failed with result 'exit-code'.
2025 Feb 11 02:33:06.383185 sonic ERR systemd[1]: Failed to start featured.service - Feature configuration daemon.
2025 Feb 11 02:33:06.389550 sonic INFO kernel: [  379.797393] eth2: renamed from ethBack999
2025 Feb 11 02:33:06.429561 sonic INFO kernel: [  379.839623] eth8: renamed from ethFront999
2025 Feb 11 02:33:06.449600 sonic INFO kernel: [  379.857866] e1000: eth4 NIC Link is Up 1000 Mbps Full Duplex, Flow Control: RX
2025 Feb 11 02:33:06.465568 sonic INFO kernel: [  379.873347] IPv6: ADDRCONF(NETDEV_CHANGE): eth4: link becomes ready
2025 Feb 11 02:33:06.505727 sonic INFO kernel: [  379.914158] IPv6: ADDRCONF(NETDEV_CHANGE): eth2: link becomes ready
2025 Feb 11 02:33:06.512525 sonic INFO topology.sh[7270]: 1:eth7 - 3:eth3
2025 Feb 11 02:33:06.528373 sonic WARNING systemd[1]: featured.service: Start request repeated too quickly.
2025 Feb 11 02:33:06.528459 sonic WARNING systemd[1]: featured.service: Failed with result 'exit-code'.
2025 Feb 11 02:33:06.528532 sonic ERR systemd[1]: Failed to start featured.service - Feature configuration daemon.
2025 Feb 11 02:33:06.571647 sonic WARNING systemd[1]: featured.service: Start request repeated too quickly.
2025 Feb 11 02:33:06.571745 sonic WARNING systemd[1]: featured.service: Failed with result 'exit-code'.
2025 Feb 11 02:33:06.571816 sonic ERR systemd[1]: Failed to start featured.service - Feature configuration daemon.
2025 Feb 11 02:33:06.613452 sonic WARNING systemd[1]: featured.service: Start request repeated too quickly.
2025 Feb 11 02:33:06.613608 sonic WARNING systemd[1]: featured.service: Failed with result 'exit-code'.
2025 Feb 11 02:33:06.613664 sonic ERR systemd[1]: Failed to start featured.service - Feature configuration daemon.
2025 Feb 11 02:33:06.621560 sonic INFO kernel: [  380.030931] eth3: renamed from ethBack999
2025 Feb 11 02:33:06.641805 sonic INFO kernel: [  380.049827] e1000: eth1 NIC Link is Up 1000 Mbps Full Duplex, Flow Control: RX
2025 Feb 11 02:33:06.653779 sonic INFO kernel: [  380.061320] IPv6: ADDRCONF(NETDEV_CHANGE): eth1: link becomes ready
2025 Feb 11 02:33:06.669555 sonic INFO kernel: [  380.080123] eth7: renamed from ethFront999
2025 Feb 11 02:33:06.749581 sonic INFO kernel: [  380.160314] IPv6: ADDRCONF(NETDEV_CHANGE): eth3: link becomes ready
2025 Feb 11 02:33:06.750450 sonic INFO topology.sh[7270]: 1:eth8 - 3:eth4
2025 Feb 11 02:33:06.764166 sonic WARNING systemd[1]: featured.service: Start request repeated too quickly.
2025 Feb 11 02:33:06.764244 sonic WARNING systemd[1]: featured.service: Failed with result 'exit-code'.
2025 Feb 11 02:33:06.764309 sonic ERR systemd[1]: Failed to start featured.service - Feature configuration daemon.
2025 Feb 11 02:33:06.815666 sonic WARNING systemd[1]: featured.service: Start request repeated too quickly.
2025 Feb 11 02:33:06.815746 sonic WARNING systemd[1]: featured.service: Failed with result 'exit-code'.
2025 Feb 11 02:33:06.815777 sonic ERR systemd[1]: Failed to start featured.service - Feature configuration daemon.
2025 Feb 11 02:33:06.829556 sonic INFO kernel: [  380.237789] e1000: eth2 NIC Link is Up 1000 Mbps Full Duplex, Flow Control: RX
2025 Feb 11 02:33:06.859516 sonic WARNING systemd[1]: featured.service: Start request repeated too quickly.
2025 Feb 11 02:33:06.859604 sonic WARNING systemd[1]: featured.service: Failed with result 'exit-code'.
2025 Feb 11 02:33:06.859666 sonic ERR systemd[1]: Failed to start featured.service - Feature configuration daemon.
2025 Feb 11 02:33:06.861547 sonic INFO kernel: [  380.269320] IPv6: ADDRCONF(NETDEV_CHANGE): eth2: link becomes ready
2025 Feb 11 02:33:06.869564 sonic INFO kernel: [  380.280187] eth4: renamed from ethBack999
2025 Feb 11 02:33:06.929575 sonic INFO kernel: [  380.337276] eth8: renamed from ethFront999
2025 Feb 11 02:33:07.021543 sonic INFO kernel: [  380.429828] e1000: eth3 NIC Link is Up 1000 Mbps Full Duplex, Flow Control: RX
2025 Feb 11 02:33:07.021584 sonic INFO kernel: [  380.431383] IPv6: ADDRCONF(NETDEV_CHANGE): eth3: link becomes ready
2025 Feb 11 02:33:07.037989 sonic INFO kernel: [  380.447612] IPv6: ADDRCONF(NETDEV_CHANGE): eth4: link becomes ready
2025 Feb 11 02:33:07.045605 sonic INFO systemd[1]: Finished topology.service - Internal topology service.
2025 Feb 11 02:33:07.048526 sonic WARNING systemd[1]: featured.service: Start request repeated too quickly.
2025 Feb 11 02:33:07.048598 sonic WARNING systemd[1]: featured.service: Failed with result 'exit-code'.
2025 Feb 11 02:33:07.048630 sonic ERR systemd[1]: Failed to start featured.service - Feature configuration daemon.
2025 Feb 11 02:33:07.245722 sonic INFO kernel: [  380.653780] e1000: eth4 NIC Link is Up 1000 Mbps Full Duplex, Flow Control: RX
2025 Feb 11 02:33:07.245930 sonic INFO kernel: [  380.654924] IPv6: ADDRCONF(NETDEV_CHANGE): eth4: link becomes ready
2025 Feb 11 02:33:07.335671 sonic INFO python[7528]: ansible-file Invoked with state=absent path=/etc/sonic/acl.json recurse=False force=False follow=True modification_time_format=%Y%m%d%H%M.%S access_time_format=%Y%m%d%H%M.%S _original_basename=None _diff_peek=None src=None modification_time=None access_time=None mode=None owner=None group=None seuser=None serole=None selevel=None setype=None attributes=None content=NOT_LOGGING_PARAMETER backup=None remote_src=None regexp=None delimiter=None directory_mode=None unsafe_writes=None
2025 Feb 11 02:33:07.647900 sonic INFO python[7533]: ansible-file Invoked with state=absent path=/etc/sonic/port_config.json recurse=False force=False follow=True modification_time_format=%Y%m%d%H%M.%S access_time_format=%Y%m%d%H%M.%S _original_basename=None _diff_peek=None src=None modification_time=None access_time=None mode=None owner=None group=None seuser=None serole=None selevel=None setype=None attributes=None content=NOT_LOGGING_PARAMETER backup=None remote_src=None regexp=None delimiter=None directory_mode=None unsafe_writes=None
2025 Feb 11 02:33:08.278347 sonic WARNING systemd[1]: featured.service: Start request repeated too quickly.
2025 Feb 11 02:33:08.278474 sonic WARNING systemd[1]: featured.service: Failed with result 'exit-code'.
2025 Feb 11 02:33:08.278531 sonic ERR systemd[1]: Failed to start featured.service - Feature configuration daemon.
2025 Feb 11 02:33:08.290478 sonic INFO python[7540]: ansible-generate_golden_config_db Invoked with port_index_map={'11': 'Ethernet-BP44', '10': 'Ethernet-BP40', '17': 'Ethernet-BP68', '16': 'Ethernet-BP64', '19': 'Ethernet-BP76', '18': 'Ethernet-BP72', '1': 'Ethernet-BP4', '0': 'Ethernet-BP0', '3': 'Ethernet-BP12', '2': 'Ethernet-BP8', '5': 'Ethernet-BP20', '4': 'Ethernet-BP16', '7': 'Ethernet-BP28', '6': 'Ethernet-BP24', '9': 'Ethernet-BP36', '8': 'Ethernet-BP32'} topo_name=t1-8-lag num_asics=1 macsec_profile=None
2025 Feb 11 02:33:08.695764 sonic INFO python[7545]: ansible-command Invoked with _uses_shell=True _raw_params=config load_minigraph --override_config -y warn=True stdin_add_newline=True strip_empty_ends=True argv=None chdir=None executable=None creates=None removes=None stdin=None
2025 Feb 11 02:33:08.777877 sonic INFO systemd[1]: caclmgrd.service: Scheduled restart job, restart counter is at 12.
2025 Feb 11 02:33:08.778305 sonic INFO systemd[1]: Stopped caclmgrd.service - Control Plane ACL configuration daemon.
2025 Feb 11 02:33:08.842259 sonic INFO systemd[1]: Started caclmgrd.service - Control Plane ACL configuration daemon.
2025 Feb 11 02:33:08.842667 sonic WARNING systemd[1]: featured.service: Start request repeated too quickly.
2025 Feb 11 02:33:08.842732 sonic WARNING systemd[1]: featured.service: Failed with result 'exit-code'.
2025 Feb 11 02:33:08.842800 sonic ERR systemd[1]: Failed to start featured.service - Feature configuration daemon.
2025 Feb 11 02:33:08.844474 sonic WARNING systemd[1]: featured.service: Start request repeated too quickly.
2025 Feb 11 02:33:08.844535 sonic WARNING systemd[1]: featured.service: Failed with result 'exit-code'.
2025 Feb 11 02:33:08.844563 sonic ERR systemd[1]: Failed to start featured.service - Feature configuration daemon.
2025 Feb 11 02:33:08.845775 sonic WARNING systemd[1]: featured.service: Start request repeated too quickly.
2025 Feb 11 02:33:08.845832 sonic WARNING systemd[1]: featured.service: Failed with result 'exit-code'.
2025 Feb 11 02:33:08.845863 sonic ERR systemd[1]: Failed to start featured.service - Feature configuration daemon.
2025 Feb 11 02:33:08.952489 sonic INFO caclmgrd[7550]: Traceback (most recent call last):
2025 Feb 11 02:33:08.952583 sonic INFO caclmgrd[7550]:   File "/usr/local/bin/caclmgrd", line 1146, in <module>
2025 Feb 11 02:33:08.952623 sonic INFO caclmgrd[7550]:     main()
2025 Feb 11 02:33:08.952642 sonic INFO caclmgrd[7550]:   File "/usr/local/bin/caclmgrd", line 1137, in main
2025 Feb 11 02:33:08.952658 sonic INFO caclmgrd[7550]:     caclmgr = ControlPlaneAclManager(SYSLOG_IDENTIFIER)
2025 Feb 11 02:33:08.952674 sonic INFO caclmgrd[7550]:               ^^^^^^^^^^^^^^^^^^^^^^^^^^^^^^^^^^^^^^^^^
2025 Feb 11 02:33:08.952690 sonic INFO caclmgrd[7550]:   File "/usr/local/bin/caclmgrd", line 156, in __init__
2025 Feb 11 02:33:08.952706 sonic INFO caclmgrd[7550]:     if 'subtype' in metadata['localhost'] and metadata['localhost']['subtype'] == 'DualToR':
2025 Feb 11 02:33:08.952721 sonic INFO caclmgrd[7550]:                     ~~~~~~~~^^^^^^^^^^^^^
2025 Feb 11 02:33:08.952737 sonic INFO caclmgrd[7550]: KeyError: 'localhost'
2025 Feb 11 02:33:08.964230 sonic NOTICE systemd[1]: caclmgrd.service: Main process exited, code=exited, status=1/FAILURE
2025 Feb 11 02:33:08.964429 sonic WARNING systemd[1]: caclmgrd.service: Failed with result 'exit-code'.
2025 Feb 11 02:33:08.966471 sonic WARNING systemd[1]: featured.service: Start request repeated too quickly.
2025 Feb 11 02:33:08.966534 sonic WARNING systemd[1]: featured.service: Failed with result 'exit-code'.
2025 Feb 11 02:33:08.966575 sonic ERR systemd[1]: Failed to start featured.service - Feature configuration daemon.
2025 Feb 11 02:33:09.222697 sonic NOTICE switch_hash: 'load_minigraph' executing with command: config load_minigraph --override_config -y
2025 Feb 11 02:33:09.247042 sonic INFO sonic_yang: module: sonic-acl is loaded successfully
2025 Feb 11 02:33:09.247463 sonic INFO sonic_yang: module: sonic-asic-sensors is loaded successfully
2025 Feb 11 02:33:09.247919 sonic INFO sonic_yang: module: sonic-auto_techsupport is loaded successfully
2025 Feb 11 02:33:09.248346 sonic INFO sonic_yang: module: sonic-banner is loaded successfully
2025 Feb 11 02:33:09.253023 sonic INFO sonic_yang: module: sonic-bgp-allowed-prefix is loaded successfully
2025 Feb 11 02:33:09.253414 sonic INFO sonic_yang: module: sonic-bgp-bbr is loaded successfully
2025 Feb 11 02:33:09.253620 sonic INFO sonic_yang: module: sonic-bgp-common is loaded successfully
2025 Feb 11 02:33:09.253992 sonic INFO sonic_yang: module: sonic-bgp-device-global is loaded successfully
2025 Feb 11 02:33:09.254926 sonic INFO sonic_yang: module: sonic-bgp-global is loaded successfully
2025 Feb 11 02:33:09.255397 sonic INFO sonic_yang: module: sonic-bgp-internal-neighbor is loaded successfully
2025 Feb 11 02:33:09.255787 sonic INFO sonic_yang: module: sonic-bgp-monitor is loaded successfully
2025 Feb 11 02:33:09.257805 sonic INFO sonic_yang: module: sonic-bgp-neighbor is loaded successfully
2025 Feb 11 02:33:09.257913 sonic INFO sonic_yang: module: sonic-bgp-peergroup is loaded successfully
2025 Feb 11 02:33:09.258314 sonic INFO sonic_yang: module: sonic-bgp-peerrange is loaded successfully
2025 Feb 11 02:33:09.258871 sonic INFO sonic_yang: module: sonic-bgp-sentinel is loaded successfully
2025 Feb 11 02:33:09.259129 sonic INFO sonic_yang: module: sonic-bgp-voq-chassis-neighbor is loaded successfully
2025 Feb 11 02:33:09.259533 sonic INFO sonic_yang: module: sonic-bmp is loaded successfully
2025 Feb 11 02:33:09.259907 sonic INFO sonic_yang: module: sonic-breakout_cfg is loaded successfully
2025 Feb 11 02:33:09.262023 sonic INFO sonic_yang: module: sonic-buffer-pg is loaded successfully
2025 Feb 11 02:33:09.262100 sonic INFO sonic_yang: module: sonic-buffer-pool is loaded successfully
2025 Feb 11 02:33:09.262514 sonic INFO sonic_yang: module: sonic-buffer-port-egress-profile-list is loaded successfully
2025 Feb 11 02:33:09.262881 sonic INFO sonic_yang: module: sonic-buffer-port-ingress-profile-list is loaded successfully
2025 Feb 11 02:33:09.262987 sonic INFO sonic_yang: module: sonic-buffer-profile is loaded successfully
2025 Feb 11 02:33:09.263481 sonic INFO sonic_yang: module: sonic-buffer-queue is loaded successfully
2025 Feb 11 02:33:09.263878 sonic INFO sonic_yang: module: sonic-cable-length is loaded successfully
2025 Feb 11 02:33:09.264248 sonic INFO sonic_yang: module: sonic-chassis-module is loaded successfully
2025 Feb 11 02:33:09.264680 sonic INFO sonic_yang: module: sonic-console is loaded successfully
2025 Feb 11 02:33:09.265223 sonic INFO sonic_yang: module: sonic-copp is loaded successfully
2025 Feb 11 02:33:09.267541 sonic INFO sonic_yang: module: sonic-crm is loaded successfully
2025 Feb 11 02:33:09.268428 sonic INFO sonic_yang: module: sonic-dash is loaded successfully
2025 Feb 11 02:33:09.268829 sonic INFO sonic_yang: module: sonic-default-lossless-buffer-parameter is loaded successfully
2025 Feb 11 02:33:09.268953 sonic INFO sonic_yang: module: sonic-device_metadata is loaded successfully
2025 Feb 11 02:33:09.269392 sonic INFO sonic_yang: module: sonic-device_neighbor is loaded successfully
2025 Feb 11 02:33:09.269826 sonic INFO sonic_yang: module: sonic-device_neighbor_metadata is loaded successfully
2025 Feb 11 02:33:09.271312 sonic INFO sonic_yang: module: sonic-dhcp-server-ipv4 is loaded successfully
2025 Feb 11 02:33:09.271709 sonic INFO sonic_yang: module: sonic-dhcp-server is loaded successfully
2025 Feb 11 02:33:09.272094 sonic INFO sonic_yang: module: sonic-dhcpv6-relay is loaded successfully
2025 Feb 11 02:33:09.272481 sonic INFO sonic_yang: module: sonic-dns is loaded successfully
2025 Feb 11 02:33:09.272863 sonic INFO sonic_yang: module: sonic-dot1p-tc-map is loaded successfully
2025 Feb 11 02:33:09.273241 sonic INFO sonic_yang: module: sonic-dscp-fc-map is loaded successfully
2025 Feb 11 02:33:09.273704 sonic INFO sonic_yang: module: sonic-dscp-tc-map is loaded successfully
2025 Feb 11 02:33:09.274901 sonic INFO sonic_yang: module: sonic-events-bgp is loaded successfully
2025 Feb 11 02:33:09.275010 sonic INFO sonic_yang: module: sonic-events-common is loaded successfully
2025 Feb 11 02:33:09.275453 sonic INFO sonic_yang: module: sonic-events-dhcp-relay is loaded successfully
2025 Feb 11 02:33:09.275966 sonic INFO sonic_yang: module: sonic-events-host is loaded successfully
2025 Feb 11 02:33:09.276496 sonic INFO sonic_yang: module: sonic-events-swss is loaded successfully
2025 Feb 11 02:33:09.276893 sonic INFO sonic_yang: module: sonic-events-syncd is loaded successfully
2025 Feb 11 02:33:09.277285 sonic INFO sonic_yang: module: sonic-exp-fc-map is loaded successfully
2025 Feb 11 02:33:09.277401 sonic INFO sonic_yang: module: sonic-extension is loaded successfully
2025 Feb 11 02:33:09.277902 sonic INFO sonic_yang: module: sonic-fabric-monitor is loaded successfully
2025 Feb 11 02:33:09.278310 sonic INFO sonic_yang: module: sonic-fabric-port is loaded successfully
2025 Feb 11 02:33:09.278748 sonic INFO sonic_yang: module: sonic-feature is loaded successfully
2025 Feb 11 02:33:09.279223 sonic INFO sonic_yang: module: sonic-fine-grained-ecmp is loaded successfully
2025 Feb 11 02:33:09.279619 sonic INFO sonic_yang: module: sonic-fips is loaded successfully
2025 Feb 11 02:33:09.280226 sonic INFO sonic_yang: module: sonic-flex_counter is loaded successfully
2025 Feb 11 02:33:09.280678 sonic INFO sonic_yang: module: sonic-gnmi is loaded successfully
2025 Feb 11 02:33:09.281059 sonic INFO sonic_yang: module: sonic-grpcclient is loaded successfully
2025 Feb 11 02:33:09.281551 sonic INFO sonic_yang: module: sonic-hash is loaded successfully
2025 Feb 11 02:33:09.282031 sonic INFO sonic_yang: module: sonic-interface is loaded successfully
2025 Feb 11 02:33:09.282441 sonic INFO sonic_yang: module: sonic-kdump is loaded successfully
2025 Feb 11 02:33:09.282823 sonic INFO sonic_yang: module: sonic-kubernetes_master is loaded successfully
2025 Feb 11 02:33:09.283261 sonic INFO sonic_yang: module: sonic-lldp is loaded successfully
2025 Feb 11 02:33:09.283682 sonic INFO sonic_yang: module: sonic-logger is loaded successfully
2025 Feb 11 02:33:09.283792 sonic INFO sonic_yang: module: sonic-loopback-interface is loaded successfully
2025 Feb 11 02:33:09.284179 sonic INFO sonic_yang: module: sonic-lossless-traffic-pattern is loaded successfully
2025 Feb 11 02:33:09.284299 sonic INFO sonic_yang: module: sonic-macsec is loaded successfully
2025 Feb 11 02:33:09.284816 sonic INFO sonic_yang: module: sonic-mclag is loaded successfully
2025 Feb 11 02:33:09.285197 sonic INFO sonic_yang: module: sonic-memory-statistics is loaded successfully
2025 Feb 11 02:33:09.286500 sonic INFO sonic_yang: module: sonic-mgmt_interface is loaded successfully
2025 Feb 11 02:33:09.286600 sonic INFO sonic_yang: module: sonic-mgmt_port is loaded successfully
2025 Feb 11 02:33:09.286963 sonic INFO sonic_yang: module: sonic-mgmt_vrf is loaded successfully
2025 Feb 11 02:33:09.287067 sonic INFO sonic_yang: module: sonic-mirror-session is loaded successfully
2025 Feb 11 02:33:09.287582 sonic INFO sonic_yang: module: sonic-mpls-tc-map is loaded successfully
2025 Feb 11 02:33:09.287990 sonic INFO sonic_yang: module: sonic-mux-cable is loaded successfully
2025 Feb 11 02:33:09.288440 sonic INFO sonic_yang: module: sonic-mux-linkmgr is loaded successfully
2025 Feb 11 02:33:09.289055 sonic INFO sonic_yang: module: sonic-nat is loaded successfully
2025 Feb 11 02:33:09.289462 sonic INFO sonic_yang: module: sonic-neigh is loaded successfully
2025 Feb 11 02:33:09.290586 sonic INFO sonic_yang: module: sonic-ntp is loaded successfully
2025 Feb 11 02:33:09.290993 sonic INFO sonic_yang: module: sonic-nvgre-tunnel is loaded successfully
2025 Feb 11 02:33:09.291429 sonic INFO sonic_yang: module: sonic-passwh is loaded successfully
2025 Feb 11 02:33:09.292084 sonic INFO sonic_yang: module: sonic-pbh is loaded successfully
2025 Feb 11 02:33:09.292491 sonic INFO sonic_yang: module: sonic-peer-switch is loaded successfully
2025 Feb 11 02:33:09.293291 sonic INFO sonic_yang: module: sonic-pfc-priority-priority-group-map is loaded successfully
2025 Feb 11 02:33:09.293737 sonic INFO sonic_yang: module: sonic-pfc-priority-queue-map is loaded successfully
2025 Feb 11 02:33:09.294196 sonic INFO sonic_yang: module: sonic-pfcwd is loaded successfully
2025 Feb 11 02:33:09.294299 sonic INFO sonic_yang: module: sonic-policer is loaded successfully
2025 Feb 11 02:33:09.299002 sonic INFO sonic_yang: module: sonic-port-qos-map is loaded successfully
2025 Feb 11 02:33:09.299110 sonic INFO sonic_yang: module: sonic-port is loaded successfully
2025 Feb 11 02:33:09.299226 sonic INFO sonic_yang: module: sonic-portchannel is loaded successfully
2025 Feb 11 02:33:09.300661 sonic INFO sonic_yang: module: sonic-queue is loaded successfully
2025 Feb 11 02:33:09.301079 sonic INFO sonic_yang: module: sonic-restapi is loaded successfully
2025 Feb 11 02:33:09.301564 sonic INFO sonic_yang: module: sonic-route-common is loaded successfully
2025 Feb 11 02:33:09.301668 sonic INFO sonic_yang: module: sonic-route-map is loaded successfully
2025 Feb 11 02:33:09.301756 sonic INFO sonic_yang: module: sonic-routing-policy-sets is loaded successfully
2025 Feb 11 02:33:09.301835 sonic INFO sonic_yang: module: sonic-scheduler is loaded successfully
2025 Feb 11 02:33:09.302219 sonic INFO sonic_yang: module: sonic-serial-console is loaded successfully
2025 Feb 11 02:33:09.302813 sonic INFO sonic_yang: module: sonic-sflow is loaded successfully
2025 Feb 11 02:33:09.302931 sonic INFO sonic_yang: module: sonic-smart-switch is loaded successfully
2025 Feb 11 02:33:09.303571 sonic INFO sonic_yang: module: sonic-snmp is loaded successfully
2025 Feb 11 02:33:09.304066 sonic INFO sonic_yang: module: sonic-srv6 is loaded successfully
2025 Feb 11 02:33:09.304513 sonic INFO sonic_yang: module: sonic-ssh-server is loaded successfully
2025 Feb 11 02:33:09.305023 sonic INFO sonic_yang: module: sonic-static-route is loaded successfully
2025 Feb 11 02:33:09.305408 sonic INFO sonic_yang: module: sonic-storm-control is loaded successfully
2025 Feb 11 02:33:09.305843 sonic INFO sonic_yang: module: sonic-subnet-decap is loaded successfully
2025 Feb 11 02:33:09.306217 sonic INFO sonic_yang: module: sonic-suppress-asic-sdk-health-event is loaded successfully
2025 Feb 11 02:33:09.307285 sonic INFO sonic_yang: module: sonic-syslog is loaded successfully
2025 Feb 11 02:33:09.309083 sonic INFO sonic_yang: module: sonic-system-aaa is loaded successfully
2025 Feb 11 02:33:09.309465 sonic INFO sonic_yang: module: sonic-system-defaults is loaded successfully
2025 Feb 11 02:33:09.310032 sonic INFO sonic_yang: module: sonic-system-ldap is loaded successfully
2025 Feb 11 02:33:09.310464 sonic INFO sonic_yang: module: sonic-system-port is loaded successfully
2025 Feb 11 02:33:09.311001 sonic INFO sonic_yang: module: sonic-system-radius is loaded successfully
2025 Feb 11 02:33:09.311116 sonic INFO sonic_yang: module: sonic-system-tacacs is loaded successfully
2025 Feb 11 02:33:09.311536 sonic INFO sonic_yang: module: sonic-tc-dscp-map is loaded successfully
2025 Feb 11 02:33:09.311639 sonic INFO sonic_yang: module: sonic-tc-priority-group-map is loaded successfully
2025 Feb 11 02:33:09.311732 sonic INFO sonic_yang: module: sonic-tc-queue-map is loaded successfully
2025 Feb 11 02:33:09.312144 sonic INFO sonic_yang: module: sonic-telemetry is loaded successfully
2025 Feb 11 02:33:09.312645 sonic INFO sonic_yang: module: sonic-telemetry_client is loaded successfully
2025 Feb 11 02:33:09.313605 sonic INFO sonic_yang: module: sonic-tunnel is loaded successfully
2025 Feb 11 02:33:09.313709 sonic INFO sonic_yang: module: sonic-types is loaded successfully
2025 Feb 11 02:33:09.314076 sonic INFO sonic_yang: module: sonic-versions is loaded successfully
2025 Feb 11 02:33:09.314635 sonic INFO sonic_yang: module: sonic-vlan-sub-interface is loaded successfully
2025 Feb 11 02:33:09.315356 sonic INFO sonic_yang: module: sonic-vlan is loaded successfully
2025 Feb 11 02:33:09.316623 sonic INFO sonic_yang: module: sonic-vnet is loaded successfully
2025 Feb 11 02:33:09.317023 sonic INFO sonic_yang: module: sonic-voq-inband-interface is loaded successfully
2025 Feb 11 02:33:09.317127 sonic INFO sonic_yang: module: sonic-vrf is loaded successfully
2025 Feb 11 02:33:09.317225 sonic INFO sonic_yang: module: sonic-vxlan is loaded successfully
2025 Feb 11 02:33:09.317829 sonic INFO sonic_yang: module: sonic-warm-restart is loaded successfully
2025 Feb 11 02:33:09.317931 sonic INFO sonic_yang: module: sonic-wred-profile is loaded successfully
2025 Feb 11 02:33:09.318297 sonic INFO sonic_yang: module: sonic-xcvrd-log is loaded successfully
2025 Feb 11 02:33:09.319995 sonic INFO sonic_yang: Parsed Json for sonic-acl
2025 Feb 11 02:33:09.320303 sonic INFO sonic_yang: Parsed Json for sonic-asic-sensors
2025 Feb 11 02:33:09.320834 sonic INFO sonic_yang: Parsed Json for sonic-auto_techsupport
2025 Feb 11 02:33:09.321138 sonic INFO sonic_yang: Parsed Json for sonic-banner
2025 Feb 11 02:33:09.322667 sonic INFO sonic_yang: Parsed Json for sonic-bgp-allowed-prefix
2025 Feb 11 02:33:09.325017 sonic INFO sonic_yang: Parsed Json for sonic-bgp-bbr
2025 Feb 11 02:33:09.327784 sonic INFO sonic_yang: Parsed Json for sonic-bgp-common
2025 Feb 11 02:33:09.328206 sonic INFO sonic_yang: Parsed Json for sonic-bgp-device-global
2025 Feb 11 02:33:09.330469 sonic INFO sonic_yang: Parsed Json for sonic-bgp-global
2025 Feb 11 02:33:09.330857 sonic INFO sonic_yang: Parsed Json for sonic-bgp-internal-neighbor
2025 Feb 11 02:33:09.331216 sonic INFO sonic_yang: Parsed Json for sonic-bgp-monitor
2025 Feb 11 02:33:09.331864 sonic INFO sonic_yang: Parsed Json for sonic-bgp-neighbor
2025 Feb 11 02:33:09.332358 sonic INFO sonic_yang: Parsed Json for sonic-bgp-peergroup
2025 Feb 11 02:33:09.332692 sonic INFO sonic_yang: Parsed Json for sonic-bgp-peerrange
2025 Feb 11 02:33:09.333000 sonic INFO sonic_yang: Parsed Json for sonic-bgp-sentinel
2025 Feb 11 02:33:09.333390 sonic INFO sonic_yang: Parsed Json for sonic-bgp-voq-chassis-neighbor
2025 Feb 11 02:33:09.333795 sonic INFO sonic_yang: Parsed Json for sonic-bmp
2025 Feb 11 02:33:09.334031 sonic INFO sonic_yang: Parsed Json for sonic-breakout_cfg
2025 Feb 11 02:33:09.334412 sonic INFO sonic_yang: Parsed Json for sonic-buffer-pg
2025 Feb 11 02:33:09.334826 sonic INFO sonic_yang: Parsed Json for sonic-buffer-pool
2025 Feb 11 02:33:09.335082 sonic INFO sonic_yang: Parsed Json for sonic-buffer-port-egress-profile-list
2025 Feb 11 02:33:09.335393 sonic INFO sonic_yang: Parsed Json for sonic-buffer-port-ingress-profile-list
2025 Feb 11 02:33:09.335824 sonic INFO sonic_yang: Parsed Json for sonic-buffer-profile
2025 Feb 11 02:33:09.336374 sonic INFO sonic_yang: Parsed Json for sonic-buffer-queue
2025 Feb 11 02:33:09.336694 sonic INFO sonic_yang: Parsed Json for sonic-cable-length
2025 Feb 11 02:33:09.336931 sonic INFO sonic_yang: Parsed Json for sonic-chassis-module
2025 Feb 11 02:33:09.337322 sonic INFO sonic_yang: Parsed Json for sonic-console
2025 Feb 11 02:33:09.338309 sonic INFO sonic_yang: Parsed Json for sonic-copp
2025 Feb 11 02:33:09.342064 sonic INFO sonic_yang: Parsed Json for sonic-crm
2025 Feb 11 02:33:09.343942 sonic INFO sonic_yang: Parsed Json for sonic-dash
2025 Feb 11 02:33:09.344290 sonic INFO sonic_yang: Parsed Json for sonic-default-lossless-buffer-parameter
2025 Feb 11 02:33:09.345522 sonic INFO sonic_yang: Parsed Json for sonic-device_metadata
2025 Feb 11 02:33:09.345913 sonic INFO sonic_yang: Parsed Json for sonic-device_neighbor
2025 Feb 11 02:33:09.346369 sonic INFO sonic_yang: Parsed Json for sonic-device_neighbor_metadata
2025 Feb 11 02:33:09.347447 sonic INFO sonic_yang: Parsed Json for sonic-dhcp-server-ipv4
2025 Feb 11 02:33:09.347704 sonic INFO sonic_yang: Parsed Json for sonic-dhcp-server
2025 Feb 11 02:33:09.347988 sonic INFO sonic_yang: Parsed Json for sonic-dhcpv6-relay
2025 Feb 11 02:33:09.348245 sonic INFO sonic_yang: Parsed Json for sonic-dns
2025 Feb 11 02:33:09.348595 sonic INFO sonic_yang: Parsed Json for sonic-dot1p-tc-map
2025 Feb 11 02:33:09.348902 sonic INFO sonic_yang: Parsed Json for sonic-dscp-fc-map
2025 Feb 11 02:33:09.349308 sonic INFO sonic_yang: Parsed Json for sonic-dscp-tc-map
2025 Feb 11 02:33:09.349794 sonic INFO sonic_yang: Parsed Json for sonic-events-bgp
2025 Feb 11 02:33:09.350166 sonic INFO sonic_yang: Parsed Json for sonic-events-common
2025 Feb 11 02:33:09.350620 sonic INFO sonic_yang: Parsed Json for sonic-events-dhcp-relay
2025 Feb 11 02:33:09.351553 sonic INFO sonic_yang: Parsed Json for sonic-events-host
2025 Feb 11 02:33:09.352344 sonic INFO sonic_yang: Parsed Json for sonic-events-swss
2025 Feb 11 02:33:09.352691 sonic INFO sonic_yang: Parsed Json for sonic-events-syncd
2025 Feb 11 02:33:09.353002 sonic INFO sonic_yang: Parsed Json for sonic-exp-fc-map
2025 Feb 11 02:33:09.353152 sonic INFO sonic_yang: Parsed Json for sonic-extension
2025 Feb 11 02:33:09.354410 sonic INFO sonic_yang: Parsed Json for sonic-fabric-monitor
2025 Feb 11 02:33:09.356007 sonic INFO sonic_yang: Parsed Json for sonic-fabric-port
2025 Feb 11 02:33:09.356588 sonic INFO sonic_yang: Parsed Json for sonic-feature
2025 Feb 11 02:33:09.357471 sonic INFO sonic_yang: Parsed Json for sonic-fine-grained-ecmp
2025 Feb 11 02:33:09.357775 sonic INFO sonic_yang: Parsed Json for sonic-fips
2025 Feb 11 02:33:09.358948 sonic INFO sonic_yang: Parsed Json for sonic-flex_counter
2025 Feb 11 02:33:09.359515 sonic INFO sonic_yang: Parsed Json for sonic-gnmi
2025 Feb 11 02:33:09.359883 sonic INFO sonic_yang: Parsed Json for sonic-grpcclient
2025 Feb 11 02:33:09.360288 sonic INFO sonic_yang: Parsed Json for sonic-hash
2025 Feb 11 02:33:09.360875 sonic INFO sonic_yang: Parsed Json for sonic-interface
2025 Feb 11 02:33:09.361161 sonic INFO sonic_yang: Parsed Json for sonic-kdump
2025 Feb 11 02:33:09.361519 sonic INFO sonic_yang: Parsed Json for sonic-kubernetes_master
2025 Feb 11 02:33:09.362544 sonic INFO sonic_yang: Parsed Json for sonic-lldp
2025 Feb 11 02:33:09.364168 sonic INFO sonic_yang: Parsed Json for sonic-logger
2025 Feb 11 02:33:09.364785 sonic INFO sonic_yang: Parsed Json for sonic-loopback-interface
2025 Feb 11 02:33:09.365186 sonic INFO sonic_yang: Parsed Json for sonic-lossless-traffic-pattern
2025 Feb 11 02:33:09.365724 sonic INFO sonic_yang: Parsed Json for sonic-macsec
2025 Feb 11 02:33:09.366539 sonic INFO sonic_yang: Parsed Json for sonic-mclag
2025 Feb 11 02:33:09.366833 sonic INFO sonic_yang: Parsed Json for sonic-memory-statistics
2025 Feb 11 02:33:09.367164 sonic INFO sonic_yang: Parsed Json for sonic-mgmt_interface
2025 Feb 11 02:33:09.367490 sonic INFO sonic_yang: Parsed Json for sonic-mgmt_port
2025 Feb 11 02:33:09.367650 sonic INFO sonic_yang: Parsed Json for sonic-mgmt_vrf
2025 Feb 11 02:33:09.368494 sonic INFO sonic_yang: Parsed Json for sonic-mirror-session
2025 Feb 11 02:33:09.368849 sonic INFO sonic_yang: Parsed Json for sonic-mpls-tc-map
2025 Feb 11 02:33:09.369288 sonic INFO sonic_yang: Parsed Json for sonic-mux-cable
2025 Feb 11 02:33:09.369906 sonic INFO sonic_yang: Parsed Json for sonic-mux-linkmgr
2025 Feb 11 02:33:09.372844 sonic INFO sonic_yang: Parsed Json for sonic-nat
2025 Feb 11 02:33:09.373161 sonic INFO sonic_yang: Parsed Json for sonic-neigh
2025 Feb 11 02:33:09.374317 sonic INFO sonic_yang: Parsed Json for sonic-ntp
2025 Feb 11 02:33:09.375770 sonic INFO sonic_yang: Parsed Json for sonic-nvgre-tunnel
2025 Feb 11 02:33:09.376676 sonic INFO sonic_yang: Parsed Json for sonic-passwh
2025 Feb 11 02:33:09.379895 sonic INFO sonic_yang: Parsed Json for sonic-pbh
2025 Feb 11 02:33:09.380548 sonic INFO sonic_yang: Parsed Json for sonic-peer-switch
2025 Feb 11 02:33:09.380920 sonic INFO sonic_yang: Parsed Json for sonic-pfc-priority-priority-group-map
2025 Feb 11 02:33:09.381242 sonic INFO sonic_yang: Parsed Json for sonic-pfc-priority-queue-map
2025 Feb 11 02:33:09.381871 sonic INFO sonic_yang: Parsed Json for sonic-pfcwd
2025 Feb 11 02:33:09.382662 sonic INFO sonic_yang: Parsed Json for sonic-policer
2025 Feb 11 02:33:09.383223 sonic INFO sonic_yang: Parsed Json for sonic-port-qos-map
2025 Feb 11 02:33:09.384233 sonic INFO sonic_yang: Parsed Json for sonic-port
2025 Feb 11 02:33:09.385091 sonic INFO sonic_yang: Parsed Json for sonic-portchannel
2025 Feb 11 02:33:09.385804 sonic INFO sonic_yang: Parsed Json for sonic-queue
2025 Feb 11 02:33:09.386210 sonic INFO sonic_yang: Parsed Json for sonic-restapi
2025 Feb 11 02:33:09.386616 sonic INFO sonic_yang: Parsed Json for sonic-route-common
2025 Feb 11 02:33:09.388212 sonic INFO sonic_yang: Parsed Json for sonic-route-map
2025 Feb 11 02:33:09.389098 sonic INFO sonic_yang: Parsed Json for sonic-routing-policy-sets
2025 Feb 11 02:33:09.389794 sonic INFO sonic_yang: Parsed Json for sonic-scheduler
2025 Feb 11 02:33:09.390040 sonic INFO sonic_yang: Parsed Json for sonic-serial-console
2025 Feb 11 02:33:09.390893 sonic INFO sonic_yang: Parsed Json for sonic-sflow
2025 Feb 11 02:33:09.391518 sonic INFO sonic_yang: Parsed Json for sonic-smart-switch
2025 Feb 11 02:33:09.392528 sonic INFO sonic_yang: Parsed Json for sonic-snmp
2025 Feb 11 02:33:09.393084 sonic INFO sonic_yang: Parsed Json for sonic-srv6
2025 Feb 11 02:33:09.393555 sonic INFO sonic_yang: Parsed Json for sonic-ssh-server
2025 Feb 11 02:33:09.394248 sonic INFO sonic_yang: Parsed Json for sonic-static-route
2025 Feb 11 02:33:09.394574 sonic INFO sonic_yang: Parsed Json for sonic-storm-control
2025 Feb 11 02:33:09.394879 sonic INFO sonic_yang: Parsed Json for sonic-subnet-decap
2025 Feb 11 02:33:09.395166 sonic INFO sonic_yang: Parsed Json for sonic-suppress-asic-sdk-health-event
2025 Feb 11 02:33:09.396086 sonic INFO sonic_yang: Parsed Json for sonic-syslog
2025 Feb 11 02:33:09.396537 sonic INFO sonic_yang: Parsed Json for sonic-system-aaa
2025 Feb 11 02:33:09.396754 sonic INFO sonic_yang: Parsed Json for sonic-system-defaults
2025 Feb 11 02:33:09.397253 sonic INFO sonic_yang: Parsed Json for sonic-system-ldap
2025 Feb 11 02:33:09.397699 sonic INFO sonic_yang: Parsed Json for sonic-system-port
2025 Feb 11 02:33:09.398597 sonic INFO sonic_yang: Parsed Json for sonic-system-radius
2025 Feb 11 02:33:09.399427 sonic INFO sonic_yang: Parsed Json for sonic-system-tacacs
2025 Feb 11 02:33:09.400760 sonic INFO sonic_yang: Parsed Json for sonic-tc-dscp-map
2025 Feb 11 02:33:09.401956 sonic INFO sonic_yang: Parsed Json for sonic-tc-priority-group-map
2025 Feb 11 02:33:09.402303 sonic INFO sonic_yang: Parsed Json for sonic-tc-queue-map
2025 Feb 11 02:33:09.402760 sonic INFO sonic_yang: Parsed Json for sonic-telemetry
2025 Feb 11 02:33:09.403393 sonic INFO sonic_yang: Parsed Json for sonic-telemetry_client
2025 Feb 11 02:33:09.403944 sonic INFO sonic_yang: Parsed Json for sonic-tunnel
2025 Feb 11 02:33:09.405653 sonic INFO sonic_yang: Parsed Json for sonic-types
2025 Feb 11 02:33:09.405857 sonic INFO sonic_yang: Parsed Json for sonic-versions
2025 Feb 11 02:33:09.406378 sonic INFO sonic_yang: Parsed Json for sonic-vlan-sub-interface
2025 Feb 11 02:33:09.407682 sonic INFO sonic_yang: Parsed Json for sonic-vlan
2025 Feb 11 02:33:09.408196 sonic INFO sonic_yang: Parsed Json for sonic-vnet
2025 Feb 11 02:33:09.408545 sonic INFO sonic_yang: Parsed Json for sonic-voq-inband-interface
2025 Feb 11 02:33:09.408850 sonic INFO sonic_yang: Parsed Json for sonic-vrf
2025 Feb 11 02:33:09.409336 sonic INFO sonic_yang: Parsed Json for sonic-vxlan
2025 Feb 11 02:33:09.409893 sonic INFO sonic_yang: Parsed Json for sonic-warm-restart
2025 Feb 11 02:33:09.410813 sonic INFO sonic_yang: Parsed Json for sonic-wred-profile
2025 Feb 11 02:33:09.411032 sonic INFO sonic_yang: Parsed Json for sonic-xcvrd-log
2025 Feb 11 02:33:09.414804 sonic ERR sonic_yang: Data Loading Failed:'NoneType' object has no attribute 'keys'
2025 Feb 11 02:33:28.310662 sonic INFO systemd[1]: Started featured.service - Feature configuration daemon.
2025 Feb 11 02:33:28.453633 sonic INFO featured: ConfigDB connect success
2025 Feb 11 02:33:28.457564 sonic INFO featured[7634]: Traceback (most recent call last):
2025 Feb 11 02:33:28.457625 sonic INFO featured[7634]:   File "/usr/local/bin/featured", line 598, in <module>
2025 Feb 11 02:33:28.457817 sonic INFO featured[7634]:     main()
2025 Feb 11 02:33:28.457857 sonic INFO featured[7634]:   File "/usr/local/bin/featured", line 591, in main
2025 Feb 11 02:33:28.457985 sonic INFO featured[7634]:     daemon = FeatureDaemon()
2025 Feb 11 02:33:28.458017 sonic INFO featured[7634]:              ^^^^^^^^^^^^^^^
2025 Feb 11 02:33:28.458040 sonic INFO featured[7634]:   File "/usr/local/bin/featured", line 529, in __init__
2025 Feb 11 02:33:28.458101 sonic INFO featured[7634]:     self.feature_handler = FeatureHandler(self.config_db, feature_state_table, self.device_config, self.advanced_boot)
2025 Feb 11 02:33:28.458150 sonic INFO featured[7634]:                            ^^^^^^^^^^^^^^^^^^^^^^^^^^^^^^^^^^^^^^^^^^^^^^^^^^^^^^^^^^^^^^^^^^^^^^^^^^^^^^^^^^^^^^^^^^^
2025 Feb 11 02:33:28.458184 sonic INFO featured[7634]:   File "/usr/local/bin/featured", line 136, in __init__
2025 Feb 11 02:33:28.458216 sonic INFO featured[7634]:     self._device_running_config = device_info.get_device_runtime_metadata()
2025 Feb 11 02:33:28.458264 sonic INFO featured[7634]:                                   ^^^^^^^^^^^^^^^^^^^^^^^^^^^^^^^^^^^^^^^^^
2025 Feb 11 02:33:28.458289 sonic INFO featured[7634]:   File "/usr/local/lib/python3.11/dist-packages/sonic_py_common/device_info.py", line 680, in get_device_runtime_metadata
2025 Feb 11 02:33:28.458395 sonic INFO featured[7634]:     port_metadata = {'ETHERNET_PORTS_PRESENT': True if get_path_to_port_config_file(hwsku=None, asic="0" if is_multi_npu() else None) else False}
2025 Feb 11 02:33:28.458435 sonic INFO featured[7634]:                                                        ^^^^^^^^^^^^^^^^^^^^^^^^^^^^^^^^^^^^^^^^^^^^^^^^^^^^^^^^^^^^^^^^^^^^^^^^^^^^^^
2025 Feb 11 02:33:28.458452 sonic INFO featured[7634]:   File "/usr/local/lib/python3.11/dist-packages/sonic_py_common/device_info.py", line 446, in get_path_to_port_config_file
2025 Feb 11 02:33:28.458515 sonic INFO featured[7634]:     (platform_path, hwsku_path) = get_paths_to_platform_and_hwsku_dirs()
2025 Feb 11 02:33:28.458547 sonic INFO featured[7634]:                                   ^^^^^^^^^^^^^^^^^^^^^^^^^^^^^^^^^^^^^^
2025 Feb 11 02:33:28.458572 sonic INFO featured[7634]:   File "/usr/local/lib/python3.11/dist-packages/sonic_py_common/device_info.py", line 412, in get_paths_to_platform_and_hwsku_dirs
2025 Feb 11 02:33:28.458621 sonic INFO featured[7634]:     hwsku_path = os.path.join(platform_path, hwsku)
2025 Feb 11 02:33:28.458655 sonic INFO featured[7634]:                  ^^^^^^^^^^^^^^^^^^^^^^^^^^^^^^^^^^
2025 Feb 11 02:33:28.458680 sonic INFO featured[7634]:   File "<frozen posixpath>", line 90, in join
2025 Feb 11 02:33:28.458704 sonic INFO featured[7634]:   File "<frozen genericpath>", line 152, in _check_arg_types
2025 Feb 11 02:33:28.458728 sonic INFO featured[7634]: TypeError: join() argument must be str, bytes, or os.PathLike object, not 'NoneType'
2025 Feb 11 02:33:28.478195 sonic NOTICE systemd[1]: featured.service: Main process exited, code=exited, status=1/FAILURE
2025 Feb 11 02:33:28.478353 sonic WARNING systemd[1]: featured.service: Failed with result 'exit-code'.
2025 Feb 11 02:33:28.498783 sonic INFO systemd[1]: Started featured.service - Feature configuration daemon.
2025 Feb 11 02:33:28.633462 sonic INFO featured: ConfigDB connect success
2025 Feb 11 02:33:28.637514 sonic INFO featured[7635]: Traceback (most recent call last):
2025 Feb 11 02:33:28.637555 sonic INFO featured[7635]:   File "/usr/local/bin/featured", line 598, in <module>
2025 Feb 11 02:33:28.637773 sonic INFO featured[7635]:     main()
2025 Feb 11 02:33:28.637818 sonic INFO featured[7635]:   File "/usr/local/bin/featured", line 591, in main
2025 Feb 11 02:33:28.637992 sonic INFO featured[7635]:     daemon = FeatureDaemon()
2025 Feb 11 02:33:28.638032 sonic INFO featured[7635]:              ^^^^^^^^^^^^^^^
2025 Feb 11 02:33:28.638048 sonic INFO featured[7635]:   File "/usr/local/bin/featured", line 529, in __init__
2025 Feb 11 02:33:28.638201 sonic INFO featured[7635]:     self.feature_handler = FeatureHandler(self.config_db, feature_state_table, self.device_config, self.advanced_boot)
2025 Feb 11 02:33:28.638259 sonic INFO featured[7635]:                            ^^^^^^^^^^^^^^^^^^^^^^^^^^^^^^^^^^^^^^^^^^^^^^^^^^^^^^^^^^^^^^^^^^^^^^^^^^^^^^^^^^^^^^^^^^^
2025 Feb 11 02:33:28.638279 sonic INFO featured[7635]:   File "/usr/local/bin/featured", line 136, in __init__
2025 Feb 11 02:33:28.638391 sonic INFO featured[7635]:     self._device_running_config = device_info.get_device_runtime_metadata()
2025 Feb 11 02:33:28.638427 sonic INFO featured[7635]:                                   ^^^^^^^^^^^^^^^^^^^^^^^^^^^^^^^^^^^^^^^^^
2025 Feb 11 02:33:28.638443 sonic INFO featured[7635]:   File "/usr/local/lib/python3.11/dist-packages/sonic_py_common/device_info.py", line 680, in get_device_runtime_metadata
2025 Feb 11 02:33:28.638610 sonic INFO featured[7635]:     port_metadata = {'ETHERNET_PORTS_PRESENT': True if get_path_to_port_config_file(hwsku=None, asic="0" if is_multi_npu() else None) else False}
2025 Feb 11 02:33:28.638664 sonic INFO featured[7635]:                                                        ^^^^^^^^^^^^^^^^^^^^^^^^^^^^^^^^^^^^^^^^^^^^^^^^^^^^^^^^^^^^^^^^^^^^^^^^^^^^^^
2025 Feb 11 02:33:28.638688 sonic INFO featured[7635]:   File "/usr/local/lib/python3.11/dist-packages/sonic_py_common/device_info.py", line 446, in get_path_to_port_config_file
2025 Feb 11 02:33:28.638820 sonic INFO featured[7635]:     (platform_path, hwsku_path) = get_paths_to_platform_and_hwsku_dirs()
2025 Feb 11 02:33:28.638855 sonic INFO featured[7635]:                                   ^^^^^^^^^^^^^^^^^^^^^^^^^^^^^^^^^^^^^^
2025 Feb 11 02:33:28.638877 sonic INFO featured[7635]:   File "/usr/local/lib/python3.11/dist-packages/sonic_py_common/device_info.py", line 412, in get_paths_to_platform_and_hwsku_dirs
2025 Feb 11 02:33:28.638999 sonic INFO featured[7635]:     hwsku_path = os.path.join(platform_path, hwsku)
2025 Feb 11 02:33:28.639036 sonic INFO featured[7635]:                  ^^^^^^^^^^^^^^^^^^^^^^^^^^^^^^^^^^
2025 Feb 11 02:33:28.639059 sonic INFO featured[7635]:   File "<frozen posixpath>", line 90, in join
2025 Feb 11 02:33:28.639089 sonic INFO featured[7635]:   File "<frozen genericpath>", line 152, in _check_arg_types
2025 Feb 11 02:33:28.639106 sonic INFO featured[7635]: TypeError: join() argument must be str, bytes, or os.PathLike object, not 'NoneType'
2025 Feb 11 02:33:28.657866 sonic NOTICE systemd[1]: featured.service: Main process exited, code=exited, status=1/FAILURE
2025 Feb 11 02:33:28.658004 sonic WARNING systemd[1]: featured.service: Failed with result 'exit-code'.
2025 Feb 11 02:33:28.689585 sonic INFO systemd[1]: Started featured.service - Feature configuration daemon.
2025 Feb 11 02:33:28.832313 sonic INFO featured: ConfigDB connect success
2025 Feb 11 02:33:28.836313 sonic INFO featured[7637]: Traceback (most recent call last):
2025 Feb 11 02:33:28.836371 sonic INFO featured[7637]:   File "/usr/local/bin/featured", line 598, in <module>
2025 Feb 11 02:33:28.836500 sonic INFO featured[7637]:     main()
2025 Feb 11 02:33:28.836539 sonic INFO featured[7637]:   File "/usr/local/bin/featured", line 591, in main
2025 Feb 11 02:33:28.836659 sonic INFO featured[7637]:     daemon = FeatureDaemon()
2025 Feb 11 02:33:28.836699 sonic INFO featured[7637]:              ^^^^^^^^^^^^^^^
2025 Feb 11 02:33:28.836715 sonic INFO featured[7637]:   File "/usr/local/bin/featured", line 529, in __init__
2025 Feb 11 02:33:28.836800 sonic INFO featured[7637]:     self.feature_handler = FeatureHandler(self.config_db, feature_state_table, self.device_config, self.advanced_boot)
2025 Feb 11 02:33:28.836860 sonic INFO featured[7637]:                            ^^^^^^^^^^^^^^^^^^^^^^^^^^^^^^^^^^^^^^^^^^^^^^^^^^^^^^^^^^^^^^^^^^^^^^^^^^^^^^^^^^^^^^^^^^^
2025 Feb 11 02:33:28.836887 sonic INFO featured[7637]:   File "/usr/local/bin/featured", line 136, in __init__
2025 Feb 11 02:33:28.836918 sonic INFO featured[7637]:     self._device_running_config = device_info.get_device_runtime_metadata()
2025 Feb 11 02:33:28.836944 sonic INFO featured[7637]:                                   ^^^^^^^^^^^^^^^^^^^^^^^^^^^^^^^^^^^^^^^^^
2025 Feb 11 02:33:28.836961 sonic INFO featured[7637]:   File "/usr/local/lib/python3.11/dist-packages/sonic_py_common/device_info.py", line 680, in get_device_runtime_metadata
2025 Feb 11 02:33:28.837024 sonic INFO featured[7637]:     port_metadata = {'ETHERNET_PORTS_PRESENT': True if get_path_to_port_config_file(hwsku=None, asic="0" if is_multi_npu() else None) else False}
2025 Feb 11 02:33:28.837076 sonic INFO featured[7637]:                                                        ^^^^^^^^^^^^^^^^^^^^^^^^^^^^^^^^^^^^^^^^^^^^^^^^^^^^^^^^^^^^^^^^^^^^^^^^^^^^^^
2025 Feb 11 02:33:28.837102 sonic INFO featured[7637]:   File "/usr/local/lib/python3.11/dist-packages/sonic_py_common/device_info.py", line 446, in get_path_to_port_config_file
2025 Feb 11 02:33:28.837170 sonic INFO featured[7637]:     (platform_path, hwsku_path) = get_paths_to_platform_and_hwsku_dirs()
2025 Feb 11 02:33:28.837201 sonic INFO featured[7637]:                                   ^^^^^^^^^^^^^^^^^^^^^^^^^^^^^^^^^^^^^^
2025 Feb 11 02:33:28.837218 sonic INFO featured[7637]:   File "/usr/local/lib/python3.11/dist-packages/sonic_py_common/device_info.py", line 412, in get_paths_to_platform_and_hwsku_dirs
2025 Feb 11 02:33:28.837323 sonic INFO featured[7637]:     hwsku_path = os.path.join(platform_path, hwsku)
2025 Feb 11 02:33:28.837366 sonic INFO featured[7637]:                  ^^^^^^^^^^^^^^^^^^^^^^^^^^^^^^^^^^
2025 Feb 11 02:33:28.837382 sonic INFO featured[7637]:   File "<frozen posixpath>", line 90, in join
2025 Feb 11 02:33:28.837398 sonic INFO featured[7637]:   File "<frozen genericpath>", line 152, in _check_arg_types
2025 Feb 11 02:33:28.837414 sonic INFO featured[7637]: TypeError: join() argument must be str, bytes, or os.PathLike object, not 'NoneType'
2025 Feb 11 02:33:28.855780 sonic NOTICE systemd[1]: featured.service: Main process exited, code=exited, status=1/FAILURE
2025 Feb 11 02:33:28.855909 sonic WARNING systemd[1]: featured.service: Failed with result 'exit-code'.
2025 Feb 11 02:33:28.894835 sonic INFO systemd[1]: Started featured.service - Feature configuration daemon.
2025 Feb 11 02:33:29.029340 sonic INFO featured: ConfigDB connect success
2025 Feb 11 02:33:29.034164 sonic INFO featured[7640]: Traceback (most recent call last):
2025 Feb 11 02:33:29.034235 sonic INFO featured[7640]:   File "/usr/local/bin/featured", line 598, in <module>
2025 Feb 11 02:33:29.034361 sonic INFO featured[7640]:     main()
2025 Feb 11 02:33:29.034409 sonic INFO featured[7640]:   File "/usr/local/bin/featured", line 591, in main
2025 Feb 11 02:33:29.034530 sonic INFO featured[7640]:     daemon = FeatureDaemon()
2025 Feb 11 02:33:29.034578 sonic INFO featured[7640]:              ^^^^^^^^^^^^^^^
2025 Feb 11 02:33:29.034595 sonic INFO featured[7640]:   File "/usr/local/bin/featured", line 529, in __init__
2025 Feb 11 02:33:29.034661 sonic INFO featured[7640]:     self.feature_handler = FeatureHandler(self.config_db, feature_state_table, self.device_config, self.advanced_boot)
2025 Feb 11 02:33:29.034706 sonic INFO featured[7640]:                            ^^^^^^^^^^^^^^^^^^^^^^^^^^^^^^^^^^^^^^^^^^^^^^^^^^^^^^^^^^^^^^^^^^^^^^^^^^^^^^^^^^^^^^^^^^^
2025 Feb 11 02:33:29.034723 sonic INFO featured[7640]:   File "/usr/local/bin/featured", line 136, in __init__
2025 Feb 11 02:33:29.034777 sonic INFO featured[7640]:     self._device_running_config = device_info.get_device_runtime_metadata()
2025 Feb 11 02:33:29.034820 sonic INFO featured[7640]:                                   ^^^^^^^^^^^^^^^^^^^^^^^^^^^^^^^^^^^^^^^^^
2025 Feb 11 02:33:29.034837 sonic INFO featured[7640]:   File "/usr/local/lib/python3.11/dist-packages/sonic_py_common/device_info.py", line 680, in get_device_runtime_metadata
2025 Feb 11 02:33:29.034957 sonic INFO featured[7640]:     port_metadata = {'ETHERNET_PORTS_PRESENT': True if get_path_to_port_config_file(hwsku=None, asic="0" if is_multi_npu() else None) else False}
2025 Feb 11 02:33:29.035005 sonic INFO featured[7640]:                                                        ^^^^^^^^^^^^^^^^^^^^^^^^^^^^^^^^^^^^^^^^^^^^^^^^^^^^^^^^^^^^^^^^^^^^^^^^^^^^^^
2025 Feb 11 02:33:29.035029 sonic INFO featured[7640]:   File "/usr/local/lib/python3.11/dist-packages/sonic_py_common/device_info.py", line 446, in get_path_to_port_config_file
2025 Feb 11 02:33:29.035071 sonic INFO featured[7640]:     (platform_path, hwsku_path) = get_paths_to_platform_and_hwsku_dirs()
2025 Feb 11 02:33:29.035110 sonic INFO featured[7640]:                                   ^^^^^^^^^^^^^^^^^^^^^^^^^^^^^^^^^^^^^^
2025 Feb 11 02:33:29.035127 sonic INFO featured[7640]:   File "/usr/local/lib/python3.11/dist-packages/sonic_py_common/device_info.py", line 412, in get_paths_to_platform_and_hwsku_dirs
2025 Feb 11 02:33:29.035166 sonic INFO featured[7640]:     hwsku_path = os.path.join(platform_path, hwsku)
2025 Feb 11 02:33:29.035206 sonic INFO featured[7640]:                  ^^^^^^^^^^^^^^^^^^^^^^^^^^^^^^^^^^
2025 Feb 11 02:33:29.035266 sonic INFO featured[7640]:   File "<frozen posixpath>", line 90, in join
2025 Feb 11 02:33:29.035302 sonic INFO featured[7640]:   File "<frozen genericpath>", line 152, in _check_arg_types
2025 Feb 11 02:33:29.035336 sonic INFO featured[7640]: TypeError: join() argument must be str, bytes, or os.PathLike object, not 'NoneType'
2025 Feb 11 02:33:29.053780 sonic NOTICE systemd[1]: featured.service: Main process exited, code=exited, status=1/FAILURE
2025 Feb 11 02:33:29.053918 sonic WARNING systemd[1]: featured.service: Failed with result 'exit-code'.
2025 Feb 11 02:33:29.082912 sonic INFO systemd[1]: Started featured.service - Feature configuration daemon.
2025 Feb 11 02:33:29.251028 sonic INFO featured: ConfigDB connect success
2025 Feb 11 02:33:29.255171 sonic INFO featured[7642]: Traceback (most recent call last):
2025 Feb 11 02:33:29.255225 sonic INFO featured[7642]:   File "/usr/local/bin/featured", line 598, in <module>
2025 Feb 11 02:33:29.255369 sonic INFO featured[7642]:     main()
2025 Feb 11 02:33:29.255409 sonic INFO featured[7642]:   File "/usr/local/bin/featured", line 591, in main
2025 Feb 11 02:33:29.255531 sonic INFO featured[7642]:     daemon = FeatureDaemon()
2025 Feb 11 02:33:29.255571 sonic INFO featured[7642]:              ^^^^^^^^^^^^^^^
2025 Feb 11 02:33:29.255594 sonic INFO featured[7642]:   File "/usr/local/bin/featured", line 529, in __init__
2025 Feb 11 02:33:29.255647 sonic INFO featured[7642]:     self.feature_handler = FeatureHandler(self.config_db, feature_state_table, self.device_config, self.advanced_boot)
2025 Feb 11 02:33:29.255701 sonic INFO featured[7642]:                            ^^^^^^^^^^^^^^^^^^^^^^^^^^^^^^^^^^^^^^^^^^^^^^^^^^^^^^^^^^^^^^^^^^^^^^^^^^^^^^^^^^^^^^^^^^^
2025 Feb 11 02:33:29.255727 sonic INFO featured[7642]:   File "/usr/local/bin/featured", line 136, in __init__
2025 Feb 11 02:33:29.255758 sonic INFO featured[7642]:     self._device_running_config = device_info.get_device_runtime_metadata()
2025 Feb 11 02:33:29.255783 sonic INFO featured[7642]:                                   ^^^^^^^^^^^^^^^^^^^^^^^^^^^^^^^^^^^^^^^^^
2025 Feb 11 02:33:29.255812 sonic INFO featured[7642]:   File "/usr/local/lib/python3.11/dist-packages/sonic_py_common/device_info.py", line 680, in get_device_runtime_metadata
2025 Feb 11 02:33:29.255899 sonic INFO featured[7642]:     port_metadata = {'ETHERNET_PORTS_PRESENT': True if get_path_to_port_config_file(hwsku=None, asic="0" if is_multi_npu() else None) else False}
2025 Feb 11 02:33:29.255939 sonic INFO featured[7642]:                                                        ^^^^^^^^^^^^^^^^^^^^^^^^^^^^^^^^^^^^^^^^^^^^^^^^^^^^^^^^^^^^^^^^^^^^^^^^^^^^^^
2025 Feb 11 02:33:29.255956 sonic INFO featured[7642]:   File "/usr/local/lib/python3.11/dist-packages/sonic_py_common/device_info.py", line 446, in get_path_to_port_config_file
2025 Feb 11 02:33:29.256025 sonic INFO featured[7642]:     (platform_path, hwsku_path) = get_paths_to_platform_and_hwsku_dirs()
2025 Feb 11 02:33:29.256056 sonic INFO featured[7642]:                                   ^^^^^^^^^^^^^^^^^^^^^^^^^^^^^^^^^^^^^^
2025 Feb 11 02:33:29.256081 sonic INFO featured[7642]:   File "/usr/local/lib/python3.11/dist-packages/sonic_py_common/device_info.py", line 412, in get_paths_to_platform_and_hwsku_dirs
2025 Feb 11 02:33:29.256131 sonic INFO featured[7642]:     hwsku_path = os.path.join(platform_path, hwsku)
2025 Feb 11 02:33:29.256165 sonic INFO featured[7642]:                  ^^^^^^^^^^^^^^^^^^^^^^^^^^^^^^^^^^
2025 Feb 11 02:33:29.256190 sonic INFO featured[7642]:   File "<frozen posixpath>", line 90, in join
2025 Feb 11 02:33:29.256214 sonic INFO featured[7642]:   File "<frozen genericpath>", line 152, in _check_arg_types
2025 Feb 11 02:33:29.256255 sonic INFO featured[7642]: TypeError: join() argument must be str, bytes, or os.PathLike object, not 'NoneType'
2025 Feb 11 02:33:29.274729 sonic NOTICE systemd[1]: featured.service: Main process exited, code=exited, status=1/FAILURE
2025 Feb 11 02:33:29.274854 sonic WARNING systemd[1]: featured.service: Failed with result 'exit-code'.
2025 Feb 11 02:33:29.276588 sonic WARNING systemd[1]: featured.service: Start request repeated too quickly.
2025 Feb 11 02:33:29.276643 sonic WARNING systemd[1]: featured.service: Failed with result 'exit-code'.
2025 Feb 11 02:33:29.276683 sonic ERR systemd[1]: Failed to start featured.service - Feature configuration daemon.
2025 Feb 11 02:33:38.311518 sonic INFO systemd[1]: Started featured.service - Feature configuration daemon.
2025 Feb 11 02:33:38.451328 sonic INFO featured: ConfigDB connect success
2025 Feb 11 02:33:38.460247 sonic INFO featured[7665]: Traceback (most recent call last):
2025 Feb 11 02:33:38.460412 sonic INFO featured[7665]:   File "/usr/local/bin/featured", line 598, in <module>
2025 Feb 11 02:33:38.460441 sonic INFO featured[7665]:     main()
2025 Feb 11 02:33:38.460458 sonic INFO featured[7665]:   File "/usr/local/bin/featured", line 591, in main
2025 Feb 11 02:33:38.460620 sonic INFO featured[7665]:     daemon = FeatureDaemon()
2025 Feb 11 02:33:38.460665 sonic INFO featured[7665]:              ^^^^^^^^^^^^^^^
2025 Feb 11 02:33:38.460698 sonic INFO featured[7665]:   File "/usr/local/bin/featured", line 529, in __init__
2025 Feb 11 02:33:38.460731 sonic INFO featured[7665]:     self.feature_handler = FeatureHandler(self.config_db, feature_state_table, self.device_config, self.advanced_boot)
2025 Feb 11 02:33:38.460819 sonic INFO featured[7665]:                            ^^^^^^^^^^^^^^^^^^^^^^^^^^^^^^^^^^^^^^^^^^^^^^^^^^^^^^^^^^^^^^^^^^^^^^^^^^^^^^^^^^^^^^^^^^^
2025 Feb 11 02:33:38.460851 sonic INFO featured[7665]:   File "/usr/local/bin/featured", line 136, in __init__
2025 Feb 11 02:33:38.460877 sonic INFO featured[7665]:     self._device_running_config = device_info.get_device_runtime_metadata()
2025 Feb 11 02:33:38.460909 sonic INFO featured[7665]:                                   ^^^^^^^^^^^^^^^^^^^^^^^^^^^^^^^^^^^^^^^^^
2025 Feb 11 02:33:38.460934 sonic INFO featured[7665]:   File "/usr/local/lib/python3.11/dist-packages/sonic_py_common/device_info.py", line 680, in get_device_runtime_metadata
2025 Feb 11 02:33:38.461046 sonic INFO featured[7665]:     port_metadata = {'ETHERNET_PORTS_PRESENT': True if get_path_to_port_config_file(hwsku=None, asic="0" if is_multi_npu() else None) else False}
2025 Feb 11 02:33:38.461085 sonic INFO featured[7665]:                                                        ^^^^^^^^^^^^^^^^^^^^^^^^^^^^^^^^^^^^^^^^^^^^^^^^^^^^^^^^^^^^^^^^^^^^^^^^^^^^^^
2025 Feb 11 02:33:38.461122 sonic INFO featured[7665]:   File "/usr/local/lib/python3.11/dist-packages/sonic_py_common/device_info.py", line 446, in get_path_to_port_config_file
2025 Feb 11 02:33:38.461174 sonic INFO featured[7665]:     (platform_path, hwsku_path) = get_paths_to_platform_and_hwsku_dirs()
2025 Feb 11 02:33:38.461206 sonic INFO featured[7665]:                                   ^^^^^^^^^^^^^^^^^^^^^^^^^^^^^^^^^^^^^^
2025 Feb 11 02:33:38.461247 sonic INFO featured[7665]:   File "/usr/local/lib/python3.11/dist-packages/sonic_py_common/device_info.py", line 412, in get_paths_to_platform_and_hwsku_dirs
2025 Feb 11 02:33:38.461311 sonic INFO featured[7665]:     hwsku_path = os.path.join(platform_path, hwsku)
2025 Feb 11 02:33:38.461343 sonic INFO featured[7665]:                  ^^^^^^^^^^^^^^^^^^^^^^^^^^^^^^^^^^
2025 Feb 11 02:33:38.461368 sonic INFO featured[7665]:   File "<frozen posixpath>", line 90, in join
2025 Feb 11 02:33:38.461392 sonic INFO featured[7665]:   File "<frozen genericpath>", line 152, in _check_arg_types
2025 Feb 11 02:33:38.461421 sonic INFO featured[7665]: TypeError: join() argument must be str, bytes, or os.PathLike object, not 'NoneType'
2025 Feb 11 02:33:38.483469 sonic NOTICE systemd[1]: featured.service: Main process exited, code=exited, status=1/FAILURE
2025 Feb 11 02:33:38.483567 sonic WARNING systemd[1]: featured.service: Failed with result 'exit-code'.
2025 Feb 11 02:33:38.510771 sonic INFO systemd[1]: Started featured.service - Feature configuration daemon.
2025 Feb 11 02:33:38.641783 sonic INFO featured: ConfigDB connect success
2025 Feb 11 02:33:38.645811 sonic INFO featured[7666]: Traceback (most recent call last):
2025 Feb 11 02:33:38.645858 sonic INFO featured[7666]:   File "/usr/local/bin/featured", line 598, in <module>
2025 Feb 11 02:33:38.645976 sonic INFO featured[7666]:     main()
2025 Feb 11 02:33:38.646016 sonic INFO featured[7666]:   File "/usr/local/bin/featured", line 591, in main
2025 Feb 11 02:33:38.646135 sonic INFO featured[7666]:     daemon = FeatureDaemon()
2025 Feb 11 02:33:38.646168 sonic INFO featured[7666]:              ^^^^^^^^^^^^^^^
2025 Feb 11 02:33:38.646190 sonic INFO featured[7666]:   File "/usr/local/bin/featured", line 529, in __init__
2025 Feb 11 02:33:38.646294 sonic INFO featured[7666]:     self.feature_handler = FeatureHandler(self.config_db, feature_state_table, self.device_config, self.advanced_boot)
2025 Feb 11 02:33:38.646333 sonic INFO featured[7666]:                            ^^^^^^^^^^^^^^^^^^^^^^^^^^^^^^^^^^^^^^^^^^^^^^^^^^^^^^^^^^^^^^^^^^^^^^^^^^^^^^^^^^^^^^^^^^^
2025 Feb 11 02:33:38.646350 sonic INFO featured[7666]:   File "/usr/local/bin/featured", line 136, in __init__
2025 Feb 11 02:33:38.646382 sonic INFO featured[7666]:     self._device_running_config = device_info.get_device_runtime_metadata()
2025 Feb 11 02:33:38.646413 sonic INFO featured[7666]:                                   ^^^^^^^^^^^^^^^^^^^^^^^^^^^^^^^^^^^^^^^^^
2025 Feb 11 02:33:38.646438 sonic INFO featured[7666]:   File "/usr/local/lib/python3.11/dist-packages/sonic_py_common/device_info.py", line 680, in get_device_runtime_metadata
2025 Feb 11 02:33:38.646517 sonic INFO featured[7666]:     port_metadata = {'ETHERNET_PORTS_PRESENT': True if get_path_to_port_config_file(hwsku=None, asic="0" if is_multi_npu() else None) else False}
2025 Feb 11 02:33:38.646569 sonic INFO featured[7666]:                                                        ^^^^^^^^^^^^^^^^^^^^^^^^^^^^^^^^^^^^^^^^^^^^^^^^^^^^^^^^^^^^^^^^^^^^^^^^^^^^^^
2025 Feb 11 02:33:38.646595 sonic INFO featured[7666]:   File "/usr/local/lib/python3.11/dist-packages/sonic_py_common/device_info.py", line 446, in get_path_to_port_config_file
2025 Feb 11 02:33:38.646659 sonic INFO featured[7666]:     (platform_path, hwsku_path) = get_paths_to_platform_and_hwsku_dirs()
2025 Feb 11 02:33:38.646691 sonic INFO featured[7666]:                                   ^^^^^^^^^^^^^^^^^^^^^^^^^^^^^^^^^^^^^^
2025 Feb 11 02:33:38.646717 sonic INFO featured[7666]:   File "/usr/local/lib/python3.11/dist-packages/sonic_py_common/device_info.py", line 412, in get_paths_to_platform_and_hwsku_dirs
2025 Feb 11 02:33:38.646765 sonic INFO featured[7666]:     hwsku_path = os.path.join(platform_path, hwsku)
2025 Feb 11 02:33:38.646799 sonic INFO featured[7666]:                  ^^^^^^^^^^^^^^^^^^^^^^^^^^^^^^^^^^
2025 Feb 11 02:33:38.646828 sonic INFO featured[7666]:   File "<frozen posixpath>", line 90, in join
2025 Feb 11 02:33:38.646853 sonic INFO featured[7666]:   File "<frozen genericpath>", line 152, in _check_arg_types
2025 Feb 11 02:33:38.646880 sonic INFO featured[7666]: TypeError: join() argument must be str, bytes, or os.PathLike object, not 'NoneType'
2025 Feb 11 02:33:38.665074 sonic NOTICE systemd[1]: featured.service: Main process exited, code=exited, status=1/FAILURE
2025 Feb 11 02:33:38.665247 sonic WARNING systemd[1]: featured.service: Failed with result 'exit-code'.
2025 Feb 11 02:33:38.691812 sonic INFO systemd[1]: Started featured.service - Feature configuration daemon.
2025 Feb 11 02:33:38.824971 sonic INFO featured: ConfigDB connect success
2025 Feb 11 02:33:38.828901 sonic INFO featured[7668]: Traceback (most recent call last):
2025 Feb 11 02:33:38.828956 sonic INFO featured[7668]:   File "/usr/local/bin/featured", line 598, in <module>
2025 Feb 11 02:33:38.829054 sonic INFO featured[7668]:     main()
2025 Feb 11 02:33:38.829093 sonic INFO featured[7668]:   File "/usr/local/bin/featured", line 591, in main
2025 Feb 11 02:33:38.829210 sonic INFO featured[7668]:     daemon = FeatureDaemon()
2025 Feb 11 02:33:38.829270 sonic INFO featured[7668]:              ^^^^^^^^^^^^^^^
2025 Feb 11 02:33:38.829296 sonic INFO featured[7668]:   File "/usr/local/bin/featured", line 529, in __init__
2025 Feb 11 02:33:38.829356 sonic INFO featured[7668]:     self.feature_handler = FeatureHandler(self.config_db, feature_state_table, self.device_config, self.advanced_boot)
2025 Feb 11 02:33:38.829421 sonic INFO featured[7668]:                            ^^^^^^^^^^^^^^^^^^^^^^^^^^^^^^^^^^^^^^^^^^^^^^^^^^^^^^^^^^^^^^^^^^^^^^^^^^^^^^^^^^^^^^^^^^^
2025 Feb 11 02:33:38.829447 sonic INFO featured[7668]:   File "/usr/local/bin/featured", line 136, in __init__
2025 Feb 11 02:33:38.829511 sonic INFO featured[7668]:     self._device_running_config = device_info.get_device_runtime_metadata()
2025 Feb 11 02:33:38.829536 sonic INFO featured[7668]:                                   ^^^^^^^^^^^^^^^^^^^^^^^^^^^^^^^^^^^^^^^^^
2025 Feb 11 02:33:38.829563 sonic INFO featured[7668]:   File "/usr/local/lib/python3.11/dist-packages/sonic_py_common/device_info.py", line 680, in get_device_runtime_metadata
2025 Feb 11 02:33:38.829680 sonic INFO featured[7668]:     port_metadata = {'ETHERNET_PORTS_PRESENT': True if get_path_to_port_config_file(hwsku=None, asic="0" if is_multi_npu() else None) else False}
2025 Feb 11 02:33:38.829720 sonic INFO featured[7668]:                                                        ^^^^^^^^^^^^^^^^^^^^^^^^^^^^^^^^^^^^^^^^^^^^^^^^^^^^^^^^^^^^^^^^^^^^^^^^^^^^^^
2025 Feb 11 02:33:38.829738 sonic INFO featured[7668]:   File "/usr/local/lib/python3.11/dist-packages/sonic_py_common/device_info.py", line 446, in get_path_to_port_config_file
2025 Feb 11 02:33:38.829804 sonic INFO featured[7668]:     (platform_path, hwsku_path) = get_paths_to_platform_and_hwsku_dirs()
2025 Feb 11 02:33:38.829836 sonic INFO featured[7668]:                                   ^^^^^^^^^^^^^^^^^^^^^^^^^^^^^^^^^^^^^^
2025 Feb 11 02:33:38.829862 sonic INFO featured[7668]:   File "/usr/local/lib/python3.11/dist-packages/sonic_py_common/device_info.py", line 412, in get_paths_to_platform_and_hwsku_dirs
2025 Feb 11 02:33:38.829913 sonic INFO featured[7668]:     hwsku_path = os.path.join(platform_path, hwsku)
2025 Feb 11 02:33:38.829947 sonic INFO featured[7668]:                  ^^^^^^^^^^^^^^^^^^^^^^^^^^^^^^^^^^
2025 Feb 11 02:33:38.829973 sonic INFO featured[7668]:   File "<frozen posixpath>", line 90, in join
2025 Feb 11 02:33:38.829998 sonic INFO featured[7668]:   File "<frozen genericpath>", line 152, in _check_arg_types
2025 Feb 11 02:33:38.830022 sonic INFO featured[7668]: TypeError: join() argument must be str, bytes, or os.PathLike object, not 'NoneType'
2025 Feb 11 02:33:38.848035 sonic NOTICE systemd[1]: featured.service: Main process exited, code=exited, status=1/FAILURE
2025 Feb 11 02:33:38.848167 sonic WARNING systemd[1]: featured.service: Failed with result 'exit-code'.
2025 Feb 11 02:33:38.890499 sonic INFO systemd[1]: Started featured.service - Feature configuration daemon.
2025 Feb 11 02:33:39.027569 sonic INFO systemd[1]: caclmgrd.service: Scheduled restart job, restart counter is at 13.
2025 Feb 11 02:33:39.030523 sonic INFO systemd[1]: Stopped caclmgrd.service - Control Plane ACL configuration daemon.
2025 Feb 11 02:33:39.031152 sonic INFO featured: ConfigDB connect success
2025 Feb 11 02:33:39.037772 sonic INFO featured[7669]: Traceback (most recent call last):
2025 Feb 11 02:33:39.037864 sonic INFO featured[7669]:   File "/usr/local/bin/featured", line 598, in <module>
2025 Feb 11 02:33:39.037972 sonic INFO featured[7669]:     main()
2025 Feb 11 02:33:39.038011 sonic INFO featured[7669]:   File "/usr/local/bin/featured", line 591, in main
2025 Feb 11 02:33:39.038132 sonic INFO featured[7669]:     daemon = FeatureDaemon()
2025 Feb 11 02:33:39.038172 sonic INFO featured[7669]:              ^^^^^^^^^^^^^^^
2025 Feb 11 02:33:39.038189 sonic INFO featured[7669]:   File "/usr/local/bin/featured", line 529, in __init__
2025 Feb 11 02:33:39.038298 sonic INFO featured[7669]:     self.feature_handler = FeatureHandler(self.config_db, feature_state_table, self.device_config, self.advanced_boot)
2025 Feb 11 02:33:39.038337 sonic INFO featured[7669]:                            ^^^^^^^^^^^^^^^^^^^^^^^^^^^^^^^^^^^^^^^^^^^^^^^^^^^^^^^^^^^^^^^^^^^^^^^^^^^^^^^^^^^^^^^^^^^
2025 Feb 11 02:33:39.038354 sonic INFO featured[7669]:   File "/usr/local/bin/featured", line 136, in __init__
2025 Feb 11 02:33:39.038385 sonic INFO featured[7669]:     self._device_running_config = device_info.get_device_runtime_metadata()
2025 Feb 11 02:33:39.038417 sonic INFO featured[7669]:                                   ^^^^^^^^^^^^^^^^^^^^^^^^^^^^^^^^^^^^^^^^^
2025 Feb 11 02:33:39.038442 sonic INFO featured[7669]:   File "/usr/local/lib/python3.11/dist-packages/sonic_py_common/device_info.py", line 680, in get_device_runtime_metadata
2025 Feb 11 02:33:39.038536 sonic INFO featured[7669]:     port_metadata = {'ETHERNET_PORTS_PRESENT': True if get_path_to_port_config_file(hwsku=None, asic="0" if is_multi_npu() else None) else False}
2025 Feb 11 02:33:39.038574 sonic INFO featured[7669]:                                                        ^^^^^^^^^^^^^^^^^^^^^^^^^^^^^^^^^^^^^^^^^^^^^^^^^^^^^^^^^^^^^^^^^^^^^^^^^^^^^^
2025 Feb 11 02:33:39.038599 sonic INFO featured[7669]:   File "/usr/local/lib/python3.11/dist-packages/sonic_py_common/device_info.py", line 446, in get_path_to_port_config_file
2025 Feb 11 02:33:39.038661 sonic INFO featured[7669]:     (platform_path, hwsku_path) = get_paths_to_platform_and_hwsku_dirs()
2025 Feb 11 02:33:39.038694 sonic INFO featured[7669]:                                   ^^^^^^^^^^^^^^^^^^^^^^^^^^^^^^^^^^^^^^
2025 Feb 11 02:33:39.038719 sonic INFO featured[7669]:   File "/usr/local/lib/python3.11/dist-packages/sonic_py_common/device_info.py", line 412, in get_paths_to_platform_and_hwsku_dirs
2025 Feb 11 02:33:39.038770 sonic INFO featured[7669]:     hwsku_path = os.path.join(platform_path, hwsku)
2025 Feb 11 02:33:39.038803 sonic INFO featured[7669]:                  ^^^^^^^^^^^^^^^^^^^^^^^^^^^^^^^^^^
2025 Feb 11 02:33:39.038828 sonic INFO featured[7669]:   File "<frozen posixpath>", line 90, in join
2025 Feb 11 02:33:39.038853 sonic INFO featured[7669]:   File "<frozen genericpath>", line 152, in _check_arg_types
2025 Feb 11 02:33:39.038883 sonic INFO featured[7669]: TypeError: join() argument must be str, bytes, or os.PathLike object, not 'NoneType'
2025 Feb 11 02:33:39.074469 sonic INFO systemd[1]: Started caclmgrd.service - Control Plane ACL configuration daemon.
2025 Feb 11 02:33:39.075201 sonic NOTICE systemd[1]: featured.service: Main process exited, code=exited, status=1/FAILURE
2025 Feb 11 02:33:39.075366 sonic WARNING systemd[1]: featured.service: Failed with result 'exit-code'.
2025 Feb 11 02:33:39.078718 sonic INFO systemd[1]: Started featured.service - Feature configuration daemon.
2025 Feb 11 02:33:39.187832 sonic INFO caclmgrd[7672]: Traceback (most recent call last):
2025 Feb 11 02:33:39.187984 sonic INFO caclmgrd[7672]:   File "/usr/local/bin/caclmgrd", line 1146, in <module>
2025 Feb 11 02:33:39.188082 sonic INFO caclmgrd[7672]:     main()
2025 Feb 11 02:33:39.188140 sonic INFO caclmgrd[7672]:   File "/usr/local/bin/caclmgrd", line 1137, in main
2025 Feb 11 02:33:39.188187 sonic INFO caclmgrd[7672]:     caclmgr = ControlPlaneAclManager(SYSLOG_IDENTIFIER)
2025 Feb 11 02:33:39.188265 sonic INFO caclmgrd[7672]:               ^^^^^^^^^^^^^^^^^^^^^^^^^^^^^^^^^^^^^^^^^
2025 Feb 11 02:33:39.188314 sonic INFO caclmgrd[7672]:   File "/usr/local/bin/caclmgrd", line 156, in __init__
2025 Feb 11 02:33:39.188360 sonic INFO caclmgrd[7672]:     if 'subtype' in metadata['localhost'] and metadata['localhost']['subtype'] == 'DualToR':
2025 Feb 11 02:33:39.188402 sonic INFO caclmgrd[7672]:                     ~~~~~~~~^^^^^^^^^^^^^
2025 Feb 11 02:33:39.188443 sonic INFO caclmgrd[7672]: KeyError: 'localhost'
2025 Feb 11 02:33:39.199825 sonic NOTICE systemd[1]: caclmgrd.service: Main process exited, code=exited, status=1/FAILURE
2025 Feb 11 02:33:39.199985 sonic WARNING systemd[1]: caclmgrd.service: Failed with result 'exit-code'.
2025 Feb 11 02:33:39.215663 sonic INFO featured: ConfigDB connect success
2025 Feb 11 02:33:39.219830 sonic INFO featured[7673]: Traceback (most recent call last):
2025 Feb 11 02:33:39.219925 sonic INFO featured[7673]:   File "/usr/local/bin/featured", line 598, in <module>
2025 Feb 11 02:33:39.219991 sonic INFO featured[7673]:     main()
2025 Feb 11 02:33:39.220054 sonic INFO featured[7673]:   File "/usr/local/bin/featured", line 591, in main
2025 Feb 11 02:33:39.220284 sonic INFO featured[7673]:     daemon = FeatureDaemon()
2025 Feb 11 02:33:39.220348 sonic INFO featured[7673]:              ^^^^^^^^^^^^^^^
2025 Feb 11 02:33:39.220399 sonic INFO featured[7673]:   File "/usr/local/bin/featured", line 529, in __init__
2025 Feb 11 02:33:39.220453 sonic INFO featured[7673]:     self.feature_handler = FeatureHandler(self.config_db, feature_state_table, self.device_config, self.advanced_boot)
2025 Feb 11 02:33:39.220511 sonic INFO featured[7673]:                            ^^^^^^^^^^^^^^^^^^^^^^^^^^^^^^^^^^^^^^^^^^^^^^^^^^^^^^^^^^^^^^^^^^^^^^^^^^^^^^^^^^^^^^^^^^^
2025 Feb 11 02:33:39.220564 sonic INFO featured[7673]:   File "/usr/local/bin/featured", line 136, in __init__
2025 Feb 11 02:33:39.220622 sonic INFO featured[7673]:     self._device_running_config = device_info.get_device_runtime_metadata()
2025 Feb 11 02:33:39.220674 sonic INFO featured[7673]:                                   ^^^^^^^^^^^^^^^^^^^^^^^^^^^^^^^^^^^^^^^^^
2025 Feb 11 02:33:39.220720 sonic INFO featured[7673]:   File "/usr/local/lib/python3.11/dist-packages/sonic_py_common/device_info.py", line 680, in get_device_runtime_metadata
2025 Feb 11 02:33:39.220895 sonic INFO featured[7673]:     port_metadata = {'ETHERNET_PORTS_PRESENT': True if get_path_to_port_config_file(hwsku=None, asic="0" if is_multi_npu() else None) else False}
2025 Feb 11 02:33:39.220967 sonic INFO featured[7673]:                                                        ^^^^^^^^^^^^^^^^^^^^^^^^^^^^^^^^^^^^^^^^^^^^^^^^^^^^^^^^^^^^^^^^^^^^^^^^^^^^^^
2025 Feb 11 02:33:39.221015 sonic INFO featured[7673]:   File "/usr/local/lib/python3.11/dist-packages/sonic_py_common/device_info.py", line 446, in get_path_to_port_config_file
2025 Feb 11 02:33:39.221090 sonic INFO featured[7673]:     (platform_path, hwsku_path) = get_paths_to_platform_and_hwsku_dirs()
2025 Feb 11 02:33:39.221143 sonic INFO featured[7673]:                                   ^^^^^^^^^^^^^^^^^^^^^^^^^^^^^^^^^^^^^^
2025 Feb 11 02:33:39.221190 sonic INFO featured[7673]:   File "/usr/local/lib/python3.11/dist-packages/sonic_py_common/device_info.py", line 412, in get_paths_to_platform_and_hwsku_dirs
2025 Feb 11 02:33:39.221308 sonic INFO featured[7673]:     hwsku_path = os.path.join(platform_path, hwsku)
2025 Feb 11 02:33:39.221371 sonic INFO featured[7673]:                  ^^^^^^^^^^^^^^^^^^^^^^^^^^^^^^^^^^
2025 Feb 11 02:33:39.221416 sonic INFO featured[7673]:   File "<frozen posixpath>", line 90, in join
2025 Feb 11 02:33:39.221457 sonic INFO featured[7673]:   File "<frozen genericpath>", line 152, in _check_arg_types
2025 Feb 11 02:33:39.221541 sonic INFO featured[7673]: TypeError: join() argument must be str, bytes, or os.PathLike object, not 'NoneType'
2025 Feb 11 02:33:39.239390 sonic NOTICE systemd[1]: featured.service: Main process exited, code=exited, status=1/FAILURE
2025 Feb 11 02:33:39.239491 sonic WARNING systemd[1]: featured.service: Failed with result 'exit-code'.
2025 Feb 11 02:33:39.241078 sonic WARNING systemd[1]: featured.service: Start request repeated too quickly.
2025 Feb 11 02:33:39.241135 sonic WARNING systemd[1]: featured.service: Failed with result 'exit-code'.
2025 Feb 11 02:33:39.241164 sonic ERR systemd[1]: Failed to start featured.service - Feature configuration daemon.
2025 Feb 11 02:33:54.516766 sonic DEBUG mgmt_oper_status.py: No management interface found
2025 Feb 11 02:33:54.731121 sonic INFO systemd[1]: Started featured.service - Feature configuration daemon.
2025 Feb 11 02:33:54.778453 sonic INFO memory_checker: [memory_checker] Exits without checking memory usage since container 'snmp' is not running!
2025 Feb 11 02:33:54.788872 sonic INFO memory_checker: [memory_checker] Exits without checking memory usage since container 'bmp' is not running!
2025 Feb 11 02:33:54.789940 sonic INFO memory_checker: [memory_checker] Exits without checking memory usage since container 'gnmi' is not running!
2025 Feb 11 02:33:54.878725 sonic INFO featured: ConfigDB connect success
2025 Feb 11 02:33:54.882708 sonic INFO featured[7724]: Traceback (most recent call last):
2025 Feb 11 02:33:54.882759 sonic INFO featured[7724]:   File "/usr/local/bin/featured", line 598, in <module>
2025 Feb 11 02:33:54.882889 sonic INFO featured[7724]:     main()
2025 Feb 11 02:33:54.882928 sonic INFO featured[7724]:   File "/usr/local/bin/featured", line 591, in main
2025 Feb 11 02:33:54.883067 sonic INFO featured[7724]:     daemon = FeatureDaemon()
2025 Feb 11 02:33:54.883109 sonic INFO featured[7724]:              ^^^^^^^^^^^^^^^
2025 Feb 11 02:33:54.883126 sonic INFO featured[7724]:   File "/usr/local/bin/featured", line 529, in __init__
2025 Feb 11 02:33:54.883159 sonic INFO featured[7724]:     self.feature_handler = FeatureHandler(self.config_db, feature_state_table, self.device_config, self.advanced_boot)
2025 Feb 11 02:33:54.883232 sonic INFO featured[7724]:                            ^^^^^^^^^^^^^^^^^^^^^^^^^^^^^^^^^^^^^^^^^^^^^^^^^^^^^^^^^^^^^^^^^^^^^^^^^^^^^^^^^^^^^^^^^^^
2025 Feb 11 02:33:54.883285 sonic INFO featured[7724]:   File "/usr/local/bin/featured", line 136, in __init__
2025 Feb 11 02:33:54.883332 sonic INFO featured[7724]:     self._device_running_config = device_info.get_device_runtime_metadata()
2025 Feb 11 02:33:54.883359 sonic INFO featured[7724]:                                   ^^^^^^^^^^^^^^^^^^^^^^^^^^^^^^^^^^^^^^^^^
2025 Feb 11 02:33:54.883384 sonic INFO featured[7724]:   File "/usr/local/lib/python3.11/dist-packages/sonic_py_common/device_info.py", line 680, in get_device_runtime_metadata
2025 Feb 11 02:33:54.883445 sonic INFO featured[7724]:     port_metadata = {'ETHERNET_PORTS_PRESENT': True if get_path_to_port_config_file(hwsku=None, asic="0" if is_multi_npu() else None) else False}
2025 Feb 11 02:33:54.883497 sonic INFO featured[7724]:                                                        ^^^^^^^^^^^^^^^^^^^^^^^^^^^^^^^^^^^^^^^^^^^^^^^^^^^^^^^^^^^^^^^^^^^^^^^^^^^^^^
2025 Feb 11 02:33:54.883524 sonic INFO featured[7724]:   File "/usr/local/lib/python3.11/dist-packages/sonic_py_common/device_info.py", line 446, in get_path_to_port_config_file
2025 Feb 11 02:33:54.883604 sonic INFO featured[7724]:     (platform_path, hwsku_path) = get_paths_to_platform_and_hwsku_dirs()
2025 Feb 11 02:33:54.883641 sonic INFO featured[7724]:                                   ^^^^^^^^^^^^^^^^^^^^^^^^^^^^^^^^^^^^^^
2025 Feb 11 02:33:54.883658 sonic INFO featured[7724]:   File "/usr/local/lib/python3.11/dist-packages/sonic_py_common/device_info.py", line 412, in get_paths_to_platform_and_hwsku_dirs
2025 Feb 11 02:33:54.883702 sonic INFO featured[7724]:     hwsku_path = os.path.join(platform_path, hwsku)
2025 Feb 11 02:33:54.883740 sonic INFO featured[7724]:                  ^^^^^^^^^^^^^^^^^^^^^^^^^^^^^^^^^^
2025 Feb 11 02:33:54.883766 sonic INFO featured[7724]:   File "<frozen posixpath>", line 90, in join
2025 Feb 11 02:33:54.883790 sonic INFO featured[7724]:   File "<frozen genericpath>", line 152, in _check_arg_types
2025 Feb 11 02:33:54.883815 sonic INFO featured[7724]: TypeError: join() argument must be str, bytes, or os.PathLike object, not 'NoneType'
2025 Feb 11 02:33:54.901665 sonic NOTICE systemd[1]: featured.service: Main process exited, code=exited, status=1/FAILURE
2025 Feb 11 02:33:54.901845 sonic WARNING systemd[1]: featured.service: Failed with result 'exit-code'.
2025 Feb 11 02:33:54.946595 sonic INFO systemd[1]: Started featured.service - Feature configuration daemon.
2025 Feb 11 02:33:55.092300 sonic INFO featured: ConfigDB connect success
2025 Feb 11 02:33:55.096309 sonic INFO featured[7754]: Traceback (most recent call last):
2025 Feb 11 02:33:55.096362 sonic INFO featured[7754]:   File "/usr/local/bin/featured", line 598, in <module>
2025 Feb 11 02:33:55.096502 sonic INFO featured[7754]:     main()
2025 Feb 11 02:33:55.096542 sonic INFO featured[7754]:   File "/usr/local/bin/featured", line 591, in main
2025 Feb 11 02:33:55.096661 sonic INFO featured[7754]:     daemon = FeatureDaemon()
2025 Feb 11 02:33:55.096693 sonic INFO featured[7754]:              ^^^^^^^^^^^^^^^
2025 Feb 11 02:33:55.096717 sonic INFO featured[7754]:   File "/usr/local/bin/featured", line 529, in __init__
2025 Feb 11 02:33:55.096795 sonic INFO featured[7754]:     self.feature_handler = FeatureHandler(self.config_db, feature_state_table, self.device_config, self.advanced_boot)
2025 Feb 11 02:33:55.096833 sonic INFO featured[7754]:                            ^^^^^^^^^^^^^^^^^^^^^^^^^^^^^^^^^^^^^^^^^^^^^^^^^^^^^^^^^^^^^^^^^^^^^^^^^^^^^^^^^^^^^^^^^^^
2025 Feb 11 02:33:55.096857 sonic INFO featured[7754]:   File "/usr/local/bin/featured", line 136, in __init__
2025 Feb 11 02:33:55.096891 sonic INFO featured[7754]:     self._device_running_config = device_info.get_device_runtime_metadata()
2025 Feb 11 02:33:55.096917 sonic INFO featured[7754]:                                   ^^^^^^^^^^^^^^^^^^^^^^^^^^^^^^^^^^^^^^^^^
2025 Feb 11 02:33:55.096946 sonic INFO featured[7754]:   File "/usr/local/lib/python3.11/dist-packages/sonic_py_common/device_info.py", line 680, in get_device_runtime_metadata
2025 Feb 11 02:33:55.097014 sonic INFO featured[7754]:     port_metadata = {'ETHERNET_PORTS_PRESENT': True if get_path_to_port_config_file(hwsku=None, asic="0" if is_multi_npu() else None) else False}
2025 Feb 11 02:33:55.097065 sonic INFO featured[7754]:                                                        ^^^^^^^^^^^^^^^^^^^^^^^^^^^^^^^^^^^^^^^^^^^^^^^^^^^^^^^^^^^^^^^^^^^^^^^^^^^^^^
2025 Feb 11 02:33:55.097093 sonic INFO featured[7754]:   File "/usr/local/lib/python3.11/dist-packages/sonic_py_common/device_info.py", line 446, in get_path_to_port_config_file
2025 Feb 11 02:33:55.097156 sonic INFO featured[7754]:     (platform_path, hwsku_path) = get_paths_to_platform_and_hwsku_dirs()
2025 Feb 11 02:33:55.097188 sonic INFO featured[7754]:                                   ^^^^^^^^^^^^^^^^^^^^^^^^^^^^^^^^^^^^^^
2025 Feb 11 02:33:55.097230 sonic INFO featured[7754]:   File "/usr/local/lib/python3.11/dist-packages/sonic_py_common/device_info.py", line 412, in get_paths_to_platform_and_hwsku_dirs
2025 Feb 11 02:33:55.097288 sonic INFO featured[7754]:     hwsku_path = os.path.join(platform_path, hwsku)
2025 Feb 11 02:33:55.097322 sonic INFO featured[7754]:                  ^^^^^^^^^^^^^^^^^^^^^^^^^^^^^^^^^^
2025 Feb 11 02:33:55.097347 sonic INFO featured[7754]:   File "<frozen posixpath>", line 90, in join
2025 Feb 11 02:33:55.097372 sonic INFO featured[7754]:   File "<frozen genericpath>", line 152, in _check_arg_types
2025 Feb 11 02:33:55.097400 sonic INFO featured[7754]: TypeError: join() argument must be str, bytes, or os.PathLike object, not 'NoneType'
2025 Feb 11 02:33:55.115946 sonic NOTICE systemd[1]: featured.service: Main process exited, code=exited, status=1/FAILURE
2025 Feb 11 02:33:55.116079 sonic WARNING systemd[1]: featured.service: Failed with result 'exit-code'.
2025 Feb 11 02:33:55.158781 sonic INFO systemd[1]: Started featured.service - Feature configuration daemon.
2025 Feb 11 02:33:55.305416 sonic INFO featured: ConfigDB connect success
2025 Feb 11 02:33:55.309555 sonic INFO featured[7755]: Traceback (most recent call last):
2025 Feb 11 02:33:55.309602 sonic INFO featured[7755]:   File "/usr/local/bin/featured", line 598, in <module>
2025 Feb 11 02:33:55.309778 sonic INFO featured[7755]:     main()
2025 Feb 11 02:33:55.309816 sonic INFO featured[7755]:   File "/usr/local/bin/featured", line 591, in main
2025 Feb 11 02:33:55.309998 sonic INFO featured[7755]:     daemon = FeatureDaemon()
2025 Feb 11 02:33:55.310037 sonic INFO featured[7755]:              ^^^^^^^^^^^^^^^
2025 Feb 11 02:33:55.310055 sonic INFO featured[7755]:   File "/usr/local/bin/featured", line 529, in __init__
2025 Feb 11 02:33:55.310200 sonic INFO featured[7755]:     self.feature_handler = FeatureHandler(self.config_db, feature_state_table, self.device_config, self.advanced_boot)
2025 Feb 11 02:33:55.310271 sonic INFO featured[7755]:                            ^^^^^^^^^^^^^^^^^^^^^^^^^^^^^^^^^^^^^^^^^^^^^^^^^^^^^^^^^^^^^^^^^^^^^^^^^^^^^^^^^^^^^^^^^^^
2025 Feb 11 02:33:55.310294 sonic INFO featured[7755]:   File "/usr/local/bin/featured", line 136, in __init__
2025 Feb 11 02:33:55.310404 sonic INFO featured[7755]:     self._device_running_config = device_info.get_device_runtime_metadata()
2025 Feb 11 02:33:55.310442 sonic INFO featured[7755]:                                   ^^^^^^^^^^^^^^^^^^^^^^^^^^^^^^^^^^^^^^^^^
2025 Feb 11 02:33:55.310458 sonic INFO featured[7755]:   File "/usr/local/lib/python3.11/dist-packages/sonic_py_common/device_info.py", line 680, in get_device_runtime_metadata
2025 Feb 11 02:33:55.310635 sonic INFO featured[7755]:     port_metadata = {'ETHERNET_PORTS_PRESENT': True if get_path_to_port_config_file(hwsku=None, asic="0" if is_multi_npu() else None) else False}
2025 Feb 11 02:33:55.310695 sonic INFO featured[7755]:                                                        ^^^^^^^^^^^^^^^^^^^^^^^^^^^^^^^^^^^^^^^^^^^^^^^^^^^^^^^^^^^^^^^^^^^^^^^^^^^^^^
2025 Feb 11 02:33:55.310720 sonic INFO featured[7755]:   File "/usr/local/lib/python3.11/dist-packages/sonic_py_common/device_info.py", line 446, in get_path_to_port_config_file
2025 Feb 11 02:33:55.310851 sonic INFO featured[7755]:     (platform_path, hwsku_path) = get_paths_to_platform_and_hwsku_dirs()
2025 Feb 11 02:33:55.310899 sonic INFO featured[7755]:                                   ^^^^^^^^^^^^^^^^^^^^^^^^^^^^^^^^^^^^^^
2025 Feb 11 02:33:55.310921 sonic INFO featured[7755]:   File "/usr/local/lib/python3.11/dist-packages/sonic_py_common/device_info.py", line 412, in get_paths_to_platform_and_hwsku_dirs
2025 Feb 11 02:33:55.311044 sonic INFO featured[7755]:     hwsku_path = os.path.join(platform_path, hwsku)
2025 Feb 11 02:33:55.311093 sonic INFO featured[7755]:                  ^^^^^^^^^^^^^^^^^^^^^^^^^^^^^^^^^^
2025 Feb 11 02:33:55.311118 sonic INFO featured[7755]:   File "<frozen posixpath>", line 90, in join
2025 Feb 11 02:33:55.311134 sonic INFO featured[7755]:   File "<frozen genericpath>", line 152, in _check_arg_types
2025 Feb 11 02:33:55.311151 sonic INFO featured[7755]: TypeError: join() argument must be str, bytes, or os.PathLike object, not 'NoneType'
2025 Feb 11 02:33:55.338617 sonic NOTICE systemd[1]: featured.service: Main process exited, code=exited, status=1/FAILURE
2025 Feb 11 02:33:55.338728 sonic WARNING systemd[1]: featured.service: Failed with result 'exit-code'.
2025 Feb 11 02:33:55.378624 sonic INFO systemd[1]: Started featured.service - Feature configuration daemon.
2025 Feb 11 02:33:55.524251 sonic INFO featured: ConfigDB connect success
2025 Feb 11 02:33:55.528276 sonic INFO featured[7760]: Traceback (most recent call last):
2025 Feb 11 02:33:55.528344 sonic INFO featured[7760]:   File "/usr/local/bin/featured", line 598, in <module>
2025 Feb 11 02:33:55.528530 sonic INFO featured[7760]:     main()
2025 Feb 11 02:33:55.528569 sonic INFO featured[7760]:   File "/usr/local/bin/featured", line 591, in main
2025 Feb 11 02:33:55.528688 sonic INFO featured[7760]:     daemon = FeatureDaemon()
2025 Feb 11 02:33:55.528727 sonic INFO featured[7760]:              ^^^^^^^^^^^^^^^
2025 Feb 11 02:33:55.528744 sonic INFO featured[7760]:   File "/usr/local/bin/featured", line 529, in __init__
2025 Feb 11 02:33:55.528807 sonic INFO featured[7760]:     self.feature_handler = FeatureHandler(self.config_db, feature_state_table, self.device_config, self.advanced_boot)
2025 Feb 11 02:33:55.528856 sonic INFO featured[7760]:                            ^^^^^^^^^^^^^^^^^^^^^^^^^^^^^^^^^^^^^^^^^^^^^^^^^^^^^^^^^^^^^^^^^^^^^^^^^^^^^^^^^^^^^^^^^^^
2025 Feb 11 02:33:55.528873 sonic INFO featured[7760]:   File "/usr/local/bin/featured", line 136, in __init__
2025 Feb 11 02:33:55.528920 sonic INFO featured[7760]:     self._device_running_config = device_info.get_device_runtime_metadata()
2025 Feb 11 02:33:55.528953 sonic INFO featured[7760]:                                   ^^^^^^^^^^^^^^^^^^^^^^^^^^^^^^^^^^^^^^^^^
2025 Feb 11 02:33:55.528978 sonic INFO featured[7760]:   File "/usr/local/lib/python3.11/dist-packages/sonic_py_common/device_info.py", line 680, in get_device_runtime_metadata
2025 Feb 11 02:33:55.529087 sonic INFO featured[7760]:     port_metadata = {'ETHERNET_PORTS_PRESENT': True if get_path_to_port_config_file(hwsku=None, asic="0" if is_multi_npu() else None) else False}
2025 Feb 11 02:33:55.529126 sonic INFO featured[7760]:                                                        ^^^^^^^^^^^^^^^^^^^^^^^^^^^^^^^^^^^^^^^^^^^^^^^^^^^^^^^^^^^^^^^^^^^^^^^^^^^^^^
2025 Feb 11 02:33:55.529143 sonic INFO featured[7760]:   File "/usr/local/lib/python3.11/dist-packages/sonic_py_common/device_info.py", line 446, in get_path_to_port_config_file
2025 Feb 11 02:33:55.529225 sonic INFO featured[7760]:     (platform_path, hwsku_path) = get_paths_to_platform_and_hwsku_dirs()
2025 Feb 11 02:33:55.529257 sonic INFO featured[7760]:                                   ^^^^^^^^^^^^^^^^^^^^^^^^^^^^^^^^^^^^^^
2025 Feb 11 02:33:55.529282 sonic INFO featured[7760]:   File "/usr/local/lib/python3.11/dist-packages/sonic_py_common/device_info.py", line 412, in get_paths_to_platform_and_hwsku_dirs
2025 Feb 11 02:33:55.529343 sonic INFO featured[7760]:     hwsku_path = os.path.join(platform_path, hwsku)
2025 Feb 11 02:33:55.529376 sonic INFO featured[7760]:                  ^^^^^^^^^^^^^^^^^^^^^^^^^^^^^^^^^^
2025 Feb 11 02:33:55.529400 sonic INFO featured[7760]:   File "<frozen posixpath>", line 90, in join
2025 Feb 11 02:33:55.529424 sonic INFO featured[7760]:   File "<frozen genericpath>", line 152, in _check_arg_types
2025 Feb 11 02:33:55.529454 sonic INFO featured[7760]: TypeError: join() argument must be str, bytes, or os.PathLike object, not 'NoneType'
2025 Feb 11 02:33:55.547759 sonic NOTICE systemd[1]: featured.service: Main process exited, code=exited, status=1/FAILURE
2025 Feb 11 02:33:55.547887 sonic WARNING systemd[1]: featured.service: Failed with result 'exit-code'.
2025 Feb 11 02:33:55.586749 sonic INFO systemd[1]: Started featured.service - Feature configuration daemon.
2025 Feb 11 02:33:55.725527 sonic INFO featured: ConfigDB connect success
2025 Feb 11 02:33:55.729633 sonic INFO featured[7761]: Traceback (most recent call last):
2025 Feb 11 02:33:55.729689 sonic INFO featured[7761]:   File "/usr/local/bin/featured", line 598, in <module>
2025 Feb 11 02:33:55.729835 sonic INFO featured[7761]:     main()
2025 Feb 11 02:33:55.729875 sonic INFO featured[7761]:   File "/usr/local/bin/featured", line 591, in main
2025 Feb 11 02:33:55.729994 sonic INFO featured[7761]:     daemon = FeatureDaemon()
2025 Feb 11 02:33:55.730035 sonic INFO featured[7761]:              ^^^^^^^^^^^^^^^
2025 Feb 11 02:33:55.730052 sonic INFO featured[7761]:   File "/usr/local/bin/featured", line 529, in __init__
2025 Feb 11 02:33:55.730116 sonic INFO featured[7761]:     self.feature_handler = FeatureHandler(self.config_db, feature_state_table, self.device_config, self.advanced_boot)
2025 Feb 11 02:33:55.730152 sonic INFO featured[7761]:                            ^^^^^^^^^^^^^^^^^^^^^^^^^^^^^^^^^^^^^^^^^^^^^^^^^^^^^^^^^^^^^^^^^^^^^^^^^^^^^^^^^^^^^^^^^^^
2025 Feb 11 02:33:55.730169 sonic INFO featured[7761]:   File "/usr/local/bin/featured", line 136, in __init__
2025 Feb 11 02:33:55.730248 sonic INFO featured[7761]:     self._device_running_config = device_info.get_device_runtime_metadata()
2025 Feb 11 02:33:55.730284 sonic INFO featured[7761]:                                   ^^^^^^^^^^^^^^^^^^^^^^^^^^^^^^^^^^^^^^^^^
2025 Feb 11 02:33:55.730301 sonic INFO featured[7761]:   File "/usr/local/lib/python3.11/dist-packages/sonic_py_common/device_info.py", line 680, in get_device_runtime_metadata
2025 Feb 11 02:33:55.730420 sonic INFO featured[7761]:     port_metadata = {'ETHERNET_PORTS_PRESENT': True if get_path_to_port_config_file(hwsku=None, asic="0" if is_multi_npu() else None) else False}
2025 Feb 11 02:33:55.730465 sonic INFO featured[7761]:                                                        ^^^^^^^^^^^^^^^^^^^^^^^^^^^^^^^^^^^^^^^^^^^^^^^^^^^^^^^^^^^^^^^^^^^^^^^^^^^^^^
2025 Feb 11 02:33:55.730493 sonic INFO featured[7761]:   File "/usr/local/lib/python3.11/dist-packages/sonic_py_common/device_info.py", line 446, in get_path_to_port_config_file
2025 Feb 11 02:33:55.730543 sonic INFO featured[7761]:     (platform_path, hwsku_path) = get_paths_to_platform_and_hwsku_dirs()
2025 Feb 11 02:33:55.730575 sonic INFO featured[7761]:                                   ^^^^^^^^^^^^^^^^^^^^^^^^^^^^^^^^^^^^^^
2025 Feb 11 02:33:55.730600 sonic INFO featured[7761]:   File "/usr/local/lib/python3.11/dist-packages/sonic_py_common/device_info.py", line 412, in get_paths_to_platform_and_hwsku_dirs
2025 Feb 11 02:33:55.730648 sonic INFO featured[7761]:     hwsku_path = os.path.join(platform_path, hwsku)
2025 Feb 11 02:33:55.730681 sonic INFO featured[7761]:                  ^^^^^^^^^^^^^^^^^^^^^^^^^^^^^^^^^^
2025 Feb 11 02:33:55.730707 sonic INFO featured[7761]:   File "<frozen posixpath>", line 90, in join
2025 Feb 11 02:33:55.730731 sonic INFO featured[7761]:   File "<frozen genericpath>", line 152, in _check_arg_types
2025 Feb 11 02:33:55.730755 sonic INFO featured[7761]: TypeError: join() argument must be str, bytes, or os.PathLike object, not 'NoneType'
2025 Feb 11 02:33:55.749378 sonic NOTICE systemd[1]: featured.service: Main process exited, code=exited, status=1/FAILURE
2025 Feb 11 02:33:55.749452 sonic WARNING systemd[1]: featured.service: Failed with result 'exit-code'.
2025 Feb 11 02:33:55.751476 sonic WARNING systemd[1]: featured.service: Start request repeated too quickly.
2025 Feb 11 02:33:55.751556 sonic WARNING systemd[1]: featured.service: Failed with result 'exit-code'.
2025 Feb 11 02:33:55.751587 sonic ERR systemd[1]: Failed to start featured.service - Feature configuration daemon.
2025 Feb 11 02:33:58.281054 sonic WARNING systemd[1]: featured.service: Start request repeated too quickly.
2025 Feb 11 02:33:58.281285 sonic WARNING systemd[1]: featured.service: Failed with result 'exit-code'.
2025 Feb 11 02:33:58.281338 sonic ERR systemd[1]: Failed to start featured.service - Feature configuration daemon.
2025 Feb 11 02:34:08.306696 sonic INFO systemd[1]: Started featured.service - Feature configuration daemon.
2025 Feb 11 02:34:08.447557 sonic INFO featured: ConfigDB connect success
2025 Feb 11 02:34:08.452301 sonic INFO featured[7790]: Traceback (most recent call last):
2025 Feb 11 02:34:08.452355 sonic INFO featured[7790]:   File "/usr/local/bin/featured", line 598, in <module>
2025 Feb 11 02:34:08.452517 sonic INFO featured[7790]:     main()
2025 Feb 11 02:34:08.452556 sonic INFO featured[7790]:   File "/usr/local/bin/featured", line 591, in main
2025 Feb 11 02:34:08.452679 sonic INFO featured[7790]:     daemon = FeatureDaemon()
2025 Feb 11 02:34:08.452719 sonic INFO featured[7790]:              ^^^^^^^^^^^^^^^
2025 Feb 11 02:34:08.452736 sonic INFO featured[7790]:   File "/usr/local/bin/featured", line 529, in __init__
2025 Feb 11 02:34:08.452799 sonic INFO featured[7790]:     self.feature_handler = FeatureHandler(self.config_db, feature_state_table, self.device_config, self.advanced_boot)
2025 Feb 11 02:34:08.452846 sonic INFO featured[7790]:                            ^^^^^^^^^^^^^^^^^^^^^^^^^^^^^^^^^^^^^^^^^^^^^^^^^^^^^^^^^^^^^^^^^^^^^^^^^^^^^^^^^^^^^^^^^^^
2025 Feb 11 02:34:08.452872 sonic INFO featured[7790]:   File "/usr/local/bin/featured", line 136, in __init__
2025 Feb 11 02:34:08.452903 sonic INFO featured[7790]:     self._device_running_config = device_info.get_device_runtime_metadata()
2025 Feb 11 02:34:08.452933 sonic INFO featured[7790]:                                   ^^^^^^^^^^^^^^^^^^^^^^^^^^^^^^^^^^^^^^^^^
2025 Feb 11 02:34:08.452959 sonic INFO featured[7790]:   File "/usr/local/lib/python3.11/dist-packages/sonic_py_common/device_info.py", line 680, in get_device_runtime_metadata
2025 Feb 11 02:34:08.453060 sonic INFO featured[7790]:     port_metadata = {'ETHERNET_PORTS_PRESENT': True if get_path_to_port_config_file(hwsku=None, asic="0" if is_multi_npu() else None) else False}
2025 Feb 11 02:34:08.453099 sonic INFO featured[7790]:                                                        ^^^^^^^^^^^^^^^^^^^^^^^^^^^^^^^^^^^^^^^^^^^^^^^^^^^^^^^^^^^^^^^^^^^^^^^^^^^^^^
2025 Feb 11 02:34:08.453122 sonic INFO featured[7790]:   File "/usr/local/lib/python3.11/dist-packages/sonic_py_common/device_info.py", line 446, in get_path_to_port_config_file
2025 Feb 11 02:34:08.453180 sonic INFO featured[7790]:     (platform_path, hwsku_path) = get_paths_to_platform_and_hwsku_dirs()
2025 Feb 11 02:34:08.453226 sonic INFO featured[7790]:                                   ^^^^^^^^^^^^^^^^^^^^^^^^^^^^^^^^^^^^^^
2025 Feb 11 02:34:08.453252 sonic INFO featured[7790]:   File "/usr/local/lib/python3.11/dist-packages/sonic_py_common/device_info.py", line 412, in get_paths_to_platform_and_hwsku_dirs
2025 Feb 11 02:34:08.453313 sonic INFO featured[7790]:     hwsku_path = os.path.join(platform_path, hwsku)
2025 Feb 11 02:34:08.453345 sonic INFO featured[7790]:                  ^^^^^^^^^^^^^^^^^^^^^^^^^^^^^^^^^^
2025 Feb 11 02:34:08.453371 sonic INFO featured[7790]:   File "<frozen posixpath>", line 90, in join
2025 Feb 11 02:34:08.453395 sonic INFO featured[7790]:   File "<frozen genericpath>", line 152, in _check_arg_types
2025 Feb 11 02:34:08.453424 sonic INFO featured[7790]: TypeError: join() argument must be str, bytes, or os.PathLike object, not 'NoneType'
2025 Feb 11 02:34:08.471743 sonic NOTICE systemd[1]: featured.service: Main process exited, code=exited, status=1/FAILURE
2025 Feb 11 02:34:08.471874 sonic WARNING systemd[1]: featured.service: Failed with result 'exit-code'.
2025 Feb 11 02:34:08.510604 sonic INFO systemd[1]: Started featured.service - Feature configuration daemon.
2025 Feb 11 02:34:08.660114 sonic INFO featured: ConfigDB connect success
2025 Feb 11 02:34:08.665037 sonic INFO featured[7793]: Traceback (most recent call last):
2025 Feb 11 02:34:08.665097 sonic INFO featured[7793]:   File "/usr/local/bin/featured", line 598, in <module>
2025 Feb 11 02:34:08.665317 sonic INFO featured[7793]:     main()
2025 Feb 11 02:34:08.665356 sonic INFO featured[7793]:   File "/usr/local/bin/featured", line 591, in main
2025 Feb 11 02:34:08.665599 sonic INFO featured[7793]:     daemon = FeatureDaemon()
2025 Feb 11 02:34:08.665650 sonic INFO featured[7793]:              ^^^^^^^^^^^^^^^
2025 Feb 11 02:34:08.665667 sonic INFO featured[7793]:   File "/usr/local/bin/featured", line 529, in __init__
2025 Feb 11 02:34:08.665811 sonic INFO featured[7793]:     self.feature_handler = FeatureHandler(self.config_db, feature_state_table, self.device_config, self.advanced_boot)
2025 Feb 11 02:34:08.665849 sonic INFO featured[7793]:                            ^^^^^^^^^^^^^^^^^^^^^^^^^^^^^^^^^^^^^^^^^^^^^^^^^^^^^^^^^^^^^^^^^^^^^^^^^^^^^^^^^^^^^^^^^^^
2025 Feb 11 02:34:08.665871 sonic INFO featured[7793]:   File "/usr/local/bin/featured", line 136, in __init__
2025 Feb 11 02:34:08.665960 sonic INFO featured[7793]:     self._device_running_config = device_info.get_device_runtime_metadata()
2025 Feb 11 02:34:08.666008 sonic INFO featured[7793]:                                   ^^^^^^^^^^^^^^^^^^^^^^^^^^^^^^^^^^^^^^^^^
2025 Feb 11 02:34:08.666039 sonic INFO featured[7793]:   File "/usr/local/lib/python3.11/dist-packages/sonic_py_common/device_info.py", line 680, in get_device_runtime_metadata
2025 Feb 11 02:34:08.666221 sonic INFO featured[7793]:     port_metadata = {'ETHERNET_PORTS_PRESENT': True if get_path_to_port_config_file(hwsku=None, asic="0" if is_multi_npu() else None) else False}
2025 Feb 11 02:34:08.666297 sonic INFO featured[7793]:                                                        ^^^^^^^^^^^^^^^^^^^^^^^^^^^^^^^^^^^^^^^^^^^^^^^^^^^^^^^^^^^^^^^^^^^^^^^^^^^^^^
2025 Feb 11 02:34:08.666321 sonic INFO featured[7793]:   File "/usr/local/lib/python3.11/dist-packages/sonic_py_common/device_info.py", line 446, in get_path_to_port_config_file
2025 Feb 11 02:34:08.666453 sonic INFO featured[7793]:     (platform_path, hwsku_path) = get_paths_to_platform_and_hwsku_dirs()
2025 Feb 11 02:34:08.666500 sonic INFO featured[7793]:                                   ^^^^^^^^^^^^^^^^^^^^^^^^^^^^^^^^^^^^^^
2025 Feb 11 02:34:08.666530 sonic INFO featured[7793]:   File "/usr/local/lib/python3.11/dist-packages/sonic_py_common/device_info.py", line 412, in get_paths_to_platform_and_hwsku_dirs
2025 Feb 11 02:34:08.666641 sonic INFO featured[7793]:     hwsku_path = os.path.join(platform_path, hwsku)
2025 Feb 11 02:34:08.666689 sonic INFO featured[7793]:                  ^^^^^^^^^^^^^^^^^^^^^^^^^^^^^^^^^^
2025 Feb 11 02:34:08.666722 sonic INFO featured[7793]:   File "<frozen posixpath>", line 90, in join
2025 Feb 11 02:34:08.666739 sonic INFO featured[7793]:   File "<frozen genericpath>", line 152, in _check_arg_types
2025 Feb 11 02:34:08.666764 sonic INFO featured[7793]: TypeError: join() argument must be str, bytes, or os.PathLike object, not 'NoneType'
2025 Feb 11 02:34:08.692892 sonic NOTICE systemd[1]: featured.service: Main process exited, code=exited, status=1/FAILURE
2025 Feb 11 02:34:08.692996 sonic WARNING systemd[1]: featured.service: Failed with result 'exit-code'.
2025 Feb 11 02:34:08.718871 sonic INFO systemd[1]: Started featured.service - Feature configuration daemon.
2025 Feb 11 02:34:08.853787 sonic INFO featured: ConfigDB connect success
2025 Feb 11 02:34:08.857762 sonic INFO featured[7794]: Traceback (most recent call last):
2025 Feb 11 02:34:08.857817 sonic INFO featured[7794]:   File "/usr/local/bin/featured", line 598, in <module>
2025 Feb 11 02:34:08.857937 sonic INFO featured[7794]:     main()
2025 Feb 11 02:34:08.857975 sonic INFO featured[7794]:   File "/usr/local/bin/featured", line 591, in main
2025 Feb 11 02:34:08.858094 sonic INFO featured[7794]:     daemon = FeatureDaemon()
2025 Feb 11 02:34:08.858131 sonic INFO featured[7794]:              ^^^^^^^^^^^^^^^
2025 Feb 11 02:34:08.858158 sonic INFO featured[7794]:   File "/usr/local/bin/featured", line 529, in __init__
2025 Feb 11 02:34:08.858237 sonic INFO featured[7794]:     self.feature_handler = FeatureHandler(self.config_db, feature_state_table, self.device_config, self.advanced_boot)
2025 Feb 11 02:34:08.858306 sonic INFO featured[7794]:                            ^^^^^^^^^^^^^^^^^^^^^^^^^^^^^^^^^^^^^^^^^^^^^^^^^^^^^^^^^^^^^^^^^^^^^^^^^^^^^^^^^^^^^^^^^^^
2025 Feb 11 02:34:08.858353 sonic INFO featured[7794]:   File "/usr/local/bin/featured", line 136, in __init__
2025 Feb 11 02:34:08.858394 sonic INFO featured[7794]:     self._device_running_config = device_info.get_device_runtime_metadata()
2025 Feb 11 02:34:08.858448 sonic INFO featured[7794]:                                   ^^^^^^^^^^^^^^^^^^^^^^^^^^^^^^^^^^^^^^^^^
2025 Feb 11 02:34:08.858489 sonic INFO featured[7794]:   File "/usr/local/lib/python3.11/dist-packages/sonic_py_common/device_info.py", line 680, in get_device_runtime_metadata
2025 Feb 11 02:34:08.858533 sonic INFO featured[7794]:     port_metadata = {'ETHERNET_PORTS_PRESENT': True if get_path_to_port_config_file(hwsku=None, asic="0" if is_multi_npu() else None) else False}
2025 Feb 11 02:34:08.858590 sonic INFO featured[7794]:                                                        ^^^^^^^^^^^^^^^^^^^^^^^^^^^^^^^^^^^^^^^^^^^^^^^^^^^^^^^^^^^^^^^^^^^^^^^^^^^^^^
2025 Feb 11 02:34:08.858640 sonic INFO featured[7794]:   File "/usr/local/lib/python3.11/dist-packages/sonic_py_common/device_info.py", line 446, in get_path_to_port_config_file
2025 Feb 11 02:34:08.858681 sonic INFO featured[7794]:     (platform_path, hwsku_path) = get_paths_to_platform_and_hwsku_dirs()
2025 Feb 11 02:34:08.858722 sonic INFO featured[7794]:                                   ^^^^^^^^^^^^^^^^^^^^^^^^^^^^^^^^^^^^^^
2025 Feb 11 02:34:08.858763 sonic INFO featured[7794]:   File "/usr/local/lib/python3.11/dist-packages/sonic_py_common/device_info.py", line 412, in get_paths_to_platform_and_hwsku_dirs
2025 Feb 11 02:34:08.858817 sonic INFO featured[7794]:     hwsku_path = os.path.join(platform_path, hwsku)
2025 Feb 11 02:34:08.858858 sonic INFO featured[7794]:                  ^^^^^^^^^^^^^^^^^^^^^^^^^^^^^^^^^^
2025 Feb 11 02:34:08.858900 sonic INFO featured[7794]:   File "<frozen posixpath>", line 90, in join
2025 Feb 11 02:34:08.858941 sonic INFO featured[7794]:   File "<frozen genericpath>", line 152, in _check_arg_types
2025 Feb 11 02:34:08.858983 sonic INFO featured[7794]: TypeError: join() argument must be str, bytes, or os.PathLike object, not 'NoneType'
2025 Feb 11 02:34:08.877098 sonic NOTICE systemd[1]: featured.service: Main process exited, code=exited, status=1/FAILURE
2025 Feb 11 02:34:08.877287 sonic WARNING systemd[1]: featured.service: Failed with result 'exit-code'.
2025 Feb 11 02:34:08.910495 sonic INFO systemd[1]: Started featured.service - Feature configuration daemon.
2025 Feb 11 02:34:09.055558 sonic INFO featured: ConfigDB connect success
2025 Feb 11 02:34:09.059569 sonic INFO featured[7795]: Traceback (most recent call last):
2025 Feb 11 02:34:09.059637 sonic INFO featured[7795]:   File "/usr/local/bin/featured", line 598, in <module>
2025 Feb 11 02:34:09.059765 sonic INFO featured[7795]:     main()
2025 Feb 11 02:34:09.059812 sonic INFO featured[7795]:   File "/usr/local/bin/featured", line 591, in main
2025 Feb 11 02:34:09.059925 sonic INFO featured[7795]:     daemon = FeatureDaemon()
2025 Feb 11 02:34:09.059971 sonic INFO featured[7795]:              ^^^^^^^^^^^^^^^
2025 Feb 11 02:34:09.059999 sonic INFO featured[7795]:   File "/usr/local/bin/featured", line 529, in __init__
2025 Feb 11 02:34:09.060056 sonic INFO featured[7795]:     self.feature_handler = FeatureHandler(self.config_db, feature_state_table, self.device_config, self.advanced_boot)
2025 Feb 11 02:34:09.060099 sonic INFO featured[7795]:                            ^^^^^^^^^^^^^^^^^^^^^^^^^^^^^^^^^^^^^^^^^^^^^^^^^^^^^^^^^^^^^^^^^^^^^^^^^^^^^^^^^^^^^^^^^^^
2025 Feb 11 02:34:09.060138 sonic INFO featured[7795]:   File "/usr/local/bin/featured", line 136, in __init__
2025 Feb 11 02:34:09.060203 sonic INFO featured[7795]:     self._device_running_config = device_info.get_device_runtime_metadata()
2025 Feb 11 02:34:09.060246 sonic INFO featured[7795]:                                   ^^^^^^^^^^^^^^^^^^^^^^^^^^^^^^^^^^^^^^^^^
2025 Feb 11 02:34:09.060289 sonic INFO featured[7795]:   File "/usr/local/lib/python3.11/dist-packages/sonic_py_common/device_info.py", line 680, in get_device_runtime_metadata
2025 Feb 11 02:34:09.060345 sonic INFO featured[7795]:     port_metadata = {'ETHERNET_PORTS_PRESENT': True if get_path_to_port_config_file(hwsku=None, asic="0" if is_multi_npu() else None) else False}
2025 Feb 11 02:34:09.060388 sonic INFO featured[7795]:                                                        ^^^^^^^^^^^^^^^^^^^^^^^^^^^^^^^^^^^^^^^^^^^^^^^^^^^^^^^^^^^^^^^^^^^^^^^^^^^^^^
2025 Feb 11 02:34:09.060429 sonic INFO featured[7795]:   File "/usr/local/lib/python3.11/dist-packages/sonic_py_common/device_info.py", line 446, in get_path_to_port_config_file
2025 Feb 11 02:34:09.060482 sonic INFO featured[7795]:     (platform_path, hwsku_path) = get_paths_to_platform_and_hwsku_dirs()
2025 Feb 11 02:34:09.060525 sonic INFO featured[7795]:                                   ^^^^^^^^^^^^^^^^^^^^^^^^^^^^^^^^^^^^^^
2025 Feb 11 02:34:09.060566 sonic INFO featured[7795]:   File "/usr/local/lib/python3.11/dist-packages/sonic_py_common/device_info.py", line 412, in get_paths_to_platform_and_hwsku_dirs
2025 Feb 11 02:34:09.060620 sonic INFO featured[7795]:     hwsku_path = os.path.join(platform_path, hwsku)
2025 Feb 11 02:34:09.060660 sonic INFO featured[7795]:                  ^^^^^^^^^^^^^^^^^^^^^^^^^^^^^^^^^^
2025 Feb 11 02:34:09.060701 sonic INFO featured[7795]:   File "<frozen posixpath>", line 90, in join
2025 Feb 11 02:34:09.060742 sonic INFO featured[7795]:   File "<frozen genericpath>", line 152, in _check_arg_types
2025 Feb 11 02:34:09.060784 sonic INFO featured[7795]: TypeError: join() argument must be str, bytes, or os.PathLike object, not 'NoneType'
2025 Feb 11 02:34:09.078834 sonic NOTICE systemd[1]: featured.service: Main process exited, code=exited, status=1/FAILURE
2025 Feb 11 02:34:09.078981 sonic WARNING systemd[1]: featured.service: Failed with result 'exit-code'.
2025 Feb 11 02:34:09.114915 sonic INFO systemd[1]: Started featured.service - Feature configuration daemon.
2025 Feb 11 02:34:09.243477 sonic INFO featured: ConfigDB connect success
2025 Feb 11 02:34:09.247478 sonic INFO featured[7797]: Traceback (most recent call last):
2025 Feb 11 02:34:09.247534 sonic INFO featured[7797]:   File "/usr/local/bin/featured", line 598, in <module>
2025 Feb 11 02:34:09.247647 sonic INFO featured[7797]:     main()
2025 Feb 11 02:34:09.247691 sonic INFO featured[7797]:   File "/usr/local/bin/featured", line 591, in main
2025 Feb 11 02:34:09.247802 sonic INFO featured[7797]:     daemon = FeatureDaemon()
2025 Feb 11 02:34:09.247841 sonic INFO featured[7797]:              ^^^^^^^^^^^^^^^
2025 Feb 11 02:34:09.247859 sonic INFO featured[7797]:   File "/usr/local/bin/featured", line 529, in __init__
2025 Feb 11 02:34:09.247897 sonic INFO featured[7797]:     self.feature_handler = FeatureHandler(self.config_db, feature_state_table, self.device_config, self.advanced_boot)
2025 Feb 11 02:34:09.247952 sonic INFO featured[7797]:                            ^^^^^^^^^^^^^^^^^^^^^^^^^^^^^^^^^^^^^^^^^^^^^^^^^^^^^^^^^^^^^^^^^^^^^^^^^^^^^^^^^^^^^^^^^^^
2025 Feb 11 02:34:09.247984 sonic INFO featured[7797]:   File "/usr/local/bin/featured", line 136, in __init__
2025 Feb 11 02:34:09.248044 sonic INFO featured[7797]:     self._device_running_config = device_info.get_device_runtime_metadata()
2025 Feb 11 02:34:09.248087 sonic INFO featured[7797]:                                   ^^^^^^^^^^^^^^^^^^^^^^^^^^^^^^^^^^^^^^^^^
2025 Feb 11 02:34:09.248117 sonic INFO featured[7797]:   File "/usr/local/lib/python3.11/dist-packages/sonic_py_common/device_info.py", line 680, in get_device_runtime_metadata
2025 Feb 11 02:34:09.248161 sonic INFO featured[7797]:     port_metadata = {'ETHERNET_PORTS_PRESENT': True if get_path_to_port_config_file(hwsku=None, asic="0" if is_multi_npu() else None) else False}
2025 Feb 11 02:34:09.248225 sonic INFO featured[7797]:                                                        ^^^^^^^^^^^^^^^^^^^^^^^^^^^^^^^^^^^^^^^^^^^^^^^^^^^^^^^^^^^^^^^^^^^^^^^^^^^^^^
2025 Feb 11 02:34:09.248280 sonic INFO featured[7797]:   File "/usr/local/lib/python3.11/dist-packages/sonic_py_common/device_info.py", line 446, in get_path_to_port_config_file
2025 Feb 11 02:34:09.248334 sonic INFO featured[7797]:     (platform_path, hwsku_path) = get_paths_to_platform_and_hwsku_dirs()
2025 Feb 11 02:34:09.248376 sonic INFO featured[7797]:                                   ^^^^^^^^^^^^^^^^^^^^^^^^^^^^^^^^^^^^^^
2025 Feb 11 02:34:09.248406 sonic INFO featured[7797]:   File "/usr/local/lib/python3.11/dist-packages/sonic_py_common/device_info.py", line 412, in get_paths_to_platform_and_hwsku_dirs
2025 Feb 11 02:34:09.248461 sonic INFO featured[7797]:     hwsku_path = os.path.join(platform_path, hwsku)
2025 Feb 11 02:34:09.248502 sonic INFO featured[7797]:                  ^^^^^^^^^^^^^^^^^^^^^^^^^^^^^^^^^^
2025 Feb 11 02:34:09.248533 sonic INFO featured[7797]:   File "<frozen posixpath>", line 90, in join
2025 Feb 11 02:34:09.248563 sonic INFO featured[7797]:   File "<frozen genericpath>", line 152, in _check_arg_types
2025 Feb 11 02:34:09.248593 sonic INFO featured[7797]: TypeError: join() argument must be str, bytes, or os.PathLike object, not 'NoneType'
2025 Feb 11 02:34:09.266276 sonic NOTICE systemd[1]: featured.service: Main process exited, code=exited, status=1/FAILURE
2025 Feb 11 02:34:09.266462 sonic WARNING systemd[1]: featured.service: Failed with result 'exit-code'.
2025 Feb 11 02:34:09.267789 sonic INFO systemd[1]: caclmgrd.service: Scheduled restart job, restart counter is at 14.
2025 Feb 11 02:34:09.268782 sonic INFO systemd[1]: Stopped caclmgrd.service - Control Plane ACL configuration daemon.
2025 Feb 11 02:34:09.306631 sonic INFO systemd[1]: Started caclmgrd.service - Control Plane ACL configuration daemon.
2025 Feb 11 02:34:09.306776 sonic WARNING systemd[1]: featured.service: Start request repeated too quickly.
2025 Feb 11 02:34:09.306849 sonic WARNING systemd[1]: featured.service: Failed with result 'exit-code'.
2025 Feb 11 02:34:09.306932 sonic ERR systemd[1]: Failed to start featured.service - Feature configuration daemon.
2025 Feb 11 02:34:09.308428 sonic WARNING systemd[1]: featured.service: Start request repeated too quickly.
2025 Feb 11 02:34:09.308489 sonic WARNING systemd[1]: featured.service: Failed with result 'exit-code'.
2025 Feb 11 02:34:09.308556 sonic ERR systemd[1]: Failed to start featured.service - Feature configuration daemon.
2025 Feb 11 02:34:09.430004 sonic INFO caclmgrd[7798]: Traceback (most recent call last):
2025 Feb 11 02:34:09.430081 sonic INFO caclmgrd[7798]:   File "/usr/local/bin/caclmgrd", line 1146, in <module>
2025 Feb 11 02:34:09.430115 sonic INFO caclmgrd[7798]:     main()
2025 Feb 11 02:34:09.430132 sonic INFO caclmgrd[7798]:   File "/usr/local/bin/caclmgrd", line 1137, in main
2025 Feb 11 02:34:09.430148 sonic INFO caclmgrd[7798]:     caclmgr = ControlPlaneAclManager(SYSLOG_IDENTIFIER)
2025 Feb 11 02:34:09.430164 sonic INFO caclmgrd[7798]:               ^^^^^^^^^^^^^^^^^^^^^^^^^^^^^^^^^^^^^^^^^
2025 Feb 11 02:34:09.430181 sonic INFO caclmgrd[7798]:   File "/usr/local/bin/caclmgrd", line 156, in __init__
2025 Feb 11 02:34:09.430229 sonic INFO caclmgrd[7798]:     if 'subtype' in metadata['localhost'] and metadata['localhost']['subtype'] == 'DualToR':
2025 Feb 11 02:34:09.430246 sonic INFO caclmgrd[7798]:                     ~~~~~~~~^^^^^^^^^^^^^
2025 Feb 11 02:34:09.430277 sonic INFO caclmgrd[7798]: KeyError: 'localhost'
2025 Feb 11 02:34:09.442010 sonic NOTICE systemd[1]: caclmgrd.service: Main process exited, code=exited, status=1/FAILURE
2025 Feb 11 02:34:09.442131 sonic WARNING systemd[1]: caclmgrd.service: Failed with result 'exit-code'.
2025 Feb 11 02:34:09.443792 sonic WARNING systemd[1]: featured.service: Start request repeated too quickly.
2025 Feb 11 02:34:09.443861 sonic WARNING systemd[1]: featured.service: Failed with result 'exit-code'.
2025 Feb 11 02:34:09.443891 sonic ERR systemd[1]: Failed to start featured.service - Feature configuration daemon.
2025 Feb 11 02:34:13.357897 sonic INFO python[7822]: ansible-port_alias Invoked with hostname=vlab-08 switchids=[] card_type=fixed hwsku=msft_four_asic_vs include_internal=False num_asic=None slotid=None
2025 Feb 11 02:34:16.510531 sonic INFO python[7836]: ansible-file Invoked with state=directory mode=0755 path=/etc/sonic/telemetry recurse=False force=False follow=True modification_time_format=%Y%m%d%H%M.%S access_time_format=%Y%m%d%H%M.%S _original_basename=None _diff_peek=None src=None modification_time=None access_time=None owner=None group=None seuser=None serole=None selevel=None setype=None attributes=None content=NOT_LOGGING_PARAMETER backup=None remote_src=None regexp=None delimiter=None directory_mode=None unsafe_writes=None
2025 Feb 11 02:34:16.940160 sonic INFO python[7843]: ansible-command Invoked with _raw_params=openssl req -x509 -sha256 -nodes -newkey rsa:2048 -keyout "/etc/sonic/telemetry/streamingtelemetryserver.key" -subj "/CN=ndastreamingservertest" -out "/etc/sonic/telemetry/streamingtelemetryserver.cer" warn=True _uses_shell=False stdin_add_newline=True strip_empty_ends=True argv=None chdir=None executable=None creates=None removes=None stdin=None
2025 Feb 11 02:34:17.394887 sonic INFO python[7849]: ansible-command Invoked with _raw_params=openssl req -x509 -sha256 -nodes -newkey rsa:2048 -keyout "/etc/sonic/telemetry/dsmsroot.key" -subj "/CN=ndastreamingclienttest" -out "/etc/sonic/telemetry/dsmsroot.cer" warn=True _uses_shell=False stdin_add_newline=True strip_empty_ends=True argv=None chdir=None executable=None creates=None removes=None stdin=None
2025 Feb 11 02:34:18.064286 sonic INFO python[7858]: ansible-file Invoked with state=directory mode=0755 path=/etc/sonic/credentials recurse=False force=False follow=True modification_time_format=%Y%m%d%H%M.%S access_time_format=%Y%m%d%H%M.%S _original_basename=None _diff_peek=None src=None modification_time=None access_time=None owner=None group=None seuser=None serole=None selevel=None setype=None attributes=None content=NOT_LOGGING_PARAMETER backup=None remote_src=None regexp=None delimiter=None directory_mode=None unsafe_writes=None
2025 Feb 11 02:34:18.317647 sonic INFO python[7863]: ansible-command Invoked with _raw_params=openssl req -x509 -sha256 -nodes -newkey rsa:2048 -keyout "/etc/sonic/credentials/restapiserver.key" -subj "/CN=client.restapi.test" -out "/etc/sonic/credentials/restapiserver.crt" warn=True _uses_shell=False stdin_add_newline=True strip_empty_ends=True argv=None chdir=None executable=None creates=None removes=None stdin=None
2025 Feb 11 02:34:19.041585 sonic INFO python[7871]: ansible-command Invoked with _uses_shell=True _raw_params=mv /etc/sonic/minigraph.xml /etc/sonic/minigraph.xml.orig warn=True stdin_add_newline=True strip_empty_ends=True argv=None chdir=None executable=None creates=None removes=None stdin=None
2025 Feb 11 02:34:20.039002 sonic INFO python[7887]: ansible-stat Invoked with checksum_algorithm=sha1 get_checksum=True follow=False path=/etc/sonic/minigraph.xml get_mime=True get_attributes=True get_md5=None
2025 Feb 11 02:34:20.491044 sonic INFO python[7896]: ansible-copy Invoked with src=/tmp/.ansible-admin/ansible-tmp-1739241259.5-6499-83666821704238/source dest=/etc/sonic/minigraph.xml checksum=ff4b76a692744b39f94006ee457f00a0b1feb270 _original_basename=minigraph_template.j2 mode=None follow=False backup=False force=True content=NOT_LOGGING_PARAMETER validate=None directory_mode=None remote_src=None local_follow=None owner=None group=None seuser=None serole=None selevel=None setype=None attributes=None regexp=None delimiter=None unsafe_writes=None
2025 Feb 11 02:34:21.249017 sonic INFO python[7904]: ansible-stat Invoked with path=/etc/sonic/core_analyzer.rc.json follow=False get_checksum=True get_mime=True get_attributes=True checksum_algorithm=sha1 get_md5=None
2025 Feb 11 02:34:21.927917 sonic INFO python[7913]: ansible-lineinfile Invoked with regexp=^snmp_rocommunity: line=snmp_rocommunity: public name=/etc/sonic/snmp.yml path=/etc/sonic/snmp.yml state=present backrefs=False create=False backup=False firstmatch=False follow=False insertafter=None insertbefore=None validate=None mode=None owner=None group=None seuser=None serole=None selevel=None setype=None attributes=None src=None force=None content=NOT_LOGGING_PARAMETER remote_src=None delimiter=None directory_mode=None unsafe_writes=None
2025 Feb 11 02:34:22.177708 sonic INFO python[7916]: ansible-command Invoked with _uses_shell=True _raw_params=docker ps warn=True stdin_add_newline=True strip_empty_ends=True argv=None chdir=None executable=None creates=None removes=None stdin=None
2025 Feb 11 02:34:22.499278 sonic INFO python[7930]: ansible-command Invoked with _uses_shell=True _raw_params=systemctl start topology.service warn=True stdin_add_newline=True strip_empty_ends=True argv=None chdir=None executable=None creates=None removes=None stdin=None
2025 Feb 11 02:34:22.564226 sonic INFO systemd[1]: Started featured.service - Feature configuration daemon.
2025 Feb 11 02:34:22.743321 sonic INFO featured: ConfigDB connect success
2025 Feb 11 02:34:22.747711 sonic INFO featured[7933]: Traceback (most recent call last):
2025 Feb 11 02:34:22.747781 sonic INFO featured[7933]:   File "/usr/local/bin/featured", line 598, in <module>
2025 Feb 11 02:34:22.747882 sonic INFO featured[7933]:     main()
2025 Feb 11 02:34:22.747921 sonic INFO featured[7933]:   File "/usr/local/bin/featured", line 591, in main
2025 Feb 11 02:34:22.748038 sonic INFO featured[7933]:     daemon = FeatureDaemon()
2025 Feb 11 02:34:22.748086 sonic INFO featured[7933]:              ^^^^^^^^^^^^^^^
2025 Feb 11 02:34:22.748113 sonic INFO featured[7933]:   File "/usr/local/bin/featured", line 529, in __init__
2025 Feb 11 02:34:22.748146 sonic INFO featured[7933]:     self.feature_handler = FeatureHandler(self.config_db, feature_state_table, self.device_config, self.advanced_boot)
2025 Feb 11 02:34:22.748216 sonic INFO featured[7933]:                            ^^^^^^^^^^^^^^^^^^^^^^^^^^^^^^^^^^^^^^^^^^^^^^^^^^^^^^^^^^^^^^^^^^^^^^^^^^^^^^^^^^^^^^^^^^^
2025 Feb 11 02:34:22.748244 sonic INFO featured[7933]:   File "/usr/local/bin/featured", line 136, in __init__
2025 Feb 11 02:34:22.748275 sonic INFO featured[7933]:     self._device_running_config = device_info.get_device_runtime_metadata()
2025 Feb 11 02:34:22.748306 sonic INFO featured[7933]:                                   ^^^^^^^^^^^^^^^^^^^^^^^^^^^^^^^^^^^^^^^^^
2025 Feb 11 02:34:22.748331 sonic INFO featured[7933]:   File "/usr/local/lib/python3.11/dist-packages/sonic_py_common/device_info.py", line 680, in get_device_runtime_metadata
2025 Feb 11 02:34:22.748437 sonic INFO featured[7933]:     port_metadata = {'ETHERNET_PORTS_PRESENT': True if get_path_to_port_config_file(hwsku=None, asic="0" if is_multi_npu() else None) else False}
2025 Feb 11 02:34:22.748484 sonic INFO featured[7933]:                                                        ^^^^^^^^^^^^^^^^^^^^^^^^^^^^^^^^^^^^^^^^^^^^^^^^^^^^^^^^^^^^^^^^^^^^^^^^^^^^^^
2025 Feb 11 02:34:22.748512 sonic INFO featured[7933]:   File "/usr/local/lib/python3.11/dist-packages/sonic_py_common/device_info.py", line 446, in get_path_to_port_config_file
2025 Feb 11 02:34:22.748558 sonic INFO featured[7933]:     (platform_path, hwsku_path) = get_paths_to_platform_and_hwsku_dirs()
2025 Feb 11 02:34:22.748590 sonic INFO featured[7933]:                                   ^^^^^^^^^^^^^^^^^^^^^^^^^^^^^^^^^^^^^^
2025 Feb 11 02:34:22.748616 sonic INFO featured[7933]:   File "/usr/local/lib/python3.11/dist-packages/sonic_py_common/device_info.py", line 412, in get_paths_to_platform_and_hwsku_dirs
2025 Feb 11 02:34:22.748665 sonic INFO featured[7933]:     hwsku_path = os.path.join(platform_path, hwsku)
2025 Feb 11 02:34:22.748699 sonic INFO featured[7933]:                  ^^^^^^^^^^^^^^^^^^^^^^^^^^^^^^^^^^
2025 Feb 11 02:34:22.748725 sonic INFO featured[7933]:   File "<frozen posixpath>", line 90, in join
2025 Feb 11 02:34:22.748749 sonic INFO featured[7933]:   File "<frozen genericpath>", line 152, in _check_arg_types
2025 Feb 11 02:34:22.748778 sonic INFO featured[7933]: TypeError: join() argument must be str, bytes, or os.PathLike object, not 'NoneType'
2025 Feb 11 02:34:22.768094 sonic NOTICE systemd[1]: featured.service: Main process exited, code=exited, status=1/FAILURE
2025 Feb 11 02:34:22.768233 sonic WARNING systemd[1]: featured.service: Failed with result 'exit-code'.
2025 Feb 11 02:34:22.822477 sonic INFO systemd[1]: Started featured.service - Feature configuration daemon.
2025 Feb 11 02:34:22.860695 sonic INFO python[7940]: ansible-file Invoked with state=absent path=/etc/sonic/acl.json recurse=False force=False follow=True modification_time_format=%Y%m%d%H%M.%S access_time_format=%Y%m%d%H%M.%S _original_basename=None _diff_peek=None src=None modification_time=None access_time=None mode=None owner=None group=None seuser=None serole=None selevel=None setype=None attributes=None content=NOT_LOGGING_PARAMETER backup=None remote_src=None regexp=None delimiter=None directory_mode=None unsafe_writes=None
2025 Feb 11 02:34:23.006911 sonic INFO featured: ConfigDB connect success
2025 Feb 11 02:34:23.011086 sonic INFO featured[7941]: Traceback (most recent call last):
2025 Feb 11 02:34:23.011164 sonic INFO featured[7941]:   File "/usr/local/bin/featured", line 598, in <module>
2025 Feb 11 02:34:23.011300 sonic INFO featured[7941]:     main()
2025 Feb 11 02:34:23.011357 sonic INFO featured[7941]:   File "/usr/local/bin/featured", line 591, in main
2025 Feb 11 02:34:23.011459 sonic INFO featured[7941]:     daemon = FeatureDaemon()
2025 Feb 11 02:34:23.011508 sonic INFO featured[7941]:              ^^^^^^^^^^^^^^^
2025 Feb 11 02:34:23.011547 sonic INFO featured[7941]:   File "/usr/local/bin/featured", line 529, in __init__
2025 Feb 11 02:34:23.011606 sonic INFO featured[7941]:     self.feature_handler = FeatureHandler(self.config_db, feature_state_table, self.device_config, self.advanced_boot)
2025 Feb 11 02:34:23.011649 sonic INFO featured[7941]:                            ^^^^^^^^^^^^^^^^^^^^^^^^^^^^^^^^^^^^^^^^^^^^^^^^^^^^^^^^^^^^^^^^^^^^^^^^^^^^^^^^^^^^^^^^^^^
2025 Feb 11 02:34:23.011698 sonic INFO featured[7941]:   File "/usr/local/bin/featured", line 136, in __init__
2025 Feb 11 02:34:23.011749 sonic INFO featured[7941]:     self._device_running_config = device_info.get_device_runtime_metadata()
2025 Feb 11 02:34:23.011789 sonic INFO featured[7941]:                                   ^^^^^^^^^^^^^^^^^^^^^^^^^^^^^^^^^^^^^^^^^
2025 Feb 11 02:34:23.011829 sonic INFO featured[7941]:   File "/usr/local/lib/python3.11/dist-packages/sonic_py_common/device_info.py", line 680, in get_device_runtime_metadata
2025 Feb 11 02:34:23.011880 sonic INFO featured[7941]:     port_metadata = {'ETHERNET_PORTS_PRESENT': True if get_path_to_port_config_file(hwsku=None, asic="0" if is_multi_npu() else None) else False}
2025 Feb 11 02:34:23.011921 sonic INFO featured[7941]:                                                        ^^^^^^^^^^^^^^^^^^^^^^^^^^^^^^^^^^^^^^^^^^^^^^^^^^^^^^^^^^^^^^^^^^^^^^^^^^^^^^
2025 Feb 11 02:34:23.011961 sonic INFO featured[7941]:   File "/usr/local/lib/python3.11/dist-packages/sonic_py_common/device_info.py", line 446, in get_path_to_port_config_file
2025 Feb 11 02:34:23.012010 sonic INFO featured[7941]:     (platform_path, hwsku_path) = get_paths_to_platform_and_hwsku_dirs()
2025 Feb 11 02:34:23.012049 sonic INFO featured[7941]:                                   ^^^^^^^^^^^^^^^^^^^^^^^^^^^^^^^^^^^^^^
2025 Feb 11 02:34:23.012089 sonic INFO featured[7941]:   File "/usr/local/lib/python3.11/dist-packages/sonic_py_common/device_info.py", line 412, in get_paths_to_platform_and_hwsku_dirs
2025 Feb 11 02:34:23.012139 sonic INFO featured[7941]:     hwsku_path = os.path.join(platform_path, hwsku)
2025 Feb 11 02:34:23.012206 sonic INFO featured[7941]:                  ^^^^^^^^^^^^^^^^^^^^^^^^^^^^^^^^^^
2025 Feb 11 02:34:23.012237 sonic INFO featured[7941]:   File "<frozen posixpath>", line 90, in join
2025 Feb 11 02:34:23.012278 sonic INFO featured[7941]:   File "<frozen genericpath>", line 152, in _check_arg_types
2025 Feb 11 02:34:23.012318 sonic INFO featured[7941]: TypeError: join() argument must be str, bytes, or os.PathLike object, not 'NoneType'
2025 Feb 11 02:34:23.030761 sonic NOTICE systemd[1]: featured.service: Main process exited, code=exited, status=1/FAILURE
2025 Feb 11 02:34:23.030861 sonic WARNING systemd[1]: featured.service: Failed with result 'exit-code'.
2025 Feb 11 02:34:23.061013 sonic INFO systemd[1]: Started featured.service - Feature configuration daemon.
2025 Feb 11 02:34:23.126748 sonic INFO python[7946]: ansible-file Invoked with state=absent path=/etc/sonic/port_config.json recurse=False force=False follow=True modification_time_format=%Y%m%d%H%M.%S access_time_format=%Y%m%d%H%M.%S _original_basename=None _diff_peek=None src=None modification_time=None access_time=None mode=None owner=None group=None seuser=None serole=None selevel=None setype=None attributes=None content=NOT_LOGGING_PARAMETER backup=None remote_src=None regexp=None delimiter=None directory_mode=None unsafe_writes=None
2025 Feb 11 02:34:23.206640 sonic INFO featured: ConfigDB connect success
2025 Feb 11 02:34:23.210985 sonic INFO featured[7947]: Traceback (most recent call last):
2025 Feb 11 02:34:23.211077 sonic INFO featured[7947]:   File "/usr/local/bin/featured", line 598, in <module>
2025 Feb 11 02:34:23.211332 sonic INFO featured[7947]:     main()
2025 Feb 11 02:34:23.211402 sonic INFO featured[7947]:   File "/usr/local/bin/featured", line 591, in main
2025 Feb 11 02:34:23.211575 sonic INFO featured[7947]:     daemon = FeatureDaemon()
2025 Feb 11 02:34:23.211637 sonic INFO featured[7947]:              ^^^^^^^^^^^^^^^
2025 Feb 11 02:34:23.211681 sonic INFO featured[7947]:   File "/usr/local/bin/featured", line 529, in __init__
2025 Feb 11 02:34:23.211762 sonic INFO featured[7947]:     self.feature_handler = FeatureHandler(self.config_db, feature_state_table, self.device_config, self.advanced_boot)
2025 Feb 11 02:34:23.211823 sonic INFO featured[7947]:                            ^^^^^^^^^^^^^^^^^^^^^^^^^^^^^^^^^^^^^^^^^^^^^^^^^^^^^^^^^^^^^^^^^^^^^^^^^^^^^^^^^^^^^^^^^^^
2025 Feb 11 02:34:23.211877 sonic INFO featured[7947]:   File "/usr/local/bin/featured", line 136, in __init__
2025 Feb 11 02:34:23.211929 sonic INFO featured[7947]:     self._device_running_config = device_info.get_device_runtime_metadata()
2025 Feb 11 02:34:23.211981 sonic INFO featured[7947]:                                   ^^^^^^^^^^^^^^^^^^^^^^^^^^^^^^^^^^^^^^^^^
2025 Feb 11 02:34:23.212028 sonic INFO featured[7947]:   File "/usr/local/lib/python3.11/dist-packages/sonic_py_common/device_info.py", line 680, in get_device_runtime_metadata
2025 Feb 11 02:34:23.212234 sonic INFO featured[7947]:     port_metadata = {'ETHERNET_PORTS_PRESENT': True if get_path_to_port_config_file(hwsku=None, asic="0" if is_multi_npu() else None) else False}
2025 Feb 11 02:34:23.212306 sonic INFO featured[7947]:                                                        ^^^^^^^^^^^^^^^^^^^^^^^^^^^^^^^^^^^^^^^^^^^^^^^^^^^^^^^^^^^^^^^^^^^^^^^^^^^^^^
2025 Feb 11 02:34:23.212353 sonic INFO featured[7947]:   File "/usr/local/lib/python3.11/dist-packages/sonic_py_common/device_info.py", line 446, in get_path_to_port_config_file
2025 Feb 11 02:34:23.212428 sonic INFO featured[7947]:     (platform_path, hwsku_path) = get_paths_to_platform_and_hwsku_dirs()
2025 Feb 11 02:34:23.212482 sonic INFO featured[7947]:                                   ^^^^^^^^^^^^^^^^^^^^^^^^^^^^^^^^^^^^^^
2025 Feb 11 02:34:23.212528 sonic INFO featured[7947]:   File "/usr/local/lib/python3.11/dist-packages/sonic_py_common/device_info.py", line 412, in get_paths_to_platform_and_hwsku_dirs
2025 Feb 11 02:34:23.212672 sonic INFO featured[7947]:     hwsku_path = os.path.join(platform_path, hwsku)
2025 Feb 11 02:34:23.212733 sonic INFO featured[7947]:                  ^^^^^^^^^^^^^^^^^^^^^^^^^^^^^^^^^^
2025 Feb 11 02:34:23.212776 sonic INFO featured[7947]:   File "<frozen posixpath>", line 90, in join
2025 Feb 11 02:34:23.212816 sonic INFO featured[7947]:   File "<frozen genericpath>", line 152, in _check_arg_types
2025 Feb 11 02:34:23.212860 sonic INFO featured[7947]: TypeError: join() argument must be str, bytes, or os.PathLike object, not 'NoneType'
2025 Feb 11 02:34:23.238863 sonic NOTICE systemd[1]: featured.service: Main process exited, code=exited, status=1/FAILURE
2025 Feb 11 02:34:23.238970 sonic WARNING systemd[1]: featured.service: Failed with result 'exit-code'.
2025 Feb 11 02:34:23.292804 sonic INFO systemd[1]: Started featured.service - Feature configuration daemon.
2025 Feb 11 02:34:23.446729 sonic INFO featured: ConfigDB connect success
2025 Feb 11 02:34:23.463645 sonic INFO featured[7949]: Traceback (most recent call last):
2025 Feb 11 02:34:23.463727 sonic INFO featured[7949]:   File "/usr/local/bin/featured", line 598, in <module>
2025 Feb 11 02:34:23.463931 sonic INFO featured[7949]:     main()
2025 Feb 11 02:34:23.463971 sonic INFO featured[7949]:   File "/usr/local/bin/featured", line 591, in main
2025 Feb 11 02:34:23.464095 sonic INFO featured[7949]:     daemon = FeatureDaemon()
2025 Feb 11 02:34:23.464136 sonic INFO featured[7949]:              ^^^^^^^^^^^^^^^
2025 Feb 11 02:34:23.464152 sonic INFO featured[7949]:   File "/usr/local/bin/featured", line 529, in __init__
2025 Feb 11 02:34:23.464266 sonic INFO featured[7949]:     self.feature_handler = FeatureHandler(self.config_db, feature_state_table, self.device_config, self.advanced_boot)
2025 Feb 11 02:34:23.464305 sonic INFO featured[7949]:                            ^^^^^^^^^^^^^^^^^^^^^^^^^^^^^^^^^^^^^^^^^^^^^^^^^^^^^^^^^^^^^^^^^^^^^^^^^^^^^^^^^^^^^^^^^^^
2025 Feb 11 02:34:23.464322 sonic INFO featured[7949]:   File "/usr/local/bin/featured", line 136, in __init__
2025 Feb 11 02:34:23.464367 sonic INFO featured[7949]:     self._device_running_config = device_info.get_device_runtime_metadata()
2025 Feb 11 02:34:23.464399 sonic INFO featured[7949]:                                   ^^^^^^^^^^^^^^^^^^^^^^^^^^^^^^^^^^^^^^^^^
2025 Feb 11 02:34:23.464427 sonic INFO featured[7949]:   File "/usr/local/lib/python3.11/dist-packages/sonic_py_common/device_info.py", line 680, in get_device_runtime_metadata
2025 Feb 11 02:34:23.466088 sonic INFO featured[7949]:     port_metadata = {'ETHERNET_PORTS_PRESENT': True if get_path_to_port_config_file(hwsku=None, asic="0" if is_multi_npu() else None) else False}
2025 Feb 11 02:34:23.466141 sonic INFO featured[7949]:                                                        ^^^^^^^^^^^^^^^^^^^^^^^^^^^^^^^^^^^^^^^^^^^^^^^^^^^^^^^^^^^^^^^^^^^^^^^^^^^^^^
2025 Feb 11 02:34:23.466187 sonic INFO featured[7949]:   File "/usr/local/lib/python3.11/dist-packages/sonic_py_common/device_info.py", line 446, in get_path_to_port_config_file
2025 Feb 11 02:34:23.466215 sonic INFO featured[7949]:     (platform_path, hwsku_path) = get_paths_to_platform_and_hwsku_dirs()
2025 Feb 11 02:34:23.466243 sonic INFO featured[7949]:                                   ^^^^^^^^^^^^^^^^^^^^^^^^^^^^^^^^^^^^^^
2025 Feb 11 02:34:23.466260 sonic INFO featured[7949]:   File "/usr/local/lib/python3.11/dist-packages/sonic_py_common/device_info.py", line 412, in get_paths_to_platform_and_hwsku_dirs
2025 Feb 11 02:34:23.466284 sonic INFO featured[7949]:     hwsku_path = os.path.join(platform_path, hwsku)
2025 Feb 11 02:34:23.466309 sonic INFO featured[7949]:                  ^^^^^^^^^^^^^^^^^^^^^^^^^^^^^^^^^^
2025 Feb 11 02:34:23.466325 sonic INFO featured[7949]:   File "<frozen posixpath>", line 90, in join
2025 Feb 11 02:34:23.466349 sonic INFO featured[7949]:   File "<frozen genericpath>", line 152, in _check_arg_types
2025 Feb 11 02:34:23.466373 sonic INFO featured[7949]: TypeError: join() argument must be str, bytes, or os.PathLike object, not 'NoneType'
2025 Feb 11 02:34:23.485627 sonic NOTICE systemd[1]: featured.service: Main process exited, code=exited, status=1/FAILURE
2025 Feb 11 02:34:23.485757 sonic WARNING systemd[1]: featured.service: Failed with result 'exit-code'.
2025 Feb 11 02:34:23.523030 sonic INFO systemd[1]: Started featured.service - Feature configuration daemon.
2025 Feb 11 02:34:23.676304 sonic INFO featured: ConfigDB connect success
2025 Feb 11 02:34:23.681229 sonic INFO featured[7954]: Traceback (most recent call last):
2025 Feb 11 02:34:23.681736 sonic INFO featured[7954]:   File "/usr/local/bin/featured", line 598, in <module>
2025 Feb 11 02:34:23.681782 sonic INFO featured[7954]:     main()
2025 Feb 11 02:34:23.681850 sonic INFO featured[7954]:   File "/usr/local/bin/featured", line 591, in main
2025 Feb 11 02:34:23.682559 sonic INFO featured[7954]:     daemon = FeatureDaemon()
2025 Feb 11 02:34:23.682634 sonic INFO featured[7954]:              ^^^^^^^^^^^^^^^
2025 Feb 11 02:34:23.682658 sonic INFO featured[7954]:   File "/usr/local/bin/featured", line 529, in __init__
2025 Feb 11 02:34:23.682717 sonic INFO featured[7954]:     self.feature_handler = FeatureHandler(self.config_db, feature_state_table, self.device_config, self.advanced_boot)
2025 Feb 11 02:34:23.682888 sonic INFO featured[7954]:                            ^^^^^^^^^^^^^^^^^^^^^^^^^^^^^^^^^^^^^^^^^^^^^^^^^^^^^^^^^^^^^^^^^^^^^^^^^^^^^^^^^^^^^^^^^^^
2025 Feb 11 02:34:23.682924 sonic INFO featured[7954]:   File "/usr/local/bin/featured", line 136, in __init__
2025 Feb 11 02:34:23.682966 sonic INFO featured[7954]:     self._device_running_config = device_info.get_device_runtime_metadata()
2025 Feb 11 02:34:23.683020 sonic INFO featured[7954]:                                   ^^^^^^^^^^^^^^^^^^^^^^^^^^^^^^^^^^^^^^^^^
2025 Feb 11 02:34:23.683068 sonic INFO featured[7954]:   File "/usr/local/lib/python3.11/dist-packages/sonic_py_common/device_info.py", line 680, in get_device_runtime_metadata
2025 Feb 11 02:34:23.683279 sonic INFO featured[7954]:     port_metadata = {'ETHERNET_PORTS_PRESENT': True if get_path_to_port_config_file(hwsku=None, asic="0" if is_multi_npu() else None) else False}
2025 Feb 11 02:34:23.683348 sonic INFO featured[7954]:                                                        ^^^^^^^^^^^^^^^^^^^^^^^^^^^^^^^^^^^^^^^^^^^^^^^^^^^^^^^^^^^^^^^^^^^^^^^^^^^^^^
2025 Feb 11 02:34:23.683401 sonic INFO featured[7954]:   File "/usr/local/lib/python3.11/dist-packages/sonic_py_common/device_info.py", line 446, in get_path_to_port_config_file
2025 Feb 11 02:34:23.683488 sonic INFO featured[7954]:     (platform_path, hwsku_path) = get_paths_to_platform_and_hwsku_dirs()
2025 Feb 11 02:34:23.683556 sonic INFO featured[7954]:                                   ^^^^^^^^^^^^^^^^^^^^^^^^^^^^^^^^^^^^^^
2025 Feb 11 02:34:23.683601 sonic INFO featured[7954]:   File "/usr/local/lib/python3.11/dist-packages/sonic_py_common/device_info.py", line 412, in get_paths_to_platform_and_hwsku_dirs
2025 Feb 11 02:34:23.683655 sonic INFO featured[7954]:     hwsku_path = os.path.join(platform_path, hwsku)
2025 Feb 11 02:34:23.683695 sonic INFO featured[7954]:                  ^^^^^^^^^^^^^^^^^^^^^^^^^^^^^^^^^^
2025 Feb 11 02:34:23.683737 sonic INFO featured[7954]:   File "<frozen posixpath>", line 90, in join
2025 Feb 11 02:34:23.683778 sonic INFO featured[7954]:   File "<frozen genericpath>", line 152, in _check_arg_types
2025 Feb 11 02:34:23.683829 sonic INFO featured[7954]: TypeError: join() argument must be str, bytes, or os.PathLike object, not 'NoneType'
2025 Feb 11 02:34:23.712456 sonic NOTICE systemd[1]: featured.service: Main process exited, code=exited, status=1/FAILURE
2025 Feb 11 02:34:23.712619 sonic WARNING systemd[1]: featured.service: Failed with result 'exit-code'.
2025 Feb 11 02:34:23.714593 sonic WARNING systemd[1]: featured.service: Start request repeated too quickly.
2025 Feb 11 02:34:23.714690 sonic WARNING systemd[1]: featured.service: Failed with result 'exit-code'.
2025 Feb 11 02:34:23.714740 sonic ERR systemd[1]: Failed to start featured.service - Feature configuration daemon.
2025 Feb 11 02:34:23.724579 sonic INFO python[7953]: ansible-generate_golden_config_db Invoked with port_index_map={'11': 'Ethernet-BP44', '10': 'Ethernet-BP40', '17': 'Ethernet-BP68', '16': 'Ethernet-BP64', '19': 'Ethernet-BP76', '18': 'Ethernet-BP72', '1': 'Ethernet-BP4', '0': 'Ethernet-BP0', '3': 'Ethernet-BP12', '2': 'Ethernet-BP8', '5': 'Ethernet-BP20', '4': 'Ethernet-BP16', '7': 'Ethernet-BP28', '6': 'Ethernet-BP24', '9': 'Ethernet-BP36', '8': 'Ethernet-BP32'} topo_name=t1-8-lag num_asics=1 macsec_profile=None
2025 Feb 11 02:34:24.111084 sonic INFO python[7961]: ansible-command Invoked with _uses_shell=True _raw_params=config load_minigraph --override_config -y warn=True stdin_add_newline=True strip_empty_ends=True argv=None chdir=None executable=None creates=None removes=None stdin=None
2025 Feb 11 02:34:24.415050 sonic NOTICE switch_hash: 'load_minigraph' executing with command: config load_minigraph --override_config -y
2025 Feb 11 02:34:24.428417 sonic INFO sonic_yang: module: sonic-acl is loaded successfully
2025 Feb 11 02:34:24.428572 sonic INFO sonic_yang: module: sonic-asic-sensors is loaded successfully
2025 Feb 11 02:34:24.428779 sonic INFO sonic_yang: module: sonic-auto_techsupport is loaded successfully
2025 Feb 11 02:34:24.428926 sonic INFO sonic_yang: module: sonic-banner is loaded successfully
2025 Feb 11 02:34:24.432466 sonic INFO sonic_yang: module: sonic-bgp-allowed-prefix is loaded successfully
2025 Feb 11 02:34:24.432601 sonic INFO sonic_yang: module: sonic-bgp-bbr is loaded successfully
2025 Feb 11 02:34:24.432724 sonic INFO sonic_yang: module: sonic-bgp-common is loaded successfully
2025 Feb 11 02:34:24.432867 sonic INFO sonic_yang: module: sonic-bgp-device-global is loaded successfully
2025 Feb 11 02:34:24.433709 sonic INFO sonic_yang: module: sonic-bgp-global is loaded successfully
2025 Feb 11 02:34:24.433916 sonic INFO sonic_yang: module: sonic-bgp-internal-neighbor is loaded successfully
2025 Feb 11 02:34:24.434057 sonic INFO sonic_yang: module: sonic-bgp-monitor is loaded successfully
2025 Feb 11 02:34:24.435556 sonic INFO sonic_yang: module: sonic-bgp-neighbor is loaded successfully
2025 Feb 11 02:34:24.435639 sonic INFO sonic_yang: module: sonic-bgp-peergroup is loaded successfully
2025 Feb 11 02:34:24.435775 sonic INFO sonic_yang: module: sonic-bgp-peerrange is loaded successfully
2025 Feb 11 02:34:24.435909 sonic INFO sonic_yang: module: sonic-bgp-sentinel is loaded successfully
2025 Feb 11 02:34:24.436085 sonic INFO sonic_yang: module: sonic-bgp-voq-chassis-neighbor is loaded successfully
2025 Feb 11 02:34:24.436244 sonic INFO sonic_yang: module: sonic-bmp is loaded successfully
2025 Feb 11 02:34:24.436355 sonic INFO sonic_yang: module: sonic-breakout_cfg is loaded successfully
2025 Feb 11 02:34:24.438313 sonic INFO sonic_yang: module: sonic-buffer-pg is loaded successfully
2025 Feb 11 02:34:24.439964 sonic INFO sonic_yang: module: sonic-buffer-pool is loaded successfully
2025 Feb 11 02:34:24.440324 sonic INFO sonic_yang: module: sonic-buffer-port-egress-profile-list is loaded successfully
2025 Feb 11 02:34:24.440506 sonic INFO sonic_yang: module: sonic-buffer-port-ingress-profile-list is loaded successfully
2025 Feb 11 02:34:24.440673 sonic INFO sonic_yang: module: sonic-buffer-profile is loaded successfully
2025 Feb 11 02:34:24.441113 sonic INFO sonic_yang: module: sonic-buffer-queue is loaded successfully
2025 Feb 11 02:34:24.441334 sonic INFO sonic_yang: module: sonic-cable-length is loaded successfully
2025 Feb 11 02:34:24.441536 sonic INFO sonic_yang: module: sonic-chassis-module is loaded successfully
2025 Feb 11 02:34:24.442705 sonic INFO sonic_yang: module: sonic-console is loaded successfully
2025 Feb 11 02:34:24.444241 sonic INFO sonic_yang: module: sonic-copp is loaded successfully
2025 Feb 11 02:34:24.446549 sonic INFO sonic_yang: module: sonic-crm is loaded successfully
2025 Feb 11 02:34:24.447278 sonic INFO sonic_yang: module: sonic-dash is loaded successfully
2025 Feb 11 02:34:24.447440 sonic INFO sonic_yang: module: sonic-default-lossless-buffer-parameter is loaded successfully
2025 Feb 11 02:34:24.447597 sonic INFO sonic_yang: module: sonic-device_metadata is loaded successfully
2025 Feb 11 02:34:24.447766 sonic INFO sonic_yang: module: sonic-device_neighbor is loaded successfully
2025 Feb 11 02:34:24.448002 sonic INFO sonic_yang: module: sonic-device_neighbor_metadata is loaded successfully
2025 Feb 11 02:34:24.449158 sonic INFO sonic_yang: module: sonic-dhcp-server-ipv4 is loaded successfully
2025 Feb 11 02:34:24.449375 sonic INFO sonic_yang: module: sonic-dhcp-server is loaded successfully
2025 Feb 11 02:34:24.449713 sonic INFO sonic_yang: module: sonic-dhcpv6-relay is loaded successfully
2025 Feb 11 02:34:24.449868 sonic INFO sonic_yang: module: sonic-dns is loaded successfully
2025 Feb 11 02:34:24.450087 sonic INFO sonic_yang: module: sonic-dot1p-tc-map is loaded successfully
2025 Feb 11 02:34:24.450298 sonic INFO sonic_yang: module: sonic-dscp-fc-map is loaded successfully
2025 Feb 11 02:34:24.450501 sonic INFO sonic_yang: module: sonic-dscp-tc-map is loaded successfully
2025 Feb 11 02:34:24.451369 sonic INFO sonic_yang: module: sonic-events-bgp is loaded successfully
2025 Feb 11 02:34:24.451465 sonic INFO sonic_yang: module: sonic-events-common is loaded successfully
2025 Feb 11 02:34:24.451725 sonic INFO sonic_yang: module: sonic-events-dhcp-relay is loaded successfully
2025 Feb 11 02:34:24.452116 sonic INFO sonic_yang: module: sonic-events-host is loaded successfully
2025 Feb 11 02:34:24.452499 sonic INFO sonic_yang: module: sonic-events-swss is loaded successfully
2025 Feb 11 02:34:24.452694 sonic INFO sonic_yang: module: sonic-events-syncd is loaded successfully
2025 Feb 11 02:34:24.452914 sonic INFO sonic_yang: module: sonic-exp-fc-map is loaded successfully
2025 Feb 11 02:34:24.453029 sonic INFO sonic_yang: module: sonic-extension is loaded successfully
2025 Feb 11 02:34:24.453303 sonic INFO sonic_yang: module: sonic-fabric-monitor is loaded successfully
2025 Feb 11 02:34:24.453615 sonic INFO sonic_yang: module: sonic-fabric-port is loaded successfully
2025 Feb 11 02:34:24.453838 sonic INFO sonic_yang: module: sonic-feature is loaded successfully
2025 Feb 11 02:34:24.454146 sonic INFO sonic_yang: module: sonic-fine-grained-ecmp is loaded successfully
2025 Feb 11 02:34:24.454339 sonic INFO sonic_yang: module: sonic-fips is loaded successfully
2025 Feb 11 02:34:24.454811 sonic INFO sonic_yang: module: sonic-flex_counter is loaded successfully
2025 Feb 11 02:34:24.455075 sonic INFO sonic_yang: module: sonic-gnmi is loaded successfully
2025 Feb 11 02:34:24.455299 sonic INFO sonic_yang: module: sonic-grpcclient is loaded successfully
2025 Feb 11 02:34:24.455567 sonic INFO sonic_yang: module: sonic-hash is loaded successfully
2025 Feb 11 02:34:24.455908 sonic INFO sonic_yang: module: sonic-interface is loaded successfully
2025 Feb 11 02:34:24.456111 sonic INFO sonic_yang: module: sonic-kdump is loaded successfully
2025 Feb 11 02:34:24.456350 sonic INFO sonic_yang: module: sonic-kubernetes_master is loaded successfully
2025 Feb 11 02:34:24.456620 sonic INFO sonic_yang: module: sonic-lldp is loaded successfully
2025 Feb 11 02:34:24.456860 sonic INFO sonic_yang: module: sonic-logger is loaded successfully
2025 Feb 11 02:34:24.456982 sonic INFO sonic_yang: module: sonic-loopback-interface is loaded successfully
2025 Feb 11 02:34:24.457211 sonic INFO sonic_yang: module: sonic-lossless-traffic-pattern is loaded successfully
2025 Feb 11 02:34:24.457349 sonic INFO sonic_yang: module: sonic-macsec is loaded successfully
2025 Feb 11 02:34:24.457800 sonic INFO sonic_yang: module: sonic-mclag is loaded successfully
2025 Feb 11 02:34:24.457974 sonic INFO sonic_yang: module: sonic-memory-statistics is loaded successfully
2025 Feb 11 02:34:24.458870 sonic INFO sonic_yang: module: sonic-mgmt_interface is loaded successfully
2025 Feb 11 02:34:24.458984 sonic INFO sonic_yang: module: sonic-mgmt_port is loaded successfully
2025 Feb 11 02:34:24.459141 sonic INFO sonic_yang: module: sonic-mgmt_vrf is loaded successfully
2025 Feb 11 02:34:24.459280 sonic INFO sonic_yang: module: sonic-mirror-session is loaded successfully
2025 Feb 11 02:34:24.459868 sonic INFO sonic_yang: module: sonic-mpls-tc-map is loaded successfully
2025 Feb 11 02:34:24.460115 sonic INFO sonic_yang: module: sonic-mux-cable is loaded successfully
2025 Feb 11 02:34:24.460402 sonic INFO sonic_yang: module: sonic-mux-linkmgr is loaded successfully
2025 Feb 11 02:34:24.460839 sonic INFO sonic_yang: module: sonic-nat is loaded successfully
2025 Feb 11 02:34:24.461031 sonic INFO sonic_yang: module: sonic-neigh is loaded successfully
2025 Feb 11 02:34:24.462098 sonic INFO sonic_yang: module: sonic-ntp is loaded successfully
2025 Feb 11 02:34:24.462320 sonic INFO sonic_yang: module: sonic-nvgre-tunnel is loaded successfully
2025 Feb 11 02:34:24.462495 sonic INFO sonic_yang: module: sonic-passwh is loaded successfully
2025 Feb 11 02:34:24.462874 sonic INFO sonic_yang: module: sonic-pbh is loaded successfully
2025 Feb 11 02:34:24.463010 sonic INFO sonic_yang: module: sonic-peer-switch is loaded successfully
2025 Feb 11 02:34:24.463187 sonic INFO sonic_yang: module: sonic-pfc-priority-priority-group-map is loaded successfully
2025 Feb 11 02:34:24.463349 sonic INFO sonic_yang: module: sonic-pfc-priority-queue-map is loaded successfully
2025 Feb 11 02:34:24.463566 sonic INFO sonic_yang: module: sonic-pfcwd is loaded successfully
2025 Feb 11 02:34:24.463646 sonic INFO sonic_yang: module: sonic-policer is loaded successfully
2025 Feb 11 02:34:24.467434 sonic INFO sonic_yang: module: sonic-port-qos-map is loaded successfully
2025 Feb 11 02:34:24.467548 sonic INFO sonic_yang: module: sonic-port is loaded successfully
2025 Feb 11 02:34:24.467690 sonic INFO sonic_yang: module: sonic-portchannel is loaded successfully
2025 Feb 11 02:34:24.468624 sonic INFO sonic_yang: module: sonic-queue is loaded successfully
2025 Feb 11 02:34:24.468804 sonic INFO sonic_yang: module: sonic-restapi is loaded successfully
2025 Feb 11 02:34:24.468992 sonic INFO sonic_yang: module: sonic-route-common is loaded successfully
2025 Feb 11 02:34:24.469096 sonic INFO sonic_yang: module: sonic-route-map is loaded successfully
2025 Feb 11 02:34:24.469191 sonic INFO sonic_yang: module: sonic-routing-policy-sets is loaded successfully
2025 Feb 11 02:34:24.469280 sonic INFO sonic_yang: module: sonic-scheduler is loaded successfully
2025 Feb 11 02:34:24.469419 sonic INFO sonic_yang: module: sonic-serial-console is loaded successfully
2025 Feb 11 02:34:24.469848 sonic INFO sonic_yang: module: sonic-sflow is loaded successfully
2025 Feb 11 02:34:24.469965 sonic INFO sonic_yang: module: sonic-smart-switch is loaded successfully
2025 Feb 11 02:34:24.470391 sonic INFO sonic_yang: module: sonic-snmp is loaded successfully
2025 Feb 11 02:34:24.470675 sonic INFO sonic_yang: module: sonic-srv6 is loaded successfully
2025 Feb 11 02:34:24.470936 sonic INFO sonic_yang: module: sonic-ssh-server is loaded successfully
2025 Feb 11 02:34:24.471190 sonic INFO sonic_yang: module: sonic-static-route is loaded successfully
2025 Feb 11 02:34:24.471360 sonic INFO sonic_yang: module: sonic-storm-control is loaded successfully
2025 Feb 11 02:34:24.471494 sonic INFO sonic_yang: module: sonic-subnet-decap is loaded successfully
2025 Feb 11 02:34:24.471628 sonic INFO sonic_yang: module: sonic-suppress-asic-sdk-health-event is loaded successfully
2025 Feb 11 02:34:24.472424 sonic INFO sonic_yang: module: sonic-syslog is loaded successfully
2025 Feb 11 02:34:24.473840 sonic INFO sonic_yang: module: sonic-system-aaa is loaded successfully
2025 Feb 11 02:34:24.473961 sonic INFO sonic_yang: module: sonic-system-defaults is loaded successfully
2025 Feb 11 02:34:24.474149 sonic INFO sonic_yang: module: sonic-system-ldap is loaded successfully
2025 Feb 11 02:34:24.474336 sonic INFO sonic_yang: module: sonic-system-port is loaded successfully
2025 Feb 11 02:34:24.474636 sonic INFO sonic_yang: module: sonic-system-radius is loaded successfully
2025 Feb 11 02:34:24.474746 sonic INFO sonic_yang: module: sonic-system-tacacs is loaded successfully
2025 Feb 11 02:34:24.474897 sonic INFO sonic_yang: module: sonic-tc-dscp-map is loaded successfully
2025 Feb 11 02:34:24.475003 sonic INFO sonic_yang: module: sonic-tc-priority-group-map is loaded successfully
2025 Feb 11 02:34:24.475068 sonic INFO sonic_yang: module: sonic-tc-queue-map is loaded successfully
2025 Feb 11 02:34:24.475275 sonic INFO sonic_yang: module: sonic-telemetry is loaded successfully
2025 Feb 11 02:34:24.475513 sonic INFO sonic_yang: module: sonic-telemetry_client is loaded successfully
2025 Feb 11 02:34:24.476193 sonic INFO sonic_yang: module: sonic-tunnel is loaded successfully
2025 Feb 11 02:34:24.476303 sonic INFO sonic_yang: module: sonic-types is loaded successfully
2025 Feb 11 02:34:24.476447 sonic INFO sonic_yang: module: sonic-versions is loaded successfully
2025 Feb 11 02:34:24.476795 sonic INFO sonic_yang: module: sonic-vlan-sub-interface is loaded successfully
2025 Feb 11 02:34:24.477323 sonic INFO sonic_yang: module: sonic-vlan is loaded successfully
2025 Feb 11 02:34:24.478362 sonic INFO sonic_yang: module: sonic-vnet is loaded successfully
2025 Feb 11 02:34:24.478436 sonic INFO sonic_yang: module: sonic-voq-inband-interface is loaded successfully
2025 Feb 11 02:34:24.478545 sonic INFO sonic_yang: module: sonic-vrf is loaded successfully
2025 Feb 11 02:34:24.478642 sonic INFO sonic_yang: module: sonic-vxlan is loaded successfully
2025 Feb 11 02:34:24.478826 sonic INFO sonic_yang: module: sonic-warm-restart is loaded successfully
2025 Feb 11 02:34:24.478908 sonic INFO sonic_yang: module: sonic-wred-profile is loaded successfully
2025 Feb 11 02:34:24.479035 sonic INFO sonic_yang: module: sonic-xcvrd-log is loaded successfully
2025 Feb 11 02:34:24.481056 sonic INFO sonic_yang: Parsed Json for sonic-acl
2025 Feb 11 02:34:24.481407 sonic INFO sonic_yang: Parsed Json for sonic-asic-sensors
2025 Feb 11 02:34:24.482039 sonic INFO sonic_yang: Parsed Json for sonic-auto_techsupport
2025 Feb 11 02:34:24.482373 sonic INFO sonic_yang: Parsed Json for sonic-banner
2025 Feb 11 02:34:24.483786 sonic INFO sonic_yang: Parsed Json for sonic-bgp-allowed-prefix
2025 Feb 11 02:34:24.484029 sonic INFO sonic_yang: Parsed Json for sonic-bgp-bbr
2025 Feb 11 02:34:24.486556 sonic INFO sonic_yang: Parsed Json for sonic-bgp-common
2025 Feb 11 02:34:24.486930 sonic INFO sonic_yang: Parsed Json for sonic-bgp-device-global
2025 Feb 11 02:34:24.489224 sonic INFO sonic_yang: Parsed Json for sonic-bgp-global
2025 Feb 11 02:34:24.489760 sonic INFO sonic_yang: Parsed Json for sonic-bgp-internal-neighbor
2025 Feb 11 02:34:24.490067 sonic INFO sonic_yang: Parsed Json for sonic-bgp-monitor
2025 Feb 11 02:34:24.490705 sonic INFO sonic_yang: Parsed Json for sonic-bgp-neighbor
2025 Feb 11 02:34:24.491194 sonic INFO sonic_yang: Parsed Json for sonic-bgp-peergroup
2025 Feb 11 02:34:24.491540 sonic INFO sonic_yang: Parsed Json for sonic-bgp-peerrange
2025 Feb 11 02:34:24.491846 sonic INFO sonic_yang: Parsed Json for sonic-bgp-sentinel
2025 Feb 11 02:34:24.492227 sonic INFO sonic_yang: Parsed Json for sonic-bgp-voq-chassis-neighbor
2025 Feb 11 02:34:24.492539 sonic INFO sonic_yang: Parsed Json for sonic-bmp
2025 Feb 11 02:34:24.492744 sonic INFO sonic_yang: Parsed Json for sonic-breakout_cfg
2025 Feb 11 02:34:24.493070 sonic INFO sonic_yang: Parsed Json for sonic-buffer-pg
2025 Feb 11 02:34:24.493563 sonic INFO sonic_yang: Parsed Json for sonic-buffer-pool
2025 Feb 11 02:34:24.493881 sonic INFO sonic_yang: Parsed Json for sonic-buffer-port-egress-profile-list
2025 Feb 11 02:34:24.494152 sonic INFO sonic_yang: Parsed Json for sonic-buffer-port-ingress-profile-list
2025 Feb 11 02:34:24.494633 sonic INFO sonic_yang: Parsed Json for sonic-buffer-profile
2025 Feb 11 02:34:24.495162 sonic INFO sonic_yang: Parsed Json for sonic-buffer-queue
2025 Feb 11 02:34:24.495505 sonic INFO sonic_yang: Parsed Json for sonic-cable-length
2025 Feb 11 02:34:24.495893 sonic INFO sonic_yang: Parsed Json for sonic-chassis-module
2025 Feb 11 02:34:24.496275 sonic INFO sonic_yang: Parsed Json for sonic-console
2025 Feb 11 02:34:24.497239 sonic INFO sonic_yang: Parsed Json for sonic-copp
2025 Feb 11 02:34:24.501195 sonic INFO sonic_yang: Parsed Json for sonic-crm
2025 Feb 11 02:34:24.505652 sonic INFO sonic_yang: Parsed Json for sonic-dash
2025 Feb 11 02:34:24.506808 sonic INFO sonic_yang: Parsed Json for sonic-default-lossless-buffer-parameter
2025 Feb 11 02:34:24.508200 sonic INFO sonic_yang: Parsed Json for sonic-device_metadata
2025 Feb 11 02:34:24.508582 sonic INFO sonic_yang: Parsed Json for sonic-device_neighbor
2025 Feb 11 02:34:24.509032 sonic INFO sonic_yang: Parsed Json for sonic-device_neighbor_metadata
2025 Feb 11 02:34:24.510354 sonic INFO sonic_yang: Parsed Json for sonic-dhcp-server-ipv4
2025 Feb 11 02:34:24.510619 sonic INFO sonic_yang: Parsed Json for sonic-dhcp-server
2025 Feb 11 02:34:24.510912 sonic INFO sonic_yang: Parsed Json for sonic-dhcpv6-relay
2025 Feb 11 02:34:24.511145 sonic INFO sonic_yang: Parsed Json for sonic-dns
2025 Feb 11 02:34:24.511600 sonic INFO sonic_yang: Parsed Json for sonic-dot1p-tc-map
2025 Feb 11 02:34:24.511935 sonic INFO sonic_yang: Parsed Json for sonic-dscp-fc-map
2025 Feb 11 02:34:24.512270 sonic INFO sonic_yang: Parsed Json for sonic-dscp-tc-map
2025 Feb 11 02:34:24.512697 sonic INFO sonic_yang: Parsed Json for sonic-events-bgp
2025 Feb 11 02:34:24.513041 sonic INFO sonic_yang: Parsed Json for sonic-events-common
2025 Feb 11 02:34:24.513566 sonic INFO sonic_yang: Parsed Json for sonic-events-dhcp-relay
2025 Feb 11 02:34:24.514622 sonic INFO sonic_yang: Parsed Json for sonic-events-host
2025 Feb 11 02:34:24.515469 sonic INFO sonic_yang: Parsed Json for sonic-events-swss
2025 Feb 11 02:34:24.515835 sonic INFO sonic_yang: Parsed Json for sonic-events-syncd
2025 Feb 11 02:34:24.516193 sonic INFO sonic_yang: Parsed Json for sonic-exp-fc-map
2025 Feb 11 02:34:24.516363 sonic INFO sonic_yang: Parsed Json for sonic-extension
2025 Feb 11 02:34:24.516745 sonic INFO sonic_yang: Parsed Json for sonic-fabric-monitor
2025 Feb 11 02:34:24.517055 sonic INFO sonic_yang: Parsed Json for sonic-fabric-port
2025 Feb 11 02:34:24.517757 sonic INFO sonic_yang: Parsed Json for sonic-feature
2025 Feb 11 02:34:24.518595 sonic INFO sonic_yang: Parsed Json for sonic-fine-grained-ecmp
2025 Feb 11 02:34:24.518833 sonic INFO sonic_yang: Parsed Json for sonic-fips
2025 Feb 11 02:34:24.520025 sonic INFO sonic_yang: Parsed Json for sonic-flex_counter
2025 Feb 11 02:34:24.520551 sonic INFO sonic_yang: Parsed Json for sonic-gnmi
2025 Feb 11 02:34:24.520924 sonic INFO sonic_yang: Parsed Json for sonic-grpcclient
2025 Feb 11 02:34:24.521391 sonic INFO sonic_yang: Parsed Json for sonic-hash
2025 Feb 11 02:34:24.522097 sonic INFO sonic_yang: Parsed Json for sonic-interface
2025 Feb 11 02:34:24.522431 sonic INFO sonic_yang: Parsed Json for sonic-kdump
2025 Feb 11 02:34:24.522781 sonic INFO sonic_yang: Parsed Json for sonic-kubernetes_master
2025 Feb 11 02:34:24.523373 sonic INFO sonic_yang: Parsed Json for sonic-lldp
2025 Feb 11 02:34:24.523881 sonic INFO sonic_yang: Parsed Json for sonic-logger
2025 Feb 11 02:34:24.524363 sonic INFO sonic_yang: Parsed Json for sonic-loopback-interface
2025 Feb 11 02:34:24.524693 sonic INFO sonic_yang: Parsed Json for sonic-lossless-traffic-pattern
2025 Feb 11 02:34:24.525194 sonic INFO sonic_yang: Parsed Json for sonic-macsec
2025 Feb 11 02:34:24.526057 sonic INFO sonic_yang: Parsed Json for sonic-mclag
2025 Feb 11 02:34:24.526370 sonic INFO sonic_yang: Parsed Json for sonic-memory-statistics
2025 Feb 11 02:34:24.526701 sonic INFO sonic_yang: Parsed Json for sonic-mgmt_interface
2025 Feb 11 02:34:24.527024 sonic INFO sonic_yang: Parsed Json for sonic-mgmt_port
2025 Feb 11 02:34:24.527189 sonic INFO sonic_yang: Parsed Json for sonic-mgmt_vrf
2025 Feb 11 02:34:24.528037 sonic INFO sonic_yang: Parsed Json for sonic-mirror-session
2025 Feb 11 02:34:24.528403 sonic INFO sonic_yang: Parsed Json for sonic-mpls-tc-map
2025 Feb 11 02:34:24.528832 sonic INFO sonic_yang: Parsed Json for sonic-mux-cable
2025 Feb 11 02:34:24.529421 sonic INFO sonic_yang: Parsed Json for sonic-mux-linkmgr
2025 Feb 11 02:34:24.530838 sonic INFO sonic_yang: Parsed Json for sonic-nat
2025 Feb 11 02:34:24.531160 sonic INFO sonic_yang: Parsed Json for sonic-neigh
2025 Feb 11 02:34:24.532270 sonic INFO sonic_yang: Parsed Json for sonic-ntp
2025 Feb 11 02:34:24.532687 sonic INFO sonic_yang: Parsed Json for sonic-nvgre-tunnel
2025 Feb 11 02:34:24.533118 sonic INFO sonic_yang: Parsed Json for sonic-passwh
2025 Feb 11 02:34:24.534297 sonic INFO sonic_yang: Parsed Json for sonic-pbh
2025 Feb 11 02:34:24.534594 sonic INFO sonic_yang: Parsed Json for sonic-peer-switch
2025 Feb 11 02:34:24.534924 sonic INFO sonic_yang: Parsed Json for sonic-pfc-priority-priority-group-map
2025 Feb 11 02:34:24.535257 sonic INFO sonic_yang: Parsed Json for sonic-pfc-priority-queue-map
2025 Feb 11 02:34:24.535866 sonic INFO sonic_yang: Parsed Json for sonic-pfcwd
2025 Feb 11 02:34:24.536518 sonic INFO sonic_yang: Parsed Json for sonic-policer
2025 Feb 11 02:34:24.537100 sonic INFO sonic_yang: Parsed Json for sonic-port-qos-map
2025 Feb 11 02:34:24.538188 sonic INFO sonic_yang: Parsed Json for sonic-port
2025 Feb 11 02:34:24.539004 sonic INFO sonic_yang: Parsed Json for sonic-portchannel
2025 Feb 11 02:34:24.539616 sonic INFO sonic_yang: Parsed Json for sonic-queue
2025 Feb 11 02:34:24.540104 sonic INFO sonic_yang: Parsed Json for sonic-restapi
2025 Feb 11 02:34:24.540610 sonic INFO sonic_yang: Parsed Json for sonic-route-common
2025 Feb 11 02:34:24.542297 sonic INFO sonic_yang: Parsed Json for sonic-route-map
2025 Feb 11 02:34:24.543204 sonic INFO sonic_yang: Parsed Json for sonic-routing-policy-sets
2025 Feb 11 02:34:24.543842 sonic INFO sonic_yang: Parsed Json for sonic-scheduler
2025 Feb 11 02:34:24.544085 sonic INFO sonic_yang: Parsed Json for sonic-serial-console
2025 Feb 11 02:34:24.544956 sonic INFO sonic_yang: Parsed Json for sonic-sflow
2025 Feb 11 02:34:24.545674 sonic INFO sonic_yang: Parsed Json for sonic-smart-switch
2025 Feb 11 02:34:24.546648 sonic INFO sonic_yang: Parsed Json for sonic-snmp
2025 Feb 11 02:34:24.549195 sonic INFO sonic_yang: Parsed Json for sonic-srv6
2025 Feb 11 02:34:24.549717 sonic INFO sonic_yang: Parsed Json for sonic-ssh-server
2025 Feb 11 02:34:24.550356 sonic INFO sonic_yang: Parsed Json for sonic-static-route
2025 Feb 11 02:34:24.550662 sonic INFO sonic_yang: Parsed Json for sonic-storm-control
2025 Feb 11 02:34:24.550960 sonic INFO sonic_yang: Parsed Json for sonic-subnet-decap
2025 Feb 11 02:34:24.551284 sonic INFO sonic_yang: Parsed Json for sonic-suppress-asic-sdk-health-event
2025 Feb 11 02:34:24.552311 sonic INFO sonic_yang: Parsed Json for sonic-syslog
2025 Feb 11 02:34:24.552696 sonic INFO sonic_yang: Parsed Json for sonic-system-aaa
2025 Feb 11 02:34:24.552904 sonic INFO sonic_yang: Parsed Json for sonic-system-defaults
2025 Feb 11 02:34:24.553429 sonic INFO sonic_yang: Parsed Json for sonic-system-ldap
2025 Feb 11 02:34:24.553929 sonic INFO sonic_yang: Parsed Json for sonic-system-port
2025 Feb 11 02:34:24.554839 sonic INFO sonic_yang: Parsed Json for sonic-system-radius
2025 Feb 11 02:34:24.555647 sonic INFO sonic_yang: Parsed Json for sonic-system-tacacs
2025 Feb 11 02:34:24.555964 sonic INFO sonic_yang: Parsed Json for sonic-tc-dscp-map
2025 Feb 11 02:34:24.556306 sonic INFO sonic_yang: Parsed Json for sonic-tc-priority-group-map
2025 Feb 11 02:34:24.556606 sonic INFO sonic_yang: Parsed Json for sonic-tc-queue-map
2025 Feb 11 02:34:24.557009 sonic INFO sonic_yang: Parsed Json for sonic-telemetry
2025 Feb 11 02:34:24.557639 sonic INFO sonic_yang: Parsed Json for sonic-telemetry_client
2025 Feb 11 02:34:24.558230 sonic INFO sonic_yang: Parsed Json for sonic-tunnel
2025 Feb 11 02:34:24.559807 sonic INFO sonic_yang: Parsed Json for sonic-types
2025 Feb 11 02:34:24.560004 sonic INFO sonic_yang: Parsed Json for sonic-versions
2025 Feb 11 02:34:24.560610 sonic INFO sonic_yang: Parsed Json for sonic-vlan-sub-interface
2025 Feb 11 02:34:24.561915 sonic INFO sonic_yang: Parsed Json for sonic-vlan
2025 Feb 11 02:34:24.562439 sonic INFO sonic_yang: Parsed Json for sonic-vnet
2025 Feb 11 02:34:24.562756 sonic INFO sonic_yang: Parsed Json for sonic-voq-inband-interface
2025 Feb 11 02:34:24.563068 sonic INFO sonic_yang: Parsed Json for sonic-vrf
2025 Feb 11 02:34:24.563551 sonic INFO sonic_yang: Parsed Json for sonic-vxlan
2025 Feb 11 02:34:24.564041 sonic INFO sonic_yang: Parsed Json for sonic-warm-restart
2025 Feb 11 02:34:24.564879 sonic INFO sonic_yang: Parsed Json for sonic-wred-profile
2025 Feb 11 02:34:24.565099 sonic INFO sonic_yang: Parsed Json for sonic-xcvrd-log
2025 Feb 11 02:34:24.568430 sonic ERR sonic_yang: Data Loading Failed:'NoneType' object has no attribute 'keys'
2025 Feb 11 02:34:38.306623 sonic INFO systemd[1]: Started featured.service - Feature configuration daemon.
2025 Feb 11 02:34:38.449541 sonic INFO featured: ConfigDB connect success
2025 Feb 11 02:34:38.453394 sonic INFO featured[8009]: Traceback (most recent call last):
2025 Feb 11 02:34:38.453437 sonic INFO featured[8009]:   File "/usr/local/bin/featured", line 598, in <module>
2025 Feb 11 02:34:38.453691 sonic INFO featured[8009]:     main()
2025 Feb 11 02:34:38.453731 sonic INFO featured[8009]:   File "/usr/local/bin/featured", line 591, in main
2025 Feb 11 02:34:38.453864 sonic INFO featured[8009]:     daemon = FeatureDaemon()
2025 Feb 11 02:34:38.453897 sonic INFO featured[8009]:              ^^^^^^^^^^^^^^^
2025 Feb 11 02:34:38.453919 sonic INFO featured[8009]:   File "/usr/local/bin/featured", line 529, in __init__
2025 Feb 11 02:34:38.453980 sonic INFO featured[8009]:     self.feature_handler = FeatureHandler(self.config_db, feature_state_table, self.device_config, self.advanced_boot)
2025 Feb 11 02:34:38.454029 sonic INFO featured[8009]:                            ^^^^^^^^^^^^^^^^^^^^^^^^^^^^^^^^^^^^^^^^^^^^^^^^^^^^^^^^^^^^^^^^^^^^^^^^^^^^^^^^^^^^^^^^^^^
2025 Feb 11 02:34:38.454056 sonic INFO featured[8009]:   File "/usr/local/bin/featured", line 136, in __init__
2025 Feb 11 02:34:38.454086 sonic INFO featured[8009]:     self._device_running_config = device_info.get_device_runtime_metadata()
2025 Feb 11 02:34:38.454117 sonic INFO featured[8009]:                                   ^^^^^^^^^^^^^^^^^^^^^^^^^^^^^^^^^^^^^^^^^
2025 Feb 11 02:34:38.454142 sonic INFO featured[8009]:   File "/usr/local/lib/python3.11/dist-packages/sonic_py_common/device_info.py", line 680, in get_device_runtime_metadata
2025 Feb 11 02:34:38.454269 sonic INFO featured[8009]:     port_metadata = {'ETHERNET_PORTS_PRESENT': True if get_path_to_port_config_file(hwsku=None, asic="0" if is_multi_npu() else None) else False}
2025 Feb 11 02:34:38.454316 sonic INFO featured[8009]:                                                        ^^^^^^^^^^^^^^^^^^^^^^^^^^^^^^^^^^^^^^^^^^^^^^^^^^^^^^^^^^^^^^^^^^^^^^^^^^^^^^
2025 Feb 11 02:34:38.454344 sonic INFO featured[8009]:   File "/usr/local/lib/python3.11/dist-packages/sonic_py_common/device_info.py", line 446, in get_path_to_port_config_file
2025 Feb 11 02:34:38.454392 sonic INFO featured[8009]:     (platform_path, hwsku_path) = get_paths_to_platform_and_hwsku_dirs()
2025 Feb 11 02:34:38.454424 sonic INFO featured[8009]:                                   ^^^^^^^^^^^^^^^^^^^^^^^^^^^^^^^^^^^^^^
2025 Feb 11 02:34:38.454451 sonic INFO featured[8009]:   File "/usr/local/lib/python3.11/dist-packages/sonic_py_common/device_info.py", line 412, in get_paths_to_platform_and_hwsku_dirs
2025 Feb 11 02:34:38.454499 sonic INFO featured[8009]:     hwsku_path = os.path.join(platform_path, hwsku)
2025 Feb 11 02:34:38.454534 sonic INFO featured[8009]:                  ^^^^^^^^^^^^^^^^^^^^^^^^^^^^^^^^^^
2025 Feb 11 02:34:38.454559 sonic INFO featured[8009]:   File "<frozen posixpath>", line 90, in join
2025 Feb 11 02:34:38.454584 sonic INFO featured[8009]:   File "<frozen genericpath>", line 152, in _check_arg_types
2025 Feb 11 02:34:38.454608 sonic INFO featured[8009]: TypeError: join() argument must be str, bytes, or os.PathLike object, not 'NoneType'
2025 Feb 11 02:34:38.473995 sonic NOTICE systemd[1]: featured.service: Main process exited, code=exited, status=1/FAILURE
2025 Feb 11 02:34:38.474121 sonic WARNING systemd[1]: featured.service: Failed with result 'exit-code'.
2025 Feb 11 02:34:38.519926 sonic INFO systemd[1]: Started featured.service - Feature configuration daemon.
2025 Feb 11 02:34:38.675732 sonic INFO featured: ConfigDB connect success
2025 Feb 11 02:34:38.679686 sonic INFO featured[8010]: Traceback (most recent call last):
2025 Feb 11 02:34:38.679750 sonic INFO featured[8010]:   File "/usr/local/bin/featured", line 598, in <module>
2025 Feb 11 02:34:38.679868 sonic INFO featured[8010]:     main()
2025 Feb 11 02:34:38.679915 sonic INFO featured[8010]:   File "/usr/local/bin/featured", line 591, in main
2025 Feb 11 02:34:38.680027 sonic INFO featured[8010]:     daemon = FeatureDaemon()
2025 Feb 11 02:34:38.680068 sonic INFO featured[8010]:              ^^^^^^^^^^^^^^^
2025 Feb 11 02:34:38.680085 sonic INFO featured[8010]:   File "/usr/local/bin/featured", line 529, in __init__
2025 Feb 11 02:34:38.680147 sonic INFO featured[8010]:     self.feature_handler = FeatureHandler(self.config_db, feature_state_table, self.device_config, self.advanced_boot)
2025 Feb 11 02:34:38.680234 sonic INFO featured[8010]:                            ^^^^^^^^^^^^^^^^^^^^^^^^^^^^^^^^^^^^^^^^^^^^^^^^^^^^^^^^^^^^^^^^^^^^^^^^^^^^^^^^^^^^^^^^^^^
2025 Feb 11 02:34:38.680262 sonic INFO featured[8010]:   File "/usr/local/bin/featured", line 136, in __init__
2025 Feb 11 02:34:38.680285 sonic INFO featured[8010]:     self._device_running_config = device_info.get_device_runtime_metadata()
2025 Feb 11 02:34:38.680316 sonic INFO featured[8010]:                                   ^^^^^^^^^^^^^^^^^^^^^^^^^^^^^^^^^^^^^^^^^
2025 Feb 11 02:34:38.680342 sonic INFO featured[8010]:   File "/usr/local/lib/python3.11/dist-packages/sonic_py_common/device_info.py", line 680, in get_device_runtime_metadata
2025 Feb 11 02:34:38.680437 sonic INFO featured[8010]:     port_metadata = {'ETHERNET_PORTS_PRESENT': True if get_path_to_port_config_file(hwsku=None, asic="0" if is_multi_npu() else None) else False}
2025 Feb 11 02:34:38.680477 sonic INFO featured[8010]:                                                        ^^^^^^^^^^^^^^^^^^^^^^^^^^^^^^^^^^^^^^^^^^^^^^^^^^^^^^^^^^^^^^^^^^^^^^^^^^^^^^
2025 Feb 11 02:34:38.680494 sonic INFO featured[8010]:   File "/usr/local/lib/python3.11/dist-packages/sonic_py_common/device_info.py", line 446, in get_path_to_port_config_file
2025 Feb 11 02:34:38.680622 sonic INFO featured[8010]:     (platform_path, hwsku_path) = get_paths_to_platform_and_hwsku_dirs()
2025 Feb 11 02:34:38.680660 sonic INFO featured[8010]:                                   ^^^^^^^^^^^^^^^^^^^^^^^^^^^^^^^^^^^^^^
2025 Feb 11 02:34:38.680677 sonic INFO featured[8010]:   File "/usr/local/lib/python3.11/dist-packages/sonic_py_common/device_info.py", line 412, in get_paths_to_platform_and_hwsku_dirs
2025 Feb 11 02:34:38.680724 sonic INFO featured[8010]:     hwsku_path = os.path.join(platform_path, hwsku)
2025 Feb 11 02:34:38.680757 sonic INFO featured[8010]:                  ^^^^^^^^^^^^^^^^^^^^^^^^^^^^^^^^^^
2025 Feb 11 02:34:38.680780 sonic INFO featured[8010]:   File "<frozen posixpath>", line 90, in join
2025 Feb 11 02:34:38.680797 sonic INFO featured[8010]:   File "<frozen genericpath>", line 152, in _check_arg_types
2025 Feb 11 02:34:38.680818 sonic INFO featured[8010]: TypeError: join() argument must be str, bytes, or os.PathLike object, not 'NoneType'
2025 Feb 11 02:34:38.700459 sonic NOTICE systemd[1]: featured.service: Main process exited, code=exited, status=1/FAILURE
2025 Feb 11 02:34:38.700686 sonic WARNING systemd[1]: featured.service: Failed with result 'exit-code'.
2025 Feb 11 02:34:38.734652 sonic INFO systemd[1]: Started featured.service - Feature configuration daemon.
2025 Feb 11 02:34:38.873018 sonic INFO featured: ConfigDB connect success
2025 Feb 11 02:34:38.877052 sonic INFO featured[8011]: Traceback (most recent call last):
2025 Feb 11 02:34:38.877104 sonic INFO featured[8011]:   File "/usr/local/bin/featured", line 598, in <module>
2025 Feb 11 02:34:38.877291 sonic INFO featured[8011]:     main()
2025 Feb 11 02:34:38.877329 sonic INFO featured[8011]:   File "/usr/local/bin/featured", line 591, in main
2025 Feb 11 02:34:38.877451 sonic INFO featured[8011]:     daemon = FeatureDaemon()
2025 Feb 11 02:34:38.877518 sonic INFO featured[8011]:              ^^^^^^^^^^^^^^^
2025 Feb 11 02:34:38.877537 sonic INFO featured[8011]:   File "/usr/local/bin/featured", line 529, in __init__
2025 Feb 11 02:34:38.878191 sonic INFO featured[8011]:     self.feature_handler = FeatureHandler(self.config_db, feature_state_table, self.device_config, self.advanced_boot)
2025 Feb 11 02:34:38.879133 sonic INFO featured[8011]:                            ^^^^^^^^^^^^^^^^^^^^^^^^^^^^^^^^^^^^^^^^^^^^^^^^^^^^^^^^^^^^^^^^^^^^^^^^^^^^^^^^^^^^^^^^^^^
2025 Feb 11 02:34:38.879224 sonic INFO featured[8011]:   File "/usr/local/bin/featured", line 136, in __init__
2025 Feb 11 02:34:38.879889 sonic INFO featured[8011]:     self._device_running_config = device_info.get_device_runtime_metadata()
2025 Feb 11 02:34:38.879997 sonic INFO featured[8011]:                                   ^^^^^^^^^^^^^^^^^^^^^^^^^^^^^^^^^^^^^^^^^
2025 Feb 11 02:34:38.880028 sonic INFO featured[8011]:   File "/usr/local/lib/python3.11/dist-packages/sonic_py_common/device_info.py", line 680, in get_device_runtime_metadata
2025 Feb 11 02:34:38.880174 sonic INFO featured[8011]:     port_metadata = {'ETHERNET_PORTS_PRESENT': True if get_path_to_port_config_file(hwsku=None, asic="0" if is_multi_npu() else None) else False}
2025 Feb 11 02:34:38.880241 sonic INFO featured[8011]:                                                        ^^^^^^^^^^^^^^^^^^^^^^^^^^^^^^^^^^^^^^^^^^^^^^^^^^^^^^^^^^^^^^^^^^^^^^^^^^^^^^
2025 Feb 11 02:34:38.880294 sonic INFO featured[8011]:   File "/usr/local/lib/python3.11/dist-packages/sonic_py_common/device_info.py", line 446, in get_path_to_port_config_file
2025 Feb 11 02:34:38.880367 sonic INFO featured[8011]:     (platform_path, hwsku_path) = get_paths_to_platform_and_hwsku_dirs()
2025 Feb 11 02:34:38.880393 sonic INFO featured[8011]:                                   ^^^^^^^^^^^^^^^^^^^^^^^^^^^^^^^^^^^^^^
2025 Feb 11 02:34:38.880424 sonic INFO featured[8011]:   File "/usr/local/lib/python3.11/dist-packages/sonic_py_common/device_info.py", line 412, in get_paths_to_platform_and_hwsku_dirs
2025 Feb 11 02:34:38.880455 sonic INFO featured[8011]:     hwsku_path = os.path.join(platform_path, hwsku)
2025 Feb 11 02:34:38.880552 sonic INFO featured[8011]:                  ^^^^^^^^^^^^^^^^^^^^^^^^^^^^^^^^^^
2025 Feb 11 02:34:38.880583 sonic INFO featured[8011]:   File "<frozen posixpath>", line 90, in join
2025 Feb 11 02:34:38.880600 sonic INFO featured[8011]:   File "<frozen genericpath>", line 152, in _check_arg_types
2025 Feb 11 02:34:38.880625 sonic INFO featured[8011]: TypeError: join() argument must be str, bytes, or os.PathLike object, not 'NoneType'
2025 Feb 11 02:34:38.911187 sonic NOTICE systemd[1]: featured.service: Main process exited, code=exited, status=1/FAILURE
2025 Feb 11 02:34:38.911286 sonic WARNING systemd[1]: featured.service: Failed with result 'exit-code'.
2025 Feb 11 02:34:38.938843 sonic INFO systemd[1]: Started featured.service - Feature configuration daemon.
2025 Feb 11 02:34:39.071565 sonic INFO featured: ConfigDB connect success
2025 Feb 11 02:34:39.075509 sonic INFO featured[8015]: Traceback (most recent call last):
2025 Feb 11 02:34:39.075556 sonic INFO featured[8015]:   File "/usr/local/bin/featured", line 598, in <module>
2025 Feb 11 02:34:39.075671 sonic INFO featured[8015]:     main()
2025 Feb 11 02:34:39.075710 sonic INFO featured[8015]:   File "/usr/local/bin/featured", line 591, in main
2025 Feb 11 02:34:39.075829 sonic INFO featured[8015]:     daemon = FeatureDaemon()
2025 Feb 11 02:34:39.075862 sonic INFO featured[8015]:              ^^^^^^^^^^^^^^^
2025 Feb 11 02:34:39.075884 sonic INFO featured[8015]:   File "/usr/local/bin/featured", line 529, in __init__
2025 Feb 11 02:34:39.075944 sonic INFO featured[8015]:     self.feature_handler = FeatureHandler(self.config_db, feature_state_table, self.device_config, self.advanced_boot)
2025 Feb 11 02:34:39.075979 sonic INFO featured[8015]:                            ^^^^^^^^^^^^^^^^^^^^^^^^^^^^^^^^^^^^^^^^^^^^^^^^^^^^^^^^^^^^^^^^^^^^^^^^^^^^^^^^^^^^^^^^^^^
2025 Feb 11 02:34:39.076001 sonic INFO featured[8015]:   File "/usr/local/bin/featured", line 136, in __init__
2025 Feb 11 02:34:39.076048 sonic INFO featured[8015]:     self._device_running_config = device_info.get_device_runtime_metadata()
2025 Feb 11 02:34:39.076081 sonic INFO featured[8015]:                                   ^^^^^^^^^^^^^^^^^^^^^^^^^^^^^^^^^^^^^^^^^
2025 Feb 11 02:34:39.076106 sonic INFO featured[8015]:   File "/usr/local/lib/python3.11/dist-packages/sonic_py_common/device_info.py", line 680, in get_device_runtime_metadata
2025 Feb 11 02:34:39.076239 sonic INFO featured[8015]:     port_metadata = {'ETHERNET_PORTS_PRESENT': True if get_path_to_port_config_file(hwsku=None, asic="0" if is_multi_npu() else None) else False}
2025 Feb 11 02:34:39.076279 sonic INFO featured[8015]:                                                        ^^^^^^^^^^^^^^^^^^^^^^^^^^^^^^^^^^^^^^^^^^^^^^^^^^^^^^^^^^^^^^^^^^^^^^^^^^^^^^
2025 Feb 11 02:34:39.076296 sonic INFO featured[8015]:   File "/usr/local/lib/python3.11/dist-packages/sonic_py_common/device_info.py", line 446, in get_path_to_port_config_file
2025 Feb 11 02:34:39.076363 sonic INFO featured[8015]:     (platform_path, hwsku_path) = get_paths_to_platform_and_hwsku_dirs()
2025 Feb 11 02:34:39.076395 sonic INFO featured[8015]:                                   ^^^^^^^^^^^^^^^^^^^^^^^^^^^^^^^^^^^^^^
2025 Feb 11 02:34:39.076420 sonic INFO featured[8015]:   File "/usr/local/lib/python3.11/dist-packages/sonic_py_common/device_info.py", line 412, in get_paths_to_platform_and_hwsku_dirs
2025 Feb 11 02:34:39.076469 sonic INFO featured[8015]:     hwsku_path = os.path.join(platform_path, hwsku)
2025 Feb 11 02:34:39.076503 sonic INFO featured[8015]:                  ^^^^^^^^^^^^^^^^^^^^^^^^^^^^^^^^^^
2025 Feb 11 02:34:39.076528 sonic INFO featured[8015]:   File "<frozen posixpath>", line 90, in join
2025 Feb 11 02:34:39.076556 sonic INFO featured[8015]:   File "<frozen genericpath>", line 152, in _check_arg_types
2025 Feb 11 02:34:39.076581 sonic INFO featured[8015]: TypeError: join() argument must be str, bytes, or os.PathLike object, not 'NoneType'
2025 Feb 11 02:34:39.094299 sonic NOTICE systemd[1]: featured.service: Main process exited, code=exited, status=1/FAILURE
2025 Feb 11 02:34:39.094436 sonic WARNING systemd[1]: featured.service: Failed with result 'exit-code'.
2025 Feb 11 02:34:39.126565 sonic INFO systemd[1]: Started featured.service - Feature configuration daemon.
2025 Feb 11 02:34:39.277973 sonic INFO featured: ConfigDB connect success
2025 Feb 11 02:34:39.281980 sonic INFO featured[8016]: Traceback (most recent call last):
2025 Feb 11 02:34:39.282030 sonic INFO featured[8016]:   File "/usr/local/bin/featured", line 598, in <module>
2025 Feb 11 02:34:39.282231 sonic INFO featured[8016]:     main()
2025 Feb 11 02:34:39.282269 sonic INFO featured[8016]:   File "/usr/local/bin/featured", line 591, in main
2025 Feb 11 02:34:39.282398 sonic INFO featured[8016]:     daemon = FeatureDaemon()
2025 Feb 11 02:34:39.282438 sonic INFO featured[8016]:              ^^^^^^^^^^^^^^^
2025 Feb 11 02:34:39.282455 sonic INFO featured[8016]:   File "/usr/local/bin/featured", line 529, in __init__
2025 Feb 11 02:34:39.282538 sonic INFO featured[8016]:     self.feature_handler = FeatureHandler(self.config_db, feature_state_table, self.device_config, self.advanced_boot)
2025 Feb 11 02:34:39.282576 sonic INFO featured[8016]:                            ^^^^^^^^^^^^^^^^^^^^^^^^^^^^^^^^^^^^^^^^^^^^^^^^^^^^^^^^^^^^^^^^^^^^^^^^^^^^^^^^^^^^^^^^^^^
2025 Feb 11 02:34:39.282593 sonic INFO featured[8016]:   File "/usr/local/bin/featured", line 136, in __init__
2025 Feb 11 02:34:39.282626 sonic INFO featured[8016]:     self._device_running_config = device_info.get_device_runtime_metadata()
2025 Feb 11 02:34:39.282649 sonic INFO featured[8016]:                                   ^^^^^^^^^^^^^^^^^^^^^^^^^^^^^^^^^^^^^^^^^
2025 Feb 11 02:34:39.282666 sonic INFO featured[8016]:   File "/usr/local/lib/python3.11/dist-packages/sonic_py_common/device_info.py", line 680, in get_device_runtime_metadata
2025 Feb 11 02:34:39.282784 sonic INFO featured[8016]:     port_metadata = {'ETHERNET_PORTS_PRESENT': True if get_path_to_port_config_file(hwsku=None, asic="0" if is_multi_npu() else None) else False}
2025 Feb 11 02:34:39.282825 sonic INFO featured[8016]:                                                        ^^^^^^^^^^^^^^^^^^^^^^^^^^^^^^^^^^^^^^^^^^^^^^^^^^^^^^^^^^^^^^^^^^^^^^^^^^^^^^
2025 Feb 11 02:34:39.282842 sonic INFO featured[8016]:   File "/usr/local/lib/python3.11/dist-packages/sonic_py_common/device_info.py", line 446, in get_path_to_port_config_file
2025 Feb 11 02:34:39.282907 sonic INFO featured[8016]:     (platform_path, hwsku_path) = get_paths_to_platform_and_hwsku_dirs()
2025 Feb 11 02:34:39.282939 sonic INFO featured[8016]:                                   ^^^^^^^^^^^^^^^^^^^^^^^^^^^^^^^^^^^^^^
2025 Feb 11 02:34:39.282957 sonic INFO featured[8016]:   File "/usr/local/lib/python3.11/dist-packages/sonic_py_common/device_info.py", line 412, in get_paths_to_platform_and_hwsku_dirs
2025 Feb 11 02:34:39.283014 sonic INFO featured[8016]:     hwsku_path = os.path.join(platform_path, hwsku)
2025 Feb 11 02:34:39.283048 sonic INFO featured[8016]:                  ^^^^^^^^^^^^^^^^^^^^^^^^^^^^^^^^^^
2025 Feb 11 02:34:39.283066 sonic INFO featured[8016]:   File "<frozen posixpath>", line 90, in join
2025 Feb 11 02:34:39.283082 sonic INFO featured[8016]:   File "<frozen genericpath>", line 152, in _check_arg_types
2025 Feb 11 02:34:39.283098 sonic INFO featured[8016]: TypeError: join() argument must be str, bytes, or os.PathLike object, not 'NoneType'
2025 Feb 11 02:34:39.301625 sonic NOTICE systemd[1]: featured.service: Main process exited, code=exited, status=1/FAILURE
2025 Feb 11 02:34:39.301767 sonic WARNING systemd[1]: featured.service: Failed with result 'exit-code'.
2025 Feb 11 02:34:39.303538 sonic WARNING systemd[1]: featured.service: Start request repeated too quickly.
2025 Feb 11 02:34:39.303588 sonic WARNING systemd[1]: featured.service: Failed with result 'exit-code'.
2025 Feb 11 02:34:39.303628 sonic ERR systemd[1]: Failed to start featured.service - Feature configuration daemon.
2025 Feb 11 02:34:39.533408 sonic INFO systemd[1]: caclmgrd.service: Scheduled restart job, restart counter is at 15.
2025 Feb 11 02:34:39.533591 sonic INFO systemd[1]: Stopped caclmgrd.service - Control Plane ACL configuration daemon.
2025 Feb 11 02:34:39.566240 sonic INFO systemd[1]: Started caclmgrd.service - Control Plane ACL configuration daemon.
2025 Feb 11 02:34:39.566657 sonic WARNING systemd[1]: featured.service: Start request repeated too quickly.
2025 Feb 11 02:34:39.566705 sonic WARNING systemd[1]: featured.service: Failed with result 'exit-code'.
2025 Feb 11 02:34:39.566763 sonic ERR systemd[1]: Failed to start featured.service - Feature configuration daemon.
2025 Feb 11 02:34:39.568689 sonic WARNING systemd[1]: featured.service: Start request repeated too quickly.
2025 Feb 11 02:34:39.568766 sonic WARNING systemd[1]: featured.service: Failed with result 'exit-code'.
2025 Feb 11 02:34:39.568802 sonic ERR systemd[1]: Failed to start featured.service - Feature configuration daemon.
2025 Feb 11 02:34:39.691497 sonic INFO caclmgrd[8017]: Traceback (most recent call last):
2025 Feb 11 02:34:39.691621 sonic INFO caclmgrd[8017]:   File "/usr/local/bin/caclmgrd", line 1146, in <module>
2025 Feb 11 02:34:39.691656 sonic INFO caclmgrd[8017]:     main()
2025 Feb 11 02:34:39.691673 sonic INFO caclmgrd[8017]:   File "/usr/local/bin/caclmgrd", line 1137, in main
2025 Feb 11 02:34:39.691695 sonic INFO caclmgrd[8017]:     caclmgr = ControlPlaneAclManager(SYSLOG_IDENTIFIER)
2025 Feb 11 02:34:39.691715 sonic INFO caclmgrd[8017]:               ^^^^^^^^^^^^^^^^^^^^^^^^^^^^^^^^^^^^^^^^^
2025 Feb 11 02:34:39.691731 sonic INFO caclmgrd[8017]:   File "/usr/local/bin/caclmgrd", line 156, in __init__
2025 Feb 11 02:34:39.691755 sonic INFO caclmgrd[8017]:     if 'subtype' in metadata['localhost'] and metadata['localhost']['subtype'] == 'DualToR':
2025 Feb 11 02:34:39.691770 sonic INFO caclmgrd[8017]:                     ~~~~~~~~^^^^^^^^^^^^^
2025 Feb 11 02:34:39.691786 sonic INFO caclmgrd[8017]: KeyError: 'localhost'
2025 Feb 11 02:34:39.706624 sonic NOTICE systemd[1]: caclmgrd.service: Main process exited, code=exited, status=1/FAILURE
2025 Feb 11 02:34:39.706755 sonic WARNING systemd[1]: caclmgrd.service: Failed with result 'exit-code'.
2025 Feb 11 02:34:39.709122 sonic WARNING systemd[1]: featured.service: Start request repeated too quickly.
2025 Feb 11 02:34:39.709203 sonic WARNING systemd[1]: featured.service: Failed with result 'exit-code'.
2025 Feb 11 02:34:39.709289 sonic ERR systemd[1]: Failed to start featured.service - Feature configuration daemon.
2025 Feb 11 02:34:54.534486 sonic DEBUG mgmt_oper_status.py: No management interface found
2025 Feb 11 02:34:54.726663 sonic INFO systemd[1]: Started featured.service - Feature configuration daemon.
2025 Feb 11 02:34:54.775851 sonic INFO memory_checker: [memory_checker] Exits without checking memory usage since container 'bmp' is not running!
2025 Feb 11 02:34:54.783093 sonic INFO memory_checker: [memory_checker] Exits without checking memory usage since container 'snmp' is not running!
2025 Feb 11 02:34:54.798297 sonic INFO memory_checker: [memory_checker] Exits without checking memory usage since container 'gnmi' is not running!
2025 Feb 11 02:34:54.861331 sonic INFO featured: ConfigDB connect success
2025 Feb 11 02:34:54.865450 sonic INFO featured[8067]: Traceback (most recent call last):
2025 Feb 11 02:34:54.865566 sonic INFO featured[8067]:   File "/usr/local/bin/featured", line 598, in <module>
2025 Feb 11 02:34:54.865693 sonic INFO featured[8067]:     main()
2025 Feb 11 02:34:54.865732 sonic INFO featured[8067]:   File "/usr/local/bin/featured", line 591, in main
2025 Feb 11 02:34:54.865854 sonic INFO featured[8067]:     daemon = FeatureDaemon()
2025 Feb 11 02:34:54.865907 sonic INFO featured[8067]:              ^^^^^^^^^^^^^^^
2025 Feb 11 02:34:54.865934 sonic INFO featured[8067]:   File "/usr/local/bin/featured", line 529, in __init__
2025 Feb 11 02:34:54.865974 sonic INFO featured[8067]:     self.feature_handler = FeatureHandler(self.config_db, feature_state_table, self.device_config, self.advanced_boot)
2025 Feb 11 02:34:54.866006 sonic INFO featured[8067]:                            ^^^^^^^^^^^^^^^^^^^^^^^^^^^^^^^^^^^^^^^^^^^^^^^^^^^^^^^^^^^^^^^^^^^^^^^^^^^^^^^^^^^^^^^^^^^
2025 Feb 11 02:34:54.866032 sonic INFO featured[8067]:   File "/usr/local/bin/featured", line 136, in __init__
2025 Feb 11 02:34:54.866061 sonic INFO featured[8067]:     self._device_running_config = device_info.get_device_runtime_metadata()
2025 Feb 11 02:34:54.866092 sonic INFO featured[8067]:                                   ^^^^^^^^^^^^^^^^^^^^^^^^^^^^^^^^^^^^^^^^^
2025 Feb 11 02:34:54.866117 sonic INFO featured[8067]:   File "/usr/local/lib/python3.11/dist-packages/sonic_py_common/device_info.py", line 680, in get_device_runtime_metadata
2025 Feb 11 02:34:54.866244 sonic INFO featured[8067]:     port_metadata = {'ETHERNET_PORTS_PRESENT': True if get_path_to_port_config_file(hwsku=None, asic="0" if is_multi_npu() else None) else False}
2025 Feb 11 02:34:54.866302 sonic INFO featured[8067]:                                                        ^^^^^^^^^^^^^^^^^^^^^^^^^^^^^^^^^^^^^^^^^^^^^^^^^^^^^^^^^^^^^^^^^^^^^^^^^^^^^^
2025 Feb 11 02:34:54.866330 sonic INFO featured[8067]:   File "/usr/local/lib/python3.11/dist-packages/sonic_py_common/device_info.py", line 446, in get_path_to_port_config_file
2025 Feb 11 02:34:54.866360 sonic INFO featured[8067]:     (platform_path, hwsku_path) = get_paths_to_platform_and_hwsku_dirs()
2025 Feb 11 02:34:54.866390 sonic INFO featured[8067]:                                   ^^^^^^^^^^^^^^^^^^^^^^^^^^^^^^^^^^^^^^
2025 Feb 11 02:34:54.866414 sonic INFO featured[8067]:   File "/usr/local/lib/python3.11/dist-packages/sonic_py_common/device_info.py", line 412, in get_paths_to_platform_and_hwsku_dirs
2025 Feb 11 02:34:54.866464 sonic INFO featured[8067]:     hwsku_path = os.path.join(platform_path, hwsku)
2025 Feb 11 02:34:54.866498 sonic INFO featured[8067]:                  ^^^^^^^^^^^^^^^^^^^^^^^^^^^^^^^^^^
2025 Feb 11 02:34:54.866523 sonic INFO featured[8067]:   File "<frozen posixpath>", line 90, in join
2025 Feb 11 02:34:54.866547 sonic INFO featured[8067]:   File "<frozen genericpath>", line 152, in _check_arg_types
2025 Feb 11 02:34:54.866571 sonic INFO featured[8067]: TypeError: join() argument must be str, bytes, or os.PathLike object, not 'NoneType'
2025 Feb 11 02:34:54.884316 sonic NOTICE systemd[1]: featured.service: Main process exited, code=exited, status=1/FAILURE
2025 Feb 11 02:34:54.884442 sonic WARNING systemd[1]: featured.service: Failed with result 'exit-code'.
2025 Feb 11 02:34:54.914457 sonic INFO systemd[1]: Started featured.service - Feature configuration daemon.
2025 Feb 11 02:34:55.062172 sonic INFO featured: ConfigDB connect success
2025 Feb 11 02:34:55.070710 sonic INFO featured[8098]: Traceback (most recent call last):
2025 Feb 11 02:34:55.070820 sonic INFO featured[8098]:   File "/usr/local/bin/featured", line 598, in <module>
2025 Feb 11 02:34:55.070885 sonic INFO featured[8098]:     main()
2025 Feb 11 02:34:55.070917 sonic INFO featured[8098]:   File "/usr/local/bin/featured", line 591, in main
2025 Feb 11 02:34:55.071024 sonic INFO featured[8098]:     daemon = FeatureDaemon()
2025 Feb 11 02:34:55.071064 sonic INFO featured[8098]:              ^^^^^^^^^^^^^^^
2025 Feb 11 02:34:55.071082 sonic INFO featured[8098]:   File "/usr/local/bin/featured", line 529, in __init__
2025 Feb 11 02:34:55.071192 sonic INFO featured[8098]:     self.feature_handler = FeatureHandler(self.config_db, feature_state_table, self.device_config, self.advanced_boot)
2025 Feb 11 02:34:55.071230 sonic INFO featured[8098]:                            ^^^^^^^^^^^^^^^^^^^^^^^^^^^^^^^^^^^^^^^^^^^^^^^^^^^^^^^^^^^^^^^^^^^^^^^^^^^^^^^^^^^^^^^^^^^
2025 Feb 11 02:34:55.071247 sonic INFO featured[8098]:   File "/usr/local/bin/featured", line 136, in __init__
2025 Feb 11 02:34:55.071290 sonic INFO featured[8098]:     self._device_running_config = device_info.get_device_runtime_metadata()
2025 Feb 11 02:34:55.071322 sonic INFO featured[8098]:                                   ^^^^^^^^^^^^^^^^^^^^^^^^^^^^^^^^^^^^^^^^^
2025 Feb 11 02:34:55.071347 sonic INFO featured[8098]:   File "/usr/local/lib/python3.11/dist-packages/sonic_py_common/device_info.py", line 680, in get_device_runtime_metadata
2025 Feb 11 02:34:55.071476 sonic INFO featured[8098]:     port_metadata = {'ETHERNET_PORTS_PRESENT': True if get_path_to_port_config_file(hwsku=None, asic="0" if is_multi_npu() else None) else False}
2025 Feb 11 02:34:55.071515 sonic INFO featured[8098]:                                                        ^^^^^^^^^^^^^^^^^^^^^^^^^^^^^^^^^^^^^^^^^^^^^^^^^^^^^^^^^^^^^^^^^^^^^^^^^^^^^^
2025 Feb 11 02:34:55.071532 sonic INFO featured[8098]:   File "/usr/local/lib/python3.11/dist-packages/sonic_py_common/device_info.py", line 446, in get_path_to_port_config_file
2025 Feb 11 02:34:55.071602 sonic INFO featured[8098]:     (platform_path, hwsku_path) = get_paths_to_platform_and_hwsku_dirs()
2025 Feb 11 02:34:55.071633 sonic INFO featured[8098]:                                   ^^^^^^^^^^^^^^^^^^^^^^^^^^^^^^^^^^^^^^
2025 Feb 11 02:34:55.071659 sonic INFO featured[8098]:   File "/usr/local/lib/python3.11/dist-packages/sonic_py_common/device_info.py", line 412, in get_paths_to_platform_and_hwsku_dirs
2025 Feb 11 02:34:55.071714 sonic INFO featured[8098]:     hwsku_path = os.path.join(platform_path, hwsku)
2025 Feb 11 02:34:55.071752 sonic INFO featured[8098]:                  ^^^^^^^^^^^^^^^^^^^^^^^^^^^^^^^^^^
2025 Feb 11 02:34:55.071777 sonic INFO featured[8098]:   File "<frozen posixpath>", line 90, in join
2025 Feb 11 02:34:55.071801 sonic INFO featured[8098]:   File "<frozen genericpath>", line 152, in _check_arg_types
2025 Feb 11 02:34:55.071826 sonic INFO featured[8098]: TypeError: join() argument must be str, bytes, or os.PathLike object, not 'NoneType'
2025 Feb 11 02:34:55.092188 sonic NOTICE systemd[1]: featured.service: Main process exited, code=exited, status=1/FAILURE
2025 Feb 11 02:34:55.092354 sonic WARNING systemd[1]: featured.service: Failed with result 'exit-code'.
2025 Feb 11 02:34:55.131886 sonic INFO systemd[1]: Started featured.service - Feature configuration daemon.
2025 Feb 11 02:34:55.284395 sonic INFO featured: ConfigDB connect success
2025 Feb 11 02:34:55.288305 sonic INFO featured[8102]: Traceback (most recent call last):
2025 Feb 11 02:34:55.288364 sonic INFO featured[8102]:   File "/usr/local/bin/featured", line 598, in <module>
2025 Feb 11 02:34:55.288503 sonic INFO featured[8102]:     main()
2025 Feb 11 02:34:55.288543 sonic INFO featured[8102]:   File "/usr/local/bin/featured", line 591, in main
2025 Feb 11 02:34:55.288663 sonic INFO featured[8102]:     daemon = FeatureDaemon()
2025 Feb 11 02:34:55.288696 sonic INFO featured[8102]:              ^^^^^^^^^^^^^^^
2025 Feb 11 02:34:55.288718 sonic INFO featured[8102]:   File "/usr/local/bin/featured", line 529, in __init__
2025 Feb 11 02:34:55.288778 sonic INFO featured[8102]:     self.feature_handler = FeatureHandler(self.config_db, feature_state_table, self.device_config, self.advanced_boot)
2025 Feb 11 02:34:55.288824 sonic INFO featured[8102]:                            ^^^^^^^^^^^^^^^^^^^^^^^^^^^^^^^^^^^^^^^^^^^^^^^^^^^^^^^^^^^^^^^^^^^^^^^^^^^^^^^^^^^^^^^^^^^
2025 Feb 11 02:34:55.288851 sonic INFO featured[8102]:   File "/usr/local/bin/featured", line 136, in __init__
2025 Feb 11 02:34:55.288882 sonic INFO featured[8102]:     self._device_running_config = device_info.get_device_runtime_metadata()
2025 Feb 11 02:34:55.288913 sonic INFO featured[8102]:                                   ^^^^^^^^^^^^^^^^^^^^^^^^^^^^^^^^^^^^^^^^^
2025 Feb 11 02:34:55.288939 sonic INFO featured[8102]:   File "/usr/local/lib/python3.11/dist-packages/sonic_py_common/device_info.py", line 680, in get_device_runtime_metadata
2025 Feb 11 02:34:55.289042 sonic INFO featured[8102]:     port_metadata = {'ETHERNET_PORTS_PRESENT': True if get_path_to_port_config_file(hwsku=None, asic="0" if is_multi_npu() else None) else False}
2025 Feb 11 02:34:55.289089 sonic INFO featured[8102]:                                                        ^^^^^^^^^^^^^^^^^^^^^^^^^^^^^^^^^^^^^^^^^^^^^^^^^^^^^^^^^^^^^^^^^^^^^^^^^^^^^^
2025 Feb 11 02:34:55.289116 sonic INFO featured[8102]:   File "/usr/local/lib/python3.11/dist-packages/sonic_py_common/device_info.py", line 446, in get_path_to_port_config_file
2025 Feb 11 02:34:55.289209 sonic INFO featured[8102]:     (platform_path, hwsku_path) = get_paths_to_platform_and_hwsku_dirs()
2025 Feb 11 02:34:55.289242 sonic INFO featured[8102]:                                   ^^^^^^^^^^^^^^^^^^^^^^^^^^^^^^^^^^^^^^
2025 Feb 11 02:34:55.289268 sonic INFO featured[8102]:   File "/usr/local/lib/python3.11/dist-packages/sonic_py_common/device_info.py", line 412, in get_paths_to_platform_and_hwsku_dirs
2025 Feb 11 02:34:55.289333 sonic INFO featured[8102]:     hwsku_path = os.path.join(platform_path, hwsku)
2025 Feb 11 02:34:55.289367 sonic INFO featured[8102]:                  ^^^^^^^^^^^^^^^^^^^^^^^^^^^^^^^^^^
2025 Feb 11 02:34:55.289392 sonic INFO featured[8102]:   File "<frozen posixpath>", line 90, in join
2025 Feb 11 02:34:55.289416 sonic INFO featured[8102]:   File "<frozen genericpath>", line 152, in _check_arg_types
2025 Feb 11 02:34:55.289440 sonic INFO featured[8102]: TypeError: join() argument must be str, bytes, or os.PathLike object, not 'NoneType'
2025 Feb 11 02:34:55.308002 sonic NOTICE systemd[1]: featured.service: Main process exited, code=exited, status=1/FAILURE
2025 Feb 11 02:34:55.308678 sonic WARNING systemd[1]: featured.service: Failed with result 'exit-code'.
2025 Feb 11 02:34:55.338622 sonic INFO systemd[1]: Started featured.service - Feature configuration daemon.
2025 Feb 11 02:34:55.484463 sonic INFO featured: ConfigDB connect success
2025 Feb 11 02:34:55.490440 sonic INFO featured[8103]: Traceback (most recent call last):
2025 Feb 11 02:34:55.490489 sonic INFO featured[8103]:   File "/usr/local/bin/featured", line 598, in <module>
2025 Feb 11 02:34:55.490688 sonic INFO featured[8103]:     main()
2025 Feb 11 02:34:55.490736 sonic INFO featured[8103]:   File "/usr/local/bin/featured", line 591, in main
2025 Feb 11 02:34:55.490853 sonic INFO featured[8103]:     daemon = FeatureDaemon()
2025 Feb 11 02:34:55.490893 sonic INFO featured[8103]:              ^^^^^^^^^^^^^^^
2025 Feb 11 02:34:55.490910 sonic INFO featured[8103]:   File "/usr/local/bin/featured", line 529, in __init__
2025 Feb 11 02:34:55.491000 sonic INFO featured[8103]:     self.feature_handler = FeatureHandler(self.config_db, feature_state_table, self.device_config, self.advanced_boot)
2025 Feb 11 02:34:55.491039 sonic INFO featured[8103]:                            ^^^^^^^^^^^^^^^^^^^^^^^^^^^^^^^^^^^^^^^^^^^^^^^^^^^^^^^^^^^^^^^^^^^^^^^^^^^^^^^^^^^^^^^^^^^
2025 Feb 11 02:34:55.491056 sonic INFO featured[8103]:   File "/usr/local/bin/featured", line 136, in __init__
2025 Feb 11 02:34:55.491099 sonic INFO featured[8103]:     self._device_running_config = device_info.get_device_runtime_metadata()
2025 Feb 11 02:34:55.491150 sonic INFO featured[8103]:                                   ^^^^^^^^^^^^^^^^^^^^^^^^^^^^^^^^^^^^^^^^^
2025 Feb 11 02:34:55.491169 sonic INFO featured[8103]:   File "/usr/local/lib/python3.11/dist-packages/sonic_py_common/device_info.py", line 680, in get_device_runtime_metadata
2025 Feb 11 02:34:55.491319 sonic INFO featured[8103]:     port_metadata = {'ETHERNET_PORTS_PRESENT': True if get_path_to_port_config_file(hwsku=None, asic="0" if is_multi_npu() else None) else False}
2025 Feb 11 02:34:55.491358 sonic INFO featured[8103]:                                                        ^^^^^^^^^^^^^^^^^^^^^^^^^^^^^^^^^^^^^^^^^^^^^^^^^^^^^^^^^^^^^^^^^^^^^^^^^^^^^^
2025 Feb 11 02:34:55.491376 sonic INFO featured[8103]:   File "/usr/local/lib/python3.11/dist-packages/sonic_py_common/device_info.py", line 446, in get_path_to_port_config_file
2025 Feb 11 02:34:55.491453 sonic INFO featured[8103]:     (platform_path, hwsku_path) = get_paths_to_platform_and_hwsku_dirs()
2025 Feb 11 02:34:55.491484 sonic INFO featured[8103]:                                   ^^^^^^^^^^^^^^^^^^^^^^^^^^^^^^^^^^^^^^
2025 Feb 11 02:34:55.491537 sonic INFO featured[8103]:   File "/usr/local/lib/python3.11/dist-packages/sonic_py_common/device_info.py", line 412, in get_paths_to_platform_and_hwsku_dirs
2025 Feb 11 02:34:55.491568 sonic INFO featured[8103]:     hwsku_path = os.path.join(platform_path, hwsku)
2025 Feb 11 02:34:55.491592 sonic INFO featured[8103]:                  ^^^^^^^^^^^^^^^^^^^^^^^^^^^^^^^^^^
2025 Feb 11 02:34:55.491608 sonic INFO featured[8103]:   File "<frozen posixpath>", line 90, in join
2025 Feb 11 02:34:55.491633 sonic INFO featured[8103]:   File "<frozen genericpath>", line 152, in _check_arg_types
2025 Feb 11 02:34:55.491650 sonic INFO featured[8103]: TypeError: join() argument must be str, bytes, or os.PathLike object, not 'NoneType'
2025 Feb 11 02:34:55.511454 sonic NOTICE systemd[1]: featured.service: Main process exited, code=exited, status=1/FAILURE
2025 Feb 11 02:34:55.511615 sonic WARNING systemd[1]: featured.service: Failed with result 'exit-code'.
2025 Feb 11 02:34:55.558704 sonic INFO systemd[1]: Started featured.service - Feature configuration daemon.
2025 Feb 11 02:34:55.693598 sonic INFO featured: ConfigDB connect success
2025 Feb 11 02:34:55.700568 sonic INFO featured[8108]: Traceback (most recent call last):
2025 Feb 11 02:34:55.700629 sonic INFO featured[8108]:   File "/usr/local/bin/featured", line 598, in <module>
2025 Feb 11 02:34:55.700824 sonic INFO featured[8108]:     main()
2025 Feb 11 02:34:55.700876 sonic INFO featured[8108]:   File "/usr/local/bin/featured", line 591, in main
2025 Feb 11 02:34:55.700980 sonic INFO featured[8108]:     daemon = FeatureDaemon()
2025 Feb 11 02:34:55.701033 sonic INFO featured[8108]:              ^^^^^^^^^^^^^^^
2025 Feb 11 02:34:55.701086 sonic INFO featured[8108]:   File "/usr/local/bin/featured", line 529, in __init__
2025 Feb 11 02:34:55.701156 sonic INFO featured[8108]:     self.feature_handler = FeatureHandler(self.config_db, feature_state_table, self.device_config, self.advanced_boot)
2025 Feb 11 02:34:55.701210 sonic INFO featured[8108]:                            ^^^^^^^^^^^^^^^^^^^^^^^^^^^^^^^^^^^^^^^^^^^^^^^^^^^^^^^^^^^^^^^^^^^^^^^^^^^^^^^^^^^^^^^^^^^
2025 Feb 11 02:34:55.701253 sonic INFO featured[8108]:   File "/usr/local/bin/featured", line 136, in __init__
2025 Feb 11 02:34:55.701294 sonic INFO featured[8108]:     self._device_running_config = device_info.get_device_runtime_metadata()
2025 Feb 11 02:34:55.701345 sonic INFO featured[8108]:                                   ^^^^^^^^^^^^^^^^^^^^^^^^^^^^^^^^^^^^^^^^^
2025 Feb 11 02:34:55.701393 sonic INFO featured[8108]:   File "/usr/local/lib/python3.11/dist-packages/sonic_py_common/device_info.py", line 680, in get_device_runtime_metadata
2025 Feb 11 02:34:55.701449 sonic INFO featured[8108]:     port_metadata = {'ETHERNET_PORTS_PRESENT': True if get_path_to_port_config_file(hwsku=None, asic="0" if is_multi_npu() else None) else False}
2025 Feb 11 02:34:55.701550 sonic INFO featured[8108]:                                                        ^^^^^^^^^^^^^^^^^^^^^^^^^^^^^^^^^^^^^^^^^^^^^^^^^^^^^^^^^^^^^^^^^^^^^^^^^^^^^^
2025 Feb 11 02:34:55.701589 sonic INFO featured[8108]:   File "/usr/local/lib/python3.11/dist-packages/sonic_py_common/device_info.py", line 446, in get_path_to_port_config_file
2025 Feb 11 02:34:55.701630 sonic INFO featured[8108]:     (platform_path, hwsku_path) = get_paths_to_platform_and_hwsku_dirs()
2025 Feb 11 02:34:55.701673 sonic INFO featured[8108]:                                   ^^^^^^^^^^^^^^^^^^^^^^^^^^^^^^^^^^^^^^
2025 Feb 11 02:34:55.701716 sonic INFO featured[8108]:   File "/usr/local/lib/python3.11/dist-packages/sonic_py_common/device_info.py", line 412, in get_paths_to_platform_and_hwsku_dirs
2025 Feb 11 02:34:55.701772 sonic INFO featured[8108]:     hwsku_path = os.path.join(platform_path, hwsku)
2025 Feb 11 02:34:55.701814 sonic INFO featured[8108]:                  ^^^^^^^^^^^^^^^^^^^^^^^^^^^^^^^^^^
2025 Feb 11 02:34:55.701857 sonic INFO featured[8108]:   File "<frozen posixpath>", line 90, in join
2025 Feb 11 02:34:55.701897 sonic INFO featured[8108]:   File "<frozen genericpath>", line 152, in _check_arg_types
2025 Feb 11 02:34:55.701938 sonic INFO featured[8108]: TypeError: join() argument must be str, bytes, or os.PathLike object, not 'NoneType'
2025 Feb 11 02:34:55.722439 sonic NOTICE systemd[1]: featured.service: Main process exited, code=exited, status=1/FAILURE
2025 Feb 11 02:34:55.722770 sonic WARNING systemd[1]: featured.service: Failed with result 'exit-code'.
2025 Feb 11 02:34:55.726723 sonic WARNING systemd[1]: featured.service: Start request repeated too quickly.
2025 Feb 11 02:34:55.726793 sonic WARNING systemd[1]: featured.service: Failed with result 'exit-code'.
2025 Feb 11 02:34:55.726823 sonic ERR systemd[1]: Failed to start featured.service - Feature configuration daemon.
2025 Feb 11 02:34:58.279464 sonic WARNING systemd[1]: featured.service: Start request repeated too quickly.
2025 Feb 11 02:34:58.279566 sonic WARNING systemd[1]: featured.service: Failed with result 'exit-code'.
2025 Feb 11 02:34:58.279615 sonic ERR systemd[1]: Failed to start featured.service - Feature configuration daemon.
2025 Feb 11 02:35:08.310533 sonic INFO systemd[1]: Started featured.service - Feature configuration daemon.
2025 Feb 11 02:35:08.441910 sonic INFO featured: ConfigDB connect success
2025 Feb 11 02:35:08.446734 sonic INFO featured[8143]: Traceback (most recent call last):
2025 Feb 11 02:35:08.446780 sonic INFO featured[8143]:   File "/usr/local/bin/featured", line 598, in <module>
2025 Feb 11 02:35:08.446900 sonic INFO featured[8143]:     main()
2025 Feb 11 02:35:08.446939 sonic INFO featured[8143]:   File "/usr/local/bin/featured", line 591, in main
2025 Feb 11 02:35:08.447057 sonic INFO featured[8143]:     daemon = FeatureDaemon()
2025 Feb 11 02:35:08.447090 sonic INFO featured[8143]:              ^^^^^^^^^^^^^^^
2025 Feb 11 02:35:08.447128 sonic INFO featured[8143]:   File "/usr/local/bin/featured", line 529, in __init__
2025 Feb 11 02:35:08.447221 sonic INFO featured[8143]:     self.feature_handler = FeatureHandler(self.config_db, feature_state_table, self.device_config, self.advanced_boot)
2025 Feb 11 02:35:08.447260 sonic INFO featured[8143]:                            ^^^^^^^^^^^^^^^^^^^^^^^^^^^^^^^^^^^^^^^^^^^^^^^^^^^^^^^^^^^^^^^^^^^^^^^^^^^^^^^^^^^^^^^^^^^
2025 Feb 11 02:35:08.447277 sonic INFO featured[8143]:   File "/usr/local/bin/featured", line 136, in __init__
2025 Feb 11 02:35:08.447315 sonic INFO featured[8143]:     self._device_running_config = device_info.get_device_runtime_metadata()
2025 Feb 11 02:35:08.447348 sonic INFO featured[8143]:                                   ^^^^^^^^^^^^^^^^^^^^^^^^^^^^^^^^^^^^^^^^^
2025 Feb 11 02:35:08.447365 sonic INFO featured[8143]:   File "/usr/local/lib/python3.11/dist-packages/sonic_py_common/device_info.py", line 680, in get_device_runtime_metadata
2025 Feb 11 02:35:08.447477 sonic INFO featured[8143]:     port_metadata = {'ETHERNET_PORTS_PRESENT': True if get_path_to_port_config_file(hwsku=None, asic="0" if is_multi_npu() else None) else False}
2025 Feb 11 02:35:08.447516 sonic INFO featured[8143]:                                                        ^^^^^^^^^^^^^^^^^^^^^^^^^^^^^^^^^^^^^^^^^^^^^^^^^^^^^^^^^^^^^^^^^^^^^^^^^^^^^^
2025 Feb 11 02:35:08.447542 sonic INFO featured[8143]:   File "/usr/local/lib/python3.11/dist-packages/sonic_py_common/device_info.py", line 446, in get_path_to_port_config_file
2025 Feb 11 02:35:08.447595 sonic INFO featured[8143]:     (platform_path, hwsku_path) = get_paths_to_platform_and_hwsku_dirs()
2025 Feb 11 02:35:08.447627 sonic INFO featured[8143]:                                   ^^^^^^^^^^^^^^^^^^^^^^^^^^^^^^^^^^^^^^
2025 Feb 11 02:35:08.447645 sonic INFO featured[8143]:   File "/usr/local/lib/python3.11/dist-packages/sonic_py_common/device_info.py", line 412, in get_paths_to_platform_and_hwsku_dirs
2025 Feb 11 02:35:08.447700 sonic INFO featured[8143]:     hwsku_path = os.path.join(platform_path, hwsku)
2025 Feb 11 02:35:08.447734 sonic INFO featured[8143]:                  ^^^^^^^^^^^^^^^^^^^^^^^^^^^^^^^^^^
2025 Feb 11 02:35:08.447752 sonic INFO featured[8143]:   File "<frozen posixpath>", line 90, in join
2025 Feb 11 02:35:08.447768 sonic INFO featured[8143]:   File "<frozen genericpath>", line 152, in _check_arg_types
2025 Feb 11 02:35:08.447786 sonic INFO featured[8143]: TypeError: join() argument must be str, bytes, or os.PathLike object, not 'NoneType'
2025 Feb 11 02:35:08.478637 sonic NOTICE systemd[1]: featured.service: Main process exited, code=exited, status=1/FAILURE
2025 Feb 11 02:35:08.478787 sonic WARNING systemd[1]: featured.service: Failed with result 'exit-code'.
2025 Feb 11 02:35:08.504501 sonic INFO systemd[1]: Started featured.service - Feature configuration daemon.
2025 Feb 11 02:35:08.650936 sonic INFO featured: ConfigDB connect success
2025 Feb 11 02:35:08.655151 sonic INFO featured[8144]: Traceback (most recent call last):
2025 Feb 11 02:35:08.655209 sonic INFO featured[8144]:   File "/usr/local/bin/featured", line 598, in <module>
2025 Feb 11 02:35:08.655422 sonic INFO featured[8144]:     main()
2025 Feb 11 02:35:08.655461 sonic INFO featured[8144]:   File "/usr/local/bin/featured", line 591, in main
2025 Feb 11 02:35:08.655581 sonic INFO featured[8144]:     daemon = FeatureDaemon()
2025 Feb 11 02:35:08.655627 sonic INFO featured[8144]:              ^^^^^^^^^^^^^^^
2025 Feb 11 02:35:08.655645 sonic INFO featured[8144]:   File "/usr/local/bin/featured", line 529, in __init__
2025 Feb 11 02:35:08.655700 sonic INFO featured[8144]:     self.feature_handler = FeatureHandler(self.config_db, feature_state_table, self.device_config, self.advanced_boot)
2025 Feb 11 02:35:08.655748 sonic INFO featured[8144]:                            ^^^^^^^^^^^^^^^^^^^^^^^^^^^^^^^^^^^^^^^^^^^^^^^^^^^^^^^^^^^^^^^^^^^^^^^^^^^^^^^^^^^^^^^^^^^
2025 Feb 11 02:35:08.655774 sonic INFO featured[8144]:   File "/usr/local/bin/featured", line 136, in __init__
2025 Feb 11 02:35:08.655805 sonic INFO featured[8144]:     self._device_running_config = device_info.get_device_runtime_metadata()
2025 Feb 11 02:35:08.655836 sonic INFO featured[8144]:                                   ^^^^^^^^^^^^^^^^^^^^^^^^^^^^^^^^^^^^^^^^^
2025 Feb 11 02:35:08.655861 sonic INFO featured[8144]:   File "/usr/local/lib/python3.11/dist-packages/sonic_py_common/device_info.py", line 680, in get_device_runtime_metadata
2025 Feb 11 02:35:08.655961 sonic INFO featured[8144]:     port_metadata = {'ETHERNET_PORTS_PRESENT': True if get_path_to_port_config_file(hwsku=None, asic="0" if is_multi_npu() else None) else False}
2025 Feb 11 02:35:08.656000 sonic INFO featured[8144]:                                                        ^^^^^^^^^^^^^^^^^^^^^^^^^^^^^^^^^^^^^^^^^^^^^^^^^^^^^^^^^^^^^^^^^^^^^^^^^^^^^^
2025 Feb 11 02:35:08.656018 sonic INFO featured[8144]:   File "/usr/local/lib/python3.11/dist-packages/sonic_py_common/device_info.py", line 446, in get_path_to_port_config_file
2025 Feb 11 02:35:08.656082 sonic INFO featured[8144]:     (platform_path, hwsku_path) = get_paths_to_platform_and_hwsku_dirs()
2025 Feb 11 02:35:08.656129 sonic INFO featured[8144]:                                   ^^^^^^^^^^^^^^^^^^^^^^^^^^^^^^^^^^^^^^
2025 Feb 11 02:35:08.656155 sonic INFO featured[8144]:   File "/usr/local/lib/python3.11/dist-packages/sonic_py_common/device_info.py", line 412, in get_paths_to_platform_and_hwsku_dirs
2025 Feb 11 02:35:08.656213 sonic INFO featured[8144]:     hwsku_path = os.path.join(platform_path, hwsku)
2025 Feb 11 02:35:08.656245 sonic INFO featured[8144]:                  ^^^^^^^^^^^^^^^^^^^^^^^^^^^^^^^^^^
2025 Feb 11 02:35:08.656270 sonic INFO featured[8144]:   File "<frozen posixpath>", line 90, in join
2025 Feb 11 02:35:08.656295 sonic INFO featured[8144]:   File "<frozen genericpath>", line 152, in _check_arg_types
2025 Feb 11 02:35:08.656323 sonic INFO featured[8144]: TypeError: join() argument must be str, bytes, or os.PathLike object, not 'NoneType'
2025 Feb 11 02:35:08.675163 sonic NOTICE systemd[1]: featured.service: Main process exited, code=exited, status=1/FAILURE
2025 Feb 11 02:35:08.675367 sonic WARNING systemd[1]: featured.service: Failed with result 'exit-code'.
2025 Feb 11 02:35:08.731873 sonic INFO systemd[1]: Started featured.service - Feature configuration daemon.
2025 Feb 11 02:35:08.881715 sonic INFO featured: ConfigDB connect success
2025 Feb 11 02:35:08.885820 sonic INFO featured[8145]: Traceback (most recent call last):
2025 Feb 11 02:35:08.885911 sonic INFO featured[8145]:   File "/usr/local/bin/featured", line 598, in <module>
2025 Feb 11 02:35:08.886157 sonic INFO featured[8145]:     main()
2025 Feb 11 02:35:08.886221 sonic INFO featured[8145]:   File "/usr/local/bin/featured", line 591, in main
2025 Feb 11 02:35:08.886407 sonic INFO featured[8145]:     daemon = FeatureDaemon()
2025 Feb 11 02:35:08.886471 sonic INFO featured[8145]:              ^^^^^^^^^^^^^^^
2025 Feb 11 02:35:08.886517 sonic INFO featured[8145]:   File "/usr/local/bin/featured", line 529, in __init__
2025 Feb 11 02:35:08.886584 sonic INFO featured[8145]:     self.feature_handler = FeatureHandler(self.config_db, feature_state_table, self.device_config, self.advanced_boot)
2025 Feb 11 02:35:08.886666 sonic INFO featured[8145]:                            ^^^^^^^^^^^^^^^^^^^^^^^^^^^^^^^^^^^^^^^^^^^^^^^^^^^^^^^^^^^^^^^^^^^^^^^^^^^^^^^^^^^^^^^^^^^
2025 Feb 11 02:35:08.886719 sonic INFO featured[8145]:   File "/usr/local/bin/featured", line 136, in __init__
2025 Feb 11 02:35:08.886772 sonic INFO featured[8145]:     self._device_running_config = device_info.get_device_runtime_metadata()
2025 Feb 11 02:35:08.886824 sonic INFO featured[8145]:                                   ^^^^^^^^^^^^^^^^^^^^^^^^^^^^^^^^^^^^^^^^^
2025 Feb 11 02:35:08.886870 sonic INFO featured[8145]:   File "/usr/local/lib/python3.11/dist-packages/sonic_py_common/device_info.py", line 680, in get_device_runtime_metadata
2025 Feb 11 02:35:08.887033 sonic INFO featured[8145]:     port_metadata = {'ETHERNET_PORTS_PRESENT': True if get_path_to_port_config_file(hwsku=None, asic="0" if is_multi_npu() else None) else False}
2025 Feb 11 02:35:08.887099 sonic INFO featured[8145]:                                                        ^^^^^^^^^^^^^^^^^^^^^^^^^^^^^^^^^^^^^^^^^^^^^^^^^^^^^^^^^^^^^^^^^^^^^^^^^^^^^^
2025 Feb 11 02:35:08.887182 sonic INFO featured[8145]:   File "/usr/local/lib/python3.11/dist-packages/sonic_py_common/device_info.py", line 446, in get_path_to_port_config_file
2025 Feb 11 02:35:08.887274 sonic INFO featured[8145]:     (platform_path, hwsku_path) = get_paths_to_platform_and_hwsku_dirs()
2025 Feb 11 02:35:08.887327 sonic INFO featured[8145]:                                   ^^^^^^^^^^^^^^^^^^^^^^^^^^^^^^^^^^^^^^
2025 Feb 11 02:35:08.887374 sonic INFO featured[8145]:   File "/usr/local/lib/python3.11/dist-packages/sonic_py_common/device_info.py", line 412, in get_paths_to_platform_and_hwsku_dirs
2025 Feb 11 02:35:08.887464 sonic INFO featured[8145]:     hwsku_path = os.path.join(platform_path, hwsku)
2025 Feb 11 02:35:08.887518 sonic INFO featured[8145]:                  ^^^^^^^^^^^^^^^^^^^^^^^^^^^^^^^^^^
2025 Feb 11 02:35:08.887556 sonic INFO featured[8145]:   File "<frozen posixpath>", line 90, in join
2025 Feb 11 02:35:08.887596 sonic INFO featured[8145]:   File "<frozen genericpath>", line 152, in _check_arg_types
2025 Feb 11 02:35:08.887647 sonic INFO featured[8145]: TypeError: join() argument must be str, bytes, or os.PathLike object, not 'NoneType'
2025 Feb 11 02:35:08.906695 sonic NOTICE systemd[1]: featured.service: Main process exited, code=exited, status=1/FAILURE
2025 Feb 11 02:35:08.906805 sonic WARNING systemd[1]: featured.service: Failed with result 'exit-code'.
2025 Feb 11 02:35:08.950601 sonic INFO systemd[1]: Started featured.service - Feature configuration daemon.
2025 Feb 11 02:35:09.080577 sonic INFO featured: ConfigDB connect success
2025 Feb 11 02:35:09.084433 sonic INFO featured[8146]: Traceback (most recent call last):
2025 Feb 11 02:35:09.084478 sonic INFO featured[8146]:   File "/usr/local/bin/featured", line 598, in <module>
2025 Feb 11 02:35:09.084595 sonic INFO featured[8146]:     main()
2025 Feb 11 02:35:09.084634 sonic INFO featured[8146]:   File "/usr/local/bin/featured", line 591, in main
2025 Feb 11 02:35:09.084748 sonic INFO featured[8146]:     daemon = FeatureDaemon()
2025 Feb 11 02:35:09.084795 sonic INFO featured[8146]:              ^^^^^^^^^^^^^^^
2025 Feb 11 02:35:09.084822 sonic INFO featured[8146]:   File "/usr/local/bin/featured", line 529, in __init__
2025 Feb 11 02:35:09.084853 sonic INFO featured[8146]:     self.feature_handler = FeatureHandler(self.config_db, feature_state_table, self.device_config, self.advanced_boot)
2025 Feb 11 02:35:09.084900 sonic INFO featured[8146]:                            ^^^^^^^^^^^^^^^^^^^^^^^^^^^^^^^^^^^^^^^^^^^^^^^^^^^^^^^^^^^^^^^^^^^^^^^^^^^^^^^^^^^^^^^^^^^
2025 Feb 11 02:35:09.084930 sonic INFO featured[8146]:   File "/usr/local/bin/featured", line 136, in __init__
2025 Feb 11 02:35:09.084952 sonic INFO featured[8146]:     self._device_running_config = device_info.get_device_runtime_metadata()
2025 Feb 11 02:35:09.084984 sonic INFO featured[8146]:                                   ^^^^^^^^^^^^^^^^^^^^^^^^^^^^^^^^^^^^^^^^^
2025 Feb 11 02:35:09.085009 sonic INFO featured[8146]:   File "/usr/local/lib/python3.11/dist-packages/sonic_py_common/device_info.py", line 680, in get_device_runtime_metadata
2025 Feb 11 02:35:09.085132 sonic INFO featured[8146]:     port_metadata = {'ETHERNET_PORTS_PRESENT': True if get_path_to_port_config_file(hwsku=None, asic="0" if is_multi_npu() else None) else False}
2025 Feb 11 02:35:09.085171 sonic INFO featured[8146]:                                                        ^^^^^^^^^^^^^^^^^^^^^^^^^^^^^^^^^^^^^^^^^^^^^^^^^^^^^^^^^^^^^^^^^^^^^^^^^^^^^^
2025 Feb 11 02:35:09.085188 sonic INFO featured[8146]:   File "/usr/local/lib/python3.11/dist-packages/sonic_py_common/device_info.py", line 446, in get_path_to_port_config_file
2025 Feb 11 02:35:09.085261 sonic INFO featured[8146]:     (platform_path, hwsku_path) = get_paths_to_platform_and_hwsku_dirs()
2025 Feb 11 02:35:09.085293 sonic INFO featured[8146]:                                   ^^^^^^^^^^^^^^^^^^^^^^^^^^^^^^^^^^^^^^
2025 Feb 11 02:35:09.085318 sonic INFO featured[8146]:   File "/usr/local/lib/python3.11/dist-packages/sonic_py_common/device_info.py", line 412, in get_paths_to_platform_and_hwsku_dirs
2025 Feb 11 02:35:09.085366 sonic INFO featured[8146]:     hwsku_path = os.path.join(platform_path, hwsku)
2025 Feb 11 02:35:09.085399 sonic INFO featured[8146]:                  ^^^^^^^^^^^^^^^^^^^^^^^^^^^^^^^^^^
2025 Feb 11 02:35:09.085425 sonic INFO featured[8146]:   File "<frozen posixpath>", line 90, in join
2025 Feb 11 02:35:09.085449 sonic INFO featured[8146]:   File "<frozen genericpath>", line 152, in _check_arg_types
2025 Feb 11 02:35:09.085507 sonic INFO featured[8146]: TypeError: join() argument must be str, bytes, or os.PathLike object, not 'NoneType'
2025 Feb 11 02:35:09.103480 sonic NOTICE systemd[1]: featured.service: Main process exited, code=exited, status=1/FAILURE
2025 Feb 11 02:35:09.103611 sonic WARNING systemd[1]: featured.service: Failed with result 'exit-code'.
2025 Feb 11 02:35:09.138420 sonic INFO systemd[1]: Started featured.service - Feature configuration daemon.
2025 Feb 11 02:35:09.285250 sonic INFO featured: ConfigDB connect success
2025 Feb 11 02:35:09.289544 sonic INFO featured[8147]: Traceback (most recent call last):
2025 Feb 11 02:35:09.289597 sonic INFO featured[8147]:   File "/usr/local/bin/featured", line 598, in <module>
2025 Feb 11 02:35:09.289883 sonic INFO featured[8147]:     main()
2025 Feb 11 02:35:09.289922 sonic INFO featured[8147]:   File "/usr/local/bin/featured", line 591, in main
2025 Feb 11 02:35:09.290102 sonic INFO featured[8147]:     daemon = FeatureDaemon()
2025 Feb 11 02:35:09.290154 sonic INFO featured[8147]:              ^^^^^^^^^^^^^^^
2025 Feb 11 02:35:09.290181 sonic INFO featured[8147]:   File "/usr/local/bin/featured", line 529, in __init__
2025 Feb 11 02:35:09.290342 sonic INFO featured[8147]:     self.feature_handler = FeatureHandler(self.config_db, feature_state_table, self.device_config, self.advanced_boot)
2025 Feb 11 02:35:09.290380 sonic INFO featured[8147]:                            ^^^^^^^^^^^^^^^^^^^^^^^^^^^^^^^^^^^^^^^^^^^^^^^^^^^^^^^^^^^^^^^^^^^^^^^^^^^^^^^^^^^^^^^^^^^
2025 Feb 11 02:35:09.290397 sonic INFO featured[8147]:   File "/usr/local/bin/featured", line 136, in __init__
2025 Feb 11 02:35:09.290494 sonic INFO featured[8147]:     self._device_running_config = device_info.get_device_runtime_metadata()
2025 Feb 11 02:35:09.290532 sonic INFO featured[8147]:                                   ^^^^^^^^^^^^^^^^^^^^^^^^^^^^^^^^^^^^^^^^^
2025 Feb 11 02:35:09.290548 sonic INFO featured[8147]:   File "/usr/local/lib/python3.11/dist-packages/sonic_py_common/device_info.py", line 680, in get_device_runtime_metadata
2025 Feb 11 02:35:09.290736 sonic INFO featured[8147]:     port_metadata = {'ETHERNET_PORTS_PRESENT': True if get_path_to_port_config_file(hwsku=None, asic="0" if is_multi_npu() else None) else False}
2025 Feb 11 02:35:09.290775 sonic INFO featured[8147]:                                                        ^^^^^^^^^^^^^^^^^^^^^^^^^^^^^^^^^^^^^^^^^^^^^^^^^^^^^^^^^^^^^^^^^^^^^^^^^^^^^^
2025 Feb 11 02:35:09.290800 sonic INFO featured[8147]:   File "/usr/local/lib/python3.11/dist-packages/sonic_py_common/device_info.py", line 446, in get_path_to_port_config_file
2025 Feb 11 02:35:09.290916 sonic INFO featured[8147]:     (platform_path, hwsku_path) = get_paths_to_platform_and_hwsku_dirs()
2025 Feb 11 02:35:09.290951 sonic INFO featured[8147]:                                   ^^^^^^^^^^^^^^^^^^^^^^^^^^^^^^^^^^^^^^
2025 Feb 11 02:35:09.290973 sonic INFO featured[8147]:   File "/usr/local/lib/python3.11/dist-packages/sonic_py_common/device_info.py", line 412, in get_paths_to_platform_and_hwsku_dirs
2025 Feb 11 02:35:09.291095 sonic INFO featured[8147]:     hwsku_path = os.path.join(platform_path, hwsku)
2025 Feb 11 02:35:09.291165 sonic INFO featured[8147]:                  ^^^^^^^^^^^^^^^^^^^^^^^^^^^^^^^^^^
2025 Feb 11 02:35:09.291198 sonic INFO featured[8147]:   File "<frozen posixpath>", line 90, in join
2025 Feb 11 02:35:09.291223 sonic INFO featured[8147]:   File "<frozen genericpath>", line 152, in _check_arg_types
2025 Feb 11 02:35:09.291248 sonic INFO featured[8147]: TypeError: join() argument must be str, bytes, or os.PathLike object, not 'NoneType'
2025 Feb 11 02:35:09.309345 sonic NOTICE systemd[1]: featured.service: Main process exited, code=exited, status=1/FAILURE
2025 Feb 11 02:35:09.309524 sonic WARNING systemd[1]: featured.service: Failed with result 'exit-code'.
2025 Feb 11 02:35:09.311374 sonic WARNING systemd[1]: featured.service: Start request repeated too quickly.
2025 Feb 11 02:35:09.311440 sonic WARNING systemd[1]: featured.service: Failed with result 'exit-code'.
2025 Feb 11 02:35:09.311483 sonic ERR systemd[1]: Failed to start featured.service - Feature configuration daemon.
2025 Feb 11 02:35:09.780332 sonic INFO systemd[1]: caclmgrd.service: Scheduled restart job, restart counter is at 16.
2025 Feb 11 02:35:09.780518 sonic INFO systemd[1]: Stopped caclmgrd.service - Control Plane ACL configuration daemon.
2025 Feb 11 02:35:09.802669 sonic INFO systemd[1]: Started caclmgrd.service - Control Plane ACL configuration daemon.
2025 Feb 11 02:35:09.802979 sonic WARNING systemd[1]: featured.service: Start request repeated too quickly.
2025 Feb 11 02:35:09.803065 sonic WARNING systemd[1]: featured.service: Failed with result 'exit-code'.
2025 Feb 11 02:35:09.803181 sonic ERR systemd[1]: Failed to start featured.service - Feature configuration daemon.
2025 Feb 11 02:35:09.804571 sonic WARNING systemd[1]: featured.service: Start request repeated too quickly.
2025 Feb 11 02:35:09.804631 sonic WARNING systemd[1]: featured.service: Failed with result 'exit-code'.
2025 Feb 11 02:35:09.804696 sonic ERR systemd[1]: Failed to start featured.service - Feature configuration daemon.
2025 Feb 11 02:35:09.912812 sonic INFO caclmgrd[8150]: Traceback (most recent call last):
2025 Feb 11 02:35:09.912882 sonic INFO caclmgrd[8150]:   File "/usr/local/bin/caclmgrd", line 1146, in <module>
2025 Feb 11 02:35:09.912924 sonic INFO caclmgrd[8150]:     main()
2025 Feb 11 02:35:09.912971 sonic INFO caclmgrd[8150]:   File "/usr/local/bin/caclmgrd", line 1137, in main
2025 Feb 11 02:35:09.913024 sonic INFO caclmgrd[8150]:     caclmgr = ControlPlaneAclManager(SYSLOG_IDENTIFIER)
2025 Feb 11 02:35:09.913064 sonic INFO caclmgrd[8150]:               ^^^^^^^^^^^^^^^^^^^^^^^^^^^^^^^^^^^^^^^^^
2025 Feb 11 02:35:09.913106 sonic INFO caclmgrd[8150]:   File "/usr/local/bin/caclmgrd", line 156, in __init__
2025 Feb 11 02:35:09.913192 sonic INFO caclmgrd[8150]:     if 'subtype' in metadata['localhost'] and metadata['localhost']['subtype'] == 'DualToR':
2025 Feb 11 02:35:09.913244 sonic INFO caclmgrd[8150]:                     ~~~~~~~~^^^^^^^^^^^^^
2025 Feb 11 02:35:09.913292 sonic INFO caclmgrd[8150]: KeyError: 'localhost'
2025 Feb 11 02:35:09.924739 sonic NOTICE systemd[1]: caclmgrd.service: Main process exited, code=exited, status=1/FAILURE
2025 Feb 11 02:35:09.924890 sonic WARNING systemd[1]: caclmgrd.service: Failed with result 'exit-code'.
2025 Feb 11 02:35:09.926431 sonic WARNING systemd[1]: featured.service: Start request repeated too quickly.
2025 Feb 11 02:35:09.926503 sonic WARNING systemd[1]: featured.service: Failed with result 'exit-code'.
2025 Feb 11 02:35:09.926571 sonic ERR systemd[1]: Failed to start featured.service - Feature configuration daemon.
2025 Feb 11 02:35:28.306814 sonic INFO systemd[1]: Started featured.service - Feature configuration daemon.
2025 Feb 11 02:35:28.450231 sonic INFO featured: ConfigDB connect success
2025 Feb 11 02:35:28.454690 sonic INFO featured[8220]: Traceback (most recent call last):
2025 Feb 11 02:35:28.454738 sonic INFO featured[8220]:   File "/usr/local/bin/featured", line 598, in <module>
2025 Feb 11 02:35:28.454968 sonic INFO featured[8220]:     main()
2025 Feb 11 02:35:28.455007 sonic INFO featured[8220]:   File "/usr/local/bin/featured", line 591, in main
2025 Feb 11 02:35:28.455207 sonic INFO featured[8220]:     daemon = FeatureDaemon()
2025 Feb 11 02:35:28.455247 sonic INFO featured[8220]:              ^^^^^^^^^^^^^^^
2025 Feb 11 02:35:28.455264 sonic INFO featured[8220]:   File "/usr/local/bin/featured", line 529, in __init__
2025 Feb 11 02:35:28.455404 sonic INFO featured[8220]:     self.feature_handler = FeatureHandler(self.config_db, feature_state_table, self.device_config, self.advanced_boot)
2025 Feb 11 02:35:28.455442 sonic INFO featured[8220]:                            ^^^^^^^^^^^^^^^^^^^^^^^^^^^^^^^^^^^^^^^^^^^^^^^^^^^^^^^^^^^^^^^^^^^^^^^^^^^^^^^^^^^^^^^^^^^
2025 Feb 11 02:35:28.455459 sonic INFO featured[8220]:   File "/usr/local/bin/featured", line 136, in __init__
2025 Feb 11 02:35:28.455568 sonic INFO featured[8220]:     self._device_running_config = device_info.get_device_runtime_metadata()
2025 Feb 11 02:35:28.455606 sonic INFO featured[8220]:                                   ^^^^^^^^^^^^^^^^^^^^^^^^^^^^^^^^^^^^^^^^^
2025 Feb 11 02:35:28.455623 sonic INFO featured[8220]:   File "/usr/local/lib/python3.11/dist-packages/sonic_py_common/device_info.py", line 680, in get_device_runtime_metadata
2025 Feb 11 02:35:28.455794 sonic INFO featured[8220]:     port_metadata = {'ETHERNET_PORTS_PRESENT': True if get_path_to_port_config_file(hwsku=None, asic="0" if is_multi_npu() else None) else False}
2025 Feb 11 02:35:28.455850 sonic INFO featured[8220]:                                                        ^^^^^^^^^^^^^^^^^^^^^^^^^^^^^^^^^^^^^^^^^^^^^^^^^^^^^^^^^^^^^^^^^^^^^^^^^^^^^^
2025 Feb 11 02:35:28.455874 sonic INFO featured[8220]:   File "/usr/local/lib/python3.11/dist-packages/sonic_py_common/device_info.py", line 446, in get_path_to_port_config_file
2025 Feb 11 02:35:28.456006 sonic INFO featured[8220]:     (platform_path, hwsku_path) = get_paths_to_platform_and_hwsku_dirs()
2025 Feb 11 02:35:28.456046 sonic INFO featured[8220]:                                   ^^^^^^^^^^^^^^^^^^^^^^^^^^^^^^^^^^^^^^
2025 Feb 11 02:35:28.456073 sonic INFO featured[8220]:   File "/usr/local/lib/python3.11/dist-packages/sonic_py_common/device_info.py", line 412, in get_paths_to_platform_and_hwsku_dirs
2025 Feb 11 02:35:28.456209 sonic INFO featured[8220]:     hwsku_path = os.path.join(platform_path, hwsku)
2025 Feb 11 02:35:28.456243 sonic INFO featured[8220]:                  ^^^^^^^^^^^^^^^^^^^^^^^^^^^^^^^^^^
2025 Feb 11 02:35:28.456266 sonic INFO featured[8220]:   File "<frozen posixpath>", line 90, in join
2025 Feb 11 02:35:28.456291 sonic INFO featured[8220]:   File "<frozen genericpath>", line 152, in _check_arg_types
2025 Feb 11 02:35:28.456308 sonic INFO featured[8220]: TypeError: join() argument must be str, bytes, or os.PathLike object, not 'NoneType'
2025 Feb 11 02:35:28.476010 sonic NOTICE systemd[1]: featured.service: Main process exited, code=exited, status=1/FAILURE
2025 Feb 11 02:35:28.476164 sonic WARNING systemd[1]: featured.service: Failed with result 'exit-code'.
2025 Feb 11 02:35:28.502764 sonic INFO systemd[1]: Started featured.service - Feature configuration daemon.
2025 Feb 11 02:35:28.642452 sonic INFO featured: ConfigDB connect success
2025 Feb 11 02:35:28.646545 sonic INFO featured[8223]: Traceback (most recent call last):
2025 Feb 11 02:35:28.646596 sonic INFO featured[8223]:   File "/usr/local/bin/featured", line 598, in <module>
2025 Feb 11 02:35:28.646795 sonic INFO featured[8223]:     main()
2025 Feb 11 02:35:28.646834 sonic INFO featured[8223]:   File "/usr/local/bin/featured", line 591, in main
2025 Feb 11 02:35:28.647044 sonic INFO featured[8223]:     daemon = FeatureDaemon()
2025 Feb 11 02:35:28.647132 sonic INFO featured[8223]:              ^^^^^^^^^^^^^^^
2025 Feb 11 02:35:28.647158 sonic INFO featured[8223]:   File "/usr/local/bin/featured", line 529, in __init__
2025 Feb 11 02:35:28.647239 sonic INFO featured[8223]:     self.feature_handler = FeatureHandler(self.config_db, feature_state_table, self.device_config, self.advanced_boot)
2025 Feb 11 02:35:28.647281 sonic INFO featured[8223]:                            ^^^^^^^^^^^^^^^^^^^^^^^^^^^^^^^^^^^^^^^^^^^^^^^^^^^^^^^^^^^^^^^^^^^^^^^^^^^^^^^^^^^^^^^^^^^
2025 Feb 11 02:35:28.647298 sonic INFO featured[8223]:   File "/usr/local/bin/featured", line 136, in __init__
2025 Feb 11 02:35:28.647406 sonic INFO featured[8223]:     self._device_running_config = device_info.get_device_runtime_metadata()
2025 Feb 11 02:35:28.647445 sonic INFO featured[8223]:                                   ^^^^^^^^^^^^^^^^^^^^^^^^^^^^^^^^^^^^^^^^^
2025 Feb 11 02:35:28.647462 sonic INFO featured[8223]:   File "/usr/local/lib/python3.11/dist-packages/sonic_py_common/device_info.py", line 680, in get_device_runtime_metadata
2025 Feb 11 02:35:28.647648 sonic INFO featured[8223]:     port_metadata = {'ETHERNET_PORTS_PRESENT': True if get_path_to_port_config_file(hwsku=None, asic="0" if is_multi_npu() else None) else False}
2025 Feb 11 02:35:28.647705 sonic INFO featured[8223]:                                                        ^^^^^^^^^^^^^^^^^^^^^^^^^^^^^^^^^^^^^^^^^^^^^^^^^^^^^^^^^^^^^^^^^^^^^^^^^^^^^^
2025 Feb 11 02:35:28.647728 sonic INFO featured[8223]:   File "/usr/local/lib/python3.11/dist-packages/sonic_py_common/device_info.py", line 446, in get_path_to_port_config_file
2025 Feb 11 02:35:28.647885 sonic INFO featured[8223]:     (platform_path, hwsku_path) = get_paths_to_platform_and_hwsku_dirs()
2025 Feb 11 02:35:28.647919 sonic INFO featured[8223]:                                   ^^^^^^^^^^^^^^^^^^^^^^^^^^^^^^^^^^^^^^
2025 Feb 11 02:35:28.647936 sonic INFO featured[8223]:   File "/usr/local/lib/python3.11/dist-packages/sonic_py_common/device_info.py", line 412, in get_paths_to_platform_and_hwsku_dirs
2025 Feb 11 02:35:28.648048 sonic INFO featured[8223]:     hwsku_path = os.path.join(platform_path, hwsku)
2025 Feb 11 02:35:28.648119 sonic INFO featured[8223]:                  ^^^^^^^^^^^^^^^^^^^^^^^^^^^^^^^^^^
2025 Feb 11 02:35:28.648144 sonic INFO featured[8223]:   File "<frozen posixpath>", line 90, in join
2025 Feb 11 02:35:28.648170 sonic INFO featured[8223]:   File "<frozen genericpath>", line 152, in _check_arg_types
2025 Feb 11 02:35:28.648186 sonic INFO featured[8223]: TypeError: join() argument must be str, bytes, or os.PathLike object, not 'NoneType'
2025 Feb 11 02:35:28.667225 sonic NOTICE systemd[1]: featured.service: Main process exited, code=exited, status=1/FAILURE
2025 Feb 11 02:35:28.667397 sonic WARNING systemd[1]: featured.service: Failed with result 'exit-code'.
2025 Feb 11 02:35:28.706603 sonic INFO systemd[1]: Started featured.service - Feature configuration daemon.
2025 Feb 11 02:35:28.856785 sonic INFO featured: ConfigDB connect success
2025 Feb 11 02:35:28.860777 sonic INFO featured[8224]: Traceback (most recent call last):
2025 Feb 11 02:35:28.860824 sonic INFO featured[8224]:   File "/usr/local/bin/featured", line 598, in <module>
2025 Feb 11 02:35:28.860954 sonic INFO featured[8224]:     main()
2025 Feb 11 02:35:28.860994 sonic INFO featured[8224]:   File "/usr/local/bin/featured", line 591, in main
2025 Feb 11 02:35:28.861121 sonic INFO featured[8224]:     daemon = FeatureDaemon()
2025 Feb 11 02:35:28.861161 sonic INFO featured[8224]:              ^^^^^^^^^^^^^^^
2025 Feb 11 02:35:28.861178 sonic INFO featured[8224]:   File "/usr/local/bin/featured", line 529, in __init__
2025 Feb 11 02:35:28.861271 sonic INFO featured[8224]:     self.feature_handler = FeatureHandler(self.config_db, feature_state_table, self.device_config, self.advanced_boot)
2025 Feb 11 02:35:28.861318 sonic INFO featured[8224]:                            ^^^^^^^^^^^^^^^^^^^^^^^^^^^^^^^^^^^^^^^^^^^^^^^^^^^^^^^^^^^^^^^^^^^^^^^^^^^^^^^^^^^^^^^^^^^
2025 Feb 11 02:35:28.861345 sonic INFO featured[8224]:   File "/usr/local/bin/featured", line 136, in __init__
2025 Feb 11 02:35:28.861377 sonic INFO featured[8224]:     self._device_running_config = device_info.get_device_runtime_metadata()
2025 Feb 11 02:35:28.861401 sonic INFO featured[8224]:                                   ^^^^^^^^^^^^^^^^^^^^^^^^^^^^^^^^^^^^^^^^^
2025 Feb 11 02:35:28.861426 sonic INFO featured[8224]:   File "/usr/local/lib/python3.11/dist-packages/sonic_py_common/device_info.py", line 680, in get_device_runtime_metadata
2025 Feb 11 02:35:28.861522 sonic INFO featured[8224]:     port_metadata = {'ETHERNET_PORTS_PRESENT': True if get_path_to_port_config_file(hwsku=None, asic="0" if is_multi_npu() else None) else False}
2025 Feb 11 02:35:28.861596 sonic INFO featured[8224]:                                                        ^^^^^^^^^^^^^^^^^^^^^^^^^^^^^^^^^^^^^^^^^^^^^^^^^^^^^^^^^^^^^^^^^^^^^^^^^^^^^^
2025 Feb 11 02:35:28.861627 sonic INFO featured[8224]:   File "/usr/local/lib/python3.11/dist-packages/sonic_py_common/device_info.py", line 446, in get_path_to_port_config_file
2025 Feb 11 02:35:28.861701 sonic INFO featured[8224]:     (platform_path, hwsku_path) = get_paths_to_platform_and_hwsku_dirs()
2025 Feb 11 02:35:28.861741 sonic INFO featured[8224]:                                   ^^^^^^^^^^^^^^^^^^^^^^^^^^^^^^^^^^^^^^
2025 Feb 11 02:35:28.861758 sonic INFO featured[8224]:   File "/usr/local/lib/python3.11/dist-packages/sonic_py_common/device_info.py", line 412, in get_paths_to_platform_and_hwsku_dirs
2025 Feb 11 02:35:28.861806 sonic INFO featured[8224]:     hwsku_path = os.path.join(platform_path, hwsku)
2025 Feb 11 02:35:28.861839 sonic INFO featured[8224]:                  ^^^^^^^^^^^^^^^^^^^^^^^^^^^^^^^^^^
2025 Feb 11 02:35:28.861865 sonic INFO featured[8224]:   File "<frozen posixpath>", line 90, in join
2025 Feb 11 02:35:28.861889 sonic INFO featured[8224]:   File "<frozen genericpath>", line 152, in _check_arg_types
2025 Feb 11 02:35:28.861918 sonic INFO featured[8224]: TypeError: join() argument must be str, bytes, or os.PathLike object, not 'NoneType'
2025 Feb 11 02:35:28.880345 sonic NOTICE systemd[1]: featured.service: Main process exited, code=exited, status=1/FAILURE
2025 Feb 11 02:35:28.880488 sonic WARNING systemd[1]: featured.service: Failed with result 'exit-code'.
2025 Feb 11 02:35:28.926559 sonic INFO systemd[1]: Started featured.service - Feature configuration daemon.
2025 Feb 11 02:35:29.056425 sonic INFO featured: ConfigDB connect success
2025 Feb 11 02:35:29.060188 sonic INFO featured[8225]: Traceback (most recent call last):
2025 Feb 11 02:35:29.060246 sonic INFO featured[8225]:   File "/usr/local/bin/featured", line 598, in <module>
2025 Feb 11 02:35:29.060335 sonic INFO featured[8225]:     main()
2025 Feb 11 02:35:29.060374 sonic INFO featured[8225]:   File "/usr/local/bin/featured", line 591, in main
2025 Feb 11 02:35:29.060487 sonic INFO featured[8225]:     daemon = FeatureDaemon()
2025 Feb 11 02:35:29.060526 sonic INFO featured[8225]:              ^^^^^^^^^^^^^^^
2025 Feb 11 02:35:29.060553 sonic INFO featured[8225]:   File "/usr/local/bin/featured", line 529, in __init__
2025 Feb 11 02:35:29.060606 sonic INFO featured[8225]:     self.feature_handler = FeatureHandler(self.config_db, feature_state_table, self.device_config, self.advanced_boot)
2025 Feb 11 02:35:29.060653 sonic INFO featured[8225]:                            ^^^^^^^^^^^^^^^^^^^^^^^^^^^^^^^^^^^^^^^^^^^^^^^^^^^^^^^^^^^^^^^^^^^^^^^^^^^^^^^^^^^^^^^^^^^
2025 Feb 11 02:35:29.060679 sonic INFO featured[8225]:   File "/usr/local/bin/featured", line 136, in __init__
2025 Feb 11 02:35:29.060709 sonic INFO featured[8225]:     self._device_running_config = device_info.get_device_runtime_metadata()
2025 Feb 11 02:35:29.060739 sonic INFO featured[8225]:                                   ^^^^^^^^^^^^^^^^^^^^^^^^^^^^^^^^^^^^^^^^^
2025 Feb 11 02:35:29.060764 sonic INFO featured[8225]:   File "/usr/local/lib/python3.11/dist-packages/sonic_py_common/device_info.py", line 680, in get_device_runtime_metadata
2025 Feb 11 02:35:29.060871 sonic INFO featured[8225]:     port_metadata = {'ETHERNET_PORTS_PRESENT': True if get_path_to_port_config_file(hwsku=None, asic="0" if is_multi_npu() else None) else False}
2025 Feb 11 02:35:29.060910 sonic INFO featured[8225]:                                                        ^^^^^^^^^^^^^^^^^^^^^^^^^^^^^^^^^^^^^^^^^^^^^^^^^^^^^^^^^^^^^^^^^^^^^^^^^^^^^^
2025 Feb 11 02:35:29.060927 sonic INFO featured[8225]:   File "/usr/local/lib/python3.11/dist-packages/sonic_py_common/device_info.py", line 446, in get_path_to_port_config_file
2025 Feb 11 02:35:29.060991 sonic INFO featured[8225]:     (platform_path, hwsku_path) = get_paths_to_platform_and_hwsku_dirs()
2025 Feb 11 02:35:29.061025 sonic INFO featured[8225]:                                   ^^^^^^^^^^^^^^^^^^^^^^^^^^^^^^^^^^^^^^
2025 Feb 11 02:35:29.061051 sonic INFO featured[8225]:   File "/usr/local/lib/python3.11/dist-packages/sonic_py_common/device_info.py", line 412, in get_paths_to_platform_and_hwsku_dirs
2025 Feb 11 02:35:29.061125 sonic INFO featured[8225]:     hwsku_path = os.path.join(platform_path, hwsku)
2025 Feb 11 02:35:29.061159 sonic INFO featured[8225]:                  ^^^^^^^^^^^^^^^^^^^^^^^^^^^^^^^^^^
2025 Feb 11 02:35:29.061184 sonic INFO featured[8225]:   File "<frozen posixpath>", line 90, in join
2025 Feb 11 02:35:29.061209 sonic INFO featured[8225]:   File "<frozen genericpath>", line 152, in _check_arg_types
2025 Feb 11 02:35:29.061233 sonic INFO featured[8225]: TypeError: join() argument must be str, bytes, or os.PathLike object, not 'NoneType'
2025 Feb 11 02:35:29.079224 sonic NOTICE systemd[1]: featured.service: Main process exited, code=exited, status=1/FAILURE
2025 Feb 11 02:35:29.079363 sonic WARNING systemd[1]: featured.service: Failed with result 'exit-code'.
2025 Feb 11 02:35:29.114381 sonic INFO systemd[1]: Started featured.service - Feature configuration daemon.
2025 Feb 11 02:35:29.252763 sonic INFO featured: ConfigDB connect success
2025 Feb 11 02:35:29.256920 sonic INFO featured[8227]: Traceback (most recent call last):
2025 Feb 11 02:35:29.257014 sonic INFO featured[8227]:   File "/usr/local/bin/featured", line 598, in <module>
2025 Feb 11 02:35:29.257270 sonic INFO featured[8227]:     main()
2025 Feb 11 02:35:29.257343 sonic INFO featured[8227]:   File "/usr/local/bin/featured", line 591, in main
2025 Feb 11 02:35:29.257595 sonic INFO featured[8227]:     daemon = FeatureDaemon()
2025 Feb 11 02:35:29.257658 sonic INFO featured[8227]:              ^^^^^^^^^^^^^^^
2025 Feb 11 02:35:29.257702 sonic INFO featured[8227]:   File "/usr/local/bin/featured", line 529, in __init__
2025 Feb 11 02:35:29.257755 sonic INFO featured[8227]:     self.feature_handler = FeatureHandler(self.config_db, feature_state_table, self.device_config, self.advanced_boot)
2025 Feb 11 02:35:29.257808 sonic INFO featured[8227]:                            ^^^^^^^^^^^^^^^^^^^^^^^^^^^^^^^^^^^^^^^^^^^^^^^^^^^^^^^^^^^^^^^^^^^^^^^^^^^^^^^^^^^^^^^^^^^
2025 Feb 11 02:35:29.257852 sonic INFO featured[8227]:   File "/usr/local/bin/featured", line 136, in __init__
2025 Feb 11 02:35:29.257903 sonic INFO featured[8227]:     self._device_running_config = device_info.get_device_runtime_metadata()
2025 Feb 11 02:35:29.257955 sonic INFO featured[8227]:                                   ^^^^^^^^^^^^^^^^^^^^^^^^^^^^^^^^^^^^^^^^^
2025 Feb 11 02:35:29.258001 sonic INFO featured[8227]:   File "/usr/local/lib/python3.11/dist-packages/sonic_py_common/device_info.py", line 680, in get_device_runtime_metadata
2025 Feb 11 02:35:29.258202 sonic INFO featured[8227]:     port_metadata = {'ETHERNET_PORTS_PRESENT': True if get_path_to_port_config_file(hwsku=None, asic="0" if is_multi_npu() else None) else False}
2025 Feb 11 02:35:29.258279 sonic INFO featured[8227]:                                                        ^^^^^^^^^^^^^^^^^^^^^^^^^^^^^^^^^^^^^^^^^^^^^^^^^^^^^^^^^^^^^^^^^^^^^^^^^^^^^^
2025 Feb 11 02:35:29.258326 sonic INFO featured[8227]:   File "/usr/local/lib/python3.11/dist-packages/sonic_py_common/device_info.py", line 446, in get_path_to_port_config_file
2025 Feb 11 02:35:29.258375 sonic INFO featured[8227]:     (platform_path, hwsku_path) = get_paths_to_platform_and_hwsku_dirs()
2025 Feb 11 02:35:29.258437 sonic INFO featured[8227]:                                   ^^^^^^^^^^^^^^^^^^^^^^^^^^^^^^^^^^^^^^
2025 Feb 11 02:35:29.258484 sonic INFO featured[8227]:   File "/usr/local/lib/python3.11/dist-packages/sonic_py_common/device_info.py", line 412, in get_paths_to_platform_and_hwsku_dirs
2025 Feb 11 02:35:29.258566 sonic INFO featured[8227]:     hwsku_path = os.path.join(platform_path, hwsku)
2025 Feb 11 02:35:29.258619 sonic INFO featured[8227]:                  ^^^^^^^^^^^^^^^^^^^^^^^^^^^^^^^^^^
2025 Feb 11 02:35:29.258660 sonic INFO featured[8227]:   File "<frozen posixpath>", line 90, in join
2025 Feb 11 02:35:29.258703 sonic INFO featured[8227]:   File "<frozen genericpath>", line 152, in _check_arg_types
2025 Feb 11 02:35:29.258743 sonic INFO featured[8227]: TypeError: join() argument must be str, bytes, or os.PathLike object, not 'NoneType'
2025 Feb 11 02:35:29.278054 sonic NOTICE systemd[1]: featured.service: Main process exited, code=exited, status=1/FAILURE
2025 Feb 11 02:35:29.278187 sonic WARNING systemd[1]: featured.service: Failed with result 'exit-code'.
2025 Feb 11 02:35:29.279930 sonic WARNING systemd[1]: featured.service: Start request repeated too quickly.
2025 Feb 11 02:35:29.279992 sonic WARNING systemd[1]: featured.service: Failed with result 'exit-code'.
2025 Feb 11 02:35:29.280048 sonic ERR systemd[1]: Failed to start featured.service - Feature configuration daemon.
2025 Feb 11 02:35:38.302597 sonic INFO systemd[1]: Started featured.service - Feature configuration daemon.
2025 Feb 11 02:35:38.435781 sonic INFO featured: ConfigDB connect success
2025 Feb 11 02:35:38.439795 sonic INFO featured[8250]: Traceback (most recent call last):
2025 Feb 11 02:35:38.439850 sonic INFO featured[8250]:   File "/usr/local/bin/featured", line 598, in <module>
2025 Feb 11 02:35:38.439946 sonic INFO featured[8250]:     main()
2025 Feb 11 02:35:38.439986 sonic INFO featured[8250]:   File "/usr/local/bin/featured", line 591, in main
2025 Feb 11 02:35:38.440104 sonic INFO featured[8250]:     daemon = FeatureDaemon()
2025 Feb 11 02:35:38.440144 sonic INFO featured[8250]:              ^^^^^^^^^^^^^^^
2025 Feb 11 02:35:38.440161 sonic INFO featured[8250]:   File "/usr/local/bin/featured", line 529, in __init__
2025 Feb 11 02:35:38.440261 sonic INFO featured[8250]:     self.feature_handler = FeatureHandler(self.config_db, feature_state_table, self.device_config, self.advanced_boot)
2025 Feb 11 02:35:38.440299 sonic INFO featured[8250]:                            ^^^^^^^^^^^^^^^^^^^^^^^^^^^^^^^^^^^^^^^^^^^^^^^^^^^^^^^^^^^^^^^^^^^^^^^^^^^^^^^^^^^^^^^^^^^
2025 Feb 11 02:35:38.440316 sonic INFO featured[8250]:   File "/usr/local/bin/featured", line 136, in __init__
2025 Feb 11 02:35:38.440348 sonic INFO featured[8250]:     self._device_running_config = device_info.get_device_runtime_metadata()
2025 Feb 11 02:35:38.440379 sonic INFO featured[8250]:                                   ^^^^^^^^^^^^^^^^^^^^^^^^^^^^^^^^^^^^^^^^^
2025 Feb 11 02:35:38.440405 sonic INFO featured[8250]:   File "/usr/local/lib/python3.11/dist-packages/sonic_py_common/device_info.py", line 680, in get_device_runtime_metadata
2025 Feb 11 02:35:38.440486 sonic INFO featured[8250]:     port_metadata = {'ETHERNET_PORTS_PRESENT': True if get_path_to_port_config_file(hwsku=None, asic="0" if is_multi_npu() else None) else False}
2025 Feb 11 02:35:38.440539 sonic INFO featured[8250]:                                                        ^^^^^^^^^^^^^^^^^^^^^^^^^^^^^^^^^^^^^^^^^^^^^^^^^^^^^^^^^^^^^^^^^^^^^^^^^^^^^^
2025 Feb 11 02:35:38.440566 sonic INFO featured[8250]:   File "/usr/local/lib/python3.11/dist-packages/sonic_py_common/device_info.py", line 446, in get_path_to_port_config_file
2025 Feb 11 02:35:38.440631 sonic INFO featured[8250]:     (platform_path, hwsku_path) = get_paths_to_platform_and_hwsku_dirs()
2025 Feb 11 02:35:38.440663 sonic INFO featured[8250]:                                   ^^^^^^^^^^^^^^^^^^^^^^^^^^^^^^^^^^^^^^
2025 Feb 11 02:35:38.440688 sonic INFO featured[8250]:   File "/usr/local/lib/python3.11/dist-packages/sonic_py_common/device_info.py", line 412, in get_paths_to_platform_and_hwsku_dirs
2025 Feb 11 02:35:38.440737 sonic INFO featured[8250]:     hwsku_path = os.path.join(platform_path, hwsku)
2025 Feb 11 02:35:38.440769 sonic INFO featured[8250]:                  ^^^^^^^^^^^^^^^^^^^^^^^^^^^^^^^^^^
2025 Feb 11 02:35:38.440794 sonic INFO featured[8250]:   File "<frozen posixpath>", line 90, in join
2025 Feb 11 02:35:38.440818 sonic INFO featured[8250]:   File "<frozen genericpath>", line 152, in _check_arg_types
2025 Feb 11 02:35:38.440849 sonic INFO featured[8250]: TypeError: join() argument must be str, bytes, or os.PathLike object, not 'NoneType'
2025 Feb 11 02:35:38.458992 sonic NOTICE systemd[1]: featured.service: Main process exited, code=exited, status=1/FAILURE
2025 Feb 11 02:35:38.459162 sonic WARNING systemd[1]: featured.service: Failed with result 'exit-code'.
2025 Feb 11 02:35:38.482688 sonic INFO systemd[1]: Started featured.service - Feature configuration daemon.
2025 Feb 11 02:35:38.618714 sonic INFO featured: ConfigDB connect success
2025 Feb 11 02:35:38.628102 sonic INFO featured[8251]: Traceback (most recent call last):
2025 Feb 11 02:35:38.628251 sonic INFO featured[8251]:   File "/usr/local/bin/featured", line 598, in <module>
2025 Feb 11 02:35:38.628296 sonic INFO featured[8251]:     main()
2025 Feb 11 02:35:38.628315 sonic INFO featured[8251]:   File "/usr/local/bin/featured", line 591, in main
2025 Feb 11 02:35:38.628456 sonic INFO featured[8251]:     daemon = FeatureDaemon()
2025 Feb 11 02:35:38.628522 sonic INFO featured[8251]:              ^^^^^^^^^^^^^^^
2025 Feb 11 02:35:38.628560 sonic INFO featured[8251]:   File "/usr/local/bin/featured", line 529, in __init__
2025 Feb 11 02:35:38.628598 sonic INFO featured[8251]:     self.feature_handler = FeatureHandler(self.config_db, feature_state_table, self.device_config, self.advanced_boot)
2025 Feb 11 02:35:38.628626 sonic INFO featured[8251]:                            ^^^^^^^^^^^^^^^^^^^^^^^^^^^^^^^^^^^^^^^^^^^^^^^^^^^^^^^^^^^^^^^^^^^^^^^^^^^^^^^^^^^^^^^^^^^
2025 Feb 11 02:35:38.628650 sonic INFO featured[8251]:   File "/usr/local/bin/featured", line 136, in __init__
2025 Feb 11 02:35:38.628683 sonic INFO featured[8251]:     self._device_running_config = device_info.get_device_runtime_metadata()
2025 Feb 11 02:35:38.628708 sonic INFO featured[8251]:                                   ^^^^^^^^^^^^^^^^^^^^^^^^^^^^^^^^^^^^^^^^^
2025 Feb 11 02:35:38.628733 sonic INFO featured[8251]:   File "/usr/local/lib/python3.11/dist-packages/sonic_py_common/device_info.py", line 680, in get_device_runtime_metadata
2025 Feb 11 02:35:38.628842 sonic INFO featured[8251]:     port_metadata = {'ETHERNET_PORTS_PRESENT': True if get_path_to_port_config_file(hwsku=None, asic="0" if is_multi_npu() else None) else False}
2025 Feb 11 02:35:38.628938 sonic INFO featured[8251]:                                                        ^^^^^^^^^^^^^^^^^^^^^^^^^^^^^^^^^^^^^^^^^^^^^^^^^^^^^^^^^^^^^^^^^^^^^^^^^^^^^^
2025 Feb 11 02:35:38.628968 sonic INFO featured[8251]:   File "/usr/local/lib/python3.11/dist-packages/sonic_py_common/device_info.py", line 446, in get_path_to_port_config_file
2025 Feb 11 02:35:38.629022 sonic INFO featured[8251]:     (platform_path, hwsku_path) = get_paths_to_platform_and_hwsku_dirs()
2025 Feb 11 02:35:38.629054 sonic INFO featured[8251]:                                   ^^^^^^^^^^^^^^^^^^^^^^^^^^^^^^^^^^^^^^
2025 Feb 11 02:35:38.629096 sonic INFO featured[8251]:   File "/usr/local/lib/python3.11/dist-packages/sonic_py_common/device_info.py", line 412, in get_paths_to_platform_and_hwsku_dirs
2025 Feb 11 02:35:38.629156 sonic INFO featured[8251]:     hwsku_path = os.path.join(platform_path, hwsku)
2025 Feb 11 02:35:38.629190 sonic INFO featured[8251]:                  ^^^^^^^^^^^^^^^^^^^^^^^^^^^^^^^^^^
2025 Feb 11 02:35:38.629215 sonic INFO featured[8251]:   File "<frozen posixpath>", line 90, in join
2025 Feb 11 02:35:38.629244 sonic INFO featured[8251]:   File "<frozen genericpath>", line 152, in _check_arg_types
2025 Feb 11 02:35:38.629269 sonic INFO featured[8251]: TypeError: join() argument must be str, bytes, or os.PathLike object, not 'NoneType'
2025 Feb 11 02:35:38.654735 sonic NOTICE systemd[1]: featured.service: Main process exited, code=exited, status=1/FAILURE
2025 Feb 11 02:35:38.654866 sonic WARNING systemd[1]: featured.service: Failed with result 'exit-code'.
2025 Feb 11 02:35:38.678779 sonic INFO systemd[1]: Started featured.service - Feature configuration daemon.
2025 Feb 11 02:35:38.826348 sonic INFO featured: ConfigDB connect success
2025 Feb 11 02:35:38.830346 sonic INFO featured[8254]: Traceback (most recent call last):
2025 Feb 11 02:35:38.830403 sonic INFO featured[8254]:   File "/usr/local/bin/featured", line 598, in <module>
2025 Feb 11 02:35:38.830563 sonic INFO featured[8254]:     main()
2025 Feb 11 02:35:38.830602 sonic INFO featured[8254]:   File "/usr/local/bin/featured", line 591, in main
2025 Feb 11 02:35:38.830724 sonic INFO featured[8254]:     daemon = FeatureDaemon()
2025 Feb 11 02:35:38.830763 sonic INFO featured[8254]:              ^^^^^^^^^^^^^^^
2025 Feb 11 02:35:38.830783 sonic INFO featured[8254]:   File "/usr/local/bin/featured", line 529, in __init__
2025 Feb 11 02:35:38.830844 sonic INFO featured[8254]:     self.feature_handler = FeatureHandler(self.config_db, feature_state_table, self.device_config, self.advanced_boot)
2025 Feb 11 02:35:38.830891 sonic INFO featured[8254]:                            ^^^^^^^^^^^^^^^^^^^^^^^^^^^^^^^^^^^^^^^^^^^^^^^^^^^^^^^^^^^^^^^^^^^^^^^^^^^^^^^^^^^^^^^^^^^
2025 Feb 11 02:35:38.830919 sonic INFO featured[8254]:   File "/usr/local/bin/featured", line 136, in __init__
2025 Feb 11 02:35:38.830953 sonic INFO featured[8254]:     self._device_running_config = device_info.get_device_runtime_metadata()
2025 Feb 11 02:35:38.830985 sonic INFO featured[8254]:                                   ^^^^^^^^^^^^^^^^^^^^^^^^^^^^^^^^^^^^^^^^^
2025 Feb 11 02:35:38.831011 sonic INFO featured[8254]:   File "/usr/local/lib/python3.11/dist-packages/sonic_py_common/device_info.py", line 680, in get_device_runtime_metadata
2025 Feb 11 02:35:38.831115 sonic INFO featured[8254]:     port_metadata = {'ETHERNET_PORTS_PRESENT': True if get_path_to_port_config_file(hwsku=None, asic="0" if is_multi_npu() else None) else False}
2025 Feb 11 02:35:38.831168 sonic INFO featured[8254]:                                                        ^^^^^^^^^^^^^^^^^^^^^^^^^^^^^^^^^^^^^^^^^^^^^^^^^^^^^^^^^^^^^^^^^^^^^^^^^^^^^^
2025 Feb 11 02:35:38.831195 sonic INFO featured[8254]:   File "/usr/local/lib/python3.11/dist-packages/sonic_py_common/device_info.py", line 446, in get_path_to_port_config_file
2025 Feb 11 02:35:38.831267 sonic INFO featured[8254]:     (platform_path, hwsku_path) = get_paths_to_platform_and_hwsku_dirs()
2025 Feb 11 02:35:38.831303 sonic INFO featured[8254]:                                   ^^^^^^^^^^^^^^^^^^^^^^^^^^^^^^^^^^^^^^
2025 Feb 11 02:35:38.831329 sonic INFO featured[8254]:   File "/usr/local/lib/python3.11/dist-packages/sonic_py_common/device_info.py", line 412, in get_paths_to_platform_and_hwsku_dirs
2025 Feb 11 02:35:38.831380 sonic INFO featured[8254]:     hwsku_path = os.path.join(platform_path, hwsku)
2025 Feb 11 02:35:38.831414 sonic INFO featured[8254]:                  ^^^^^^^^^^^^^^^^^^^^^^^^^^^^^^^^^^
2025 Feb 11 02:35:38.831442 sonic INFO featured[8254]:   File "<frozen posixpath>", line 90, in join
2025 Feb 11 02:35:38.831467 sonic INFO featured[8254]:   File "<frozen genericpath>", line 152, in _check_arg_types
2025 Feb 11 02:35:38.831492 sonic INFO featured[8254]: TypeError: join() argument must be str, bytes, or os.PathLike object, not 'NoneType'
2025 Feb 11 02:35:38.849462 sonic NOTICE systemd[1]: featured.service: Main process exited, code=exited, status=1/FAILURE
2025 Feb 11 02:35:38.849636 sonic WARNING systemd[1]: featured.service: Failed with result 'exit-code'.
2025 Feb 11 02:35:38.875357 sonic INFO systemd[1]: Started featured.service - Feature configuration daemon.
2025 Feb 11 02:35:39.005303 sonic INFO featured: ConfigDB connect success
2025 Feb 11 02:35:39.009399 sonic INFO featured[8255]: Traceback (most recent call last):
2025 Feb 11 02:35:39.009446 sonic INFO featured[8255]:   File "/usr/local/bin/featured", line 598, in <module>
2025 Feb 11 02:35:39.009604 sonic INFO featured[8255]:     main()
2025 Feb 11 02:35:39.009652 sonic INFO featured[8255]:   File "/usr/local/bin/featured", line 591, in main
2025 Feb 11 02:35:39.009762 sonic INFO featured[8255]:     daemon = FeatureDaemon()
2025 Feb 11 02:35:39.009802 sonic INFO featured[8255]:              ^^^^^^^^^^^^^^^
2025 Feb 11 02:35:39.009819 sonic INFO featured[8255]:   File "/usr/local/bin/featured", line 529, in __init__
2025 Feb 11 02:35:39.009878 sonic INFO featured[8255]:     self.feature_handler = FeatureHandler(self.config_db, feature_state_table, self.device_config, self.advanced_boot)
2025 Feb 11 02:35:39.009925 sonic INFO featured[8255]:                            ^^^^^^^^^^^^^^^^^^^^^^^^^^^^^^^^^^^^^^^^^^^^^^^^^^^^^^^^^^^^^^^^^^^^^^^^^^^^^^^^^^^^^^^^^^^
2025 Feb 11 02:35:39.009952 sonic INFO featured[8255]:   File "/usr/local/bin/featured", line 136, in __init__
2025 Feb 11 02:35:39.009983 sonic INFO featured[8255]:     self._device_running_config = device_info.get_device_runtime_metadata()
2025 Feb 11 02:35:39.010014 sonic INFO featured[8255]:                                   ^^^^^^^^^^^^^^^^^^^^^^^^^^^^^^^^^^^^^^^^^
2025 Feb 11 02:35:39.010039 sonic INFO featured[8255]:   File "/usr/local/lib/python3.11/dist-packages/sonic_py_common/device_info.py", line 680, in get_device_runtime_metadata
2025 Feb 11 02:35:39.010166 sonic INFO featured[8255]:     port_metadata = {'ETHERNET_PORTS_PRESENT': True if get_path_to_port_config_file(hwsku=None, asic="0" if is_multi_npu() else None) else False}
2025 Feb 11 02:35:39.010206 sonic INFO featured[8255]:                                                        ^^^^^^^^^^^^^^^^^^^^^^^^^^^^^^^^^^^^^^^^^^^^^^^^^^^^^^^^^^^^^^^^^^^^^^^^^^^^^^
2025 Feb 11 02:35:39.010224 sonic INFO featured[8255]:   File "/usr/local/lib/python3.11/dist-packages/sonic_py_common/device_info.py", line 446, in get_path_to_port_config_file
2025 Feb 11 02:35:39.010287 sonic INFO featured[8255]:     (platform_path, hwsku_path) = get_paths_to_platform_and_hwsku_dirs()
2025 Feb 11 02:35:39.010319 sonic INFO featured[8255]:                                   ^^^^^^^^^^^^^^^^^^^^^^^^^^^^^^^^^^^^^^
2025 Feb 11 02:35:39.010345 sonic INFO featured[8255]:   File "/usr/local/lib/python3.11/dist-packages/sonic_py_common/device_info.py", line 412, in get_paths_to_platform_and_hwsku_dirs
2025 Feb 11 02:35:39.010392 sonic INFO featured[8255]:     hwsku_path = os.path.join(platform_path, hwsku)
2025 Feb 11 02:35:39.010430 sonic INFO featured[8255]:                  ^^^^^^^^^^^^^^^^^^^^^^^^^^^^^^^^^^
2025 Feb 11 02:35:39.010456 sonic INFO featured[8255]:   File "<frozen posixpath>", line 90, in join
2025 Feb 11 02:35:39.010480 sonic INFO featured[8255]:   File "<frozen genericpath>", line 152, in _check_arg_types
2025 Feb 11 02:35:39.010504 sonic INFO featured[8255]: TypeError: join() argument must be str, bytes, or os.PathLike object, not 'NoneType'
2025 Feb 11 02:35:39.028228 sonic NOTICE systemd[1]: featured.service: Main process exited, code=exited, status=1/FAILURE
2025 Feb 11 02:35:39.028362 sonic WARNING systemd[1]: featured.service: Failed with result 'exit-code'.
2025 Feb 11 02:35:39.058574 sonic INFO systemd[1]: Started featured.service - Feature configuration daemon.
2025 Feb 11 02:35:39.196664 sonic INFO featured: ConfigDB connect success
2025 Feb 11 02:35:39.200568 sonic INFO featured[8256]: Traceback (most recent call last):
2025 Feb 11 02:35:39.200617 sonic INFO featured[8256]:   File "/usr/local/bin/featured", line 598, in <module>
2025 Feb 11 02:35:39.200791 sonic INFO featured[8256]:     main()
2025 Feb 11 02:35:39.200830 sonic INFO featured[8256]:   File "/usr/local/bin/featured", line 591, in main
2025 Feb 11 02:35:39.200951 sonic INFO featured[8256]:     daemon = FeatureDaemon()
2025 Feb 11 02:35:39.200994 sonic INFO featured[8256]:              ^^^^^^^^^^^^^^^
2025 Feb 11 02:35:39.201012 sonic INFO featured[8256]:   File "/usr/local/bin/featured", line 529, in __init__
2025 Feb 11 02:35:39.201069 sonic INFO featured[8256]:     self.feature_handler = FeatureHandler(self.config_db, feature_state_table, self.device_config, self.advanced_boot)
2025 Feb 11 02:35:39.201154 sonic INFO featured[8256]:                            ^^^^^^^^^^^^^^^^^^^^^^^^^^^^^^^^^^^^^^^^^^^^^^^^^^^^^^^^^^^^^^^^^^^^^^^^^^^^^^^^^^^^^^^^^^^
2025 Feb 11 02:35:39.201183 sonic INFO featured[8256]:   File "/usr/local/bin/featured", line 136, in __init__
2025 Feb 11 02:35:39.201206 sonic INFO featured[8256]:     self._device_running_config = device_info.get_device_runtime_metadata()
2025 Feb 11 02:35:39.201237 sonic INFO featured[8256]:                                   ^^^^^^^^^^^^^^^^^^^^^^^^^^^^^^^^^^^^^^^^^
2025 Feb 11 02:35:39.201262 sonic INFO featured[8256]:   File "/usr/local/lib/python3.11/dist-packages/sonic_py_common/device_info.py", line 680, in get_device_runtime_metadata
2025 Feb 11 02:35:39.201357 sonic INFO featured[8256]:     port_metadata = {'ETHERNET_PORTS_PRESENT': True if get_path_to_port_config_file(hwsku=None, asic="0" if is_multi_npu() else None) else False}
2025 Feb 11 02:35:39.201401 sonic INFO featured[8256]:                                                        ^^^^^^^^^^^^^^^^^^^^^^^^^^^^^^^^^^^^^^^^^^^^^^^^^^^^^^^^^^^^^^^^^^^^^^^^^^^^^^
2025 Feb 11 02:35:39.201428 sonic INFO featured[8256]:   File "/usr/local/lib/python3.11/dist-packages/sonic_py_common/device_info.py", line 446, in get_path_to_port_config_file
2025 Feb 11 02:35:39.201502 sonic INFO featured[8256]:     (platform_path, hwsku_path) = get_paths_to_platform_and_hwsku_dirs()
2025 Feb 11 02:35:39.201551 sonic INFO featured[8256]:                                   ^^^^^^^^^^^^^^^^^^^^^^^^^^^^^^^^^^^^^^
2025 Feb 11 02:35:39.201578 sonic INFO featured[8256]:   File "/usr/local/lib/python3.11/dist-packages/sonic_py_common/device_info.py", line 412, in get_paths_to_platform_and_hwsku_dirs
2025 Feb 11 02:35:39.201642 sonic INFO featured[8256]:     hwsku_path = os.path.join(platform_path, hwsku)
2025 Feb 11 02:35:39.201675 sonic INFO featured[8256]:                  ^^^^^^^^^^^^^^^^^^^^^^^^^^^^^^^^^^
2025 Feb 11 02:35:39.201700 sonic INFO featured[8256]:   File "<frozen posixpath>", line 90, in join
2025 Feb 11 02:35:39.201724 sonic INFO featured[8256]:   File "<frozen genericpath>", line 152, in _check_arg_types
2025 Feb 11 02:35:39.201754 sonic INFO featured[8256]: TypeError: join() argument must be str, bytes, or os.PathLike object, not 'NoneType'
2025 Feb 11 02:35:39.219837 sonic NOTICE systemd[1]: featured.service: Main process exited, code=exited, status=1/FAILURE
2025 Feb 11 02:35:39.219956 sonic WARNING systemd[1]: featured.service: Failed with result 'exit-code'.
2025 Feb 11 02:35:39.222055 sonic WARNING systemd[1]: featured.service: Start request repeated too quickly.
2025 Feb 11 02:35:39.222129 sonic WARNING systemd[1]: featured.service: Failed with result 'exit-code'.
2025 Feb 11 02:35:39.222182 sonic ERR systemd[1]: Failed to start featured.service - Feature configuration daemon.
2025 Feb 11 02:35:39.277390 sonic WARNING systemd[1]: featured.service: Start request repeated too quickly.
2025 Feb 11 02:35:39.277531 sonic WARNING systemd[1]: featured.service: Failed with result 'exit-code'.
2025 Feb 11 02:35:39.277573 sonic ERR systemd[1]: Failed to start featured.service - Feature configuration daemon.
2025 Feb 11 02:35:40.030156 sonic INFO systemd[1]: caclmgrd.service: Scheduled restart job, restart counter is at 17.
2025 Feb 11 02:35:40.030272 sonic INFO systemd[1]: Stopped caclmgrd.service - Control Plane ACL configuration daemon.
2025 Feb 11 02:35:40.070237 sonic INFO systemd[1]: Started caclmgrd.service - Control Plane ACL configuration daemon.
2025 Feb 11 02:35:40.070924 sonic WARNING systemd[1]: featured.service: Start request repeated too quickly.
2025 Feb 11 02:35:40.071331 sonic WARNING systemd[1]: featured.service: Failed with result 'exit-code'.
2025 Feb 11 02:35:40.071403 sonic ERR systemd[1]: Failed to start featured.service - Feature configuration daemon.
2025 Feb 11 02:35:40.074584 sonic WARNING systemd[1]: featured.service: Start request repeated too quickly.
2025 Feb 11 02:35:40.074645 sonic WARNING systemd[1]: featured.service: Failed with result 'exit-code'.
2025 Feb 11 02:35:40.074672 sonic ERR systemd[1]: Failed to start featured.service - Feature configuration daemon.
2025 Feb 11 02:35:40.188620 sonic INFO caclmgrd[8259]: Traceback (most recent call last):
2025 Feb 11 02:35:40.188837 sonic INFO caclmgrd[8259]:   File "/usr/local/bin/caclmgrd", line 1146, in <module>
2025 Feb 11 02:35:40.189195 sonic INFO caclmgrd[8259]:     main()
2025 Feb 11 02:35:40.189242 sonic INFO caclmgrd[8259]:   File "/usr/local/bin/caclmgrd", line 1137, in main
2025 Feb 11 02:35:40.189461 sonic INFO caclmgrd[8259]:     caclmgr = ControlPlaneAclManager(SYSLOG_IDENTIFIER)
2025 Feb 11 02:35:40.189582 sonic INFO caclmgrd[8259]:               ^^^^^^^^^^^^^^^^^^^^^^^^^^^^^^^^^^^^^^^^^
2025 Feb 11 02:35:40.189617 sonic INFO caclmgrd[8259]:   File "/usr/local/bin/caclmgrd", line 156, in __init__
2025 Feb 11 02:35:40.189639 sonic INFO caclmgrd[8259]:     if 'subtype' in metadata['localhost'] and metadata['localhost']['subtype'] == 'DualToR':
2025 Feb 11 02:35:40.189696 sonic INFO caclmgrd[8259]:                     ~~~~~~~~^^^^^^^^^^^^^
2025 Feb 11 02:35:40.189730 sonic INFO caclmgrd[8259]: KeyError: 'localhost'
2025 Feb 11 02:35:40.204574 sonic NOTICE systemd[1]: caclmgrd.service: Main process exited, code=exited, status=1/FAILURE
2025 Feb 11 02:35:40.204716 sonic WARNING systemd[1]: caclmgrd.service: Failed with result 'exit-code'.
2025 Feb 11 02:35:40.209655 sonic WARNING systemd[1]: featured.service: Start request repeated too quickly.
2025 Feb 11 02:35:40.209964 sonic WARNING systemd[1]: featured.service: Failed with result 'exit-code'.
2025 Feb 11 02:35:40.210026 sonic ERR systemd[1]: Failed to start featured.service - Feature configuration daemon.
2025 Feb 11 02:35:54.566667 sonic DEBUG mgmt_oper_status.py: No management interface found
2025 Feb 11 02:35:54.582874 sonic INFO systemd[1]: Started featured.service - Feature configuration daemon.
2025 Feb 11 02:35:54.721989 sonic INFO featured: ConfigDB connect success
2025 Feb 11 02:35:54.730997 sonic INFO featured[8307]: Traceback (most recent call last):
2025 Feb 11 02:35:54.731315 sonic INFO featured[8307]:   File "/usr/local/bin/featured", line 598, in <module>
2025 Feb 11 02:35:54.731371 sonic INFO featured[8307]:     main()
2025 Feb 11 02:35:54.731403 sonic INFO featured[8307]:   File "/usr/local/bin/featured", line 591, in main
2025 Feb 11 02:35:54.731436 sonic INFO featured[8307]:     daemon = FeatureDaemon()
2025 Feb 11 02:35:54.731468 sonic INFO featured[8307]:              ^^^^^^^^^^^^^^^
2025 Feb 11 02:35:54.731497 sonic INFO featured[8307]:   File "/usr/local/bin/featured", line 529, in __init__
2025 Feb 11 02:35:54.731527 sonic INFO featured[8307]:     self.feature_handler = FeatureHandler(self.config_db, feature_state_table, self.device_config, self.advanced_boot)
2025 Feb 11 02:35:54.731598 sonic INFO featured[8307]:                            ^^^^^^^^^^^^^^^^^^^^^^^^^^^^^^^^^^^^^^^^^^^^^^^^^^^^^^^^^^^^^^^^^^^^^^^^^^^^^^^^^^^^^^^^^^^
2025 Feb 11 02:35:54.731653 sonic INFO featured[8307]:   File "/usr/local/bin/featured", line 136, in __init__
2025 Feb 11 02:35:54.731707 sonic INFO featured[8307]:     self._device_running_config = device_info.get_device_runtime_metadata()
2025 Feb 11 02:35:54.731735 sonic INFO featured[8307]:                                   ^^^^^^^^^^^^^^^^^^^^^^^^^^^^^^^^^^^^^^^^^
2025 Feb 11 02:35:54.731780 sonic INFO featured[8307]:   File "/usr/local/lib/python3.11/dist-packages/sonic_py_common/device_info.py", line 680, in get_device_runtime_metadata
2025 Feb 11 02:35:54.731837 sonic INFO featured[8307]:     port_metadata = {'ETHERNET_PORTS_PRESENT': True if get_path_to_port_config_file(hwsku=None, asic="0" if is_multi_npu() else None) else False}
2025 Feb 11 02:35:54.731873 sonic INFO featured[8307]:                                                        ^^^^^^^^^^^^^^^^^^^^^^^^^^^^^^^^^^^^^^^^^^^^^^^^^^^^^^^^^^^^^^^^^^^^^^^^^^^^^^
2025 Feb 11 02:35:54.731902 sonic INFO featured[8307]:   File "/usr/local/lib/python3.11/dist-packages/sonic_py_common/device_info.py", line 446, in get_path_to_port_config_file
2025 Feb 11 02:35:54.731948 sonic INFO featured[8307]:     (platform_path, hwsku_path) = get_paths_to_platform_and_hwsku_dirs()
2025 Feb 11 02:35:54.731996 sonic INFO featured[8307]:                                   ^^^^^^^^^^^^^^^^^^^^^^^^^^^^^^^^^^^^^^
2025 Feb 11 02:35:54.732044 sonic INFO featured[8307]:   File "/usr/local/lib/python3.11/dist-packages/sonic_py_common/device_info.py", line 412, in get_paths_to_platform_and_hwsku_dirs
2025 Feb 11 02:35:54.732119 sonic INFO featured[8307]:     hwsku_path = os.path.join(platform_path, hwsku)
2025 Feb 11 02:35:54.732161 sonic INFO featured[8307]:                  ^^^^^^^^^^^^^^^^^^^^^^^^^^^^^^^^^^
2025 Feb 11 02:35:54.732191 sonic INFO featured[8307]:   File "<frozen posixpath>", line 90, in join
2025 Feb 11 02:35:54.732222 sonic INFO featured[8307]:   File "<frozen genericpath>", line 152, in _check_arg_types
2025 Feb 11 02:35:54.732251 sonic INFO featured[8307]: TypeError: join() argument must be str, bytes, or os.PathLike object, not 'NoneType'
2025 Feb 11 02:35:54.750949 sonic NOTICE systemd[1]: featured.service: Main process exited, code=exited, status=1/FAILURE
2025 Feb 11 02:35:54.751066 sonic WARNING systemd[1]: featured.service: Failed with result 'exit-code'.
2025 Feb 11 02:35:54.774594 sonic INFO memory_checker: [memory_checker] Exits without checking memory usage since container 'gnmi' is not running!
2025 Feb 11 02:35:54.774949 sonic INFO memory_checker: [memory_checker] Exits without checking memory usage since container 'snmp' is not running!
2025 Feb 11 02:35:54.775035 sonic INFO systemd[1]: Started featured.service - Feature configuration daemon.
2025 Feb 11 02:35:54.775383 sonic INFO memory_checker: [memory_checker] Exits without checking memory usage since container 'bmp' is not running!
2025 Feb 11 02:35:54.914659 sonic INFO featured: ConfigDB connect success
2025 Feb 11 02:35:54.918621 sonic INFO featured[8332]: Traceback (most recent call last):
2025 Feb 11 02:35:54.918671 sonic INFO featured[8332]:   File "/usr/local/bin/featured", line 598, in <module>
2025 Feb 11 02:35:54.918804 sonic INFO featured[8332]:     main()
2025 Feb 11 02:35:54.918843 sonic INFO featured[8332]:   File "/usr/local/bin/featured", line 591, in main
2025 Feb 11 02:35:54.919034 sonic INFO featured[8332]:     daemon = FeatureDaemon()
2025 Feb 11 02:35:54.919074 sonic INFO featured[8332]:              ^^^^^^^^^^^^^^^
2025 Feb 11 02:35:54.919125 sonic INFO featured[8332]:   File "/usr/local/bin/featured", line 529, in __init__
2025 Feb 11 02:35:54.919258 sonic INFO featured[8332]:     self.feature_handler = FeatureHandler(self.config_db, feature_state_table, self.device_config, self.advanced_boot)
2025 Feb 11 02:35:54.919297 sonic INFO featured[8332]:                            ^^^^^^^^^^^^^^^^^^^^^^^^^^^^^^^^^^^^^^^^^^^^^^^^^^^^^^^^^^^^^^^^^^^^^^^^^^^^^^^^^^^^^^^^^^^
2025 Feb 11 02:35:54.919314 sonic INFO featured[8332]:   File "/usr/local/bin/featured", line 136, in __init__
2025 Feb 11 02:35:54.919397 sonic INFO featured[8332]:     self._device_running_config = device_info.get_device_runtime_metadata()
2025 Feb 11 02:35:54.919448 sonic INFO featured[8332]:                                   ^^^^^^^^^^^^^^^^^^^^^^^^^^^^^^^^^^^^^^^^^
2025 Feb 11 02:35:54.919480 sonic INFO featured[8332]:   File "/usr/local/lib/python3.11/dist-packages/sonic_py_common/device_info.py", line 680, in get_device_runtime_metadata
2025 Feb 11 02:35:54.919661 sonic INFO featured[8332]:     port_metadata = {'ETHERNET_PORTS_PRESENT': True if get_path_to_port_config_file(hwsku=None, asic="0" if is_multi_npu() else None) else False}
2025 Feb 11 02:35:54.919702 sonic INFO featured[8332]:                                                        ^^^^^^^^^^^^^^^^^^^^^^^^^^^^^^^^^^^^^^^^^^^^^^^^^^^^^^^^^^^^^^^^^^^^^^^^^^^^^^
2025 Feb 11 02:35:54.919722 sonic INFO featured[8332]:   File "/usr/local/lib/python3.11/dist-packages/sonic_py_common/device_info.py", line 446, in get_path_to_port_config_file
2025 Feb 11 02:35:54.919836 sonic INFO featured[8332]:     (platform_path, hwsku_path) = get_paths_to_platform_and_hwsku_dirs()
2025 Feb 11 02:35:54.919882 sonic INFO featured[8332]:                                   ^^^^^^^^^^^^^^^^^^^^^^^^^^^^^^^^^^^^^^
2025 Feb 11 02:35:54.919914 sonic INFO featured[8332]:   File "/usr/local/lib/python3.11/dist-packages/sonic_py_common/device_info.py", line 412, in get_paths_to_platform_and_hwsku_dirs
2025 Feb 11 02:35:54.920030 sonic INFO featured[8332]:     hwsku_path = os.path.join(platform_path, hwsku)
2025 Feb 11 02:35:54.920078 sonic INFO featured[8332]:                  ^^^^^^^^^^^^^^^^^^^^^^^^^^^^^^^^^^
2025 Feb 11 02:35:54.920126 sonic INFO featured[8332]:   File "<frozen posixpath>", line 90, in join
2025 Feb 11 02:35:54.920151 sonic INFO featured[8332]:   File "<frozen genericpath>", line 152, in _check_arg_types
2025 Feb 11 02:35:54.920175 sonic INFO featured[8332]: TypeError: join() argument must be str, bytes, or os.PathLike object, not 'NoneType'
2025 Feb 11 02:35:54.945564 sonic NOTICE systemd[1]: featured.service: Main process exited, code=exited, status=1/FAILURE
2025 Feb 11 02:35:54.945830 sonic WARNING systemd[1]: featured.service: Failed with result 'exit-code'.
2025 Feb 11 02:35:54.996258 sonic INFO systemd[1]: Started featured.service - Feature configuration daemon.
2025 Feb 11 02:35:55.134434 sonic INFO featured: ConfigDB connect success
2025 Feb 11 02:35:55.138391 sonic INFO featured[8343]: Traceback (most recent call last):
2025 Feb 11 02:35:55.138437 sonic INFO featured[8343]:   File "/usr/local/bin/featured", line 598, in <module>
2025 Feb 11 02:35:55.138551 sonic INFO featured[8343]:     main()
2025 Feb 11 02:35:55.138590 sonic INFO featured[8343]:   File "/usr/local/bin/featured", line 591, in main
2025 Feb 11 02:35:55.138712 sonic INFO featured[8343]:     daemon = FeatureDaemon()
2025 Feb 11 02:35:55.138745 sonic INFO featured[8343]:              ^^^^^^^^^^^^^^^
2025 Feb 11 02:35:55.138767 sonic INFO featured[8343]:   File "/usr/local/bin/featured", line 529, in __init__
2025 Feb 11 02:35:55.138828 sonic INFO featured[8343]:     self.feature_handler = FeatureHandler(self.config_db, feature_state_table, self.device_config, self.advanced_boot)
2025 Feb 11 02:35:55.138878 sonic INFO featured[8343]:                            ^^^^^^^^^^^^^^^^^^^^^^^^^^^^^^^^^^^^^^^^^^^^^^^^^^^^^^^^^^^^^^^^^^^^^^^^^^^^^^^^^^^^^^^^^^^
2025 Feb 11 02:35:55.138904 sonic INFO featured[8343]:   File "/usr/local/bin/featured", line 136, in __init__
2025 Feb 11 02:35:55.138934 sonic INFO featured[8343]:     self._device_running_config = device_info.get_device_runtime_metadata()
2025 Feb 11 02:35:55.138964 sonic INFO featured[8343]:                                   ^^^^^^^^^^^^^^^^^^^^^^^^^^^^^^^^^^^^^^^^^
2025 Feb 11 02:35:55.138989 sonic INFO featured[8343]:   File "/usr/local/lib/python3.11/dist-packages/sonic_py_common/device_info.py", line 680, in get_device_runtime_metadata
2025 Feb 11 02:35:55.139123 sonic INFO featured[8343]:     port_metadata = {'ETHERNET_PORTS_PRESENT': True if get_path_to_port_config_file(hwsku=None, asic="0" if is_multi_npu() else None) else False}
2025 Feb 11 02:35:55.139162 sonic INFO featured[8343]:                                                        ^^^^^^^^^^^^^^^^^^^^^^^^^^^^^^^^^^^^^^^^^^^^^^^^^^^^^^^^^^^^^^^^^^^^^^^^^^^^^^
2025 Feb 11 02:35:55.139178 sonic INFO featured[8343]:   File "/usr/local/lib/python3.11/dist-packages/sonic_py_common/device_info.py", line 446, in get_path_to_port_config_file
2025 Feb 11 02:35:55.139260 sonic INFO featured[8343]:     (platform_path, hwsku_path) = get_paths_to_platform_and_hwsku_dirs()
2025 Feb 11 02:35:55.139292 sonic INFO featured[8343]:                                   ^^^^^^^^^^^^^^^^^^^^^^^^^^^^^^^^^^^^^^
2025 Feb 11 02:35:55.139317 sonic INFO featured[8343]:   File "/usr/local/lib/python3.11/dist-packages/sonic_py_common/device_info.py", line 412, in get_paths_to_platform_and_hwsku_dirs
2025 Feb 11 02:35:55.139371 sonic INFO featured[8343]:     hwsku_path = os.path.join(platform_path, hwsku)
2025 Feb 11 02:35:55.139403 sonic INFO featured[8343]:                  ^^^^^^^^^^^^^^^^^^^^^^^^^^^^^^^^^^
2025 Feb 11 02:35:55.139429 sonic INFO featured[8343]:   File "<frozen posixpath>", line 90, in join
2025 Feb 11 02:35:55.139459 sonic INFO featured[8343]:   File "<frozen genericpath>", line 152, in _check_arg_types
2025 Feb 11 02:35:55.139490 sonic INFO featured[8343]: TypeError: join() argument must be str, bytes, or os.PathLike object, not 'NoneType'
2025 Feb 11 02:35:55.157343 sonic NOTICE systemd[1]: featured.service: Main process exited, code=exited, status=1/FAILURE
2025 Feb 11 02:35:55.157541 sonic WARNING systemd[1]: featured.service: Failed with result 'exit-code'.
2025 Feb 11 02:35:55.194621 sonic INFO systemd[1]: Started featured.service - Feature configuration daemon.
2025 Feb 11 02:35:55.324382 sonic INFO featured: ConfigDB connect success
2025 Feb 11 02:35:55.328314 sonic INFO featured[8344]: Traceback (most recent call last):
2025 Feb 11 02:35:55.328379 sonic INFO featured[8344]:   File "/usr/local/bin/featured", line 598, in <module>
2025 Feb 11 02:35:55.328487 sonic INFO featured[8344]:     main()
2025 Feb 11 02:35:55.328552 sonic INFO featured[8344]:   File "/usr/local/bin/featured", line 591, in main
2025 Feb 11 02:35:55.328618 sonic INFO featured[8344]:     daemon = FeatureDaemon()
2025 Feb 11 02:35:55.328674 sonic INFO featured[8344]:              ^^^^^^^^^^^^^^^
2025 Feb 11 02:35:55.328705 sonic INFO featured[8344]:   File "/usr/local/bin/featured", line 529, in __init__
2025 Feb 11 02:35:55.328761 sonic INFO featured[8344]:     self.feature_handler = FeatureHandler(self.config_db, feature_state_table, self.device_config, self.advanced_boot)
2025 Feb 11 02:35:55.328812 sonic INFO featured[8344]:                            ^^^^^^^^^^^^^^^^^^^^^^^^^^^^^^^^^^^^^^^^^^^^^^^^^^^^^^^^^^^^^^^^^^^^^^^^^^^^^^^^^^^^^^^^^^^
2025 Feb 11 02:35:55.328854 sonic INFO featured[8344]:   File "/usr/local/bin/featured", line 136, in __init__
2025 Feb 11 02:35:55.328893 sonic INFO featured[8344]:     self._device_running_config = device_info.get_device_runtime_metadata()
2025 Feb 11 02:35:55.328934 sonic INFO featured[8344]:                                   ^^^^^^^^^^^^^^^^^^^^^^^^^^^^^^^^^^^^^^^^^
2025 Feb 11 02:35:55.328963 sonic INFO featured[8344]:   File "/usr/local/lib/python3.11/dist-packages/sonic_py_common/device_info.py", line 680, in get_device_runtime_metadata
2025 Feb 11 02:35:55.329016 sonic INFO featured[8344]:     port_metadata = {'ETHERNET_PORTS_PRESENT': True if get_path_to_port_config_file(hwsku=None, asic="0" if is_multi_npu() else None) else False}
2025 Feb 11 02:35:55.329057 sonic INFO featured[8344]:                                                        ^^^^^^^^^^^^^^^^^^^^^^^^^^^^^^^^^^^^^^^^^^^^^^^^^^^^^^^^^^^^^^^^^^^^^^^^^^^^^^
2025 Feb 11 02:35:55.329119 sonic INFO featured[8344]:   File "/usr/local/lib/python3.11/dist-packages/sonic_py_common/device_info.py", line 446, in get_path_to_port_config_file
2025 Feb 11 02:35:55.329168 sonic INFO featured[8344]:     (platform_path, hwsku_path) = get_paths_to_platform_and_hwsku_dirs()
2025 Feb 11 02:35:55.329208 sonic INFO featured[8344]:                                   ^^^^^^^^^^^^^^^^^^^^^^^^^^^^^^^^^^^^^^
2025 Feb 11 02:35:55.329248 sonic INFO featured[8344]:   File "/usr/local/lib/python3.11/dist-packages/sonic_py_common/device_info.py", line 412, in get_paths_to_platform_and_hwsku_dirs
2025 Feb 11 02:35:55.329300 sonic INFO featured[8344]:     hwsku_path = os.path.join(platform_path, hwsku)
2025 Feb 11 02:35:55.329339 sonic INFO featured[8344]:                  ^^^^^^^^^^^^^^^^^^^^^^^^^^^^^^^^^^
2025 Feb 11 02:35:55.329380 sonic INFO featured[8344]:   File "<frozen posixpath>", line 90, in join
2025 Feb 11 02:35:55.329425 sonic INFO featured[8344]:   File "<frozen genericpath>", line 152, in _check_arg_types
2025 Feb 11 02:35:55.329465 sonic INFO featured[8344]: TypeError: join() argument must be str, bytes, or os.PathLike object, not 'NoneType'
2025 Feb 11 02:35:55.346964 sonic NOTICE systemd[1]: featured.service: Main process exited, code=exited, status=1/FAILURE
2025 Feb 11 02:35:55.347113 sonic WARNING systemd[1]: featured.service: Failed with result 'exit-code'.
2025 Feb 11 02:35:55.368312 sonic INFO systemd[1]: Started featured.service - Feature configuration daemon.
2025 Feb 11 02:35:55.508901 sonic INFO featured: ConfigDB connect success
2025 Feb 11 02:35:55.514079 sonic INFO featured[8345]: Traceback (most recent call last):
2025 Feb 11 02:35:55.514140 sonic INFO featured[8345]:   File "/usr/local/bin/featured", line 598, in <module>
2025 Feb 11 02:35:55.514380 sonic INFO featured[8345]:     main()
2025 Feb 11 02:35:55.514421 sonic INFO featured[8345]:   File "/usr/local/bin/featured", line 591, in main
2025 Feb 11 02:35:55.514609 sonic INFO featured[8345]:     daemon = FeatureDaemon()
2025 Feb 11 02:35:55.514668 sonic INFO featured[8345]:              ^^^^^^^^^^^^^^^
2025 Feb 11 02:35:55.514685 sonic INFO featured[8345]:   File "/usr/local/bin/featured", line 529, in __init__
2025 Feb 11 02:35:55.514803 sonic INFO featured[8345]:     self.feature_handler = FeatureHandler(self.config_db, feature_state_table, self.device_config, self.advanced_boot)
2025 Feb 11 02:35:55.514842 sonic INFO featured[8345]:                            ^^^^^^^^^^^^^^^^^^^^^^^^^^^^^^^^^^^^^^^^^^^^^^^^^^^^^^^^^^^^^^^^^^^^^^^^^^^^^^^^^^^^^^^^^^^
2025 Feb 11 02:35:55.514859 sonic INFO featured[8345]:   File "/usr/local/bin/featured", line 136, in __init__
2025 Feb 11 02:35:55.514966 sonic INFO featured[8345]:     self._device_running_config = device_info.get_device_runtime_metadata()
2025 Feb 11 02:35:55.515003 sonic INFO featured[8345]:                                   ^^^^^^^^^^^^^^^^^^^^^^^^^^^^^^^^^^^^^^^^^
2025 Feb 11 02:35:55.515020 sonic INFO featured[8345]:   File "/usr/local/lib/python3.11/dist-packages/sonic_py_common/device_info.py", line 680, in get_device_runtime_metadata
2025 Feb 11 02:35:55.515197 sonic INFO featured[8345]:     port_metadata = {'ETHERNET_PORTS_PRESENT': True if get_path_to_port_config_file(hwsku=None, asic="0" if is_multi_npu() else None) else False}
2025 Feb 11 02:35:55.515239 sonic INFO featured[8345]:                                                        ^^^^^^^^^^^^^^^^^^^^^^^^^^^^^^^^^^^^^^^^^^^^^^^^^^^^^^^^^^^^^^^^^^^^^^^^^^^^^^
2025 Feb 11 02:35:55.515257 sonic INFO featured[8345]:   File "/usr/local/lib/python3.11/dist-packages/sonic_py_common/device_info.py", line 446, in get_path_to_port_config_file
2025 Feb 11 02:35:55.515390 sonic INFO featured[8345]:     (platform_path, hwsku_path) = get_paths_to_platform_and_hwsku_dirs()
2025 Feb 11 02:35:55.515429 sonic INFO featured[8345]:                                   ^^^^^^^^^^^^^^^^^^^^^^^^^^^^^^^^^^^^^^
2025 Feb 11 02:35:55.515452 sonic INFO featured[8345]:   File "/usr/local/lib/python3.11/dist-packages/sonic_py_common/device_info.py", line 412, in get_paths_to_platform_and_hwsku_dirs
2025 Feb 11 02:35:55.515569 sonic INFO featured[8345]:     hwsku_path = os.path.join(platform_path, hwsku)
2025 Feb 11 02:35:55.515618 sonic INFO featured[8345]:                  ^^^^^^^^^^^^^^^^^^^^^^^^^^^^^^^^^^
2025 Feb 11 02:35:55.515650 sonic INFO featured[8345]:   File "<frozen posixpath>", line 90, in join
2025 Feb 11 02:35:55.515667 sonic INFO featured[8345]:   File "<frozen genericpath>", line 152, in _check_arg_types
2025 Feb 11 02:35:55.515692 sonic INFO featured[8345]: TypeError: join() argument must be str, bytes, or os.PathLike object, not 'NoneType'
2025 Feb 11 02:35:55.542934 sonic NOTICE systemd[1]: featured.service: Main process exited, code=exited, status=1/FAILURE
2025 Feb 11 02:35:55.543136 sonic WARNING systemd[1]: featured.service: Failed with result 'exit-code'.
2025 Feb 11 02:35:55.544979 sonic WARNING systemd[1]: featured.service: Start request repeated too quickly.
2025 Feb 11 02:35:55.545026 sonic WARNING systemd[1]: featured.service: Failed with result 'exit-code'.
2025 Feb 11 02:35:55.545113 sonic ERR systemd[1]: Failed to start featured.service - Feature configuration daemon.
2025 Feb 11 02:35:58.279639 sonic WARNING systemd[1]: featured.service: Start request repeated too quickly.
2025 Feb 11 02:35:58.280076 sonic WARNING systemd[1]: featured.service: Failed with result 'exit-code'.
2025 Feb 11 02:35:58.280158 sonic ERR systemd[1]: Failed to start featured.service - Feature configuration daemon.
2025 Feb 11 02:36:08.298534 sonic INFO systemd[1]: Started featured.service - Feature configuration daemon.
2025 Feb 11 02:36:08.450383 sonic INFO featured: ConfigDB connect success
2025 Feb 11 02:36:08.454192 sonic INFO featured[8376]: Traceback (most recent call last):
2025 Feb 11 02:36:08.454239 sonic INFO featured[8376]:   File "/usr/local/bin/featured", line 598, in <module>
2025 Feb 11 02:36:08.454412 sonic INFO featured[8376]:     main()
2025 Feb 11 02:36:08.454451 sonic INFO featured[8376]:   File "/usr/local/bin/featured", line 591, in main
2025 Feb 11 02:36:08.454568 sonic INFO featured[8376]:     daemon = FeatureDaemon()
2025 Feb 11 02:36:08.454609 sonic INFO featured[8376]:              ^^^^^^^^^^^^^^^
2025 Feb 11 02:36:08.454631 sonic INFO featured[8376]:   File "/usr/local/bin/featured", line 529, in __init__
2025 Feb 11 02:36:08.454686 sonic INFO featured[8376]:     self.feature_handler = FeatureHandler(self.config_db, feature_state_table, self.device_config, self.advanced_boot)
2025 Feb 11 02:36:08.454723 sonic INFO featured[8376]:                            ^^^^^^^^^^^^^^^^^^^^^^^^^^^^^^^^^^^^^^^^^^^^^^^^^^^^^^^^^^^^^^^^^^^^^^^^^^^^^^^^^^^^^^^^^^^
2025 Feb 11 02:36:08.454741 sonic INFO featured[8376]:   File "/usr/local/bin/featured", line 136, in __init__
2025 Feb 11 02:36:08.454788 sonic INFO featured[8376]:     self._device_running_config = device_info.get_device_runtime_metadata()
2025 Feb 11 02:36:08.454821 sonic INFO featured[8376]:                                   ^^^^^^^^^^^^^^^^^^^^^^^^^^^^^^^^^^^^^^^^^
2025 Feb 11 02:36:08.454837 sonic INFO featured[8376]:   File "/usr/local/lib/python3.11/dist-packages/sonic_py_common/device_info.py", line 680, in get_device_runtime_metadata
2025 Feb 11 02:36:08.454951 sonic INFO featured[8376]:     port_metadata = {'ETHERNET_PORTS_PRESENT': True if get_path_to_port_config_file(hwsku=None, asic="0" if is_multi_npu() else None) else False}
2025 Feb 11 02:36:08.454990 sonic INFO featured[8376]:                                                        ^^^^^^^^^^^^^^^^^^^^^^^^^^^^^^^^^^^^^^^^^^^^^^^^^^^^^^^^^^^^^^^^^^^^^^^^^^^^^^
2025 Feb 11 02:36:08.455006 sonic INFO featured[8376]:   File "/usr/local/lib/python3.11/dist-packages/sonic_py_common/device_info.py", line 446, in get_path_to_port_config_file
2025 Feb 11 02:36:08.455069 sonic INFO featured[8376]:     (platform_path, hwsku_path) = get_paths_to_platform_and_hwsku_dirs()
2025 Feb 11 02:36:08.455103 sonic INFO featured[8376]:                                   ^^^^^^^^^^^^^^^^^^^^^^^^^^^^^^^^^^^^^^
2025 Feb 11 02:36:08.455140 sonic INFO featured[8376]:   File "/usr/local/lib/python3.11/dist-packages/sonic_py_common/device_info.py", line 412, in get_paths_to_platform_and_hwsku_dirs
2025 Feb 11 02:36:08.455203 sonic INFO featured[8376]:     hwsku_path = os.path.join(platform_path, hwsku)
2025 Feb 11 02:36:08.455240 sonic INFO featured[8376]:                  ^^^^^^^^^^^^^^^^^^^^^^^^^^^^^^^^^^
2025 Feb 11 02:36:08.455257 sonic INFO featured[8376]:   File "<frozen posixpath>", line 90, in join
2025 Feb 11 02:36:08.455277 sonic INFO featured[8376]:   File "<frozen genericpath>", line 152, in _check_arg_types
2025 Feb 11 02:36:08.455302 sonic INFO featured[8376]: TypeError: join() argument must be str, bytes, or os.PathLike object, not 'NoneType'
2025 Feb 11 02:36:08.474253 sonic NOTICE systemd[1]: featured.service: Main process exited, code=exited, status=1/FAILURE
2025 Feb 11 02:36:08.474385 sonic WARNING systemd[1]: featured.service: Failed with result 'exit-code'.
2025 Feb 11 02:36:08.502569 sonic INFO systemd[1]: Started featured.service - Feature configuration daemon.
2025 Feb 11 02:36:08.632981 sonic INFO featured: ConfigDB connect success
2025 Feb 11 02:36:08.637069 sonic INFO featured[8377]: Traceback (most recent call last):
2025 Feb 11 02:36:08.637140 sonic INFO featured[8377]:   File "/usr/local/bin/featured", line 598, in <module>
2025 Feb 11 02:36:08.637250 sonic INFO featured[8377]:     main()
2025 Feb 11 02:36:08.637289 sonic INFO featured[8377]:   File "/usr/local/bin/featured", line 591, in main
2025 Feb 11 02:36:08.637411 sonic INFO featured[8377]:     daemon = FeatureDaemon()
2025 Feb 11 02:36:08.637449 sonic INFO featured[8377]:              ^^^^^^^^^^^^^^^
2025 Feb 11 02:36:08.637466 sonic INFO featured[8377]:   File "/usr/local/bin/featured", line 529, in __init__
2025 Feb 11 02:36:08.637579 sonic INFO featured[8377]:     self.feature_handler = FeatureHandler(self.config_db, feature_state_table, self.device_config, self.advanced_boot)
2025 Feb 11 02:36:08.637618 sonic INFO featured[8377]:                            ^^^^^^^^^^^^^^^^^^^^^^^^^^^^^^^^^^^^^^^^^^^^^^^^^^^^^^^^^^^^^^^^^^^^^^^^^^^^^^^^^^^^^^^^^^^
2025 Feb 11 02:36:08.637636 sonic INFO featured[8377]:   File "/usr/local/bin/featured", line 136, in __init__
2025 Feb 11 02:36:08.637683 sonic INFO featured[8377]:     self._device_running_config = device_info.get_device_runtime_metadata()
2025 Feb 11 02:36:08.637715 sonic INFO featured[8377]:                                   ^^^^^^^^^^^^^^^^^^^^^^^^^^^^^^^^^^^^^^^^^
2025 Feb 11 02:36:08.637740 sonic INFO featured[8377]:   File "/usr/local/lib/python3.11/dist-packages/sonic_py_common/device_info.py", line 680, in get_device_runtime_metadata
2025 Feb 11 02:36:08.637848 sonic INFO featured[8377]:     port_metadata = {'ETHERNET_PORTS_PRESENT': True if get_path_to_port_config_file(hwsku=None, asic="0" if is_multi_npu() else None) else False}
2025 Feb 11 02:36:08.637887 sonic INFO featured[8377]:                                                        ^^^^^^^^^^^^^^^^^^^^^^^^^^^^^^^^^^^^^^^^^^^^^^^^^^^^^^^^^^^^^^^^^^^^^^^^^^^^^^
2025 Feb 11 02:36:08.637904 sonic INFO featured[8377]:   File "/usr/local/lib/python3.11/dist-packages/sonic_py_common/device_info.py", line 446, in get_path_to_port_config_file
2025 Feb 11 02:36:08.637969 sonic INFO featured[8377]:     (platform_path, hwsku_path) = get_paths_to_platform_and_hwsku_dirs()
2025 Feb 11 02:36:08.638000 sonic INFO featured[8377]:                                   ^^^^^^^^^^^^^^^^^^^^^^^^^^^^^^^^^^^^^^
2025 Feb 11 02:36:08.638025 sonic INFO featured[8377]:   File "/usr/local/lib/python3.11/dist-packages/sonic_py_common/device_info.py", line 412, in get_paths_to_platform_and_hwsku_dirs
2025 Feb 11 02:36:08.638073 sonic INFO featured[8377]:     hwsku_path = os.path.join(platform_path, hwsku)
2025 Feb 11 02:36:08.638105 sonic INFO featured[8377]:                  ^^^^^^^^^^^^^^^^^^^^^^^^^^^^^^^^^^
2025 Feb 11 02:36:08.638148 sonic INFO featured[8377]:   File "<frozen posixpath>", line 90, in join
2025 Feb 11 02:36:08.638164 sonic INFO featured[8377]:   File "<frozen genericpath>", line 152, in _check_arg_types
2025 Feb 11 02:36:08.638194 sonic INFO featured[8377]: TypeError: join() argument must be str, bytes, or os.PathLike object, not 'NoneType'
2025 Feb 11 02:36:08.656525 sonic NOTICE systemd[1]: featured.service: Main process exited, code=exited, status=1/FAILURE
2025 Feb 11 02:36:08.656671 sonic WARNING systemd[1]: featured.service: Failed with result 'exit-code'.
2025 Feb 11 02:36:08.714562 sonic INFO systemd[1]: Started featured.service - Feature configuration daemon.
2025 Feb 11 02:36:08.859421 sonic INFO featured: ConfigDB connect success
2025 Feb 11 02:36:08.863366 sonic INFO featured[8378]: Traceback (most recent call last):
2025 Feb 11 02:36:08.863422 sonic INFO featured[8378]:   File "/usr/local/bin/featured", line 598, in <module>
2025 Feb 11 02:36:08.863603 sonic INFO featured[8378]:     main()
2025 Feb 11 02:36:08.863643 sonic INFO featured[8378]:   File "/usr/local/bin/featured", line 591, in main
2025 Feb 11 02:36:08.863764 sonic INFO featured[8378]:     daemon = FeatureDaemon()
2025 Feb 11 02:36:08.863804 sonic INFO featured[8378]:              ^^^^^^^^^^^^^^^
2025 Feb 11 02:36:08.863820 sonic INFO featured[8378]:   File "/usr/local/bin/featured", line 529, in __init__
2025 Feb 11 02:36:08.863891 sonic INFO featured[8378]:     self.feature_handler = FeatureHandler(self.config_db, feature_state_table, self.device_config, self.advanced_boot)
2025 Feb 11 02:36:08.863929 sonic INFO featured[8378]:                            ^^^^^^^^^^^^^^^^^^^^^^^^^^^^^^^^^^^^^^^^^^^^^^^^^^^^^^^^^^^^^^^^^^^^^^^^^^^^^^^^^^^^^^^^^^^
2025 Feb 11 02:36:08.863945 sonic INFO featured[8378]:   File "/usr/local/bin/featured", line 136, in __init__
2025 Feb 11 02:36:08.863984 sonic INFO featured[8378]:     self._device_running_config = device_info.get_device_runtime_metadata()
2025 Feb 11 02:36:08.864017 sonic INFO featured[8378]:                                   ^^^^^^^^^^^^^^^^^^^^^^^^^^^^^^^^^^^^^^^^^
2025 Feb 11 02:36:08.864034 sonic INFO featured[8378]:   File "/usr/local/lib/python3.11/dist-packages/sonic_py_common/device_info.py", line 680, in get_device_runtime_metadata
2025 Feb 11 02:36:08.864151 sonic INFO featured[8378]:     port_metadata = {'ETHERNET_PORTS_PRESENT': True if get_path_to_port_config_file(hwsku=None, asic="0" if is_multi_npu() else None) else False}
2025 Feb 11 02:36:08.864216 sonic INFO featured[8378]:                                                        ^^^^^^^^^^^^^^^^^^^^^^^^^^^^^^^^^^^^^^^^^^^^^^^^^^^^^^^^^^^^^^^^^^^^^^^^^^^^^^
2025 Feb 11 02:36:08.864243 sonic INFO featured[8378]:   File "/usr/local/lib/python3.11/dist-packages/sonic_py_common/device_info.py", line 446, in get_path_to_port_config_file
2025 Feb 11 02:36:08.864318 sonic INFO featured[8378]:     (platform_path, hwsku_path) = get_paths_to_platform_and_hwsku_dirs()
2025 Feb 11 02:36:08.864361 sonic INFO featured[8378]:                                   ^^^^^^^^^^^^^^^^^^^^^^^^^^^^^^^^^^^^^^
2025 Feb 11 02:36:08.864402 sonic INFO featured[8378]:   File "/usr/local/lib/python3.11/dist-packages/sonic_py_common/device_info.py", line 412, in get_paths_to_platform_and_hwsku_dirs
2025 Feb 11 02:36:08.864449 sonic INFO featured[8378]:     hwsku_path = os.path.join(platform_path, hwsku)
2025 Feb 11 02:36:08.864475 sonic INFO featured[8378]:                  ^^^^^^^^^^^^^^^^^^^^^^^^^^^^^^^^^^
2025 Feb 11 02:36:08.864491 sonic INFO featured[8378]:   File "<frozen posixpath>", line 90, in join
2025 Feb 11 02:36:08.864516 sonic INFO featured[8378]:   File "<frozen genericpath>", line 152, in _check_arg_types
2025 Feb 11 02:36:08.864537 sonic INFO featured[8378]: TypeError: join() argument must be str, bytes, or os.PathLike object, not 'NoneType'
2025 Feb 11 02:36:08.882935 sonic NOTICE systemd[1]: featured.service: Main process exited, code=exited, status=1/FAILURE
2025 Feb 11 02:36:08.883062 sonic WARNING systemd[1]: featured.service: Failed with result 'exit-code'.
2025 Feb 11 02:36:08.918765 sonic INFO systemd[1]: Started featured.service - Feature configuration daemon.
2025 Feb 11 02:36:09.057630 sonic INFO featured: ConfigDB connect success
2025 Feb 11 02:36:09.067166 sonic INFO featured[8379]: Traceback (most recent call last):
2025 Feb 11 02:36:09.067327 sonic INFO featured[8379]:   File "/usr/local/bin/featured", line 598, in <module>
2025 Feb 11 02:36:09.067387 sonic INFO featured[8379]:     main()
2025 Feb 11 02:36:09.067414 sonic INFO featured[8379]:   File "/usr/local/bin/featured", line 591, in main
2025 Feb 11 02:36:09.067543 sonic INFO featured[8379]:     daemon = FeatureDaemon()
2025 Feb 11 02:36:09.067575 sonic INFO featured[8379]:              ^^^^^^^^^^^^^^^
2025 Feb 11 02:36:09.067605 sonic INFO featured[8379]:   File "/usr/local/bin/featured", line 529, in __init__
2025 Feb 11 02:36:09.067680 sonic INFO featured[8379]:     self.feature_handler = FeatureHandler(self.config_db, feature_state_table, self.device_config, self.advanced_boot)
2025 Feb 11 02:36:09.067719 sonic INFO featured[8379]:                            ^^^^^^^^^^^^^^^^^^^^^^^^^^^^^^^^^^^^^^^^^^^^^^^^^^^^^^^^^^^^^^^^^^^^^^^^^^^^^^^^^^^^^^^^^^^
2025 Feb 11 02:36:09.067735 sonic INFO featured[8379]:   File "/usr/local/bin/featured", line 136, in __init__
2025 Feb 11 02:36:09.067766 sonic INFO featured[8379]:     self._device_running_config = device_info.get_device_runtime_metadata()
2025 Feb 11 02:36:09.067797 sonic INFO featured[8379]:                                   ^^^^^^^^^^^^^^^^^^^^^^^^^^^^^^^^^^^^^^^^^
2025 Feb 11 02:36:09.067821 sonic INFO featured[8379]:   File "/usr/local/lib/python3.11/dist-packages/sonic_py_common/device_info.py", line 680, in get_device_runtime_metadata
2025 Feb 11 02:36:09.067945 sonic INFO featured[8379]:     port_metadata = {'ETHERNET_PORTS_PRESENT': True if get_path_to_port_config_file(hwsku=None, asic="0" if is_multi_npu() else None) else False}
2025 Feb 11 02:36:09.067983 sonic INFO featured[8379]:                                                        ^^^^^^^^^^^^^^^^^^^^^^^^^^^^^^^^^^^^^^^^^^^^^^^^^^^^^^^^^^^^^^^^^^^^^^^^^^^^^^
2025 Feb 11 02:36:09.068000 sonic INFO featured[8379]:   File "/usr/local/lib/python3.11/dist-packages/sonic_py_common/device_info.py", line 446, in get_path_to_port_config_file
2025 Feb 11 02:36:09.068069 sonic INFO featured[8379]:     (platform_path, hwsku_path) = get_paths_to_platform_and_hwsku_dirs()
2025 Feb 11 02:36:09.068102 sonic INFO featured[8379]:                                   ^^^^^^^^^^^^^^^^^^^^^^^^^^^^^^^^^^^^^^
2025 Feb 11 02:36:09.068144 sonic INFO featured[8379]:   File "/usr/local/lib/python3.11/dist-packages/sonic_py_common/device_info.py", line 412, in get_paths_to_platform_and_hwsku_dirs
2025 Feb 11 02:36:09.068208 sonic INFO featured[8379]:     hwsku_path = os.path.join(platform_path, hwsku)
2025 Feb 11 02:36:09.068240 sonic INFO featured[8379]:                  ^^^^^^^^^^^^^^^^^^^^^^^^^^^^^^^^^^
2025 Feb 11 02:36:09.068264 sonic INFO featured[8379]:   File "<frozen posixpath>", line 90, in join
2025 Feb 11 02:36:09.068288 sonic INFO featured[8379]:   File "<frozen genericpath>", line 152, in _check_arg_types
2025 Feb 11 02:36:09.068317 sonic INFO featured[8379]: TypeError: join() argument must be str, bytes, or os.PathLike object, not 'NoneType'
2025 Feb 11 02:36:09.095662 sonic NOTICE systemd[1]: featured.service: Main process exited, code=exited, status=1/FAILURE
2025 Feb 11 02:36:09.095814 sonic WARNING systemd[1]: featured.service: Failed with result 'exit-code'.
2025 Feb 11 02:36:09.137408 sonic INFO systemd[1]: Started featured.service - Feature configuration daemon.
2025 Feb 11 02:36:09.279266 sonic INFO featured: ConfigDB connect success
2025 Feb 11 02:36:09.288391 sonic INFO featured[8382]: Traceback (most recent call last):
2025 Feb 11 02:36:09.288544 sonic INFO featured[8382]:   File "/usr/local/bin/featured", line 598, in <module>
2025 Feb 11 02:36:09.288589 sonic INFO featured[8382]:     main()
2025 Feb 11 02:36:09.288619 sonic INFO featured[8382]:   File "/usr/local/bin/featured", line 591, in main
2025 Feb 11 02:36:09.288731 sonic INFO featured[8382]:     daemon = FeatureDaemon()
2025 Feb 11 02:36:09.288765 sonic INFO featured[8382]:              ^^^^^^^^^^^^^^^
2025 Feb 11 02:36:09.288787 sonic INFO featured[8382]:   File "/usr/local/bin/featured", line 529, in __init__
2025 Feb 11 02:36:09.288865 sonic INFO featured[8382]:     self.feature_handler = FeatureHandler(self.config_db, feature_state_table, self.device_config, self.advanced_boot)
2025 Feb 11 02:36:09.288903 sonic INFO featured[8382]:                            ^^^^^^^^^^^^^^^^^^^^^^^^^^^^^^^^^^^^^^^^^^^^^^^^^^^^^^^^^^^^^^^^^^^^^^^^^^^^^^^^^^^^^^^^^^^
2025 Feb 11 02:36:09.288919 sonic INFO featured[8382]:   File "/usr/local/bin/featured", line 136, in __init__
2025 Feb 11 02:36:09.288950 sonic INFO featured[8382]:     self._device_running_config = device_info.get_device_runtime_metadata()
2025 Feb 11 02:36:09.288981 sonic INFO featured[8382]:                                   ^^^^^^^^^^^^^^^^^^^^^^^^^^^^^^^^^^^^^^^^^
2025 Feb 11 02:36:09.289006 sonic INFO featured[8382]:   File "/usr/local/lib/python3.11/dist-packages/sonic_py_common/device_info.py", line 680, in get_device_runtime_metadata
2025 Feb 11 02:36:09.289130 sonic INFO featured[8382]:     port_metadata = {'ETHERNET_PORTS_PRESENT': True if get_path_to_port_config_file(hwsku=None, asic="0" if is_multi_npu() else None) else False}
2025 Feb 11 02:36:09.289176 sonic INFO featured[8382]:                                                        ^^^^^^^^^^^^^^^^^^^^^^^^^^^^^^^^^^^^^^^^^^^^^^^^^^^^^^^^^^^^^^^^^^^^^^^^^^^^^^
2025 Feb 11 02:36:09.289193 sonic INFO featured[8382]:   File "/usr/local/lib/python3.11/dist-packages/sonic_py_common/device_info.py", line 446, in get_path_to_port_config_file
2025 Feb 11 02:36:09.289259 sonic INFO featured[8382]:     (platform_path, hwsku_path) = get_paths_to_platform_and_hwsku_dirs()
2025 Feb 11 02:36:09.289292 sonic INFO featured[8382]:                                   ^^^^^^^^^^^^^^^^^^^^^^^^^^^^^^^^^^^^^^
2025 Feb 11 02:36:09.289311 sonic INFO featured[8382]:   File "/usr/local/lib/python3.11/dist-packages/sonic_py_common/device_info.py", line 412, in get_paths_to_platform_and_hwsku_dirs
2025 Feb 11 02:36:09.289366 sonic INFO featured[8382]:     hwsku_path = os.path.join(platform_path, hwsku)
2025 Feb 11 02:36:09.289398 sonic INFO featured[8382]:                  ^^^^^^^^^^^^^^^^^^^^^^^^^^^^^^^^^^
2025 Feb 11 02:36:09.289424 sonic INFO featured[8382]:   File "<frozen posixpath>", line 90, in join
2025 Feb 11 02:36:09.289447 sonic INFO featured[8382]:   File "<frozen genericpath>", line 152, in _check_arg_types
2025 Feb 11 02:36:09.289496 sonic INFO featured[8382]: TypeError: join() argument must be str, bytes, or os.PathLike object, not 'NoneType'
2025 Feb 11 02:36:09.323158 sonic NOTICE systemd[1]: featured.service: Main process exited, code=exited, status=1/FAILURE
2025 Feb 11 02:36:09.323380 sonic WARNING systemd[1]: featured.service: Failed with result 'exit-code'.
2025 Feb 11 02:36:09.326541 sonic WARNING systemd[1]: featured.service: Start request repeated too quickly.
2025 Feb 11 02:36:09.326609 sonic WARNING systemd[1]: featured.service: Failed with result 'exit-code'.
2025 Feb 11 02:36:09.326680 sonic ERR systemd[1]: Failed to start featured.service - Feature configuration daemon.
2025 Feb 11 02:36:10.279224 sonic INFO systemd[1]: caclmgrd.service: Scheduled restart job, restart counter is at 18.
2025 Feb 11 02:36:10.279629 sonic INFO systemd[1]: Stopped caclmgrd.service - Control Plane ACL configuration daemon.
2025 Feb 11 02:36:10.318287 sonic INFO systemd[1]: Started caclmgrd.service - Control Plane ACL configuration daemon.
2025 Feb 11 02:36:10.318703 sonic WARNING systemd[1]: featured.service: Start request repeated too quickly.
2025 Feb 11 02:36:10.318783 sonic WARNING systemd[1]: featured.service: Failed with result 'exit-code'.
2025 Feb 11 02:36:10.318849 sonic ERR systemd[1]: Failed to start featured.service - Feature configuration daemon.
2025 Feb 11 02:36:10.320565 sonic WARNING systemd[1]: featured.service: Start request repeated too quickly.
2025 Feb 11 02:36:10.320620 sonic WARNING systemd[1]: featured.service: Failed with result 'exit-code'.
2025 Feb 11 02:36:10.320684 sonic ERR systemd[1]: Failed to start featured.service - Feature configuration daemon.
2025 Feb 11 02:36:10.425890 sonic INFO caclmgrd[8386]: Traceback (most recent call last):
2025 Feb 11 02:36:10.425962 sonic INFO caclmgrd[8386]:   File "/usr/local/bin/caclmgrd", line 1146, in <module>
2025 Feb 11 02:36:10.426005 sonic INFO caclmgrd[8386]:     main()
2025 Feb 11 02:36:10.426049 sonic INFO caclmgrd[8386]:   File "/usr/local/bin/caclmgrd", line 1137, in main
2025 Feb 11 02:36:10.426088 sonic INFO caclmgrd[8386]:     caclmgr = ControlPlaneAclManager(SYSLOG_IDENTIFIER)
2025 Feb 11 02:36:10.426132 sonic INFO caclmgrd[8386]:               ^^^^^^^^^^^^^^^^^^^^^^^^^^^^^^^^^^^^^^^^^
2025 Feb 11 02:36:10.426200 sonic INFO caclmgrd[8386]:   File "/usr/local/bin/caclmgrd", line 156, in __init__
2025 Feb 11 02:36:10.426254 sonic INFO caclmgrd[8386]:     if 'subtype' in metadata['localhost'] and metadata['localhost']['subtype'] == 'DualToR':
2025 Feb 11 02:36:10.426296 sonic INFO caclmgrd[8386]:                     ~~~~~~~~^^^^^^^^^^^^^
2025 Feb 11 02:36:10.426337 sonic INFO caclmgrd[8386]: KeyError: 'localhost'
2025 Feb 11 02:36:10.437968 sonic NOTICE systemd[1]: caclmgrd.service: Main process exited, code=exited, status=1/FAILURE
2025 Feb 11 02:36:10.438045 sonic WARNING systemd[1]: caclmgrd.service: Failed with result 'exit-code'.
2025 Feb 11 02:36:10.439675 sonic WARNING systemd[1]: featured.service: Start request repeated too quickly.
2025 Feb 11 02:36:10.439746 sonic WARNING systemd[1]: featured.service: Failed with result 'exit-code'.
2025 Feb 11 02:36:10.439814 sonic ERR systemd[1]: Failed to start featured.service - Feature configuration daemon.
2025 Feb 11 02:36:24.782655 sonic INFO systemd[1]: Started featured.service - Feature configuration daemon.
2025 Feb 11 02:36:24.913326 sonic INFO featured: ConfigDB connect success
2025 Feb 11 02:36:24.917006 sonic INFO featured[8427]: Traceback (most recent call last):
2025 Feb 11 02:36:24.917052 sonic INFO featured[8427]:   File "/usr/local/bin/featured", line 598, in <module>
2025 Feb 11 02:36:24.917164 sonic INFO featured[8427]:     main()
2025 Feb 11 02:36:24.917218 sonic INFO featured[8427]:   File "/usr/local/bin/featured", line 591, in main
2025 Feb 11 02:36:24.917348 sonic INFO featured[8427]:     daemon = FeatureDaemon()
2025 Feb 11 02:36:24.917402 sonic INFO featured[8427]:              ^^^^^^^^^^^^^^^
2025 Feb 11 02:36:24.917429 sonic INFO featured[8427]:   File "/usr/local/bin/featured", line 529, in __init__
2025 Feb 11 02:36:24.917463 sonic INFO featured[8427]:     self.feature_handler = FeatureHandler(self.config_db, feature_state_table, self.device_config, self.advanced_boot)
2025 Feb 11 02:36:24.917554 sonic INFO featured[8427]:                            ^^^^^^^^^^^^^^^^^^^^^^^^^^^^^^^^^^^^^^^^^^^^^^^^^^^^^^^^^^^^^^^^^^^^^^^^^^^^^^^^^^^^^^^^^^^
2025 Feb 11 02:36:24.917584 sonic INFO featured[8427]:   File "/usr/local/bin/featured", line 136, in __init__
2025 Feb 11 02:36:24.917623 sonic INFO featured[8427]:     self._device_running_config = device_info.get_device_runtime_metadata()
2025 Feb 11 02:36:24.917655 sonic INFO featured[8427]:                                   ^^^^^^^^^^^^^^^^^^^^^^^^^^^^^^^^^^^^^^^^^
2025 Feb 11 02:36:24.917680 sonic INFO featured[8427]:   File "/usr/local/lib/python3.11/dist-packages/sonic_py_common/device_info.py", line 680, in get_device_runtime_metadata
2025 Feb 11 02:36:24.917792 sonic INFO featured[8427]:     port_metadata = {'ETHERNET_PORTS_PRESENT': True if get_path_to_port_config_file(hwsku=None, asic="0" if is_multi_npu() else None) else False}
2025 Feb 11 02:36:24.917831 sonic INFO featured[8427]:                                                        ^^^^^^^^^^^^^^^^^^^^^^^^^^^^^^^^^^^^^^^^^^^^^^^^^^^^^^^^^^^^^^^^^^^^^^^^^^^^^^
2025 Feb 11 02:36:24.917848 sonic INFO featured[8427]:   File "/usr/local/lib/python3.11/dist-packages/sonic_py_common/device_info.py", line 446, in get_path_to_port_config_file
2025 Feb 11 02:36:24.917913 sonic INFO featured[8427]:     (platform_path, hwsku_path) = get_paths_to_platform_and_hwsku_dirs()
2025 Feb 11 02:36:24.917945 sonic INFO featured[8427]:                                   ^^^^^^^^^^^^^^^^^^^^^^^^^^^^^^^^^^^^^^
2025 Feb 11 02:36:24.917969 sonic INFO featured[8427]:   File "/usr/local/lib/python3.11/dist-packages/sonic_py_common/device_info.py", line 412, in get_paths_to_platform_and_hwsku_dirs
2025 Feb 11 02:36:24.918022 sonic INFO featured[8427]:     hwsku_path = os.path.join(platform_path, hwsku)
2025 Feb 11 02:36:24.918054 sonic INFO featured[8427]:                  ^^^^^^^^^^^^^^^^^^^^^^^^^^^^^^^^^^
2025 Feb 11 02:36:24.918079 sonic INFO featured[8427]:   File "<frozen posixpath>", line 90, in join
2025 Feb 11 02:36:24.918103 sonic INFO featured[8427]:   File "<frozen genericpath>", line 152, in _check_arg_types
2025 Feb 11 02:36:24.918133 sonic INFO featured[8427]: TypeError: join() argument must be str, bytes, or os.PathLike object, not 'NoneType'
2025 Feb 11 02:36:24.936085 sonic NOTICE systemd[1]: featured.service: Main process exited, code=exited, status=1/FAILURE
2025 Feb 11 02:36:24.936251 sonic WARNING systemd[1]: featured.service: Failed with result 'exit-code'.
2025 Feb 11 02:36:24.962690 sonic INFO systemd[1]: Started featured.service - Feature configuration daemon.
2025 Feb 11 02:36:25.112745 sonic INFO featured: ConfigDB connect success
2025 Feb 11 02:36:25.116660 sonic INFO featured[8428]: Traceback (most recent call last):
2025 Feb 11 02:36:25.116729 sonic INFO featured[8428]:   File "/usr/local/bin/featured", line 598, in <module>
2025 Feb 11 02:36:25.116882 sonic INFO featured[8428]:     main()
2025 Feb 11 02:36:25.116920 sonic INFO featured[8428]:   File "/usr/local/bin/featured", line 591, in main
2025 Feb 11 02:36:25.117041 sonic INFO featured[8428]:     daemon = FeatureDaemon()
2025 Feb 11 02:36:25.117079 sonic INFO featured[8428]:              ^^^^^^^^^^^^^^^
2025 Feb 11 02:36:25.117096 sonic INFO featured[8428]:   File "/usr/local/bin/featured", line 529, in __init__
2025 Feb 11 02:36:25.117179 sonic INFO featured[8428]:     self.feature_handler = FeatureHandler(self.config_db, feature_state_table, self.device_config, self.advanced_boot)
2025 Feb 11 02:36:25.117236 sonic INFO featured[8428]:                            ^^^^^^^^^^^^^^^^^^^^^^^^^^^^^^^^^^^^^^^^^^^^^^^^^^^^^^^^^^^^^^^^^^^^^^^^^^^^^^^^^^^^^^^^^^^
2025 Feb 11 02:36:25.117253 sonic INFO featured[8428]:   File "/usr/local/bin/featured", line 136, in __init__
2025 Feb 11 02:36:25.117300 sonic INFO featured[8428]:     self._device_running_config = device_info.get_device_runtime_metadata()
2025 Feb 11 02:36:25.117332 sonic INFO featured[8428]:                                   ^^^^^^^^^^^^^^^^^^^^^^^^^^^^^^^^^^^^^^^^^
2025 Feb 11 02:36:25.117357 sonic INFO featured[8428]:   File "/usr/local/lib/python3.11/dist-packages/sonic_py_common/device_info.py", line 680, in get_device_runtime_metadata
2025 Feb 11 02:36:25.117469 sonic INFO featured[8428]:     port_metadata = {'ETHERNET_PORTS_PRESENT': True if get_path_to_port_config_file(hwsku=None, asic="0" if is_multi_npu() else None) else False}
2025 Feb 11 02:36:25.117552 sonic INFO featured[8428]:                                                        ^^^^^^^^^^^^^^^^^^^^^^^^^^^^^^^^^^^^^^^^^^^^^^^^^^^^^^^^^^^^^^^^^^^^^^^^^^^^^^
2025 Feb 11 02:36:25.117580 sonic INFO featured[8428]:   File "/usr/local/lib/python3.11/dist-packages/sonic_py_common/device_info.py", line 446, in get_path_to_port_config_file
2025 Feb 11 02:36:25.117649 sonic INFO featured[8428]:     (platform_path, hwsku_path) = get_paths_to_platform_and_hwsku_dirs()
2025 Feb 11 02:36:25.117680 sonic INFO featured[8428]:                                   ^^^^^^^^^^^^^^^^^^^^^^^^^^^^^^^^^^^^^^
2025 Feb 11 02:36:25.117708 sonic INFO featured[8428]:   File "/usr/local/lib/python3.11/dist-packages/sonic_py_common/device_info.py", line 412, in get_paths_to_platform_and_hwsku_dirs
2025 Feb 11 02:36:25.117758 sonic INFO featured[8428]:     hwsku_path = os.path.join(platform_path, hwsku)
2025 Feb 11 02:36:25.117790 sonic INFO featured[8428]:                  ^^^^^^^^^^^^^^^^^^^^^^^^^^^^^^^^^^
2025 Feb 11 02:36:25.117815 sonic INFO featured[8428]:   File "<frozen posixpath>", line 90, in join
2025 Feb 11 02:36:25.117839 sonic INFO featured[8428]:   File "<frozen genericpath>", line 152, in _check_arg_types
2025 Feb 11 02:36:25.117872 sonic INFO featured[8428]: TypeError: join() argument must be str, bytes, or os.PathLike object, not 'NoneType'
2025 Feb 11 02:36:25.136468 sonic NOTICE systemd[1]: featured.service: Main process exited, code=exited, status=1/FAILURE
2025 Feb 11 02:36:25.136625 sonic WARNING systemd[1]: featured.service: Failed with result 'exit-code'.
2025 Feb 11 02:36:25.179492 sonic INFO systemd[1]: Started featured.service - Feature configuration daemon.
2025 Feb 11 02:36:25.328247 sonic INFO featured: ConfigDB connect success
2025 Feb 11 02:36:25.332332 sonic INFO featured[8429]: Traceback (most recent call last):
2025 Feb 11 02:36:25.332389 sonic INFO featured[8429]:   File "/usr/local/bin/featured", line 598, in <module>
2025 Feb 11 02:36:25.332552 sonic INFO featured[8429]:     main()
2025 Feb 11 02:36:25.332591 sonic INFO featured[8429]:   File "/usr/local/bin/featured", line 591, in main
2025 Feb 11 02:36:25.332713 sonic INFO featured[8429]:     daemon = FeatureDaemon()
2025 Feb 11 02:36:25.332760 sonic INFO featured[8429]:              ^^^^^^^^^^^^^^^
2025 Feb 11 02:36:25.332787 sonic INFO featured[8429]:   File "/usr/local/bin/featured", line 529, in __init__
2025 Feb 11 02:36:25.332839 sonic INFO featured[8429]:     self.feature_handler = FeatureHandler(self.config_db, feature_state_table, self.device_config, self.advanced_boot)
2025 Feb 11 02:36:25.332888 sonic INFO featured[8429]:                            ^^^^^^^^^^^^^^^^^^^^^^^^^^^^^^^^^^^^^^^^^^^^^^^^^^^^^^^^^^^^^^^^^^^^^^^^^^^^^^^^^^^^^^^^^^^
2025 Feb 11 02:36:25.332914 sonic INFO featured[8429]:   File "/usr/local/bin/featured", line 136, in __init__
2025 Feb 11 02:36:25.332956 sonic INFO featured[8429]:     self._device_running_config = device_info.get_device_runtime_metadata()
2025 Feb 11 02:36:25.332988 sonic INFO featured[8429]:                                   ^^^^^^^^^^^^^^^^^^^^^^^^^^^^^^^^^^^^^^^^^
2025 Feb 11 02:36:25.333013 sonic INFO featured[8429]:   File "/usr/local/lib/python3.11/dist-packages/sonic_py_common/device_info.py", line 680, in get_device_runtime_metadata
2025 Feb 11 02:36:25.333126 sonic INFO featured[8429]:     port_metadata = {'ETHERNET_PORTS_PRESENT': True if get_path_to_port_config_file(hwsku=None, asic="0" if is_multi_npu() else None) else False}
2025 Feb 11 02:36:25.333164 sonic INFO featured[8429]:                                                        ^^^^^^^^^^^^^^^^^^^^^^^^^^^^^^^^^^^^^^^^^^^^^^^^^^^^^^^^^^^^^^^^^^^^^^^^^^^^^^
2025 Feb 11 02:36:25.333223 sonic INFO featured[8429]:   File "/usr/local/lib/python3.11/dist-packages/sonic_py_common/device_info.py", line 446, in get_path_to_port_config_file
2025 Feb 11 02:36:25.333274 sonic INFO featured[8429]:     (platform_path, hwsku_path) = get_paths_to_platform_and_hwsku_dirs()
2025 Feb 11 02:36:25.333305 sonic INFO featured[8429]:                                   ^^^^^^^^^^^^^^^^^^^^^^^^^^^^^^^^^^^^^^
2025 Feb 11 02:36:25.333333 sonic INFO featured[8429]:   File "/usr/local/lib/python3.11/dist-packages/sonic_py_common/device_info.py", line 412, in get_paths_to_platform_and_hwsku_dirs
2025 Feb 11 02:36:25.333382 sonic INFO featured[8429]:     hwsku_path = os.path.join(platform_path, hwsku)
2025 Feb 11 02:36:25.333414 sonic INFO featured[8429]:                  ^^^^^^^^^^^^^^^^^^^^^^^^^^^^^^^^^^
2025 Feb 11 02:36:25.333439 sonic INFO featured[8429]:   File "<frozen posixpath>", line 90, in join
2025 Feb 11 02:36:25.333463 sonic INFO featured[8429]:   File "<frozen genericpath>", line 152, in _check_arg_types
2025 Feb 11 02:36:25.333559 sonic INFO featured[8429]: TypeError: join() argument must be str, bytes, or os.PathLike object, not 'NoneType'
2025 Feb 11 02:36:25.359825 sonic NOTICE systemd[1]: featured.service: Main process exited, code=exited, status=1/FAILURE
2025 Feb 11 02:36:25.360011 sonic WARNING systemd[1]: featured.service: Failed with result 'exit-code'.
2025 Feb 11 02:36:25.418760 sonic INFO systemd[1]: Started featured.service - Feature configuration daemon.
2025 Feb 11 02:36:25.579363 sonic INFO featured: ConfigDB connect success
2025 Feb 11 02:36:25.583339 sonic INFO featured[8432]: Traceback (most recent call last):
2025 Feb 11 02:36:25.583388 sonic INFO featured[8432]:   File "/usr/local/bin/featured", line 598, in <module>
2025 Feb 11 02:36:25.583572 sonic INFO featured[8432]:     main()
2025 Feb 11 02:36:25.583612 sonic INFO featured[8432]:   File "/usr/local/bin/featured", line 591, in main
2025 Feb 11 02:36:25.583729 sonic INFO featured[8432]:     daemon = FeatureDaemon()
2025 Feb 11 02:36:25.583768 sonic INFO featured[8432]:              ^^^^^^^^^^^^^^^
2025 Feb 11 02:36:25.583785 sonic INFO featured[8432]:   File "/usr/local/bin/featured", line 529, in __init__
2025 Feb 11 02:36:25.583846 sonic INFO featured[8432]:     self.feature_handler = FeatureHandler(self.config_db, feature_state_table, self.device_config, self.advanced_boot)
2025 Feb 11 02:36:25.583895 sonic INFO featured[8432]:                            ^^^^^^^^^^^^^^^^^^^^^^^^^^^^^^^^^^^^^^^^^^^^^^^^^^^^^^^^^^^^^^^^^^^^^^^^^^^^^^^^^^^^^^^^^^^
2025 Feb 11 02:36:25.583922 sonic INFO featured[8432]:   File "/usr/local/bin/featured", line 136, in __init__
2025 Feb 11 02:36:25.583956 sonic INFO featured[8432]:     self._device_running_config = device_info.get_device_runtime_metadata()
2025 Feb 11 02:36:25.583988 sonic INFO featured[8432]:                                   ^^^^^^^^^^^^^^^^^^^^^^^^^^^^^^^^^^^^^^^^^
2025 Feb 11 02:36:25.584013 sonic INFO featured[8432]:   File "/usr/local/lib/python3.11/dist-packages/sonic_py_common/device_info.py", line 680, in get_device_runtime_metadata
2025 Feb 11 02:36:25.584117 sonic INFO featured[8432]:     port_metadata = {'ETHERNET_PORTS_PRESENT': True if get_path_to_port_config_file(hwsku=None, asic="0" if is_multi_npu() else None) else False}
2025 Feb 11 02:36:25.584156 sonic INFO featured[8432]:                                                        ^^^^^^^^^^^^^^^^^^^^^^^^^^^^^^^^^^^^^^^^^^^^^^^^^^^^^^^^^^^^^^^^^^^^^^^^^^^^^^
2025 Feb 11 02:36:25.584173 sonic INFO featured[8432]:   File "/usr/local/lib/python3.11/dist-packages/sonic_py_common/device_info.py", line 446, in get_path_to_port_config_file
2025 Feb 11 02:36:25.584252 sonic INFO featured[8432]:     (platform_path, hwsku_path) = get_paths_to_platform_and_hwsku_dirs()
2025 Feb 11 02:36:25.584284 sonic INFO featured[8432]:                                   ^^^^^^^^^^^^^^^^^^^^^^^^^^^^^^^^^^^^^^
2025 Feb 11 02:36:25.584313 sonic INFO featured[8432]:   File "/usr/local/lib/python3.11/dist-packages/sonic_py_common/device_info.py", line 412, in get_paths_to_platform_and_hwsku_dirs
2025 Feb 11 02:36:25.584359 sonic INFO featured[8432]:     hwsku_path = os.path.join(platform_path, hwsku)
2025 Feb 11 02:36:25.584396 sonic INFO featured[8432]:                  ^^^^^^^^^^^^^^^^^^^^^^^^^^^^^^^^^^
2025 Feb 11 02:36:25.584422 sonic INFO featured[8432]:   File "<frozen posixpath>", line 90, in join
2025 Feb 11 02:36:25.584446 sonic INFO featured[8432]:   File "<frozen genericpath>", line 152, in _check_arg_types
2025 Feb 11 02:36:25.584470 sonic INFO featured[8432]: TypeError: join() argument must be str, bytes, or os.PathLike object, not 'NoneType'
2025 Feb 11 02:36:25.602906 sonic NOTICE systemd[1]: featured.service: Main process exited, code=exited, status=1/FAILURE
2025 Feb 11 02:36:25.603041 sonic WARNING systemd[1]: featured.service: Failed with result 'exit-code'.
2025 Feb 11 02:36:25.642598 sonic INFO systemd[1]: Started featured.service - Feature configuration daemon.
2025 Feb 11 02:36:25.795697 sonic INFO featured: ConfigDB connect success
2025 Feb 11 02:36:25.799701 sonic INFO featured[8433]: Traceback (most recent call last):
2025 Feb 11 02:36:25.799760 sonic INFO featured[8433]:   File "/usr/local/bin/featured", line 598, in <module>
2025 Feb 11 02:36:25.799942 sonic INFO featured[8433]:     main()
2025 Feb 11 02:36:25.799980 sonic INFO featured[8433]:   File "/usr/local/bin/featured", line 591, in main
2025 Feb 11 02:36:25.800107 sonic INFO featured[8433]:     daemon = FeatureDaemon()
2025 Feb 11 02:36:25.800139 sonic INFO featured[8433]:              ^^^^^^^^^^^^^^^
2025 Feb 11 02:36:25.800165 sonic INFO featured[8433]:   File "/usr/local/bin/featured", line 529, in __init__
2025 Feb 11 02:36:25.800251 sonic INFO featured[8433]:     self.feature_handler = FeatureHandler(self.config_db, feature_state_table, self.device_config, self.advanced_boot)
2025 Feb 11 02:36:25.800298 sonic INFO featured[8433]:                            ^^^^^^^^^^^^^^^^^^^^^^^^^^^^^^^^^^^^^^^^^^^^^^^^^^^^^^^^^^^^^^^^^^^^^^^^^^^^^^^^^^^^^^^^^^^
2025 Feb 11 02:36:25.800324 sonic INFO featured[8433]:   File "/usr/local/bin/featured", line 136, in __init__
2025 Feb 11 02:36:25.800354 sonic INFO featured[8433]:     self._device_running_config = device_info.get_device_runtime_metadata()
2025 Feb 11 02:36:25.800385 sonic INFO featured[8433]:                                   ^^^^^^^^^^^^^^^^^^^^^^^^^^^^^^^^^^^^^^^^^
2025 Feb 11 02:36:25.800410 sonic INFO featured[8433]:   File "/usr/local/lib/python3.11/dist-packages/sonic_py_common/device_info.py", line 680, in get_device_runtime_metadata
2025 Feb 11 02:36:25.800517 sonic INFO featured[8433]:     port_metadata = {'ETHERNET_PORTS_PRESENT': True if get_path_to_port_config_file(hwsku=None, asic="0" if is_multi_npu() else None) else False}
2025 Feb 11 02:36:25.800555 sonic INFO featured[8433]:                                                        ^^^^^^^^^^^^^^^^^^^^^^^^^^^^^^^^^^^^^^^^^^^^^^^^^^^^^^^^^^^^^^^^^^^^^^^^^^^^^^
2025 Feb 11 02:36:25.800572 sonic INFO featured[8433]:   File "/usr/local/lib/python3.11/dist-packages/sonic_py_common/device_info.py", line 446, in get_path_to_port_config_file
2025 Feb 11 02:36:25.800635 sonic INFO featured[8433]:     (platform_path, hwsku_path) = get_paths_to_platform_and_hwsku_dirs()
2025 Feb 11 02:36:25.800666 sonic INFO featured[8433]:                                   ^^^^^^^^^^^^^^^^^^^^^^^^^^^^^^^^^^^^^^
2025 Feb 11 02:36:25.800692 sonic INFO featured[8433]:   File "/usr/local/lib/python3.11/dist-packages/sonic_py_common/device_info.py", line 412, in get_paths_to_platform_and_hwsku_dirs
2025 Feb 11 02:36:25.800742 sonic INFO featured[8433]:     hwsku_path = os.path.join(platform_path, hwsku)
2025 Feb 11 02:36:25.800775 sonic INFO featured[8433]:                  ^^^^^^^^^^^^^^^^^^^^^^^^^^^^^^^^^^
2025 Feb 11 02:36:25.800800 sonic INFO featured[8433]:   File "<frozen posixpath>", line 90, in join
2025 Feb 11 02:36:25.800824 sonic INFO featured[8433]:   File "<frozen genericpath>", line 152, in _check_arg_types
2025 Feb 11 02:36:25.800848 sonic INFO featured[8433]: TypeError: join() argument must be str, bytes, or os.PathLike object, not 'NoneType'
2025 Feb 11 02:36:25.819613 sonic NOTICE systemd[1]: featured.service: Main process exited, code=exited, status=1/FAILURE
2025 Feb 11 02:36:25.819685 sonic WARNING systemd[1]: featured.service: Failed with result 'exit-code'.
2025 Feb 11 02:36:25.821970 sonic WARNING systemd[1]: featured.service: Start request repeated too quickly.
2025 Feb 11 02:36:25.822024 sonic WARNING systemd[1]: featured.service: Failed with result 'exit-code'.
2025 Feb 11 02:36:25.822149 sonic ERR systemd[1]: Failed to start featured.service - Feature configuration daemon.
2025 Feb 11 02:36:38.307113 sonic INFO systemd[1]: Started featured.service - Feature configuration daemon.
2025 Feb 11 02:36:38.452037 sonic INFO featured: ConfigDB connect success
2025 Feb 11 02:36:38.455855 sonic INFO featured[8462]: Traceback (most recent call last):
2025 Feb 11 02:36:38.455907 sonic INFO featured[8462]:   File "/usr/local/bin/featured", line 598, in <module>
2025 Feb 11 02:36:38.456047 sonic INFO featured[8462]:     main()
2025 Feb 11 02:36:38.456086 sonic INFO featured[8462]:   File "/usr/local/bin/featured", line 591, in main
2025 Feb 11 02:36:38.456235 sonic INFO featured[8462]:     daemon = FeatureDaemon()
2025 Feb 11 02:36:38.456267 sonic INFO featured[8462]:              ^^^^^^^^^^^^^^^
2025 Feb 11 02:36:38.456290 sonic INFO featured[8462]:   File "/usr/local/bin/featured", line 529, in __init__
2025 Feb 11 02:36:38.456373 sonic INFO featured[8462]:     self.feature_handler = FeatureHandler(self.config_db, feature_state_table, self.device_config, self.advanced_boot)
2025 Feb 11 02:36:38.456413 sonic INFO featured[8462]:                            ^^^^^^^^^^^^^^^^^^^^^^^^^^^^^^^^^^^^^^^^^^^^^^^^^^^^^^^^^^^^^^^^^^^^^^^^^^^^^^^^^^^^^^^^^^^
2025 Feb 11 02:36:38.456430 sonic INFO featured[8462]:   File "/usr/local/bin/featured", line 136, in __init__
2025 Feb 11 02:36:38.456464 sonic INFO featured[8462]:     self._device_running_config = device_info.get_device_runtime_metadata()
2025 Feb 11 02:36:38.456486 sonic INFO featured[8462]:                                   ^^^^^^^^^^^^^^^^^^^^^^^^^^^^^^^^^^^^^^^^^
2025 Feb 11 02:36:38.456521 sonic INFO featured[8462]:   File "/usr/local/lib/python3.11/dist-packages/sonic_py_common/device_info.py", line 680, in get_device_runtime_metadata
2025 Feb 11 02:36:38.456595 sonic INFO featured[8462]:     port_metadata = {'ETHERNET_PORTS_PRESENT': True if get_path_to_port_config_file(hwsku=None, asic="0" if is_multi_npu() else None) else False}
2025 Feb 11 02:36:38.456645 sonic INFO featured[8462]:                                                        ^^^^^^^^^^^^^^^^^^^^^^^^^^^^^^^^^^^^^^^^^^^^^^^^^^^^^^^^^^^^^^^^^^^^^^^^^^^^^^
2025 Feb 11 02:36:38.456673 sonic INFO featured[8462]:   File "/usr/local/lib/python3.11/dist-packages/sonic_py_common/device_info.py", line 446, in get_path_to_port_config_file
2025 Feb 11 02:36:38.456737 sonic INFO featured[8462]:     (platform_path, hwsku_path) = get_paths_to_platform_and_hwsku_dirs()
2025 Feb 11 02:36:38.456768 sonic INFO featured[8462]:                                   ^^^^^^^^^^^^^^^^^^^^^^^^^^^^^^^^^^^^^^
2025 Feb 11 02:36:38.456785 sonic INFO featured[8462]:   File "/usr/local/lib/python3.11/dist-packages/sonic_py_common/device_info.py", line 412, in get_paths_to_platform_and_hwsku_dirs
2025 Feb 11 02:36:38.456843 sonic INFO featured[8462]:     hwsku_path = os.path.join(platform_path, hwsku)
2025 Feb 11 02:36:38.456875 sonic INFO featured[8462]:                  ^^^^^^^^^^^^^^^^^^^^^^^^^^^^^^^^^^
2025 Feb 11 02:36:38.456892 sonic INFO featured[8462]:   File "<frozen posixpath>", line 90, in join
2025 Feb 11 02:36:38.456908 sonic INFO featured[8462]:   File "<frozen genericpath>", line 152, in _check_arg_types
2025 Feb 11 02:36:38.456932 sonic INFO featured[8462]: TypeError: join() argument must be str, bytes, or os.PathLike object, not 'NoneType'
2025 Feb 11 02:36:38.475165 sonic NOTICE systemd[1]: featured.service: Main process exited, code=exited, status=1/FAILURE
2025 Feb 11 02:36:38.475400 sonic WARNING systemd[1]: featured.service: Failed with result 'exit-code'.
2025 Feb 11 02:36:38.510596 sonic INFO systemd[1]: Started featured.service - Feature configuration daemon.
2025 Feb 11 02:36:38.641957 sonic INFO featured: ConfigDB connect success
2025 Feb 11 02:36:38.645944 sonic INFO featured[8465]: Traceback (most recent call last):
2025 Feb 11 02:36:38.645997 sonic INFO featured[8465]:   File "/usr/local/bin/featured", line 598, in <module>
2025 Feb 11 02:36:38.646140 sonic INFO featured[8465]:     main()
2025 Feb 11 02:36:38.646178 sonic INFO featured[8465]:   File "/usr/local/bin/featured", line 591, in main
2025 Feb 11 02:36:38.646405 sonic INFO featured[8465]:     daemon = FeatureDaemon()
2025 Feb 11 02:36:38.646445 sonic INFO featured[8465]:              ^^^^^^^^^^^^^^^
2025 Feb 11 02:36:38.646462 sonic INFO featured[8465]:   File "/usr/local/bin/featured", line 529, in __init__
2025 Feb 11 02:36:38.646599 sonic INFO featured[8465]:     self.feature_handler = FeatureHandler(self.config_db, feature_state_table, self.device_config, self.advanced_boot)
2025 Feb 11 02:36:38.646651 sonic INFO featured[8465]:                            ^^^^^^^^^^^^^^^^^^^^^^^^^^^^^^^^^^^^^^^^^^^^^^^^^^^^^^^^^^^^^^^^^^^^^^^^^^^^^^^^^^^^^^^^^^^
2025 Feb 11 02:36:38.646675 sonic INFO featured[8465]:   File "/usr/local/bin/featured", line 136, in __init__
2025 Feb 11 02:36:38.646778 sonic INFO featured[8465]:     self._device_running_config = device_info.get_device_runtime_metadata()
2025 Feb 11 02:36:38.646816 sonic INFO featured[8465]:                                   ^^^^^^^^^^^^^^^^^^^^^^^^^^^^^^^^^^^^^^^^^
2025 Feb 11 02:36:38.646832 sonic INFO featured[8465]:   File "/usr/local/lib/python3.11/dist-packages/sonic_py_common/device_info.py", line 680, in get_device_runtime_metadata
2025 Feb 11 02:36:38.647028 sonic INFO featured[8465]:     port_metadata = {'ETHERNET_PORTS_PRESENT': True if get_path_to_port_config_file(hwsku=None, asic="0" if is_multi_npu() else None) else False}
2025 Feb 11 02:36:38.647065 sonic INFO featured[8465]:                                                        ^^^^^^^^^^^^^^^^^^^^^^^^^^^^^^^^^^^^^^^^^^^^^^^^^^^^^^^^^^^^^^^^^^^^^^^^^^^^^^
2025 Feb 11 02:36:38.647087 sonic INFO featured[8465]:   File "/usr/local/lib/python3.11/dist-packages/sonic_py_common/device_info.py", line 446, in get_path_to_port_config_file
2025 Feb 11 02:36:38.647230 sonic INFO featured[8465]:     (platform_path, hwsku_path) = get_paths_to_platform_and_hwsku_dirs()
2025 Feb 11 02:36:38.647283 sonic INFO featured[8465]:                                   ^^^^^^^^^^^^^^^^^^^^^^^^^^^^^^^^^^^^^^
2025 Feb 11 02:36:38.647305 sonic INFO featured[8465]:   File "/usr/local/lib/python3.11/dist-packages/sonic_py_common/device_info.py", line 412, in get_paths_to_platform_and_hwsku_dirs
2025 Feb 11 02:36:38.647427 sonic INFO featured[8465]:     hwsku_path = os.path.join(platform_path, hwsku)
2025 Feb 11 02:36:38.647476 sonic INFO featured[8465]:                  ^^^^^^^^^^^^^^^^^^^^^^^^^^^^^^^^^^
2025 Feb 11 02:36:38.647501 sonic INFO featured[8465]:   File "<frozen posixpath>", line 90, in join
2025 Feb 11 02:36:38.647527 sonic INFO featured[8465]:   File "<frozen genericpath>", line 152, in _check_arg_types
2025 Feb 11 02:36:38.647548 sonic INFO featured[8465]: TypeError: join() argument must be str, bytes, or os.PathLike object, not 'NoneType'
2025 Feb 11 02:36:38.665668 sonic NOTICE systemd[1]: featured.service: Main process exited, code=exited, status=1/FAILURE
2025 Feb 11 02:36:38.665805 sonic WARNING systemd[1]: featured.service: Failed with result 'exit-code'.
2025 Feb 11 02:36:38.682425 sonic INFO systemd[1]: Started featured.service - Feature configuration daemon.
2025 Feb 11 02:36:38.830926 sonic INFO featured: ConfigDB connect success
2025 Feb 11 02:36:38.835266 sonic INFO featured[8466]: Traceback (most recent call last):
2025 Feb 11 02:36:38.835337 sonic INFO featured[8466]:   File "/usr/local/bin/featured", line 598, in <module>
2025 Feb 11 02:36:38.835472 sonic INFO featured[8466]:     main()
2025 Feb 11 02:36:38.835531 sonic INFO featured[8466]:   File "/usr/local/bin/featured", line 591, in main
2025 Feb 11 02:36:38.835636 sonic INFO featured[8466]:     daemon = FeatureDaemon()
2025 Feb 11 02:36:38.835684 sonic INFO featured[8466]:              ^^^^^^^^^^^^^^^
2025 Feb 11 02:36:38.835714 sonic INFO featured[8466]:   File "/usr/local/bin/featured", line 529, in __init__
2025 Feb 11 02:36:38.835754 sonic INFO featured[8466]:     self.feature_handler = FeatureHandler(self.config_db, feature_state_table, self.device_config, self.advanced_boot)
2025 Feb 11 02:36:38.835806 sonic INFO featured[8466]:                            ^^^^^^^^^^^^^^^^^^^^^^^^^^^^^^^^^^^^^^^^^^^^^^^^^^^^^^^^^^^^^^^^^^^^^^^^^^^^^^^^^^^^^^^^^^^
2025 Feb 11 02:36:38.835837 sonic INFO featured[8466]:   File "/usr/local/bin/featured", line 136, in __init__
2025 Feb 11 02:36:38.835888 sonic INFO featured[8466]:     self._device_running_config = device_info.get_device_runtime_metadata()
2025 Feb 11 02:36:38.835918 sonic INFO featured[8466]:                                   ^^^^^^^^^^^^^^^^^^^^^^^^^^^^^^^^^^^^^^^^^
2025 Feb 11 02:36:38.835968 sonic INFO featured[8466]:   File "/usr/local/lib/python3.11/dist-packages/sonic_py_common/device_info.py", line 680, in get_device_runtime_metadata
2025 Feb 11 02:36:38.836010 sonic INFO featured[8466]:     port_metadata = {'ETHERNET_PORTS_PRESENT': True if get_path_to_port_config_file(hwsku=None, asic="0" if is_multi_npu() else None) else False}
2025 Feb 11 02:36:38.836052 sonic INFO featured[8466]:                                                        ^^^^^^^^^^^^^^^^^^^^^^^^^^^^^^^^^^^^^^^^^^^^^^^^^^^^^^^^^^^^^^^^^^^^^^^^^^^^^^
2025 Feb 11 02:36:38.836082 sonic INFO featured[8466]:   File "/usr/local/lib/python3.11/dist-packages/sonic_py_common/device_info.py", line 446, in get_path_to_port_config_file
2025 Feb 11 02:36:38.836121 sonic INFO featured[8466]:     (platform_path, hwsku_path) = get_paths_to_platform_and_hwsku_dirs()
2025 Feb 11 02:36:38.836151 sonic INFO featured[8466]:                                   ^^^^^^^^^^^^^^^^^^^^^^^^^^^^^^^^^^^^^^
2025 Feb 11 02:36:38.836191 sonic INFO featured[8466]:   File "/usr/local/lib/python3.11/dist-packages/sonic_py_common/device_info.py", line 412, in get_paths_to_platform_and_hwsku_dirs
2025 Feb 11 02:36:38.836259 sonic INFO featured[8466]:     hwsku_path = os.path.join(platform_path, hwsku)
2025 Feb 11 02:36:38.836299 sonic INFO featured[8466]:                  ^^^^^^^^^^^^^^^^^^^^^^^^^^^^^^^^^^
2025 Feb 11 02:36:38.836328 sonic INFO featured[8466]:   File "<frozen posixpath>", line 90, in join
2025 Feb 11 02:36:38.836358 sonic INFO featured[8466]:   File "<frozen genericpath>", line 152, in _check_arg_types
2025 Feb 11 02:36:38.836386 sonic INFO featured[8466]: TypeError: join() argument must be str, bytes, or os.PathLike object, not 'NoneType'
2025 Feb 11 02:36:38.856118 sonic NOTICE systemd[1]: featured.service: Main process exited, code=exited, status=1/FAILURE
2025 Feb 11 02:36:38.857094 sonic WARNING systemd[1]: featured.service: Failed with result 'exit-code'.
2025 Feb 11 02:36:38.878683 sonic INFO systemd[1]: Started featured.service - Feature configuration daemon.
2025 Feb 11 02:36:39.012590 sonic INFO featured: ConfigDB connect success
2025 Feb 11 02:36:39.016532 sonic INFO featured[8467]: Traceback (most recent call last):
2025 Feb 11 02:36:39.016595 sonic INFO featured[8467]:   File "/usr/local/bin/featured", line 598, in <module>
2025 Feb 11 02:36:39.016694 sonic INFO featured[8467]:     main()
2025 Feb 11 02:36:39.016751 sonic INFO featured[8467]:   File "/usr/local/bin/featured", line 591, in main
2025 Feb 11 02:36:39.016855 sonic INFO featured[8467]:     daemon = FeatureDaemon()
2025 Feb 11 02:36:39.016904 sonic INFO featured[8467]:              ^^^^^^^^^^^^^^^
2025 Feb 11 02:36:39.016935 sonic INFO featured[8467]:   File "/usr/local/bin/featured", line 529, in __init__
2025 Feb 11 02:36:39.016986 sonic INFO featured[8467]:     self.feature_handler = FeatureHandler(self.config_db, feature_state_table, self.device_config, self.advanced_boot)
2025 Feb 11 02:36:39.017036 sonic INFO featured[8467]:                            ^^^^^^^^^^^^^^^^^^^^^^^^^^^^^^^^^^^^^^^^^^^^^^^^^^^^^^^^^^^^^^^^^^^^^^^^^^^^^^^^^^^^^^^^^^^
2025 Feb 11 02:36:39.017077 sonic INFO featured[8467]:   File "/usr/local/bin/featured", line 136, in __init__
2025 Feb 11 02:36:39.017126 sonic INFO featured[8467]:     self._device_running_config = device_info.get_device_runtime_metadata()
2025 Feb 11 02:36:39.017167 sonic INFO featured[8467]:                                   ^^^^^^^^^^^^^^^^^^^^^^^^^^^^^^^^^^^^^^^^^
2025 Feb 11 02:36:39.017206 sonic INFO featured[8467]:   File "/usr/local/lib/python3.11/dist-packages/sonic_py_common/device_info.py", line 680, in get_device_runtime_metadata
2025 Feb 11 02:36:39.017276 sonic INFO featured[8467]:     port_metadata = {'ETHERNET_PORTS_PRESENT': True if get_path_to_port_config_file(hwsku=None, asic="0" if is_multi_npu() else None) else False}
2025 Feb 11 02:36:39.017318 sonic INFO featured[8467]:                                                        ^^^^^^^^^^^^^^^^^^^^^^^^^^^^^^^^^^^^^^^^^^^^^^^^^^^^^^^^^^^^^^^^^^^^^^^^^^^^^^
2025 Feb 11 02:36:39.017359 sonic INFO featured[8467]:   File "/usr/local/lib/python3.11/dist-packages/sonic_py_common/device_info.py", line 446, in get_path_to_port_config_file
2025 Feb 11 02:36:39.017408 sonic INFO featured[8467]:     (platform_path, hwsku_path) = get_paths_to_platform_and_hwsku_dirs()
2025 Feb 11 02:36:39.017448 sonic INFO featured[8467]:                                   ^^^^^^^^^^^^^^^^^^^^^^^^^^^^^^^^^^^^^^
2025 Feb 11 02:36:39.017524 sonic INFO featured[8467]:   File "/usr/local/lib/python3.11/dist-packages/sonic_py_common/device_info.py", line 412, in get_paths_to_platform_and_hwsku_dirs
2025 Feb 11 02:36:39.017576 sonic INFO featured[8467]:     hwsku_path = os.path.join(platform_path, hwsku)
2025 Feb 11 02:36:39.017623 sonic INFO featured[8467]:                  ^^^^^^^^^^^^^^^^^^^^^^^^^^^^^^^^^^
2025 Feb 11 02:36:39.017663 sonic INFO featured[8467]:   File "<frozen posixpath>", line 90, in join
2025 Feb 11 02:36:39.017704 sonic INFO featured[8467]:   File "<frozen genericpath>", line 152, in _check_arg_types
2025 Feb 11 02:36:39.017744 sonic INFO featured[8467]: TypeError: join() argument must be str, bytes, or os.PathLike object, not 'NoneType'
2025 Feb 11 02:36:39.035432 sonic NOTICE systemd[1]: featured.service: Main process exited, code=exited, status=1/FAILURE
2025 Feb 11 02:36:39.035591 sonic WARNING systemd[1]: featured.service: Failed with result 'exit-code'.
2025 Feb 11 02:36:39.070649 sonic INFO systemd[1]: Started featured.service - Feature configuration daemon.
2025 Feb 11 02:36:39.209895 sonic INFO featured: ConfigDB connect success
2025 Feb 11 02:36:39.213937 sonic INFO featured[8468]: Traceback (most recent call last):
2025 Feb 11 02:36:39.214013 sonic INFO featured[8468]:   File "/usr/local/bin/featured", line 598, in <module>
2025 Feb 11 02:36:39.214126 sonic INFO featured[8468]:     main()
2025 Feb 11 02:36:39.214185 sonic INFO featured[8468]:   File "/usr/local/bin/featured", line 591, in main
2025 Feb 11 02:36:39.214309 sonic INFO featured[8468]:     daemon = FeatureDaemon()
2025 Feb 11 02:36:39.214359 sonic INFO featured[8468]:              ^^^^^^^^^^^^^^^
2025 Feb 11 02:36:39.214397 sonic INFO featured[8468]:   File "/usr/local/bin/featured", line 529, in __init__
2025 Feb 11 02:36:39.214455 sonic INFO featured[8468]:     self.feature_handler = FeatureHandler(self.config_db, feature_state_table, self.device_config, self.advanced_boot)
2025 Feb 11 02:36:39.214503 sonic INFO featured[8468]:                            ^^^^^^^^^^^^^^^^^^^^^^^^^^^^^^^^^^^^^^^^^^^^^^^^^^^^^^^^^^^^^^^^^^^^^^^^^^^^^^^^^^^^^^^^^^^
2025 Feb 11 02:36:39.214553 sonic INFO featured[8468]:   File "/usr/local/bin/featured", line 136, in __init__
2025 Feb 11 02:36:39.214596 sonic INFO featured[8468]:     self._device_running_config = device_info.get_device_runtime_metadata()
2025 Feb 11 02:36:39.214640 sonic INFO featured[8468]:                                   ^^^^^^^^^^^^^^^^^^^^^^^^^^^^^^^^^^^^^^^^^
2025 Feb 11 02:36:39.214681 sonic INFO featured[8468]:   File "/usr/local/lib/python3.11/dist-packages/sonic_py_common/device_info.py", line 680, in get_device_runtime_metadata
2025 Feb 11 02:36:39.214731 sonic INFO featured[8468]:     port_metadata = {'ETHERNET_PORTS_PRESENT': True if get_path_to_port_config_file(hwsku=None, asic="0" if is_multi_npu() else None) else False}
2025 Feb 11 02:36:39.214772 sonic INFO featured[8468]:                                                        ^^^^^^^^^^^^^^^^^^^^^^^^^^^^^^^^^^^^^^^^^^^^^^^^^^^^^^^^^^^^^^^^^^^^^^^^^^^^^^
2025 Feb 11 02:36:39.214812 sonic INFO featured[8468]:   File "/usr/local/lib/python3.11/dist-packages/sonic_py_common/device_info.py", line 446, in get_path_to_port_config_file
2025 Feb 11 02:36:39.214861 sonic INFO featured[8468]:     (platform_path, hwsku_path) = get_paths_to_platform_and_hwsku_dirs()
2025 Feb 11 02:36:39.214901 sonic INFO featured[8468]:                                   ^^^^^^^^^^^^^^^^^^^^^^^^^^^^^^^^^^^^^^
2025 Feb 11 02:36:39.214941 sonic INFO featured[8468]:   File "/usr/local/lib/python3.11/dist-packages/sonic_py_common/device_info.py", line 412, in get_paths_to_platform_and_hwsku_dirs
2025 Feb 11 02:36:39.214979 sonic INFO featured[8468]:     hwsku_path = os.path.join(platform_path, hwsku)
2025 Feb 11 02:36:39.215028 sonic INFO featured[8468]:                  ^^^^^^^^^^^^^^^^^^^^^^^^^^^^^^^^^^
2025 Feb 11 02:36:39.215068 sonic INFO featured[8468]:   File "<frozen posixpath>", line 90, in join
2025 Feb 11 02:36:39.215106 sonic INFO featured[8468]:   File "<frozen genericpath>", line 152, in _check_arg_types
2025 Feb 11 02:36:39.215145 sonic INFO featured[8468]: TypeError: join() argument must be str, bytes, or os.PathLike object, not 'NoneType'
2025 Feb 11 02:36:39.233606 sonic NOTICE systemd[1]: featured.service: Main process exited, code=exited, status=1/FAILURE
2025 Feb 11 02:36:39.233767 sonic WARNING systemd[1]: featured.service: Failed with result 'exit-code'.
2025 Feb 11 02:36:39.235900 sonic WARNING systemd[1]: featured.service: Start request repeated too quickly.
2025 Feb 11 02:36:39.235968 sonic WARNING systemd[1]: featured.service: Failed with result 'exit-code'.
2025 Feb 11 02:36:39.236015 sonic ERR systemd[1]: Failed to start featured.service - Feature configuration daemon.
2025 Feb 11 02:36:40.278276 sonic WARNING systemd[1]: featured.service: Start request repeated too quickly.
2025 Feb 11 02:36:40.278408 sonic WARNING systemd[1]: featured.service: Failed with result 'exit-code'.
2025 Feb 11 02:36:40.278442 sonic ERR systemd[1]: Failed to start featured.service - Feature configuration daemon.
2025 Feb 11 02:36:40.279344 sonic WARNING systemd[1]: featured.service: Start request repeated too quickly.
2025 Feb 11 02:36:40.279424 sonic WARNING systemd[1]: featured.service: Failed with result 'exit-code'.
2025 Feb 11 02:36:40.279470 sonic ERR systemd[1]: Failed to start featured.service - Feature configuration daemon.
2025 Feb 11 02:36:40.530986 sonic INFO systemd[1]: caclmgrd.service: Scheduled restart job, restart counter is at 19.
2025 Feb 11 02:36:40.531389 sonic INFO systemd[1]: Stopped caclmgrd.service - Control Plane ACL configuration daemon.
2025 Feb 11 02:36:40.558210 sonic INFO systemd[1]: Started caclmgrd.service - Control Plane ACL configuration daemon.
2025 Feb 11 02:36:40.558584 sonic WARNING systemd[1]: featured.service: Start request repeated too quickly.
2025 Feb 11 02:36:40.558642 sonic WARNING systemd[1]: featured.service: Failed with result 'exit-code'.
2025 Feb 11 02:36:40.558685 sonic ERR systemd[1]: Failed to start featured.service - Feature configuration daemon.
2025 Feb 11 02:36:40.560139 sonic WARNING systemd[1]: featured.service: Start request repeated too quickly.
2025 Feb 11 02:36:40.560186 sonic WARNING systemd[1]: featured.service: Failed with result 'exit-code'.
2025 Feb 11 02:36:40.560233 sonic ERR systemd[1]: Failed to start featured.service - Feature configuration daemon.
2025 Feb 11 02:36:40.667357 sonic INFO caclmgrd[8473]: Traceback (most recent call last):
2025 Feb 11 02:36:40.667432 sonic INFO caclmgrd[8473]:   File "/usr/local/bin/caclmgrd", line 1146, in <module>
2025 Feb 11 02:36:40.667463 sonic INFO caclmgrd[8473]:     main()
2025 Feb 11 02:36:40.667482 sonic INFO caclmgrd[8473]:   File "/usr/local/bin/caclmgrd", line 1137, in main
2025 Feb 11 02:36:40.667504 sonic INFO caclmgrd[8473]:     caclmgr = ControlPlaneAclManager(SYSLOG_IDENTIFIER)
2025 Feb 11 02:36:40.667539 sonic INFO caclmgrd[8473]:               ^^^^^^^^^^^^^^^^^^^^^^^^^^^^^^^^^^^^^^^^^
2025 Feb 11 02:36:40.667557 sonic INFO caclmgrd[8473]:   File "/usr/local/bin/caclmgrd", line 156, in __init__
2025 Feb 11 02:36:40.667578 sonic INFO caclmgrd[8473]:     if 'subtype' in metadata['localhost'] and metadata['localhost']['subtype'] == 'DualToR':
2025 Feb 11 02:36:40.667611 sonic INFO caclmgrd[8473]:                     ~~~~~~~~^^^^^^^^^^^^^
2025 Feb 11 02:36:40.667628 sonic INFO caclmgrd[8473]: KeyError: 'localhost'
2025 Feb 11 02:36:40.679037 sonic NOTICE systemd[1]: caclmgrd.service: Main process exited, code=exited, status=1/FAILURE
2025 Feb 11 02:36:40.679174 sonic WARNING systemd[1]: caclmgrd.service: Failed with result 'exit-code'.
2025 Feb 11 02:36:40.680632 sonic WARNING systemd[1]: featured.service: Start request repeated too quickly.
2025 Feb 11 02:36:40.680684 sonic WARNING systemd[1]: featured.service: Failed with result 'exit-code'.
2025 Feb 11 02:36:40.680725 sonic ERR systemd[1]: Failed to start featured.service - Feature configuration daemon.
2025 Feb 11 02:36:54.457037 sonic ERR monit[828]: 'container_checker' status failed (4) -- Unexpected running containers: database, database3, eventd, database0, macsec0, bgp3, macsec3, bgp2, macsec2, bgp1, macsec1, database2, database1, bgp0
2025 Feb 11 02:36:54.581105 sonic DEBUG mgmt_oper_status.py: No management interface found
2025 Feb 11 02:36:54.780394 sonic INFO systemd[1]: Started featured.service - Feature configuration daemon.
2025 Feb 11 02:36:54.783264 sonic INFO systemd[1]: Starting fstrim.service - Discard unused blocks...
2025 Feb 11 02:36:54.830790 sonic INFO memory_checker: [memory_checker] Exits without checking memory usage since container 'bmp' is not running!
2025 Feb 11 02:36:54.834839 sonic NOTICE root: smartctl 7.4 2023-08-01 r5530 [x86_64-linux-6.1.0-22-2-amd64] (local build)
2025 Feb 11 02:36:54.834895 sonic NOTICE root: Copyright (C) 2002-23, Bruce Allen, Christian Franke, www.smartmontools.org
2025 Feb 11 02:36:54.834917 sonic NOTICE root: 
2025 Feb 11 02:36:54.834942 sonic NOTICE root: Smartctl open device: /dev/sda failed: No such device
2025 Feb 11 02:36:54.861819 sonic INFO memory_checker: [memory_checker] Exits without checking memory usage since container 'gnmi' is not running!
2025 Feb 11 02:36:54.862270 sonic INFO memory_checker: [memory_checker] Exits without checking memory usage since container 'snmp' is not running!
2025 Feb 11 02:36:54.883003 sonic INFO fstrim[8568]: /var/log: 3.8 GiB (4124667904 bytes) trimmed on /dev/loop1
2025 Feb 11 02:36:54.883159 sonic INFO fstrim[8568]: /host: 9.7 GiB (10362392576 bytes) trimmed on /dev/vda3
2025 Feb 11 02:36:54.883328 sonic INFO systemd[1]: fstrim.service: Deactivated successfully.
2025 Feb 11 02:36:54.883453 sonic INFO systemd[1]: Finished fstrim.service - Discard unused blocks.
2025 Feb 11 02:36:54.928798 sonic INFO featured: ConfigDB connect success
2025 Feb 11 02:36:54.932808 sonic INFO featured[8532]: Traceback (most recent call last):
2025 Feb 11 02:36:54.932864 sonic INFO featured[8532]:   File "/usr/local/bin/featured", line 598, in <module>
2025 Feb 11 02:36:54.933006 sonic INFO featured[8532]:     main()
2025 Feb 11 02:36:54.933045 sonic INFO featured[8532]:   File "/usr/local/bin/featured", line 591, in main
2025 Feb 11 02:36:54.933163 sonic INFO featured[8532]:     daemon = FeatureDaemon()
2025 Feb 11 02:36:54.933205 sonic INFO featured[8532]:              ^^^^^^^^^^^^^^^
2025 Feb 11 02:36:54.933222 sonic INFO featured[8532]:   File "/usr/local/bin/featured", line 529, in __init__
2025 Feb 11 02:36:54.933345 sonic INFO featured[8532]:     self.feature_handler = FeatureHandler(self.config_db, feature_state_table, self.device_config, self.advanced_boot)
2025 Feb 11 02:36:54.933383 sonic INFO featured[8532]:                            ^^^^^^^^^^^^^^^^^^^^^^^^^^^^^^^^^^^^^^^^^^^^^^^^^^^^^^^^^^^^^^^^^^^^^^^^^^^^^^^^^^^^^^^^^^^
2025 Feb 11 02:36:54.933399 sonic INFO featured[8532]:   File "/usr/local/bin/featured", line 136, in __init__
2025 Feb 11 02:36:54.933448 sonic INFO featured[8532]:     self._device_running_config = device_info.get_device_runtime_metadata()
2025 Feb 11 02:36:54.933536 sonic INFO featured[8532]:                                   ^^^^^^^^^^^^^^^^^^^^^^^^^^^^^^^^^^^^^^^^^
2025 Feb 11 02:36:54.933568 sonic INFO featured[8532]:   File "/usr/local/lib/python3.11/dist-packages/sonic_py_common/device_info.py", line 680, in get_device_runtime_metadata
2025 Feb 11 02:36:54.933632 sonic INFO featured[8532]:     port_metadata = {'ETHERNET_PORTS_PRESENT': True if get_path_to_port_config_file(hwsku=None, asic="0" if is_multi_npu() else None) else False}
2025 Feb 11 02:36:54.933684 sonic INFO featured[8532]:                                                        ^^^^^^^^^^^^^^^^^^^^^^^^^^^^^^^^^^^^^^^^^^^^^^^^^^^^^^^^^^^^^^^^^^^^^^^^^^^^^^
2025 Feb 11 02:36:54.933710 sonic INFO featured[8532]:   File "/usr/local/lib/python3.11/dist-packages/sonic_py_common/device_info.py", line 446, in get_path_to_port_config_file
2025 Feb 11 02:36:54.933777 sonic INFO featured[8532]:     (platform_path, hwsku_path) = get_paths_to_platform_and_hwsku_dirs()
2025 Feb 11 02:36:54.933809 sonic INFO featured[8532]:                                   ^^^^^^^^^^^^^^^^^^^^^^^^^^^^^^^^^^^^^^
2025 Feb 11 02:36:54.933834 sonic INFO featured[8532]:   File "/usr/local/lib/python3.11/dist-packages/sonic_py_common/device_info.py", line 412, in get_paths_to_platform_and_hwsku_dirs
2025 Feb 11 02:36:54.933886 sonic INFO featured[8532]:     hwsku_path = os.path.join(platform_path, hwsku)
2025 Feb 11 02:36:54.933919 sonic INFO featured[8532]:                  ^^^^^^^^^^^^^^^^^^^^^^^^^^^^^^^^^^
2025 Feb 11 02:36:54.933936 sonic INFO featured[8532]:   File "<frozen posixpath>", line 90, in join
2025 Feb 11 02:36:54.933960 sonic INFO featured[8532]:   File "<frozen genericpath>", line 152, in _check_arg_types
2025 Feb 11 02:36:54.933984 sonic INFO featured[8532]: TypeError: join() argument must be str, bytes, or os.PathLike object, not 'NoneType'
2025 Feb 11 02:36:54.951308 sonic NOTICE systemd[1]: featured.service: Main process exited, code=exited, status=1/FAILURE
2025 Feb 11 02:36:54.951435 sonic WARNING systemd[1]: featured.service: Failed with result 'exit-code'.
2025 Feb 11 02:36:54.998666 sonic INFO systemd[1]: Started featured.service - Feature configuration daemon.
2025 Feb 11 02:36:55.135881 sonic NOTICE python3: :- publish: EVENT_PUBLISHED: {"sonic-host:device-test-event":{"batch-id":"0e6b8cf4-e821-11ef-91ba-52540070c9c2","index":"0","reason":"monit periodic test","sender":"events_monit_test.py","timestamp":"2025-02-11T02:36:55.135172Z"}}
2025 Feb 11 02:36:55.136097 sonic NOTICE python3: :- publish: EVENT_PUBLISHED: {"sonic-host:device-test-event":{"batch-id":"0e6b8cf4-e821-11ef-91ba-52540070c9c2","index":"1","reason":"monit periodic test","sender":"events_monit_test.py","timestamp":"2025-02-11T02:36:55.135443Z"}}
2025 Feb 11 02:36:55.136132 sonic NOTICE python3: :- publish: EVENT_PUBLISHED: {"sonic-host:device-test-event":{"batch-id":"0e6b8cf4-e821-11ef-91ba-52540070c9c2","index":"2","reason":"monit periodic test","sender":"events_monit_test.py","timestamp":"2025-02-11T02:36:55.135517Z"}}
2025 Feb 11 02:36:55.136155 sonic NOTICE python3: :- publish: EVENT_PUBLISHED: {"sonic-host:device-test-event":{"batch-id":"0e6b8cf4-e821-11ef-91ba-52540070c9c2","index":"3","reason":"monit periodic test","sender":"events_monit_test.py","timestamp":"2025-02-11T02:36:55.135564Z"}}
2025 Feb 11 02:36:55.136191 sonic NOTICE python3: :- publish: EVENT_PUBLISHED: {"sonic-host:device-test-event":{"batch-id":"0e6b8cf4-e821-11ef-91ba-52540070c9c2","index":"4","reason":"monit periodic test","sender":"events_monit_test.py","timestamp":"2025-02-11T02:36:55.135619Z"}}
2025 Feb 11 02:36:55.152770 sonic INFO featured: ConfigDB connect success
2025 Feb 11 02:36:55.156940 sonic INFO featured[8570]: Traceback (most recent call last):
2025 Feb 11 02:36:55.156992 sonic INFO featured[8570]:   File "/usr/local/bin/featured", line 598, in <module>
2025 Feb 11 02:36:55.157137 sonic INFO featured[8570]:     main()
2025 Feb 11 02:36:55.157177 sonic INFO featured[8570]:   File "/usr/local/bin/featured", line 591, in main
2025 Feb 11 02:36:55.157324 sonic INFO featured[8570]:     daemon = FeatureDaemon()
2025 Feb 11 02:36:55.157357 sonic INFO featured[8570]:              ^^^^^^^^^^^^^^^
2025 Feb 11 02:36:55.157379 sonic INFO featured[8570]:   File "/usr/local/bin/featured", line 529, in __init__
2025 Feb 11 02:36:55.157461 sonic INFO featured[8570]:     self.feature_handler = FeatureHandler(self.config_db, feature_state_table, self.device_config, self.advanced_boot)
2025 Feb 11 02:36:55.157536 sonic INFO featured[8570]:                            ^^^^^^^^^^^^^^^^^^^^^^^^^^^^^^^^^^^^^^^^^^^^^^^^^^^^^^^^^^^^^^^^^^^^^^^^^^^^^^^^^^^^^^^^^^^
2025 Feb 11 02:36:55.157552 sonic INFO featured[8570]:   File "/usr/local/bin/featured", line 136, in __init__
2025 Feb 11 02:36:55.157605 sonic INFO featured[8570]:     self._device_running_config = device_info.get_device_runtime_metadata()
2025 Feb 11 02:36:55.157638 sonic INFO featured[8570]:                                   ^^^^^^^^^^^^^^^^^^^^^^^^^^^^^^^^^^^^^^^^^
2025 Feb 11 02:36:55.157667 sonic INFO featured[8570]:   File "/usr/local/lib/python3.11/dist-packages/sonic_py_common/device_info.py", line 680, in get_device_runtime_metadata
2025 Feb 11 02:36:55.157767 sonic INFO featured[8570]:     port_metadata = {'ETHERNET_PORTS_PRESENT': True if get_path_to_port_config_file(hwsku=None, asic="0" if is_multi_npu() else None) else False}
2025 Feb 11 02:36:55.157806 sonic INFO featured[8570]:                                                        ^^^^^^^^^^^^^^^^^^^^^^^^^^^^^^^^^^^^^^^^^^^^^^^^^^^^^^^^^^^^^^^^^^^^^^^^^^^^^^
2025 Feb 11 02:36:55.157823 sonic INFO featured[8570]:   File "/usr/local/lib/python3.11/dist-packages/sonic_py_common/device_info.py", line 446, in get_path_to_port_config_file
2025 Feb 11 02:36:55.157886 sonic INFO featured[8570]:     (platform_path, hwsku_path) = get_paths_to_platform_and_hwsku_dirs()
2025 Feb 11 02:36:55.157918 sonic INFO featured[8570]:                                   ^^^^^^^^^^^^^^^^^^^^^^^^^^^^^^^^^^^^^^
2025 Feb 11 02:36:55.157945 sonic INFO featured[8570]:   File "/usr/local/lib/python3.11/dist-packages/sonic_py_common/device_info.py", line 412, in get_paths_to_platform_and_hwsku_dirs
2025 Feb 11 02:36:55.157976 sonic INFO featured[8570]:     hwsku_path = os.path.join(platform_path, hwsku)
2025 Feb 11 02:36:55.158009 sonic INFO featured[8570]:                  ^^^^^^^^^^^^^^^^^^^^^^^^^^^^^^^^^^
2025 Feb 11 02:36:55.158033 sonic INFO featured[8570]:   File "<frozen posixpath>", line 90, in join
2025 Feb 11 02:36:55.158057 sonic INFO featured[8570]:   File "<frozen genericpath>", line 152, in _check_arg_types
2025 Feb 11 02:36:55.158082 sonic INFO featured[8570]: TypeError: join() argument must be str, bytes, or os.PathLike object, not 'NoneType'
2025 Feb 11 02:36:55.183818 sonic NOTICE systemd[1]: featured.service: Main process exited, code=exited, status=1/FAILURE
2025 Feb 11 02:36:55.183976 sonic WARNING systemd[1]: featured.service: Failed with result 'exit-code'.
2025 Feb 11 02:36:55.210490 sonic INFO systemd[1]: Started featured.service - Feature configuration daemon.
2025 Feb 11 02:36:55.357817 sonic INFO featured: ConfigDB connect success
2025 Feb 11 02:36:55.363014 sonic INFO featured[8571]: Traceback (most recent call last):
2025 Feb 11 02:36:55.363089 sonic INFO featured[8571]:   File "/usr/local/bin/featured", line 598, in <module>
2025 Feb 11 02:36:55.363374 sonic INFO featured[8571]:     main()
2025 Feb 11 02:36:55.363420 sonic INFO featured[8571]:   File "/usr/local/bin/featured", line 591, in main
2025 Feb 11 02:36:55.363601 sonic INFO featured[8571]:     daemon = FeatureDaemon()
2025 Feb 11 02:36:55.363641 sonic INFO featured[8571]:              ^^^^^^^^^^^^^^^
2025 Feb 11 02:36:55.363658 sonic INFO featured[8571]:   File "/usr/local/bin/featured", line 529, in __init__
2025 Feb 11 02:36:55.363803 sonic INFO featured[8571]:     self.feature_handler = FeatureHandler(self.config_db, feature_state_table, self.device_config, self.advanced_boot)
2025 Feb 11 02:36:55.363861 sonic INFO featured[8571]:                            ^^^^^^^^^^^^^^^^^^^^^^^^^^^^^^^^^^^^^^^^^^^^^^^^^^^^^^^^^^^^^^^^^^^^^^^^^^^^^^^^^^^^^^^^^^^
2025 Feb 11 02:36:55.363884 sonic INFO featured[8571]:   File "/usr/local/bin/featured", line 136, in __init__
2025 Feb 11 02:36:55.363981 sonic INFO featured[8571]:     self._device_running_config = device_info.get_device_runtime_metadata()
2025 Feb 11 02:36:55.364018 sonic INFO featured[8571]:                                   ^^^^^^^^^^^^^^^^^^^^^^^^^^^^^^^^^^^^^^^^^
2025 Feb 11 02:36:55.364035 sonic INFO featured[8571]:   File "/usr/local/lib/python3.11/dist-packages/sonic_py_common/device_info.py", line 680, in get_device_runtime_metadata
2025 Feb 11 02:36:55.364198 sonic INFO featured[8571]:     port_metadata = {'ETHERNET_PORTS_PRESENT': True if get_path_to_port_config_file(hwsku=None, asic="0" if is_multi_npu() else None) else False}
2025 Feb 11 02:36:55.364287 sonic INFO featured[8571]:                                                        ^^^^^^^^^^^^^^^^^^^^^^^^^^^^^^^^^^^^^^^^^^^^^^^^^^^^^^^^^^^^^^^^^^^^^^^^^^^^^^
2025 Feb 11 02:36:55.364321 sonic INFO featured[8571]:   File "/usr/local/lib/python3.11/dist-packages/sonic_py_common/device_info.py", line 446, in get_path_to_port_config_file
2025 Feb 11 02:36:55.364436 sonic INFO featured[8571]:     (platform_path, hwsku_path) = get_paths_to_platform_and_hwsku_dirs()
2025 Feb 11 02:36:55.364470 sonic INFO featured[8571]:                                   ^^^^^^^^^^^^^^^^^^^^^^^^^^^^^^^^^^^^^^
2025 Feb 11 02:36:55.364495 sonic INFO featured[8571]:   File "/usr/local/lib/python3.11/dist-packages/sonic_py_common/device_info.py", line 412, in get_paths_to_platform_and_hwsku_dirs
2025 Feb 11 02:36:55.364597 sonic INFO featured[8571]:     hwsku_path = os.path.join(platform_path, hwsku)
2025 Feb 11 02:36:55.364643 sonic INFO featured[8571]:                  ^^^^^^^^^^^^^^^^^^^^^^^^^^^^^^^^^^
2025 Feb 11 02:36:55.364675 sonic INFO featured[8571]:   File "<frozen posixpath>", line 90, in join
2025 Feb 11 02:36:55.364691 sonic INFO featured[8571]:   File "<frozen genericpath>", line 152, in _check_arg_types
2025 Feb 11 02:36:55.364721 sonic INFO featured[8571]: TypeError: join() argument must be str, bytes, or os.PathLike object, not 'NoneType'
2025 Feb 11 02:36:55.385439 sonic NOTICE systemd[1]: featured.service: Main process exited, code=exited, status=1/FAILURE
2025 Feb 11 02:36:55.385670 sonic WARNING systemd[1]: featured.service: Failed with result 'exit-code'.
2025 Feb 11 02:36:55.402668 sonic INFO systemd[1]: Started featured.service - Feature configuration daemon.
2025 Feb 11 02:36:55.532107 sonic INFO featured: ConfigDB connect success
2025 Feb 11 02:36:55.535974 sonic INFO featured[8572]: Traceback (most recent call last):
2025 Feb 11 02:36:55.536027 sonic INFO featured[8572]:   File "/usr/local/bin/featured", line 598, in <module>
2025 Feb 11 02:36:55.536130 sonic INFO featured[8572]:     main()
2025 Feb 11 02:36:55.536169 sonic INFO featured[8572]:   File "/usr/local/bin/featured", line 591, in main
2025 Feb 11 02:36:55.536317 sonic INFO featured[8572]:     daemon = FeatureDaemon()
2025 Feb 11 02:36:55.536350 sonic INFO featured[8572]:              ^^^^^^^^^^^^^^^
2025 Feb 11 02:36:55.536372 sonic INFO featured[8572]:   File "/usr/local/bin/featured", line 529, in __init__
2025 Feb 11 02:36:55.536444 sonic INFO featured[8572]:     self.feature_handler = FeatureHandler(self.config_db, feature_state_table, self.device_config, self.advanced_boot)
2025 Feb 11 02:36:55.536481 sonic INFO featured[8572]:                            ^^^^^^^^^^^^^^^^^^^^^^^^^^^^^^^^^^^^^^^^^^^^^^^^^^^^^^^^^^^^^^^^^^^^^^^^^^^^^^^^^^^^^^^^^^^
2025 Feb 11 02:36:55.536499 sonic INFO featured[8572]:   File "/usr/local/bin/featured", line 136, in __init__
2025 Feb 11 02:36:55.536540 sonic INFO featured[8572]:     self._device_running_config = device_info.get_device_runtime_metadata()
2025 Feb 11 02:36:55.536573 sonic INFO featured[8572]:                                   ^^^^^^^^^^^^^^^^^^^^^^^^^^^^^^^^^^^^^^^^^
2025 Feb 11 02:36:55.536591 sonic INFO featured[8572]:   File "/usr/local/lib/python3.11/dist-packages/sonic_py_common/device_info.py", line 680, in get_device_runtime_metadata
2025 Feb 11 02:36:55.536704 sonic INFO featured[8572]:     port_metadata = {'ETHERNET_PORTS_PRESENT': True if get_path_to_port_config_file(hwsku=None, asic="0" if is_multi_npu() else None) else False}
2025 Feb 11 02:36:55.536743 sonic INFO featured[8572]:                                                        ^^^^^^^^^^^^^^^^^^^^^^^^^^^^^^^^^^^^^^^^^^^^^^^^^^^^^^^^^^^^^^^^^^^^^^^^^^^^^^
2025 Feb 11 02:36:55.536759 sonic INFO featured[8572]:   File "/usr/local/lib/python3.11/dist-packages/sonic_py_common/device_info.py", line 446, in get_path_to_port_config_file
2025 Feb 11 02:36:55.536823 sonic INFO featured[8572]:     (platform_path, hwsku_path) = get_paths_to_platform_and_hwsku_dirs()
2025 Feb 11 02:36:55.536855 sonic INFO featured[8572]:                                   ^^^^^^^^^^^^^^^^^^^^^^^^^^^^^^^^^^^^^^
2025 Feb 11 02:36:55.536872 sonic INFO featured[8572]:   File "/usr/local/lib/python3.11/dist-packages/sonic_py_common/device_info.py", line 412, in get_paths_to_platform_and_hwsku_dirs
2025 Feb 11 02:36:55.536927 sonic INFO featured[8572]:     hwsku_path = os.path.join(platform_path, hwsku)
2025 Feb 11 02:36:55.536966 sonic INFO featured[8572]:                  ^^^^^^^^^^^^^^^^^^^^^^^^^^^^^^^^^^
2025 Feb 11 02:36:55.536992 sonic INFO featured[8572]:   File "<frozen posixpath>", line 90, in join
2025 Feb 11 02:36:55.537008 sonic INFO featured[8572]:   File "<frozen genericpath>", line 152, in _check_arg_types
2025 Feb 11 02:36:55.537032 sonic INFO featured[8572]: TypeError: join() argument must be str, bytes, or os.PathLike object, not 'NoneType'
2025 Feb 11 02:36:55.554874 sonic NOTICE systemd[1]: featured.service: Main process exited, code=exited, status=1/FAILURE
2025 Feb 11 02:36:55.555113 sonic WARNING systemd[1]: featured.service: Failed with result 'exit-code'.
2025 Feb 11 02:36:55.580858 sonic INFO systemd[1]: Started featured.service - Feature configuration daemon.
2025 Feb 11 02:36:55.722908 sonic INFO featured: ConfigDB connect success
2025 Feb 11 02:36:55.727046 sonic INFO featured[8573]: Traceback (most recent call last):
2025 Feb 11 02:36:55.727099 sonic INFO featured[8573]:   File "/usr/local/bin/featured", line 598, in <module>
2025 Feb 11 02:36:55.727265 sonic INFO featured[8573]:     main()
2025 Feb 11 02:36:55.727305 sonic INFO featured[8573]:   File "/usr/local/bin/featured", line 591, in main
2025 Feb 11 02:36:55.727452 sonic INFO featured[8573]:     daemon = FeatureDaemon()
2025 Feb 11 02:36:55.727491 sonic INFO featured[8573]:              ^^^^^^^^^^^^^^^
2025 Feb 11 02:36:55.727508 sonic INFO featured[8573]:   File "/usr/local/bin/featured", line 529, in __init__
2025 Feb 11 02:36:55.727577 sonic INFO featured[8573]:     self.feature_handler = FeatureHandler(self.config_db, feature_state_table, self.device_config, self.advanced_boot)
2025 Feb 11 02:36:55.727614 sonic INFO featured[8573]:                            ^^^^^^^^^^^^^^^^^^^^^^^^^^^^^^^^^^^^^^^^^^^^^^^^^^^^^^^^^^^^^^^^^^^^^^^^^^^^^^^^^^^^^^^^^^^
2025 Feb 11 02:36:55.727632 sonic INFO featured[8573]:   File "/usr/local/bin/featured", line 136, in __init__
2025 Feb 11 02:36:55.727683 sonic INFO featured[8573]:     self._device_running_config = device_info.get_device_runtime_metadata()
2025 Feb 11 02:36:55.727715 sonic INFO featured[8573]:                                   ^^^^^^^^^^^^^^^^^^^^^^^^^^^^^^^^^^^^^^^^^
2025 Feb 11 02:36:55.727732 sonic INFO featured[8573]:   File "/usr/local/lib/python3.11/dist-packages/sonic_py_common/device_info.py", line 680, in get_device_runtime_metadata
2025 Feb 11 02:36:55.727849 sonic INFO featured[8573]:     port_metadata = {'ETHERNET_PORTS_PRESENT': True if get_path_to_port_config_file(hwsku=None, asic="0" if is_multi_npu() else None) else False}
2025 Feb 11 02:36:55.727887 sonic INFO featured[8573]:                                                        ^^^^^^^^^^^^^^^^^^^^^^^^^^^^^^^^^^^^^^^^^^^^^^^^^^^^^^^^^^^^^^^^^^^^^^^^^^^^^^
2025 Feb 11 02:36:55.727904 sonic INFO featured[8573]:   File "/usr/local/lib/python3.11/dist-packages/sonic_py_common/device_info.py", line 446, in get_path_to_port_config_file
2025 Feb 11 02:36:55.727975 sonic INFO featured[8573]:     (platform_path, hwsku_path) = get_paths_to_platform_and_hwsku_dirs()
2025 Feb 11 02:36:55.728013 sonic INFO featured[8573]:                                   ^^^^^^^^^^^^^^^^^^^^^^^^^^^^^^^^^^^^^^
2025 Feb 11 02:36:55.728029 sonic INFO featured[8573]:   File "/usr/local/lib/python3.11/dist-packages/sonic_py_common/device_info.py", line 412, in get_paths_to_platform_and_hwsku_dirs
2025 Feb 11 02:36:55.728088 sonic INFO featured[8573]:     hwsku_path = os.path.join(platform_path, hwsku)
2025 Feb 11 02:36:55.728121 sonic INFO featured[8573]:                  ^^^^^^^^^^^^^^^^^^^^^^^^^^^^^^^^^^
2025 Feb 11 02:36:55.728138 sonic INFO featured[8573]:   File "<frozen posixpath>", line 90, in join
2025 Feb 11 02:36:55.728154 sonic INFO featured[8573]:   File "<frozen genericpath>", line 152, in _check_arg_types
2025 Feb 11 02:36:55.728175 sonic INFO featured[8573]: TypeError: join() argument must be str, bytes, or os.PathLike object, not 'NoneType'
2025 Feb 11 02:36:55.746743 sonic NOTICE systemd[1]: featured.service: Main process exited, code=exited, status=1/FAILURE
2025 Feb 11 02:36:55.746901 sonic WARNING systemd[1]: featured.service: Failed with result 'exit-code'.
2025 Feb 11 02:36:55.748758 sonic WARNING systemd[1]: featured.service: Start request repeated too quickly.
2025 Feb 11 02:36:55.748809 sonic WARNING systemd[1]: featured.service: Failed with result 'exit-code'.
2025 Feb 11 02:36:55.748884 sonic ERR systemd[1]: Failed to start featured.service - Feature configuration daemon.
2025 Feb 11 02:36:58.282790 sonic WARNING systemd[1]: featured.service: Start request repeated too quickly.
2025 Feb 11 02:36:58.283217 sonic WARNING systemd[1]: featured.service: Failed with result 'exit-code'.
2025 Feb 11 02:36:58.283317 sonic ERR systemd[1]: Failed to start featured.service - Feature configuration daemon.
2025 Feb 11 02:37:08.332385 sonic INFO systemd[1]: Started featured.service - Feature configuration daemon.
2025 Feb 11 02:37:08.480112 sonic INFO featured: ConfigDB connect success
2025 Feb 11 02:37:08.484109 sonic INFO featured[8604]: Traceback (most recent call last):
2025 Feb 11 02:37:08.484155 sonic INFO featured[8604]:   File "/usr/local/bin/featured", line 598, in <module>
2025 Feb 11 02:37:08.484347 sonic INFO featured[8604]:     main()
2025 Feb 11 02:37:08.484385 sonic INFO featured[8604]:   File "/usr/local/bin/featured", line 591, in main
2025 Feb 11 02:37:08.484513 sonic INFO featured[8604]:     daemon = FeatureDaemon()
2025 Feb 11 02:37:08.484545 sonic INFO featured[8604]:              ^^^^^^^^^^^^^^^
2025 Feb 11 02:37:08.484574 sonic INFO featured[8604]:   File "/usr/local/bin/featured", line 529, in __init__
2025 Feb 11 02:37:08.484627 sonic INFO featured[8604]:     self.feature_handler = FeatureHandler(self.config_db, feature_state_table, self.device_config, self.advanced_boot)
2025 Feb 11 02:37:08.484662 sonic INFO featured[8604]:                            ^^^^^^^^^^^^^^^^^^^^^^^^^^^^^^^^^^^^^^^^^^^^^^^^^^^^^^^^^^^^^^^^^^^^^^^^^^^^^^^^^^^^^^^^^^^
2025 Feb 11 02:37:08.484684 sonic INFO featured[8604]:   File "/usr/local/bin/featured", line 136, in __init__
2025 Feb 11 02:37:08.484731 sonic INFO featured[8604]:     self._device_running_config = device_info.get_device_runtime_metadata()
2025 Feb 11 02:37:08.484762 sonic INFO featured[8604]:                                   ^^^^^^^^^^^^^^^^^^^^^^^^^^^^^^^^^^^^^^^^^
2025 Feb 11 02:37:08.484779 sonic INFO featured[8604]:   File "/usr/local/lib/python3.11/dist-packages/sonic_py_common/device_info.py", line 680, in get_device_runtime_metadata
2025 Feb 11 02:37:08.484893 sonic INFO featured[8604]:     port_metadata = {'ETHERNET_PORTS_PRESENT': True if get_path_to_port_config_file(hwsku=None, asic="0" if is_multi_npu() else None) else False}
2025 Feb 11 02:37:08.484931 sonic INFO featured[8604]:                                                        ^^^^^^^^^^^^^^^^^^^^^^^^^^^^^^^^^^^^^^^^^^^^^^^^^^^^^^^^^^^^^^^^^^^^^^^^^^^^^^
2025 Feb 11 02:37:08.484948 sonic INFO featured[8604]:   File "/usr/local/lib/python3.11/dist-packages/sonic_py_common/device_info.py", line 446, in get_path_to_port_config_file
2025 Feb 11 02:37:08.485013 sonic INFO featured[8604]:     (platform_path, hwsku_path) = get_paths_to_platform_and_hwsku_dirs()
2025 Feb 11 02:37:08.485044 sonic INFO featured[8604]:                                   ^^^^^^^^^^^^^^^^^^^^^^^^^^^^^^^^^^^^^^
2025 Feb 11 02:37:08.485060 sonic INFO featured[8604]:   File "/usr/local/lib/python3.11/dist-packages/sonic_py_common/device_info.py", line 412, in get_paths_to_platform_and_hwsku_dirs
2025 Feb 11 02:37:08.485118 sonic INFO featured[8604]:     hwsku_path = os.path.join(platform_path, hwsku)
2025 Feb 11 02:37:08.485150 sonic INFO featured[8604]:                  ^^^^^^^^^^^^^^^^^^^^^^^^^^^^^^^^^^
2025 Feb 11 02:37:08.485167 sonic INFO featured[8604]:   File "<frozen posixpath>", line 90, in join
2025 Feb 11 02:37:08.485183 sonic INFO featured[8604]:   File "<frozen genericpath>", line 152, in _check_arg_types
2025 Feb 11 02:37:08.485208 sonic INFO featured[8604]: TypeError: join() argument must be str, bytes, or os.PathLike object, not 'NoneType'
2025 Feb 11 02:37:08.503968 sonic NOTICE systemd[1]: featured.service: Main process exited, code=exited, status=1/FAILURE
2025 Feb 11 02:37:08.504104 sonic WARNING systemd[1]: featured.service: Failed with result 'exit-code'.
2025 Feb 11 02:37:08.535608 sonic INFO systemd[1]: Started featured.service - Feature configuration daemon.
2025 Feb 11 02:37:08.686595 sonic INFO featured: ConfigDB connect success
2025 Feb 11 02:37:08.690720 sonic INFO featured[8605]: Traceback (most recent call last):
2025 Feb 11 02:37:08.690771 sonic INFO featured[8605]:   File "/usr/local/bin/featured", line 598, in <module>
2025 Feb 11 02:37:08.690914 sonic INFO featured[8605]:     main()
2025 Feb 11 02:37:08.690953 sonic INFO featured[8605]:   File "/usr/local/bin/featured", line 591, in main
2025 Feb 11 02:37:08.691076 sonic INFO featured[8605]:     daemon = FeatureDaemon()
2025 Feb 11 02:37:08.691119 sonic INFO featured[8605]:              ^^^^^^^^^^^^^^^
2025 Feb 11 02:37:08.691136 sonic INFO featured[8605]:   File "/usr/local/bin/featured", line 529, in __init__
2025 Feb 11 02:37:08.691215 sonic INFO featured[8605]:     self.feature_handler = FeatureHandler(self.config_db, feature_state_table, self.device_config, self.advanced_boot)
2025 Feb 11 02:37:08.691253 sonic INFO featured[8605]:                            ^^^^^^^^^^^^^^^^^^^^^^^^^^^^^^^^^^^^^^^^^^^^^^^^^^^^^^^^^^^^^^^^^^^^^^^^^^^^^^^^^^^^^^^^^^^
2025 Feb 11 02:37:08.691286 sonic INFO featured[8605]:   File "/usr/local/bin/featured", line 136, in __init__
2025 Feb 11 02:37:08.691333 sonic INFO featured[8605]:     self._device_running_config = device_info.get_device_runtime_metadata()
2025 Feb 11 02:37:08.691368 sonic INFO featured[8605]:                                   ^^^^^^^^^^^^^^^^^^^^^^^^^^^^^^^^^^^^^^^^^
2025 Feb 11 02:37:08.691385 sonic INFO featured[8605]:   File "/usr/local/lib/python3.11/dist-packages/sonic_py_common/device_info.py", line 680, in get_device_runtime_metadata
2025 Feb 11 02:37:08.691499 sonic INFO featured[8605]:     port_metadata = {'ETHERNET_PORTS_PRESENT': True if get_path_to_port_config_file(hwsku=None, asic="0" if is_multi_npu() else None) else False}
2025 Feb 11 02:37:08.691537 sonic INFO featured[8605]:                                                        ^^^^^^^^^^^^^^^^^^^^^^^^^^^^^^^^^^^^^^^^^^^^^^^^^^^^^^^^^^^^^^^^^^^^^^^^^^^^^^
2025 Feb 11 02:37:08.691554 sonic INFO featured[8605]:   File "/usr/local/lib/python3.11/dist-packages/sonic_py_common/device_info.py", line 446, in get_path_to_port_config_file
2025 Feb 11 02:37:08.691624 sonic INFO featured[8605]:     (platform_path, hwsku_path) = get_paths_to_platform_and_hwsku_dirs()
2025 Feb 11 02:37:08.691664 sonic INFO featured[8605]:                                   ^^^^^^^^^^^^^^^^^^^^^^^^^^^^^^^^^^^^^^
2025 Feb 11 02:37:08.691690 sonic INFO featured[8605]:   File "/usr/local/lib/python3.11/dist-packages/sonic_py_common/device_info.py", line 412, in get_paths_to_platform_and_hwsku_dirs
2025 Feb 11 02:37:08.691737 sonic INFO featured[8605]:     hwsku_path = os.path.join(platform_path, hwsku)
2025 Feb 11 02:37:08.691771 sonic INFO featured[8605]:                  ^^^^^^^^^^^^^^^^^^^^^^^^^^^^^^^^^^
2025 Feb 11 02:37:08.691788 sonic INFO featured[8605]:   File "<frozen posixpath>", line 90, in join
2025 Feb 11 02:37:08.691804 sonic INFO featured[8605]:   File "<frozen genericpath>", line 152, in _check_arg_types
2025 Feb 11 02:37:08.691821 sonic INFO featured[8605]: TypeError: join() argument must be str, bytes, or os.PathLike object, not 'NoneType'
2025 Feb 11 02:37:08.710966 sonic NOTICE systemd[1]: featured.service: Main process exited, code=exited, status=1/FAILURE
2025 Feb 11 02:37:08.711103 sonic WARNING systemd[1]: featured.service: Failed with result 'exit-code'.
2025 Feb 11 02:37:08.751598 sonic INFO systemd[1]: Started featured.service - Feature configuration daemon.
2025 Feb 11 02:37:08.903077 sonic INFO featured: ConfigDB connect success
2025 Feb 11 02:37:08.907072 sonic INFO featured[8606]: Traceback (most recent call last):
2025 Feb 11 02:37:08.907120 sonic INFO featured[8606]:   File "/usr/local/bin/featured", line 598, in <module>
2025 Feb 11 02:37:08.907255 sonic INFO featured[8606]:     main()
2025 Feb 11 02:37:08.907315 sonic INFO featured[8606]:   File "/usr/local/bin/featured", line 591, in main
2025 Feb 11 02:37:08.907440 sonic INFO featured[8606]:     daemon = FeatureDaemon()
2025 Feb 11 02:37:08.907478 sonic INFO featured[8606]:              ^^^^^^^^^^^^^^^
2025 Feb 11 02:37:08.907503 sonic INFO featured[8606]:   File "/usr/local/bin/featured", line 529, in __init__
2025 Feb 11 02:37:08.907558 sonic INFO featured[8606]:     self.feature_handler = FeatureHandler(self.config_db, feature_state_table, self.device_config, self.advanced_boot)
2025 Feb 11 02:37:08.907607 sonic INFO featured[8606]:                            ^^^^^^^^^^^^^^^^^^^^^^^^^^^^^^^^^^^^^^^^^^^^^^^^^^^^^^^^^^^^^^^^^^^^^^^^^^^^^^^^^^^^^^^^^^^
2025 Feb 11 02:37:08.907632 sonic INFO featured[8606]:   File "/usr/local/bin/featured", line 136, in __init__
2025 Feb 11 02:37:08.907662 sonic INFO featured[8606]:     self._device_running_config = device_info.get_device_runtime_metadata()
2025 Feb 11 02:37:08.907693 sonic INFO featured[8606]:                                   ^^^^^^^^^^^^^^^^^^^^^^^^^^^^^^^^^^^^^^^^^
2025 Feb 11 02:37:08.907718 sonic INFO featured[8606]:   File "/usr/local/lib/python3.11/dist-packages/sonic_py_common/device_info.py", line 680, in get_device_runtime_metadata
2025 Feb 11 02:37:08.907824 sonic INFO featured[8606]:     port_metadata = {'ETHERNET_PORTS_PRESENT': True if get_path_to_port_config_file(hwsku=None, asic="0" if is_multi_npu() else None) else False}
2025 Feb 11 02:37:08.907862 sonic INFO featured[8606]:                                                        ^^^^^^^^^^^^^^^^^^^^^^^^^^^^^^^^^^^^^^^^^^^^^^^^^^^^^^^^^^^^^^^^^^^^^^^^^^^^^^
2025 Feb 11 02:37:08.907899 sonic INFO featured[8606]:   File "/usr/local/lib/python3.11/dist-packages/sonic_py_common/device_info.py", line 446, in get_path_to_port_config_file
2025 Feb 11 02:37:08.907943 sonic INFO featured[8606]:     (platform_path, hwsku_path) = get_paths_to_platform_and_hwsku_dirs()
2025 Feb 11 02:37:08.907973 sonic INFO featured[8606]:                                   ^^^^^^^^^^^^^^^^^^^^^^^^^^^^^^^^^^^^^^
2025 Feb 11 02:37:08.907998 sonic INFO featured[8606]:   File "/usr/local/lib/python3.11/dist-packages/sonic_py_common/device_info.py", line 412, in get_paths_to_platform_and_hwsku_dirs
2025 Feb 11 02:37:08.908048 sonic INFO featured[8606]:     hwsku_path = os.path.join(platform_path, hwsku)
2025 Feb 11 02:37:08.908081 sonic INFO featured[8606]:                  ^^^^^^^^^^^^^^^^^^^^^^^^^^^^^^^^^^
2025 Feb 11 02:37:08.908106 sonic INFO featured[8606]:   File "<frozen posixpath>", line 90, in join
2025 Feb 11 02:37:08.908130 sonic INFO featured[8606]:   File "<frozen genericpath>", line 152, in _check_arg_types
2025 Feb 11 02:37:08.908153 sonic INFO featured[8606]: TypeError: join() argument must be str, bytes, or os.PathLike object, not 'NoneType'
2025 Feb 11 02:37:08.929931 sonic NOTICE systemd[1]: featured.service: Main process exited, code=exited, status=1/FAILURE
2025 Feb 11 02:37:08.931075 sonic WARNING systemd[1]: featured.service: Failed with result 'exit-code'.
2025 Feb 11 02:37:08.986939 sonic INFO systemd[1]: Started featured.service - Feature configuration daemon.
2025 Feb 11 02:37:09.121302 sonic INFO featured: ConfigDB connect success
2025 Feb 11 02:37:09.125283 sonic INFO featured[8609]: Traceback (most recent call last):
2025 Feb 11 02:37:09.125334 sonic INFO featured[8609]:   File "/usr/local/bin/featured", line 598, in <module>
2025 Feb 11 02:37:09.125493 sonic INFO featured[8609]:     main()
2025 Feb 11 02:37:09.125530 sonic INFO featured[8609]:   File "/usr/local/bin/featured", line 591, in main
2025 Feb 11 02:37:09.125719 sonic INFO featured[8609]:     daemon = FeatureDaemon()
2025 Feb 11 02:37:09.125759 sonic INFO featured[8609]:              ^^^^^^^^^^^^^^^
2025 Feb 11 02:37:09.125776 sonic INFO featured[8609]:   File "/usr/local/bin/featured", line 529, in __init__
2025 Feb 11 02:37:09.125860 sonic INFO featured[8609]:     self.feature_handler = FeatureHandler(self.config_db, feature_state_table, self.device_config, self.advanced_boot)
2025 Feb 11 02:37:09.125898 sonic INFO featured[8609]:                            ^^^^^^^^^^^^^^^^^^^^^^^^^^^^^^^^^^^^^^^^^^^^^^^^^^^^^^^^^^^^^^^^^^^^^^^^^^^^^^^^^^^^^^^^^^^
2025 Feb 11 02:37:09.125915 sonic INFO featured[8609]:   File "/usr/local/bin/featured", line 136, in __init__
2025 Feb 11 02:37:09.125945 sonic INFO featured[8609]:     self._device_running_config = device_info.get_device_runtime_metadata()
2025 Feb 11 02:37:09.125976 sonic INFO featured[8609]:                                   ^^^^^^^^^^^^^^^^^^^^^^^^^^^^^^^^^^^^^^^^^
2025 Feb 11 02:37:09.126000 sonic INFO featured[8609]:   File "/usr/local/lib/python3.11/dist-packages/sonic_py_common/device_info.py", line 680, in get_device_runtime_metadata
2025 Feb 11 02:37:09.126082 sonic INFO featured[8609]:     port_metadata = {'ETHERNET_PORTS_PRESENT': True if get_path_to_port_config_file(hwsku=None, asic="0" if is_multi_npu() else None) else False}
2025 Feb 11 02:37:09.126133 sonic INFO featured[8609]:                                                        ^^^^^^^^^^^^^^^^^^^^^^^^^^^^^^^^^^^^^^^^^^^^^^^^^^^^^^^^^^^^^^^^^^^^^^^^^^^^^^
2025 Feb 11 02:37:09.126168 sonic INFO featured[8609]:   File "/usr/local/lib/python3.11/dist-packages/sonic_py_common/device_info.py", line 446, in get_path_to_port_config_file
2025 Feb 11 02:37:09.126224 sonic INFO featured[8609]:     (platform_path, hwsku_path) = get_paths_to_platform_and_hwsku_dirs()
2025 Feb 11 02:37:09.126256 sonic INFO featured[8609]:                                   ^^^^^^^^^^^^^^^^^^^^^^^^^^^^^^^^^^^^^^
2025 Feb 11 02:37:09.126293 sonic INFO featured[8609]:   File "/usr/local/lib/python3.11/dist-packages/sonic_py_common/device_info.py", line 412, in get_paths_to_platform_and_hwsku_dirs
2025 Feb 11 02:37:09.126358 sonic INFO featured[8609]:     hwsku_path = os.path.join(platform_path, hwsku)
2025 Feb 11 02:37:09.126390 sonic INFO featured[8609]:                  ^^^^^^^^^^^^^^^^^^^^^^^^^^^^^^^^^^
2025 Feb 11 02:37:09.126416 sonic INFO featured[8609]:   File "<frozen posixpath>", line 90, in join
2025 Feb 11 02:37:09.126440 sonic INFO featured[8609]:   File "<frozen genericpath>", line 152, in _check_arg_types
2025 Feb 11 02:37:09.126469 sonic INFO featured[8609]: TypeError: join() argument must be str, bytes, or os.PathLike object, not 'NoneType'
2025 Feb 11 02:37:09.144967 sonic NOTICE systemd[1]: featured.service: Main process exited, code=exited, status=1/FAILURE
2025 Feb 11 02:37:09.145157 sonic WARNING systemd[1]: featured.service: Failed with result 'exit-code'.
2025 Feb 11 02:37:09.182474 sonic INFO systemd[1]: Started featured.service - Feature configuration daemon.
2025 Feb 11 02:37:09.322123 sonic INFO featured: ConfigDB connect success
2025 Feb 11 02:37:09.326317 sonic INFO featured[8611]: Traceback (most recent call last):
2025 Feb 11 02:37:09.326367 sonic INFO featured[8611]:   File "/usr/local/bin/featured", line 598, in <module>
2025 Feb 11 02:37:09.326597 sonic INFO featured[8611]:     main()
2025 Feb 11 02:37:09.326636 sonic INFO featured[8611]:   File "/usr/local/bin/featured", line 591, in main
2025 Feb 11 02:37:09.326812 sonic INFO featured[8611]:     daemon = FeatureDaemon()
2025 Feb 11 02:37:09.326852 sonic INFO featured[8611]:              ^^^^^^^^^^^^^^^
2025 Feb 11 02:37:09.326868 sonic INFO featured[8611]:   File "/usr/local/bin/featured", line 529, in __init__
2025 Feb 11 02:37:09.327009 sonic INFO featured[8611]:     self.feature_handler = FeatureHandler(self.config_db, feature_state_table, self.device_config, self.advanced_boot)
2025 Feb 11 02:37:09.327051 sonic INFO featured[8611]:                            ^^^^^^^^^^^^^^^^^^^^^^^^^^^^^^^^^^^^^^^^^^^^^^^^^^^^^^^^^^^^^^^^^^^^^^^^^^^^^^^^^^^^^^^^^^^
2025 Feb 11 02:37:09.327068 sonic INFO featured[8611]:   File "/usr/local/bin/featured", line 136, in __init__
2025 Feb 11 02:37:09.327176 sonic INFO featured[8611]:     self._device_running_config = device_info.get_device_runtime_metadata()
2025 Feb 11 02:37:09.327213 sonic INFO featured[8611]:                                   ^^^^^^^^^^^^^^^^^^^^^^^^^^^^^^^^^^^^^^^^^
2025 Feb 11 02:37:09.327230 sonic INFO featured[8611]:   File "/usr/local/lib/python3.11/dist-packages/sonic_py_common/device_info.py", line 680, in get_device_runtime_metadata
2025 Feb 11 02:37:09.327431 sonic INFO featured[8611]:     port_metadata = {'ETHERNET_PORTS_PRESENT': True if get_path_to_port_config_file(hwsku=None, asic="0" if is_multi_npu() else None) else False}
2025 Feb 11 02:37:09.327486 sonic INFO featured[8611]:                                                        ^^^^^^^^^^^^^^^^^^^^^^^^^^^^^^^^^^^^^^^^^^^^^^^^^^^^^^^^^^^^^^^^^^^^^^^^^^^^^^
2025 Feb 11 02:37:09.327510 sonic INFO featured[8611]:   File "/usr/local/lib/python3.11/dist-packages/sonic_py_common/device_info.py", line 446, in get_path_to_port_config_file
2025 Feb 11 02:37:09.327724 sonic INFO featured[8611]:     (platform_path, hwsku_path) = get_paths_to_platform_and_hwsku_dirs()
2025 Feb 11 02:37:09.327788 sonic INFO featured[8611]:                                   ^^^^^^^^^^^^^^^^^^^^^^^^^^^^^^^^^^^^^^
2025 Feb 11 02:37:09.327816 sonic INFO featured[8611]:   File "/usr/local/lib/python3.11/dist-packages/sonic_py_common/device_info.py", line 412, in get_paths_to_platform_and_hwsku_dirs
2025 Feb 11 02:37:09.327879 sonic INFO featured[8611]:     hwsku_path = os.path.join(platform_path, hwsku)
2025 Feb 11 02:37:09.327918 sonic INFO featured[8611]:                  ^^^^^^^^^^^^^^^^^^^^^^^^^^^^^^^^^^
2025 Feb 11 02:37:09.327935 sonic INFO featured[8611]:   File "<frozen posixpath>", line 90, in join
2025 Feb 11 02:37:09.327963 sonic INFO featured[8611]:   File "<frozen genericpath>", line 152, in _check_arg_types
2025 Feb 11 02:37:09.328006 sonic INFO featured[8611]: TypeError: join() argument must be str, bytes, or os.PathLike object, not 'NoneType'
2025 Feb 11 02:37:09.346709 sonic NOTICE systemd[1]: featured.service: Main process exited, code=exited, status=1/FAILURE
2025 Feb 11 02:37:09.346789 sonic WARNING systemd[1]: featured.service: Failed with result 'exit-code'.
2025 Feb 11 02:37:09.348350 sonic WARNING systemd[1]: featured.service: Start request repeated too quickly.
2025 Feb 11 02:37:09.348410 sonic WARNING systemd[1]: featured.service: Failed with result 'exit-code'.
2025 Feb 11 02:37:09.348454 sonic ERR systemd[1]: Failed to start featured.service - Feature configuration daemon.
2025 Feb 11 02:37:10.278626 sonic WARNING systemd[1]: featured.service: Start request repeated too quickly.
2025 Feb 11 02:37:10.278890 sonic WARNING systemd[1]: featured.service: Failed with result 'exit-code'.
2025 Feb 11 02:37:10.278962 sonic ERR systemd[1]: Failed to start featured.service - Feature configuration daemon.
2025 Feb 11 02:37:10.782565 sonic INFO systemd[1]: caclmgrd.service: Scheduled restart job, restart counter is at 20.
2025 Feb 11 02:37:10.782822 sonic INFO systemd[1]: Stopped caclmgrd.service - Control Plane ACL configuration daemon.
2025 Feb 11 02:37:10.822211 sonic INFO systemd[1]: Started caclmgrd.service - Control Plane ACL configuration daemon.
2025 Feb 11 02:37:10.822628 sonic WARNING systemd[1]: featured.service: Start request repeated too quickly.
2025 Feb 11 02:37:10.822677 sonic WARNING systemd[1]: featured.service: Failed with result 'exit-code'.
2025 Feb 11 02:37:10.822800 sonic ERR systemd[1]: Failed to start featured.service - Feature configuration daemon.
2025 Feb 11 02:37:10.824419 sonic WARNING systemd[1]: featured.service: Start request repeated too quickly.
2025 Feb 11 02:37:10.824464 sonic WARNING systemd[1]: featured.service: Failed with result 'exit-code'.
2025 Feb 11 02:37:10.824544 sonic ERR systemd[1]: Failed to start featured.service - Feature configuration daemon.
2025 Feb 11 02:37:10.936593 sonic INFO caclmgrd[8615]: Traceback (most recent call last):
2025 Feb 11 02:37:10.936692 sonic INFO caclmgrd[8615]:   File "/usr/local/bin/caclmgrd", line 1146, in <module>
2025 Feb 11 02:37:10.936724 sonic INFO caclmgrd[8615]:     main()
2025 Feb 11 02:37:10.936741 sonic INFO caclmgrd[8615]:   File "/usr/local/bin/caclmgrd", line 1137, in main
2025 Feb 11 02:37:10.936770 sonic INFO caclmgrd[8615]:     caclmgr = ControlPlaneAclManager(SYSLOG_IDENTIFIER)
2025 Feb 11 02:37:10.936786 sonic INFO caclmgrd[8615]:               ^^^^^^^^^^^^^^^^^^^^^^^^^^^^^^^^^^^^^^^^^
2025 Feb 11 02:37:10.936812 sonic INFO caclmgrd[8615]:   File "/usr/local/bin/caclmgrd", line 156, in __init__
2025 Feb 11 02:37:10.936843 sonic INFO caclmgrd[8615]:     if 'subtype' in metadata['localhost'] and metadata['localhost']['subtype'] == 'DualToR':
2025 Feb 11 02:37:10.936871 sonic INFO caclmgrd[8615]:                     ~~~~~~~~^^^^^^^^^^^^^
2025 Feb 11 02:37:10.936887 sonic INFO caclmgrd[8615]: KeyError: 'localhost'
2025 Feb 11 02:37:10.948505 sonic NOTICE systemd[1]: caclmgrd.service: Main process exited, code=exited, status=1/FAILURE
2025 Feb 11 02:37:10.948695 sonic WARNING systemd[1]: caclmgrd.service: Failed with result 'exit-code'.
2025 Feb 11 02:37:10.950489 sonic WARNING systemd[1]: featured.service: Start request repeated too quickly.
2025 Feb 11 02:37:10.950537 sonic WARNING systemd[1]: featured.service: Failed with result 'exit-code'.
2025 Feb 11 02:37:10.950640 sonic ERR systemd[1]: Failed to start featured.service - Feature configuration daemon.
2025 Feb 11 02:37:26.178946 sonic INFO systemd[1]: Started featured.service - Feature configuration daemon.
2025 Feb 11 02:37:26.321108 sonic INFO featured: ConfigDB connect success
2025 Feb 11 02:37:26.331068 sonic INFO featured[8680]: Traceback (most recent call last):
2025 Feb 11 02:37:26.331304 sonic INFO featured[8680]:   File "/usr/local/bin/featured", line 598, in <module>
2025 Feb 11 02:37:26.331350 sonic INFO featured[8680]:     main()
2025 Feb 11 02:37:26.331377 sonic INFO featured[8680]:   File "/usr/local/bin/featured", line 591, in main
2025 Feb 11 02:37:26.331410 sonic INFO featured[8680]:     daemon = FeatureDaemon()
2025 Feb 11 02:37:26.331439 sonic INFO featured[8680]:              ^^^^^^^^^^^^^^^
2025 Feb 11 02:37:26.331466 sonic INFO featured[8680]:   File "/usr/local/bin/featured", line 529, in __init__
2025 Feb 11 02:37:26.331497 sonic INFO featured[8680]:     self.feature_handler = FeatureHandler(self.config_db, feature_state_table, self.device_config, self.advanced_boot)
2025 Feb 11 02:37:26.331529 sonic INFO featured[8680]:                            ^^^^^^^^^^^^^^^^^^^^^^^^^^^^^^^^^^^^^^^^^^^^^^^^^^^^^^^^^^^^^^^^^^^^^^^^^^^^^^^^^^^^^^^^^^^
2025 Feb 11 02:37:26.331555 sonic INFO featured[8680]:   File "/usr/local/bin/featured", line 136, in __init__
2025 Feb 11 02:37:26.331585 sonic INFO featured[8680]:     self._device_running_config = device_info.get_device_runtime_metadata()
2025 Feb 11 02:37:26.331617 sonic INFO featured[8680]:                                   ^^^^^^^^^^^^^^^^^^^^^^^^^^^^^^^^^^^^^^^^^
2025 Feb 11 02:37:26.331642 sonic INFO featured[8680]:   File "/usr/local/lib/python3.11/dist-packages/sonic_py_common/device_info.py", line 680, in get_device_runtime_metadata
2025 Feb 11 02:37:26.331766 sonic INFO featured[8680]:     port_metadata = {'ETHERNET_PORTS_PRESENT': True if get_path_to_port_config_file(hwsku=None, asic="0" if is_multi_npu() else None) else False}
2025 Feb 11 02:37:26.331806 sonic INFO featured[8680]:                                                        ^^^^^^^^^^^^^^^^^^^^^^^^^^^^^^^^^^^^^^^^^^^^^^^^^^^^^^^^^^^^^^^^^^^^^^^^^^^^^^
2025 Feb 11 02:37:26.331842 sonic INFO featured[8680]:   File "/usr/local/lib/python3.11/dist-packages/sonic_py_common/device_info.py", line 446, in get_path_to_port_config_file
2025 Feb 11 02:37:26.331873 sonic INFO featured[8680]:     (platform_path, hwsku_path) = get_paths_to_platform_and_hwsku_dirs()
2025 Feb 11 02:37:26.331903 sonic INFO featured[8680]:                                   ^^^^^^^^^^^^^^^^^^^^^^^^^^^^^^^^^^^^^^
2025 Feb 11 02:37:26.331928 sonic INFO featured[8680]:   File "/usr/local/lib/python3.11/dist-packages/sonic_py_common/device_info.py", line 412, in get_paths_to_platform_and_hwsku_dirs
2025 Feb 11 02:37:26.331978 sonic INFO featured[8680]:     hwsku_path = os.path.join(platform_path, hwsku)
2025 Feb 11 02:37:26.332011 sonic INFO featured[8680]:                  ^^^^^^^^^^^^^^^^^^^^^^^^^^^^^^^^^^
2025 Feb 11 02:37:26.332036 sonic INFO featured[8680]:   File "<frozen posixpath>", line 90, in join
2025 Feb 11 02:37:26.332059 sonic INFO featured[8680]:   File "<frozen genericpath>", line 152, in _check_arg_types
2025 Feb 11 02:37:26.332076 sonic INFO featured[8680]: TypeError: join() argument must be str, bytes, or os.PathLike object, not 'NoneType'
2025 Feb 11 02:37:26.352164 sonic NOTICE systemd[1]: featured.service: Main process exited, code=exited, status=1/FAILURE
2025 Feb 11 02:37:26.352341 sonic WARNING systemd[1]: featured.service: Failed with result 'exit-code'.
2025 Feb 11 02:37:26.390597 sonic INFO systemd[1]: Started featured.service - Feature configuration daemon.
2025 Feb 11 02:37:26.521119 sonic INFO featured: ConfigDB connect success
2025 Feb 11 02:37:26.525168 sonic INFO featured[8681]: Traceback (most recent call last):
2025 Feb 11 02:37:26.525232 sonic INFO featured[8681]:   File "/usr/local/bin/featured", line 598, in <module>
2025 Feb 11 02:37:26.525326 sonic INFO featured[8681]:     main()
2025 Feb 11 02:37:26.525382 sonic INFO featured[8681]:   File "/usr/local/bin/featured", line 591, in main
2025 Feb 11 02:37:26.525568 sonic INFO featured[8681]:     daemon = FeatureDaemon()
2025 Feb 11 02:37:26.525594 sonic INFO featured[8681]:              ^^^^^^^^^^^^^^^
2025 Feb 11 02:37:26.525616 sonic INFO featured[8681]:   File "/usr/local/bin/featured", line 529, in __init__
2025 Feb 11 02:37:26.525652 sonic INFO featured[8681]:     self.feature_handler = FeatureHandler(self.config_db, feature_state_table, self.device_config, self.advanced_boot)
2025 Feb 11 02:37:26.525706 sonic INFO featured[8681]:                            ^^^^^^^^^^^^^^^^^^^^^^^^^^^^^^^^^^^^^^^^^^^^^^^^^^^^^^^^^^^^^^^^^^^^^^^^^^^^^^^^^^^^^^^^^^^
2025 Feb 11 02:37:26.525749 sonic INFO featured[8681]:   File "/usr/local/bin/featured", line 136, in __init__
2025 Feb 11 02:37:26.525791 sonic INFO featured[8681]:     self._device_running_config = device_info.get_device_runtime_metadata()
2025 Feb 11 02:37:26.525837 sonic INFO featured[8681]:                                   ^^^^^^^^^^^^^^^^^^^^^^^^^^^^^^^^^^^^^^^^^
2025 Feb 11 02:37:26.525878 sonic INFO featured[8681]:   File "/usr/local/lib/python3.11/dist-packages/sonic_py_common/device_info.py", line 680, in get_device_runtime_metadata
2025 Feb 11 02:37:26.525921 sonic INFO featured[8681]:     port_metadata = {'ETHERNET_PORTS_PRESENT': True if get_path_to_port_config_file(hwsku=None, asic="0" if is_multi_npu() else None) else False}
2025 Feb 11 02:37:26.525964 sonic INFO featured[8681]:                                                        ^^^^^^^^^^^^^^^^^^^^^^^^^^^^^^^^^^^^^^^^^^^^^^^^^^^^^^^^^^^^^^^^^^^^^^^^^^^^^^
2025 Feb 11 02:37:26.526003 sonic INFO featured[8681]:   File "/usr/local/lib/python3.11/dist-packages/sonic_py_common/device_info.py", line 446, in get_path_to_port_config_file
2025 Feb 11 02:37:26.526056 sonic INFO featured[8681]:     (platform_path, hwsku_path) = get_paths_to_platform_and_hwsku_dirs()
2025 Feb 11 02:37:26.526106 sonic INFO featured[8681]:                                   ^^^^^^^^^^^^^^^^^^^^^^^^^^^^^^^^^^^^^^
2025 Feb 11 02:37:26.526147 sonic INFO featured[8681]:   File "/usr/local/lib/python3.11/dist-packages/sonic_py_common/device_info.py", line 412, in get_paths_to_platform_and_hwsku_dirs
2025 Feb 11 02:37:26.526176 sonic INFO featured[8681]:     hwsku_path = os.path.join(platform_path, hwsku)
2025 Feb 11 02:37:26.526218 sonic INFO featured[8681]:                  ^^^^^^^^^^^^^^^^^^^^^^^^^^^^^^^^^^
2025 Feb 11 02:37:26.526260 sonic INFO featured[8681]:   File "<frozen posixpath>", line 90, in join
2025 Feb 11 02:37:26.526316 sonic INFO featured[8681]:   File "<frozen genericpath>", line 152, in _check_arg_types
2025 Feb 11 02:37:26.526358 sonic INFO featured[8681]: TypeError: join() argument must be str, bytes, or os.PathLike object, not 'NoneType'
2025 Feb 11 02:37:26.551562 sonic NOTICE systemd[1]: featured.service: Main process exited, code=exited, status=1/FAILURE
2025 Feb 11 02:37:26.551690 sonic WARNING systemd[1]: featured.service: Failed with result 'exit-code'.
2025 Feb 11 02:37:26.604070 sonic INFO systemd[1]: Started featured.service - Feature configuration daemon.
2025 Feb 11 02:37:26.747206 sonic INFO featured: ConfigDB connect success
2025 Feb 11 02:37:26.751346 sonic INFO featured[8682]: Traceback (most recent call last):
2025 Feb 11 02:37:26.751413 sonic INFO featured[8682]:   File "/usr/local/bin/featured", line 598, in <module>
2025 Feb 11 02:37:26.751621 sonic INFO featured[8682]:     main()
2025 Feb 11 02:37:26.751660 sonic INFO featured[8682]:   File "/usr/local/bin/featured", line 591, in main
2025 Feb 11 02:37:26.751848 sonic INFO featured[8682]:     daemon = FeatureDaemon()
2025 Feb 11 02:37:26.751893 sonic INFO featured[8682]:              ^^^^^^^^^^^^^^^
2025 Feb 11 02:37:26.751919 sonic INFO featured[8682]:   File "/usr/local/bin/featured", line 529, in __init__
2025 Feb 11 02:37:26.752060 sonic INFO featured[8682]:     self.feature_handler = FeatureHandler(self.config_db, feature_state_table, self.device_config, self.advanced_boot)
2025 Feb 11 02:37:26.752121 sonic INFO featured[8682]:                            ^^^^^^^^^^^^^^^^^^^^^^^^^^^^^^^^^^^^^^^^^^^^^^^^^^^^^^^^^^^^^^^^^^^^^^^^^^^^^^^^^^^^^^^^^^^
2025 Feb 11 02:37:26.752165 sonic INFO featured[8682]:   File "/usr/local/bin/featured", line 136, in __init__
2025 Feb 11 02:37:26.752218 sonic INFO featured[8682]:     self._device_running_config = device_info.get_device_runtime_metadata()
2025 Feb 11 02:37:26.752266 sonic INFO featured[8682]:                                   ^^^^^^^^^^^^^^^^^^^^^^^^^^^^^^^^^^^^^^^^^
2025 Feb 11 02:37:26.752322 sonic INFO featured[8682]:   File "/usr/local/lib/python3.11/dist-packages/sonic_py_common/device_info.py", line 680, in get_device_runtime_metadata
2025 Feb 11 02:37:26.752480 sonic INFO featured[8682]:     port_metadata = {'ETHERNET_PORTS_PRESENT': True if get_path_to_port_config_file(hwsku=None, asic="0" if is_multi_npu() else None) else False}
2025 Feb 11 02:37:26.752540 sonic INFO featured[8682]:                                                        ^^^^^^^^^^^^^^^^^^^^^^^^^^^^^^^^^^^^^^^^^^^^^^^^^^^^^^^^^^^^^^^^^^^^^^^^^^^^^^
2025 Feb 11 02:37:26.752593 sonic INFO featured[8682]:   File "/usr/local/lib/python3.11/dist-packages/sonic_py_common/device_info.py", line 446, in get_path_to_port_config_file
2025 Feb 11 02:37:26.752634 sonic INFO featured[8682]:     (platform_path, hwsku_path) = get_paths_to_platform_and_hwsku_dirs()
2025 Feb 11 02:37:26.752668 sonic INFO featured[8682]:                                   ^^^^^^^^^^^^^^^^^^^^^^^^^^^^^^^^^^^^^^
2025 Feb 11 02:37:26.752698 sonic INFO featured[8682]:   File "/usr/local/lib/python3.11/dist-packages/sonic_py_common/device_info.py", line 412, in get_paths_to_platform_and_hwsku_dirs
2025 Feb 11 02:37:26.752818 sonic INFO featured[8682]:     hwsku_path = os.path.join(platform_path, hwsku)
2025 Feb 11 02:37:26.752867 sonic INFO featured[8682]:                  ^^^^^^^^^^^^^^^^^^^^^^^^^^^^^^^^^^
2025 Feb 11 02:37:26.752900 sonic INFO featured[8682]:   File "<frozen posixpath>", line 90, in join
2025 Feb 11 02:37:26.752926 sonic INFO featured[8682]:   File "<frozen genericpath>", line 152, in _check_arg_types
2025 Feb 11 02:37:26.752950 sonic INFO featured[8682]: TypeError: join() argument must be str, bytes, or os.PathLike object, not 'NoneType'
2025 Feb 11 02:37:26.772177 sonic NOTICE systemd[1]: featured.service: Main process exited, code=exited, status=1/FAILURE
2025 Feb 11 02:37:26.772328 sonic WARNING systemd[1]: featured.service: Failed with result 'exit-code'.
2025 Feb 11 02:37:26.810646 sonic INFO systemd[1]: Started featured.service - Feature configuration daemon.
2025 Feb 11 02:37:26.948948 sonic INFO featured: ConfigDB connect success
2025 Feb 11 02:37:26.952929 sonic INFO featured[8683]: Traceback (most recent call last):
2025 Feb 11 02:37:26.952979 sonic INFO featured[8683]:   File "/usr/local/bin/featured", line 598, in <module>
2025 Feb 11 02:37:26.953135 sonic INFO featured[8683]:     main()
2025 Feb 11 02:37:26.953173 sonic INFO featured[8683]:   File "/usr/local/bin/featured", line 591, in main
2025 Feb 11 02:37:26.953378 sonic INFO featured[8683]:     daemon = FeatureDaemon()
2025 Feb 11 02:37:26.953419 sonic INFO featured[8683]:              ^^^^^^^^^^^^^^^
2025 Feb 11 02:37:26.953436 sonic INFO featured[8683]:   File "/usr/local/bin/featured", line 529, in __init__
2025 Feb 11 02:37:26.953658 sonic INFO featured[8683]:     self.feature_handler = FeatureHandler(self.config_db, feature_state_table, self.device_config, self.advanced_boot)
2025 Feb 11 02:37:26.953715 sonic INFO featured[8683]:                            ^^^^^^^^^^^^^^^^^^^^^^^^^^^^^^^^^^^^^^^^^^^^^^^^^^^^^^^^^^^^^^^^^^^^^^^^^^^^^^^^^^^^^^^^^^^
2025 Feb 11 02:37:26.953732 sonic INFO featured[8683]:   File "/usr/local/bin/featured", line 136, in __init__
2025 Feb 11 02:37:26.953755 sonic INFO featured[8683]:     self._device_running_config = device_info.get_device_runtime_metadata()
2025 Feb 11 02:37:26.953789 sonic INFO featured[8683]:                                   ^^^^^^^^^^^^^^^^^^^^^^^^^^^^^^^^^^^^^^^^^
2025 Feb 11 02:37:26.953810 sonic INFO featured[8683]:   File "/usr/local/lib/python3.11/dist-packages/sonic_py_common/device_info.py", line 680, in get_device_runtime_metadata
2025 Feb 11 02:37:26.953979 sonic INFO featured[8683]:     port_metadata = {'ETHERNET_PORTS_PRESENT': True if get_path_to_port_config_file(hwsku=None, asic="0" if is_multi_npu() else None) else False}
2025 Feb 11 02:37:26.954019 sonic INFO featured[8683]:                                                        ^^^^^^^^^^^^^^^^^^^^^^^^^^^^^^^^^^^^^^^^^^^^^^^^^^^^^^^^^^^^^^^^^^^^^^^^^^^^^^
2025 Feb 11 02:37:26.954036 sonic INFO featured[8683]:   File "/usr/local/lib/python3.11/dist-packages/sonic_py_common/device_info.py", line 446, in get_path_to_port_config_file
2025 Feb 11 02:37:26.954189 sonic INFO featured[8683]:     (platform_path, hwsku_path) = get_paths_to_platform_and_hwsku_dirs()
2025 Feb 11 02:37:26.954227 sonic INFO featured[8683]:                                   ^^^^^^^^^^^^^^^^^^^^^^^^^^^^^^^^^^^^^^
2025 Feb 11 02:37:26.954244 sonic INFO featured[8683]:   File "/usr/local/lib/python3.11/dist-packages/sonic_py_common/device_info.py", line 412, in get_paths_to_platform_and_hwsku_dirs
2025 Feb 11 02:37:26.954375 sonic INFO featured[8683]:     hwsku_path = os.path.join(platform_path, hwsku)
2025 Feb 11 02:37:26.954409 sonic INFO featured[8683]:                  ^^^^^^^^^^^^^^^^^^^^^^^^^^^^^^^^^^
2025 Feb 11 02:37:26.954432 sonic INFO featured[8683]:   File "<frozen posixpath>", line 90, in join
2025 Feb 11 02:37:26.954465 sonic INFO featured[8683]:   File "<frozen genericpath>", line 152, in _check_arg_types
2025 Feb 11 02:37:26.954483 sonic INFO featured[8683]: TypeError: join() argument must be str, bytes, or os.PathLike object, not 'NoneType'
2025 Feb 11 02:37:26.979817 sonic NOTICE systemd[1]: featured.service: Main process exited, code=exited, status=1/FAILURE
2025 Feb 11 02:37:26.980065 sonic WARNING systemd[1]: featured.service: Failed with result 'exit-code'.
2025 Feb 11 02:37:27.015914 sonic INFO systemd[1]: Started featured.service - Feature configuration daemon.
2025 Feb 11 02:37:27.154249 sonic INFO featured: ConfigDB connect success
2025 Feb 11 02:37:27.158451 sonic INFO featured[8684]: Traceback (most recent call last):
2025 Feb 11 02:37:27.158516 sonic INFO featured[8684]:   File "/usr/local/bin/featured", line 598, in <module>
2025 Feb 11 02:37:27.158722 sonic INFO featured[8684]:     main()
2025 Feb 11 02:37:27.158763 sonic INFO featured[8684]:   File "/usr/local/bin/featured", line 591, in main
2025 Feb 11 02:37:27.158997 sonic INFO featured[8684]:     daemon = FeatureDaemon()
2025 Feb 11 02:37:27.159037 sonic INFO featured[8684]:              ^^^^^^^^^^^^^^^
2025 Feb 11 02:37:27.159054 sonic INFO featured[8684]:   File "/usr/local/bin/featured", line 529, in __init__
2025 Feb 11 02:37:27.159158 sonic INFO featured[8684]:     self.feature_handler = FeatureHandler(self.config_db, feature_state_table, self.device_config, self.advanced_boot)
2025 Feb 11 02:37:27.159197 sonic INFO featured[8684]:                            ^^^^^^^^^^^^^^^^^^^^^^^^^^^^^^^^^^^^^^^^^^^^^^^^^^^^^^^^^^^^^^^^^^^^^^^^^^^^^^^^^^^^^^^^^^^
2025 Feb 11 02:37:27.159213 sonic INFO featured[8684]:   File "/usr/local/bin/featured", line 136, in __init__
2025 Feb 11 02:37:27.159244 sonic INFO featured[8684]:     self._device_running_config = device_info.get_device_runtime_metadata()
2025 Feb 11 02:37:27.159290 sonic INFO featured[8684]:                                   ^^^^^^^^^^^^^^^^^^^^^^^^^^^^^^^^^^^^^^^^^
2025 Feb 11 02:37:27.159315 sonic INFO featured[8684]:   File "/usr/local/lib/python3.11/dist-packages/sonic_py_common/device_info.py", line 680, in get_device_runtime_metadata
2025 Feb 11 02:37:27.159428 sonic INFO featured[8684]:     port_metadata = {'ETHERNET_PORTS_PRESENT': True if get_path_to_port_config_file(hwsku=None, asic="0" if is_multi_npu() else None) else False}
2025 Feb 11 02:37:27.159467 sonic INFO featured[8684]:                                                        ^^^^^^^^^^^^^^^^^^^^^^^^^^^^^^^^^^^^^^^^^^^^^^^^^^^^^^^^^^^^^^^^^^^^^^^^^^^^^^
2025 Feb 11 02:37:27.159485 sonic INFO featured[8684]:   File "/usr/local/lib/python3.11/dist-packages/sonic_py_common/device_info.py", line 446, in get_path_to_port_config_file
2025 Feb 11 02:37:27.159550 sonic INFO featured[8684]:     (platform_path, hwsku_path) = get_paths_to_platform_and_hwsku_dirs()
2025 Feb 11 02:37:27.159583 sonic INFO featured[8684]:                                   ^^^^^^^^^^^^^^^^^^^^^^^^^^^^^^^^^^^^^^
2025 Feb 11 02:37:27.159609 sonic INFO featured[8684]:   File "/usr/local/lib/python3.11/dist-packages/sonic_py_common/device_info.py", line 412, in get_paths_to_platform_and_hwsku_dirs
2025 Feb 11 02:37:27.159657 sonic INFO featured[8684]:     hwsku_path = os.path.join(platform_path, hwsku)
2025 Feb 11 02:37:27.159689 sonic INFO featured[8684]:                  ^^^^^^^^^^^^^^^^^^^^^^^^^^^^^^^^^^
2025 Feb 11 02:37:27.159715 sonic INFO featured[8684]:   File "<frozen posixpath>", line 90, in join
2025 Feb 11 02:37:27.159739 sonic INFO featured[8684]:   File "<frozen genericpath>", line 152, in _check_arg_types
2025 Feb 11 02:37:27.159768 sonic INFO featured[8684]: TypeError: join() argument must be str, bytes, or os.PathLike object, not 'NoneType'
2025 Feb 11 02:37:27.179421 sonic NOTICE systemd[1]: featured.service: Main process exited, code=exited, status=1/FAILURE
2025 Feb 11 02:37:27.180130 sonic WARNING systemd[1]: featured.service: Failed with result 'exit-code'.
2025 Feb 11 02:37:27.183316 sonic WARNING systemd[1]: featured.service: Start request repeated too quickly.
2025 Feb 11 02:37:27.183385 sonic WARNING systemd[1]: featured.service: Failed with result 'exit-code'.
2025 Feb 11 02:37:27.183479 sonic ERR systemd[1]: Failed to start featured.service - Feature configuration daemon.
2025 Feb 11 02:37:38.315055 sonic INFO systemd[1]: Started featured.service - Feature configuration daemon.
2025 Feb 11 02:37:38.454647 sonic INFO featured: ConfigDB connect success
2025 Feb 11 02:37:38.462359 sonic INFO featured[8713]: Traceback (most recent call last):
2025 Feb 11 02:37:38.462424 sonic INFO featured[8713]:   File "/usr/local/bin/featured", line 598, in <module>
2025 Feb 11 02:37:38.462559 sonic INFO featured[8713]:     main()
2025 Feb 11 02:37:38.462599 sonic INFO featured[8713]:   File "/usr/local/bin/featured", line 591, in main
2025 Feb 11 02:37:38.462721 sonic INFO featured[8713]:     daemon = FeatureDaemon()
2025 Feb 11 02:37:38.462759 sonic INFO featured[8713]:              ^^^^^^^^^^^^^^^
2025 Feb 11 02:37:38.462776 sonic INFO featured[8713]:   File "/usr/local/bin/featured", line 529, in __init__
2025 Feb 11 02:37:38.462854 sonic INFO featured[8713]:     self.feature_handler = FeatureHandler(self.config_db, feature_state_table, self.device_config, self.advanced_boot)
2025 Feb 11 02:37:38.462901 sonic INFO featured[8713]:                            ^^^^^^^^^^^^^^^^^^^^^^^^^^^^^^^^^^^^^^^^^^^^^^^^^^^^^^^^^^^^^^^^^^^^^^^^^^^^^^^^^^^^^^^^^^^
2025 Feb 11 02:37:38.462918 sonic INFO featured[8713]:   File "/usr/local/bin/featured", line 136, in __init__
2025 Feb 11 02:37:38.462940 sonic INFO featured[8713]:     self._device_running_config = device_info.get_device_runtime_metadata()
2025 Feb 11 02:37:38.462972 sonic INFO featured[8713]:                                   ^^^^^^^^^^^^^^^^^^^^^^^^^^^^^^^^^^^^^^^^^
2025 Feb 11 02:37:38.462997 sonic INFO featured[8713]:   File "/usr/local/lib/python3.11/dist-packages/sonic_py_common/device_info.py", line 680, in get_device_runtime_metadata
2025 Feb 11 02:37:38.463076 sonic INFO featured[8713]:     port_metadata = {'ETHERNET_PORTS_PRESENT': True if get_path_to_port_config_file(hwsku=None, asic="0" if is_multi_npu() else None) else False}
2025 Feb 11 02:37:38.463127 sonic INFO featured[8713]:                                                        ^^^^^^^^^^^^^^^^^^^^^^^^^^^^^^^^^^^^^^^^^^^^^^^^^^^^^^^^^^^^^^^^^^^^^^^^^^^^^^
2025 Feb 11 02:37:38.463152 sonic INFO featured[8713]:   File "/usr/local/lib/python3.11/dist-packages/sonic_py_common/device_info.py", line 446, in get_path_to_port_config_file
2025 Feb 11 02:37:38.463218 sonic INFO featured[8713]:     (platform_path, hwsku_path) = get_paths_to_platform_and_hwsku_dirs()
2025 Feb 11 02:37:38.463251 sonic INFO featured[8713]:                                   ^^^^^^^^^^^^^^^^^^^^^^^^^^^^^^^^^^^^^^
2025 Feb 11 02:37:38.463267 sonic INFO featured[8713]:   File "/usr/local/lib/python3.11/dist-packages/sonic_py_common/device_info.py", line 412, in get_paths_to_platform_and_hwsku_dirs
2025 Feb 11 02:37:38.463351 sonic INFO featured[8713]:     hwsku_path = os.path.join(platform_path, hwsku)
2025 Feb 11 02:37:38.463384 sonic INFO featured[8713]:                  ^^^^^^^^^^^^^^^^^^^^^^^^^^^^^^^^^^
2025 Feb 11 02:37:38.463400 sonic INFO featured[8713]:   File "<frozen posixpath>", line 90, in join
2025 Feb 11 02:37:38.463425 sonic INFO featured[8713]:   File "<frozen genericpath>", line 152, in _check_arg_types
2025 Feb 11 02:37:38.463449 sonic INFO featured[8713]: TypeError: join() argument must be str, bytes, or os.PathLike object, not 'NoneType'
2025 Feb 11 02:37:38.483481 sonic NOTICE systemd[1]: featured.service: Main process exited, code=exited, status=1/FAILURE
2025 Feb 11 02:37:38.483616 sonic WARNING systemd[1]: featured.service: Failed with result 'exit-code'.
2025 Feb 11 02:37:38.538885 sonic INFO systemd[1]: Started featured.service - Feature configuration daemon.
2025 Feb 11 02:37:38.674215 sonic INFO featured: ConfigDB connect success
2025 Feb 11 02:37:38.678613 sonic INFO featured[8714]: Traceback (most recent call last):
2025 Feb 11 02:37:38.678686 sonic INFO featured[8714]:   File "/usr/local/bin/featured", line 598, in <module>
2025 Feb 11 02:37:38.678756 sonic INFO featured[8714]:     main()
2025 Feb 11 02:37:38.678802 sonic INFO featured[8714]:   File "/usr/local/bin/featured", line 591, in main
2025 Feb 11 02:37:38.678929 sonic INFO featured[8714]:     daemon = FeatureDaemon()
2025 Feb 11 02:37:38.678972 sonic INFO featured[8714]:              ^^^^^^^^^^^^^^^
2025 Feb 11 02:37:38.678994 sonic INFO featured[8714]:   File "/usr/local/bin/featured", line 529, in __init__
2025 Feb 11 02:37:38.679056 sonic INFO featured[8714]:     self.feature_handler = FeatureHandler(self.config_db, feature_state_table, self.device_config, self.advanced_boot)
2025 Feb 11 02:37:38.679103 sonic INFO featured[8714]:                            ^^^^^^^^^^^^^^^^^^^^^^^^^^^^^^^^^^^^^^^^^^^^^^^^^^^^^^^^^^^^^^^^^^^^^^^^^^^^^^^^^^^^^^^^^^^
2025 Feb 11 02:37:38.679127 sonic INFO featured[8714]:   File "/usr/local/bin/featured", line 136, in __init__
2025 Feb 11 02:37:38.679149 sonic INFO featured[8714]:     self._device_running_config = device_info.get_device_runtime_metadata()
2025 Feb 11 02:37:38.679192 sonic INFO featured[8714]:                                   ^^^^^^^^^^^^^^^^^^^^^^^^^^^^^^^^^^^^^^^^^
2025 Feb 11 02:37:38.679208 sonic INFO featured[8714]:   File "/usr/local/lib/python3.11/dist-packages/sonic_py_common/device_info.py", line 680, in get_device_runtime_metadata
2025 Feb 11 02:37:38.679337 sonic INFO featured[8714]:     port_metadata = {'ETHERNET_PORTS_PRESENT': True if get_path_to_port_config_file(hwsku=None, asic="0" if is_multi_npu() else None) else False}
2025 Feb 11 02:37:38.679408 sonic INFO featured[8714]:                                                        ^^^^^^^^^^^^^^^^^^^^^^^^^^^^^^^^^^^^^^^^^^^^^^^^^^^^^^^^^^^^^^^^^^^^^^^^^^^^^^
2025 Feb 11 02:37:38.679425 sonic INFO featured[8714]:   File "/usr/local/lib/python3.11/dist-packages/sonic_py_common/device_info.py", line 446, in get_path_to_port_config_file
2025 Feb 11 02:37:38.679475 sonic INFO featured[8714]:     (platform_path, hwsku_path) = get_paths_to_platform_and_hwsku_dirs()
2025 Feb 11 02:37:38.679516 sonic INFO featured[8714]:                                   ^^^^^^^^^^^^^^^^^^^^^^^^^^^^^^^^^^^^^^
2025 Feb 11 02:37:38.679532 sonic INFO featured[8714]:   File "/usr/local/lib/python3.11/dist-packages/sonic_py_common/device_info.py", line 412, in get_paths_to_platform_and_hwsku_dirs
2025 Feb 11 02:37:38.679590 sonic INFO featured[8714]:     hwsku_path = os.path.join(platform_path, hwsku)
2025 Feb 11 02:37:38.679632 sonic INFO featured[8714]:                  ^^^^^^^^^^^^^^^^^^^^^^^^^^^^^^^^^^
2025 Feb 11 02:37:38.679649 sonic INFO featured[8714]:   File "<frozen posixpath>", line 90, in join
2025 Feb 11 02:37:38.679664 sonic INFO featured[8714]:   File "<frozen genericpath>", line 152, in _check_arg_types
2025 Feb 11 02:37:38.679696 sonic INFO featured[8714]: TypeError: join() argument must be str, bytes, or os.PathLike object, not 'NoneType'
2025 Feb 11 02:37:38.698822 sonic NOTICE systemd[1]: featured.service: Main process exited, code=exited, status=1/FAILURE
2025 Feb 11 02:37:38.698991 sonic WARNING systemd[1]: featured.service: Failed with result 'exit-code'.
2025 Feb 11 02:37:38.752636 sonic INFO systemd[1]: Started featured.service - Feature configuration daemon.
2025 Feb 11 02:37:38.896792 sonic INFO featured: ConfigDB connect success
2025 Feb 11 02:37:38.901148 sonic INFO featured[8715]: Traceback (most recent call last):
2025 Feb 11 02:37:38.901209 sonic INFO featured[8715]:   File "/usr/local/bin/featured", line 598, in <module>
2025 Feb 11 02:37:38.901321 sonic INFO featured[8715]:     main()
2025 Feb 11 02:37:38.901371 sonic INFO featured[8715]:   File "/usr/local/bin/featured", line 591, in main
2025 Feb 11 02:37:38.901611 sonic INFO featured[8715]:     daemon = FeatureDaemon()
2025 Feb 11 02:37:38.901662 sonic INFO featured[8715]:              ^^^^^^^^^^^^^^^
2025 Feb 11 02:37:38.901679 sonic INFO featured[8715]:   File "/usr/local/bin/featured", line 529, in __init__
2025 Feb 11 02:37:38.901778 sonic INFO featured[8715]:     self.feature_handler = FeatureHandler(self.config_db, feature_state_table, self.device_config, self.advanced_boot)
2025 Feb 11 02:37:38.901824 sonic INFO featured[8715]:                            ^^^^^^^^^^^^^^^^^^^^^^^^^^^^^^^^^^^^^^^^^^^^^^^^^^^^^^^^^^^^^^^^^^^^^^^^^^^^^^^^^^^^^^^^^^^
2025 Feb 11 02:37:38.901841 sonic INFO featured[8715]:   File "/usr/local/bin/featured", line 136, in __init__
2025 Feb 11 02:37:38.901864 sonic INFO featured[8715]:     self._device_running_config = device_info.get_device_runtime_metadata()
2025 Feb 11 02:37:38.901885 sonic INFO featured[8715]:                                   ^^^^^^^^^^^^^^^^^^^^^^^^^^^^^^^^^^^^^^^^^
2025 Feb 11 02:37:38.901920 sonic INFO featured[8715]:   File "/usr/local/lib/python3.11/dist-packages/sonic_py_common/device_info.py", line 680, in get_device_runtime_metadata
2025 Feb 11 02:37:38.902017 sonic INFO featured[8715]:     port_metadata = {'ETHERNET_PORTS_PRESENT': True if get_path_to_port_config_file(hwsku=None, asic="0" if is_multi_npu() else None) else False}
2025 Feb 11 02:37:38.902060 sonic INFO featured[8715]:                                                        ^^^^^^^^^^^^^^^^^^^^^^^^^^^^^^^^^^^^^^^^^^^^^^^^^^^^^^^^^^^^^^^^^^^^^^^^^^^^^^
2025 Feb 11 02:37:38.902076 sonic INFO featured[8715]:   File "/usr/local/lib/python3.11/dist-packages/sonic_py_common/device_info.py", line 446, in get_path_to_port_config_file
2025 Feb 11 02:37:38.902181 sonic INFO featured[8715]:     (platform_path, hwsku_path) = get_paths_to_platform_and_hwsku_dirs()
2025 Feb 11 02:37:38.902225 sonic INFO featured[8715]:                                   ^^^^^^^^^^^^^^^^^^^^^^^^^^^^^^^^^^^^^^
2025 Feb 11 02:37:38.902241 sonic INFO featured[8715]:   File "/usr/local/lib/python3.11/dist-packages/sonic_py_common/device_info.py", line 412, in get_paths_to_platform_and_hwsku_dirs
2025 Feb 11 02:37:38.902262 sonic INFO featured[8715]:     hwsku_path = os.path.join(platform_path, hwsku)
2025 Feb 11 02:37:38.902328 sonic INFO featured[8715]:                  ^^^^^^^^^^^^^^^^^^^^^^^^^^^^^^^^^^
2025 Feb 11 02:37:38.902365 sonic INFO featured[8715]:   File "<frozen posixpath>", line 90, in join
2025 Feb 11 02:37:38.902384 sonic INFO featured[8715]:   File "<frozen genericpath>", line 152, in _check_arg_types
2025 Feb 11 02:37:38.902406 sonic INFO featured[8715]: TypeError: join() argument must be str, bytes, or os.PathLike object, not 'NoneType'
2025 Feb 11 02:37:38.932929 sonic NOTICE systemd[1]: featured.service: Main process exited, code=exited, status=1/FAILURE
2025 Feb 11 02:37:38.933114 sonic WARNING systemd[1]: featured.service: Failed with result 'exit-code'.
2025 Feb 11 02:37:38.983842 sonic INFO systemd[1]: Started featured.service - Feature configuration daemon.
2025 Feb 11 02:37:39.125147 sonic INFO featured: ConfigDB connect success
2025 Feb 11 02:37:39.129666 sonic INFO featured[8716]: Traceback (most recent call last):
2025 Feb 11 02:37:39.129734 sonic INFO featured[8716]:   File "/usr/local/bin/featured", line 598, in <module>
2025 Feb 11 02:37:39.129801 sonic INFO featured[8716]:     main()
2025 Feb 11 02:37:39.129861 sonic INFO featured[8716]:   File "/usr/local/bin/featured", line 591, in main
2025 Feb 11 02:37:39.129900 sonic INFO featured[8716]:     daemon = FeatureDaemon()
2025 Feb 11 02:37:39.129955 sonic INFO featured[8716]:              ^^^^^^^^^^^^^^^
2025 Feb 11 02:37:39.130006 sonic INFO featured[8716]:   File "/usr/local/bin/featured", line 529, in __init__
2025 Feb 11 02:37:39.130084 sonic INFO featured[8716]:     self.feature_handler = FeatureHandler(self.config_db, feature_state_table, self.device_config, self.advanced_boot)
2025 Feb 11 02:37:39.130143 sonic INFO featured[8716]:                            ^^^^^^^^^^^^^^^^^^^^^^^^^^^^^^^^^^^^^^^^^^^^^^^^^^^^^^^^^^^^^^^^^^^^^^^^^^^^^^^^^^^^^^^^^^^
2025 Feb 11 02:37:39.130171 sonic INFO featured[8716]:   File "/usr/local/bin/featured", line 136, in __init__
2025 Feb 11 02:37:39.130225 sonic INFO featured[8716]:     self._device_running_config = device_info.get_device_runtime_metadata()
2025 Feb 11 02:37:39.130314 sonic INFO featured[8716]:                                   ^^^^^^^^^^^^^^^^^^^^^^^^^^^^^^^^^^^^^^^^^
2025 Feb 11 02:37:39.130371 sonic INFO featured[8716]:   File "/usr/local/lib/python3.11/dist-packages/sonic_py_common/device_info.py", line 680, in get_device_runtime_metadata
2025 Feb 11 02:37:39.130443 sonic INFO featured[8716]:     port_metadata = {'ETHERNET_PORTS_PRESENT': True if get_path_to_port_config_file(hwsku=None, asic="0" if is_multi_npu() else None) else False}
2025 Feb 11 02:37:39.130500 sonic INFO featured[8716]:                                                        ^^^^^^^^^^^^^^^^^^^^^^^^^^^^^^^^^^^^^^^^^^^^^^^^^^^^^^^^^^^^^^^^^^^^^^^^^^^^^^
2025 Feb 11 02:37:39.130556 sonic INFO featured[8716]:   File "/usr/local/lib/python3.11/dist-packages/sonic_py_common/device_info.py", line 446, in get_path_to_port_config_file
2025 Feb 11 02:37:39.130609 sonic INFO featured[8716]:     (platform_path, hwsku_path) = get_paths_to_platform_and_hwsku_dirs()
2025 Feb 11 02:37:39.130664 sonic INFO featured[8716]:                                   ^^^^^^^^^^^^^^^^^^^^^^^^^^^^^^^^^^^^^^
2025 Feb 11 02:37:39.130719 sonic INFO featured[8716]:   File "/usr/local/lib/python3.11/dist-packages/sonic_py_common/device_info.py", line 412, in get_paths_to_platform_and_hwsku_dirs
2025 Feb 11 02:37:39.130770 sonic INFO featured[8716]:     hwsku_path = os.path.join(platform_path, hwsku)
2025 Feb 11 02:37:39.130839 sonic INFO featured[8716]:                  ^^^^^^^^^^^^^^^^^^^^^^^^^^^^^^^^^^
2025 Feb 11 02:37:39.130892 sonic INFO featured[8716]:   File "<frozen posixpath>", line 90, in join
2025 Feb 11 02:37:39.130943 sonic INFO featured[8716]:   File "<frozen genericpath>", line 152, in _check_arg_types
2025 Feb 11 02:37:39.130972 sonic INFO featured[8716]: TypeError: join() argument must be str, bytes, or os.PathLike object, not 'NoneType'
2025 Feb 11 02:37:39.148798 sonic NOTICE systemd[1]: featured.service: Main process exited, code=exited, status=1/FAILURE
2025 Feb 11 02:37:39.148964 sonic WARNING systemd[1]: featured.service: Failed with result 'exit-code'.
2025 Feb 11 02:37:39.185319 sonic INFO systemd[1]: Started featured.service - Feature configuration daemon.
2025 Feb 11 02:37:39.327570 sonic INFO featured: ConfigDB connect success
2025 Feb 11 02:37:39.331520 sonic INFO featured[8719]: Traceback (most recent call last):
2025 Feb 11 02:37:39.331565 sonic INFO featured[8719]:   File "/usr/local/bin/featured", line 598, in <module>
2025 Feb 11 02:37:39.331740 sonic INFO featured[8719]:     main()
2025 Feb 11 02:37:39.331779 sonic INFO featured[8719]:   File "/usr/local/bin/featured", line 591, in main
2025 Feb 11 02:37:39.331901 sonic INFO featured[8719]:     daemon = FeatureDaemon()
2025 Feb 11 02:37:39.331945 sonic INFO featured[8719]:              ^^^^^^^^^^^^^^^
2025 Feb 11 02:37:39.331962 sonic INFO featured[8719]:   File "/usr/local/bin/featured", line 529, in __init__
2025 Feb 11 02:37:39.332025 sonic INFO featured[8719]:     self.feature_handler = FeatureHandler(self.config_db, feature_state_table, self.device_config, self.advanced_boot)
2025 Feb 11 02:37:39.332061 sonic INFO featured[8719]:                            ^^^^^^^^^^^^^^^^^^^^^^^^^^^^^^^^^^^^^^^^^^^^^^^^^^^^^^^^^^^^^^^^^^^^^^^^^^^^^^^^^^^^^^^^^^^
2025 Feb 11 02:37:39.332082 sonic INFO featured[8719]:   File "/usr/local/bin/featured", line 136, in __init__
2025 Feb 11 02:37:39.332131 sonic INFO featured[8719]:     self._device_running_config = device_info.get_device_runtime_metadata()
2025 Feb 11 02:37:39.332163 sonic INFO featured[8719]:                                   ^^^^^^^^^^^^^^^^^^^^^^^^^^^^^^^^^^^^^^^^^
2025 Feb 11 02:37:39.332188 sonic INFO featured[8719]:   File "/usr/local/lib/python3.11/dist-packages/sonic_py_common/device_info.py", line 680, in get_device_runtime_metadata
2025 Feb 11 02:37:39.332308 sonic INFO featured[8719]:     port_metadata = {'ETHERNET_PORTS_PRESENT': True if get_path_to_port_config_file(hwsku=None, asic="0" if is_multi_npu() else None) else False}
2025 Feb 11 02:37:39.332354 sonic INFO featured[8719]:                                                        ^^^^^^^^^^^^^^^^^^^^^^^^^^^^^^^^^^^^^^^^^^^^^^^^^^^^^^^^^^^^^^^^^^^^^^^^^^^^^^
2025 Feb 11 02:37:39.332381 sonic INFO featured[8719]:   File "/usr/local/lib/python3.11/dist-packages/sonic_py_common/device_info.py", line 446, in get_path_to_port_config_file
2025 Feb 11 02:37:39.332449 sonic INFO featured[8719]:     (platform_path, hwsku_path) = get_paths_to_platform_and_hwsku_dirs()
2025 Feb 11 02:37:39.332482 sonic INFO featured[8719]:                                   ^^^^^^^^^^^^^^^^^^^^^^^^^^^^^^^^^^^^^^
2025 Feb 11 02:37:39.332507 sonic INFO featured[8719]:   File "/usr/local/lib/python3.11/dist-packages/sonic_py_common/device_info.py", line 412, in get_paths_to_platform_and_hwsku_dirs
2025 Feb 11 02:37:39.332558 sonic INFO featured[8719]:     hwsku_path = os.path.join(platform_path, hwsku)
2025 Feb 11 02:37:39.332591 sonic INFO featured[8719]:                  ^^^^^^^^^^^^^^^^^^^^^^^^^^^^^^^^^^
2025 Feb 11 02:37:39.332617 sonic INFO featured[8719]:   File "<frozen posixpath>", line 90, in join
2025 Feb 11 02:37:39.332641 sonic INFO featured[8719]:   File "<frozen genericpath>", line 152, in _check_arg_types
2025 Feb 11 02:37:39.332668 sonic INFO featured[8719]: TypeError: join() argument must be str, bytes, or os.PathLike object, not 'NoneType'
2025 Feb 11 02:37:39.351113 sonic NOTICE systemd[1]: featured.service: Main process exited, code=exited, status=1/FAILURE
2025 Feb 11 02:37:39.351186 sonic WARNING systemd[1]: featured.service: Failed with result 'exit-code'.
2025 Feb 11 02:37:39.352803 sonic WARNING systemd[1]: featured.service: Start request repeated too quickly.
2025 Feb 11 02:37:39.352850 sonic WARNING systemd[1]: featured.service: Failed with result 'exit-code'.
2025 Feb 11 02:37:39.352926 sonic ERR systemd[1]: Failed to start featured.service - Feature configuration daemon.
2025 Feb 11 02:37:40.279004 sonic WARNING systemd[1]: featured.service: Start request repeated too quickly.
2025 Feb 11 02:37:40.279184 sonic WARNING systemd[1]: featured.service: Failed with result 'exit-code'.
2025 Feb 11 02:37:40.279237 sonic ERR systemd[1]: Failed to start featured.service - Feature configuration daemon.
2025 Feb 11 02:37:41.031202 sonic INFO systemd[1]: caclmgrd.service: Scheduled restart job, restart counter is at 21.
2025 Feb 11 02:37:41.032219 sonic INFO systemd[1]: Stopped caclmgrd.service - Control Plane ACL configuration daemon.
2025 Feb 11 02:37:41.066392 sonic INFO systemd[1]: Started caclmgrd.service - Control Plane ACL configuration daemon.
2025 Feb 11 02:37:41.066780 sonic WARNING systemd[1]: featured.service: Start request repeated too quickly.
2025 Feb 11 02:37:41.066860 sonic WARNING systemd[1]: featured.service: Failed with result 'exit-code'.
2025 Feb 11 02:37:41.066903 sonic ERR systemd[1]: Failed to start featured.service - Feature configuration daemon.
2025 Feb 11 02:37:41.068660 sonic WARNING systemd[1]: featured.service: Start request repeated too quickly.
2025 Feb 11 02:37:41.068755 sonic WARNING systemd[1]: featured.service: Failed with result 'exit-code'.
2025 Feb 11 02:37:41.068825 sonic ERR systemd[1]: Failed to start featured.service - Feature configuration daemon.
2025 Feb 11 02:37:41.173186 sonic INFO caclmgrd[8722]: Traceback (most recent call last):
2025 Feb 11 02:37:41.173266 sonic INFO caclmgrd[8722]:   File "/usr/local/bin/caclmgrd", line 1146, in <module>
2025 Feb 11 02:37:41.173327 sonic INFO caclmgrd[8722]:     main()
2025 Feb 11 02:37:41.173345 sonic INFO caclmgrd[8722]:   File "/usr/local/bin/caclmgrd", line 1137, in main
2025 Feb 11 02:37:41.173376 sonic INFO caclmgrd[8722]:     caclmgr = ControlPlaneAclManager(SYSLOG_IDENTIFIER)
2025 Feb 11 02:37:41.173398 sonic INFO caclmgrd[8722]:               ^^^^^^^^^^^^^^^^^^^^^^^^^^^^^^^^^^^^^^^^^
2025 Feb 11 02:37:41.173420 sonic INFO caclmgrd[8722]:   File "/usr/local/bin/caclmgrd", line 156, in __init__
2025 Feb 11 02:37:41.173559 sonic INFO caclmgrd[8722]:     if 'subtype' in metadata['localhost'] and metadata['localhost']['subtype'] == 'DualToR':
2025 Feb 11 02:37:41.173597 sonic INFO caclmgrd[8722]:                     ~~~~~~~~^^^^^^^^^^^^^
2025 Feb 11 02:37:41.173614 sonic INFO caclmgrd[8722]: KeyError: 'localhost'
2025 Feb 11 02:37:41.185069 sonic NOTICE systemd[1]: caclmgrd.service: Main process exited, code=exited, status=1/FAILURE
2025 Feb 11 02:37:41.185250 sonic WARNING systemd[1]: caclmgrd.service: Failed with result 'exit-code'.
2025 Feb 11 02:37:41.186894 sonic WARNING systemd[1]: featured.service: Start request repeated too quickly.
2025 Feb 11 02:37:41.186983 sonic WARNING systemd[1]: featured.service: Failed with result 'exit-code'.
2025 Feb 11 02:37:41.187049 sonic ERR systemd[1]: Failed to start featured.service - Feature configuration daemon.
2025 Feb 11 02:37:54.508284 sonic ERR monit[828]: 'container_checker' status failed (4) -- Unexpected running containers: bgp2, macsec2, bgp3, database0, database3, bgp0, macsec0, bgp1, macsec3, macsec1, database, eventd, database2, database1
2025 Feb 11 02:37:54.621097 sonic DEBUG mgmt_oper_status.py: No management interface found
2025 Feb 11 02:37:54.836651 sonic INFO systemd[1]: Started featured.service - Feature configuration daemon.
2025 Feb 11 02:37:54.853671 sonic INFO memory_checker: [memory_checker] Exits without checking memory usage since container 'gnmi' is not running!
2025 Feb 11 02:37:54.853896 sonic INFO memory_checker: [memory_checker] Exits without checking memory usage since container 'bmp' is not running!
2025 Feb 11 02:37:54.854994 sonic INFO memory_checker: [memory_checker] Exits without checking memory usage since container 'snmp' is not running!
2025 Feb 11 02:37:54.993238 sonic INFO featured: ConfigDB connect success
2025 Feb 11 02:37:54.997175 sonic INFO featured[8772]: Traceback (most recent call last):
2025 Feb 11 02:37:54.997222 sonic INFO featured[8772]:   File "/usr/local/bin/featured", line 598, in <module>
2025 Feb 11 02:37:54.997442 sonic INFO featured[8772]:     main()
2025 Feb 11 02:37:54.997525 sonic INFO featured[8772]:   File "/usr/local/bin/featured", line 591, in main
2025 Feb 11 02:37:54.997650 sonic INFO featured[8772]:     daemon = FeatureDaemon()
2025 Feb 11 02:37:54.997686 sonic INFO featured[8772]:              ^^^^^^^^^^^^^^^
2025 Feb 11 02:37:54.997708 sonic INFO featured[8772]:   File "/usr/local/bin/featured", line 529, in __init__
2025 Feb 11 02:37:54.997764 sonic INFO featured[8772]:     self.feature_handler = FeatureHandler(self.config_db, feature_state_table, self.device_config, self.advanced_boot)
2025 Feb 11 02:37:54.997813 sonic INFO featured[8772]:                            ^^^^^^^^^^^^^^^^^^^^^^^^^^^^^^^^^^^^^^^^^^^^^^^^^^^^^^^^^^^^^^^^^^^^^^^^^^^^^^^^^^^^^^^^^^^
2025 Feb 11 02:37:54.997840 sonic INFO featured[8772]:   File "/usr/local/bin/featured", line 136, in __init__
2025 Feb 11 02:37:54.997870 sonic INFO featured[8772]:     self._device_running_config = device_info.get_device_runtime_metadata()
2025 Feb 11 02:37:54.997901 sonic INFO featured[8772]:                                   ^^^^^^^^^^^^^^^^^^^^^^^^^^^^^^^^^^^^^^^^^
2025 Feb 11 02:37:54.997926 sonic INFO featured[8772]:   File "/usr/local/lib/python3.11/dist-packages/sonic_py_common/device_info.py", line 680, in get_device_runtime_metadata
2025 Feb 11 02:37:54.998034 sonic INFO featured[8772]:     port_metadata = {'ETHERNET_PORTS_PRESENT': True if get_path_to_port_config_file(hwsku=None, asic="0" if is_multi_npu() else None) else False}
2025 Feb 11 02:37:54.998072 sonic INFO featured[8772]:                                                        ^^^^^^^^^^^^^^^^^^^^^^^^^^^^^^^^^^^^^^^^^^^^^^^^^^^^^^^^^^^^^^^^^^^^^^^^^^^^^^
2025 Feb 11 02:37:54.998089 sonic INFO featured[8772]:   File "/usr/local/lib/python3.11/dist-packages/sonic_py_common/device_info.py", line 446, in get_path_to_port_config_file
2025 Feb 11 02:37:54.998152 sonic INFO featured[8772]:     (platform_path, hwsku_path) = get_paths_to_platform_and_hwsku_dirs()
2025 Feb 11 02:37:54.998187 sonic INFO featured[8772]:                                   ^^^^^^^^^^^^^^^^^^^^^^^^^^^^^^^^^^^^^^
2025 Feb 11 02:37:54.998207 sonic INFO featured[8772]:   File "/usr/local/lib/python3.11/dist-packages/sonic_py_common/device_info.py", line 412, in get_paths_to_platform_and_hwsku_dirs
2025 Feb 11 02:37:54.998260 sonic INFO featured[8772]:     hwsku_path = os.path.join(platform_path, hwsku)
2025 Feb 11 02:37:54.998318 sonic INFO featured[8772]:                  ^^^^^^^^^^^^^^^^^^^^^^^^^^^^^^^^^^
2025 Feb 11 02:37:54.998351 sonic INFO featured[8772]:   File "<frozen posixpath>", line 90, in join
2025 Feb 11 02:37:54.998377 sonic INFO featured[8772]:   File "<frozen genericpath>", line 152, in _check_arg_types
2025 Feb 11 02:37:54.998401 sonic INFO featured[8772]: TypeError: join() argument must be str, bytes, or os.PathLike object, not 'NoneType'
2025 Feb 11 02:37:55.022197 sonic NOTICE systemd[1]: featured.service: Main process exited, code=exited, status=1/FAILURE
2025 Feb 11 02:37:55.022387 sonic WARNING systemd[1]: featured.service: Failed with result 'exit-code'.
2025 Feb 11 02:37:55.091847 sonic INFO systemd[1]: Started featured.service - Feature configuration daemon.
2025 Feb 11 02:37:55.227039 sonic INFO featured: ConfigDB connect success
2025 Feb 11 02:37:55.231050 sonic INFO featured[8801]: Traceback (most recent call last):
2025 Feb 11 02:37:55.231121 sonic INFO featured[8801]:   File "/usr/local/bin/featured", line 598, in <module>
2025 Feb 11 02:37:55.231212 sonic INFO featured[8801]:     main()
2025 Feb 11 02:37:55.231270 sonic INFO featured[8801]:   File "/usr/local/bin/featured", line 591, in main
2025 Feb 11 02:37:55.231414 sonic INFO featured[8801]:     daemon = FeatureDaemon()
2025 Feb 11 02:37:55.231467 sonic INFO featured[8801]:              ^^^^^^^^^^^^^^^
2025 Feb 11 02:37:55.231497 sonic INFO featured[8801]:   File "/usr/local/bin/featured", line 529, in __init__
2025 Feb 11 02:37:55.231551 sonic INFO featured[8801]:     self.feature_handler = FeatureHandler(self.config_db, feature_state_table, self.device_config, self.advanced_boot)
2025 Feb 11 02:37:55.231592 sonic INFO featured[8801]:                            ^^^^^^^^^^^^^^^^^^^^^^^^^^^^^^^^^^^^^^^^^^^^^^^^^^^^^^^^^^^^^^^^^^^^^^^^^^^^^^^^^^^^^^^^^^^
2025 Feb 11 02:37:55.231633 sonic INFO featured[8801]:   File "/usr/local/bin/featured", line 136, in __init__
2025 Feb 11 02:37:55.231683 sonic INFO featured[8801]:     self._device_running_config = device_info.get_device_runtime_metadata()
2025 Feb 11 02:37:55.231723 sonic INFO featured[8801]:                                   ^^^^^^^^^^^^^^^^^^^^^^^^^^^^^^^^^^^^^^^^^
2025 Feb 11 02:37:55.231763 sonic INFO featured[8801]:   File "/usr/local/lib/python3.11/dist-packages/sonic_py_common/device_info.py", line 680, in get_device_runtime_metadata
2025 Feb 11 02:37:55.231814 sonic INFO featured[8801]:     port_metadata = {'ETHERNET_PORTS_PRESENT': True if get_path_to_port_config_file(hwsku=None, asic="0" if is_multi_npu() else None) else False}
2025 Feb 11 02:37:55.231864 sonic INFO featured[8801]:                                                        ^^^^^^^^^^^^^^^^^^^^^^^^^^^^^^^^^^^^^^^^^^^^^^^^^^^^^^^^^^^^^^^^^^^^^^^^^^^^^^
2025 Feb 11 02:37:55.231905 sonic INFO featured[8801]:   File "/usr/local/lib/python3.11/dist-packages/sonic_py_common/device_info.py", line 446, in get_path_to_port_config_file
2025 Feb 11 02:37:55.231958 sonic INFO featured[8801]:     (platform_path, hwsku_path) = get_paths_to_platform_and_hwsku_dirs()
2025 Feb 11 02:37:55.232003 sonic INFO featured[8801]:                                   ^^^^^^^^^^^^^^^^^^^^^^^^^^^^^^^^^^^^^^
2025 Feb 11 02:37:55.232044 sonic INFO featured[8801]:   File "/usr/local/lib/python3.11/dist-packages/sonic_py_common/device_info.py", line 412, in get_paths_to_platform_and_hwsku_dirs
2025 Feb 11 02:37:55.232086 sonic INFO featured[8801]:     hwsku_path = os.path.join(platform_path, hwsku)
2025 Feb 11 02:37:55.232125 sonic INFO featured[8801]:                  ^^^^^^^^^^^^^^^^^^^^^^^^^^^^^^^^^^
2025 Feb 11 02:37:55.232165 sonic INFO featured[8801]:   File "<frozen posixpath>", line 90, in join
2025 Feb 11 02:37:55.232204 sonic INFO featured[8801]:   File "<frozen genericpath>", line 152, in _check_arg_types
2025 Feb 11 02:37:55.232258 sonic INFO featured[8801]: TypeError: join() argument must be str, bytes, or os.PathLike object, not 'NoneType'
2025 Feb 11 02:37:55.250577 sonic NOTICE systemd[1]: featured.service: Main process exited, code=exited, status=1/FAILURE
2025 Feb 11 02:37:55.250718 sonic WARNING systemd[1]: featured.service: Failed with result 'exit-code'.
2025 Feb 11 02:37:55.287074 sonic INFO systemd[1]: Started featured.service - Feature configuration daemon.
2025 Feb 11 02:37:55.441765 sonic INFO featured: ConfigDB connect success
2025 Feb 11 02:37:55.445943 sonic INFO featured[8802]: Traceback (most recent call last):
2025 Feb 11 02:37:55.446013 sonic INFO featured[8802]:   File "/usr/local/bin/featured", line 598, in <module>
2025 Feb 11 02:37:55.446138 sonic INFO featured[8802]:     main()
2025 Feb 11 02:37:55.446189 sonic INFO featured[8802]:   File "/usr/local/bin/featured", line 591, in main
2025 Feb 11 02:37:55.446323 sonic INFO featured[8802]:     daemon = FeatureDaemon()
2025 Feb 11 02:37:55.446363 sonic INFO featured[8802]:              ^^^^^^^^^^^^^^^
2025 Feb 11 02:37:55.446380 sonic INFO featured[8802]:   File "/usr/local/bin/featured", line 529, in __init__
2025 Feb 11 02:37:55.446484 sonic INFO featured[8802]:     self.feature_handler = FeatureHandler(self.config_db, feature_state_table, self.device_config, self.advanced_boot)
2025 Feb 11 02:37:55.446523 sonic INFO featured[8802]:                            ^^^^^^^^^^^^^^^^^^^^^^^^^^^^^^^^^^^^^^^^^^^^^^^^^^^^^^^^^^^^^^^^^^^^^^^^^^^^^^^^^^^^^^^^^^^
2025 Feb 11 02:37:55.446540 sonic INFO featured[8802]:   File "/usr/local/bin/featured", line 136, in __init__
2025 Feb 11 02:37:55.446580 sonic INFO featured[8802]:     self._device_running_config = device_info.get_device_runtime_metadata()
2025 Feb 11 02:37:55.446612 sonic INFO featured[8802]:                                   ^^^^^^^^^^^^^^^^^^^^^^^^^^^^^^^^^^^^^^^^^
2025 Feb 11 02:37:55.446628 sonic INFO featured[8802]:   File "/usr/local/lib/python3.11/dist-packages/sonic_py_common/device_info.py", line 680, in get_device_runtime_metadata
2025 Feb 11 02:37:55.446746 sonic INFO featured[8802]:     port_metadata = {'ETHERNET_PORTS_PRESENT': True if get_path_to_port_config_file(hwsku=None, asic="0" if is_multi_npu() else None) else False}
2025 Feb 11 02:37:55.446784 sonic INFO featured[8802]:                                                        ^^^^^^^^^^^^^^^^^^^^^^^^^^^^^^^^^^^^^^^^^^^^^^^^^^^^^^^^^^^^^^^^^^^^^^^^^^^^^^
2025 Feb 11 02:37:55.446806 sonic INFO featured[8802]:   File "/usr/local/lib/python3.11/dist-packages/sonic_py_common/device_info.py", line 446, in get_path_to_port_config_file
2025 Feb 11 02:37:55.446873 sonic INFO featured[8802]:     (platform_path, hwsku_path) = get_paths_to_platform_and_hwsku_dirs()
2025 Feb 11 02:37:55.446904 sonic INFO featured[8802]:                                   ^^^^^^^^^^^^^^^^^^^^^^^^^^^^^^^^^^^^^^
2025 Feb 11 02:37:55.446921 sonic INFO featured[8802]:   File "/usr/local/lib/python3.11/dist-packages/sonic_py_common/device_info.py", line 412, in get_paths_to_platform_and_hwsku_dirs
2025 Feb 11 02:37:55.446978 sonic INFO featured[8802]:     hwsku_path = os.path.join(platform_path, hwsku)
2025 Feb 11 02:37:55.447010 sonic INFO featured[8802]:                  ^^^^^^^^^^^^^^^^^^^^^^^^^^^^^^^^^^
2025 Feb 11 02:37:55.447035 sonic INFO featured[8802]:   File "<frozen posixpath>", line 90, in join
2025 Feb 11 02:37:55.447051 sonic INFO featured[8802]:   File "<frozen genericpath>", line 152, in _check_arg_types
2025 Feb 11 02:37:55.447081 sonic INFO featured[8802]: TypeError: join() argument must be str, bytes, or os.PathLike object, not 'NoneType'
2025 Feb 11 02:37:55.466017 sonic NOTICE systemd[1]: featured.service: Main process exited, code=exited, status=1/FAILURE
2025 Feb 11 02:37:55.466162 sonic WARNING systemd[1]: featured.service: Failed with result 'exit-code'.
2025 Feb 11 02:37:55.490632 sonic INFO systemd[1]: Started featured.service - Feature configuration daemon.
2025 Feb 11 02:37:55.644237 sonic INFO featured: ConfigDB connect success
2025 Feb 11 02:37:55.648343 sonic INFO featured[8805]: Traceback (most recent call last):
2025 Feb 11 02:37:55.648395 sonic INFO featured[8805]:   File "/usr/local/bin/featured", line 598, in <module>
2025 Feb 11 02:37:55.648548 sonic INFO featured[8805]:     main()
2025 Feb 11 02:37:55.648588 sonic INFO featured[8805]:   File "/usr/local/bin/featured", line 591, in main
2025 Feb 11 02:37:55.648705 sonic INFO featured[8805]:     daemon = FeatureDaemon()
2025 Feb 11 02:37:55.648746 sonic INFO featured[8805]:              ^^^^^^^^^^^^^^^
2025 Feb 11 02:37:55.648768 sonic INFO featured[8805]:   File "/usr/local/bin/featured", line 529, in __init__
2025 Feb 11 02:37:55.648819 sonic INFO featured[8805]:     self.feature_handler = FeatureHandler(self.config_db, feature_state_table, self.device_config, self.advanced_boot)
2025 Feb 11 02:37:55.648858 sonic INFO featured[8805]:                            ^^^^^^^^^^^^^^^^^^^^^^^^^^^^^^^^^^^^^^^^^^^^^^^^^^^^^^^^^^^^^^^^^^^^^^^^^^^^^^^^^^^^^^^^^^^
2025 Feb 11 02:37:55.648876 sonic INFO featured[8805]:   File "/usr/local/bin/featured", line 136, in __init__
2025 Feb 11 02:37:55.648923 sonic INFO featured[8805]:     self._device_running_config = device_info.get_device_runtime_metadata()
2025 Feb 11 02:37:55.648955 sonic INFO featured[8805]:                                   ^^^^^^^^^^^^^^^^^^^^^^^^^^^^^^^^^^^^^^^^^
2025 Feb 11 02:37:55.648971 sonic INFO featured[8805]:   File "/usr/local/lib/python3.11/dist-packages/sonic_py_common/device_info.py", line 680, in get_device_runtime_metadata
2025 Feb 11 02:37:55.649085 sonic INFO featured[8805]:     port_metadata = {'ETHERNET_PORTS_PRESENT': True if get_path_to_port_config_file(hwsku=None, asic="0" if is_multi_npu() else None) else False}
2025 Feb 11 02:37:55.649124 sonic INFO featured[8805]:                                                        ^^^^^^^^^^^^^^^^^^^^^^^^^^^^^^^^^^^^^^^^^^^^^^^^^^^^^^^^^^^^^^^^^^^^^^^^^^^^^^
2025 Feb 11 02:37:55.649141 sonic INFO featured[8805]:   File "/usr/local/lib/python3.11/dist-packages/sonic_py_common/device_info.py", line 446, in get_path_to_port_config_file
2025 Feb 11 02:37:55.649206 sonic INFO featured[8805]:     (platform_path, hwsku_path) = get_paths_to_platform_and_hwsku_dirs()
2025 Feb 11 02:37:55.649238 sonic INFO featured[8805]:                                   ^^^^^^^^^^^^^^^^^^^^^^^^^^^^^^^^^^^^^^
2025 Feb 11 02:37:55.649254 sonic INFO featured[8805]:   File "/usr/local/lib/python3.11/dist-packages/sonic_py_common/device_info.py", line 412, in get_paths_to_platform_and_hwsku_dirs
2025 Feb 11 02:37:55.649374 sonic INFO featured[8805]:     hwsku_path = os.path.join(platform_path, hwsku)
2025 Feb 11 02:37:55.649404 sonic INFO featured[8805]:                  ^^^^^^^^^^^^^^^^^^^^^^^^^^^^^^^^^^
2025 Feb 11 02:37:55.649420 sonic INFO featured[8805]:   File "<frozen posixpath>", line 90, in join
2025 Feb 11 02:37:55.649444 sonic INFO featured[8805]:   File "<frozen genericpath>", line 152, in _check_arg_types
2025 Feb 11 02:37:55.649524 sonic INFO featured[8805]: TypeError: join() argument must be str, bytes, or os.PathLike object, not 'NoneType'
2025 Feb 11 02:37:55.669109 sonic NOTICE systemd[1]: featured.service: Main process exited, code=exited, status=1/FAILURE
2025 Feb 11 02:37:55.669261 sonic WARNING systemd[1]: featured.service: Failed with result 'exit-code'.
2025 Feb 11 02:37:55.698639 sonic INFO systemd[1]: Started featured.service - Feature configuration daemon.
2025 Feb 11 02:37:55.846087 sonic INFO featured: ConfigDB connect success
2025 Feb 11 02:37:55.850098 sonic INFO featured[8806]: Traceback (most recent call last):
2025 Feb 11 02:37:55.850160 sonic INFO featured[8806]:   File "/usr/local/bin/featured", line 598, in <module>
2025 Feb 11 02:37:55.850330 sonic INFO featured[8806]:     main()
2025 Feb 11 02:37:55.850368 sonic INFO featured[8806]:   File "/usr/local/bin/featured", line 591, in main
2025 Feb 11 02:37:55.850491 sonic INFO featured[8806]:     daemon = FeatureDaemon()
2025 Feb 11 02:37:55.850528 sonic INFO featured[8806]:              ^^^^^^^^^^^^^^^
2025 Feb 11 02:37:55.850553 sonic INFO featured[8806]:   File "/usr/local/bin/featured", line 529, in __init__
2025 Feb 11 02:37:55.850615 sonic INFO featured[8806]:     self.feature_handler = FeatureHandler(self.config_db, feature_state_table, self.device_config, self.advanced_boot)
2025 Feb 11 02:37:55.850676 sonic INFO featured[8806]:                            ^^^^^^^^^^^^^^^^^^^^^^^^^^^^^^^^^^^^^^^^^^^^^^^^^^^^^^^^^^^^^^^^^^^^^^^^^^^^^^^^^^^^^^^^^^^
2025 Feb 11 02:37:55.850720 sonic INFO featured[8806]:   File "/usr/local/bin/featured", line 136, in __init__
2025 Feb 11 02:37:55.850759 sonic INFO featured[8806]:     self._device_running_config = device_info.get_device_runtime_metadata()
2025 Feb 11 02:37:55.850813 sonic INFO featured[8806]:                                   ^^^^^^^^^^^^^^^^^^^^^^^^^^^^^^^^^^^^^^^^^
2025 Feb 11 02:37:55.850854 sonic INFO featured[8806]:   File "/usr/local/lib/python3.11/dist-packages/sonic_py_common/device_info.py", line 680, in get_device_runtime_metadata
2025 Feb 11 02:37:55.850898 sonic INFO featured[8806]:     port_metadata = {'ETHERNET_PORTS_PRESENT': True if get_path_to_port_config_file(hwsku=None, asic="0" if is_multi_npu() else None) else False}
2025 Feb 11 02:37:55.850952 sonic INFO featured[8806]:                                                        ^^^^^^^^^^^^^^^^^^^^^^^^^^^^^^^^^^^^^^^^^^^^^^^^^^^^^^^^^^^^^^^^^^^^^^^^^^^^^^
2025 Feb 11 02:37:55.850994 sonic INFO featured[8806]:   File "/usr/local/lib/python3.11/dist-packages/sonic_py_common/device_info.py", line 446, in get_path_to_port_config_file
2025 Feb 11 02:37:55.851042 sonic INFO featured[8806]:     (platform_path, hwsku_path) = get_paths_to_platform_and_hwsku_dirs()
2025 Feb 11 02:37:55.851082 sonic INFO featured[8806]:                                   ^^^^^^^^^^^^^^^^^^^^^^^^^^^^^^^^^^^^^^
2025 Feb 11 02:37:55.851124 sonic INFO featured[8806]:   File "/usr/local/lib/python3.11/dist-packages/sonic_py_common/device_info.py", line 412, in get_paths_to_platform_and_hwsku_dirs
2025 Feb 11 02:37:55.851177 sonic INFO featured[8806]:     hwsku_path = os.path.join(platform_path, hwsku)
2025 Feb 11 02:37:55.851219 sonic INFO featured[8806]:                  ^^^^^^^^^^^^^^^^^^^^^^^^^^^^^^^^^^
2025 Feb 11 02:37:55.851259 sonic INFO featured[8806]:   File "<frozen posixpath>", line 90, in join
2025 Feb 11 02:37:55.851326 sonic INFO featured[8806]:   File "<frozen genericpath>", line 152, in _check_arg_types
2025 Feb 11 02:37:55.851368 sonic INFO featured[8806]: TypeError: join() argument must be str, bytes, or os.PathLike object, not 'NoneType'
2025 Feb 11 02:37:55.869985 sonic NOTICE systemd[1]: featured.service: Main process exited, code=exited, status=1/FAILURE
2025 Feb 11 02:37:55.870077 sonic WARNING systemd[1]: featured.service: Failed with result 'exit-code'.
2025 Feb 11 02:37:55.871660 sonic WARNING systemd[1]: featured.service: Start request repeated too quickly.
2025 Feb 11 02:37:55.871738 sonic WARNING systemd[1]: featured.service: Failed with result 'exit-code'.
2025 Feb 11 02:37:55.871804 sonic ERR systemd[1]: Failed to start featured.service - Feature configuration daemon.
2025 Feb 11 02:37:58.288885 sonic WARNING systemd[1]: featured.service: Start request repeated too quickly.
2025 Feb 11 02:37:58.290274 sonic WARNING systemd[1]: featured.service: Failed with result 'exit-code'.
2025 Feb 11 02:37:58.290608 sonic ERR systemd[1]: Failed to start featured.service - Feature configuration daemon.
2025 Feb 11 02:38:08.302763 sonic INFO systemd[1]: Started featured.service - Feature configuration daemon.
2025 Feb 11 02:38:08.437285 sonic INFO featured: ConfigDB connect success
2025 Feb 11 02:38:08.441346 sonic INFO featured[8835]: Traceback (most recent call last):
2025 Feb 11 02:38:08.441397 sonic INFO featured[8835]:   File "/usr/local/bin/featured", line 598, in <module>
2025 Feb 11 02:38:08.441595 sonic INFO featured[8835]:     main()
2025 Feb 11 02:38:08.441635 sonic INFO featured[8835]:   File "/usr/local/bin/featured", line 591, in main
2025 Feb 11 02:38:08.441827 sonic INFO featured[8835]:     daemon = FeatureDaemon()
2025 Feb 11 02:38:08.441866 sonic INFO featured[8835]:              ^^^^^^^^^^^^^^^
2025 Feb 11 02:38:08.441883 sonic INFO featured[8835]:   File "/usr/local/bin/featured", line 529, in __init__
2025 Feb 11 02:38:08.442031 sonic INFO featured[8835]:     self.feature_handler = FeatureHandler(self.config_db, feature_state_table, self.device_config, self.advanced_boot)
2025 Feb 11 02:38:08.442070 sonic INFO featured[8835]:                            ^^^^^^^^^^^^^^^^^^^^^^^^^^^^^^^^^^^^^^^^^^^^^^^^^^^^^^^^^^^^^^^^^^^^^^^^^^^^^^^^^^^^^^^^^^^
2025 Feb 11 02:38:08.442087 sonic INFO featured[8835]:   File "/usr/local/bin/featured", line 136, in __init__
2025 Feb 11 02:38:08.442177 sonic INFO featured[8835]:     self._device_running_config = device_info.get_device_runtime_metadata()
2025 Feb 11 02:38:08.442227 sonic INFO featured[8835]:                                   ^^^^^^^^^^^^^^^^^^^^^^^^^^^^^^^^^^^^^^^^^
2025 Feb 11 02:38:08.442249 sonic INFO featured[8835]:   File "/usr/local/lib/python3.11/dist-packages/sonic_py_common/device_info.py", line 680, in get_device_runtime_metadata
2025 Feb 11 02:38:08.442440 sonic INFO featured[8835]:     port_metadata = {'ETHERNET_PORTS_PRESENT': True if get_path_to_port_config_file(hwsku=None, asic="0" if is_multi_npu() else None) else False}
2025 Feb 11 02:38:08.442491 sonic INFO featured[8835]:                                                        ^^^^^^^^^^^^^^^^^^^^^^^^^^^^^^^^^^^^^^^^^^^^^^^^^^^^^^^^^^^^^^^^^^^^^^^^^^^^^^
2025 Feb 11 02:38:08.442523 sonic INFO featured[8835]:   File "/usr/local/lib/python3.11/dist-packages/sonic_py_common/device_info.py", line 446, in get_path_to_port_config_file
2025 Feb 11 02:38:08.442647 sonic INFO featured[8835]:     (platform_path, hwsku_path) = get_paths_to_platform_and_hwsku_dirs()
2025 Feb 11 02:38:08.442680 sonic INFO featured[8835]:                                   ^^^^^^^^^^^^^^^^^^^^^^^^^^^^^^^^^^^^^^
2025 Feb 11 02:38:08.442702 sonic INFO featured[8835]:   File "/usr/local/lib/python3.11/dist-packages/sonic_py_common/device_info.py", line 412, in get_paths_to_platform_and_hwsku_dirs
2025 Feb 11 02:38:08.442822 sonic INFO featured[8835]:     hwsku_path = os.path.join(platform_path, hwsku)
2025 Feb 11 02:38:08.442871 sonic INFO featured[8835]:                  ^^^^^^^^^^^^^^^^^^^^^^^^^^^^^^^^^^
2025 Feb 11 02:38:08.442903 sonic INFO featured[8835]:   File "<frozen posixpath>", line 90, in join
2025 Feb 11 02:38:08.442932 sonic INFO featured[8835]:   File "<frozen genericpath>", line 152, in _check_arg_types
2025 Feb 11 02:38:08.442948 sonic INFO featured[8835]: TypeError: join() argument must be str, bytes, or os.PathLike object, not 'NoneType'
2025 Feb 11 02:38:08.461105 sonic NOTICE systemd[1]: featured.service: Main process exited, code=exited, status=1/FAILURE
2025 Feb 11 02:38:08.461242 sonic WARNING systemd[1]: featured.service: Failed with result 'exit-code'.
2025 Feb 11 02:38:08.508375 sonic INFO systemd[1]: Started featured.service - Feature configuration daemon.
2025 Feb 11 02:38:08.652252 sonic INFO featured: ConfigDB connect success
2025 Feb 11 02:38:08.656240 sonic INFO featured[8836]: Traceback (most recent call last):
2025 Feb 11 02:38:08.656287 sonic INFO featured[8836]:   File "/usr/local/bin/featured", line 598, in <module>
2025 Feb 11 02:38:08.656486 sonic INFO featured[8836]:     main()
2025 Feb 11 02:38:08.656525 sonic INFO featured[8836]:   File "/usr/local/bin/featured", line 591, in main
2025 Feb 11 02:38:08.656646 sonic INFO featured[8836]:     daemon = FeatureDaemon()
2025 Feb 11 02:38:08.656692 sonic INFO featured[8836]:              ^^^^^^^^^^^^^^^
2025 Feb 11 02:38:08.656710 sonic INFO featured[8836]:   File "/usr/local/bin/featured", line 529, in __init__
2025 Feb 11 02:38:08.656768 sonic INFO featured[8836]:     self.feature_handler = FeatureHandler(self.config_db, feature_state_table, self.device_config, self.advanced_boot)
2025 Feb 11 02:38:08.656816 sonic INFO featured[8836]:                            ^^^^^^^^^^^^^^^^^^^^^^^^^^^^^^^^^^^^^^^^^^^^^^^^^^^^^^^^^^^^^^^^^^^^^^^^^^^^^^^^^^^^^^^^^^^
2025 Feb 11 02:38:08.656839 sonic INFO featured[8836]:   File "/usr/local/bin/featured", line 136, in __init__
2025 Feb 11 02:38:08.656871 sonic INFO featured[8836]:     self._device_running_config = device_info.get_device_runtime_metadata()
2025 Feb 11 02:38:08.656894 sonic INFO featured[8836]:                                   ^^^^^^^^^^^^^^^^^^^^^^^^^^^^^^^^^^^^^^^^^
2025 Feb 11 02:38:08.656912 sonic INFO featured[8836]:   File "/usr/local/lib/python3.11/dist-packages/sonic_py_common/device_info.py", line 680, in get_device_runtime_metadata
2025 Feb 11 02:38:08.657034 sonic INFO featured[8836]:     port_metadata = {'ETHERNET_PORTS_PRESENT': True if get_path_to_port_config_file(hwsku=None, asic="0" if is_multi_npu() else None) else False}
2025 Feb 11 02:38:08.657073 sonic INFO featured[8836]:                                                        ^^^^^^^^^^^^^^^^^^^^^^^^^^^^^^^^^^^^^^^^^^^^^^^^^^^^^^^^^^^^^^^^^^^^^^^^^^^^^^
2025 Feb 11 02:38:08.657090 sonic INFO featured[8836]:   File "/usr/local/lib/python3.11/dist-packages/sonic_py_common/device_info.py", line 446, in get_path_to_port_config_file
2025 Feb 11 02:38:08.657155 sonic INFO featured[8836]:     (platform_path, hwsku_path) = get_paths_to_platform_and_hwsku_dirs()
2025 Feb 11 02:38:08.657186 sonic INFO featured[8836]:                                   ^^^^^^^^^^^^^^^^^^^^^^^^^^^^^^^^^^^^^^
2025 Feb 11 02:38:08.657207 sonic INFO featured[8836]:   File "/usr/local/lib/python3.11/dist-packages/sonic_py_common/device_info.py", line 412, in get_paths_to_platform_and_hwsku_dirs
2025 Feb 11 02:38:08.657263 sonic INFO featured[8836]:     hwsku_path = os.path.join(platform_path, hwsku)
2025 Feb 11 02:38:08.657312 sonic INFO featured[8836]:                  ^^^^^^^^^^^^^^^^^^^^^^^^^^^^^^^^^^
2025 Feb 11 02:38:08.657337 sonic INFO featured[8836]:   File "<frozen posixpath>", line 90, in join
2025 Feb 11 02:38:08.657353 sonic INFO featured[8836]:   File "<frozen genericpath>", line 152, in _check_arg_types
2025 Feb 11 02:38:08.657370 sonic INFO featured[8836]: TypeError: join() argument must be str, bytes, or os.PathLike object, not 'NoneType'
2025 Feb 11 02:38:08.675866 sonic NOTICE systemd[1]: featured.service: Main process exited, code=exited, status=1/FAILURE
2025 Feb 11 02:38:08.676074 sonic WARNING systemd[1]: featured.service: Failed with result 'exit-code'.
2025 Feb 11 02:38:08.702604 sonic INFO systemd[1]: Started featured.service - Feature configuration daemon.
2025 Feb 11 02:38:08.848734 sonic INFO featured: ConfigDB connect success
2025 Feb 11 02:38:08.852691 sonic INFO featured[8839]: Traceback (most recent call last):
2025 Feb 11 02:38:08.852747 sonic INFO featured[8839]:   File "/usr/local/bin/featured", line 598, in <module>
2025 Feb 11 02:38:08.852869 sonic INFO featured[8839]:     main()
2025 Feb 11 02:38:08.852909 sonic INFO featured[8839]:   File "/usr/local/bin/featured", line 591, in main
2025 Feb 11 02:38:08.853027 sonic INFO featured[8839]:     daemon = FeatureDaemon()
2025 Feb 11 02:38:08.853066 sonic INFO featured[8839]:              ^^^^^^^^^^^^^^^
2025 Feb 11 02:38:08.853083 sonic INFO featured[8839]:   File "/usr/local/bin/featured", line 529, in __init__
2025 Feb 11 02:38:08.853170 sonic INFO featured[8839]:     self.feature_handler = FeatureHandler(self.config_db, feature_state_table, self.device_config, self.advanced_boot)
2025 Feb 11 02:38:08.853209 sonic INFO featured[8839]:                            ^^^^^^^^^^^^^^^^^^^^^^^^^^^^^^^^^^^^^^^^^^^^^^^^^^^^^^^^^^^^^^^^^^^^^^^^^^^^^^^^^^^^^^^^^^^
2025 Feb 11 02:38:08.853226 sonic INFO featured[8839]:   File "/usr/local/bin/featured", line 136, in __init__
2025 Feb 11 02:38:08.853247 sonic INFO featured[8839]:     self._device_running_config = device_info.get_device_runtime_metadata()
2025 Feb 11 02:38:08.853281 sonic INFO featured[8839]:                                   ^^^^^^^^^^^^^^^^^^^^^^^^^^^^^^^^^^^^^^^^^
2025 Feb 11 02:38:08.853325 sonic INFO featured[8839]:   File "/usr/local/lib/python3.11/dist-packages/sonic_py_common/device_info.py", line 680, in get_device_runtime_metadata
2025 Feb 11 02:38:08.853441 sonic INFO featured[8839]:     port_metadata = {'ETHERNET_PORTS_PRESENT': True if get_path_to_port_config_file(hwsku=None, asic="0" if is_multi_npu() else None) else False}
2025 Feb 11 02:38:08.853515 sonic INFO featured[8839]:                                                        ^^^^^^^^^^^^^^^^^^^^^^^^^^^^^^^^^^^^^^^^^^^^^^^^^^^^^^^^^^^^^^^^^^^^^^^^^^^^^^
2025 Feb 11 02:38:08.853542 sonic INFO featured[8839]:   File "/usr/local/lib/python3.11/dist-packages/sonic_py_common/device_info.py", line 446, in get_path_to_port_config_file
2025 Feb 11 02:38:08.853606 sonic INFO featured[8839]:     (platform_path, hwsku_path) = get_paths_to_platform_and_hwsku_dirs()
2025 Feb 11 02:38:08.853637 sonic INFO featured[8839]:                                   ^^^^^^^^^^^^^^^^^^^^^^^^^^^^^^^^^^^^^^
2025 Feb 11 02:38:08.853669 sonic INFO featured[8839]:   File "/usr/local/lib/python3.11/dist-packages/sonic_py_common/device_info.py", line 412, in get_paths_to_platform_and_hwsku_dirs
2025 Feb 11 02:38:08.853714 sonic INFO featured[8839]:     hwsku_path = os.path.join(platform_path, hwsku)
2025 Feb 11 02:38:08.853746 sonic INFO featured[8839]:                  ^^^^^^^^^^^^^^^^^^^^^^^^^^^^^^^^^^
2025 Feb 11 02:38:08.853771 sonic INFO featured[8839]:   File "<frozen posixpath>", line 90, in join
2025 Feb 11 02:38:08.853786 sonic INFO featured[8839]:   File "<frozen genericpath>", line 152, in _check_arg_types
2025 Feb 11 02:38:08.853816 sonic INFO featured[8839]: TypeError: join() argument must be str, bytes, or os.PathLike object, not 'NoneType'
2025 Feb 11 02:38:08.872037 sonic NOTICE systemd[1]: featured.service: Main process exited, code=exited, status=1/FAILURE
2025 Feb 11 02:38:08.872256 sonic WARNING systemd[1]: featured.service: Failed with result 'exit-code'.
2025 Feb 11 02:38:08.899244 sonic INFO systemd[1]: Started featured.service - Feature configuration daemon.
2025 Feb 11 02:38:09.031502 sonic INFO featured: ConfigDB connect success
2025 Feb 11 02:38:09.035595 sonic INFO featured[8840]: Traceback (most recent call last):
2025 Feb 11 02:38:09.035642 sonic INFO featured[8840]:   File "/usr/local/bin/featured", line 598, in <module>
2025 Feb 11 02:38:09.035758 sonic INFO featured[8840]:     main()
2025 Feb 11 02:38:09.035797 sonic INFO featured[8840]:   File "/usr/local/bin/featured", line 591, in main
2025 Feb 11 02:38:09.035913 sonic INFO featured[8840]:     daemon = FeatureDaemon()
2025 Feb 11 02:38:09.035953 sonic INFO featured[8840]:              ^^^^^^^^^^^^^^^
2025 Feb 11 02:38:09.035976 sonic INFO featured[8840]:   File "/usr/local/bin/featured", line 529, in __init__
2025 Feb 11 02:38:09.036011 sonic INFO featured[8840]:     self.feature_handler = FeatureHandler(self.config_db, feature_state_table, self.device_config, self.advanced_boot)
2025 Feb 11 02:38:09.036064 sonic INFO featured[8840]:                            ^^^^^^^^^^^^^^^^^^^^^^^^^^^^^^^^^^^^^^^^^^^^^^^^^^^^^^^^^^^^^^^^^^^^^^^^^^^^^^^^^^^^^^^^^^^
2025 Feb 11 02:38:09.036093 sonic INFO featured[8840]:   File "/usr/local/bin/featured", line 136, in __init__
2025 Feb 11 02:38:09.036146 sonic INFO featured[8840]:     self._device_running_config = device_info.get_device_runtime_metadata()
2025 Feb 11 02:38:09.036178 sonic INFO featured[8840]:                                   ^^^^^^^^^^^^^^^^^^^^^^^^^^^^^^^^^^^^^^^^^
2025 Feb 11 02:38:09.036203 sonic INFO featured[8840]:   File "/usr/local/lib/python3.11/dist-packages/sonic_py_common/device_info.py", line 680, in get_device_runtime_metadata
2025 Feb 11 02:38:09.036283 sonic INFO featured[8840]:     port_metadata = {'ETHERNET_PORTS_PRESENT': True if get_path_to_port_config_file(hwsku=None, asic="0" if is_multi_npu() else None) else False}
2025 Feb 11 02:38:09.036334 sonic INFO featured[8840]:                                                        ^^^^^^^^^^^^^^^^^^^^^^^^^^^^^^^^^^^^^^^^^^^^^^^^^^^^^^^^^^^^^^^^^^^^^^^^^^^^^^
2025 Feb 11 02:38:09.036357 sonic INFO featured[8840]:   File "/usr/local/lib/python3.11/dist-packages/sonic_py_common/device_info.py", line 446, in get_path_to_port_config_file
2025 Feb 11 02:38:09.036434 sonic INFO featured[8840]:     (platform_path, hwsku_path) = get_paths_to_platform_and_hwsku_dirs()
2025 Feb 11 02:38:09.036471 sonic INFO featured[8840]:                                   ^^^^^^^^^^^^^^^^^^^^^^^^^^^^^^^^^^^^^^
2025 Feb 11 02:38:09.036496 sonic INFO featured[8840]:   File "/usr/local/lib/python3.11/dist-packages/sonic_py_common/device_info.py", line 412, in get_paths_to_platform_and_hwsku_dirs
2025 Feb 11 02:38:09.036530 sonic INFO featured[8840]:     hwsku_path = os.path.join(platform_path, hwsku)
2025 Feb 11 02:38:09.036562 sonic INFO featured[8840]:                  ^^^^^^^^^^^^^^^^^^^^^^^^^^^^^^^^^^
2025 Feb 11 02:38:09.036587 sonic INFO featured[8840]:   File "<frozen posixpath>", line 90, in join
2025 Feb 11 02:38:09.036610 sonic INFO featured[8840]:   File "<frozen genericpath>", line 152, in _check_arg_types
2025 Feb 11 02:38:09.036634 sonic INFO featured[8840]: TypeError: join() argument must be str, bytes, or os.PathLike object, not 'NoneType'
2025 Feb 11 02:38:09.054349 sonic NOTICE systemd[1]: featured.service: Main process exited, code=exited, status=1/FAILURE
2025 Feb 11 02:38:09.054502 sonic WARNING systemd[1]: featured.service: Failed with result 'exit-code'.
2025 Feb 11 02:38:09.086584 sonic INFO systemd[1]: Started featured.service - Feature configuration daemon.
2025 Feb 11 02:38:09.215390 sonic INFO featured: ConfigDB connect success
2025 Feb 11 02:38:09.219419 sonic INFO featured[8841]: Traceback (most recent call last):
2025 Feb 11 02:38:09.219478 sonic INFO featured[8841]:   File "/usr/local/bin/featured", line 598, in <module>
2025 Feb 11 02:38:09.219559 sonic INFO featured[8841]:     main()
2025 Feb 11 02:38:09.219597 sonic INFO featured[8841]:   File "/usr/local/bin/featured", line 591, in main
2025 Feb 11 02:38:09.219707 sonic INFO featured[8841]:     daemon = FeatureDaemon()
2025 Feb 11 02:38:09.219787 sonic INFO featured[8841]:              ^^^^^^^^^^^^^^^
2025 Feb 11 02:38:09.219813 sonic INFO featured[8841]:   File "/usr/local/bin/featured", line 529, in __init__
2025 Feb 11 02:38:09.219836 sonic INFO featured[8841]:     self.feature_handler = FeatureHandler(self.config_db, feature_state_table, self.device_config, self.advanced_boot)
2025 Feb 11 02:38:09.219858 sonic INFO featured[8841]:                            ^^^^^^^^^^^^^^^^^^^^^^^^^^^^^^^^^^^^^^^^^^^^^^^^^^^^^^^^^^^^^^^^^^^^^^^^^^^^^^^^^^^^^^^^^^^
2025 Feb 11 02:38:09.219883 sonic INFO featured[8841]:   File "/usr/local/bin/featured", line 136, in __init__
2025 Feb 11 02:38:09.219912 sonic INFO featured[8841]:     self._device_running_config = device_info.get_device_runtime_metadata()
2025 Feb 11 02:38:09.219935 sonic INFO featured[8841]:                                   ^^^^^^^^^^^^^^^^^^^^^^^^^^^^^^^^^^^^^^^^^
2025 Feb 11 02:38:09.219959 sonic INFO featured[8841]:   File "/usr/local/lib/python3.11/dist-packages/sonic_py_common/device_info.py", line 680, in get_device_runtime_metadata
2025 Feb 11 02:38:09.220057 sonic INFO featured[8841]:     port_metadata = {'ETHERNET_PORTS_PRESENT': True if get_path_to_port_config_file(hwsku=None, asic="0" if is_multi_npu() else None) else False}
2025 Feb 11 02:38:09.220096 sonic INFO featured[8841]:                                                        ^^^^^^^^^^^^^^^^^^^^^^^^^^^^^^^^^^^^^^^^^^^^^^^^^^^^^^^^^^^^^^^^^^^^^^^^^^^^^^
2025 Feb 11 02:38:09.220121 sonic INFO featured[8841]:   File "/usr/local/lib/python3.11/dist-packages/sonic_py_common/device_info.py", line 446, in get_path_to_port_config_file
2025 Feb 11 02:38:09.220175 sonic INFO featured[8841]:     (platform_path, hwsku_path) = get_paths_to_platform_and_hwsku_dirs()
2025 Feb 11 02:38:09.220207 sonic INFO featured[8841]:                                   ^^^^^^^^^^^^^^^^^^^^^^^^^^^^^^^^^^^^^^
2025 Feb 11 02:38:09.220234 sonic INFO featured[8841]:   File "/usr/local/lib/python3.11/dist-packages/sonic_py_common/device_info.py", line 412, in get_paths_to_platform_and_hwsku_dirs
2025 Feb 11 02:38:09.220280 sonic INFO featured[8841]:     hwsku_path = os.path.join(platform_path, hwsku)
2025 Feb 11 02:38:09.220348 sonic INFO featured[8841]:                  ^^^^^^^^^^^^^^^^^^^^^^^^^^^^^^^^^^
2025 Feb 11 02:38:09.220376 sonic INFO featured[8841]:   File "<frozen posixpath>", line 90, in join
2025 Feb 11 02:38:09.220399 sonic INFO featured[8841]:   File "<frozen genericpath>", line 152, in _check_arg_types
2025 Feb 11 02:38:09.220415 sonic INFO featured[8841]: TypeError: join() argument must be str, bytes, or os.PathLike object, not 'NoneType'
2025 Feb 11 02:38:09.237877 sonic NOTICE systemd[1]: featured.service: Main process exited, code=exited, status=1/FAILURE
2025 Feb 11 02:38:09.238012 sonic WARNING systemd[1]: featured.service: Failed with result 'exit-code'.
2025 Feb 11 02:38:09.239579 sonic WARNING systemd[1]: featured.service: Start request repeated too quickly.
2025 Feb 11 02:38:09.239653 sonic WARNING systemd[1]: featured.service: Failed with result 'exit-code'.
2025 Feb 11 02:38:09.239697 sonic ERR systemd[1]: Failed to start featured.service - Feature configuration daemon.
2025 Feb 11 02:38:11.280808 sonic INFO systemd[1]: caclmgrd.service: Scheduled restart job, restart counter is at 22.
2025 Feb 11 02:38:11.281156 sonic INFO systemd[1]: Stopped caclmgrd.service - Control Plane ACL configuration daemon.
2025 Feb 11 02:38:11.307591 sonic INFO systemd[1]: Started caclmgrd.service - Control Plane ACL configuration daemon.
2025 Feb 11 02:38:11.308054 sonic WARNING systemd[1]: featured.service: Start request repeated too quickly.
2025 Feb 11 02:38:11.308163 sonic WARNING systemd[1]: featured.service: Failed with result 'exit-code'.
2025 Feb 11 02:38:11.308229 sonic ERR systemd[1]: Failed to start featured.service - Feature configuration daemon.
2025 Feb 11 02:38:11.310355 sonic WARNING systemd[1]: featured.service: Start request repeated too quickly.
2025 Feb 11 02:38:11.310418 sonic WARNING systemd[1]: featured.service: Failed with result 'exit-code'.
2025 Feb 11 02:38:11.310472 sonic ERR systemd[1]: Failed to start featured.service - Feature configuration daemon.
2025 Feb 11 02:38:11.415062 sonic INFO caclmgrd[8846]: Traceback (most recent call last):
2025 Feb 11 02:38:11.415138 sonic INFO caclmgrd[8846]:   File "/usr/local/bin/caclmgrd", line 1146, in <module>
2025 Feb 11 02:38:11.415169 sonic INFO caclmgrd[8846]:     main()
2025 Feb 11 02:38:11.415186 sonic INFO caclmgrd[8846]:   File "/usr/local/bin/caclmgrd", line 1137, in main
2025 Feb 11 02:38:11.415224 sonic INFO caclmgrd[8846]:     caclmgr = ControlPlaneAclManager(SYSLOG_IDENTIFIER)
2025 Feb 11 02:38:11.415249 sonic INFO caclmgrd[8846]:               ^^^^^^^^^^^^^^^^^^^^^^^^^^^^^^^^^^^^^^^^^
2025 Feb 11 02:38:11.415275 sonic INFO caclmgrd[8846]:   File "/usr/local/bin/caclmgrd", line 156, in __init__
2025 Feb 11 02:38:11.415330 sonic INFO caclmgrd[8846]:     if 'subtype' in metadata['localhost'] and metadata['localhost']['subtype'] == 'DualToR':
2025 Feb 11 02:38:11.415361 sonic INFO caclmgrd[8846]:                     ~~~~~~~~^^^^^^^^^^^^^
2025 Feb 11 02:38:11.415377 sonic INFO caclmgrd[8846]: KeyError: 'localhost'
2025 Feb 11 02:38:11.426897 sonic NOTICE systemd[1]: caclmgrd.service: Main process exited, code=exited, status=1/FAILURE
2025 Feb 11 02:38:11.427053 sonic WARNING systemd[1]: caclmgrd.service: Failed with result 'exit-code'.
2025 Feb 11 02:38:11.428582 sonic WARNING systemd[1]: featured.service: Start request repeated too quickly.
2025 Feb 11 02:38:11.428648 sonic WARNING systemd[1]: featured.service: Failed with result 'exit-code'.
2025 Feb 11 02:38:11.428711 sonic ERR systemd[1]: Failed to start featured.service - Feature configuration daemon.
2025 Feb 11 02:38:28.298700 sonic INFO systemd[1]: Started featured.service - Feature configuration daemon.
2025 Feb 11 02:38:28.447553 sonic INFO featured: ConfigDB connect success
2025 Feb 11 02:38:28.460423 sonic INFO featured[8893]: Traceback (most recent call last):
2025 Feb 11 02:38:28.460774 sonic INFO featured[8893]:   File "/usr/local/bin/featured", line 598, in <module>
2025 Feb 11 02:38:28.460885 sonic INFO featured[8893]:     main()
2025 Feb 11 02:38:28.460927 sonic INFO featured[8893]:   File "/usr/local/bin/featured", line 591, in main
2025 Feb 11 02:38:28.460963 sonic INFO featured[8893]:     daemon = FeatureDaemon()
2025 Feb 11 02:38:28.460999 sonic INFO featured[8893]:              ^^^^^^^^^^^^^^^
2025 Feb 11 02:38:28.461037 sonic INFO featured[8893]:   File "/usr/local/bin/featured", line 529, in __init__
2025 Feb 11 02:38:28.461076 sonic INFO featured[8893]:     self.feature_handler = FeatureHandler(self.config_db, feature_state_table, self.device_config, self.advanced_boot)
2025 Feb 11 02:38:28.461114 sonic INFO featured[8893]:                            ^^^^^^^^^^^^^^^^^^^^^^^^^^^^^^^^^^^^^^^^^^^^^^^^^^^^^^^^^^^^^^^^^^^^^^^^^^^^^^^^^^^^^^^^^^^
2025 Feb 11 02:38:28.461151 sonic INFO featured[8893]:   File "/usr/local/bin/featured", line 136, in __init__
2025 Feb 11 02:38:28.461202 sonic INFO featured[8893]:     self._device_running_config = device_info.get_device_runtime_metadata()
2025 Feb 11 02:38:28.461239 sonic INFO featured[8893]:                                   ^^^^^^^^^^^^^^^^^^^^^^^^^^^^^^^^^^^^^^^^^
2025 Feb 11 02:38:28.461275 sonic INFO featured[8893]:   File "/usr/local/lib/python3.11/dist-packages/sonic_py_common/device_info.py", line 680, in get_device_runtime_metadata
2025 Feb 11 02:38:28.461339 sonic INFO featured[8893]:     port_metadata = {'ETHERNET_PORTS_PRESENT': True if get_path_to_port_config_file(hwsku=None, asic="0" if is_multi_npu() else None) else False}
2025 Feb 11 02:38:28.461386 sonic INFO featured[8893]:                                                        ^^^^^^^^^^^^^^^^^^^^^^^^^^^^^^^^^^^^^^^^^^^^^^^^^^^^^^^^^^^^^^^^^^^^^^^^^^^^^^
2025 Feb 11 02:38:28.461471 sonic INFO featured[8893]:   File "/usr/local/lib/python3.11/dist-packages/sonic_py_common/device_info.py", line 446, in get_path_to_port_config_file
2025 Feb 11 02:38:28.461569 sonic INFO featured[8893]:     (platform_path, hwsku_path) = get_paths_to_platform_and_hwsku_dirs()
2025 Feb 11 02:38:28.461610 sonic INFO featured[8893]:                                   ^^^^^^^^^^^^^^^^^^^^^^^^^^^^^^^^^^^^^^
2025 Feb 11 02:38:28.461643 sonic INFO featured[8893]:   File "/usr/local/lib/python3.11/dist-packages/sonic_py_common/device_info.py", line 412, in get_paths_to_platform_and_hwsku_dirs
2025 Feb 11 02:38:28.461692 sonic INFO featured[8893]:     hwsku_path = os.path.join(platform_path, hwsku)
2025 Feb 11 02:38:28.461719 sonic INFO featured[8893]:                  ^^^^^^^^^^^^^^^^^^^^^^^^^^^^^^^^^^
2025 Feb 11 02:38:28.461763 sonic INFO featured[8893]:   File "<frozen posixpath>", line 90, in join
2025 Feb 11 02:38:28.461817 sonic INFO featured[8893]:   File "<frozen genericpath>", line 152, in _check_arg_types
2025 Feb 11 02:38:28.461885 sonic INFO featured[8893]: TypeError: join() argument must be str, bytes, or os.PathLike object, not 'NoneType'
2025 Feb 11 02:38:28.482802 sonic NOTICE systemd[1]: featured.service: Main process exited, code=exited, status=1/FAILURE
2025 Feb 11 02:38:28.482994 sonic WARNING systemd[1]: featured.service: Failed with result 'exit-code'.
2025 Feb 11 02:38:28.514693 sonic INFO systemd[1]: Started featured.service - Feature configuration daemon.
2025 Feb 11 02:38:28.660870 sonic INFO featured: ConfigDB connect success
2025 Feb 11 02:38:28.664834 sonic INFO featured[8894]: Traceback (most recent call last):
2025 Feb 11 02:38:28.664883 sonic INFO featured[8894]:   File "/usr/local/bin/featured", line 598, in <module>
2025 Feb 11 02:38:28.665034 sonic INFO featured[8894]:     main()
2025 Feb 11 02:38:28.665077 sonic INFO featured[8894]:   File "/usr/local/bin/featured", line 591, in main
2025 Feb 11 02:38:28.665196 sonic INFO featured[8894]:     daemon = FeatureDaemon()
2025 Feb 11 02:38:28.665244 sonic INFO featured[8894]:              ^^^^^^^^^^^^^^^
2025 Feb 11 02:38:28.665271 sonic INFO featured[8894]:   File "/usr/local/bin/featured", line 529, in __init__
2025 Feb 11 02:38:28.665335 sonic INFO featured[8894]:     self.feature_handler = FeatureHandler(self.config_db, feature_state_table, self.device_config, self.advanced_boot)
2025 Feb 11 02:38:28.665387 sonic INFO featured[8894]:                            ^^^^^^^^^^^^^^^^^^^^^^^^^^^^^^^^^^^^^^^^^^^^^^^^^^^^^^^^^^^^^^^^^^^^^^^^^^^^^^^^^^^^^^^^^^^
2025 Feb 11 02:38:28.665413 sonic INFO featured[8894]:   File "/usr/local/bin/featured", line 136, in __init__
2025 Feb 11 02:38:28.665457 sonic INFO featured[8894]:     self._device_running_config = device_info.get_device_runtime_metadata()
2025 Feb 11 02:38:28.665514 sonic INFO featured[8894]:                                   ^^^^^^^^^^^^^^^^^^^^^^^^^^^^^^^^^^^^^^^^^
2025 Feb 11 02:38:28.665540 sonic INFO featured[8894]:   File "/usr/local/lib/python3.11/dist-packages/sonic_py_common/device_info.py", line 680, in get_device_runtime_metadata
2025 Feb 11 02:38:28.665680 sonic INFO featured[8894]:     port_metadata = {'ETHERNET_PORTS_PRESENT': True if get_path_to_port_config_file(hwsku=None, asic="0" if is_multi_npu() else None) else False}
2025 Feb 11 02:38:28.665718 sonic INFO featured[8894]:                                                        ^^^^^^^^^^^^^^^^^^^^^^^^^^^^^^^^^^^^^^^^^^^^^^^^^^^^^^^^^^^^^^^^^^^^^^^^^^^^^^
2025 Feb 11 02:38:28.665735 sonic INFO featured[8894]:   File "/usr/local/lib/python3.11/dist-packages/sonic_py_common/device_info.py", line 446, in get_path_to_port_config_file
2025 Feb 11 02:38:28.665805 sonic INFO featured[8894]:     (platform_path, hwsku_path) = get_paths_to_platform_and_hwsku_dirs()
2025 Feb 11 02:38:28.665837 sonic INFO featured[8894]:                                   ^^^^^^^^^^^^^^^^^^^^^^^^^^^^^^^^^^^^^^
2025 Feb 11 02:38:28.665862 sonic INFO featured[8894]:   File "/usr/local/lib/python3.11/dist-packages/sonic_py_common/device_info.py", line 412, in get_paths_to_platform_and_hwsku_dirs
2025 Feb 11 02:38:28.665910 sonic INFO featured[8894]:     hwsku_path = os.path.join(platform_path, hwsku)
2025 Feb 11 02:38:28.665942 sonic INFO featured[8894]:                  ^^^^^^^^^^^^^^^^^^^^^^^^^^^^^^^^^^
2025 Feb 11 02:38:28.665967 sonic INFO featured[8894]:   File "<frozen posixpath>", line 90, in join
2025 Feb 11 02:38:28.665990 sonic INFO featured[8894]:   File "<frozen genericpath>", line 152, in _check_arg_types
2025 Feb 11 02:38:28.666019 sonic INFO featured[8894]: TypeError: join() argument must be str, bytes, or os.PathLike object, not 'NoneType'
2025 Feb 11 02:38:28.684672 sonic NOTICE systemd[1]: featured.service: Main process exited, code=exited, status=1/FAILURE
2025 Feb 11 02:38:28.684800 sonic WARNING systemd[1]: featured.service: Failed with result 'exit-code'.
2025 Feb 11 02:38:28.706632 sonic INFO systemd[1]: Started featured.service - Feature configuration daemon.
2025 Feb 11 02:38:28.837379 sonic INFO featured: ConfigDB connect success
2025 Feb 11 02:38:28.841192 sonic INFO featured[8895]: Traceback (most recent call last):
2025 Feb 11 02:38:28.841239 sonic INFO featured[8895]:   File "/usr/local/bin/featured", line 598, in <module>
2025 Feb 11 02:38:28.841382 sonic INFO featured[8895]:     main()
2025 Feb 11 02:38:28.841421 sonic INFO featured[8895]:   File "/usr/local/bin/featured", line 591, in main
2025 Feb 11 02:38:28.841593 sonic INFO featured[8895]:     daemon = FeatureDaemon()
2025 Feb 11 02:38:28.841633 sonic INFO featured[8895]:              ^^^^^^^^^^^^^^^
2025 Feb 11 02:38:28.841650 sonic INFO featured[8895]:   File "/usr/local/bin/featured", line 529, in __init__
2025 Feb 11 02:38:28.841713 sonic INFO featured[8895]:     self.feature_handler = FeatureHandler(self.config_db, feature_state_table, self.device_config, self.advanced_boot)
2025 Feb 11 02:38:28.841762 sonic INFO featured[8895]:                            ^^^^^^^^^^^^^^^^^^^^^^^^^^^^^^^^^^^^^^^^^^^^^^^^^^^^^^^^^^^^^^^^^^^^^^^^^^^^^^^^^^^^^^^^^^^
2025 Feb 11 02:38:28.841789 sonic INFO featured[8895]:   File "/usr/local/bin/featured", line 136, in __init__
2025 Feb 11 02:38:28.841819 sonic INFO featured[8895]:     self._device_running_config = device_info.get_device_runtime_metadata()
2025 Feb 11 02:38:28.841850 sonic INFO featured[8895]:                                   ^^^^^^^^^^^^^^^^^^^^^^^^^^^^^^^^^^^^^^^^^
2025 Feb 11 02:38:28.841875 sonic INFO featured[8895]:   File "/usr/local/lib/python3.11/dist-packages/sonic_py_common/device_info.py", line 680, in get_device_runtime_metadata
2025 Feb 11 02:38:28.841957 sonic INFO featured[8895]:     port_metadata = {'ETHERNET_PORTS_PRESENT': True if get_path_to_port_config_file(hwsku=None, asic="0" if is_multi_npu() else None) else False}
2025 Feb 11 02:38:28.842009 sonic INFO featured[8895]:                                                        ^^^^^^^^^^^^^^^^^^^^^^^^^^^^^^^^^^^^^^^^^^^^^^^^^^^^^^^^^^^^^^^^^^^^^^^^^^^^^^
2025 Feb 11 02:38:28.842043 sonic INFO featured[8895]:   File "/usr/local/lib/python3.11/dist-packages/sonic_py_common/device_info.py", line 446, in get_path_to_port_config_file
2025 Feb 11 02:38:28.842099 sonic INFO featured[8895]:     (platform_path, hwsku_path) = get_paths_to_platform_and_hwsku_dirs()
2025 Feb 11 02:38:28.842131 sonic INFO featured[8895]:                                   ^^^^^^^^^^^^^^^^^^^^^^^^^^^^^^^^^^^^^^
2025 Feb 11 02:38:28.842156 sonic INFO featured[8895]:   File "/usr/local/lib/python3.11/dist-packages/sonic_py_common/device_info.py", line 412, in get_paths_to_platform_and_hwsku_dirs
2025 Feb 11 02:38:28.842203 sonic INFO featured[8895]:     hwsku_path = os.path.join(platform_path, hwsku)
2025 Feb 11 02:38:28.842236 sonic INFO featured[8895]:                  ^^^^^^^^^^^^^^^^^^^^^^^^^^^^^^^^^^
2025 Feb 11 02:38:28.842261 sonic INFO featured[8895]:   File "<frozen posixpath>", line 90, in join
2025 Feb 11 02:38:28.842285 sonic INFO featured[8895]:   File "<frozen genericpath>", line 152, in _check_arg_types
2025 Feb 11 02:38:28.842309 sonic INFO featured[8895]: TypeError: join() argument must be str, bytes, or os.PathLike object, not 'NoneType'
2025 Feb 11 02:38:28.860829 sonic NOTICE systemd[1]: featured.service: Main process exited, code=exited, status=1/FAILURE
2025 Feb 11 02:38:28.860963 sonic WARNING systemd[1]: featured.service: Failed with result 'exit-code'.
2025 Feb 11 02:38:28.890530 sonic INFO systemd[1]: Started featured.service - Feature configuration daemon.
2025 Feb 11 02:38:29.020504 sonic INFO featured: ConfigDB connect success
2025 Feb 11 02:38:29.024248 sonic INFO featured[8898]: Traceback (most recent call last):
2025 Feb 11 02:38:29.024295 sonic INFO featured[8898]:   File "/usr/local/bin/featured", line 598, in <module>
2025 Feb 11 02:38:29.024436 sonic INFO featured[8898]:     main()
2025 Feb 11 02:38:29.024476 sonic INFO featured[8898]:   File "/usr/local/bin/featured", line 591, in main
2025 Feb 11 02:38:29.024591 sonic INFO featured[8898]:     daemon = FeatureDaemon()
2025 Feb 11 02:38:29.024642 sonic INFO featured[8898]:              ^^^^^^^^^^^^^^^
2025 Feb 11 02:38:29.024659 sonic INFO featured[8898]:   File "/usr/local/bin/featured", line 529, in __init__
2025 Feb 11 02:38:29.024709 sonic INFO featured[8898]:     self.feature_handler = FeatureHandler(self.config_db, feature_state_table, self.device_config, self.advanced_boot)
2025 Feb 11 02:38:29.024757 sonic INFO featured[8898]:                            ^^^^^^^^^^^^^^^^^^^^^^^^^^^^^^^^^^^^^^^^^^^^^^^^^^^^^^^^^^^^^^^^^^^^^^^^^^^^^^^^^^^^^^^^^^^
2025 Feb 11 02:38:29.024775 sonic INFO featured[8898]:   File "/usr/local/bin/featured", line 136, in __init__
2025 Feb 11 02:38:29.024821 sonic INFO featured[8898]:     self._device_running_config = device_info.get_device_runtime_metadata()
2025 Feb 11 02:38:29.024853 sonic INFO featured[8898]:                                   ^^^^^^^^^^^^^^^^^^^^^^^^^^^^^^^^^^^^^^^^^
2025 Feb 11 02:38:29.024870 sonic INFO featured[8898]:   File "/usr/local/lib/python3.11/dist-packages/sonic_py_common/device_info.py", line 680, in get_device_runtime_metadata
2025 Feb 11 02:38:29.024984 sonic INFO featured[8898]:     port_metadata = {'ETHERNET_PORTS_PRESENT': True if get_path_to_port_config_file(hwsku=None, asic="0" if is_multi_npu() else None) else False}
2025 Feb 11 02:38:29.025022 sonic INFO featured[8898]:                                                        ^^^^^^^^^^^^^^^^^^^^^^^^^^^^^^^^^^^^^^^^^^^^^^^^^^^^^^^^^^^^^^^^^^^^^^^^^^^^^^
2025 Feb 11 02:38:29.025039 sonic INFO featured[8898]:   File "/usr/local/lib/python3.11/dist-packages/sonic_py_common/device_info.py", line 446, in get_path_to_port_config_file
2025 Feb 11 02:38:29.025105 sonic INFO featured[8898]:     (platform_path, hwsku_path) = get_paths_to_platform_and_hwsku_dirs()
2025 Feb 11 02:38:29.025137 sonic INFO featured[8898]:                                   ^^^^^^^^^^^^^^^^^^^^^^^^^^^^^^^^^^^^^^
2025 Feb 11 02:38:29.025153 sonic INFO featured[8898]:   File "/usr/local/lib/python3.11/dist-packages/sonic_py_common/device_info.py", line 412, in get_paths_to_platform_and_hwsku_dirs
2025 Feb 11 02:38:29.025210 sonic INFO featured[8898]:     hwsku_path = os.path.join(platform_path, hwsku)
2025 Feb 11 02:38:29.025243 sonic INFO featured[8898]:                  ^^^^^^^^^^^^^^^^^^^^^^^^^^^^^^^^^^
2025 Feb 11 02:38:29.025259 sonic INFO featured[8898]:   File "<frozen posixpath>", line 90, in join
2025 Feb 11 02:38:29.025284 sonic INFO featured[8898]:   File "<frozen genericpath>", line 152, in _check_arg_types
2025 Feb 11 02:38:29.025300 sonic INFO featured[8898]: TypeError: join() argument must be str, bytes, or os.PathLike object, not 'NoneType'
2025 Feb 11 02:38:29.043478 sonic NOTICE systemd[1]: featured.service: Main process exited, code=exited, status=1/FAILURE
2025 Feb 11 02:38:29.043613 sonic WARNING systemd[1]: featured.service: Failed with result 'exit-code'.
2025 Feb 11 02:38:29.086546 sonic INFO systemd[1]: Started featured.service - Feature configuration daemon.
2025 Feb 11 02:38:29.228807 sonic INFO featured: ConfigDB connect success
2025 Feb 11 02:38:29.238557 sonic INFO featured[8899]: Traceback (most recent call last):
2025 Feb 11 02:38:29.239069 sonic INFO featured[8899]:   File "/usr/local/bin/featured", line 598, in <module>
2025 Feb 11 02:38:29.239153 sonic INFO featured[8899]:     main()
2025 Feb 11 02:38:29.240536 sonic INFO featured[8899]:   File "/usr/local/bin/featured", line 591, in main
2025 Feb 11 02:38:29.240652 sonic INFO featured[8899]:     daemon = FeatureDaemon()
2025 Feb 11 02:38:29.240758 sonic INFO featured[8899]:              ^^^^^^^^^^^^^^^
2025 Feb 11 02:38:29.240800 sonic INFO featured[8899]:   File "/usr/local/bin/featured", line 529, in __init__
2025 Feb 11 02:38:29.240831 sonic INFO featured[8899]:     self.feature_handler = FeatureHandler(self.config_db, feature_state_table, self.device_config, self.advanced_boot)
2025 Feb 11 02:38:29.240877 sonic INFO featured[8899]:                            ^^^^^^^^^^^^^^^^^^^^^^^^^^^^^^^^^^^^^^^^^^^^^^^^^^^^^^^^^^^^^^^^^^^^^^^^^^^^^^^^^^^^^^^^^^^
2025 Feb 11 02:38:29.240955 sonic INFO featured[8899]:   File "/usr/local/bin/featured", line 136, in __init__
2025 Feb 11 02:38:29.240998 sonic INFO featured[8899]:     self._device_running_config = device_info.get_device_runtime_metadata()
2025 Feb 11 02:38:29.241031 sonic INFO featured[8899]:                                   ^^^^^^^^^^^^^^^^^^^^^^^^^^^^^^^^^^^^^^^^^
2025 Feb 11 02:38:29.241078 sonic INFO featured[8899]:   File "/usr/local/lib/python3.11/dist-packages/sonic_py_common/device_info.py", line 680, in get_device_runtime_metadata
2025 Feb 11 02:38:29.241181 sonic INFO featured[8899]:     port_metadata = {'ETHERNET_PORTS_PRESENT': True if get_path_to_port_config_file(hwsku=None, asic="0" if is_multi_npu() else None) else False}
2025 Feb 11 02:38:29.241225 sonic INFO featured[8899]:                                                        ^^^^^^^^^^^^^^^^^^^^^^^^^^^^^^^^^^^^^^^^^^^^^^^^^^^^^^^^^^^^^^^^^^^^^^^^^^^^^^
2025 Feb 11 02:38:29.241303 sonic INFO featured[8899]:   File "/usr/local/lib/python3.11/dist-packages/sonic_py_common/device_info.py", line 446, in get_path_to_port_config_file
2025 Feb 11 02:38:29.241372 sonic INFO featured[8899]:     (platform_path, hwsku_path) = get_paths_to_platform_and_hwsku_dirs()
2025 Feb 11 02:38:29.241412 sonic INFO featured[8899]:                                   ^^^^^^^^^^^^^^^^^^^^^^^^^^^^^^^^^^^^^^
2025 Feb 11 02:38:29.241469 sonic INFO featured[8899]:   File "/usr/local/lib/python3.11/dist-packages/sonic_py_common/device_info.py", line 412, in get_paths_to_platform_and_hwsku_dirs
2025 Feb 11 02:38:29.241547 sonic INFO featured[8899]:     hwsku_path = os.path.join(platform_path, hwsku)
2025 Feb 11 02:38:29.241576 sonic INFO featured[8899]:                  ^^^^^^^^^^^^^^^^^^^^^^^^^^^^^^^^^^
2025 Feb 11 02:38:29.241617 sonic INFO featured[8899]:   File "<frozen posixpath>", line 90, in join
2025 Feb 11 02:38:29.241657 sonic INFO featured[8899]:   File "<frozen genericpath>", line 152, in _check_arg_types
2025 Feb 11 02:38:29.243652 sonic INFO featured[8899]: TypeError: join() argument must be str, bytes, or os.PathLike object, not 'NoneType'
2025 Feb 11 02:38:29.266410 sonic NOTICE systemd[1]: featured.service: Main process exited, code=exited, status=1/FAILURE
2025 Feb 11 02:38:29.266569 sonic WARNING systemd[1]: featured.service: Failed with result 'exit-code'.
2025 Feb 11 02:38:29.268535 sonic WARNING systemd[1]: featured.service: Start request repeated too quickly.
2025 Feb 11 02:38:29.268618 sonic WARNING systemd[1]: featured.service: Failed with result 'exit-code'.
2025 Feb 11 02:38:29.268695 sonic ERR systemd[1]: Failed to start featured.service - Feature configuration daemon.
2025 Feb 11 02:38:38.314972 sonic INFO systemd[1]: Started featured.service - Feature configuration daemon.
2025 Feb 11 02:38:38.447925 sonic INFO featured: ConfigDB connect success
2025 Feb 11 02:38:38.451828 sonic INFO featured[8922]: Traceback (most recent call last):
2025 Feb 11 02:38:38.451905 sonic INFO featured[8922]:   File "/usr/local/bin/featured", line 598, in <module>
2025 Feb 11 02:38:38.451958 sonic INFO featured[8922]:     main()
2025 Feb 11 02:38:38.452016 sonic INFO featured[8922]:   File "/usr/local/bin/featured", line 591, in main
2025 Feb 11 02:38:38.452113 sonic INFO featured[8922]:     daemon = FeatureDaemon()
2025 Feb 11 02:38:38.452163 sonic INFO featured[8922]:              ^^^^^^^^^^^^^^^
2025 Feb 11 02:38:38.452203 sonic INFO featured[8922]:   File "/usr/local/bin/featured", line 529, in __init__
2025 Feb 11 02:38:38.452258 sonic INFO featured[8922]:     self.feature_handler = FeatureHandler(self.config_db, feature_state_table, self.device_config, self.advanced_boot)
2025 Feb 11 02:38:38.452303 sonic INFO featured[8922]:                            ^^^^^^^^^^^^^^^^^^^^^^^^^^^^^^^^^^^^^^^^^^^^^^^^^^^^^^^^^^^^^^^^^^^^^^^^^^^^^^^^^^^^^^^^^^^
2025 Feb 11 02:38:38.452369 sonic INFO featured[8922]:   File "/usr/local/bin/featured", line 136, in __init__
2025 Feb 11 02:38:38.452421 sonic INFO featured[8922]:     self._device_running_config = device_info.get_device_runtime_metadata()
2025 Feb 11 02:38:38.452463 sonic INFO featured[8922]:                                   ^^^^^^^^^^^^^^^^^^^^^^^^^^^^^^^^^^^^^^^^^
2025 Feb 11 02:38:38.452511 sonic INFO featured[8922]:   File "/usr/local/lib/python3.11/dist-packages/sonic_py_common/device_info.py", line 680, in get_device_runtime_metadata
2025 Feb 11 02:38:38.452565 sonic INFO featured[8922]:     port_metadata = {'ETHERNET_PORTS_PRESENT': True if get_path_to_port_config_file(hwsku=None, asic="0" if is_multi_npu() else None) else False}
2025 Feb 11 02:38:38.452609 sonic INFO featured[8922]:                                                        ^^^^^^^^^^^^^^^^^^^^^^^^^^^^^^^^^^^^^^^^^^^^^^^^^^^^^^^^^^^^^^^^^^^^^^^^^^^^^^
2025 Feb 11 02:38:38.452652 sonic INFO featured[8922]:   File "/usr/local/lib/python3.11/dist-packages/sonic_py_common/device_info.py", line 446, in get_path_to_port_config_file
2025 Feb 11 02:38:38.452707 sonic INFO featured[8922]:     (platform_path, hwsku_path) = get_paths_to_platform_and_hwsku_dirs()
2025 Feb 11 02:38:38.452747 sonic INFO featured[8922]:                                   ^^^^^^^^^^^^^^^^^^^^^^^^^^^^^^^^^^^^^^
2025 Feb 11 02:38:38.452789 sonic INFO featured[8922]:   File "/usr/local/lib/python3.11/dist-packages/sonic_py_common/device_info.py", line 412, in get_paths_to_platform_and_hwsku_dirs
2025 Feb 11 02:38:38.452829 sonic INFO featured[8922]:     hwsku_path = os.path.join(platform_path, hwsku)
2025 Feb 11 02:38:38.452869 sonic INFO featured[8922]:                  ^^^^^^^^^^^^^^^^^^^^^^^^^^^^^^^^^^
2025 Feb 11 02:38:38.452917 sonic INFO featured[8922]:   File "<frozen posixpath>", line 90, in join
2025 Feb 11 02:38:38.452958 sonic INFO featured[8922]:   File "<frozen genericpath>", line 152, in _check_arg_types
2025 Feb 11 02:38:38.453008 sonic INFO featured[8922]: TypeError: join() argument must be str, bytes, or os.PathLike object, not 'NoneType'
2025 Feb 11 02:38:38.471227 sonic NOTICE systemd[1]: featured.service: Main process exited, code=exited, status=1/FAILURE
2025 Feb 11 02:38:38.471367 sonic WARNING systemd[1]: featured.service: Failed with result 'exit-code'.
2025 Feb 11 02:38:38.498593 sonic INFO systemd[1]: Started featured.service - Feature configuration daemon.
2025 Feb 11 02:38:38.635383 sonic INFO featured: ConfigDB connect success
2025 Feb 11 02:38:38.639235 sonic INFO featured[8923]: Traceback (most recent call last):
2025 Feb 11 02:38:38.639304 sonic INFO featured[8923]:   File "/usr/local/bin/featured", line 598, in <module>
2025 Feb 11 02:38:38.639455 sonic INFO featured[8923]:     main()
2025 Feb 11 02:38:38.639515 sonic INFO featured[8923]:   File "/usr/local/bin/featured", line 591, in main
2025 Feb 11 02:38:38.639620 sonic INFO featured[8923]:     daemon = FeatureDaemon()
2025 Feb 11 02:38:38.639670 sonic INFO featured[8923]:              ^^^^^^^^^^^^^^^
2025 Feb 11 02:38:38.639700 sonic INFO featured[8923]:   File "/usr/local/bin/featured", line 529, in __init__
2025 Feb 11 02:38:38.639754 sonic INFO featured[8923]:     self.feature_handler = FeatureHandler(self.config_db, feature_state_table, self.device_config, self.advanced_boot)
2025 Feb 11 02:38:38.639799 sonic INFO featured[8923]:                            ^^^^^^^^^^^^^^^^^^^^^^^^^^^^^^^^^^^^^^^^^^^^^^^^^^^^^^^^^^^^^^^^^^^^^^^^^^^^^^^^^^^^^^^^^^^
2025 Feb 11 02:38:38.639840 sonic INFO featured[8923]:   File "/usr/local/bin/featured", line 136, in __init__
2025 Feb 11 02:38:38.639890 sonic INFO featured[8923]:     self._device_running_config = device_info.get_device_runtime_metadata()
2025 Feb 11 02:38:38.639931 sonic INFO featured[8923]:                                   ^^^^^^^^^^^^^^^^^^^^^^^^^^^^^^^^^^^^^^^^^
2025 Feb 11 02:38:38.639970 sonic INFO featured[8923]:   File "/usr/local/lib/python3.11/dist-packages/sonic_py_common/device_info.py", line 680, in get_device_runtime_metadata
2025 Feb 11 02:38:38.640021 sonic INFO featured[8923]:     port_metadata = {'ETHERNET_PORTS_PRESENT': True if get_path_to_port_config_file(hwsku=None, asic="0" if is_multi_npu() else None) else False}
2025 Feb 11 02:38:38.640061 sonic INFO featured[8923]:                                                        ^^^^^^^^^^^^^^^^^^^^^^^^^^^^^^^^^^^^^^^^^^^^^^^^^^^^^^^^^^^^^^^^^^^^^^^^^^^^^^
2025 Feb 11 02:38:38.640101 sonic INFO featured[8923]:   File "/usr/local/lib/python3.11/dist-packages/sonic_py_common/device_info.py", line 446, in get_path_to_port_config_file
2025 Feb 11 02:38:38.640150 sonic INFO featured[8923]:     (platform_path, hwsku_path) = get_paths_to_platform_and_hwsku_dirs()
2025 Feb 11 02:38:38.640195 sonic INFO featured[8923]:                                   ^^^^^^^^^^^^^^^^^^^^^^^^^^^^^^^^^^^^^^
2025 Feb 11 02:38:38.640234 sonic INFO featured[8923]:   File "/usr/local/lib/python3.11/dist-packages/sonic_py_common/device_info.py", line 412, in get_paths_to_platform_and_hwsku_dirs
2025 Feb 11 02:38:38.640273 sonic INFO featured[8923]:     hwsku_path = os.path.join(platform_path, hwsku)
2025 Feb 11 02:38:38.640345 sonic INFO featured[8923]:                  ^^^^^^^^^^^^^^^^^^^^^^^^^^^^^^^^^^
2025 Feb 11 02:38:38.640395 sonic INFO featured[8923]:   File "<frozen posixpath>", line 90, in join
2025 Feb 11 02:38:38.640424 sonic INFO featured[8923]:   File "<frozen genericpath>", line 152, in _check_arg_types
2025 Feb 11 02:38:38.640453 sonic INFO featured[8923]: TypeError: join() argument must be str, bytes, or os.PathLike object, not 'NoneType'
2025 Feb 11 02:38:38.658704 sonic NOTICE systemd[1]: featured.service: Main process exited, code=exited, status=1/FAILURE
2025 Feb 11 02:38:38.658841 sonic WARNING systemd[1]: featured.service: Failed with result 'exit-code'.
2025 Feb 11 02:38:38.688090 sonic INFO systemd[1]: Started featured.service - Feature configuration daemon.
2025 Feb 11 02:38:38.829215 sonic INFO featured: ConfigDB connect success
2025 Feb 11 02:38:38.833163 sonic INFO featured[8924]: Traceback (most recent call last):
2025 Feb 11 02:38:38.833208 sonic INFO featured[8924]:   File "/usr/local/bin/featured", line 598, in <module>
2025 Feb 11 02:38:38.833434 sonic INFO featured[8924]:     main()
2025 Feb 11 02:38:38.833473 sonic INFO featured[8924]:   File "/usr/local/bin/featured", line 591, in main
2025 Feb 11 02:38:38.833668 sonic INFO featured[8924]:     daemon = FeatureDaemon()
2025 Feb 11 02:38:38.833707 sonic INFO featured[8924]:              ^^^^^^^^^^^^^^^
2025 Feb 11 02:38:38.833723 sonic INFO featured[8924]:   File "/usr/local/bin/featured", line 529, in __init__
2025 Feb 11 02:38:38.833813 sonic INFO featured[8924]:     self.feature_handler = FeatureHandler(self.config_db, feature_state_table, self.device_config, self.advanced_boot)
2025 Feb 11 02:38:38.833851 sonic INFO featured[8924]:                            ^^^^^^^^^^^^^^^^^^^^^^^^^^^^^^^^^^^^^^^^^^^^^^^^^^^^^^^^^^^^^^^^^^^^^^^^^^^^^^^^^^^^^^^^^^^
2025 Feb 11 02:38:38.833868 sonic INFO featured[8924]:   File "/usr/local/bin/featured", line 136, in __init__
2025 Feb 11 02:38:38.833889 sonic INFO featured[8924]:     self._device_running_config = device_info.get_device_runtime_metadata()
2025 Feb 11 02:38:38.833921 sonic INFO featured[8924]:                                   ^^^^^^^^^^^^^^^^^^^^^^^^^^^^^^^^^^^^^^^^^
2025 Feb 11 02:38:38.833945 sonic INFO featured[8924]:   File "/usr/local/lib/python3.11/dist-packages/sonic_py_common/device_info.py", line 680, in get_device_runtime_metadata
2025 Feb 11 02:38:38.834049 sonic INFO featured[8924]:     port_metadata = {'ETHERNET_PORTS_PRESENT': True if get_path_to_port_config_file(hwsku=None, asic="0" if is_multi_npu() else None) else False}
2025 Feb 11 02:38:38.834088 sonic INFO featured[8924]:                                                        ^^^^^^^^^^^^^^^^^^^^^^^^^^^^^^^^^^^^^^^^^^^^^^^^^^^^^^^^^^^^^^^^^^^^^^^^^^^^^^
2025 Feb 11 02:38:38.834105 sonic INFO featured[8924]:   File "/usr/local/lib/python3.11/dist-packages/sonic_py_common/device_info.py", line 446, in get_path_to_port_config_file
2025 Feb 11 02:38:38.834171 sonic INFO featured[8924]:     (platform_path, hwsku_path) = get_paths_to_platform_and_hwsku_dirs()
2025 Feb 11 02:38:38.834205 sonic INFO featured[8924]:                                   ^^^^^^^^^^^^^^^^^^^^^^^^^^^^^^^^^^^^^^
2025 Feb 11 02:38:38.834221 sonic INFO featured[8924]:   File "/usr/local/lib/python3.11/dist-packages/sonic_py_common/device_info.py", line 412, in get_paths_to_platform_and_hwsku_dirs
2025 Feb 11 02:38:38.834280 sonic INFO featured[8924]:     hwsku_path = os.path.join(platform_path, hwsku)
2025 Feb 11 02:38:38.834313 sonic INFO featured[8924]:                  ^^^^^^^^^^^^^^^^^^^^^^^^^^^^^^^^^^
2025 Feb 11 02:38:38.834358 sonic INFO featured[8924]:   File "<frozen posixpath>", line 90, in join
2025 Feb 11 02:38:38.834384 sonic INFO featured[8924]:   File "<frozen genericpath>", line 152, in _check_arg_types
2025 Feb 11 02:38:38.834400 sonic INFO featured[8924]: TypeError: join() argument must be str, bytes, or os.PathLike object, not 'NoneType'
2025 Feb 11 02:38:38.852298 sonic NOTICE systemd[1]: featured.service: Main process exited, code=exited, status=1/FAILURE
2025 Feb 11 02:38:38.852483 sonic WARNING systemd[1]: featured.service: Failed with result 'exit-code'.
2025 Feb 11 02:38:38.886703 sonic INFO systemd[1]: Started featured.service - Feature configuration daemon.
2025 Feb 11 02:38:39.026255 sonic INFO featured: ConfigDB connect success
2025 Feb 11 02:38:39.030257 sonic INFO featured[8925]: Traceback (most recent call last):
2025 Feb 11 02:38:39.030302 sonic INFO featured[8925]:   File "/usr/local/bin/featured", line 598, in <module>
2025 Feb 11 02:38:39.030506 sonic INFO featured[8925]:     main()
2025 Feb 11 02:38:39.030546 sonic INFO featured[8925]:   File "/usr/local/bin/featured", line 591, in main
2025 Feb 11 02:38:39.030666 sonic INFO featured[8925]:     daemon = FeatureDaemon()
2025 Feb 11 02:38:39.030706 sonic INFO featured[8925]:              ^^^^^^^^^^^^^^^
2025 Feb 11 02:38:39.030724 sonic INFO featured[8925]:   File "/usr/local/bin/featured", line 529, in __init__
2025 Feb 11 02:38:39.030795 sonic INFO featured[8925]:     self.feature_handler = FeatureHandler(self.config_db, feature_state_table, self.device_config, self.advanced_boot)
2025 Feb 11 02:38:39.030832 sonic INFO featured[8925]:                            ^^^^^^^^^^^^^^^^^^^^^^^^^^^^^^^^^^^^^^^^^^^^^^^^^^^^^^^^^^^^^^^^^^^^^^^^^^^^^^^^^^^^^^^^^^^
2025 Feb 11 02:38:39.030857 sonic INFO featured[8925]:   File "/usr/local/bin/featured", line 136, in __init__
2025 Feb 11 02:38:39.030879 sonic INFO featured[8925]:     self._device_running_config = device_info.get_device_runtime_metadata()
2025 Feb 11 02:38:39.030912 sonic INFO featured[8925]:                                   ^^^^^^^^^^^^^^^^^^^^^^^^^^^^^^^^^^^^^^^^^
2025 Feb 11 02:38:39.030937 sonic INFO featured[8925]:   File "/usr/local/lib/python3.11/dist-packages/sonic_py_common/device_info.py", line 680, in get_device_runtime_metadata
2025 Feb 11 02:38:39.031039 sonic INFO featured[8925]:     port_metadata = {'ETHERNET_PORTS_PRESENT': True if get_path_to_port_config_file(hwsku=None, asic="0" if is_multi_npu() else None) else False}
2025 Feb 11 02:38:39.031078 sonic INFO featured[8925]:                                                        ^^^^^^^^^^^^^^^^^^^^^^^^^^^^^^^^^^^^^^^^^^^^^^^^^^^^^^^^^^^^^^^^^^^^^^^^^^^^^^
2025 Feb 11 02:38:39.031094 sonic INFO featured[8925]:   File "/usr/local/lib/python3.11/dist-packages/sonic_py_common/device_info.py", line 446, in get_path_to_port_config_file
2025 Feb 11 02:38:39.031165 sonic INFO featured[8925]:     (platform_path, hwsku_path) = get_paths_to_platform_and_hwsku_dirs()
2025 Feb 11 02:38:39.031197 sonic INFO featured[8925]:                                   ^^^^^^^^^^^^^^^^^^^^^^^^^^^^^^^^^^^^^^
2025 Feb 11 02:38:39.031225 sonic INFO featured[8925]:   File "/usr/local/lib/python3.11/dist-packages/sonic_py_common/device_info.py", line 412, in get_paths_to_platform_and_hwsku_dirs
2025 Feb 11 02:38:39.031272 sonic INFO featured[8925]:     hwsku_path = os.path.join(platform_path, hwsku)
2025 Feb 11 02:38:39.031305 sonic INFO featured[8925]:                  ^^^^^^^^^^^^^^^^^^^^^^^^^^^^^^^^^^
2025 Feb 11 02:38:39.031351 sonic INFO featured[8925]:   File "<frozen posixpath>", line 90, in join
2025 Feb 11 02:38:39.031376 sonic INFO featured[8925]:   File "<frozen genericpath>", line 152, in _check_arg_types
2025 Feb 11 02:38:39.031398 sonic INFO featured[8925]: TypeError: join() argument must be str, bytes, or os.PathLike object, not 'NoneType'
2025 Feb 11 02:38:39.050385 sonic NOTICE systemd[1]: featured.service: Main process exited, code=exited, status=1/FAILURE
2025 Feb 11 02:38:39.050533 sonic WARNING systemd[1]: featured.service: Failed with result 'exit-code'.
2025 Feb 11 02:38:39.078567 sonic INFO systemd[1]: Started featured.service - Feature configuration daemon.
2025 Feb 11 02:38:39.236946 sonic INFO featured: ConfigDB connect success
2025 Feb 11 02:38:39.241108 sonic INFO featured[8928]: Traceback (most recent call last):
2025 Feb 11 02:38:39.241166 sonic INFO featured[8928]:   File "/usr/local/bin/featured", line 598, in <module>
2025 Feb 11 02:38:39.241316 sonic INFO featured[8928]:     main()
2025 Feb 11 02:38:39.241366 sonic INFO featured[8928]:   File "/usr/local/bin/featured", line 591, in main
2025 Feb 11 02:38:39.241537 sonic INFO featured[8928]:     daemon = FeatureDaemon()
2025 Feb 11 02:38:39.241573 sonic INFO featured[8928]:              ^^^^^^^^^^^^^^^
2025 Feb 11 02:38:39.241598 sonic INFO featured[8928]:   File "/usr/local/bin/featured", line 529, in __init__
2025 Feb 11 02:38:39.241708 sonic INFO featured[8928]:     self.feature_handler = FeatureHandler(self.config_db, feature_state_table, self.device_config, self.advanced_boot)
2025 Feb 11 02:38:39.241746 sonic INFO featured[8928]:                            ^^^^^^^^^^^^^^^^^^^^^^^^^^^^^^^^^^^^^^^^^^^^^^^^^^^^^^^^^^^^^^^^^^^^^^^^^^^^^^^^^^^^^^^^^^^
2025 Feb 11 02:38:39.241763 sonic INFO featured[8928]:   File "/usr/local/bin/featured", line 136, in __init__
2025 Feb 11 02:38:39.241794 sonic INFO featured[8928]:     self._device_running_config = device_info.get_device_runtime_metadata()
2025 Feb 11 02:38:39.241826 sonic INFO featured[8928]:                                   ^^^^^^^^^^^^^^^^^^^^^^^^^^^^^^^^^^^^^^^^^
2025 Feb 11 02:38:39.241851 sonic INFO featured[8928]:   File "/usr/local/lib/python3.11/dist-packages/sonic_py_common/device_info.py", line 680, in get_device_runtime_metadata
2025 Feb 11 02:38:39.241962 sonic INFO featured[8928]:     port_metadata = {'ETHERNET_PORTS_PRESENT': True if get_path_to_port_config_file(hwsku=None, asic="0" if is_multi_npu() else None) else False}
2025 Feb 11 02:38:39.242001 sonic INFO featured[8928]:                                                        ^^^^^^^^^^^^^^^^^^^^^^^^^^^^^^^^^^^^^^^^^^^^^^^^^^^^^^^^^^^^^^^^^^^^^^^^^^^^^^
2025 Feb 11 02:38:39.242018 sonic INFO featured[8928]:   File "/usr/local/lib/python3.11/dist-packages/sonic_py_common/device_info.py", line 446, in get_path_to_port_config_file
2025 Feb 11 02:38:39.242090 sonic INFO featured[8928]:     (platform_path, hwsku_path) = get_paths_to_platform_and_hwsku_dirs()
2025 Feb 11 02:38:39.242124 sonic INFO featured[8928]:                                   ^^^^^^^^^^^^^^^^^^^^^^^^^^^^^^^^^^^^^^
2025 Feb 11 02:38:39.242152 sonic INFO featured[8928]:   File "/usr/local/lib/python3.11/dist-packages/sonic_py_common/device_info.py", line 412, in get_paths_to_platform_and_hwsku_dirs
2025 Feb 11 02:38:39.242203 sonic INFO featured[8928]:     hwsku_path = os.path.join(platform_path, hwsku)
2025 Feb 11 02:38:39.242243 sonic INFO featured[8928]:                  ^^^^^^^^^^^^^^^^^^^^^^^^^^^^^^^^^^
2025 Feb 11 02:38:39.242269 sonic INFO featured[8928]:   File "<frozen posixpath>", line 90, in join
2025 Feb 11 02:38:39.242293 sonic INFO featured[8928]:   File "<frozen genericpath>", line 152, in _check_arg_types
2025 Feb 11 02:38:39.242317 sonic INFO featured[8928]: TypeError: join() argument must be str, bytes, or os.PathLike object, not 'NoneType'
2025 Feb 11 02:38:39.261066 sonic NOTICE systemd[1]: featured.service: Main process exited, code=exited, status=1/FAILURE
2025 Feb 11 02:38:39.261218 sonic WARNING systemd[1]: featured.service: Failed with result 'exit-code'.
2025 Feb 11 02:38:39.263069 sonic WARNING systemd[1]: featured.service: Start request repeated too quickly.
2025 Feb 11 02:38:39.263129 sonic WARNING systemd[1]: featured.service: Failed with result 'exit-code'.
2025 Feb 11 02:38:39.263190 sonic ERR systemd[1]: Failed to start featured.service - Feature configuration daemon.
2025 Feb 11 02:38:41.280461 sonic WARNING systemd[1]: featured.service: Start request repeated too quickly.
2025 Feb 11 02:38:41.280794 sonic WARNING systemd[1]: featured.service: Failed with result 'exit-code'.
2025 Feb 11 02:38:41.280842 sonic ERR systemd[1]: Failed to start featured.service - Feature configuration daemon.
2025 Feb 11 02:38:41.534102 sonic INFO systemd[1]: caclmgrd.service: Scheduled restart job, restart counter is at 23.
2025 Feb 11 02:38:41.534565 sonic INFO systemd[1]: Stopped caclmgrd.service - Control Plane ACL configuration daemon.
2025 Feb 11 02:38:41.580045 sonic INFO systemd[1]: Started caclmgrd.service - Control Plane ACL configuration daemon.
2025 Feb 11 02:38:41.580730 sonic WARNING systemd[1]: featured.service: Start request repeated too quickly.
2025 Feb 11 02:38:41.580821 sonic WARNING systemd[1]: featured.service: Failed with result 'exit-code'.
2025 Feb 11 02:38:41.580949 sonic ERR systemd[1]: Failed to start featured.service - Feature configuration daemon.
2025 Feb 11 02:38:41.583585 sonic WARNING systemd[1]: featured.service: Start request repeated too quickly.
2025 Feb 11 02:38:41.583653 sonic WARNING systemd[1]: featured.service: Failed with result 'exit-code'.
2025 Feb 11 02:38:41.583695 sonic ERR systemd[1]: Failed to start featured.service - Feature configuration daemon.
2025 Feb 11 02:38:41.711692 sonic INFO caclmgrd[8934]: Traceback (most recent call last):
2025 Feb 11 02:38:41.711838 sonic INFO caclmgrd[8934]:   File "/usr/local/bin/caclmgrd", line 1146, in <module>
2025 Feb 11 02:38:41.711874 sonic INFO caclmgrd[8934]:     main()
2025 Feb 11 02:38:41.711892 sonic INFO caclmgrd[8934]:   File "/usr/local/bin/caclmgrd", line 1137, in main
2025 Feb 11 02:38:41.711908 sonic INFO caclmgrd[8934]:     caclmgr = ControlPlaneAclManager(SYSLOG_IDENTIFIER)
2025 Feb 11 02:38:41.711939 sonic INFO caclmgrd[8934]:               ^^^^^^^^^^^^^^^^^^^^^^^^^^^^^^^^^^^^^^^^^
2025 Feb 11 02:38:41.711956 sonic INFO caclmgrd[8934]:   File "/usr/local/bin/caclmgrd", line 156, in __init__
2025 Feb 11 02:38:41.711973 sonic INFO caclmgrd[8934]:     if 'subtype' in metadata['localhost'] and metadata['localhost']['subtype'] == 'DualToR':
2025 Feb 11 02:38:41.712005 sonic INFO caclmgrd[8934]:                     ~~~~~~~~^^^^^^^^^^^^^
2025 Feb 11 02:38:41.712036 sonic INFO caclmgrd[8934]: KeyError: 'localhost'
2025 Feb 11 02:38:41.724635 sonic NOTICE systemd[1]: caclmgrd.service: Main process exited, code=exited, status=1/FAILURE
2025 Feb 11 02:38:41.724784 sonic WARNING systemd[1]: caclmgrd.service: Failed with result 'exit-code'.
2025 Feb 11 02:38:41.727073 sonic WARNING systemd[1]: featured.service: Start request repeated too quickly.
2025 Feb 11 02:38:41.727138 sonic WARNING systemd[1]: featured.service: Failed with result 'exit-code'.
2025 Feb 11 02:38:41.727199 sonic ERR systemd[1]: Failed to start featured.service - Feature configuration daemon.
2025 Feb 11 02:38:54.524153 sonic ERR monit[828]: 'container_checker' status failed (4) -- Unexpected running containers: bgp3, macsec3, database1, bgp2, bgp1, eventd, database0, macsec1, macsec2, macsec0, database2, bgp0, database3, database
2025 Feb 11 02:38:54.560648 sonic INFO systemd[1]: Started featured.service - Feature configuration daemon.
2025 Feb 11 02:38:54.633047 sonic DEBUG mgmt_oper_status.py: No management interface found
2025 Feb 11 02:38:54.696853 sonic INFO featured: ConfigDB connect success
2025 Feb 11 02:38:54.700736 sonic INFO featured[8979]: Traceback (most recent call last):
2025 Feb 11 02:38:54.700837 sonic INFO featured[8979]:   File "/usr/local/bin/featured", line 598, in <module>
2025 Feb 11 02:38:54.700886 sonic INFO featured[8979]:     main()
2025 Feb 11 02:38:54.700918 sonic INFO featured[8979]:   File "/usr/local/bin/featured", line 591, in main
2025 Feb 11 02:38:54.700984 sonic INFO featured[8979]:     daemon = FeatureDaemon()
2025 Feb 11 02:38:54.701015 sonic INFO featured[8979]:              ^^^^^^^^^^^^^^^
2025 Feb 11 02:38:54.701063 sonic INFO featured[8979]:   File "/usr/local/bin/featured", line 529, in __init__
2025 Feb 11 02:38:54.701119 sonic INFO featured[8979]:     self.feature_handler = FeatureHandler(self.config_db, feature_state_table, self.device_config, self.advanced_boot)
2025 Feb 11 02:38:54.701170 sonic INFO featured[8979]:                            ^^^^^^^^^^^^^^^^^^^^^^^^^^^^^^^^^^^^^^^^^^^^^^^^^^^^^^^^^^^^^^^^^^^^^^^^^^^^^^^^^^^^^^^^^^^
2025 Feb 11 02:38:54.701199 sonic INFO featured[8979]:   File "/usr/local/bin/featured", line 136, in __init__
2025 Feb 11 02:38:54.701239 sonic INFO featured[8979]:     self._device_running_config = device_info.get_device_runtime_metadata()
2025 Feb 11 02:38:54.701287 sonic INFO featured[8979]:                                   ^^^^^^^^^^^^^^^^^^^^^^^^^^^^^^^^^^^^^^^^^
2025 Feb 11 02:38:54.701314 sonic INFO featured[8979]:   File "/usr/local/lib/python3.11/dist-packages/sonic_py_common/device_info.py", line 680, in get_device_runtime_metadata
2025 Feb 11 02:38:54.701401 sonic INFO featured[8979]:     port_metadata = {'ETHERNET_PORTS_PRESENT': True if get_path_to_port_config_file(hwsku=None, asic="0" if is_multi_npu() else None) else False}
2025 Feb 11 02:38:54.701448 sonic INFO featured[8979]:                                                        ^^^^^^^^^^^^^^^^^^^^^^^^^^^^^^^^^^^^^^^^^^^^^^^^^^^^^^^^^^^^^^^^^^^^^^^^^^^^^^
2025 Feb 11 02:38:54.701546 sonic INFO featured[8979]:   File "/usr/local/lib/python3.11/dist-packages/sonic_py_common/device_info.py", line 446, in get_path_to_port_config_file
2025 Feb 11 02:38:54.701613 sonic INFO featured[8979]:     (platform_path, hwsku_path) = get_paths_to_platform_and_hwsku_dirs()
2025 Feb 11 02:38:54.701657 sonic INFO featured[8979]:                                   ^^^^^^^^^^^^^^^^^^^^^^^^^^^^^^^^^^^^^^
2025 Feb 11 02:38:54.701698 sonic INFO featured[8979]:   File "/usr/local/lib/python3.11/dist-packages/sonic_py_common/device_info.py", line 412, in get_paths_to_platform_and_hwsku_dirs
2025 Feb 11 02:38:54.701738 sonic INFO featured[8979]:     hwsku_path = os.path.join(platform_path, hwsku)
2025 Feb 11 02:38:54.701789 sonic INFO featured[8979]:                  ^^^^^^^^^^^^^^^^^^^^^^^^^^^^^^^^^^
2025 Feb 11 02:38:54.701835 sonic INFO featured[8979]:   File "<frozen posixpath>", line 90, in join
2025 Feb 11 02:38:54.701878 sonic INFO featured[8979]:   File "<frozen genericpath>", line 152, in _check_arg_types
2025 Feb 11 02:38:54.701920 sonic INFO featured[8979]: TypeError: join() argument must be str, bytes, or os.PathLike object, not 'NoneType'
2025 Feb 11 02:38:54.720754 sonic NOTICE systemd[1]: featured.service: Main process exited, code=exited, status=1/FAILURE
2025 Feb 11 02:38:54.720937 sonic WARNING systemd[1]: featured.service: Failed with result 'exit-code'.
2025 Feb 11 02:38:54.747215 sonic INFO systemd[1]: Started featured.service - Feature configuration daemon.
2025 Feb 11 02:38:54.845988 sonic INFO memory_checker: [memory_checker] Exits without checking memory usage since container 'bmp' is not running!
2025 Feb 11 02:38:54.860878 sonic INFO memory_checker: [memory_checker] Exits without checking memory usage since container 'gnmi' is not running!
2025 Feb 11 02:38:54.890963 sonic INFO memory_checker: [memory_checker] Exits without checking memory usage since container 'snmp' is not running!
2025 Feb 11 02:38:54.909092 sonic INFO featured: ConfigDB connect success
2025 Feb 11 02:38:54.913117 sonic INFO featured[8980]: Traceback (most recent call last):
2025 Feb 11 02:38:54.913212 sonic INFO featured[8980]:   File "/usr/local/bin/featured", line 598, in <module>
2025 Feb 11 02:38:54.913276 sonic INFO featured[8980]:     main()
2025 Feb 11 02:38:54.913319 sonic INFO featured[8980]:   File "/usr/local/bin/featured", line 591, in main
2025 Feb 11 02:38:54.913384 sonic INFO featured[8980]:     daemon = FeatureDaemon()
2025 Feb 11 02:38:54.913438 sonic INFO featured[8980]:              ^^^^^^^^^^^^^^^
2025 Feb 11 02:38:54.913518 sonic INFO featured[8980]:   File "/usr/local/bin/featured", line 529, in __init__
2025 Feb 11 02:38:54.913567 sonic INFO featured[8980]:     self.feature_handler = FeatureHandler(self.config_db, feature_state_table, self.device_config, self.advanced_boot)
2025 Feb 11 02:38:54.913614 sonic INFO featured[8980]:                            ^^^^^^^^^^^^^^^^^^^^^^^^^^^^^^^^^^^^^^^^^^^^^^^^^^^^^^^^^^^^^^^^^^^^^^^^^^^^^^^^^^^^^^^^^^^
2025 Feb 11 02:38:54.913651 sonic INFO featured[8980]:   File "/usr/local/bin/featured", line 136, in __init__
2025 Feb 11 02:38:54.913697 sonic INFO featured[8980]:     self._device_running_config = device_info.get_device_runtime_metadata()
2025 Feb 11 02:38:54.913735 sonic INFO featured[8980]:                                   ^^^^^^^^^^^^^^^^^^^^^^^^^^^^^^^^^^^^^^^^^
2025 Feb 11 02:38:54.913772 sonic INFO featured[8980]:   File "/usr/local/lib/python3.11/dist-packages/sonic_py_common/device_info.py", line 680, in get_device_runtime_metadata
2025 Feb 11 02:38:54.913819 sonic INFO featured[8980]:     port_metadata = {'ETHERNET_PORTS_PRESENT': True if get_path_to_port_config_file(hwsku=None, asic="0" if is_multi_npu() else None) else False}
2025 Feb 11 02:38:54.913866 sonic INFO featured[8980]:                                                        ^^^^^^^^^^^^^^^^^^^^^^^^^^^^^^^^^^^^^^^^^^^^^^^^^^^^^^^^^^^^^^^^^^^^^^^^^^^^^^
2025 Feb 11 02:38:54.913915 sonic INFO featured[8980]:   File "/usr/local/lib/python3.11/dist-packages/sonic_py_common/device_info.py", line 446, in get_path_to_port_config_file
2025 Feb 11 02:38:54.913953 sonic INFO featured[8980]:     (platform_path, hwsku_path) = get_paths_to_platform_and_hwsku_dirs()
2025 Feb 11 02:38:54.913998 sonic INFO featured[8980]:                                   ^^^^^^^^^^^^^^^^^^^^^^^^^^^^^^^^^^^^^^
2025 Feb 11 02:38:54.914036 sonic INFO featured[8980]:   File "/usr/local/lib/python3.11/dist-packages/sonic_py_common/device_info.py", line 412, in get_paths_to_platform_and_hwsku_dirs
2025 Feb 11 02:38:54.914071 sonic INFO featured[8980]:     hwsku_path = os.path.join(platform_path, hwsku)
2025 Feb 11 02:38:54.914118 sonic INFO featured[8980]:                  ^^^^^^^^^^^^^^^^^^^^^^^^^^^^^^^^^^
2025 Feb 11 02:38:54.914154 sonic INFO featured[8980]:   File "<frozen posixpath>", line 90, in join
2025 Feb 11 02:38:54.914188 sonic INFO featured[8980]:   File "<frozen genericpath>", line 152, in _check_arg_types
2025 Feb 11 02:38:54.914224 sonic INFO featured[8980]: TypeError: join() argument must be str, bytes, or os.PathLike object, not 'NoneType'
2025 Feb 11 02:38:54.932267 sonic NOTICE systemd[1]: featured.service: Main process exited, code=exited, status=1/FAILURE
2025 Feb 11 02:38:54.932440 sonic WARNING systemd[1]: featured.service: Failed with result 'exit-code'.
2025 Feb 11 02:38:54.978654 sonic INFO systemd[1]: Started featured.service - Feature configuration daemon.
2025 Feb 11 02:38:55.135289 sonic INFO featured: ConfigDB connect success
2025 Feb 11 02:38:55.139374 sonic INFO featured[9012]: Traceback (most recent call last):
2025 Feb 11 02:38:55.139430 sonic INFO featured[9012]:   File "/usr/local/bin/featured", line 598, in <module>
2025 Feb 11 02:38:55.139556 sonic INFO featured[9012]:     main()
2025 Feb 11 02:38:55.139603 sonic INFO featured[9012]:   File "/usr/local/bin/featured", line 591, in main
2025 Feb 11 02:38:55.139718 sonic INFO featured[9012]:     daemon = FeatureDaemon()
2025 Feb 11 02:38:55.139757 sonic INFO featured[9012]:              ^^^^^^^^^^^^^^^
2025 Feb 11 02:38:55.139773 sonic INFO featured[9012]:   File "/usr/local/bin/featured", line 529, in __init__
2025 Feb 11 02:38:55.139837 sonic INFO featured[9012]:     self.feature_handler = FeatureHandler(self.config_db, feature_state_table, self.device_config, self.advanced_boot)
2025 Feb 11 02:38:55.139874 sonic INFO featured[9012]:                            ^^^^^^^^^^^^^^^^^^^^^^^^^^^^^^^^^^^^^^^^^^^^^^^^^^^^^^^^^^^^^^^^^^^^^^^^^^^^^^^^^^^^^^^^^^^
2025 Feb 11 02:38:55.139896 sonic INFO featured[9012]:   File "/usr/local/bin/featured", line 136, in __init__
2025 Feb 11 02:38:55.139943 sonic INFO featured[9012]:     self._device_running_config = device_info.get_device_runtime_metadata()
2025 Feb 11 02:38:55.139975 sonic INFO featured[9012]:                                   ^^^^^^^^^^^^^^^^^^^^^^^^^^^^^^^^^^^^^^^^^
2025 Feb 11 02:38:55.140000 sonic INFO featured[9012]:   File "/usr/local/lib/python3.11/dist-packages/sonic_py_common/device_info.py", line 680, in get_device_runtime_metadata
2025 Feb 11 02:38:55.140108 sonic INFO featured[9012]:     port_metadata = {'ETHERNET_PORTS_PRESENT': True if get_path_to_port_config_file(hwsku=None, asic="0" if is_multi_npu() else None) else False}
2025 Feb 11 02:38:55.140147 sonic INFO featured[9012]:                                                        ^^^^^^^^^^^^^^^^^^^^^^^^^^^^^^^^^^^^^^^^^^^^^^^^^^^^^^^^^^^^^^^^^^^^^^^^^^^^^^
2025 Feb 11 02:38:55.140164 sonic INFO featured[9012]:   File "/usr/local/lib/python3.11/dist-packages/sonic_py_common/device_info.py", line 446, in get_path_to_port_config_file
2025 Feb 11 02:38:55.140231 sonic INFO featured[9012]:     (platform_path, hwsku_path) = get_paths_to_platform_and_hwsku_dirs()
2025 Feb 11 02:38:55.140263 sonic INFO featured[9012]:                                   ^^^^^^^^^^^^^^^^^^^^^^^^^^^^^^^^^^^^^^
2025 Feb 11 02:38:55.140288 sonic INFO featured[9012]:   File "/usr/local/lib/python3.11/dist-packages/sonic_py_common/device_info.py", line 412, in get_paths_to_platform_and_hwsku_dirs
2025 Feb 11 02:38:55.140361 sonic INFO featured[9012]:     hwsku_path = os.path.join(platform_path, hwsku)
2025 Feb 11 02:38:55.140404 sonic INFO featured[9012]:                  ^^^^^^^^^^^^^^^^^^^^^^^^^^^^^^^^^^
2025 Feb 11 02:38:55.140430 sonic INFO featured[9012]:   File "<frozen posixpath>", line 90, in join
2025 Feb 11 02:38:55.140454 sonic INFO featured[9012]:   File "<frozen genericpath>", line 152, in _check_arg_types
2025 Feb 11 02:38:55.140478 sonic INFO featured[9012]: TypeError: join() argument must be str, bytes, or os.PathLike object, not 'NoneType'
2025 Feb 11 02:38:55.159393 sonic NOTICE systemd[1]: featured.service: Main process exited, code=exited, status=1/FAILURE
2025 Feb 11 02:38:55.159523 sonic WARNING systemd[1]: featured.service: Failed with result 'exit-code'.
2025 Feb 11 02:38:55.202607 sonic INFO systemd[1]: Started featured.service - Feature configuration daemon.
2025 Feb 11 02:38:55.346636 sonic INFO featured: ConfigDB connect success
2025 Feb 11 02:38:55.351087 sonic INFO featured[9015]: Traceback (most recent call last):
2025 Feb 11 02:38:55.351163 sonic INFO featured[9015]:   File "/usr/local/bin/featured", line 598, in <module>
2025 Feb 11 02:38:55.351292 sonic INFO featured[9015]:     main()
2025 Feb 11 02:38:55.351372 sonic INFO featured[9015]:   File "/usr/local/bin/featured", line 591, in main
2025 Feb 11 02:38:55.351489 sonic INFO featured[9015]:     daemon = FeatureDaemon()
2025 Feb 11 02:38:55.351543 sonic INFO featured[9015]:              ^^^^^^^^^^^^^^^
2025 Feb 11 02:38:55.351582 sonic INFO featured[9015]:   File "/usr/local/bin/featured", line 529, in __init__
2025 Feb 11 02:38:55.351633 sonic INFO featured[9015]:     self.feature_handler = FeatureHandler(self.config_db, feature_state_table, self.device_config, self.advanced_boot)
2025 Feb 11 02:38:55.351684 sonic INFO featured[9015]:                            ^^^^^^^^^^^^^^^^^^^^^^^^^^^^^^^^^^^^^^^^^^^^^^^^^^^^^^^^^^^^^^^^^^^^^^^^^^^^^^^^^^^^^^^^^^^
2025 Feb 11 02:38:55.351724 sonic INFO featured[9015]:   File "/usr/local/bin/featured", line 136, in __init__
2025 Feb 11 02:38:55.351774 sonic INFO featured[9015]:     self._device_running_config = device_info.get_device_runtime_metadata()
2025 Feb 11 02:38:55.351815 sonic INFO featured[9015]:                                   ^^^^^^^^^^^^^^^^^^^^^^^^^^^^^^^^^^^^^^^^^
2025 Feb 11 02:38:55.351855 sonic INFO featured[9015]:   File "/usr/local/lib/python3.11/dist-packages/sonic_py_common/device_info.py", line 680, in get_device_runtime_metadata
2025 Feb 11 02:38:55.351905 sonic INFO featured[9015]:     port_metadata = {'ETHERNET_PORTS_PRESENT': True if get_path_to_port_config_file(hwsku=None, asic="0" if is_multi_npu() else None) else False}
2025 Feb 11 02:38:55.351955 sonic INFO featured[9015]:                                                        ^^^^^^^^^^^^^^^^^^^^^^^^^^^^^^^^^^^^^^^^^^^^^^^^^^^^^^^^^^^^^^^^^^^^^^^^^^^^^^
2025 Feb 11 02:38:55.352036 sonic INFO featured[9015]:   File "/usr/local/lib/python3.11/dist-packages/sonic_py_common/device_info.py", line 446, in get_path_to_port_config_file
2025 Feb 11 02:38:55.352095 sonic INFO featured[9015]:     (platform_path, hwsku_path) = get_paths_to_platform_and_hwsku_dirs()
2025 Feb 11 02:38:55.352124 sonic INFO featured[9015]:                                   ^^^^^^^^^^^^^^^^^^^^^^^^^^^^^^^^^^^^^^
2025 Feb 11 02:38:55.352166 sonic INFO featured[9015]:   File "/usr/local/lib/python3.11/dist-packages/sonic_py_common/device_info.py", line 412, in get_paths_to_platform_and_hwsku_dirs
2025 Feb 11 02:38:55.352206 sonic INFO featured[9015]:     hwsku_path = os.path.join(platform_path, hwsku)
2025 Feb 11 02:38:55.352246 sonic INFO featured[9015]:                  ^^^^^^^^^^^^^^^^^^^^^^^^^^^^^^^^^^
2025 Feb 11 02:38:55.352285 sonic INFO featured[9015]:   File "<frozen posixpath>", line 90, in join
2025 Feb 11 02:38:55.352325 sonic INFO featured[9015]:   File "<frozen genericpath>", line 152, in _check_arg_types
2025 Feb 11 02:38:55.352380 sonic INFO featured[9015]: TypeError: join() argument must be str, bytes, or os.PathLike object, not 'NoneType'
2025 Feb 11 02:38:55.371126 sonic NOTICE systemd[1]: featured.service: Main process exited, code=exited, status=1/FAILURE
2025 Feb 11 02:38:55.371272 sonic WARNING systemd[1]: featured.service: Failed with result 'exit-code'.
2025 Feb 11 02:38:55.415936 sonic INFO systemd[1]: Started featured.service - Feature configuration daemon.
2025 Feb 11 02:38:55.552251 sonic INFO featured: ConfigDB connect success
2025 Feb 11 02:38:55.556293 sonic INFO featured[9016]: Traceback (most recent call last):
2025 Feb 11 02:38:55.556371 sonic INFO featured[9016]:   File "/usr/local/bin/featured", line 598, in <module>
2025 Feb 11 02:38:55.556509 sonic INFO featured[9016]:     main()
2025 Feb 11 02:38:55.556549 sonic INFO featured[9016]:   File "/usr/local/bin/featured", line 591, in main
2025 Feb 11 02:38:55.556674 sonic INFO featured[9016]:     daemon = FeatureDaemon()
2025 Feb 11 02:38:55.556715 sonic INFO featured[9016]:              ^^^^^^^^^^^^^^^
2025 Feb 11 02:38:55.556737 sonic INFO featured[9016]:   File "/usr/local/bin/featured", line 529, in __init__
2025 Feb 11 02:38:55.556797 sonic INFO featured[9016]:     self.feature_handler = FeatureHandler(self.config_db, feature_state_table, self.device_config, self.advanced_boot)
2025 Feb 11 02:38:55.556832 sonic INFO featured[9016]:                            ^^^^^^^^^^^^^^^^^^^^^^^^^^^^^^^^^^^^^^^^^^^^^^^^^^^^^^^^^^^^^^^^^^^^^^^^^^^^^^^^^^^^^^^^^^^
2025 Feb 11 02:38:55.556854 sonic INFO featured[9016]:   File "/usr/local/bin/featured", line 136, in __init__
2025 Feb 11 02:38:55.556903 sonic INFO featured[9016]:     self._device_running_config = device_info.get_device_runtime_metadata()
2025 Feb 11 02:38:55.556935 sonic INFO featured[9016]:                                   ^^^^^^^^^^^^^^^^^^^^^^^^^^^^^^^^^^^^^^^^^
2025 Feb 11 02:38:55.556961 sonic INFO featured[9016]:   File "/usr/local/lib/python3.11/dist-packages/sonic_py_common/device_info.py", line 680, in get_device_runtime_metadata
2025 Feb 11 02:38:55.557069 sonic INFO featured[9016]:     port_metadata = {'ETHERNET_PORTS_PRESENT': True if get_path_to_port_config_file(hwsku=None, asic="0" if is_multi_npu() else None) else False}
2025 Feb 11 02:38:55.557108 sonic INFO featured[9016]:                                                        ^^^^^^^^^^^^^^^^^^^^^^^^^^^^^^^^^^^^^^^^^^^^^^^^^^^^^^^^^^^^^^^^^^^^^^^^^^^^^^
2025 Feb 11 02:38:55.557125 sonic INFO featured[9016]:   File "/usr/local/lib/python3.11/dist-packages/sonic_py_common/device_info.py", line 446, in get_path_to_port_config_file
2025 Feb 11 02:38:55.557193 sonic INFO featured[9016]:     (platform_path, hwsku_path) = get_paths_to_platform_and_hwsku_dirs()
2025 Feb 11 02:38:55.557224 sonic INFO featured[9016]:                                   ^^^^^^^^^^^^^^^^^^^^^^^^^^^^^^^^^^^^^^
2025 Feb 11 02:38:55.557249 sonic INFO featured[9016]:   File "/usr/local/lib/python3.11/dist-packages/sonic_py_common/device_info.py", line 412, in get_paths_to_platform_and_hwsku_dirs
2025 Feb 11 02:38:55.557307 sonic INFO featured[9016]:     hwsku_path = os.path.join(platform_path, hwsku)
2025 Feb 11 02:38:55.557369 sonic INFO featured[9016]:                  ^^^^^^^^^^^^^^^^^^^^^^^^^^^^^^^^^^
2025 Feb 11 02:38:55.557430 sonic INFO featured[9016]:   File "<frozen posixpath>", line 90, in join
2025 Feb 11 02:38:55.557455 sonic INFO featured[9016]:   File "<frozen genericpath>", line 152, in _check_arg_types
2025 Feb 11 02:38:55.557511 sonic INFO featured[9016]: TypeError: join() argument must be str, bytes, or os.PathLike object, not 'NoneType'
2025 Feb 11 02:38:55.576262 sonic NOTICE systemd[1]: featured.service: Main process exited, code=exited, status=1/FAILURE
2025 Feb 11 02:38:55.576392 sonic WARNING systemd[1]: featured.service: Failed with result 'exit-code'.
2025 Feb 11 02:38:55.577998 sonic WARNING systemd[1]: featured.service: Start request repeated too quickly.
2025 Feb 11 02:38:55.578084 sonic WARNING systemd[1]: featured.service: Failed with result 'exit-code'.
2025 Feb 11 02:38:55.578114 sonic ERR systemd[1]: Failed to start featured.service - Feature configuration daemon.
2025 Feb 11 02:38:58.278259 sonic WARNING systemd[1]: featured.service: Start request repeated too quickly.
2025 Feb 11 02:38:58.278545 sonic WARNING systemd[1]: featured.service: Failed with result 'exit-code'.
2025 Feb 11 02:38:58.278621 sonic ERR systemd[1]: Failed to start featured.service - Feature configuration daemon.
2025 Feb 11 02:38:58.279439 sonic WARNING systemd[1]: featured.service: Start request repeated too quickly.
2025 Feb 11 02:38:58.279510 sonic WARNING systemd[1]: featured.service: Failed with result 'exit-code'.
2025 Feb 11 02:38:58.279539 sonic ERR systemd[1]: Failed to start featured.service - Feature configuration daemon.
2025 Feb 11 02:39:08.314771 sonic INFO systemd[1]: Started featured.service - Feature configuration daemon.
2025 Feb 11 02:39:08.453901 sonic INFO featured: ConfigDB connect success
2025 Feb 11 02:39:08.457849 sonic INFO featured[9046]: Traceback (most recent call last):
2025 Feb 11 02:39:08.457920 sonic INFO featured[9046]:   File "/usr/local/bin/featured", line 598, in <module>
2025 Feb 11 02:39:08.458002 sonic INFO featured[9046]:     main()
2025 Feb 11 02:39:08.458057 sonic INFO featured[9046]:   File "/usr/local/bin/featured", line 591, in main
2025 Feb 11 02:39:08.458166 sonic INFO featured[9046]:     daemon = FeatureDaemon()
2025 Feb 11 02:39:08.458216 sonic INFO featured[9046]:              ^^^^^^^^^^^^^^^
2025 Feb 11 02:39:08.458255 sonic INFO featured[9046]:   File "/usr/local/bin/featured", line 529, in __init__
2025 Feb 11 02:39:08.458294 sonic INFO featured[9046]:     self.feature_handler = FeatureHandler(self.config_db, feature_state_table, self.device_config, self.advanced_boot)
2025 Feb 11 02:39:08.458334 sonic INFO featured[9046]:                            ^^^^^^^^^^^^^^^^^^^^^^^^^^^^^^^^^^^^^^^^^^^^^^^^^^^^^^^^^^^^^^^^^^^^^^^^^^^^^^^^^^^^^^^^^^^
2025 Feb 11 02:39:08.458400 sonic INFO featured[9046]:   File "/usr/local/bin/featured", line 136, in __init__
2025 Feb 11 02:39:08.458442 sonic INFO featured[9046]:     self._device_running_config = device_info.get_device_runtime_metadata()
2025 Feb 11 02:39:08.458472 sonic INFO featured[9046]:                                   ^^^^^^^^^^^^^^^^^^^^^^^^^^^^^^^^^^^^^^^^^
2025 Feb 11 02:39:08.458502 sonic INFO featured[9046]:   File "/usr/local/lib/python3.11/dist-packages/sonic_py_common/device_info.py", line 680, in get_device_runtime_metadata
2025 Feb 11 02:39:08.458553 sonic INFO featured[9046]:     port_metadata = {'ETHERNET_PORTS_PRESENT': True if get_path_to_port_config_file(hwsku=None, asic="0" if is_multi_npu() else None) else False}
2025 Feb 11 02:39:08.458593 sonic INFO featured[9046]:                                                        ^^^^^^^^^^^^^^^^^^^^^^^^^^^^^^^^^^^^^^^^^^^^^^^^^^^^^^^^^^^^^^^^^^^^^^^^^^^^^^
2025 Feb 11 02:39:08.458624 sonic INFO featured[9046]:   File "/usr/local/lib/python3.11/dist-packages/sonic_py_common/device_info.py", line 446, in get_path_to_port_config_file
2025 Feb 11 02:39:08.458671 sonic INFO featured[9046]:     (platform_path, hwsku_path) = get_paths_to_platform_and_hwsku_dirs()
2025 Feb 11 02:39:08.458713 sonic INFO featured[9046]:                                   ^^^^^^^^^^^^^^^^^^^^^^^^^^^^^^^^^^^^^^
2025 Feb 11 02:39:08.458742 sonic INFO featured[9046]:   File "/usr/local/lib/python3.11/dist-packages/sonic_py_common/device_info.py", line 412, in get_paths_to_platform_and_hwsku_dirs
2025 Feb 11 02:39:08.458782 sonic INFO featured[9046]:     hwsku_path = os.path.join(platform_path, hwsku)
2025 Feb 11 02:39:08.458823 sonic INFO featured[9046]:                  ^^^^^^^^^^^^^^^^^^^^^^^^^^^^^^^^^^
2025 Feb 11 02:39:08.458851 sonic INFO featured[9046]:   File "<frozen posixpath>", line 90, in join
2025 Feb 11 02:39:08.458891 sonic INFO featured[9046]:   File "<frozen genericpath>", line 152, in _check_arg_types
2025 Feb 11 02:39:08.458920 sonic INFO featured[9046]: TypeError: join() argument must be str, bytes, or os.PathLike object, not 'NoneType'
2025 Feb 11 02:39:08.477065 sonic NOTICE systemd[1]: featured.service: Main process exited, code=exited, status=1/FAILURE
2025 Feb 11 02:39:08.477170 sonic WARNING systemd[1]: featured.service: Failed with result 'exit-code'.
2025 Feb 11 02:39:08.528085 sonic INFO systemd[1]: Started featured.service - Feature configuration daemon.
2025 Feb 11 02:39:08.671814 sonic INFO featured: ConfigDB connect success
2025 Feb 11 02:39:08.676236 sonic INFO featured[9049]: Traceback (most recent call last):
2025 Feb 11 02:39:08.676302 sonic INFO featured[9049]:   File "/usr/local/bin/featured", line 598, in <module>
2025 Feb 11 02:39:08.676467 sonic INFO featured[9049]:     main()
2025 Feb 11 02:39:08.676527 sonic INFO featured[9049]:   File "/usr/local/bin/featured", line 591, in main
2025 Feb 11 02:39:08.676626 sonic INFO featured[9049]:     daemon = FeatureDaemon()
2025 Feb 11 02:39:08.676685 sonic INFO featured[9049]:              ^^^^^^^^^^^^^^^
2025 Feb 11 02:39:08.676724 sonic INFO featured[9049]:   File "/usr/local/bin/featured", line 529, in __init__
2025 Feb 11 02:39:08.676776 sonic INFO featured[9049]:     self.feature_handler = FeatureHandler(self.config_db, feature_state_table, self.device_config, self.advanced_boot)
2025 Feb 11 02:39:08.676818 sonic INFO featured[9049]:                            ^^^^^^^^^^^^^^^^^^^^^^^^^^^^^^^^^^^^^^^^^^^^^^^^^^^^^^^^^^^^^^^^^^^^^^^^^^^^^^^^^^^^^^^^^^^
2025 Feb 11 02:39:08.676884 sonic INFO featured[9049]:   File "/usr/local/bin/featured", line 136, in __init__
2025 Feb 11 02:39:08.676941 sonic INFO featured[9049]:     self._device_running_config = device_info.get_device_runtime_metadata()
2025 Feb 11 02:39:08.676971 sonic INFO featured[9049]:                                   ^^^^^^^^^^^^^^^^^^^^^^^^^^^^^^^^^^^^^^^^^
2025 Feb 11 02:39:08.677012 sonic INFO featured[9049]:   File "/usr/local/lib/python3.11/dist-packages/sonic_py_common/device_info.py", line 680, in get_device_runtime_metadata
2025 Feb 11 02:39:08.677065 sonic INFO featured[9049]:     port_metadata = {'ETHERNET_PORTS_PRESENT': True if get_path_to_port_config_file(hwsku=None, asic="0" if is_multi_npu() else None) else False}
2025 Feb 11 02:39:08.677106 sonic INFO featured[9049]:                                                        ^^^^^^^^^^^^^^^^^^^^^^^^^^^^^^^^^^^^^^^^^^^^^^^^^^^^^^^^^^^^^^^^^^^^^^^^^^^^^^
2025 Feb 11 02:39:08.677146 sonic INFO featured[9049]:   File "/usr/local/lib/python3.11/dist-packages/sonic_py_common/device_info.py", line 446, in get_path_to_port_config_file
2025 Feb 11 02:39:08.677185 sonic INFO featured[9049]:     (platform_path, hwsku_path) = get_paths_to_platform_and_hwsku_dirs()
2025 Feb 11 02:39:08.677237 sonic INFO featured[9049]:                                   ^^^^^^^^^^^^^^^^^^^^^^^^^^^^^^^^^^^^^^
2025 Feb 11 02:39:08.677278 sonic INFO featured[9049]:   File "/usr/local/lib/python3.11/dist-packages/sonic_py_common/device_info.py", line 412, in get_paths_to_platform_and_hwsku_dirs
2025 Feb 11 02:39:08.677317 sonic INFO featured[9049]:     hwsku_path = os.path.join(platform_path, hwsku)
2025 Feb 11 02:39:08.677382 sonic INFO featured[9049]:                  ^^^^^^^^^^^^^^^^^^^^^^^^^^^^^^^^^^
2025 Feb 11 02:39:08.677422 sonic INFO featured[9049]:   File "<frozen posixpath>", line 90, in join
2025 Feb 11 02:39:08.677462 sonic INFO featured[9049]:   File "<frozen genericpath>", line 152, in _check_arg_types
2025 Feb 11 02:39:08.677546 sonic INFO featured[9049]: TypeError: join() argument must be str, bytes, or os.PathLike object, not 'NoneType'
2025 Feb 11 02:39:08.704929 sonic NOTICE systemd[1]: featured.service: Main process exited, code=exited, status=1/FAILURE
2025 Feb 11 02:39:08.705648 sonic WARNING systemd[1]: featured.service: Failed with result 'exit-code'.
2025 Feb 11 02:39:08.753938 sonic INFO systemd[1]: Started featured.service - Feature configuration daemon.
2025 Feb 11 02:39:08.891526 sonic INFO featured: ConfigDB connect success
2025 Feb 11 02:39:08.896290 sonic INFO featured[9050]: Traceback (most recent call last):
2025 Feb 11 02:39:08.896355 sonic INFO featured[9050]:   File "/usr/local/bin/featured", line 598, in <module>
2025 Feb 11 02:39:08.896475 sonic INFO featured[9050]:     main()
2025 Feb 11 02:39:08.896514 sonic INFO featured[9050]:   File "/usr/local/bin/featured", line 591, in main
2025 Feb 11 02:39:08.896633 sonic INFO featured[9050]:     daemon = FeatureDaemon()
2025 Feb 11 02:39:08.896673 sonic INFO featured[9050]:              ^^^^^^^^^^^^^^^
2025 Feb 11 02:39:08.896690 sonic INFO featured[9050]:   File "/usr/local/bin/featured", line 529, in __init__
2025 Feb 11 02:39:08.896765 sonic INFO featured[9050]:     self.feature_handler = FeatureHandler(self.config_db, feature_state_table, self.device_config, self.advanced_boot)
2025 Feb 11 02:39:08.896800 sonic INFO featured[9050]:                            ^^^^^^^^^^^^^^^^^^^^^^^^^^^^^^^^^^^^^^^^^^^^^^^^^^^^^^^^^^^^^^^^^^^^^^^^^^^^^^^^^^^^^^^^^^^
2025 Feb 11 02:39:08.896816 sonic INFO featured[9050]:   File "/usr/local/bin/featured", line 136, in __init__
2025 Feb 11 02:39:08.896856 sonic INFO featured[9050]:     self._device_running_config = device_info.get_device_runtime_metadata()
2025 Feb 11 02:39:08.896879 sonic INFO featured[9050]:                                   ^^^^^^^^^^^^^^^^^^^^^^^^^^^^^^^^^^^^^^^^^
2025 Feb 11 02:39:08.896896 sonic INFO featured[9050]:   File "/usr/local/lib/python3.11/dist-packages/sonic_py_common/device_info.py", line 680, in get_device_runtime_metadata
2025 Feb 11 02:39:08.897019 sonic INFO featured[9050]:     port_metadata = {'ETHERNET_PORTS_PRESENT': True if get_path_to_port_config_file(hwsku=None, asic="0" if is_multi_npu() else None) else False}
2025 Feb 11 02:39:08.897059 sonic INFO featured[9050]:                                                        ^^^^^^^^^^^^^^^^^^^^^^^^^^^^^^^^^^^^^^^^^^^^^^^^^^^^^^^^^^^^^^^^^^^^^^^^^^^^^^
2025 Feb 11 02:39:08.897076 sonic INFO featured[9050]:   File "/usr/local/lib/python3.11/dist-packages/sonic_py_common/device_info.py", line 446, in get_path_to_port_config_file
2025 Feb 11 02:39:08.897140 sonic INFO featured[9050]:     (platform_path, hwsku_path) = get_paths_to_platform_and_hwsku_dirs()
2025 Feb 11 02:39:08.897172 sonic INFO featured[9050]:                                   ^^^^^^^^^^^^^^^^^^^^^^^^^^^^^^^^^^^^^^
2025 Feb 11 02:39:08.897196 sonic INFO featured[9050]:   File "/usr/local/lib/python3.11/dist-packages/sonic_py_common/device_info.py", line 412, in get_paths_to_platform_and_hwsku_dirs
2025 Feb 11 02:39:08.897244 sonic INFO featured[9050]:     hwsku_path = os.path.join(platform_path, hwsku)
2025 Feb 11 02:39:08.897278 sonic INFO featured[9050]:                  ^^^^^^^^^^^^^^^^^^^^^^^^^^^^^^^^^^
2025 Feb 11 02:39:08.897294 sonic INFO featured[9050]:   File "<frozen posixpath>", line 90, in join
2025 Feb 11 02:39:08.897320 sonic INFO featured[9050]:   File "<frozen genericpath>", line 152, in _check_arg_types
2025 Feb 11 02:39:08.897353 sonic INFO featured[9050]: TypeError: join() argument must be str, bytes, or os.PathLike object, not 'NoneType'
2025 Feb 11 02:39:08.916131 sonic NOTICE systemd[1]: featured.service: Main process exited, code=exited, status=1/FAILURE
2025 Feb 11 02:39:08.916277 sonic WARNING systemd[1]: featured.service: Failed with result 'exit-code'.
2025 Feb 11 02:39:08.942535 sonic INFO systemd[1]: Started featured.service - Feature configuration daemon.
2025 Feb 11 02:39:09.074577 sonic INFO featured: ConfigDB connect success
2025 Feb 11 02:39:09.078743 sonic INFO featured[9051]: Traceback (most recent call last):
2025 Feb 11 02:39:09.078802 sonic INFO featured[9051]:   File "/usr/local/bin/featured", line 598, in <module>
2025 Feb 11 02:39:09.078908 sonic INFO featured[9051]:     main()
2025 Feb 11 02:39:09.078991 sonic INFO featured[9051]:   File "/usr/local/bin/featured", line 591, in main
2025 Feb 11 02:39:09.079053 sonic INFO featured[9051]:     daemon = FeatureDaemon()
2025 Feb 11 02:39:09.079099 sonic INFO featured[9051]:              ^^^^^^^^^^^^^^^
2025 Feb 11 02:39:09.079146 sonic INFO featured[9051]:   File "/usr/local/bin/featured", line 529, in __init__
2025 Feb 11 02:39:09.079201 sonic INFO featured[9051]:     self.feature_handler = FeatureHandler(self.config_db, feature_state_table, self.device_config, self.advanced_boot)
2025 Feb 11 02:39:09.079245 sonic INFO featured[9051]:                            ^^^^^^^^^^^^^^^^^^^^^^^^^^^^^^^^^^^^^^^^^^^^^^^^^^^^^^^^^^^^^^^^^^^^^^^^^^^^^^^^^^^^^^^^^^^
2025 Feb 11 02:39:09.079273 sonic INFO featured[9051]:   File "/usr/local/bin/featured", line 136, in __init__
2025 Feb 11 02:39:09.079325 sonic INFO featured[9051]:     self._device_running_config = device_info.get_device_runtime_metadata()
2025 Feb 11 02:39:09.079388 sonic INFO featured[9051]:                                   ^^^^^^^^^^^^^^^^^^^^^^^^^^^^^^^^^^^^^^^^^
2025 Feb 11 02:39:09.079418 sonic INFO featured[9051]:   File "/usr/local/lib/python3.11/dist-packages/sonic_py_common/device_info.py", line 680, in get_device_runtime_metadata
2025 Feb 11 02:39:09.079474 sonic INFO featured[9051]:     port_metadata = {'ETHERNET_PORTS_PRESENT': True if get_path_to_port_config_file(hwsku=None, asic="0" if is_multi_npu() else None) else False}
2025 Feb 11 02:39:09.079517 sonic INFO featured[9051]:                                                        ^^^^^^^^^^^^^^^^^^^^^^^^^^^^^^^^^^^^^^^^^^^^^^^^^^^^^^^^^^^^^^^^^^^^^^^^^^^^^^
2025 Feb 11 02:39:09.079559 sonic INFO featured[9051]:   File "/usr/local/lib/python3.11/dist-packages/sonic_py_common/device_info.py", line 446, in get_path_to_port_config_file
2025 Feb 11 02:39:09.079613 sonic INFO featured[9051]:     (platform_path, hwsku_path) = get_paths_to_platform_and_hwsku_dirs()
2025 Feb 11 02:39:09.079655 sonic INFO featured[9051]:                                   ^^^^^^^^^^^^^^^^^^^^^^^^^^^^^^^^^^^^^^
2025 Feb 11 02:39:09.079697 sonic INFO featured[9051]:   File "/usr/local/lib/python3.11/dist-packages/sonic_py_common/device_info.py", line 412, in get_paths_to_platform_and_hwsku_dirs
2025 Feb 11 02:39:09.079739 sonic INFO featured[9051]:     hwsku_path = os.path.join(platform_path, hwsku)
2025 Feb 11 02:39:09.079792 sonic INFO featured[9051]:                  ^^^^^^^^^^^^^^^^^^^^^^^^^^^^^^^^^^
2025 Feb 11 02:39:09.079833 sonic INFO featured[9051]:   File "<frozen posixpath>", line 90, in join
2025 Feb 11 02:39:09.079875 sonic INFO featured[9051]:   File "<frozen genericpath>", line 152, in _check_arg_types
2025 Feb 11 02:39:09.079916 sonic INFO featured[9051]: TypeError: join() argument must be str, bytes, or os.PathLike object, not 'NoneType'
2025 Feb 11 02:39:09.099175 sonic NOTICE systemd[1]: featured.service: Main process exited, code=exited, status=1/FAILURE
2025 Feb 11 02:39:09.099328 sonic WARNING systemd[1]: featured.service: Failed with result 'exit-code'.
2025 Feb 11 02:39:09.126512 sonic INFO systemd[1]: Started featured.service - Feature configuration daemon.
2025 Feb 11 02:39:09.256947 sonic INFO featured: ConfigDB connect success
2025 Feb 11 02:39:09.261867 sonic INFO featured[9052]: Traceback (most recent call last):
2025 Feb 11 02:39:09.261922 sonic INFO featured[9052]:   File "/usr/local/bin/featured", line 598, in <module>
2025 Feb 11 02:39:09.262040 sonic INFO featured[9052]:     main()
2025 Feb 11 02:39:09.262085 sonic INFO featured[9052]:   File "/usr/local/bin/featured", line 591, in main
2025 Feb 11 02:39:09.262204 sonic INFO featured[9052]:     daemon = FeatureDaemon()
2025 Feb 11 02:39:09.262240 sonic INFO featured[9052]:              ^^^^^^^^^^^^^^^
2025 Feb 11 02:39:09.262266 sonic INFO featured[9052]:   File "/usr/local/bin/featured", line 529, in __init__
2025 Feb 11 02:39:09.262318 sonic INFO featured[9052]:     self.feature_handler = FeatureHandler(self.config_db, feature_state_table, self.device_config, self.advanced_boot)
2025 Feb 11 02:39:09.262388 sonic INFO featured[9052]:                            ^^^^^^^^^^^^^^^^^^^^^^^^^^^^^^^^^^^^^^^^^^^^^^^^^^^^^^^^^^^^^^^^^^^^^^^^^^^^^^^^^^^^^^^^^^^
2025 Feb 11 02:39:09.262432 sonic INFO featured[9052]:   File "/usr/local/bin/featured", line 136, in __init__
2025 Feb 11 02:39:09.262486 sonic INFO featured[9052]:     self._device_running_config = device_info.get_device_runtime_metadata()
2025 Feb 11 02:39:09.262607 sonic INFO featured[9052]:                                   ^^^^^^^^^^^^^^^^^^^^^^^^^^^^^^^^^^^^^^^^^
2025 Feb 11 02:39:09.262637 sonic INFO featured[9052]:   File "/usr/local/lib/python3.11/dist-packages/sonic_py_common/device_info.py", line 680, in get_device_runtime_metadata
2025 Feb 11 02:39:09.262674 sonic INFO featured[9052]:     port_metadata = {'ETHERNET_PORTS_PRESENT': True if get_path_to_port_config_file(hwsku=None, asic="0" if is_multi_npu() else None) else False}
2025 Feb 11 02:39:09.262717 sonic INFO featured[9052]:                                                        ^^^^^^^^^^^^^^^^^^^^^^^^^^^^^^^^^^^^^^^^^^^^^^^^^^^^^^^^^^^^^^^^^^^^^^^^^^^^^^
2025 Feb 11 02:39:09.262760 sonic INFO featured[9052]:   File "/usr/local/lib/python3.11/dist-packages/sonic_py_common/device_info.py", line 446, in get_path_to_port_config_file
2025 Feb 11 02:39:09.262800 sonic INFO featured[9052]:     (platform_path, hwsku_path) = get_paths_to_platform_and_hwsku_dirs()
2025 Feb 11 02:39:09.262865 sonic INFO featured[9052]:                                   ^^^^^^^^^^^^^^^^^^^^^^^^^^^^^^^^^^^^^^
2025 Feb 11 02:39:09.262906 sonic INFO featured[9052]:   File "/usr/local/lib/python3.11/dist-packages/sonic_py_common/device_info.py", line 412, in get_paths_to_platform_and_hwsku_dirs
2025 Feb 11 02:39:09.262948 sonic INFO featured[9052]:     hwsku_path = os.path.join(platform_path, hwsku)
2025 Feb 11 02:39:09.262989 sonic INFO featured[9052]:                  ^^^^^^^^^^^^^^^^^^^^^^^^^^^^^^^^^^
2025 Feb 11 02:39:09.263029 sonic INFO featured[9052]:   File "<frozen posixpath>", line 90, in join
2025 Feb 11 02:39:09.263071 sonic INFO featured[9052]:   File "<frozen genericpath>", line 152, in _check_arg_types
2025 Feb 11 02:39:09.263113 sonic INFO featured[9052]: TypeError: join() argument must be str, bytes, or os.PathLike object, not 'NoneType'
2025 Feb 11 02:39:09.281093 sonic NOTICE systemd[1]: featured.service: Main process exited, code=exited, status=1/FAILURE
2025 Feb 11 02:39:09.281250 sonic WARNING systemd[1]: featured.service: Failed with result 'exit-code'.
2025 Feb 11 02:39:09.283232 sonic WARNING systemd[1]: featured.service: Start request repeated too quickly.
2025 Feb 11 02:39:09.283281 sonic WARNING systemd[1]: featured.service: Failed with result 'exit-code'.
2025 Feb 11 02:39:09.283387 sonic ERR systemd[1]: Failed to start featured.service - Feature configuration daemon.
2025 Feb 11 02:39:11.279067 sonic WARNING systemd[1]: featured.service: Start request repeated too quickly.
2025 Feb 11 02:39:11.279312 sonic WARNING systemd[1]: featured.service: Failed with result 'exit-code'.
2025 Feb 11 02:39:11.279405 sonic ERR systemd[1]: Failed to start featured.service - Feature configuration daemon.
2025 Feb 11 02:39:11.779882 sonic INFO systemd[1]: caclmgrd.service: Scheduled restart job, restart counter is at 24.
2025 Feb 11 02:39:11.780285 sonic INFO systemd[1]: Stopped caclmgrd.service - Control Plane ACL configuration daemon.
2025 Feb 11 02:39:11.806223 sonic INFO systemd[1]: Started caclmgrd.service - Control Plane ACL configuration daemon.
2025 Feb 11 02:39:11.806884 sonic WARNING systemd[1]: featured.service: Start request repeated too quickly.
2025 Feb 11 02:39:11.807622 sonic WARNING systemd[1]: featured.service: Failed with result 'exit-code'.
2025 Feb 11 02:39:11.807713 sonic ERR systemd[1]: Failed to start featured.service - Feature configuration daemon.
2025 Feb 11 02:39:11.810464 sonic WARNING systemd[1]: featured.service: Start request repeated too quickly.
2025 Feb 11 02:39:11.810527 sonic WARNING systemd[1]: featured.service: Failed with result 'exit-code'.
2025 Feb 11 02:39:11.810576 sonic ERR systemd[1]: Failed to start featured.service - Feature configuration daemon.
2025 Feb 11 02:39:11.927259 sonic INFO caclmgrd[9059]: Traceback (most recent call last):
2025 Feb 11 02:39:11.927468 sonic INFO caclmgrd[9059]:   File "/usr/local/bin/caclmgrd", line 1146, in <module>
2025 Feb 11 02:39:11.927521 sonic INFO caclmgrd[9059]:     main()
2025 Feb 11 02:39:11.927548 sonic INFO caclmgrd[9059]:   File "/usr/local/bin/caclmgrd", line 1137, in main
2025 Feb 11 02:39:11.927575 sonic INFO caclmgrd[9059]:     caclmgr = ControlPlaneAclManager(SYSLOG_IDENTIFIER)
2025 Feb 11 02:39:11.927606 sonic INFO caclmgrd[9059]:               ^^^^^^^^^^^^^^^^^^^^^^^^^^^^^^^^^^^^^^^^^
2025 Feb 11 02:39:11.927631 sonic INFO caclmgrd[9059]:   File "/usr/local/bin/caclmgrd", line 156, in __init__
2025 Feb 11 02:39:11.927656 sonic INFO caclmgrd[9059]:     if 'subtype' in metadata['localhost'] and metadata['localhost']['subtype'] == 'DualToR':
2025 Feb 11 02:39:11.927680 sonic INFO caclmgrd[9059]:                     ~~~~~~~~^^^^^^^^^^^^^
2025 Feb 11 02:39:11.927703 sonic INFO caclmgrd[9059]: KeyError: 'localhost'
2025 Feb 11 02:39:11.939870 sonic NOTICE systemd[1]: caclmgrd.service: Main process exited, code=exited, status=1/FAILURE
2025 Feb 11 02:39:11.940004 sonic WARNING systemd[1]: caclmgrd.service: Failed with result 'exit-code'.
2025 Feb 11 02:39:11.941706 sonic WARNING systemd[1]: featured.service: Start request repeated too quickly.
2025 Feb 11 02:39:11.941767 sonic WARNING systemd[1]: featured.service: Failed with result 'exit-code'.
2025 Feb 11 02:39:11.941807 sonic ERR systemd[1]: Failed to start featured.service - Feature configuration daemon.
2025 Feb 11 02:39:28.306563 sonic INFO systemd[1]: Started featured.service - Feature configuration daemon.
2025 Feb 11 02:39:28.439624 sonic INFO featured: ConfigDB connect success
2025 Feb 11 02:39:28.443666 sonic INFO featured[9121]: Traceback (most recent call last):
2025 Feb 11 02:39:28.443722 sonic INFO featured[9121]:   File "/usr/local/bin/featured", line 598, in <module>
2025 Feb 11 02:39:28.443847 sonic INFO featured[9121]:     main()
2025 Feb 11 02:39:28.443885 sonic INFO featured[9121]:   File "/usr/local/bin/featured", line 591, in main
2025 Feb 11 02:39:28.444010 sonic INFO featured[9121]:     daemon = FeatureDaemon()
2025 Feb 11 02:39:28.444042 sonic INFO featured[9121]:              ^^^^^^^^^^^^^^^
2025 Feb 11 02:39:28.444064 sonic INFO featured[9121]:   File "/usr/local/bin/featured", line 529, in __init__
2025 Feb 11 02:39:28.444141 sonic INFO featured[9121]:     self.feature_handler = FeatureHandler(self.config_db, feature_state_table, self.device_config, self.advanced_boot)
2025 Feb 11 02:39:28.444179 sonic INFO featured[9121]:                            ^^^^^^^^^^^^^^^^^^^^^^^^^^^^^^^^^^^^^^^^^^^^^^^^^^^^^^^^^^^^^^^^^^^^^^^^^^^^^^^^^^^^^^^^^^^
2025 Feb 11 02:39:28.444195 sonic INFO featured[9121]:   File "/usr/local/bin/featured", line 136, in __init__
2025 Feb 11 02:39:28.444226 sonic INFO featured[9121]:     self._device_running_config = device_info.get_device_runtime_metadata()
2025 Feb 11 02:39:28.444258 sonic INFO featured[9121]:                                   ^^^^^^^^^^^^^^^^^^^^^^^^^^^^^^^^^^^^^^^^^
2025 Feb 11 02:39:28.444283 sonic INFO featured[9121]:   File "/usr/local/lib/python3.11/dist-packages/sonic_py_common/device_info.py", line 680, in get_device_runtime_metadata
2025 Feb 11 02:39:28.444411 sonic INFO featured[9121]:     port_metadata = {'ETHERNET_PORTS_PRESENT': True if get_path_to_port_config_file(hwsku=None, asic="0" if is_multi_npu() else None) else False}
2025 Feb 11 02:39:28.444450 sonic INFO featured[9121]:                                                        ^^^^^^^^^^^^^^^^^^^^^^^^^^^^^^^^^^^^^^^^^^^^^^^^^^^^^^^^^^^^^^^^^^^^^^^^^^^^^^
2025 Feb 11 02:39:28.444466 sonic INFO featured[9121]:   File "/usr/local/lib/python3.11/dist-packages/sonic_py_common/device_info.py", line 446, in get_path_to_port_config_file
2025 Feb 11 02:39:28.444536 sonic INFO featured[9121]:     (platform_path, hwsku_path) = get_paths_to_platform_and_hwsku_dirs()
2025 Feb 11 02:39:28.444573 sonic INFO featured[9121]:                                   ^^^^^^^^^^^^^^^^^^^^^^^^^^^^^^^^^^^^^^
2025 Feb 11 02:39:28.444599 sonic INFO featured[9121]:   File "/usr/local/lib/python3.11/dist-packages/sonic_py_common/device_info.py", line 412, in get_paths_to_platform_and_hwsku_dirs
2025 Feb 11 02:39:28.444645 sonic INFO featured[9121]:     hwsku_path = os.path.join(platform_path, hwsku)
2025 Feb 11 02:39:28.444679 sonic INFO featured[9121]:                  ^^^^^^^^^^^^^^^^^^^^^^^^^^^^^^^^^^
2025 Feb 11 02:39:28.444704 sonic INFO featured[9121]:   File "<frozen posixpath>", line 90, in join
2025 Feb 11 02:39:28.444728 sonic INFO featured[9121]:   File "<frozen genericpath>", line 152, in _check_arg_types
2025 Feb 11 02:39:28.444752 sonic INFO featured[9121]: TypeError: join() argument must be str, bytes, or os.PathLike object, not 'NoneType'
2025 Feb 11 02:39:28.463008 sonic NOTICE systemd[1]: featured.service: Main process exited, code=exited, status=1/FAILURE
2025 Feb 11 02:39:28.463142 sonic WARNING systemd[1]: featured.service: Failed with result 'exit-code'.
2025 Feb 11 02:39:28.486581 sonic INFO systemd[1]: Started featured.service - Feature configuration daemon.
2025 Feb 11 02:39:28.627437 sonic INFO featured: ConfigDB connect success
2025 Feb 11 02:39:28.631545 sonic INFO featured[9122]: Traceback (most recent call last):
2025 Feb 11 02:39:28.631607 sonic INFO featured[9122]:   File "/usr/local/bin/featured", line 598, in <module>
2025 Feb 11 02:39:28.631772 sonic INFO featured[9122]:     main()
2025 Feb 11 02:39:28.631810 sonic INFO featured[9122]:   File "/usr/local/bin/featured", line 591, in main
2025 Feb 11 02:39:28.631930 sonic INFO featured[9122]:     daemon = FeatureDaemon()
2025 Feb 11 02:39:28.631970 sonic INFO featured[9122]:              ^^^^^^^^^^^^^^^
2025 Feb 11 02:39:28.631987 sonic INFO featured[9122]:   File "/usr/local/bin/featured", line 529, in __init__
2025 Feb 11 02:39:28.632071 sonic INFO featured[9122]:     self.feature_handler = FeatureHandler(self.config_db, feature_state_table, self.device_config, self.advanced_boot)
2025 Feb 11 02:39:28.632110 sonic INFO featured[9122]:                            ^^^^^^^^^^^^^^^^^^^^^^^^^^^^^^^^^^^^^^^^^^^^^^^^^^^^^^^^^^^^^^^^^^^^^^^^^^^^^^^^^^^^^^^^^^^
2025 Feb 11 02:39:28.632126 sonic INFO featured[9122]:   File "/usr/local/bin/featured", line 136, in __init__
2025 Feb 11 02:39:28.632157 sonic INFO featured[9122]:     self._device_running_config = device_info.get_device_runtime_metadata()
2025 Feb 11 02:39:28.632179 sonic INFO featured[9122]:                                   ^^^^^^^^^^^^^^^^^^^^^^^^^^^^^^^^^^^^^^^^^
2025 Feb 11 02:39:28.632204 sonic INFO featured[9122]:   File "/usr/local/lib/python3.11/dist-packages/sonic_py_common/device_info.py", line 680, in get_device_runtime_metadata
2025 Feb 11 02:39:28.632315 sonic INFO featured[9122]:     port_metadata = {'ETHERNET_PORTS_PRESENT': True if get_path_to_port_config_file(hwsku=None, asic="0" if is_multi_npu() else None) else False}
2025 Feb 11 02:39:28.632390 sonic INFO featured[9122]:                                                        ^^^^^^^^^^^^^^^^^^^^^^^^^^^^^^^^^^^^^^^^^^^^^^^^^^^^^^^^^^^^^^^^^^^^^^^^^^^^^^
2025 Feb 11 02:39:28.632417 sonic INFO featured[9122]:   File "/usr/local/lib/python3.11/dist-packages/sonic_py_common/device_info.py", line 446, in get_path_to_port_config_file
2025 Feb 11 02:39:28.632491 sonic INFO featured[9122]:     (platform_path, hwsku_path) = get_paths_to_platform_and_hwsku_dirs()
2025 Feb 11 02:39:28.632522 sonic INFO featured[9122]:                                   ^^^^^^^^^^^^^^^^^^^^^^^^^^^^^^^^^^^^^^
2025 Feb 11 02:39:28.632547 sonic INFO featured[9122]:   File "/usr/local/lib/python3.11/dist-packages/sonic_py_common/device_info.py", line 412, in get_paths_to_platform_and_hwsku_dirs
2025 Feb 11 02:39:28.632605 sonic INFO featured[9122]:     hwsku_path = os.path.join(platform_path, hwsku)
2025 Feb 11 02:39:28.632639 sonic INFO featured[9122]:                  ^^^^^^^^^^^^^^^^^^^^^^^^^^^^^^^^^^
2025 Feb 11 02:39:28.632664 sonic INFO featured[9122]:   File "<frozen posixpath>", line 90, in join
2025 Feb 11 02:39:28.632688 sonic INFO featured[9122]:   File "<frozen genericpath>", line 152, in _check_arg_types
2025 Feb 11 02:39:28.632712 sonic INFO featured[9122]: TypeError: join() argument must be str, bytes, or os.PathLike object, not 'NoneType'
2025 Feb 11 02:39:28.651519 sonic NOTICE systemd[1]: featured.service: Main process exited, code=exited, status=1/FAILURE
2025 Feb 11 02:39:28.651647 sonic WARNING systemd[1]: featured.service: Failed with result 'exit-code'.
2025 Feb 11 02:39:28.680709 sonic INFO systemd[1]: Started featured.service - Feature configuration daemon.
2025 Feb 11 02:39:28.830135 sonic INFO featured: ConfigDB connect success
2025 Feb 11 02:39:28.834329 sonic INFO featured[9125]: Traceback (most recent call last):
2025 Feb 11 02:39:28.834415 sonic INFO featured[9125]:   File "/usr/local/bin/featured", line 598, in <module>
2025 Feb 11 02:39:28.834519 sonic INFO featured[9125]:     main()
2025 Feb 11 02:39:28.834558 sonic INFO featured[9125]:   File "/usr/local/bin/featured", line 591, in main
2025 Feb 11 02:39:28.834681 sonic INFO featured[9125]:     daemon = FeatureDaemon()
2025 Feb 11 02:39:28.834720 sonic INFO featured[9125]:              ^^^^^^^^^^^^^^^
2025 Feb 11 02:39:28.834737 sonic INFO featured[9125]:   File "/usr/local/bin/featured", line 529, in __init__
2025 Feb 11 02:39:28.834799 sonic INFO featured[9125]:     self.feature_handler = FeatureHandler(self.config_db, feature_state_table, self.device_config, self.advanced_boot)
2025 Feb 11 02:39:28.834863 sonic INFO featured[9125]:                            ^^^^^^^^^^^^^^^^^^^^^^^^^^^^^^^^^^^^^^^^^^^^^^^^^^^^^^^^^^^^^^^^^^^^^^^^^^^^^^^^^^^^^^^^^^^
2025 Feb 11 02:39:28.834890 sonic INFO featured[9125]:   File "/usr/local/bin/featured", line 136, in __init__
2025 Feb 11 02:39:28.834921 sonic INFO featured[9125]:     self._device_running_config = device_info.get_device_runtime_metadata()
2025 Feb 11 02:39:28.834951 sonic INFO featured[9125]:                                   ^^^^^^^^^^^^^^^^^^^^^^^^^^^^^^^^^^^^^^^^^
2025 Feb 11 02:39:28.834976 sonic INFO featured[9125]:   File "/usr/local/lib/python3.11/dist-packages/sonic_py_common/device_info.py", line 680, in get_device_runtime_metadata
2025 Feb 11 02:39:28.835047 sonic INFO featured[9125]:     port_metadata = {'ETHERNET_PORTS_PRESENT': True if get_path_to_port_config_file(hwsku=None, asic="0" if is_multi_npu() else None) else False}
2025 Feb 11 02:39:28.835098 sonic INFO featured[9125]:                                                        ^^^^^^^^^^^^^^^^^^^^^^^^^^^^^^^^^^^^^^^^^^^^^^^^^^^^^^^^^^^^^^^^^^^^^^^^^^^^^^
2025 Feb 11 02:39:28.835125 sonic INFO featured[9125]:   File "/usr/local/lib/python3.11/dist-packages/sonic_py_common/device_info.py", line 446, in get_path_to_port_config_file
2025 Feb 11 02:39:28.835204 sonic INFO featured[9125]:     (platform_path, hwsku_path) = get_paths_to_platform_and_hwsku_dirs()
2025 Feb 11 02:39:28.835237 sonic INFO featured[9125]:                                   ^^^^^^^^^^^^^^^^^^^^^^^^^^^^^^^^^^^^^^
2025 Feb 11 02:39:28.835263 sonic INFO featured[9125]:   File "/usr/local/lib/python3.11/dist-packages/sonic_py_common/device_info.py", line 412, in get_paths_to_platform_and_hwsku_dirs
2025 Feb 11 02:39:28.835292 sonic INFO featured[9125]:     hwsku_path = os.path.join(platform_path, hwsku)
2025 Feb 11 02:39:28.835328 sonic INFO featured[9125]:                  ^^^^^^^^^^^^^^^^^^^^^^^^^^^^^^^^^^
2025 Feb 11 02:39:28.835367 sonic INFO featured[9125]:   File "<frozen posixpath>", line 90, in join
2025 Feb 11 02:39:28.835392 sonic INFO featured[9125]:   File "<frozen genericpath>", line 152, in _check_arg_types
2025 Feb 11 02:39:28.835417 sonic INFO featured[9125]: TypeError: join() argument must be str, bytes, or os.PathLike object, not 'NoneType'
2025 Feb 11 02:39:28.853890 sonic NOTICE systemd[1]: featured.service: Main process exited, code=exited, status=1/FAILURE
2025 Feb 11 02:39:28.854038 sonic WARNING systemd[1]: featured.service: Failed with result 'exit-code'.
2025 Feb 11 02:39:28.906947 sonic INFO systemd[1]: Started featured.service - Feature configuration daemon.
2025 Feb 11 02:39:29.059131 sonic INFO featured: ConfigDB connect success
2025 Feb 11 02:39:29.063485 sonic INFO featured[9126]: Traceback (most recent call last):
2025 Feb 11 02:39:29.063548 sonic INFO featured[9126]:   File "/usr/local/bin/featured", line 598, in <module>
2025 Feb 11 02:39:29.063797 sonic INFO featured[9126]:     main()
2025 Feb 11 02:39:29.063843 sonic INFO featured[9126]:   File "/usr/local/bin/featured", line 591, in main
2025 Feb 11 02:39:29.064019 sonic INFO featured[9126]:     daemon = FeatureDaemon()
2025 Feb 11 02:39:29.064057 sonic INFO featured[9126]:              ^^^^^^^^^^^^^^^
2025 Feb 11 02:39:29.064078 sonic INFO featured[9126]:   File "/usr/local/bin/featured", line 529, in __init__
2025 Feb 11 02:39:29.064227 sonic INFO featured[9126]:     self.feature_handler = FeatureHandler(self.config_db, feature_state_table, self.device_config, self.advanced_boot)
2025 Feb 11 02:39:29.064265 sonic INFO featured[9126]:                            ^^^^^^^^^^^^^^^^^^^^^^^^^^^^^^^^^^^^^^^^^^^^^^^^^^^^^^^^^^^^^^^^^^^^^^^^^^^^^^^^^^^^^^^^^^^
2025 Feb 11 02:39:29.064282 sonic INFO featured[9126]:   File "/usr/local/bin/featured", line 136, in __init__
2025 Feb 11 02:39:29.064406 sonic INFO featured[9126]:     self._device_running_config = device_info.get_device_runtime_metadata()
2025 Feb 11 02:39:29.064444 sonic INFO featured[9126]:                                   ^^^^^^^^^^^^^^^^^^^^^^^^^^^^^^^^^^^^^^^^^
2025 Feb 11 02:39:29.064461 sonic INFO featured[9126]:   File "/usr/local/lib/python3.11/dist-packages/sonic_py_common/device_info.py", line 680, in get_device_runtime_metadata
2025 Feb 11 02:39:29.064646 sonic INFO featured[9126]:     port_metadata = {'ETHERNET_PORTS_PRESENT': True if get_path_to_port_config_file(hwsku=None, asic="0" if is_multi_npu() else None) else False}
2025 Feb 11 02:39:29.064684 sonic INFO featured[9126]:                                                        ^^^^^^^^^^^^^^^^^^^^^^^^^^^^^^^^^^^^^^^^^^^^^^^^^^^^^^^^^^^^^^^^^^^^^^^^^^^^^^
2025 Feb 11 02:39:29.064702 sonic INFO featured[9126]:   File "/usr/local/lib/python3.11/dist-packages/sonic_py_common/device_info.py", line 446, in get_path_to_port_config_file
2025 Feb 11 02:39:29.064841 sonic INFO featured[9126]:     (platform_path, hwsku_path) = get_paths_to_platform_and_hwsku_dirs()
2025 Feb 11 02:39:29.064874 sonic INFO featured[9126]:                                   ^^^^^^^^^^^^^^^^^^^^^^^^^^^^^^^^^^^^^^
2025 Feb 11 02:39:29.064899 sonic INFO featured[9126]:   File "/usr/local/lib/python3.11/dist-packages/sonic_py_common/device_info.py", line 412, in get_paths_to_platform_and_hwsku_dirs
2025 Feb 11 02:39:29.065007 sonic INFO featured[9126]:     hwsku_path = os.path.join(platform_path, hwsku)
2025 Feb 11 02:39:29.065055 sonic INFO featured[9126]:                  ^^^^^^^^^^^^^^^^^^^^^^^^^^^^^^^^^^
2025 Feb 11 02:39:29.065087 sonic INFO featured[9126]:   File "<frozen posixpath>", line 90, in join
2025 Feb 11 02:39:29.065112 sonic INFO featured[9126]:   File "<frozen genericpath>", line 152, in _check_arg_types
2025 Feb 11 02:39:29.065137 sonic INFO featured[9126]: TypeError: join() argument must be str, bytes, or os.PathLike object, not 'NoneType'
2025 Feb 11 02:39:29.084658 sonic NOTICE systemd[1]: featured.service: Main process exited, code=exited, status=1/FAILURE
2025 Feb 11 02:39:29.084789 sonic WARNING systemd[1]: featured.service: Failed with result 'exit-code'.
2025 Feb 11 02:39:29.118666 sonic INFO systemd[1]: Started featured.service - Feature configuration daemon.
2025 Feb 11 02:39:29.249233 sonic INFO featured: ConfigDB connect success
2025 Feb 11 02:39:29.253173 sonic INFO featured[9130]: Traceback (most recent call last):
2025 Feb 11 02:39:29.253219 sonic INFO featured[9130]:   File "/usr/local/bin/featured", line 598, in <module>
2025 Feb 11 02:39:29.253352 sonic INFO featured[9130]:     main()
2025 Feb 11 02:39:29.253390 sonic INFO featured[9130]:   File "/usr/local/bin/featured", line 591, in main
2025 Feb 11 02:39:29.253570 sonic INFO featured[9130]:     daemon = FeatureDaemon()
2025 Feb 11 02:39:29.253610 sonic INFO featured[9130]:              ^^^^^^^^^^^^^^^
2025 Feb 11 02:39:29.253627 sonic INFO featured[9130]:   File "/usr/local/bin/featured", line 529, in __init__
2025 Feb 11 02:39:29.253698 sonic INFO featured[9130]:     self.feature_handler = FeatureHandler(self.config_db, feature_state_table, self.device_config, self.advanced_boot)
2025 Feb 11 02:39:29.253763 sonic INFO featured[9130]:                            ^^^^^^^^^^^^^^^^^^^^^^^^^^^^^^^^^^^^^^^^^^^^^^^^^^^^^^^^^^^^^^^^^^^^^^^^^^^^^^^^^^^^^^^^^^^
2025 Feb 11 02:39:29.253789 sonic INFO featured[9130]:   File "/usr/local/bin/featured", line 136, in __init__
2025 Feb 11 02:39:29.253819 sonic INFO featured[9130]:     self._device_running_config = device_info.get_device_runtime_metadata()
2025 Feb 11 02:39:29.253852 sonic INFO featured[9130]:                                   ^^^^^^^^^^^^^^^^^^^^^^^^^^^^^^^^^^^^^^^^^
2025 Feb 11 02:39:29.253868 sonic INFO featured[9130]:   File "/usr/local/lib/python3.11/dist-packages/sonic_py_common/device_info.py", line 680, in get_device_runtime_metadata
2025 Feb 11 02:39:29.253947 sonic INFO featured[9130]:     port_metadata = {'ETHERNET_PORTS_PRESENT': True if get_path_to_port_config_file(hwsku=None, asic="0" if is_multi_npu() else None) else False}
2025 Feb 11 02:39:29.254017 sonic INFO featured[9130]:                                                        ^^^^^^^^^^^^^^^^^^^^^^^^^^^^^^^^^^^^^^^^^^^^^^^^^^^^^^^^^^^^^^^^^^^^^^^^^^^^^^
2025 Feb 11 02:39:29.254044 sonic INFO featured[9130]:   File "/usr/local/lib/python3.11/dist-packages/sonic_py_common/device_info.py", line 446, in get_path_to_port_config_file
2025 Feb 11 02:39:29.254096 sonic INFO featured[9130]:     (platform_path, hwsku_path) = get_paths_to_platform_and_hwsku_dirs()
2025 Feb 11 02:39:29.254127 sonic INFO featured[9130]:                                   ^^^^^^^^^^^^^^^^^^^^^^^^^^^^^^^^^^^^^^
2025 Feb 11 02:39:29.254145 sonic INFO featured[9130]:   File "/usr/local/lib/python3.11/dist-packages/sonic_py_common/device_info.py", line 412, in get_paths_to_platform_and_hwsku_dirs
2025 Feb 11 02:39:29.254202 sonic INFO featured[9130]:     hwsku_path = os.path.join(platform_path, hwsku)
2025 Feb 11 02:39:29.254234 sonic INFO featured[9130]:                  ^^^^^^^^^^^^^^^^^^^^^^^^^^^^^^^^^^
2025 Feb 11 02:39:29.254258 sonic INFO featured[9130]:   File "<frozen posixpath>", line 90, in join
2025 Feb 11 02:39:29.254274 sonic INFO featured[9130]:   File "<frozen genericpath>", line 152, in _check_arg_types
2025 Feb 11 02:39:29.254304 sonic INFO featured[9130]: TypeError: join() argument must be str, bytes, or os.PathLike object, not 'NoneType'
2025 Feb 11 02:39:29.272873 sonic NOTICE systemd[1]: featured.service: Main process exited, code=exited, status=1/FAILURE
2025 Feb 11 02:39:29.273022 sonic WARNING systemd[1]: featured.service: Failed with result 'exit-code'.
2025 Feb 11 02:39:29.274661 sonic WARNING systemd[1]: featured.service: Start request repeated too quickly.
2025 Feb 11 02:39:29.274710 sonic WARNING systemd[1]: featured.service: Failed with result 'exit-code'.
2025 Feb 11 02:39:29.274766 sonic ERR systemd[1]: Failed to start featured.service - Feature configuration daemon.
2025 Feb 11 02:39:38.311055 sonic INFO systemd[1]: Started featured.service - Feature configuration daemon.
2025 Feb 11 02:39:38.449427 sonic INFO featured: ConfigDB connect success
2025 Feb 11 02:39:38.455150 sonic INFO featured[9153]: Traceback (most recent call last):
2025 Feb 11 02:39:38.455217 sonic INFO featured[9153]:   File "/usr/local/bin/featured", line 598, in <module>
2025 Feb 11 02:39:38.455316 sonic INFO featured[9153]:     main()
2025 Feb 11 02:39:38.455416 sonic INFO featured[9153]:   File "/usr/local/bin/featured", line 591, in main
2025 Feb 11 02:39:38.455516 sonic INFO featured[9153]:     daemon = FeatureDaemon()
2025 Feb 11 02:39:38.455565 sonic INFO featured[9153]:              ^^^^^^^^^^^^^^^
2025 Feb 11 02:39:38.455581 sonic INFO featured[9153]:   File "/usr/local/bin/featured", line 529, in __init__
2025 Feb 11 02:39:38.455646 sonic INFO featured[9153]:     self.feature_handler = FeatureHandler(self.config_db, feature_state_table, self.device_config, self.advanced_boot)
2025 Feb 11 02:39:38.455692 sonic INFO featured[9153]:                            ^^^^^^^^^^^^^^^^^^^^^^^^^^^^^^^^^^^^^^^^^^^^^^^^^^^^^^^^^^^^^^^^^^^^^^^^^^^^^^^^^^^^^^^^^^^
2025 Feb 11 02:39:38.455709 sonic INFO featured[9153]:   File "/usr/local/bin/featured", line 136, in __init__
2025 Feb 11 02:39:38.455764 sonic INFO featured[9153]:     self._device_running_config = device_info.get_device_runtime_metadata()
2025 Feb 11 02:39:38.455806 sonic INFO featured[9153]:                                   ^^^^^^^^^^^^^^^^^^^^^^^^^^^^^^^^^^^^^^^^^
2025 Feb 11 02:39:38.455822 sonic INFO featured[9153]:   File "/usr/local/lib/python3.11/dist-packages/sonic_py_common/device_info.py", line 680, in get_device_runtime_metadata
2025 Feb 11 02:39:38.455971 sonic INFO featured[9153]:     port_metadata = {'ETHERNET_PORTS_PRESENT': True if get_path_to_port_config_file(hwsku=None, asic="0" if is_multi_npu() else None) else False}
2025 Feb 11 02:39:38.456026 sonic INFO featured[9153]:                                                        ^^^^^^^^^^^^^^^^^^^^^^^^^^^^^^^^^^^^^^^^^^^^^^^^^^^^^^^^^^^^^^^^^^^^^^^^^^^^^^
2025 Feb 11 02:39:38.456043 sonic INFO featured[9153]:   File "/usr/local/lib/python3.11/dist-packages/sonic_py_common/device_info.py", line 446, in get_path_to_port_config_file
2025 Feb 11 02:39:38.456124 sonic INFO featured[9153]:     (platform_path, hwsku_path) = get_paths_to_platform_and_hwsku_dirs()
2025 Feb 11 02:39:38.456165 sonic INFO featured[9153]:                                   ^^^^^^^^^^^^^^^^^^^^^^^^^^^^^^^^^^^^^^
2025 Feb 11 02:39:38.456182 sonic INFO featured[9153]:   File "/usr/local/lib/python3.11/dist-packages/sonic_py_common/device_info.py", line 412, in get_paths_to_platform_and_hwsku_dirs
2025 Feb 11 02:39:38.456260 sonic INFO featured[9153]:     hwsku_path = os.path.join(platform_path, hwsku)
2025 Feb 11 02:39:38.456308 sonic INFO featured[9153]:                  ^^^^^^^^^^^^^^^^^^^^^^^^^^^^^^^^^^
2025 Feb 11 02:39:38.456374 sonic INFO featured[9153]:   File "<frozen posixpath>", line 90, in join
2025 Feb 11 02:39:38.456408 sonic INFO featured[9153]:   File "<frozen genericpath>", line 152, in _check_arg_types
2025 Feb 11 02:39:38.456442 sonic INFO featured[9153]: TypeError: join() argument must be str, bytes, or os.PathLike object, not 'NoneType'
2025 Feb 11 02:39:38.476054 sonic NOTICE systemd[1]: featured.service: Main process exited, code=exited, status=1/FAILURE
2025 Feb 11 02:39:38.476223 sonic WARNING systemd[1]: featured.service: Failed with result 'exit-code'.
2025 Feb 11 02:39:38.515047 sonic INFO systemd[1]: Started featured.service - Feature configuration daemon.
2025 Feb 11 02:39:38.698963 sonic INFO featured: ConfigDB connect success
2025 Feb 11 02:39:38.704689 sonic INFO featured[9154]: Traceback (most recent call last):
2025 Feb 11 02:39:38.704756 sonic INFO featured[9154]:   File "/usr/local/bin/featured", line 598, in <module>
2025 Feb 11 02:39:38.705005 sonic INFO featured[9154]:     main()
2025 Feb 11 02:39:38.705054 sonic INFO featured[9154]:   File "/usr/local/bin/featured", line 591, in main
2025 Feb 11 02:39:38.705192 sonic INFO featured[9154]:     daemon = FeatureDaemon()
2025 Feb 11 02:39:38.705233 sonic INFO featured[9154]:              ^^^^^^^^^^^^^^^
2025 Feb 11 02:39:38.705254 sonic INFO featured[9154]:   File "/usr/local/bin/featured", line 529, in __init__
2025 Feb 11 02:39:38.705332 sonic INFO featured[9154]:     self.feature_handler = FeatureHandler(self.config_db, feature_state_table, self.device_config, self.advanced_boot)
2025 Feb 11 02:39:38.705405 sonic INFO featured[9154]:                            ^^^^^^^^^^^^^^^^^^^^^^^^^^^^^^^^^^^^^^^^^^^^^^^^^^^^^^^^^^^^^^^^^^^^^^^^^^^^^^^^^^^^^^^^^^^
2025 Feb 11 02:39:38.705441 sonic INFO featured[9154]:   File "/usr/local/bin/featured", line 136, in __init__
2025 Feb 11 02:39:38.705463 sonic INFO featured[9154]:     self._device_running_config = device_info.get_device_runtime_metadata()
2025 Feb 11 02:39:38.705621 sonic INFO featured[9154]:                                   ^^^^^^^^^^^^^^^^^^^^^^^^^^^^^^^^^^^^^^^^^
2025 Feb 11 02:39:38.705637 sonic INFO featured[9154]:   File "/usr/local/lib/python3.11/dist-packages/sonic_py_common/device_info.py", line 680, in get_device_runtime_metadata
2025 Feb 11 02:39:38.705768 sonic INFO featured[9154]:     port_metadata = {'ETHERNET_PORTS_PRESENT': True if get_path_to_port_config_file(hwsku=None, asic="0" if is_multi_npu() else None) else False}
2025 Feb 11 02:39:38.705817 sonic INFO featured[9154]:                                                        ^^^^^^^^^^^^^^^^^^^^^^^^^^^^^^^^^^^^^^^^^^^^^^^^^^^^^^^^^^^^^^^^^^^^^^^^^^^^^^
2025 Feb 11 02:39:38.705834 sonic INFO featured[9154]:   File "/usr/local/lib/python3.11/dist-packages/sonic_py_common/device_info.py", line 446, in get_path_to_port_config_file
2025 Feb 11 02:39:38.705905 sonic INFO featured[9154]:     (platform_path, hwsku_path) = get_paths_to_platform_and_hwsku_dirs()
2025 Feb 11 02:39:38.705951 sonic INFO featured[9154]:                                   ^^^^^^^^^^^^^^^^^^^^^^^^^^^^^^^^^^^^^^
2025 Feb 11 02:39:38.705968 sonic INFO featured[9154]:   File "/usr/local/lib/python3.11/dist-packages/sonic_py_common/device_info.py", line 412, in get_paths_to_platform_and_hwsku_dirs
2025 Feb 11 02:39:38.706024 sonic INFO featured[9154]:     hwsku_path = os.path.join(platform_path, hwsku)
2025 Feb 11 02:39:38.706066 sonic INFO featured[9154]:                  ^^^^^^^^^^^^^^^^^^^^^^^^^^^^^^^^^^
2025 Feb 11 02:39:38.706104 sonic INFO featured[9154]:   File "<frozen posixpath>", line 90, in join
2025 Feb 11 02:39:38.706119 sonic INFO featured[9154]:   File "<frozen genericpath>", line 152, in _check_arg_types
2025 Feb 11 02:39:38.706136 sonic INFO featured[9154]: TypeError: join() argument must be str, bytes, or os.PathLike object, not 'NoneType'
2025 Feb 11 02:39:38.726391 sonic NOTICE systemd[1]: featured.service: Main process exited, code=exited, status=1/FAILURE
2025 Feb 11 02:39:38.726578 sonic WARNING systemd[1]: featured.service: Failed with result 'exit-code'.
2025 Feb 11 02:39:38.767091 sonic INFO systemd[1]: Started featured.service - Feature configuration daemon.
2025 Feb 11 02:39:38.903324 sonic INFO featured: ConfigDB connect success
2025 Feb 11 02:39:38.907766 sonic INFO featured[9157]: Traceback (most recent call last):
2025 Feb 11 02:39:38.907830 sonic INFO featured[9157]:   File "/usr/local/bin/featured", line 598, in <module>
2025 Feb 11 02:39:38.907927 sonic INFO featured[9157]:     main()
2025 Feb 11 02:39:38.907975 sonic INFO featured[9157]:   File "/usr/local/bin/featured", line 591, in main
2025 Feb 11 02:39:38.908089 sonic INFO featured[9157]:     daemon = FeatureDaemon()
2025 Feb 11 02:39:38.908130 sonic INFO featured[9157]:              ^^^^^^^^^^^^^^^
2025 Feb 11 02:39:38.908152 sonic INFO featured[9157]:   File "/usr/local/bin/featured", line 529, in __init__
2025 Feb 11 02:39:38.908210 sonic INFO featured[9157]:     self.feature_handler = FeatureHandler(self.config_db, feature_state_table, self.device_config, self.advanced_boot)
2025 Feb 11 02:39:38.908255 sonic INFO featured[9157]:                            ^^^^^^^^^^^^^^^^^^^^^^^^^^^^^^^^^^^^^^^^^^^^^^^^^^^^^^^^^^^^^^^^^^^^^^^^^^^^^^^^^^^^^^^^^^^
2025 Feb 11 02:39:38.908271 sonic INFO featured[9157]:   File "/usr/local/bin/featured", line 136, in __init__
2025 Feb 11 02:39:38.908323 sonic INFO featured[9157]:     self._device_running_config = device_info.get_device_runtime_metadata()
2025 Feb 11 02:39:38.908393 sonic INFO featured[9157]:                                   ^^^^^^^^^^^^^^^^^^^^^^^^^^^^^^^^^^^^^^^^^
2025 Feb 11 02:39:38.908429 sonic INFO featured[9157]:   File "/usr/local/lib/python3.11/dist-packages/sonic_py_common/device_info.py", line 680, in get_device_runtime_metadata
2025 Feb 11 02:39:38.908531 sonic INFO featured[9157]:     port_metadata = {'ETHERNET_PORTS_PRESENT': True if get_path_to_port_config_file(hwsku=None, asic="0" if is_multi_npu() else None) else False}
2025 Feb 11 02:39:38.908580 sonic INFO featured[9157]:                                                        ^^^^^^^^^^^^^^^^^^^^^^^^^^^^^^^^^^^^^^^^^^^^^^^^^^^^^^^^^^^^^^^^^^^^^^^^^^^^^^
2025 Feb 11 02:39:38.908597 sonic INFO featured[9157]:   File "/usr/local/lib/python3.11/dist-packages/sonic_py_common/device_info.py", line 446, in get_path_to_port_config_file
2025 Feb 11 02:39:38.908639 sonic INFO featured[9157]:     (platform_path, hwsku_path) = get_paths_to_platform_and_hwsku_dirs()
2025 Feb 11 02:39:38.908661 sonic INFO featured[9157]:                                   ^^^^^^^^^^^^^^^^^^^^^^^^^^^^^^^^^^^^^^
2025 Feb 11 02:39:38.908677 sonic INFO featured[9157]:   File "/usr/local/lib/python3.11/dist-packages/sonic_py_common/device_info.py", line 412, in get_paths_to_platform_and_hwsku_dirs
2025 Feb 11 02:39:38.908752 sonic INFO featured[9157]:     hwsku_path = os.path.join(platform_path, hwsku)
2025 Feb 11 02:39:38.908795 sonic INFO featured[9157]:                  ^^^^^^^^^^^^^^^^^^^^^^^^^^^^^^^^^^
2025 Feb 11 02:39:38.908838 sonic INFO featured[9157]:   File "<frozen posixpath>", line 90, in join
2025 Feb 11 02:39:38.908854 sonic INFO featured[9157]:   File "<frozen genericpath>", line 152, in _check_arg_types
2025 Feb 11 02:39:38.908888 sonic INFO featured[9157]: TypeError: join() argument must be str, bytes, or os.PathLike object, not 'NoneType'
2025 Feb 11 02:39:38.927370 sonic NOTICE systemd[1]: featured.service: Main process exited, code=exited, status=1/FAILURE
2025 Feb 11 02:39:38.927538 sonic WARNING systemd[1]: featured.service: Failed with result 'exit-code'.
2025 Feb 11 02:39:38.954697 sonic INFO systemd[1]: Started featured.service - Feature configuration daemon.
2025 Feb 11 02:39:39.115598 sonic INFO featured: ConfigDB connect success
2025 Feb 11 02:39:39.119476 sonic INFO featured[9158]: Traceback (most recent call last):
2025 Feb 11 02:39:39.119534 sonic INFO featured[9158]:   File "/usr/local/bin/featured", line 598, in <module>
2025 Feb 11 02:39:39.119714 sonic INFO featured[9158]:     main()
2025 Feb 11 02:39:39.119753 sonic INFO featured[9158]:   File "/usr/local/bin/featured", line 591, in main
2025 Feb 11 02:39:39.119934 sonic INFO featured[9158]:     daemon = FeatureDaemon()
2025 Feb 11 02:39:39.119973 sonic INFO featured[9158]:              ^^^^^^^^^^^^^^^
2025 Feb 11 02:39:39.119990 sonic INFO featured[9158]:   File "/usr/local/bin/featured", line 529, in __init__
2025 Feb 11 02:39:39.120128 sonic INFO featured[9158]:     self.feature_handler = FeatureHandler(self.config_db, feature_state_table, self.device_config, self.advanced_boot)
2025 Feb 11 02:39:39.120175 sonic INFO featured[9158]:                            ^^^^^^^^^^^^^^^^^^^^^^^^^^^^^^^^^^^^^^^^^^^^^^^^^^^^^^^^^^^^^^^^^^^^^^^^^^^^^^^^^^^^^^^^^^^
2025 Feb 11 02:39:39.120205 sonic INFO featured[9158]:   File "/usr/local/bin/featured", line 136, in __init__
2025 Feb 11 02:39:39.120258 sonic INFO featured[9158]:     self._device_running_config = device_info.get_device_runtime_metadata()
2025 Feb 11 02:39:39.120308 sonic INFO featured[9158]:                                   ^^^^^^^^^^^^^^^^^^^^^^^^^^^^^^^^^^^^^^^^^
2025 Feb 11 02:39:39.120359 sonic INFO featured[9158]:   File "/usr/local/lib/python3.11/dist-packages/sonic_py_common/device_info.py", line 680, in get_device_runtime_metadata
2025 Feb 11 02:39:39.120541 sonic INFO featured[9158]:     port_metadata = {'ETHERNET_PORTS_PRESENT': True if get_path_to_port_config_file(hwsku=None, asic="0" if is_multi_npu() else None) else False}
2025 Feb 11 02:39:39.120579 sonic INFO featured[9158]:                                                        ^^^^^^^^^^^^^^^^^^^^^^^^^^^^^^^^^^^^^^^^^^^^^^^^^^^^^^^^^^^^^^^^^^^^^^^^^^^^^^
2025 Feb 11 02:39:39.120596 sonic INFO featured[9158]:   File "/usr/local/lib/python3.11/dist-packages/sonic_py_common/device_info.py", line 446, in get_path_to_port_config_file
2025 Feb 11 02:39:39.120718 sonic INFO featured[9158]:     (platform_path, hwsku_path) = get_paths_to_platform_and_hwsku_dirs()
2025 Feb 11 02:39:39.120752 sonic INFO featured[9158]:                                   ^^^^^^^^^^^^^^^^^^^^^^^^^^^^^^^^^^^^^^
2025 Feb 11 02:39:39.120774 sonic INFO featured[9158]:   File "/usr/local/lib/python3.11/dist-packages/sonic_py_common/device_info.py", line 412, in get_paths_to_platform_and_hwsku_dirs
2025 Feb 11 02:39:39.120893 sonic INFO featured[9158]:     hwsku_path = os.path.join(platform_path, hwsku)
2025 Feb 11 02:39:39.120939 sonic INFO featured[9158]:                  ^^^^^^^^^^^^^^^^^^^^^^^^^^^^^^^^^^
2025 Feb 11 02:39:39.120972 sonic INFO featured[9158]:   File "<frozen posixpath>", line 90, in join
2025 Feb 11 02:39:39.120997 sonic INFO featured[9158]:   File "<frozen genericpath>", line 152, in _check_arg_types
2025 Feb 11 02:39:39.121021 sonic INFO featured[9158]: TypeError: join() argument must be str, bytes, or os.PathLike object, not 'NoneType'
2025 Feb 11 02:39:39.139442 sonic NOTICE systemd[1]: featured.service: Main process exited, code=exited, status=1/FAILURE
2025 Feb 11 02:39:39.139580 sonic WARNING systemd[1]: featured.service: Failed with result 'exit-code'.
2025 Feb 11 02:39:39.192165 sonic INFO systemd[1]: Started featured.service - Feature configuration daemon.
2025 Feb 11 02:39:39.326154 sonic INFO featured: ConfigDB connect success
2025 Feb 11 02:39:39.330153 sonic INFO featured[9159]: Traceback (most recent call last):
2025 Feb 11 02:39:39.330218 sonic INFO featured[9159]:   File "/usr/local/bin/featured", line 598, in <module>
2025 Feb 11 02:39:39.330322 sonic INFO featured[9159]:     main()
2025 Feb 11 02:39:39.330408 sonic INFO featured[9159]:   File "/usr/local/bin/featured", line 591, in main
2025 Feb 11 02:39:39.330520 sonic INFO featured[9159]:     daemon = FeatureDaemon()
2025 Feb 11 02:39:39.330567 sonic INFO featured[9159]:              ^^^^^^^^^^^^^^^
2025 Feb 11 02:39:39.330596 sonic INFO featured[9159]:   File "/usr/local/bin/featured", line 529, in __init__
2025 Feb 11 02:39:39.330634 sonic INFO featured[9159]:     self.feature_handler = FeatureHandler(self.config_db, feature_state_table, self.device_config, self.advanced_boot)
2025 Feb 11 02:39:39.330685 sonic INFO featured[9159]:                            ^^^^^^^^^^^^^^^^^^^^^^^^^^^^^^^^^^^^^^^^^^^^^^^^^^^^^^^^^^^^^^^^^^^^^^^^^^^^^^^^^^^^^^^^^^^
2025 Feb 11 02:39:39.330731 sonic INFO featured[9159]:   File "/usr/local/bin/featured", line 136, in __init__
2025 Feb 11 02:39:39.330771 sonic INFO featured[9159]:     self._device_running_config = device_info.get_device_runtime_metadata()
2025 Feb 11 02:39:39.330801 sonic INFO featured[9159]:                                   ^^^^^^^^^^^^^^^^^^^^^^^^^^^^^^^^^^^^^^^^^
2025 Feb 11 02:39:39.330830 sonic INFO featured[9159]:   File "/usr/local/lib/python3.11/dist-packages/sonic_py_common/device_info.py", line 680, in get_device_runtime_metadata
2025 Feb 11 02:39:39.330883 sonic INFO featured[9159]:     port_metadata = {'ETHERNET_PORTS_PRESENT': True if get_path_to_port_config_file(hwsku=None, asic="0" if is_multi_npu() else None) else False}
2025 Feb 11 02:39:39.330914 sonic INFO featured[9159]:                                                        ^^^^^^^^^^^^^^^^^^^^^^^^^^^^^^^^^^^^^^^^^^^^^^^^^^^^^^^^^^^^^^^^^^^^^^^^^^^^^^
2025 Feb 11 02:39:39.330944 sonic INFO featured[9159]:   File "/usr/local/lib/python3.11/dist-packages/sonic_py_common/device_info.py", line 446, in get_path_to_port_config_file
2025 Feb 11 02:39:39.330994 sonic INFO featured[9159]:     (platform_path, hwsku_path) = get_paths_to_platform_and_hwsku_dirs()
2025 Feb 11 02:39:39.331023 sonic INFO featured[9159]:                                   ^^^^^^^^^^^^^^^^^^^^^^^^^^^^^^^^^^^^^^
2025 Feb 11 02:39:39.331053 sonic INFO featured[9159]:   File "/usr/local/lib/python3.11/dist-packages/sonic_py_common/device_info.py", line 412, in get_paths_to_platform_and_hwsku_dirs
2025 Feb 11 02:39:39.331113 sonic INFO featured[9159]:     hwsku_path = os.path.join(platform_path, hwsku)
2025 Feb 11 02:39:39.331152 sonic INFO featured[9159]:                  ^^^^^^^^^^^^^^^^^^^^^^^^^^^^^^^^^^
2025 Feb 11 02:39:39.331182 sonic INFO featured[9159]:   File "<frozen posixpath>", line 90, in join
2025 Feb 11 02:39:39.331221 sonic INFO featured[9159]:   File "<frozen genericpath>", line 152, in _check_arg_types
2025 Feb 11 02:39:39.331251 sonic INFO featured[9159]: TypeError: join() argument must be str, bytes, or os.PathLike object, not 'NoneType'
2025 Feb 11 02:39:39.349960 sonic NOTICE systemd[1]: featured.service: Main process exited, code=exited, status=1/FAILURE
2025 Feb 11 02:39:39.350064 sonic WARNING systemd[1]: featured.service: Failed with result 'exit-code'.
2025 Feb 11 02:39:39.351761 sonic WARNING systemd[1]: featured.service: Start request repeated too quickly.
2025 Feb 11 02:39:39.351826 sonic WARNING systemd[1]: featured.service: Failed with result 'exit-code'.
2025 Feb 11 02:39:39.351855 sonic ERR systemd[1]: Failed to start featured.service - Feature configuration daemon.
2025 Feb 11 02:39:41.280381 sonic WARNING systemd[1]: featured.service: Start request repeated too quickly.
2025 Feb 11 02:39:41.280592 sonic WARNING systemd[1]: featured.service: Failed with result 'exit-code'.
2025 Feb 11 02:39:41.280638 sonic ERR systemd[1]: Failed to start featured.service - Feature configuration daemon.
2025 Feb 11 02:39:42.028207 sonic INFO systemd[1]: caclmgrd.service: Scheduled restart job, restart counter is at 25.
2025 Feb 11 02:39:42.028655 sonic INFO systemd[1]: Stopped caclmgrd.service - Control Plane ACL configuration daemon.
2025 Feb 11 02:39:42.066366 sonic INFO systemd[1]: Started caclmgrd.service - Control Plane ACL configuration daemon.
2025 Feb 11 02:39:42.066766 sonic WARNING systemd[1]: featured.service: Start request repeated too quickly.
2025 Feb 11 02:39:42.066839 sonic WARNING systemd[1]: featured.service: Failed with result 'exit-code'.
2025 Feb 11 02:39:42.066881 sonic ERR systemd[1]: Failed to start featured.service - Feature configuration daemon.
2025 Feb 11 02:39:42.068730 sonic WARNING systemd[1]: featured.service: Start request repeated too quickly.
2025 Feb 11 02:39:42.068810 sonic WARNING systemd[1]: featured.service: Failed with result 'exit-code'.
2025 Feb 11 02:39:42.068856 sonic ERR systemd[1]: Failed to start featured.service - Feature configuration daemon.
2025 Feb 11 02:39:42.184507 sonic INFO caclmgrd[9167]: Traceback (most recent call last):
2025 Feb 11 02:39:42.184664 sonic INFO caclmgrd[9167]:   File "/usr/local/bin/caclmgrd", line 1146, in <module>
2025 Feb 11 02:39:42.184706 sonic INFO caclmgrd[9167]:     main()
2025 Feb 11 02:39:42.184739 sonic INFO caclmgrd[9167]:   File "/usr/local/bin/caclmgrd", line 1137, in main
2025 Feb 11 02:39:42.184755 sonic INFO caclmgrd[9167]:     caclmgr = ControlPlaneAclManager(SYSLOG_IDENTIFIER)
2025 Feb 11 02:39:42.184780 sonic INFO caclmgrd[9167]:               ^^^^^^^^^^^^^^^^^^^^^^^^^^^^^^^^^^^^^^^^^
2025 Feb 11 02:39:42.184804 sonic INFO caclmgrd[9167]:   File "/usr/local/bin/caclmgrd", line 156, in __init__
2025 Feb 11 02:39:42.184829 sonic INFO caclmgrd[9167]:     if 'subtype' in metadata['localhost'] and metadata['localhost']['subtype'] == 'DualToR':
2025 Feb 11 02:39:42.184859 sonic INFO caclmgrd[9167]:                     ~~~~~~~~^^^^^^^^^^^^^
2025 Feb 11 02:39:42.184887 sonic INFO caclmgrd[9167]: KeyError: 'localhost'
2025 Feb 11 02:39:42.197232 sonic NOTICE systemd[1]: caclmgrd.service: Main process exited, code=exited, status=1/FAILURE
2025 Feb 11 02:39:42.197418 sonic WARNING systemd[1]: caclmgrd.service: Failed with result 'exit-code'.
2025 Feb 11 02:39:42.199394 sonic WARNING systemd[1]: featured.service: Start request repeated too quickly.
2025 Feb 11 02:39:42.199487 sonic WARNING systemd[1]: featured.service: Failed with result 'exit-code'.
2025 Feb 11 02:39:42.199537 sonic ERR systemd[1]: Failed to start featured.service - Feature configuration daemon.
2025 Feb 11 02:39:54.540101 sonic ERR monit[828]: 'container_checker' status failed (4) -- Unexpected running containers: macsec1, database1, eventd, macsec0, bgp2, macsec2, database2, bgp3, database0, database, bgp1, bgp0, macsec3, database3
2025 Feb 11 02:39:54.644645 sonic DEBUG mgmt_oper_status.py: No management interface found
2025 Feb 11 02:39:54.858585 sonic INFO systemd[1]: Started featured.service - Feature configuration daemon.
2025 Feb 11 02:39:54.886192 sonic INFO memory_checker: [memory_checker] Exits without checking memory usage since container 'gnmi' is not running!
2025 Feb 11 02:39:54.887813 sonic INFO memory_checker: [memory_checker] Exits without checking memory usage since container 'snmp' is not running!
2025 Feb 11 02:39:54.888426 sonic INFO memory_checker: [memory_checker] Exits without checking memory usage since container 'bmp' is not running!
2025 Feb 11 02:39:55.018379 sonic INFO featured: ConfigDB connect success
2025 Feb 11 02:39:55.022507 sonic INFO featured[9214]: Traceback (most recent call last):
2025 Feb 11 02:39:55.022569 sonic INFO featured[9214]:   File "/usr/local/bin/featured", line 598, in <module>
2025 Feb 11 02:39:55.022719 sonic INFO featured[9214]:     main()
2025 Feb 11 02:39:55.022759 sonic INFO featured[9214]:   File "/usr/local/bin/featured", line 591, in main
2025 Feb 11 02:39:55.022867 sonic INFO featured[9214]:     daemon = FeatureDaemon()
2025 Feb 11 02:39:55.022904 sonic INFO featured[9214]:              ^^^^^^^^^^^^^^^
2025 Feb 11 02:39:55.022922 sonic INFO featured[9214]:   File "/usr/local/bin/featured", line 529, in __init__
2025 Feb 11 02:39:55.022984 sonic INFO featured[9214]:     self.feature_handler = FeatureHandler(self.config_db, feature_state_table, self.device_config, self.advanced_boot)
2025 Feb 11 02:39:55.023042 sonic INFO featured[9214]:                            ^^^^^^^^^^^^^^^^^^^^^^^^^^^^^^^^^^^^^^^^^^^^^^^^^^^^^^^^^^^^^^^^^^^^^^^^^^^^^^^^^^^^^^^^^^^
2025 Feb 11 02:39:55.023088 sonic INFO featured[9214]:   File "/usr/local/bin/featured", line 136, in __init__
2025 Feb 11 02:39:55.023142 sonic INFO featured[9214]:     self._device_running_config = device_info.get_device_runtime_metadata()
2025 Feb 11 02:39:55.023183 sonic INFO featured[9214]:                                   ^^^^^^^^^^^^^^^^^^^^^^^^^^^^^^^^^^^^^^^^^
2025 Feb 11 02:39:55.023214 sonic INFO featured[9214]:   File "/usr/local/lib/python3.11/dist-packages/sonic_py_common/device_info.py", line 680, in get_device_runtime_metadata
2025 Feb 11 02:39:55.023256 sonic INFO featured[9214]:     port_metadata = {'ETHERNET_PORTS_PRESENT': True if get_path_to_port_config_file(hwsku=None, asic="0" if is_multi_npu() else None) else False}
2025 Feb 11 02:39:55.023298 sonic INFO featured[9214]:                                                        ^^^^^^^^^^^^^^^^^^^^^^^^^^^^^^^^^^^^^^^^^^^^^^^^^^^^^^^^^^^^^^^^^^^^^^^^^^^^^^
2025 Feb 11 02:39:55.023328 sonic INFO featured[9214]:   File "/usr/local/lib/python3.11/dist-packages/sonic_py_common/device_info.py", line 446, in get_path_to_port_config_file
2025 Feb 11 02:39:55.023401 sonic INFO featured[9214]:     (platform_path, hwsku_path) = get_paths_to_platform_and_hwsku_dirs()
2025 Feb 11 02:39:55.023442 sonic INFO featured[9214]:                                   ^^^^^^^^^^^^^^^^^^^^^^^^^^^^^^^^^^^^^^
2025 Feb 11 02:39:55.023473 sonic INFO featured[9214]:   File "/usr/local/lib/python3.11/dist-packages/sonic_py_common/device_info.py", line 412, in get_paths_to_platform_and_hwsku_dirs
2025 Feb 11 02:39:55.023515 sonic INFO featured[9214]:     hwsku_path = os.path.join(platform_path, hwsku)
2025 Feb 11 02:39:55.023556 sonic INFO featured[9214]:                  ^^^^^^^^^^^^^^^^^^^^^^^^^^^^^^^^^^
2025 Feb 11 02:39:55.023585 sonic INFO featured[9214]:   File "<frozen posixpath>", line 90, in join
2025 Feb 11 02:39:55.023620 sonic INFO featured[9214]:   File "<frozen genericpath>", line 152, in _check_arg_types
2025 Feb 11 02:39:55.023662 sonic INFO featured[9214]: TypeError: join() argument must be str, bytes, or os.PathLike object, not 'NoneType'
2025 Feb 11 02:39:55.041836 sonic NOTICE systemd[1]: featured.service: Main process exited, code=exited, status=1/FAILURE
2025 Feb 11 02:39:55.041947 sonic WARNING systemd[1]: featured.service: Failed with result 'exit-code'.
2025 Feb 11 02:39:55.062629 sonic INFO systemd[1]: Started featured.service - Feature configuration daemon.
2025 Feb 11 02:39:55.194655 sonic INFO featured: ConfigDB connect success
2025 Feb 11 02:39:55.198614 sonic INFO featured[9244]: Traceback (most recent call last):
2025 Feb 11 02:39:55.198669 sonic INFO featured[9244]:   File "/usr/local/bin/featured", line 598, in <module>
2025 Feb 11 02:39:55.198767 sonic INFO featured[9244]:     main()
2025 Feb 11 02:39:55.198806 sonic INFO featured[9244]:   File "/usr/local/bin/featured", line 591, in main
2025 Feb 11 02:39:55.198990 sonic INFO featured[9244]:     daemon = FeatureDaemon()
2025 Feb 11 02:39:55.199030 sonic INFO featured[9244]:              ^^^^^^^^^^^^^^^
2025 Feb 11 02:39:55.199047 sonic INFO featured[9244]:   File "/usr/local/bin/featured", line 529, in __init__
2025 Feb 11 02:39:55.199141 sonic INFO featured[9244]:     self.feature_handler = FeatureHandler(self.config_db, feature_state_table, self.device_config, self.advanced_boot)
2025 Feb 11 02:39:55.199179 sonic INFO featured[9244]:                            ^^^^^^^^^^^^^^^^^^^^^^^^^^^^^^^^^^^^^^^^^^^^^^^^^^^^^^^^^^^^^^^^^^^^^^^^^^^^^^^^^^^^^^^^^^^
2025 Feb 11 02:39:55.199195 sonic INFO featured[9244]:   File "/usr/local/bin/featured", line 136, in __init__
2025 Feb 11 02:39:55.199226 sonic INFO featured[9244]:     self._device_running_config = device_info.get_device_runtime_metadata()
2025 Feb 11 02:39:55.199256 sonic INFO featured[9244]:                                   ^^^^^^^^^^^^^^^^^^^^^^^^^^^^^^^^^^^^^^^^^
2025 Feb 11 02:39:55.199281 sonic INFO featured[9244]:   File "/usr/local/lib/python3.11/dist-packages/sonic_py_common/device_info.py", line 680, in get_device_runtime_metadata
2025 Feb 11 02:39:55.199407 sonic INFO featured[9244]:     port_metadata = {'ETHERNET_PORTS_PRESENT': True if get_path_to_port_config_file(hwsku=None, asic="0" if is_multi_npu() else None) else False}
2025 Feb 11 02:39:55.199447 sonic INFO featured[9244]:                                                        ^^^^^^^^^^^^^^^^^^^^^^^^^^^^^^^^^^^^^^^^^^^^^^^^^^^^^^^^^^^^^^^^^^^^^^^^^^^^^^
2025 Feb 11 02:39:55.199464 sonic INFO featured[9244]:   File "/usr/local/lib/python3.11/dist-packages/sonic_py_common/device_info.py", line 446, in get_path_to_port_config_file
2025 Feb 11 02:39:55.199529 sonic INFO featured[9244]:     (platform_path, hwsku_path) = get_paths_to_platform_and_hwsku_dirs()
2025 Feb 11 02:39:55.199561 sonic INFO featured[9244]:                                   ^^^^^^^^^^^^^^^^^^^^^^^^^^^^^^^^^^^^^^
2025 Feb 11 02:39:55.199586 sonic INFO featured[9244]:   File "/usr/local/lib/python3.11/dist-packages/sonic_py_common/device_info.py", line 412, in get_paths_to_platform_and_hwsku_dirs
2025 Feb 11 02:39:55.199634 sonic INFO featured[9244]:     hwsku_path = os.path.join(platform_path, hwsku)
2025 Feb 11 02:39:55.199668 sonic INFO featured[9244]:                  ^^^^^^^^^^^^^^^^^^^^^^^^^^^^^^^^^^
2025 Feb 11 02:39:55.199695 sonic INFO featured[9244]:   File "<frozen posixpath>", line 90, in join
2025 Feb 11 02:39:55.199719 sonic INFO featured[9244]:   File "<frozen genericpath>", line 152, in _check_arg_types
2025 Feb 11 02:39:55.199743 sonic INFO featured[9244]: TypeError: join() argument must be str, bytes, or os.PathLike object, not 'NoneType'
2025 Feb 11 02:39:55.218067 sonic NOTICE systemd[1]: featured.service: Main process exited, code=exited, status=1/FAILURE
2025 Feb 11 02:39:55.218201 sonic WARNING systemd[1]: featured.service: Failed with result 'exit-code'.
2025 Feb 11 02:39:55.266645 sonic INFO systemd[1]: Started featured.service - Feature configuration daemon.
2025 Feb 11 02:39:55.419380 sonic INFO featured: ConfigDB connect success
2025 Feb 11 02:39:55.426610 sonic INFO featured[9245]: Traceback (most recent call last):
2025 Feb 11 02:39:55.426688 sonic INFO featured[9245]:   File "/usr/local/bin/featured", line 598, in <module>
2025 Feb 11 02:39:55.426849 sonic INFO featured[9245]:     main()
2025 Feb 11 02:39:55.426908 sonic INFO featured[9245]:   File "/usr/local/bin/featured", line 591, in main
2025 Feb 11 02:39:55.427008 sonic INFO featured[9245]:     daemon = FeatureDaemon()
2025 Feb 11 02:39:55.427048 sonic INFO featured[9245]:              ^^^^^^^^^^^^^^^
2025 Feb 11 02:39:55.427065 sonic INFO featured[9245]:   File "/usr/local/bin/featured", line 529, in __init__
2025 Feb 11 02:39:55.427127 sonic INFO featured[9245]:     self.feature_handler = FeatureHandler(self.config_db, feature_state_table, self.device_config, self.advanced_boot)
2025 Feb 11 02:39:55.427163 sonic INFO featured[9245]:                            ^^^^^^^^^^^^^^^^^^^^^^^^^^^^^^^^^^^^^^^^^^^^^^^^^^^^^^^^^^^^^^^^^^^^^^^^^^^^^^^^^^^^^^^^^^^
2025 Feb 11 02:39:55.427185 sonic INFO featured[9245]:   File "/usr/local/bin/featured", line 136, in __init__
2025 Feb 11 02:39:55.427232 sonic INFO featured[9245]:     self._device_running_config = device_info.get_device_runtime_metadata()
2025 Feb 11 02:39:55.427264 sonic INFO featured[9245]:                                   ^^^^^^^^^^^^^^^^^^^^^^^^^^^^^^^^^^^^^^^^^
2025 Feb 11 02:39:55.427289 sonic INFO featured[9245]:   File "/usr/local/lib/python3.11/dist-packages/sonic_py_common/device_info.py", line 680, in get_device_runtime_metadata
2025 Feb 11 02:39:55.427422 sonic INFO featured[9245]:     port_metadata = {'ETHERNET_PORTS_PRESENT': True if get_path_to_port_config_file(hwsku=None, asic="0" if is_multi_npu() else None) else False}
2025 Feb 11 02:39:55.427462 sonic INFO featured[9245]:                                                        ^^^^^^^^^^^^^^^^^^^^^^^^^^^^^^^^^^^^^^^^^^^^^^^^^^^^^^^^^^^^^^^^^^^^^^^^^^^^^^
2025 Feb 11 02:39:55.427479 sonic INFO featured[9245]:   File "/usr/local/lib/python3.11/dist-packages/sonic_py_common/device_info.py", line 446, in get_path_to_port_config_file
2025 Feb 11 02:39:55.427546 sonic INFO featured[9245]:     (platform_path, hwsku_path) = get_paths_to_platform_and_hwsku_dirs()
2025 Feb 11 02:39:55.427578 sonic INFO featured[9245]:                                   ^^^^^^^^^^^^^^^^^^^^^^^^^^^^^^^^^^^^^^
2025 Feb 11 02:39:55.427603 sonic INFO featured[9245]:   File "/usr/local/lib/python3.11/dist-packages/sonic_py_common/device_info.py", line 412, in get_paths_to_platform_and_hwsku_dirs
2025 Feb 11 02:39:55.427653 sonic INFO featured[9245]:     hwsku_path = os.path.join(platform_path, hwsku)
2025 Feb 11 02:39:55.427687 sonic INFO featured[9245]:                  ^^^^^^^^^^^^^^^^^^^^^^^^^^^^^^^^^^
2025 Feb 11 02:39:55.427716 sonic INFO featured[9245]:   File "<frozen posixpath>", line 90, in join
2025 Feb 11 02:39:55.427740 sonic INFO featured[9245]:   File "<frozen genericpath>", line 152, in _check_arg_types
2025 Feb 11 02:39:55.427764 sonic INFO featured[9245]: TypeError: join() argument must be str, bytes, or os.PathLike object, not 'NoneType'
2025 Feb 11 02:39:55.448132 sonic NOTICE systemd[1]: featured.service: Main process exited, code=exited, status=1/FAILURE
2025 Feb 11 02:39:55.448287 sonic WARNING systemd[1]: featured.service: Failed with result 'exit-code'.
2025 Feb 11 02:39:55.504836 sonic INFO systemd[1]: Started featured.service - Feature configuration daemon.
2025 Feb 11 02:39:55.657171 sonic INFO featured: ConfigDB connect success
2025 Feb 11 02:39:55.661158 sonic INFO featured[9246]: Traceback (most recent call last):
2025 Feb 11 02:39:55.661223 sonic INFO featured[9246]:   File "/usr/local/bin/featured", line 598, in <module>
2025 Feb 11 02:39:55.661380 sonic INFO featured[9246]:     main()
2025 Feb 11 02:39:55.661419 sonic INFO featured[9246]:   File "/usr/local/bin/featured", line 591, in main
2025 Feb 11 02:39:55.661628 sonic INFO featured[9246]:     daemon = FeatureDaemon()
2025 Feb 11 02:39:55.661670 sonic INFO featured[9246]:              ^^^^^^^^^^^^^^^
2025 Feb 11 02:39:55.661688 sonic INFO featured[9246]:   File "/usr/local/bin/featured", line 529, in __init__
2025 Feb 11 02:39:55.661752 sonic INFO featured[9246]:     self.feature_handler = FeatureHandler(self.config_db, feature_state_table, self.device_config, self.advanced_boot)
2025 Feb 11 02:39:55.661800 sonic INFO featured[9246]:                            ^^^^^^^^^^^^^^^^^^^^^^^^^^^^^^^^^^^^^^^^^^^^^^^^^^^^^^^^^^^^^^^^^^^^^^^^^^^^^^^^^^^^^^^^^^^
2025 Feb 11 02:39:55.661818 sonic INFO featured[9246]:   File "/usr/local/bin/featured", line 136, in __init__
2025 Feb 11 02:39:55.661869 sonic INFO featured[9246]:     self._device_running_config = device_info.get_device_runtime_metadata()
2025 Feb 11 02:39:55.661901 sonic INFO featured[9246]:                                   ^^^^^^^^^^^^^^^^^^^^^^^^^^^^^^^^^^^^^^^^^
2025 Feb 11 02:39:55.661919 sonic INFO featured[9246]:   File "/usr/local/lib/python3.11/dist-packages/sonic_py_common/device_info.py", line 680, in get_device_runtime_metadata
2025 Feb 11 02:39:55.662037 sonic INFO featured[9246]:     port_metadata = {'ETHERNET_PORTS_PRESENT': True if get_path_to_port_config_file(hwsku=None, asic="0" if is_multi_npu() else None) else False}
2025 Feb 11 02:39:55.662077 sonic INFO featured[9246]:                                                        ^^^^^^^^^^^^^^^^^^^^^^^^^^^^^^^^^^^^^^^^^^^^^^^^^^^^^^^^^^^^^^^^^^^^^^^^^^^^^^
2025 Feb 11 02:39:55.662113 sonic INFO featured[9246]:   File "/usr/local/lib/python3.11/dist-packages/sonic_py_common/device_info.py", line 446, in get_path_to_port_config_file
2025 Feb 11 02:39:55.662144 sonic INFO featured[9246]:     (platform_path, hwsku_path) = get_paths_to_platform_and_hwsku_dirs()
2025 Feb 11 02:39:55.662177 sonic INFO featured[9246]:                                   ^^^^^^^^^^^^^^^^^^^^^^^^^^^^^^^^^^^^^^
2025 Feb 11 02:39:55.662194 sonic INFO featured[9246]:   File "/usr/local/lib/python3.11/dist-packages/sonic_py_common/device_info.py", line 412, in get_paths_to_platform_and_hwsku_dirs
2025 Feb 11 02:39:55.662249 sonic INFO featured[9246]:     hwsku_path = os.path.join(platform_path, hwsku)
2025 Feb 11 02:39:55.662283 sonic INFO featured[9246]:                  ^^^^^^^^^^^^^^^^^^^^^^^^^^^^^^^^^^
2025 Feb 11 02:39:55.662300 sonic INFO featured[9246]:   File "<frozen posixpath>", line 90, in join
2025 Feb 11 02:39:55.662317 sonic INFO featured[9246]:   File "<frozen genericpath>", line 152, in _check_arg_types
2025 Feb 11 02:39:55.662333 sonic INFO featured[9246]: TypeError: join() argument must be str, bytes, or os.PathLike object, not 'NoneType'
2025 Feb 11 02:39:55.680830 sonic NOTICE systemd[1]: featured.service: Main process exited, code=exited, status=1/FAILURE
2025 Feb 11 02:39:55.680963 sonic WARNING systemd[1]: featured.service: Failed with result 'exit-code'.
2025 Feb 11 02:39:55.707918 sonic INFO systemd[1]: Started featured.service - Feature configuration daemon.
2025 Feb 11 02:39:55.856772 sonic INFO featured: ConfigDB connect success
2025 Feb 11 02:39:55.860987 sonic INFO featured[9247]: Traceback (most recent call last):
2025 Feb 11 02:39:55.861061 sonic INFO featured[9247]:   File "/usr/local/bin/featured", line 598, in <module>
2025 Feb 11 02:39:55.861210 sonic INFO featured[9247]:     main()
2025 Feb 11 02:39:55.861250 sonic INFO featured[9247]:   File "/usr/local/bin/featured", line 591, in main
2025 Feb 11 02:39:55.861372 sonic INFO featured[9247]:     daemon = FeatureDaemon()
2025 Feb 11 02:39:55.861411 sonic INFO featured[9247]:              ^^^^^^^^^^^^^^^
2025 Feb 11 02:39:55.861428 sonic INFO featured[9247]:   File "/usr/local/bin/featured", line 529, in __init__
2025 Feb 11 02:39:55.861604 sonic INFO featured[9247]:     self.feature_handler = FeatureHandler(self.config_db, feature_state_table, self.device_config, self.advanced_boot)
2025 Feb 11 02:39:55.861644 sonic INFO featured[9247]:                            ^^^^^^^^^^^^^^^^^^^^^^^^^^^^^^^^^^^^^^^^^^^^^^^^^^^^^^^^^^^^^^^^^^^^^^^^^^^^^^^^^^^^^^^^^^^
2025 Feb 11 02:39:55.861660 sonic INFO featured[9247]:   File "/usr/local/bin/featured", line 136, in __init__
2025 Feb 11 02:39:55.861719 sonic INFO featured[9247]:     self._device_running_config = device_info.get_device_runtime_metadata()
2025 Feb 11 02:39:55.861753 sonic INFO featured[9247]:                                   ^^^^^^^^^^^^^^^^^^^^^^^^^^^^^^^^^^^^^^^^^
2025 Feb 11 02:39:55.861770 sonic INFO featured[9247]:   File "/usr/local/lib/python3.11/dist-packages/sonic_py_common/device_info.py", line 680, in get_device_runtime_metadata
2025 Feb 11 02:39:55.861865 sonic INFO featured[9247]:     port_metadata = {'ETHERNET_PORTS_PRESENT': True if get_path_to_port_config_file(hwsku=None, asic="0" if is_multi_npu() else None) else False}
2025 Feb 11 02:39:55.861917 sonic INFO featured[9247]:                                                        ^^^^^^^^^^^^^^^^^^^^^^^^^^^^^^^^^^^^^^^^^^^^^^^^^^^^^^^^^^^^^^^^^^^^^^^^^^^^^^
2025 Feb 11 02:39:55.861943 sonic INFO featured[9247]:   File "/usr/local/lib/python3.11/dist-packages/sonic_py_common/device_info.py", line 446, in get_path_to_port_config_file
2025 Feb 11 02:39:55.862008 sonic INFO featured[9247]:     (platform_path, hwsku_path) = get_paths_to_platform_and_hwsku_dirs()
2025 Feb 11 02:39:55.862041 sonic INFO featured[9247]:                                   ^^^^^^^^^^^^^^^^^^^^^^^^^^^^^^^^^^^^^^
2025 Feb 11 02:39:55.862058 sonic INFO featured[9247]:   File "/usr/local/lib/python3.11/dist-packages/sonic_py_common/device_info.py", line 412, in get_paths_to_platform_and_hwsku_dirs
2025 Feb 11 02:39:55.862115 sonic INFO featured[9247]:     hwsku_path = os.path.join(platform_path, hwsku)
2025 Feb 11 02:39:55.862148 sonic INFO featured[9247]:                  ^^^^^^^^^^^^^^^^^^^^^^^^^^^^^^^^^^
2025 Feb 11 02:39:55.862173 sonic INFO featured[9247]:   File "<frozen posixpath>", line 90, in join
2025 Feb 11 02:39:55.862189 sonic INFO featured[9247]:   File "<frozen genericpath>", line 152, in _check_arg_types
2025 Feb 11 02:39:55.862213 sonic INFO featured[9247]: TypeError: join() argument must be str, bytes, or os.PathLike object, not 'NoneType'
2025 Feb 11 02:39:55.890082 sonic NOTICE systemd[1]: featured.service: Main process exited, code=exited, status=1/FAILURE
2025 Feb 11 02:39:55.890188 sonic WARNING systemd[1]: featured.service: Failed with result 'exit-code'.
2025 Feb 11 02:39:55.894659 sonic WARNING systemd[1]: featured.service: Start request repeated too quickly.
2025 Feb 11 02:39:55.895064 sonic WARNING systemd[1]: featured.service: Failed with result 'exit-code'.
2025 Feb 11 02:39:55.895136 sonic ERR systemd[1]: Failed to start featured.service - Feature configuration daemon.
2025 Feb 11 02:39:58.279804 sonic WARNING systemd[1]: featured.service: Start request repeated too quickly.
2025 Feb 11 02:39:58.280106 sonic WARNING systemd[1]: featured.service: Failed with result 'exit-code'.
2025 Feb 11 02:39:58.280154 sonic ERR systemd[1]: Failed to start featured.service - Feature configuration daemon.
2025 Feb 11 02:40:08.322922 sonic INFO systemd[1]: Started featured.service - Feature configuration daemon.
2025 Feb 11 02:40:08.327917 sonic INFO systemd[1]: Starting sysstat-collect.service - system activity accounting tool...
2025 Feb 11 02:40:08.331753 sonic INFO systemd[1]: Starting logrotate.service - Rotate log files...
2025 Feb 11 02:40:08.335941 sonic INFO systemd[1]: sysstat-collect.service: Deactivated successfully.
2025 Feb 11 02:40:08.336406 sonic INFO systemd[1]: Finished sysstat-collect.service - system activity accounting tool.
2025 Feb 11 02:40:08.406986 sonic INFO systemd[1]: logrotate.service: Deactivated successfully.
2025 Feb 11 02:40:08.407261 sonic INFO systemd[1]: Finished logrotate.service - Rotate log files.
2025 Feb 11 02:40:08.469219 sonic INFO featured: ConfigDB connect success
2025 Feb 11 02:40:08.473266 sonic INFO featured[9278]: Traceback (most recent call last):
2025 Feb 11 02:40:08.473332 sonic INFO featured[9278]:   File "/usr/local/bin/featured", line 598, in <module>
2025 Feb 11 02:40:08.473548 sonic INFO featured[9278]:     main()
2025 Feb 11 02:40:08.473597 sonic INFO featured[9278]:   File "/usr/local/bin/featured", line 591, in main
2025 Feb 11 02:40:08.473700 sonic INFO featured[9278]:     daemon = FeatureDaemon()
2025 Feb 11 02:40:08.473751 sonic INFO featured[9278]:              ^^^^^^^^^^^^^^^
2025 Feb 11 02:40:08.473790 sonic INFO featured[9278]:   File "/usr/local/bin/featured", line 529, in __init__
2025 Feb 11 02:40:08.473844 sonic INFO featured[9278]:     self.feature_handler = FeatureHandler(self.config_db, feature_state_table, self.device_config, self.advanced_boot)
2025 Feb 11 02:40:08.473885 sonic INFO featured[9278]:                            ^^^^^^^^^^^^^^^^^^^^^^^^^^^^^^^^^^^^^^^^^^^^^^^^^^^^^^^^^^^^^^^^^^^^^^^^^^^^^^^^^^^^^^^^^^^
2025 Feb 11 02:40:08.473947 sonic INFO featured[9278]:   File "/usr/local/bin/featured", line 136, in __init__
2025 Feb 11 02:40:08.474002 sonic INFO featured[9278]:     self._device_running_config = device_info.get_device_runtime_metadata()
2025 Feb 11 02:40:08.474044 sonic INFO featured[9278]:                                   ^^^^^^^^^^^^^^^^^^^^^^^^^^^^^^^^^^^^^^^^^
2025 Feb 11 02:40:08.474085 sonic INFO featured[9278]:   File "/usr/local/lib/python3.11/dist-packages/sonic_py_common/device_info.py", line 680, in get_device_runtime_metadata
2025 Feb 11 02:40:08.474136 sonic INFO featured[9278]:     port_metadata = {'ETHERNET_PORTS_PRESENT': True if get_path_to_port_config_file(hwsku=None, asic="0" if is_multi_npu() else None) else False}
2025 Feb 11 02:40:08.474177 sonic INFO featured[9278]:                                                        ^^^^^^^^^^^^^^^^^^^^^^^^^^^^^^^^^^^^^^^^^^^^^^^^^^^^^^^^^^^^^^^^^^^^^^^^^^^^^^
2025 Feb 11 02:40:08.474217 sonic INFO featured[9278]:   File "/usr/local/lib/python3.11/dist-packages/sonic_py_common/device_info.py", line 446, in get_path_to_port_config_file
2025 Feb 11 02:40:08.474272 sonic INFO featured[9278]:     (platform_path, hwsku_path) = get_paths_to_platform_and_hwsku_dirs()
2025 Feb 11 02:40:08.474312 sonic INFO featured[9278]:                                   ^^^^^^^^^^^^^^^^^^^^^^^^^^^^^^^^^^^^^^
2025 Feb 11 02:40:08.474373 sonic INFO featured[9278]:   File "/usr/local/lib/python3.11/dist-packages/sonic_py_common/device_info.py", line 412, in get_paths_to_platform_and_hwsku_dirs
2025 Feb 11 02:40:08.474413 sonic INFO featured[9278]:     hwsku_path = os.path.join(platform_path, hwsku)
2025 Feb 11 02:40:08.474452 sonic INFO featured[9278]:                  ^^^^^^^^^^^^^^^^^^^^^^^^^^^^^^^^^^
2025 Feb 11 02:40:08.474499 sonic INFO featured[9278]:   File "<frozen posixpath>", line 90, in join
2025 Feb 11 02:40:08.474540 sonic INFO featured[9278]:   File "<frozen genericpath>", line 152, in _check_arg_types
2025 Feb 11 02:40:08.474580 sonic INFO featured[9278]: TypeError: join() argument must be str, bytes, or os.PathLike object, not 'NoneType'
2025 Feb 11 02:40:08.492558 sonic NOTICE systemd[1]: featured.service: Main process exited, code=exited, status=1/FAILURE
2025 Feb 11 02:40:08.492731 sonic WARNING systemd[1]: featured.service: Failed with result 'exit-code'.
2025 Feb 11 02:40:08.527785 sonic INFO systemd[1]: Started featured.service - Feature configuration daemon.
2025 Feb 11 02:40:08.662516 sonic INFO featured: ConfigDB connect success
2025 Feb 11 02:40:08.666858 sonic INFO featured[9283]: Traceback (most recent call last):
2025 Feb 11 02:40:08.666948 sonic INFO featured[9283]:   File "/usr/local/bin/featured", line 598, in <module>
2025 Feb 11 02:40:08.667049 sonic INFO featured[9283]:     main()
2025 Feb 11 02:40:08.667113 sonic INFO featured[9283]:   File "/usr/local/bin/featured", line 591, in main
2025 Feb 11 02:40:08.667327 sonic INFO featured[9283]:     daemon = FeatureDaemon()
2025 Feb 11 02:40:08.667408 sonic INFO featured[9283]:              ^^^^^^^^^^^^^^^
2025 Feb 11 02:40:08.667463 sonic INFO featured[9283]:   File "/usr/local/bin/featured", line 529, in __init__
2025 Feb 11 02:40:08.667559 sonic INFO featured[9283]:     self.feature_handler = FeatureHandler(self.config_db, feature_state_table, self.device_config, self.advanced_boot)
2025 Feb 11 02:40:08.667625 sonic INFO featured[9283]:                            ^^^^^^^^^^^^^^^^^^^^^^^^^^^^^^^^^^^^^^^^^^^^^^^^^^^^^^^^^^^^^^^^^^^^^^^^^^^^^^^^^^^^^^^^^^^
2025 Feb 11 02:40:08.667682 sonic INFO featured[9283]:   File "/usr/local/bin/featured", line 136, in __init__
2025 Feb 11 02:40:08.667748 sonic INFO featured[9283]:     self._device_running_config = device_info.get_device_runtime_metadata()
2025 Feb 11 02:40:08.667802 sonic INFO featured[9283]:                                   ^^^^^^^^^^^^^^^^^^^^^^^^^^^^^^^^^^^^^^^^^
2025 Feb 11 02:40:08.667847 sonic INFO featured[9283]:   File "/usr/local/lib/python3.11/dist-packages/sonic_py_common/device_info.py", line 680, in get_device_runtime_metadata
2025 Feb 11 02:40:08.667966 sonic INFO featured[9283]:     port_metadata = {'ETHERNET_PORTS_PRESENT': True if get_path_to_port_config_file(hwsku=None, asic="0" if is_multi_npu() else None) else False}
2025 Feb 11 02:40:08.668048 sonic INFO featured[9283]:                                                        ^^^^^^^^^^^^^^^^^^^^^^^^^^^^^^^^^^^^^^^^^^^^^^^^^^^^^^^^^^^^^^^^^^^^^^^^^^^^^^
2025 Feb 11 02:40:08.668103 sonic INFO featured[9283]:   File "/usr/local/lib/python3.11/dist-packages/sonic_py_common/device_info.py", line 446, in get_path_to_port_config_file
2025 Feb 11 02:40:08.668209 sonic INFO featured[9283]:     (platform_path, hwsku_path) = get_paths_to_platform_and_hwsku_dirs()
2025 Feb 11 02:40:08.668263 sonic INFO featured[9283]:                                   ^^^^^^^^^^^^^^^^^^^^^^^^^^^^^^^^^^^^^^
2025 Feb 11 02:40:08.668309 sonic INFO featured[9283]:   File "/usr/local/lib/python3.11/dist-packages/sonic_py_common/device_info.py", line 412, in get_paths_to_platform_and_hwsku_dirs
2025 Feb 11 02:40:08.668427 sonic INFO featured[9283]:     hwsku_path = os.path.join(platform_path, hwsku)
2025 Feb 11 02:40:08.668487 sonic INFO featured[9283]:                  ^^^^^^^^^^^^^^^^^^^^^^^^^^^^^^^^^^
2025 Feb 11 02:40:08.668531 sonic INFO featured[9283]:   File "<frozen posixpath>", line 90, in join
2025 Feb 11 02:40:08.668572 sonic INFO featured[9283]:   File "<frozen genericpath>", line 152, in _check_arg_types
2025 Feb 11 02:40:08.668613 sonic INFO featured[9283]: TypeError: join() argument must be str, bytes, or os.PathLike object, not 'NoneType'
2025 Feb 11 02:40:08.686805 sonic NOTICE systemd[1]: featured.service: Main process exited, code=exited, status=1/FAILURE
2025 Feb 11 02:40:08.686967 sonic WARNING systemd[1]: featured.service: Failed with result 'exit-code'.
2025 Feb 11 02:40:08.734722 sonic INFO systemd[1]: Started featured.service - Feature configuration daemon.
2025 Feb 11 02:40:08.877412 sonic INFO featured: ConfigDB connect success
2025 Feb 11 02:40:08.881399 sonic INFO featured[9285]: Traceback (most recent call last):
2025 Feb 11 02:40:08.881462 sonic INFO featured[9285]:   File "/usr/local/bin/featured", line 598, in <module>
2025 Feb 11 02:40:08.881607 sonic INFO featured[9285]:     main()
2025 Feb 11 02:40:08.881647 sonic INFO featured[9285]:   File "/usr/local/bin/featured", line 591, in main
2025 Feb 11 02:40:08.881765 sonic INFO featured[9285]:     daemon = FeatureDaemon()
2025 Feb 11 02:40:08.881800 sonic INFO featured[9285]:              ^^^^^^^^^^^^^^^
2025 Feb 11 02:40:08.881822 sonic INFO featured[9285]:   File "/usr/local/bin/featured", line 529, in __init__
2025 Feb 11 02:40:08.881872 sonic INFO featured[9285]:     self.feature_handler = FeatureHandler(self.config_db, feature_state_table, self.device_config, self.advanced_boot)
2025 Feb 11 02:40:08.881919 sonic INFO featured[9285]:                            ^^^^^^^^^^^^^^^^^^^^^^^^^^^^^^^^^^^^^^^^^^^^^^^^^^^^^^^^^^^^^^^^^^^^^^^^^^^^^^^^^^^^^^^^^^^
2025 Feb 11 02:40:08.881945 sonic INFO featured[9285]:   File "/usr/local/bin/featured", line 136, in __init__
2025 Feb 11 02:40:08.881976 sonic INFO featured[9285]:     self._device_running_config = device_info.get_device_runtime_metadata()
2025 Feb 11 02:40:08.882007 sonic INFO featured[9285]:                                   ^^^^^^^^^^^^^^^^^^^^^^^^^^^^^^^^^^^^^^^^^
2025 Feb 11 02:40:08.882033 sonic INFO featured[9285]:   File "/usr/local/lib/python3.11/dist-packages/sonic_py_common/device_info.py", line 680, in get_device_runtime_metadata
2025 Feb 11 02:40:08.882147 sonic INFO featured[9285]:     port_metadata = {'ETHERNET_PORTS_PRESENT': True if get_path_to_port_config_file(hwsku=None, asic="0" if is_multi_npu() else None) else False}
2025 Feb 11 02:40:08.882189 sonic INFO featured[9285]:                                                        ^^^^^^^^^^^^^^^^^^^^^^^^^^^^^^^^^^^^^^^^^^^^^^^^^^^^^^^^^^^^^^^^^^^^^^^^^^^^^^
2025 Feb 11 02:40:08.882207 sonic INFO featured[9285]:   File "/usr/local/lib/python3.11/dist-packages/sonic_py_common/device_info.py", line 446, in get_path_to_port_config_file
2025 Feb 11 02:40:08.882260 sonic INFO featured[9285]:     (platform_path, hwsku_path) = get_paths_to_platform_and_hwsku_dirs()
2025 Feb 11 02:40:08.882291 sonic INFO featured[9285]:                                   ^^^^^^^^^^^^^^^^^^^^^^^^^^^^^^^^^^^^^^
2025 Feb 11 02:40:08.882316 sonic INFO featured[9285]:   File "/usr/local/lib/python3.11/dist-packages/sonic_py_common/device_info.py", line 412, in get_paths_to_platform_and_hwsku_dirs
2025 Feb 11 02:40:08.882391 sonic INFO featured[9285]:     hwsku_path = os.path.join(platform_path, hwsku)
2025 Feb 11 02:40:08.882425 sonic INFO featured[9285]:                  ^^^^^^^^^^^^^^^^^^^^^^^^^^^^^^^^^^
2025 Feb 11 02:40:08.882458 sonic INFO featured[9285]:   File "<frozen posixpath>", line 90, in join
2025 Feb 11 02:40:08.882482 sonic INFO featured[9285]:   File "<frozen genericpath>", line 152, in _check_arg_types
2025 Feb 11 02:40:08.882506 sonic INFO featured[9285]: TypeError: join() argument must be str, bytes, or os.PathLike object, not 'NoneType'
2025 Feb 11 02:40:08.907588 sonic NOTICE systemd[1]: featured.service: Main process exited, code=exited, status=1/FAILURE
2025 Feb 11 02:40:08.907751 sonic WARNING systemd[1]: featured.service: Failed with result 'exit-code'.
2025 Feb 11 02:40:08.930849 sonic INFO systemd[1]: Started featured.service - Feature configuration daemon.
2025 Feb 11 02:40:09.073018 sonic INFO featured: ConfigDB connect success
2025 Feb 11 02:40:09.077140 sonic INFO featured[9287]: Traceback (most recent call last):
2025 Feb 11 02:40:09.077250 sonic INFO featured[9287]:   File "/usr/local/bin/featured", line 598, in <module>
2025 Feb 11 02:40:09.077313 sonic INFO featured[9287]:     main()
2025 Feb 11 02:40:09.077378 sonic INFO featured[9287]:   File "/usr/local/bin/featured", line 591, in main
2025 Feb 11 02:40:09.077567 sonic INFO featured[9287]:     daemon = FeatureDaemon()
2025 Feb 11 02:40:09.077625 sonic INFO featured[9287]:              ^^^^^^^^^^^^^^^
2025 Feb 11 02:40:09.077655 sonic INFO featured[9287]:   File "/usr/local/bin/featured", line 529, in __init__
2025 Feb 11 02:40:09.077725 sonic INFO featured[9287]:     self.feature_handler = FeatureHandler(self.config_db, feature_state_table, self.device_config, self.advanced_boot)
2025 Feb 11 02:40:09.077774 sonic INFO featured[9287]:                            ^^^^^^^^^^^^^^^^^^^^^^^^^^^^^^^^^^^^^^^^^^^^^^^^^^^^^^^^^^^^^^^^^^^^^^^^^^^^^^^^^^^^^^^^^^^
2025 Feb 11 02:40:09.077815 sonic INFO featured[9287]:   File "/usr/local/bin/featured", line 136, in __init__
2025 Feb 11 02:40:09.077873 sonic INFO featured[9287]:     self._device_running_config = device_info.get_device_runtime_metadata()
2025 Feb 11 02:40:09.077915 sonic INFO featured[9287]:                                   ^^^^^^^^^^^^^^^^^^^^^^^^^^^^^^^^^^^^^^^^^
2025 Feb 11 02:40:09.077954 sonic INFO featured[9287]:   File "/usr/local/lib/python3.11/dist-packages/sonic_py_common/device_info.py", line 680, in get_device_runtime_metadata
2025 Feb 11 02:40:09.078006 sonic INFO featured[9287]:     port_metadata = {'ETHERNET_PORTS_PRESENT': True if get_path_to_port_config_file(hwsku=None, asic="0" if is_multi_npu() else None) else False}
2025 Feb 11 02:40:09.078046 sonic INFO featured[9287]:                                                        ^^^^^^^^^^^^^^^^^^^^^^^^^^^^^^^^^^^^^^^^^^^^^^^^^^^^^^^^^^^^^^^^^^^^^^^^^^^^^^
2025 Feb 11 02:40:09.078086 sonic INFO featured[9287]:   File "/usr/local/lib/python3.11/dist-packages/sonic_py_common/device_info.py", line 446, in get_path_to_port_config_file
2025 Feb 11 02:40:09.078135 sonic INFO featured[9287]:     (platform_path, hwsku_path) = get_paths_to_platform_and_hwsku_dirs()
2025 Feb 11 02:40:09.078175 sonic INFO featured[9287]:                                   ^^^^^^^^^^^^^^^^^^^^^^^^^^^^^^^^^^^^^^
2025 Feb 11 02:40:09.078215 sonic INFO featured[9287]:   File "/usr/local/lib/python3.11/dist-packages/sonic_py_common/device_info.py", line 412, in get_paths_to_platform_and_hwsku_dirs
2025 Feb 11 02:40:09.078266 sonic INFO featured[9287]:     hwsku_path = os.path.join(platform_path, hwsku)
2025 Feb 11 02:40:09.078305 sonic INFO featured[9287]:                  ^^^^^^^^^^^^^^^^^^^^^^^^^^^^^^^^^^
2025 Feb 11 02:40:09.078370 sonic INFO featured[9287]:   File "<frozen posixpath>", line 90, in join
2025 Feb 11 02:40:09.078411 sonic INFO featured[9287]:   File "<frozen genericpath>", line 152, in _check_arg_types
2025 Feb 11 02:40:09.078457 sonic INFO featured[9287]: TypeError: join() argument must be str, bytes, or os.PathLike object, not 'NoneType'
2025 Feb 11 02:40:09.096924 sonic NOTICE systemd[1]: featured.service: Main process exited, code=exited, status=1/FAILURE
2025 Feb 11 02:40:09.097030 sonic WARNING systemd[1]: featured.service: Failed with result 'exit-code'.
2025 Feb 11 02:40:09.127453 sonic INFO systemd[1]: Started featured.service - Feature configuration daemon.
2025 Feb 11 02:40:09.258709 sonic INFO featured: ConfigDB connect success
2025 Feb 11 02:40:09.262830 sonic INFO featured[9290]: Traceback (most recent call last):
2025 Feb 11 02:40:09.262907 sonic INFO featured[9290]:   File "/usr/local/bin/featured", line 598, in <module>
2025 Feb 11 02:40:09.262950 sonic INFO featured[9290]:     main()
2025 Feb 11 02:40:09.263004 sonic INFO featured[9290]:   File "/usr/local/bin/featured", line 591, in main
2025 Feb 11 02:40:09.263122 sonic INFO featured[9290]:     daemon = FeatureDaemon()
2025 Feb 11 02:40:09.263173 sonic INFO featured[9290]:              ^^^^^^^^^^^^^^^
2025 Feb 11 02:40:09.263212 sonic INFO featured[9290]:   File "/usr/local/bin/featured", line 529, in __init__
2025 Feb 11 02:40:09.263264 sonic INFO featured[9290]:     self.feature_handler = FeatureHandler(self.config_db, feature_state_table, self.device_config, self.advanced_boot)
2025 Feb 11 02:40:09.263306 sonic INFO featured[9290]:                            ^^^^^^^^^^^^^^^^^^^^^^^^^^^^^^^^^^^^^^^^^^^^^^^^^^^^^^^^^^^^^^^^^^^^^^^^^^^^^^^^^^^^^^^^^^^
2025 Feb 11 02:40:09.263369 sonic INFO featured[9290]:   File "/usr/local/bin/featured", line 136, in __init__
2025 Feb 11 02:40:09.263420 sonic INFO featured[9290]:     self._device_running_config = device_info.get_device_runtime_metadata()
2025 Feb 11 02:40:09.263461 sonic INFO featured[9290]:                                   ^^^^^^^^^^^^^^^^^^^^^^^^^^^^^^^^^^^^^^^^^
2025 Feb 11 02:40:09.263501 sonic INFO featured[9290]:   File "/usr/local/lib/python3.11/dist-packages/sonic_py_common/device_info.py", line 680, in get_device_runtime_metadata
2025 Feb 11 02:40:09.263552 sonic INFO featured[9290]:     port_metadata = {'ETHERNET_PORTS_PRESENT': True if get_path_to_port_config_file(hwsku=None, asic="0" if is_multi_npu() else None) else False}
2025 Feb 11 02:40:09.263593 sonic INFO featured[9290]:                                                        ^^^^^^^^^^^^^^^^^^^^^^^^^^^^^^^^^^^^^^^^^^^^^^^^^^^^^^^^^^^^^^^^^^^^^^^^^^^^^^
2025 Feb 11 02:40:09.263633 sonic INFO featured[9290]:   File "/usr/local/lib/python3.11/dist-packages/sonic_py_common/device_info.py", line 446, in get_path_to_port_config_file
2025 Feb 11 02:40:09.263683 sonic INFO featured[9290]:     (platform_path, hwsku_path) = get_paths_to_platform_and_hwsku_dirs()
2025 Feb 11 02:40:09.263724 sonic INFO featured[9290]:                                   ^^^^^^^^^^^^^^^^^^^^^^^^^^^^^^^^^^^^^^
2025 Feb 11 02:40:09.263763 sonic INFO featured[9290]:   File "/usr/local/lib/python3.11/dist-packages/sonic_py_common/device_info.py", line 412, in get_paths_to_platform_and_hwsku_dirs
2025 Feb 11 02:40:09.263802 sonic INFO featured[9290]:     hwsku_path = os.path.join(platform_path, hwsku)
2025 Feb 11 02:40:09.263859 sonic INFO featured[9290]:                  ^^^^^^^^^^^^^^^^^^^^^^^^^^^^^^^^^^
2025 Feb 11 02:40:09.263903 sonic INFO featured[9290]:   File "<frozen posixpath>", line 90, in join
2025 Feb 11 02:40:09.263932 sonic INFO featured[9290]:   File "<frozen genericpath>", line 152, in _check_arg_types
2025 Feb 11 02:40:09.263975 sonic INFO featured[9290]: TypeError: join() argument must be str, bytes, or os.PathLike object, not 'NoneType'
2025 Feb 11 02:40:09.281659 sonic NOTICE systemd[1]: featured.service: Main process exited, code=exited, status=1/FAILURE
2025 Feb 11 02:40:09.281858 sonic WARNING systemd[1]: featured.service: Failed with result 'exit-code'.
2025 Feb 11 02:40:09.283569 sonic WARNING systemd[1]: featured.service: Start request repeated too quickly.
2025 Feb 11 02:40:09.283659 sonic WARNING systemd[1]: featured.service: Failed with result 'exit-code'.
2025 Feb 11 02:40:09.283727 sonic ERR systemd[1]: Failed to start featured.service - Feature configuration daemon.
2025 Feb 11 02:40:12.280436 sonic INFO systemd[1]: caclmgrd.service: Scheduled restart job, restart counter is at 26.
2025 Feb 11 02:40:12.280764 sonic INFO systemd[1]: Stopped caclmgrd.service - Control Plane ACL configuration daemon.
2025 Feb 11 02:40:12.303250 sonic INFO systemd[1]: Started caclmgrd.service - Control Plane ACL configuration daemon.
2025 Feb 11 02:40:12.303916 sonic WARNING systemd[1]: featured.service: Start request repeated too quickly.
2025 Feb 11 02:40:12.303997 sonic WARNING systemd[1]: featured.service: Failed with result 'exit-code'.
2025 Feb 11 02:40:12.304074 sonic ERR systemd[1]: Failed to start featured.service - Feature configuration daemon.
2025 Feb 11 02:40:12.306139 sonic WARNING systemd[1]: featured.service: Start request repeated too quickly.
2025 Feb 11 02:40:12.306805 sonic WARNING systemd[1]: featured.service: Failed with result 'exit-code'.
2025 Feb 11 02:40:12.306875 sonic ERR systemd[1]: Failed to start featured.service - Feature configuration daemon.
2025 Feb 11 02:40:12.429071 sonic INFO caclmgrd[9298]: Traceback (most recent call last):
2025 Feb 11 02:40:12.429241 sonic INFO caclmgrd[9298]:   File "/usr/local/bin/caclmgrd", line 1146, in <module>
2025 Feb 11 02:40:12.429294 sonic INFO caclmgrd[9298]:     main()
2025 Feb 11 02:40:12.429323 sonic INFO caclmgrd[9298]:   File "/usr/local/bin/caclmgrd", line 1137, in main
2025 Feb 11 02:40:12.429388 sonic INFO caclmgrd[9298]:     caclmgr = ControlPlaneAclManager(SYSLOG_IDENTIFIER)
2025 Feb 11 02:40:12.429417 sonic INFO caclmgrd[9298]:               ^^^^^^^^^^^^^^^^^^^^^^^^^^^^^^^^^^^^^^^^^
2025 Feb 11 02:40:12.429511 sonic INFO caclmgrd[9298]:   File "/usr/local/bin/caclmgrd", line 156, in __init__
2025 Feb 11 02:40:12.429545 sonic INFO caclmgrd[9298]:     if 'subtype' in metadata['localhost'] and metadata['localhost']['subtype'] == 'DualToR':
2025 Feb 11 02:40:12.429599 sonic INFO caclmgrd[9298]:                     ~~~~~~~~^^^^^^^^^^^^^
2025 Feb 11 02:40:12.429628 sonic INFO caclmgrd[9298]: KeyError: 'localhost'
2025 Feb 11 02:40:12.441268 sonic NOTICE systemd[1]: caclmgrd.service: Main process exited, code=exited, status=1/FAILURE
2025 Feb 11 02:40:12.441462 sonic WARNING systemd[1]: caclmgrd.service: Failed with result 'exit-code'.
2025 Feb 11 02:40:12.443072 sonic WARNING systemd[1]: featured.service: Start request repeated too quickly.
2025 Feb 11 02:40:12.443144 sonic WARNING systemd[1]: featured.service: Failed with result 'exit-code'.
2025 Feb 11 02:40:12.443211 sonic ERR systemd[1]: Failed to start featured.service - Feature configuration daemon.
2025 Feb 11 02:40:28.298819 sonic INFO systemd[1]: Started featured.service - Feature configuration daemon.
2025 Feb 11 02:40:28.458384 sonic INFO featured: ConfigDB connect success
2025 Feb 11 02:40:28.462367 sonic INFO featured[9355]: Traceback (most recent call last):
2025 Feb 11 02:40:28.462453 sonic INFO featured[9355]:   File "/usr/local/bin/featured", line 598, in <module>
2025 Feb 11 02:40:28.462566 sonic INFO featured[9355]:     main()
2025 Feb 11 02:40:28.462606 sonic INFO featured[9355]:   File "/usr/local/bin/featured", line 591, in main
2025 Feb 11 02:40:28.462725 sonic INFO featured[9355]:     daemon = FeatureDaemon()
2025 Feb 11 02:40:28.462758 sonic INFO featured[9355]:              ^^^^^^^^^^^^^^^
2025 Feb 11 02:40:28.462780 sonic INFO featured[9355]:   File "/usr/local/bin/featured", line 529, in __init__
2025 Feb 11 02:40:28.462842 sonic INFO featured[9355]:     self.feature_handler = FeatureHandler(self.config_db, feature_state_table, self.device_config, self.advanced_boot)
2025 Feb 11 02:40:28.462878 sonic INFO featured[9355]:                            ^^^^^^^^^^^^^^^^^^^^^^^^^^^^^^^^^^^^^^^^^^^^^^^^^^^^^^^^^^^^^^^^^^^^^^^^^^^^^^^^^^^^^^^^^^^
2025 Feb 11 02:40:28.462899 sonic INFO featured[9355]:   File "/usr/local/bin/featured", line 136, in __init__
2025 Feb 11 02:40:28.462947 sonic INFO featured[9355]:     self._device_running_config = device_info.get_device_runtime_metadata()
2025 Feb 11 02:40:28.462979 sonic INFO featured[9355]:                                   ^^^^^^^^^^^^^^^^^^^^^^^^^^^^^^^^^^^^^^^^^
2025 Feb 11 02:40:28.463004 sonic INFO featured[9355]:   File "/usr/local/lib/python3.11/dist-packages/sonic_py_common/device_info.py", line 680, in get_device_runtime_metadata
2025 Feb 11 02:40:28.463109 sonic INFO featured[9355]:     port_metadata = {'ETHERNET_PORTS_PRESENT': True if get_path_to_port_config_file(hwsku=None, asic="0" if is_multi_npu() else None) else False}
2025 Feb 11 02:40:28.463144 sonic INFO featured[9355]:                                                        ^^^^^^^^^^^^^^^^^^^^^^^^^^^^^^^^^^^^^^^^^^^^^^^^^^^^^^^^^^^^^^^^^^^^^^^^^^^^^^
2025 Feb 11 02:40:28.463160 sonic INFO featured[9355]:   File "/usr/local/lib/python3.11/dist-packages/sonic_py_common/device_info.py", line 446, in get_path_to_port_config_file
2025 Feb 11 02:40:28.463230 sonic INFO featured[9355]:     (platform_path, hwsku_path) = get_paths_to_platform_and_hwsku_dirs()
2025 Feb 11 02:40:28.463263 sonic INFO featured[9355]:                                   ^^^^^^^^^^^^^^^^^^^^^^^^^^^^^^^^^^^^^^
2025 Feb 11 02:40:28.463288 sonic INFO featured[9355]:   File "/usr/local/lib/python3.11/dist-packages/sonic_py_common/device_info.py", line 412, in get_paths_to_platform_and_hwsku_dirs
2025 Feb 11 02:40:28.463354 sonic INFO featured[9355]:     hwsku_path = os.path.join(platform_path, hwsku)
2025 Feb 11 02:40:28.463404 sonic INFO featured[9355]:                  ^^^^^^^^^^^^^^^^^^^^^^^^^^^^^^^^^^
2025 Feb 11 02:40:28.463438 sonic INFO featured[9355]:   File "<frozen posixpath>", line 90, in join
2025 Feb 11 02:40:28.463463 sonic INFO featured[9355]:   File "<frozen genericpath>", line 152, in _check_arg_types
2025 Feb 11 02:40:28.463486 sonic INFO featured[9355]: TypeError: join() argument must be str, bytes, or os.PathLike object, not 'NoneType'
2025 Feb 11 02:40:28.482223 sonic NOTICE systemd[1]: featured.service: Main process exited, code=exited, status=1/FAILURE
2025 Feb 11 02:40:28.482373 sonic WARNING systemd[1]: featured.service: Failed with result 'exit-code'.
2025 Feb 11 02:40:28.518609 sonic INFO systemd[1]: Started featured.service - Feature configuration daemon.
2025 Feb 11 02:40:28.657308 sonic INFO featured: ConfigDB connect success
2025 Feb 11 02:40:28.661356 sonic INFO featured[9358]: Traceback (most recent call last):
2025 Feb 11 02:40:28.661416 sonic INFO featured[9358]:   File "/usr/local/bin/featured", line 598, in <module>
2025 Feb 11 02:40:28.661567 sonic INFO featured[9358]:     main()
2025 Feb 11 02:40:28.661606 sonic INFO featured[9358]:   File "/usr/local/bin/featured", line 591, in main
2025 Feb 11 02:40:28.661731 sonic INFO featured[9358]:     daemon = FeatureDaemon()
2025 Feb 11 02:40:28.661770 sonic INFO featured[9358]:              ^^^^^^^^^^^^^^^
2025 Feb 11 02:40:28.661794 sonic INFO featured[9358]:   File "/usr/local/bin/featured", line 529, in __init__
2025 Feb 11 02:40:28.661849 sonic INFO featured[9358]:     self.feature_handler = FeatureHandler(self.config_db, feature_state_table, self.device_config, self.advanced_boot)
2025 Feb 11 02:40:28.661896 sonic INFO featured[9358]:                            ^^^^^^^^^^^^^^^^^^^^^^^^^^^^^^^^^^^^^^^^^^^^^^^^^^^^^^^^^^^^^^^^^^^^^^^^^^^^^^^^^^^^^^^^^^^
2025 Feb 11 02:40:28.661922 sonic INFO featured[9358]:   File "/usr/local/bin/featured", line 136, in __init__
2025 Feb 11 02:40:28.661953 sonic INFO featured[9358]:     self._device_running_config = device_info.get_device_runtime_metadata()
2025 Feb 11 02:40:28.661983 sonic INFO featured[9358]:                                   ^^^^^^^^^^^^^^^^^^^^^^^^^^^^^^^^^^^^^^^^^
2025 Feb 11 02:40:28.662007 sonic INFO featured[9358]:   File "/usr/local/lib/python3.11/dist-packages/sonic_py_common/device_info.py", line 680, in get_device_runtime_metadata
2025 Feb 11 02:40:28.662106 sonic INFO featured[9358]:     port_metadata = {'ETHERNET_PORTS_PRESENT': True if get_path_to_port_config_file(hwsku=None, asic="0" if is_multi_npu() else None) else False}
2025 Feb 11 02:40:28.662144 sonic INFO featured[9358]:                                                        ^^^^^^^^^^^^^^^^^^^^^^^^^^^^^^^^^^^^^^^^^^^^^^^^^^^^^^^^^^^^^^^^^^^^^^^^^^^^^^
2025 Feb 11 02:40:28.662161 sonic INFO featured[9358]:   File "/usr/local/lib/python3.11/dist-packages/sonic_py_common/device_info.py", line 446, in get_path_to_port_config_file
2025 Feb 11 02:40:28.662230 sonic INFO featured[9358]:     (platform_path, hwsku_path) = get_paths_to_platform_and_hwsku_dirs()
2025 Feb 11 02:40:28.662261 sonic INFO featured[9358]:                                   ^^^^^^^^^^^^^^^^^^^^^^^^^^^^^^^^^^^^^^
2025 Feb 11 02:40:28.662286 sonic INFO featured[9358]:   File "/usr/local/lib/python3.11/dist-packages/sonic_py_common/device_info.py", line 412, in get_paths_to_platform_and_hwsku_dirs
2025 Feb 11 02:40:28.662350 sonic INFO featured[9358]:     hwsku_path = os.path.join(platform_path, hwsku)
2025 Feb 11 02:40:28.662383 sonic INFO featured[9358]:                  ^^^^^^^^^^^^^^^^^^^^^^^^^^^^^^^^^^
2025 Feb 11 02:40:28.662408 sonic INFO featured[9358]:   File "<frozen posixpath>", line 90, in join
2025 Feb 11 02:40:28.662433 sonic INFO featured[9358]:   File "<frozen genericpath>", line 152, in _check_arg_types
2025 Feb 11 02:40:28.662461 sonic INFO featured[9358]: TypeError: join() argument must be str, bytes, or os.PathLike object, not 'NoneType'
2025 Feb 11 02:40:28.680454 sonic NOTICE systemd[1]: featured.service: Main process exited, code=exited, status=1/FAILURE
2025 Feb 11 02:40:28.680595 sonic WARNING systemd[1]: featured.service: Failed with result 'exit-code'.
2025 Feb 11 02:40:28.744427 sonic INFO systemd[1]: Started featured.service - Feature configuration daemon.
2025 Feb 11 02:40:28.882160 sonic INFO featured: ConfigDB connect success
2025 Feb 11 02:40:28.886136 sonic INFO featured[9359]: Traceback (most recent call last):
2025 Feb 11 02:40:28.886185 sonic INFO featured[9359]:   File "/usr/local/bin/featured", line 598, in <module>
2025 Feb 11 02:40:28.886295 sonic INFO featured[9359]:     main()
2025 Feb 11 02:40:28.886355 sonic INFO featured[9359]:   File "/usr/local/bin/featured", line 591, in main
2025 Feb 11 02:40:28.886486 sonic INFO featured[9359]:     daemon = FeatureDaemon()
2025 Feb 11 02:40:28.886527 sonic INFO featured[9359]:              ^^^^^^^^^^^^^^^
2025 Feb 11 02:40:28.886544 sonic INFO featured[9359]:   File "/usr/local/bin/featured", line 529, in __init__
2025 Feb 11 02:40:28.886656 sonic INFO featured[9359]:     self.feature_handler = FeatureHandler(self.config_db, feature_state_table, self.device_config, self.advanced_boot)
2025 Feb 11 02:40:28.886716 sonic INFO featured[9359]:                            ^^^^^^^^^^^^^^^^^^^^^^^^^^^^^^^^^^^^^^^^^^^^^^^^^^^^^^^^^^^^^^^^^^^^^^^^^^^^^^^^^^^^^^^^^^^
2025 Feb 11 02:40:28.886743 sonic INFO featured[9359]:   File "/usr/local/bin/featured", line 136, in __init__
2025 Feb 11 02:40:28.886793 sonic INFO featured[9359]:     self._device_running_config = device_info.get_device_runtime_metadata()
2025 Feb 11 02:40:28.886826 sonic INFO featured[9359]:                                   ^^^^^^^^^^^^^^^^^^^^^^^^^^^^^^^^^^^^^^^^^
2025 Feb 11 02:40:28.886843 sonic INFO featured[9359]:   File "/usr/local/lib/python3.11/dist-packages/sonic_py_common/device_info.py", line 680, in get_device_runtime_metadata
2025 Feb 11 02:40:28.886955 sonic INFO featured[9359]:     port_metadata = {'ETHERNET_PORTS_PRESENT': True if get_path_to_port_config_file(hwsku=None, asic="0" if is_multi_npu() else None) else False}
2025 Feb 11 02:40:28.886994 sonic INFO featured[9359]:                                                        ^^^^^^^^^^^^^^^^^^^^^^^^^^^^^^^^^^^^^^^^^^^^^^^^^^^^^^^^^^^^^^^^^^^^^^^^^^^^^^
2025 Feb 11 02:40:28.887010 sonic INFO featured[9359]:   File "/usr/local/lib/python3.11/dist-packages/sonic_py_common/device_info.py", line 446, in get_path_to_port_config_file
2025 Feb 11 02:40:28.887080 sonic INFO featured[9359]:     (platform_path, hwsku_path) = get_paths_to_platform_and_hwsku_dirs()
2025 Feb 11 02:40:28.887112 sonic INFO featured[9359]:                                   ^^^^^^^^^^^^^^^^^^^^^^^^^^^^^^^^^^^^^^
2025 Feb 11 02:40:28.887131 sonic INFO featured[9359]:   File "/usr/local/lib/python3.11/dist-packages/sonic_py_common/device_info.py", line 412, in get_paths_to_platform_and_hwsku_dirs
2025 Feb 11 02:40:28.887186 sonic INFO featured[9359]:     hwsku_path = os.path.join(platform_path, hwsku)
2025 Feb 11 02:40:28.887219 sonic INFO featured[9359]:                  ^^^^^^^^^^^^^^^^^^^^^^^^^^^^^^^^^^
2025 Feb 11 02:40:28.887236 sonic INFO featured[9359]:   File "<frozen posixpath>", line 90, in join
2025 Feb 11 02:40:28.887252 sonic INFO featured[9359]:   File "<frozen genericpath>", line 152, in _check_arg_types
2025 Feb 11 02:40:28.887268 sonic INFO featured[9359]: TypeError: join() argument must be str, bytes, or os.PathLike object, not 'NoneType'
2025 Feb 11 02:40:28.905446 sonic NOTICE systemd[1]: featured.service: Main process exited, code=exited, status=1/FAILURE
2025 Feb 11 02:40:28.905632 sonic WARNING systemd[1]: featured.service: Failed with result 'exit-code'.
2025 Feb 11 02:40:28.946655 sonic INFO systemd[1]: Started featured.service - Feature configuration daemon.
2025 Feb 11 02:40:29.091902 sonic INFO featured: ConfigDB connect success
2025 Feb 11 02:40:29.095962 sonic INFO featured[9360]: Traceback (most recent call last):
2025 Feb 11 02:40:29.096006 sonic INFO featured[9360]:   File "/usr/local/bin/featured", line 598, in <module>
2025 Feb 11 02:40:29.096240 sonic INFO featured[9360]:     main()
2025 Feb 11 02:40:29.096278 sonic INFO featured[9360]:   File "/usr/local/bin/featured", line 591, in main
2025 Feb 11 02:40:29.096492 sonic INFO featured[9360]:     daemon = FeatureDaemon()
2025 Feb 11 02:40:29.096540 sonic INFO featured[9360]:              ^^^^^^^^^^^^^^^
2025 Feb 11 02:40:29.096568 sonic INFO featured[9360]:   File "/usr/local/bin/featured", line 529, in __init__
2025 Feb 11 02:40:29.096693 sonic INFO featured[9360]:     self.feature_handler = FeatureHandler(self.config_db, feature_state_table, self.device_config, self.advanced_boot)
2025 Feb 11 02:40:29.096732 sonic INFO featured[9360]:                            ^^^^^^^^^^^^^^^^^^^^^^^^^^^^^^^^^^^^^^^^^^^^^^^^^^^^^^^^^^^^^^^^^^^^^^^^^^^^^^^^^^^^^^^^^^^
2025 Feb 11 02:40:29.096749 sonic INFO featured[9360]:   File "/usr/local/bin/featured", line 136, in __init__
2025 Feb 11 02:40:29.096833 sonic INFO featured[9360]:     self._device_running_config = device_info.get_device_runtime_metadata()
2025 Feb 11 02:40:29.096883 sonic INFO featured[9360]:                                   ^^^^^^^^^^^^^^^^^^^^^^^^^^^^^^^^^^^^^^^^^
2025 Feb 11 02:40:29.096914 sonic INFO featured[9360]:   File "/usr/local/lib/python3.11/dist-packages/sonic_py_common/device_info.py", line 680, in get_device_runtime_metadata
2025 Feb 11 02:40:29.097096 sonic INFO featured[9360]:     port_metadata = {'ETHERNET_PORTS_PRESENT': True if get_path_to_port_config_file(hwsku=None, asic="0" if is_multi_npu() else None) else False}
2025 Feb 11 02:40:29.097134 sonic INFO featured[9360]:                                                        ^^^^^^^^^^^^^^^^^^^^^^^^^^^^^^^^^^^^^^^^^^^^^^^^^^^^^^^^^^^^^^^^^^^^^^^^^^^^^^
2025 Feb 11 02:40:29.097151 sonic INFO featured[9360]:   File "/usr/local/lib/python3.11/dist-packages/sonic_py_common/device_info.py", line 446, in get_path_to_port_config_file
2025 Feb 11 02:40:29.097272 sonic INFO featured[9360]:     (platform_path, hwsku_path) = get_paths_to_platform_and_hwsku_dirs()
2025 Feb 11 02:40:29.097305 sonic INFO featured[9360]:                                   ^^^^^^^^^^^^^^^^^^^^^^^^^^^^^^^^^^^^^^
2025 Feb 11 02:40:29.097327 sonic INFO featured[9360]:   File "/usr/local/lib/python3.11/dist-packages/sonic_py_common/device_info.py", line 412, in get_paths_to_platform_and_hwsku_dirs
2025 Feb 11 02:40:29.097524 sonic INFO featured[9360]:     hwsku_path = os.path.join(platform_path, hwsku)
2025 Feb 11 02:40:29.097572 sonic INFO featured[9360]:                  ^^^^^^^^^^^^^^^^^^^^^^^^^^^^^^^^^^
2025 Feb 11 02:40:29.097604 sonic INFO featured[9360]:   File "<frozen posixpath>", line 90, in join
2025 Feb 11 02:40:29.097630 sonic INFO featured[9360]:   File "<frozen genericpath>", line 152, in _check_arg_types
2025 Feb 11 02:40:29.097653 sonic INFO featured[9360]: TypeError: join() argument must be str, bytes, or os.PathLike object, not 'NoneType'
2025 Feb 11 02:40:29.115819 sonic NOTICE systemd[1]: featured.service: Main process exited, code=exited, status=1/FAILURE
2025 Feb 11 02:40:29.115958 sonic WARNING systemd[1]: featured.service: Failed with result 'exit-code'.
2025 Feb 11 02:40:29.168495 sonic INFO systemd[1]: Started featured.service - Feature configuration daemon.
2025 Feb 11 02:40:29.332901 sonic INFO featured: ConfigDB connect success
2025 Feb 11 02:40:29.337367 sonic INFO featured[9361]: Traceback (most recent call last):
2025 Feb 11 02:40:29.337425 sonic INFO featured[9361]:   File "/usr/local/bin/featured", line 598, in <module>
2025 Feb 11 02:40:29.337637 sonic INFO featured[9361]:     main()
2025 Feb 11 02:40:29.337688 sonic INFO featured[9361]:   File "/usr/local/bin/featured", line 591, in main
2025 Feb 11 02:40:29.337812 sonic INFO featured[9361]:     daemon = FeatureDaemon()
2025 Feb 11 02:40:29.337860 sonic INFO featured[9361]:              ^^^^^^^^^^^^^^^
2025 Feb 11 02:40:29.337876 sonic INFO featured[9361]:   File "/usr/local/bin/featured", line 529, in __init__
2025 Feb 11 02:40:29.337941 sonic INFO featured[9361]:     self.feature_handler = FeatureHandler(self.config_db, feature_state_table, self.device_config, self.advanced_boot)
2025 Feb 11 02:40:29.337984 sonic INFO featured[9361]:                            ^^^^^^^^^^^^^^^^^^^^^^^^^^^^^^^^^^^^^^^^^^^^^^^^^^^^^^^^^^^^^^^^^^^^^^^^^^^^^^^^^^^^^^^^^^^
2025 Feb 11 02:40:29.338001 sonic INFO featured[9361]:   File "/usr/local/bin/featured", line 136, in __init__
2025 Feb 11 02:40:29.338056 sonic INFO featured[9361]:     self._device_running_config = device_info.get_device_runtime_metadata()
2025 Feb 11 02:40:29.338098 sonic INFO featured[9361]:                                   ^^^^^^^^^^^^^^^^^^^^^^^^^^^^^^^^^^^^^^^^^
2025 Feb 11 02:40:29.338121 sonic INFO featured[9361]:   File "/usr/local/lib/python3.11/dist-packages/sonic_py_common/device_info.py", line 680, in get_device_runtime_metadata
2025 Feb 11 02:40:29.338212 sonic INFO featured[9361]:     port_metadata = {'ETHERNET_PORTS_PRESENT': True if get_path_to_port_config_file(hwsku=None, asic="0" if is_multi_npu() else None) else False}
2025 Feb 11 02:40:29.338255 sonic INFO featured[9361]:                                                        ^^^^^^^^^^^^^^^^^^^^^^^^^^^^^^^^^^^^^^^^^^^^^^^^^^^^^^^^^^^^^^^^^^^^^^^^^^^^^^
2025 Feb 11 02:40:29.338273 sonic INFO featured[9361]:   File "/usr/local/lib/python3.11/dist-packages/sonic_py_common/device_info.py", line 446, in get_path_to_port_config_file
2025 Feb 11 02:40:29.338371 sonic INFO featured[9361]:     (platform_path, hwsku_path) = get_paths_to_platform_and_hwsku_dirs()
2025 Feb 11 02:40:29.338416 sonic INFO featured[9361]:                                   ^^^^^^^^^^^^^^^^^^^^^^^^^^^^^^^^^^^^^^
2025 Feb 11 02:40:29.338432 sonic INFO featured[9361]:   File "/usr/local/lib/python3.11/dist-packages/sonic_py_common/device_info.py", line 412, in get_paths_to_platform_and_hwsku_dirs
2025 Feb 11 02:40:29.338494 sonic INFO featured[9361]:     hwsku_path = os.path.join(platform_path, hwsku)
2025 Feb 11 02:40:29.338536 sonic INFO featured[9361]:                  ^^^^^^^^^^^^^^^^^^^^^^^^^^^^^^^^^^
2025 Feb 11 02:40:29.338552 sonic INFO featured[9361]:   File "<frozen posixpath>", line 90, in join
2025 Feb 11 02:40:29.338568 sonic INFO featured[9361]:   File "<frozen genericpath>", line 152, in _check_arg_types
2025 Feb 11 02:40:29.338600 sonic INFO featured[9361]: TypeError: join() argument must be str, bytes, or os.PathLike object, not 'NoneType'
2025 Feb 11 02:40:29.377619 sonic NOTICE systemd[1]: featured.service: Main process exited, code=exited, status=1/FAILURE
2025 Feb 11 02:40:29.377775 sonic WARNING systemd[1]: featured.service: Failed with result 'exit-code'.
2025 Feb 11 02:40:29.379623 sonic WARNING systemd[1]: featured.service: Start request repeated too quickly.
2025 Feb 11 02:40:29.379672 sonic WARNING systemd[1]: featured.service: Failed with result 'exit-code'.
2025 Feb 11 02:40:29.379745 sonic ERR systemd[1]: Failed to start featured.service - Feature configuration daemon.
2025 Feb 11 02:40:38.310693 sonic INFO systemd[1]: Started featured.service - Feature configuration daemon.
2025 Feb 11 02:40:38.444063 sonic INFO featured: ConfigDB connect success
2025 Feb 11 02:40:38.447982 sonic INFO featured[9387]: Traceback (most recent call last):
2025 Feb 11 02:40:38.448026 sonic INFO featured[9387]:   File "/usr/local/bin/featured", line 598, in <module>
2025 Feb 11 02:40:38.448144 sonic INFO featured[9387]:     main()
2025 Feb 11 02:40:38.448183 sonic INFO featured[9387]:   File "/usr/local/bin/featured", line 591, in main
2025 Feb 11 02:40:38.448301 sonic INFO featured[9387]:     daemon = FeatureDaemon()
2025 Feb 11 02:40:38.448359 sonic INFO featured[9387]:              ^^^^^^^^^^^^^^^
2025 Feb 11 02:40:38.448377 sonic INFO featured[9387]:   File "/usr/local/bin/featured", line 529, in __init__
2025 Feb 11 02:40:38.448457 sonic INFO featured[9387]:     self.feature_handler = FeatureHandler(self.config_db, feature_state_table, self.device_config, self.advanced_boot)
2025 Feb 11 02:40:38.448496 sonic INFO featured[9387]:                            ^^^^^^^^^^^^^^^^^^^^^^^^^^^^^^^^^^^^^^^^^^^^^^^^^^^^^^^^^^^^^^^^^^^^^^^^^^^^^^^^^^^^^^^^^^^
2025 Feb 11 02:40:38.448514 sonic INFO featured[9387]:   File "/usr/local/bin/featured", line 136, in __init__
2025 Feb 11 02:40:38.448545 sonic INFO featured[9387]:     self._device_running_config = device_info.get_device_runtime_metadata()
2025 Feb 11 02:40:38.448576 sonic INFO featured[9387]:                                   ^^^^^^^^^^^^^^^^^^^^^^^^^^^^^^^^^^^^^^^^^
2025 Feb 11 02:40:38.448601 sonic INFO featured[9387]:   File "/usr/local/lib/python3.11/dist-packages/sonic_py_common/device_info.py", line 680, in get_device_runtime_metadata
2025 Feb 11 02:40:38.448684 sonic INFO featured[9387]:     port_metadata = {'ETHERNET_PORTS_PRESENT': True if get_path_to_port_config_file(hwsku=None, asic="0" if is_multi_npu() else None) else False}
2025 Feb 11 02:40:38.448737 sonic INFO featured[9387]:                                                        ^^^^^^^^^^^^^^^^^^^^^^^^^^^^^^^^^^^^^^^^^^^^^^^^^^^^^^^^^^^^^^^^^^^^^^^^^^^^^^
2025 Feb 11 02:40:38.448764 sonic INFO featured[9387]:   File "/usr/local/lib/python3.11/dist-packages/sonic_py_common/device_info.py", line 446, in get_path_to_port_config_file
2025 Feb 11 02:40:38.448830 sonic INFO featured[9387]:     (platform_path, hwsku_path) = get_paths_to_platform_and_hwsku_dirs()
2025 Feb 11 02:40:38.448861 sonic INFO featured[9387]:                                   ^^^^^^^^^^^^^^^^^^^^^^^^^^^^^^^^^^^^^^
2025 Feb 11 02:40:38.448886 sonic INFO featured[9387]:   File "/usr/local/lib/python3.11/dist-packages/sonic_py_common/device_info.py", line 412, in get_paths_to_platform_and_hwsku_dirs
2025 Feb 11 02:40:38.448937 sonic INFO featured[9387]:     hwsku_path = os.path.join(platform_path, hwsku)
2025 Feb 11 02:40:38.448971 sonic INFO featured[9387]:                  ^^^^^^^^^^^^^^^^^^^^^^^^^^^^^^^^^^
2025 Feb 11 02:40:38.448996 sonic INFO featured[9387]:   File "<frozen posixpath>", line 90, in join
2025 Feb 11 02:40:38.449020 sonic INFO featured[9387]:   File "<frozen genericpath>", line 152, in _check_arg_types
2025 Feb 11 02:40:38.449044 sonic INFO featured[9387]: TypeError: join() argument must be str, bytes, or os.PathLike object, not 'NoneType'
2025 Feb 11 02:40:38.466921 sonic NOTICE systemd[1]: featured.service: Main process exited, code=exited, status=1/FAILURE
2025 Feb 11 02:40:38.467066 sonic WARNING systemd[1]: featured.service: Failed with result 'exit-code'.
2025 Feb 11 02:40:38.515242 sonic INFO systemd[1]: Started featured.service - Feature configuration daemon.
2025 Feb 11 02:40:38.661739 sonic INFO featured: ConfigDB connect success
2025 Feb 11 02:40:38.665842 sonic INFO featured[9388]: Traceback (most recent call last):
2025 Feb 11 02:40:38.665906 sonic INFO featured[9388]:   File "/usr/local/bin/featured", line 598, in <module>
2025 Feb 11 02:40:38.666066 sonic INFO featured[9388]:     main()
2025 Feb 11 02:40:38.666105 sonic INFO featured[9388]:   File "/usr/local/bin/featured", line 591, in main
2025 Feb 11 02:40:38.666221 sonic INFO featured[9388]:     daemon = FeatureDaemon()
2025 Feb 11 02:40:38.666260 sonic INFO featured[9388]:              ^^^^^^^^^^^^^^^
2025 Feb 11 02:40:38.666277 sonic INFO featured[9388]:   File "/usr/local/bin/featured", line 529, in __init__
2025 Feb 11 02:40:38.666355 sonic INFO featured[9388]:     self.feature_handler = FeatureHandler(self.config_db, feature_state_table, self.device_config, self.advanced_boot)
2025 Feb 11 02:40:38.666414 sonic INFO featured[9388]:                            ^^^^^^^^^^^^^^^^^^^^^^^^^^^^^^^^^^^^^^^^^^^^^^^^^^^^^^^^^^^^^^^^^^^^^^^^^^^^^^^^^^^^^^^^^^^
2025 Feb 11 02:40:38.666441 sonic INFO featured[9388]:   File "/usr/local/bin/featured", line 136, in __init__
2025 Feb 11 02:40:38.666485 sonic INFO featured[9388]:     self._device_running_config = device_info.get_device_runtime_metadata()
2025 Feb 11 02:40:38.666517 sonic INFO featured[9388]:                                   ^^^^^^^^^^^^^^^^^^^^^^^^^^^^^^^^^^^^^^^^^
2025 Feb 11 02:40:38.666542 sonic INFO featured[9388]:   File "/usr/local/lib/python3.11/dist-packages/sonic_py_common/device_info.py", line 680, in get_device_runtime_metadata
2025 Feb 11 02:40:38.666632 sonic INFO featured[9388]:     port_metadata = {'ETHERNET_PORTS_PRESENT': True if get_path_to_port_config_file(hwsku=None, asic="0" if is_multi_npu() else None) else False}
2025 Feb 11 02:40:38.666669 sonic INFO featured[9388]:                                                        ^^^^^^^^^^^^^^^^^^^^^^^^^^^^^^^^^^^^^^^^^^^^^^^^^^^^^^^^^^^^^^^^^^^^^^^^^^^^^^
2025 Feb 11 02:40:38.666692 sonic INFO featured[9388]:   File "/usr/local/lib/python3.11/dist-packages/sonic_py_common/device_info.py", line 446, in get_path_to_port_config_file
2025 Feb 11 02:40:38.666785 sonic INFO featured[9388]:     (platform_path, hwsku_path) = get_paths_to_platform_and_hwsku_dirs()
2025 Feb 11 02:40:38.666819 sonic INFO featured[9388]:                                   ^^^^^^^^^^^^^^^^^^^^^^^^^^^^^^^^^^^^^^
2025 Feb 11 02:40:38.666845 sonic INFO featured[9388]:   File "/usr/local/lib/python3.11/dist-packages/sonic_py_common/device_info.py", line 412, in get_paths_to_platform_and_hwsku_dirs
2025 Feb 11 02:40:38.666874 sonic INFO featured[9388]:     hwsku_path = os.path.join(platform_path, hwsku)
2025 Feb 11 02:40:38.666905 sonic INFO featured[9388]:                  ^^^^^^^^^^^^^^^^^^^^^^^^^^^^^^^^^^
2025 Feb 11 02:40:38.666930 sonic INFO featured[9388]:   File "<frozen posixpath>", line 90, in join
2025 Feb 11 02:40:38.666954 sonic INFO featured[9388]:   File "<frozen genericpath>", line 152, in _check_arg_types
2025 Feb 11 02:40:38.666978 sonic INFO featured[9388]: TypeError: join() argument must be str, bytes, or os.PathLike object, not 'NoneType'
2025 Feb 11 02:40:38.692563 sonic NOTICE systemd[1]: featured.service: Main process exited, code=exited, status=1/FAILURE
2025 Feb 11 02:40:38.692758 sonic WARNING systemd[1]: featured.service: Failed with result 'exit-code'.
2025 Feb 11 02:40:38.731490 sonic INFO systemd[1]: Started featured.service - Feature configuration daemon.
2025 Feb 11 02:40:38.895090 sonic INFO featured: ConfigDB connect success
2025 Feb 11 02:40:38.904994 sonic INFO featured[9392]: Traceback (most recent call last):
2025 Feb 11 02:40:38.905631 sonic INFO featured[9392]:   File "/usr/local/bin/featured", line 598, in <module>
2025 Feb 11 02:40:38.905750 sonic INFO featured[9392]:     main()
2025 Feb 11 02:40:38.905797 sonic INFO featured[9392]:   File "/usr/local/bin/featured", line 591, in main
2025 Feb 11 02:40:38.905826 sonic INFO featured[9392]:     daemon = FeatureDaemon()
2025 Feb 11 02:40:38.905868 sonic INFO featured[9392]:              ^^^^^^^^^^^^^^^
2025 Feb 11 02:40:38.905909 sonic INFO featured[9392]:   File "/usr/local/bin/featured", line 529, in __init__
2025 Feb 11 02:40:38.905938 sonic INFO featured[9392]:     self.feature_handler = FeatureHandler(self.config_db, feature_state_table, self.device_config, self.advanced_boot)
2025 Feb 11 02:40:38.905979 sonic INFO featured[9392]:                            ^^^^^^^^^^^^^^^^^^^^^^^^^^^^^^^^^^^^^^^^^^^^^^^^^^^^^^^^^^^^^^^^^^^^^^^^^^^^^^^^^^^^^^^^^^^
2025 Feb 11 02:40:38.906019 sonic INFO featured[9392]:   File "/usr/local/bin/featured", line 136, in __init__
2025 Feb 11 02:40:38.906058 sonic INFO featured[9392]:     self._device_running_config = device_info.get_device_runtime_metadata()
2025 Feb 11 02:40:38.906098 sonic INFO featured[9392]:                                   ^^^^^^^^^^^^^^^^^^^^^^^^^^^^^^^^^^^^^^^^^
2025 Feb 11 02:40:38.906138 sonic INFO featured[9392]:   File "/usr/local/lib/python3.11/dist-packages/sonic_py_common/device_info.py", line 680, in get_device_runtime_metadata
2025 Feb 11 02:40:38.906197 sonic INFO featured[9392]:     port_metadata = {'ETHERNET_PORTS_PRESENT': True if get_path_to_port_config_file(hwsku=None, asic="0" if is_multi_npu() else None) else False}
2025 Feb 11 02:40:38.906241 sonic INFO featured[9392]:                                                        ^^^^^^^^^^^^^^^^^^^^^^^^^^^^^^^^^^^^^^^^^^^^^^^^^^^^^^^^^^^^^^^^^^^^^^^^^^^^^^
2025 Feb 11 02:40:38.906309 sonic INFO featured[9392]:   File "/usr/local/lib/python3.11/dist-packages/sonic_py_common/device_info.py", line 446, in get_path_to_port_config_file
2025 Feb 11 02:40:38.906374 sonic INFO featured[9392]:     (platform_path, hwsku_path) = get_paths_to_platform_and_hwsku_dirs()
2025 Feb 11 02:40:38.906404 sonic INFO featured[9392]:                                   ^^^^^^^^^^^^^^^^^^^^^^^^^^^^^^^^^^^^^^
2025 Feb 11 02:40:38.906446 sonic INFO featured[9392]:   File "/usr/local/lib/python3.11/dist-packages/sonic_py_common/device_info.py", line 412, in get_paths_to_platform_and_hwsku_dirs
2025 Feb 11 02:40:38.906485 sonic INFO featured[9392]:     hwsku_path = os.path.join(platform_path, hwsku)
2025 Feb 11 02:40:38.906524 sonic INFO featured[9392]:                  ^^^^^^^^^^^^^^^^^^^^^^^^^^^^^^^^^^
2025 Feb 11 02:40:38.906563 sonic INFO featured[9392]:   File "<frozen posixpath>", line 90, in join
2025 Feb 11 02:40:38.906640 sonic INFO featured[9392]:   File "<frozen genericpath>", line 152, in _check_arg_types
2025 Feb 11 02:40:38.906680 sonic INFO featured[9392]: TypeError: join() argument must be str, bytes, or os.PathLike object, not 'NoneType'
2025 Feb 11 02:40:38.926444 sonic NOTICE systemd[1]: featured.service: Main process exited, code=exited, status=1/FAILURE
2025 Feb 11 02:40:38.926595 sonic WARNING systemd[1]: featured.service: Failed with result 'exit-code'.
2025 Feb 11 02:40:38.954716 sonic INFO systemd[1]: Started featured.service - Feature configuration daemon.
2025 Feb 11 02:40:39.084570 sonic INFO featured: ConfigDB connect success
2025 Feb 11 02:40:39.088714 sonic INFO featured[9393]: Traceback (most recent call last):
2025 Feb 11 02:40:39.088773 sonic INFO featured[9393]:   File "/usr/local/bin/featured", line 598, in <module>
2025 Feb 11 02:40:39.088860 sonic INFO featured[9393]:     main()
2025 Feb 11 02:40:39.088900 sonic INFO featured[9393]:   File "/usr/local/bin/featured", line 591, in main
2025 Feb 11 02:40:39.089019 sonic INFO featured[9393]:     daemon = FeatureDaemon()
2025 Feb 11 02:40:39.089060 sonic INFO featured[9393]:              ^^^^^^^^^^^^^^^
2025 Feb 11 02:40:39.089076 sonic INFO featured[9393]:   File "/usr/local/bin/featured", line 529, in __init__
2025 Feb 11 02:40:39.089136 sonic INFO featured[9393]:     self.feature_handler = FeatureHandler(self.config_db, feature_state_table, self.device_config, self.advanced_boot)
2025 Feb 11 02:40:39.089172 sonic INFO featured[9393]:                            ^^^^^^^^^^^^^^^^^^^^^^^^^^^^^^^^^^^^^^^^^^^^^^^^^^^^^^^^^^^^^^^^^^^^^^^^^^^^^^^^^^^^^^^^^^^
2025 Feb 11 02:40:39.089194 sonic INFO featured[9393]:   File "/usr/local/bin/featured", line 136, in __init__
2025 Feb 11 02:40:39.089241 sonic INFO featured[9393]:     self._device_running_config = device_info.get_device_runtime_metadata()
2025 Feb 11 02:40:39.089273 sonic INFO featured[9393]:                                   ^^^^^^^^^^^^^^^^^^^^^^^^^^^^^^^^^^^^^^^^^
2025 Feb 11 02:40:39.089298 sonic INFO featured[9393]:   File "/usr/local/lib/python3.11/dist-packages/sonic_py_common/device_info.py", line 680, in get_device_runtime_metadata
2025 Feb 11 02:40:39.089435 sonic INFO featured[9393]:     port_metadata = {'ETHERNET_PORTS_PRESENT': True if get_path_to_port_config_file(hwsku=None, asic="0" if is_multi_npu() else None) else False}
2025 Feb 11 02:40:39.089549 sonic INFO featured[9393]:                                                        ^^^^^^^^^^^^^^^^^^^^^^^^^^^^^^^^^^^^^^^^^^^^^^^^^^^^^^^^^^^^^^^^^^^^^^^^^^^^^^
2025 Feb 11 02:40:39.089600 sonic INFO featured[9393]:   File "/usr/local/lib/python3.11/dist-packages/sonic_py_common/device_info.py", line 446, in get_path_to_port_config_file
2025 Feb 11 02:40:39.089654 sonic INFO featured[9393]:     (platform_path, hwsku_path) = get_paths_to_platform_and_hwsku_dirs()
2025 Feb 11 02:40:39.089681 sonic INFO featured[9393]:                                   ^^^^^^^^^^^^^^^^^^^^^^^^^^^^^^^^^^^^^^
2025 Feb 11 02:40:39.089705 sonic INFO featured[9393]:   File "/usr/local/lib/python3.11/dist-packages/sonic_py_common/device_info.py", line 412, in get_paths_to_platform_and_hwsku_dirs
2025 Feb 11 02:40:39.089741 sonic INFO featured[9393]:     hwsku_path = os.path.join(platform_path, hwsku)
2025 Feb 11 02:40:39.089769 sonic INFO featured[9393]:                  ^^^^^^^^^^^^^^^^^^^^^^^^^^^^^^^^^^
2025 Feb 11 02:40:39.089797 sonic INFO featured[9393]:   File "<frozen posixpath>", line 90, in join
2025 Feb 11 02:40:39.089822 sonic INFO featured[9393]:   File "<frozen genericpath>", line 152, in _check_arg_types
2025 Feb 11 02:40:39.089846 sonic INFO featured[9393]: TypeError: join() argument must be str, bytes, or os.PathLike object, not 'NoneType'
2025 Feb 11 02:40:39.107758 sonic NOTICE systemd[1]: featured.service: Main process exited, code=exited, status=1/FAILURE
2025 Feb 11 02:40:39.107951 sonic WARNING systemd[1]: featured.service: Failed with result 'exit-code'.
2025 Feb 11 02:40:39.159968 sonic INFO systemd[1]: Started featured.service - Feature configuration daemon.
2025 Feb 11 02:40:39.307606 sonic INFO featured: ConfigDB connect success
2025 Feb 11 02:40:39.311619 sonic INFO featured[9394]: Traceback (most recent call last):
2025 Feb 11 02:40:39.311678 sonic INFO featured[9394]:   File "/usr/local/bin/featured", line 598, in <module>
2025 Feb 11 02:40:39.311819 sonic INFO featured[9394]:     main()
2025 Feb 11 02:40:39.311859 sonic INFO featured[9394]:   File "/usr/local/bin/featured", line 591, in main
2025 Feb 11 02:40:39.311977 sonic INFO featured[9394]:     daemon = FeatureDaemon()
2025 Feb 11 02:40:39.312017 sonic INFO featured[9394]:              ^^^^^^^^^^^^^^^
2025 Feb 11 02:40:39.312034 sonic INFO featured[9394]:   File "/usr/local/bin/featured", line 529, in __init__
2025 Feb 11 02:40:39.312122 sonic INFO featured[9394]:     self.feature_handler = FeatureHandler(self.config_db, feature_state_table, self.device_config, self.advanced_boot)
2025 Feb 11 02:40:39.312161 sonic INFO featured[9394]:                            ^^^^^^^^^^^^^^^^^^^^^^^^^^^^^^^^^^^^^^^^^^^^^^^^^^^^^^^^^^^^^^^^^^^^^^^^^^^^^^^^^^^^^^^^^^^
2025 Feb 11 02:40:39.312178 sonic INFO featured[9394]:   File "/usr/local/bin/featured", line 136, in __init__
2025 Feb 11 02:40:39.312199 sonic INFO featured[9394]:     self._device_running_config = device_info.get_device_runtime_metadata()
2025 Feb 11 02:40:39.312238 sonic INFO featured[9394]:                                   ^^^^^^^^^^^^^^^^^^^^^^^^^^^^^^^^^^^^^^^^^
2025 Feb 11 02:40:39.312264 sonic INFO featured[9394]:   File "/usr/local/lib/python3.11/dist-packages/sonic_py_common/device_info.py", line 680, in get_device_runtime_metadata
2025 Feb 11 02:40:39.312363 sonic INFO featured[9394]:     port_metadata = {'ETHERNET_PORTS_PRESENT': True if get_path_to_port_config_file(hwsku=None, asic="0" if is_multi_npu() else None) else False}
2025 Feb 11 02:40:39.312417 sonic INFO featured[9394]:                                                        ^^^^^^^^^^^^^^^^^^^^^^^^^^^^^^^^^^^^^^^^^^^^^^^^^^^^^^^^^^^^^^^^^^^^^^^^^^^^^^
2025 Feb 11 02:40:39.312435 sonic INFO featured[9394]:   File "/usr/local/lib/python3.11/dist-packages/sonic_py_common/device_info.py", line 446, in get_path_to_port_config_file
2025 Feb 11 02:40:39.312515 sonic INFO featured[9394]:     (platform_path, hwsku_path) = get_paths_to_platform_and_hwsku_dirs()
2025 Feb 11 02:40:39.312546 sonic INFO featured[9394]:                                   ^^^^^^^^^^^^^^^^^^^^^^^^^^^^^^^^^^^^^^
2025 Feb 11 02:40:39.312562 sonic INFO featured[9394]:   File "/usr/local/lib/python3.11/dist-packages/sonic_py_common/device_info.py", line 412, in get_paths_to_platform_and_hwsku_dirs
2025 Feb 11 02:40:39.312625 sonic INFO featured[9394]:     hwsku_path = os.path.join(platform_path, hwsku)
2025 Feb 11 02:40:39.312657 sonic INFO featured[9394]:                  ^^^^^^^^^^^^^^^^^^^^^^^^^^^^^^^^^^
2025 Feb 11 02:40:39.312684 sonic INFO featured[9394]:   File "<frozen posixpath>", line 90, in join
2025 Feb 11 02:40:39.312700 sonic INFO featured[9394]:   File "<frozen genericpath>", line 152, in _check_arg_types
2025 Feb 11 02:40:39.312721 sonic INFO featured[9394]: TypeError: join() argument must be str, bytes, or os.PathLike object, not 'NoneType'
2025 Feb 11 02:40:39.331462 sonic NOTICE systemd[1]: featured.service: Main process exited, code=exited, status=1/FAILURE
2025 Feb 11 02:40:39.331537 sonic WARNING systemd[1]: featured.service: Failed with result 'exit-code'.
2025 Feb 11 02:40:39.333013 sonic WARNING systemd[1]: featured.service: Start request repeated too quickly.
2025 Feb 11 02:40:39.333062 sonic WARNING systemd[1]: featured.service: Failed with result 'exit-code'.
2025 Feb 11 02:40:39.333128 sonic ERR systemd[1]: Failed to start featured.service - Feature configuration daemon.
2025 Feb 11 02:40:42.278489 sonic WARNING systemd[1]: featured.service: Start request repeated too quickly.
2025 Feb 11 02:40:42.278634 sonic WARNING systemd[1]: featured.service: Failed with result 'exit-code'.
2025 Feb 11 02:40:42.278665 sonic ERR systemd[1]: Failed to start featured.service - Feature configuration daemon.
2025 Feb 11 02:40:42.279566 sonic WARNING systemd[1]: featured.service: Start request repeated too quickly.
2025 Feb 11 02:40:42.279615 sonic WARNING systemd[1]: featured.service: Failed with result 'exit-code'.
2025 Feb 11 02:40:42.279654 sonic ERR systemd[1]: Failed to start featured.service - Feature configuration daemon.
2025 Feb 11 02:40:42.530719 sonic INFO systemd[1]: caclmgrd.service: Scheduled restart job, restart counter is at 27.
2025 Feb 11 02:40:42.531102 sonic INFO systemd[1]: Stopped caclmgrd.service - Control Plane ACL configuration daemon.
2025 Feb 11 02:40:42.571521 sonic INFO systemd[1]: Started caclmgrd.service - Control Plane ACL configuration daemon.
2025 Feb 11 02:40:42.571933 sonic WARNING systemd[1]: featured.service: Start request repeated too quickly.
2025 Feb 11 02:40:42.571974 sonic WARNING systemd[1]: featured.service: Failed with result 'exit-code'.
2025 Feb 11 02:40:42.572086 sonic ERR systemd[1]: Failed to start featured.service - Feature configuration daemon.
2025 Feb 11 02:40:42.574628 sonic WARNING systemd[1]: featured.service: Start request repeated too quickly.
2025 Feb 11 02:40:42.574694 sonic WARNING systemd[1]: featured.service: Failed with result 'exit-code'.
2025 Feb 11 02:40:42.574734 sonic ERR systemd[1]: Failed to start featured.service - Feature configuration daemon.
2025 Feb 11 02:40:42.700115 sonic INFO caclmgrd[9401]: Traceback (most recent call last):
2025 Feb 11 02:40:42.700259 sonic INFO caclmgrd[9401]:   File "/usr/local/bin/caclmgrd", line 1146, in <module>
2025 Feb 11 02:40:42.700313 sonic INFO caclmgrd[9401]:     main()
2025 Feb 11 02:40:42.700355 sonic INFO caclmgrd[9401]:   File "/usr/local/bin/caclmgrd", line 1137, in main
2025 Feb 11 02:40:42.700374 sonic INFO caclmgrd[9401]:     caclmgr = ControlPlaneAclManager(SYSLOG_IDENTIFIER)
2025 Feb 11 02:40:42.700389 sonic INFO caclmgrd[9401]:               ^^^^^^^^^^^^^^^^^^^^^^^^^^^^^^^^^^^^^^^^^
2025 Feb 11 02:40:42.700405 sonic INFO caclmgrd[9401]:   File "/usr/local/bin/caclmgrd", line 156, in __init__
2025 Feb 11 02:40:42.700421 sonic INFO caclmgrd[9401]:     if 'subtype' in metadata['localhost'] and metadata['localhost']['subtype'] == 'DualToR':
2025 Feb 11 02:40:42.700437 sonic INFO caclmgrd[9401]:                     ~~~~~~~~^^^^^^^^^^^^^
2025 Feb 11 02:40:42.700452 sonic INFO caclmgrd[9401]: KeyError: 'localhost'
2025 Feb 11 02:40:42.713422 sonic NOTICE systemd[1]: caclmgrd.service: Main process exited, code=exited, status=1/FAILURE
2025 Feb 11 02:40:42.713615 sonic WARNING systemd[1]: caclmgrd.service: Failed with result 'exit-code'.
2025 Feb 11 02:40:42.715418 sonic WARNING systemd[1]: featured.service: Start request repeated too quickly.
2025 Feb 11 02:40:42.715479 sonic WARNING systemd[1]: featured.service: Failed with result 'exit-code'.
2025 Feb 11 02:40:42.715512 sonic ERR systemd[1]: Failed to start featured.service - Feature configuration daemon.
2025 Feb 11 02:40:54.556042 sonic ERR monit[828]: 'container_checker' status failed (4) -- Unexpected running containers: eventd, macsec1, database2, database1, bgp0, bgp1, macsec3, macsec2, database, macsec0, bgp3, database3, database0, bgp2
2025 Feb 11 02:40:54.672830 sonic DEBUG mgmt_oper_status.py: No management interface found
2025 Feb 11 02:40:54.862834 sonic INFO systemd[1]: Started featured.service - Feature configuration daemon.
2025 Feb 11 02:40:54.918033 sonic INFO memory_checker: [memory_checker] Exits without checking memory usage since container 'bmp' is not running!
2025 Feb 11 02:40:54.919936 sonic INFO memory_checker: [memory_checker] Exits without checking memory usage since container 'gnmi' is not running!
2025 Feb 11 02:40:54.930101 sonic INFO memory_checker: [memory_checker] Exits without checking memory usage since container 'snmp' is not running!
2025 Feb 11 02:40:55.026365 sonic INFO featured: ConfigDB connect success
2025 Feb 11 02:40:55.030438 sonic INFO featured[9447]: Traceback (most recent call last):
2025 Feb 11 02:40:55.030500 sonic INFO featured[9447]:   File "/usr/local/bin/featured", line 598, in <module>
2025 Feb 11 02:40:55.030638 sonic INFO featured[9447]:     main()
2025 Feb 11 02:40:55.030678 sonic INFO featured[9447]:   File "/usr/local/bin/featured", line 591, in main
2025 Feb 11 02:40:55.030795 sonic INFO featured[9447]:     daemon = FeatureDaemon()
2025 Feb 11 02:40:55.030835 sonic INFO featured[9447]:              ^^^^^^^^^^^^^^^
2025 Feb 11 02:40:55.030852 sonic INFO featured[9447]:   File "/usr/local/bin/featured", line 529, in __init__
2025 Feb 11 02:40:55.030912 sonic INFO featured[9447]:     self.feature_handler = FeatureHandler(self.config_db, feature_state_table, self.device_config, self.advanced_boot)
2025 Feb 11 02:40:55.030976 sonic INFO featured[9447]:                            ^^^^^^^^^^^^^^^^^^^^^^^^^^^^^^^^^^^^^^^^^^^^^^^^^^^^^^^^^^^^^^^^^^^^^^^^^^^^^^^^^^^^^^^^^^^
2025 Feb 11 02:40:55.031002 sonic INFO featured[9447]:   File "/usr/local/bin/featured", line 136, in __init__
2025 Feb 11 02:40:55.031024 sonic INFO featured[9447]:     self._device_running_config = device_info.get_device_runtime_metadata()
2025 Feb 11 02:40:55.031055 sonic INFO featured[9447]:                                   ^^^^^^^^^^^^^^^^^^^^^^^^^^^^^^^^^^^^^^^^^
2025 Feb 11 02:40:55.031071 sonic INFO featured[9447]:   File "/usr/local/lib/python3.11/dist-packages/sonic_py_common/device_info.py", line 680, in get_device_runtime_metadata
2025 Feb 11 02:40:55.031178 sonic INFO featured[9447]:     port_metadata = {'ETHERNET_PORTS_PRESENT': True if get_path_to_port_config_file(hwsku=None, asic="0" if is_multi_npu() else None) else False}
2025 Feb 11 02:40:55.031216 sonic INFO featured[9447]:                                                        ^^^^^^^^^^^^^^^^^^^^^^^^^^^^^^^^^^^^^^^^^^^^^^^^^^^^^^^^^^^^^^^^^^^^^^^^^^^^^^
2025 Feb 11 02:40:55.031233 sonic INFO featured[9447]:   File "/usr/local/lib/python3.11/dist-packages/sonic_py_common/device_info.py", line 446, in get_path_to_port_config_file
2025 Feb 11 02:40:55.031300 sonic INFO featured[9447]:     (platform_path, hwsku_path) = get_paths_to_platform_and_hwsku_dirs()
2025 Feb 11 02:40:55.031348 sonic INFO featured[9447]:                                   ^^^^^^^^^^^^^^^^^^^^^^^^^^^^^^^^^^^^^^
2025 Feb 11 02:40:55.031366 sonic INFO featured[9447]:   File "/usr/local/lib/python3.11/dist-packages/sonic_py_common/device_info.py", line 412, in get_paths_to_platform_and_hwsku_dirs
2025 Feb 11 02:40:55.031455 sonic INFO featured[9447]:     hwsku_path = os.path.join(platform_path, hwsku)
2025 Feb 11 02:40:55.031487 sonic INFO featured[9447]:                  ^^^^^^^^^^^^^^^^^^^^^^^^^^^^^^^^^^
2025 Feb 11 02:40:55.031505 sonic INFO featured[9447]:   File "<frozen posixpath>", line 90, in join
2025 Feb 11 02:40:55.031543 sonic INFO featured[9447]:   File "<frozen genericpath>", line 152, in _check_arg_types
2025 Feb 11 02:40:55.031574 sonic INFO featured[9447]: TypeError: join() argument must be str, bytes, or os.PathLike object, not 'NoneType'
2025 Feb 11 02:40:55.070772 sonic NOTICE systemd[1]: featured.service: Main process exited, code=exited, status=1/FAILURE
2025 Feb 11 02:40:55.070990 sonic WARNING systemd[1]: featured.service: Failed with result 'exit-code'.
2025 Feb 11 02:40:55.114592 sonic INFO systemd[1]: Started featured.service - Feature configuration daemon.
2025 Feb 11 02:40:55.266197 sonic INFO featured: ConfigDB connect success
2025 Feb 11 02:40:55.270459 sonic INFO featured[9479]: Traceback (most recent call last):
2025 Feb 11 02:40:55.271811 sonic INFO featured[9479]:   File "/usr/local/bin/featured", line 598, in <module>
2025 Feb 11 02:40:55.272293 sonic INFO featured[9479]:     main()
2025 Feb 11 02:40:55.272449 sonic INFO featured[9479]:   File "/usr/local/bin/featured", line 591, in main
2025 Feb 11 02:40:55.272864 sonic INFO featured[9479]:     daemon = FeatureDaemon()
2025 Feb 11 02:40:55.272953 sonic INFO featured[9479]:              ^^^^^^^^^^^^^^^
2025 Feb 11 02:40:55.272990 sonic INFO featured[9479]:   File "/usr/local/bin/featured", line 529, in __init__
2025 Feb 11 02:40:55.273098 sonic INFO featured[9479]:     self.feature_handler = FeatureHandler(self.config_db, feature_state_table, self.device_config, self.advanced_boot)
2025 Feb 11 02:40:55.273155 sonic INFO featured[9479]:                            ^^^^^^^^^^^^^^^^^^^^^^^^^^^^^^^^^^^^^^^^^^^^^^^^^^^^^^^^^^^^^^^^^^^^^^^^^^^^^^^^^^^^^^^^^^^
2025 Feb 11 02:40:55.273190 sonic INFO featured[9479]:   File "/usr/local/bin/featured", line 136, in __init__
2025 Feb 11 02:40:55.273221 sonic INFO featured[9479]:     self._device_running_config = device_info.get_device_runtime_metadata()
2025 Feb 11 02:40:55.273270 sonic INFO featured[9479]:                                   ^^^^^^^^^^^^^^^^^^^^^^^^^^^^^^^^^^^^^^^^^
2025 Feb 11 02:40:55.273287 sonic INFO featured[9479]:   File "/usr/local/lib/python3.11/dist-packages/sonic_py_common/device_info.py", line 680, in get_device_runtime_metadata
2025 Feb 11 02:40:55.273442 sonic INFO featured[9479]:     port_metadata = {'ETHERNET_PORTS_PRESENT': True if get_path_to_port_config_file(hwsku=None, asic="0" if is_multi_npu() else None) else False}
2025 Feb 11 02:40:55.273517 sonic INFO featured[9479]:                                                        ^^^^^^^^^^^^^^^^^^^^^^^^^^^^^^^^^^^^^^^^^^^^^^^^^^^^^^^^^^^^^^^^^^^^^^^^^^^^^^
2025 Feb 11 02:40:55.273568 sonic INFO featured[9479]:   File "/usr/local/lib/python3.11/dist-packages/sonic_py_common/device_info.py", line 446, in get_path_to_port_config_file
2025 Feb 11 02:40:55.273634 sonic INFO featured[9479]:     (platform_path, hwsku_path) = get_paths_to_platform_and_hwsku_dirs()
2025 Feb 11 02:40:55.273667 sonic INFO featured[9479]:                                   ^^^^^^^^^^^^^^^^^^^^^^^^^^^^^^^^^^^^^^
2025 Feb 11 02:40:55.273700 sonic INFO featured[9479]:   File "/usr/local/lib/python3.11/dist-packages/sonic_py_common/device_info.py", line 412, in get_paths_to_platform_and_hwsku_dirs
2025 Feb 11 02:40:55.273748 sonic INFO featured[9479]:     hwsku_path = os.path.join(platform_path, hwsku)
2025 Feb 11 02:40:55.273799 sonic INFO featured[9479]:                  ^^^^^^^^^^^^^^^^^^^^^^^^^^^^^^^^^^
2025 Feb 11 02:40:55.273826 sonic INFO featured[9479]:   File "<frozen posixpath>", line 90, in join
2025 Feb 11 02:40:55.273867 sonic INFO featured[9479]:   File "<frozen genericpath>", line 152, in _check_arg_types
2025 Feb 11 02:40:55.273911 sonic INFO featured[9479]: TypeError: join() argument must be str, bytes, or os.PathLike object, not 'NoneType'
2025 Feb 11 02:40:55.296829 sonic NOTICE systemd[1]: featured.service: Main process exited, code=exited, status=1/FAILURE
2025 Feb 11 02:40:55.296966 sonic WARNING systemd[1]: featured.service: Failed with result 'exit-code'.
2025 Feb 11 02:40:55.338539 sonic INFO systemd[1]: Started featured.service - Feature configuration daemon.
2025 Feb 11 02:40:55.489982 sonic INFO featured: ConfigDB connect success
2025 Feb 11 02:40:55.494075 sonic INFO featured[9480]: Traceback (most recent call last):
2025 Feb 11 02:40:55.494139 sonic INFO featured[9480]:   File "/usr/local/bin/featured", line 598, in <module>
2025 Feb 11 02:40:55.494246 sonic INFO featured[9480]:     main()
2025 Feb 11 02:40:55.494286 sonic INFO featured[9480]:   File "/usr/local/bin/featured", line 591, in main
2025 Feb 11 02:40:55.494431 sonic INFO featured[9480]:     daemon = FeatureDaemon()
2025 Feb 11 02:40:55.494464 sonic INFO featured[9480]:              ^^^^^^^^^^^^^^^
2025 Feb 11 02:40:55.494486 sonic INFO featured[9480]:   File "/usr/local/bin/featured", line 529, in __init__
2025 Feb 11 02:40:55.494546 sonic INFO featured[9480]:     self.feature_handler = FeatureHandler(self.config_db, feature_state_table, self.device_config, self.advanced_boot)
2025 Feb 11 02:40:55.494581 sonic INFO featured[9480]:                            ^^^^^^^^^^^^^^^^^^^^^^^^^^^^^^^^^^^^^^^^^^^^^^^^^^^^^^^^^^^^^^^^^^^^^^^^^^^^^^^^^^^^^^^^^^^
2025 Feb 11 02:40:55.494603 sonic INFO featured[9480]:   File "/usr/local/bin/featured", line 136, in __init__
2025 Feb 11 02:40:55.494649 sonic INFO featured[9480]:     self._device_running_config = device_info.get_device_runtime_metadata()
2025 Feb 11 02:40:55.494680 sonic INFO featured[9480]:                                   ^^^^^^^^^^^^^^^^^^^^^^^^^^^^^^^^^^^^^^^^^
2025 Feb 11 02:40:55.494706 sonic INFO featured[9480]:   File "/usr/local/lib/python3.11/dist-packages/sonic_py_common/device_info.py", line 680, in get_device_runtime_metadata
2025 Feb 11 02:40:55.494809 sonic INFO featured[9480]:     port_metadata = {'ETHERNET_PORTS_PRESENT': True if get_path_to_port_config_file(hwsku=None, asic="0" if is_multi_npu() else None) else False}
2025 Feb 11 02:40:55.494848 sonic INFO featured[9480]:                                                        ^^^^^^^^^^^^^^^^^^^^^^^^^^^^^^^^^^^^^^^^^^^^^^^^^^^^^^^^^^^^^^^^^^^^^^^^^^^^^^
2025 Feb 11 02:40:55.494865 sonic INFO featured[9480]:   File "/usr/local/lib/python3.11/dist-packages/sonic_py_common/device_info.py", line 446, in get_path_to_port_config_file
2025 Feb 11 02:40:55.494928 sonic INFO featured[9480]:     (platform_path, hwsku_path) = get_paths_to_platform_and_hwsku_dirs()
2025 Feb 11 02:40:55.494960 sonic INFO featured[9480]:                                   ^^^^^^^^^^^^^^^^^^^^^^^^^^^^^^^^^^^^^^
2025 Feb 11 02:40:55.494985 sonic INFO featured[9480]:   File "/usr/local/lib/python3.11/dist-packages/sonic_py_common/device_info.py", line 412, in get_paths_to_platform_and_hwsku_dirs
2025 Feb 11 02:40:55.495034 sonic INFO featured[9480]:     hwsku_path = os.path.join(platform_path, hwsku)
2025 Feb 11 02:40:55.495067 sonic INFO featured[9480]:                  ^^^^^^^^^^^^^^^^^^^^^^^^^^^^^^^^^^
2025 Feb 11 02:40:55.495092 sonic INFO featured[9480]:   File "<frozen posixpath>", line 90, in join
2025 Feb 11 02:40:55.495120 sonic INFO featured[9480]:   File "<frozen genericpath>", line 152, in _check_arg_types
2025 Feb 11 02:40:55.495145 sonic INFO featured[9480]: TypeError: join() argument must be str, bytes, or os.PathLike object, not 'NoneType'
2025 Feb 11 02:40:55.513685 sonic NOTICE systemd[1]: featured.service: Main process exited, code=exited, status=1/FAILURE
2025 Feb 11 02:40:55.513876 sonic WARNING systemd[1]: featured.service: Failed with result 'exit-code'.
2025 Feb 11 02:40:55.572100 sonic INFO systemd[1]: Started featured.service - Feature configuration daemon.
2025 Feb 11 02:40:55.724043 sonic INFO featured: ConfigDB connect success
2025 Feb 11 02:40:55.728446 sonic INFO featured[9482]: Traceback (most recent call last):
2025 Feb 11 02:40:55.728512 sonic INFO featured[9482]:   File "/usr/local/bin/featured", line 598, in <module>
2025 Feb 11 02:40:55.728666 sonic INFO featured[9482]:     main()
2025 Feb 11 02:40:55.728705 sonic INFO featured[9482]:   File "/usr/local/bin/featured", line 591, in main
2025 Feb 11 02:40:55.728827 sonic INFO featured[9482]:     daemon = FeatureDaemon()
2025 Feb 11 02:40:55.728861 sonic INFO featured[9482]:              ^^^^^^^^^^^^^^^
2025 Feb 11 02:40:55.728883 sonic INFO featured[9482]:   File "/usr/local/bin/featured", line 529, in __init__
2025 Feb 11 02:40:55.728954 sonic INFO featured[9482]:     self.feature_handler = FeatureHandler(self.config_db, feature_state_table, self.device_config, self.advanced_boot)
2025 Feb 11 02:40:55.728992 sonic INFO featured[9482]:                            ^^^^^^^^^^^^^^^^^^^^^^^^^^^^^^^^^^^^^^^^^^^^^^^^^^^^^^^^^^^^^^^^^^^^^^^^^^^^^^^^^^^^^^^^^^^
2025 Feb 11 02:40:55.729009 sonic INFO featured[9482]:   File "/usr/local/bin/featured", line 136, in __init__
2025 Feb 11 02:40:55.729033 sonic INFO featured[9482]:     self._device_running_config = device_info.get_device_runtime_metadata()
2025 Feb 11 02:40:55.729055 sonic INFO featured[9482]:                                   ^^^^^^^^^^^^^^^^^^^^^^^^^^^^^^^^^^^^^^^^^
2025 Feb 11 02:40:55.729071 sonic INFO featured[9482]:   File "/usr/local/lib/python3.11/dist-packages/sonic_py_common/device_info.py", line 680, in get_device_runtime_metadata
2025 Feb 11 02:40:55.729194 sonic INFO featured[9482]:     port_metadata = {'ETHERNET_PORTS_PRESENT': True if get_path_to_port_config_file(hwsku=None, asic="0" if is_multi_npu() else None) else False}
2025 Feb 11 02:40:55.729233 sonic INFO featured[9482]:                                                        ^^^^^^^^^^^^^^^^^^^^^^^^^^^^^^^^^^^^^^^^^^^^^^^^^^^^^^^^^^^^^^^^^^^^^^^^^^^^^^
2025 Feb 11 02:40:55.729250 sonic INFO featured[9482]:   File "/usr/local/lib/python3.11/dist-packages/sonic_py_common/device_info.py", line 446, in get_path_to_port_config_file
2025 Feb 11 02:40:55.729315 sonic INFO featured[9482]:     (platform_path, hwsku_path) = get_paths_to_platform_and_hwsku_dirs()
2025 Feb 11 02:40:55.729368 sonic INFO featured[9482]:                                   ^^^^^^^^^^^^^^^^^^^^^^^^^^^^^^^^^^^^^^
2025 Feb 11 02:40:55.729401 sonic INFO featured[9482]:   File "/usr/local/lib/python3.11/dist-packages/sonic_py_common/device_info.py", line 412, in get_paths_to_platform_and_hwsku_dirs
2025 Feb 11 02:40:55.729447 sonic INFO featured[9482]:     hwsku_path = os.path.join(platform_path, hwsku)
2025 Feb 11 02:40:55.729521 sonic INFO featured[9482]:                  ^^^^^^^^^^^^^^^^^^^^^^^^^^^^^^^^^^
2025 Feb 11 02:40:55.729547 sonic INFO featured[9482]:   File "<frozen posixpath>", line 90, in join
2025 Feb 11 02:40:55.729564 sonic INFO featured[9482]:   File "<frozen genericpath>", line 152, in _check_arg_types
2025 Feb 11 02:40:55.729580 sonic INFO featured[9482]: TypeError: join() argument must be str, bytes, or os.PathLike object, not 'NoneType'
2025 Feb 11 02:40:55.748275 sonic NOTICE systemd[1]: featured.service: Main process exited, code=exited, status=1/FAILURE
2025 Feb 11 02:40:55.748459 sonic WARNING systemd[1]: featured.service: Failed with result 'exit-code'.
2025 Feb 11 02:40:55.808561 sonic INFO systemd[1]: Started featured.service - Feature configuration daemon.
2025 Feb 11 02:40:55.949245 sonic INFO featured: ConfigDB connect success
2025 Feb 11 02:40:55.959749 sonic INFO featured[9485]: Traceback (most recent call last):
2025 Feb 11 02:40:55.959925 sonic INFO featured[9485]:   File "/usr/local/bin/featured", line 598, in <module>
2025 Feb 11 02:40:55.960011 sonic INFO featured[9485]:     main()
2025 Feb 11 02:40:55.960036 sonic INFO featured[9485]:   File "/usr/local/bin/featured", line 591, in main
2025 Feb 11 02:40:55.960240 sonic INFO featured[9485]:     daemon = FeatureDaemon()
2025 Feb 11 02:40:55.960266 sonic INFO featured[9485]:              ^^^^^^^^^^^^^^^
2025 Feb 11 02:40:55.960283 sonic INFO featured[9485]:   File "/usr/local/bin/featured", line 529, in __init__
2025 Feb 11 02:40:55.960460 sonic INFO featured[9485]:     self.feature_handler = FeatureHandler(self.config_db, feature_state_table, self.device_config, self.advanced_boot)
2025 Feb 11 02:40:55.960500 sonic INFO featured[9485]:                            ^^^^^^^^^^^^^^^^^^^^^^^^^^^^^^^^^^^^^^^^^^^^^^^^^^^^^^^^^^^^^^^^^^^^^^^^^^^^^^^^^^^^^^^^^^^
2025 Feb 11 02:40:55.960516 sonic INFO featured[9485]:   File "/usr/local/bin/featured", line 136, in __init__
2025 Feb 11 02:40:55.960624 sonic INFO featured[9485]:     self._device_running_config = device_info.get_device_runtime_metadata()
2025 Feb 11 02:40:55.960662 sonic INFO featured[9485]:                                   ^^^^^^^^^^^^^^^^^^^^^^^^^^^^^^^^^^^^^^^^^
2025 Feb 11 02:40:55.960679 sonic INFO featured[9485]:   File "/usr/local/lib/python3.11/dist-packages/sonic_py_common/device_info.py", line 680, in get_device_runtime_metadata
2025 Feb 11 02:40:55.960824 sonic INFO featured[9485]:     port_metadata = {'ETHERNET_PORTS_PRESENT': True if get_path_to_port_config_file(hwsku=None, asic="0" if is_multi_npu() else None) else False}
2025 Feb 11 02:40:55.960899 sonic INFO featured[9485]:                                                        ^^^^^^^^^^^^^^^^^^^^^^^^^^^^^^^^^^^^^^^^^^^^^^^^^^^^^^^^^^^^^^^^^^^^^^^^^^^^^^
2025 Feb 11 02:40:55.960931 sonic INFO featured[9485]:   File "/usr/local/lib/python3.11/dist-packages/sonic_py_common/device_info.py", line 446, in get_path_to_port_config_file
2025 Feb 11 02:40:55.961076 sonic INFO featured[9485]:     (platform_path, hwsku_path) = get_paths_to_platform_and_hwsku_dirs()
2025 Feb 11 02:40:55.961113 sonic INFO featured[9485]:                                   ^^^^^^^^^^^^^^^^^^^^^^^^^^^^^^^^^^^^^^
2025 Feb 11 02:40:55.961129 sonic INFO featured[9485]:   File "/usr/local/lib/python3.11/dist-packages/sonic_py_common/device_info.py", line 412, in get_paths_to_platform_and_hwsku_dirs
2025 Feb 11 02:40:55.961222 sonic INFO featured[9485]:     hwsku_path = os.path.join(platform_path, hwsku)
2025 Feb 11 02:40:55.961270 sonic INFO featured[9485]:                  ^^^^^^^^^^^^^^^^^^^^^^^^^^^^^^^^^^
2025 Feb 11 02:40:55.961303 sonic INFO featured[9485]:   File "<frozen posixpath>", line 90, in join
2025 Feb 11 02:40:55.961319 sonic INFO featured[9485]:   File "<frozen genericpath>", line 152, in _check_arg_types
2025 Feb 11 02:40:55.961356 sonic INFO featured[9485]: TypeError: join() argument must be str, bytes, or os.PathLike object, not 'NoneType'
2025 Feb 11 02:40:55.981719 sonic NOTICE systemd[1]: featured.service: Main process exited, code=exited, status=1/FAILURE
2025 Feb 11 02:40:55.981799 sonic WARNING systemd[1]: featured.service: Failed with result 'exit-code'.
2025 Feb 11 02:40:55.983374 sonic WARNING systemd[1]: featured.service: Start request repeated too quickly.
2025 Feb 11 02:40:55.983434 sonic WARNING systemd[1]: featured.service: Failed with result 'exit-code'.
2025 Feb 11 02:40:55.983465 sonic ERR systemd[1]: Failed to start featured.service - Feature configuration daemon.
2025 Feb 11 02:40:58.278569 sonic WARNING systemd[1]: featured.service: Start request repeated too quickly.
2025 Feb 11 02:40:58.278705 sonic WARNING systemd[1]: featured.service: Failed with result 'exit-code'.
2025 Feb 11 02:40:58.278750 sonic ERR systemd[1]: Failed to start featured.service - Feature configuration daemon.
2025 Feb 11 02:41:08.310537 sonic INFO systemd[1]: Started featured.service - Feature configuration daemon.
2025 Feb 11 02:41:08.465288 sonic INFO featured: ConfigDB connect success
2025 Feb 11 02:41:08.469498 sonic INFO featured[9516]: Traceback (most recent call last):
2025 Feb 11 02:41:08.469538 sonic INFO featured[9516]:   File "/usr/local/bin/featured", line 598, in <module>
2025 Feb 11 02:41:08.472305 sonic INFO featured[9516]:     main()
2025 Feb 11 02:41:08.472770 sonic INFO featured[9516]:   File "/usr/local/bin/featured", line 591, in main
2025 Feb 11 02:41:08.472852 sonic INFO featured[9516]:     daemon = FeatureDaemon()
2025 Feb 11 02:41:08.472884 sonic INFO featured[9516]:              ^^^^^^^^^^^^^^^
2025 Feb 11 02:41:08.472900 sonic INFO featured[9516]:   File "/usr/local/bin/featured", line 529, in __init__
2025 Feb 11 02:41:08.472916 sonic INFO featured[9516]:     self.feature_handler = FeatureHandler(self.config_db, feature_state_table, self.device_config, self.advanced_boot)
2025 Feb 11 02:41:08.472940 sonic INFO featured[9516]:                            ^^^^^^^^^^^^^^^^^^^^^^^^^^^^^^^^^^^^^^^^^^^^^^^^^^^^^^^^^^^^^^^^^^^^^^^^^^^^^^^^^^^^^^^^^^^
2025 Feb 11 02:41:08.472967 sonic INFO featured[9516]:   File "/usr/local/bin/featured", line 136, in __init__
2025 Feb 11 02:41:08.472991 sonic INFO featured[9516]:     self._device_running_config = device_info.get_device_runtime_metadata()
2025 Feb 11 02:41:08.473021 sonic INFO featured[9516]:                                   ^^^^^^^^^^^^^^^^^^^^^^^^^^^^^^^^^^^^^^^^^
2025 Feb 11 02:41:08.473048 sonic INFO featured[9516]:   File "/usr/local/lib/python3.11/dist-packages/sonic_py_common/device_info.py", line 680, in get_device_runtime_metadata
2025 Feb 11 02:41:08.473096 sonic INFO featured[9516]:     port_metadata = {'ETHERNET_PORTS_PRESENT': True if get_path_to_port_config_file(hwsku=None, asic="0" if is_multi_npu() else None) else False}
2025 Feb 11 02:41:08.473195 sonic INFO featured[9516]:                                                        ^^^^^^^^^^^^^^^^^^^^^^^^^^^^^^^^^^^^^^^^^^^^^^^^^^^^^^^^^^^^^^^^^^^^^^^^^^^^^^
2025 Feb 11 02:41:08.473234 sonic INFO featured[9516]:   File "/usr/local/lib/python3.11/dist-packages/sonic_py_common/device_info.py", line 446, in get_path_to_port_config_file
2025 Feb 11 02:41:08.473315 sonic INFO featured[9516]:     (platform_path, hwsku_path) = get_paths_to_platform_and_hwsku_dirs()
2025 Feb 11 02:41:08.473385 sonic INFO featured[9516]:                                   ^^^^^^^^^^^^^^^^^^^^^^^^^^^^^^^^^^^^^^
2025 Feb 11 02:41:08.473414 sonic INFO featured[9516]:   File "/usr/local/lib/python3.11/dist-packages/sonic_py_common/device_info.py", line 412, in get_paths_to_platform_and_hwsku_dirs
2025 Feb 11 02:41:08.473463 sonic INFO featured[9516]:     hwsku_path = os.path.join(platform_path, hwsku)
2025 Feb 11 02:41:08.473537 sonic INFO featured[9516]:                  ^^^^^^^^^^^^^^^^^^^^^^^^^^^^^^^^^^
2025 Feb 11 02:41:08.474119 sonic INFO featured[9516]:   File "<frozen posixpath>", line 90, in join
2025 Feb 11 02:41:08.474859 sonic INFO featured[9516]:   File "<frozen genericpath>", line 152, in _check_arg_types
2025 Feb 11 02:41:08.474895 sonic INFO featured[9516]: TypeError: join() argument must be str, bytes, or os.PathLike object, not 'NoneType'
2025 Feb 11 02:41:08.497994 sonic NOTICE systemd[1]: featured.service: Main process exited, code=exited, status=1/FAILURE
2025 Feb 11 02:41:08.498126 sonic WARNING systemd[1]: featured.service: Failed with result 'exit-code'.
2025 Feb 11 02:41:08.526596 sonic INFO systemd[1]: Started featured.service - Feature configuration daemon.
2025 Feb 11 02:41:08.660475 sonic INFO featured: ConfigDB connect success
2025 Feb 11 02:41:08.676894 sonic INFO featured[9517]: Traceback (most recent call last):
2025 Feb 11 02:41:08.677187 sonic INFO featured[9517]:   File "/usr/local/bin/featured", line 598, in <module>
2025 Feb 11 02:41:08.677268 sonic INFO featured[9517]:     main()
2025 Feb 11 02:41:08.677298 sonic INFO featured[9517]:   File "/usr/local/bin/featured", line 591, in main
2025 Feb 11 02:41:08.677324 sonic INFO featured[9517]:     daemon = FeatureDaemon()
2025 Feb 11 02:41:08.677370 sonic INFO featured[9517]:              ^^^^^^^^^^^^^^^
2025 Feb 11 02:41:08.677387 sonic INFO featured[9517]:   File "/usr/local/bin/featured", line 529, in __init__
2025 Feb 11 02:41:08.677410 sonic INFO featured[9517]:     self.feature_handler = FeatureHandler(self.config_db, feature_state_table, self.device_config, self.advanced_boot)
2025 Feb 11 02:41:08.677529 sonic INFO featured[9517]:                            ^^^^^^^^^^^^^^^^^^^^^^^^^^^^^^^^^^^^^^^^^^^^^^^^^^^^^^^^^^^^^^^^^^^^^^^^^^^^^^^^^^^^^^^^^^^
2025 Feb 11 02:41:08.677558 sonic INFO featured[9517]:   File "/usr/local/bin/featured", line 136, in __init__
2025 Feb 11 02:41:08.677589 sonic INFO featured[9517]:     self._device_running_config = device_info.get_device_runtime_metadata()
2025 Feb 11 02:41:08.677620 sonic INFO featured[9517]:                                   ^^^^^^^^^^^^^^^^^^^^^^^^^^^^^^^^^^^^^^^^^
2025 Feb 11 02:41:08.677645 sonic INFO featured[9517]:   File "/usr/local/lib/python3.11/dist-packages/sonic_py_common/device_info.py", line 680, in get_device_runtime_metadata
2025 Feb 11 02:41:08.677740 sonic INFO featured[9517]:     port_metadata = {'ETHERNET_PORTS_PRESENT': True if get_path_to_port_config_file(hwsku=None, asic="0" if is_multi_npu() else None) else False}
2025 Feb 11 02:41:08.677826 sonic INFO featured[9517]:                                                        ^^^^^^^^^^^^^^^^^^^^^^^^^^^^^^^^^^^^^^^^^^^^^^^^^^^^^^^^^^^^^^^^^^^^^^^^^^^^^^
2025 Feb 11 02:41:08.677854 sonic INFO featured[9517]:   File "/usr/local/lib/python3.11/dist-packages/sonic_py_common/device_info.py", line 446, in get_path_to_port_config_file
2025 Feb 11 02:41:08.677914 sonic INFO featured[9517]:     (platform_path, hwsku_path) = get_paths_to_platform_and_hwsku_dirs()
2025 Feb 11 02:41:08.677946 sonic INFO featured[9517]:                                   ^^^^^^^^^^^^^^^^^^^^^^^^^^^^^^^^^^^^^^
2025 Feb 11 02:41:08.677973 sonic INFO featured[9517]:   File "/usr/local/lib/python3.11/dist-packages/sonic_py_common/device_info.py", line 412, in get_paths_to_platform_and_hwsku_dirs
2025 Feb 11 02:41:08.678022 sonic INFO featured[9517]:     hwsku_path = os.path.join(platform_path, hwsku)
2025 Feb 11 02:41:08.678058 sonic INFO featured[9517]:                  ^^^^^^^^^^^^^^^^^^^^^^^^^^^^^^^^^^
2025 Feb 11 02:41:08.678084 sonic INFO featured[9517]:   File "<frozen posixpath>", line 90, in join
2025 Feb 11 02:41:08.678126 sonic INFO featured[9517]:   File "<frozen genericpath>", line 152, in _check_arg_types
2025 Feb 11 02:41:08.678150 sonic INFO featured[9517]: TypeError: join() argument must be str, bytes, or os.PathLike object, not 'NoneType'
2025 Feb 11 02:41:08.698443 sonic NOTICE systemd[1]: featured.service: Main process exited, code=exited, status=1/FAILURE
2025 Feb 11 02:41:08.698579 sonic WARNING systemd[1]: featured.service: Failed with result 'exit-code'.
2025 Feb 11 02:41:08.752515 sonic INFO systemd[1]: Started featured.service - Feature configuration daemon.
2025 Feb 11 02:41:08.889074 sonic INFO featured: ConfigDB connect success
2025 Feb 11 02:41:08.893045 sonic INFO featured[9519]: Traceback (most recent call last):
2025 Feb 11 02:41:08.893102 sonic INFO featured[9519]:   File "/usr/local/bin/featured", line 598, in <module>
2025 Feb 11 02:41:08.893200 sonic INFO featured[9519]:     main()
2025 Feb 11 02:41:08.893239 sonic INFO featured[9519]:   File "/usr/local/bin/featured", line 591, in main
2025 Feb 11 02:41:08.893369 sonic INFO featured[9519]:     daemon = FeatureDaemon()
2025 Feb 11 02:41:08.893409 sonic INFO featured[9519]:              ^^^^^^^^^^^^^^^
2025 Feb 11 02:41:08.893434 sonic INFO featured[9519]:   File "/usr/local/bin/featured", line 529, in __init__
2025 Feb 11 02:41:08.893578 sonic INFO featured[9519]:     self.feature_handler = FeatureHandler(self.config_db, feature_state_table, self.device_config, self.advanced_boot)
2025 Feb 11 02:41:08.893617 sonic INFO featured[9519]:                            ^^^^^^^^^^^^^^^^^^^^^^^^^^^^^^^^^^^^^^^^^^^^^^^^^^^^^^^^^^^^^^^^^^^^^^^^^^^^^^^^^^^^^^^^^^^
2025 Feb 11 02:41:08.893634 sonic INFO featured[9519]:   File "/usr/local/bin/featured", line 136, in __init__
2025 Feb 11 02:41:08.893665 sonic INFO featured[9519]:     self._device_running_config = device_info.get_device_runtime_metadata()
2025 Feb 11 02:41:08.893697 sonic INFO featured[9519]:                                   ^^^^^^^^^^^^^^^^^^^^^^^^^^^^^^^^^^^^^^^^^
2025 Feb 11 02:41:08.893722 sonic INFO featured[9519]:   File "/usr/local/lib/python3.11/dist-packages/sonic_py_common/device_info.py", line 680, in get_device_runtime_metadata
2025 Feb 11 02:41:08.893827 sonic INFO featured[9519]:     port_metadata = {'ETHERNET_PORTS_PRESENT': True if get_path_to_port_config_file(hwsku=None, asic="0" if is_multi_npu() else None) else False}
2025 Feb 11 02:41:08.893865 sonic INFO featured[9519]:                                                        ^^^^^^^^^^^^^^^^^^^^^^^^^^^^^^^^^^^^^^^^^^^^^^^^^^^^^^^^^^^^^^^^^^^^^^^^^^^^^^
2025 Feb 11 02:41:08.893882 sonic INFO featured[9519]:   File "/usr/local/lib/python3.11/dist-packages/sonic_py_common/device_info.py", line 446, in get_path_to_port_config_file
2025 Feb 11 02:41:08.893948 sonic INFO featured[9519]:     (platform_path, hwsku_path) = get_paths_to_platform_and_hwsku_dirs()
2025 Feb 11 02:41:08.893980 sonic INFO featured[9519]:                                   ^^^^^^^^^^^^^^^^^^^^^^^^^^^^^^^^^^^^^^
2025 Feb 11 02:41:08.894005 sonic INFO featured[9519]:   File "/usr/local/lib/python3.11/dist-packages/sonic_py_common/device_info.py", line 412, in get_paths_to_platform_and_hwsku_dirs
2025 Feb 11 02:41:08.894055 sonic INFO featured[9519]:     hwsku_path = os.path.join(platform_path, hwsku)
2025 Feb 11 02:41:08.894089 sonic INFO featured[9519]:                  ^^^^^^^^^^^^^^^^^^^^^^^^^^^^^^^^^^
2025 Feb 11 02:41:08.894114 sonic INFO featured[9519]:   File "<frozen posixpath>", line 90, in join
2025 Feb 11 02:41:08.894139 sonic INFO featured[9519]:   File "<frozen genericpath>", line 152, in _check_arg_types
2025 Feb 11 02:41:08.894163 sonic INFO featured[9519]: TypeError: join() argument must be str, bytes, or os.PathLike object, not 'NoneType'
2025 Feb 11 02:41:08.912655 sonic NOTICE systemd[1]: featured.service: Main process exited, code=exited, status=1/FAILURE
2025 Feb 11 02:41:08.912872 sonic WARNING systemd[1]: featured.service: Failed with result 'exit-code'.
2025 Feb 11 02:41:08.942713 sonic INFO systemd[1]: Started featured.service - Feature configuration daemon.
2025 Feb 11 02:41:09.079795 sonic INFO featured: ConfigDB connect success
2025 Feb 11 02:41:09.084171 sonic INFO featured[9521]: Traceback (most recent call last):
2025 Feb 11 02:41:09.084235 sonic INFO featured[9521]:   File "/usr/local/bin/featured", line 598, in <module>
2025 Feb 11 02:41:09.084519 sonic INFO featured[9521]:     main()
2025 Feb 11 02:41:09.084557 sonic INFO featured[9521]:   File "/usr/local/bin/featured", line 591, in main
2025 Feb 11 02:41:09.084737 sonic INFO featured[9521]:     daemon = FeatureDaemon()
2025 Feb 11 02:41:09.084776 sonic INFO featured[9521]:              ^^^^^^^^^^^^^^^
2025 Feb 11 02:41:09.084793 sonic INFO featured[9521]:   File "/usr/local/bin/featured", line 529, in __init__
2025 Feb 11 02:41:09.084929 sonic INFO featured[9521]:     self.feature_handler = FeatureHandler(self.config_db, feature_state_table, self.device_config, self.advanced_boot)
2025 Feb 11 02:41:09.084967 sonic INFO featured[9521]:                            ^^^^^^^^^^^^^^^^^^^^^^^^^^^^^^^^^^^^^^^^^^^^^^^^^^^^^^^^^^^^^^^^^^^^^^^^^^^^^^^^^^^^^^^^^^^
2025 Feb 11 02:41:09.084983 sonic INFO featured[9521]:   File "/usr/local/bin/featured", line 136, in __init__
2025 Feb 11 02:41:09.085081 sonic INFO featured[9521]:     self._device_running_config = device_info.get_device_runtime_metadata()
2025 Feb 11 02:41:09.085119 sonic INFO featured[9521]:                                   ^^^^^^^^^^^^^^^^^^^^^^^^^^^^^^^^^^^^^^^^^
2025 Feb 11 02:41:09.085135 sonic INFO featured[9521]:   File "/usr/local/lib/python3.11/dist-packages/sonic_py_common/device_info.py", line 680, in get_device_runtime_metadata
2025 Feb 11 02:41:09.085344 sonic INFO featured[9521]:     port_metadata = {'ETHERNET_PORTS_PRESENT': True if get_path_to_port_config_file(hwsku=None, asic="0" if is_multi_npu() else None) else False}
2025 Feb 11 02:41:09.085389 sonic INFO featured[9521]:                                                        ^^^^^^^^^^^^^^^^^^^^^^^^^^^^^^^^^^^^^^^^^^^^^^^^^^^^^^^^^^^^^^^^^^^^^^^^^^^^^^
2025 Feb 11 02:41:09.085418 sonic INFO featured[9521]:   File "/usr/local/lib/python3.11/dist-packages/sonic_py_common/device_info.py", line 446, in get_path_to_port_config_file
2025 Feb 11 02:41:09.085669 sonic INFO featured[9521]:     (platform_path, hwsku_path) = get_paths_to_platform_and_hwsku_dirs()
2025 Feb 11 02:41:09.085707 sonic INFO featured[9521]:                                   ^^^^^^^^^^^^^^^^^^^^^^^^^^^^^^^^^^^^^^
2025 Feb 11 02:41:09.085724 sonic INFO featured[9521]:   File "/usr/local/lib/python3.11/dist-packages/sonic_py_common/device_info.py", line 412, in get_paths_to_platform_and_hwsku_dirs
2025 Feb 11 02:41:09.085838 sonic INFO featured[9521]:     hwsku_path = os.path.join(platform_path, hwsku)
2025 Feb 11 02:41:09.085885 sonic INFO featured[9521]:                  ^^^^^^^^^^^^^^^^^^^^^^^^^^^^^^^^^^
2025 Feb 11 02:41:09.085918 sonic INFO featured[9521]:   File "<frozen posixpath>", line 90, in join
2025 Feb 11 02:41:09.085943 sonic INFO featured[9521]:   File "<frozen genericpath>", line 152, in _check_arg_types
2025 Feb 11 02:41:09.085967 sonic INFO featured[9521]: TypeError: join() argument must be str, bytes, or os.PathLike object, not 'NoneType'
2025 Feb 11 02:41:09.104457 sonic NOTICE systemd[1]: featured.service: Main process exited, code=exited, status=1/FAILURE
2025 Feb 11 02:41:09.104596 sonic WARNING systemd[1]: featured.service: Failed with result 'exit-code'.
2025 Feb 11 02:41:09.134743 sonic INFO systemd[1]: Started featured.service - Feature configuration daemon.
2025 Feb 11 02:41:09.264284 sonic INFO featured: ConfigDB connect success
2025 Feb 11 02:41:09.268308 sonic INFO featured[9523]: Traceback (most recent call last):
2025 Feb 11 02:41:09.268372 sonic INFO featured[9523]:   File "/usr/local/bin/featured", line 598, in <module>
2025 Feb 11 02:41:09.268491 sonic INFO featured[9523]:     main()
2025 Feb 11 02:41:09.268530 sonic INFO featured[9523]:   File "/usr/local/bin/featured", line 591, in main
2025 Feb 11 02:41:09.268646 sonic INFO featured[9523]:     daemon = FeatureDaemon()
2025 Feb 11 02:41:09.268719 sonic INFO featured[9523]:              ^^^^^^^^^^^^^^^
2025 Feb 11 02:41:09.268750 sonic INFO featured[9523]:   File "/usr/local/bin/featured", line 529, in __init__
2025 Feb 11 02:41:09.268773 sonic INFO featured[9523]:     self.feature_handler = FeatureHandler(self.config_db, feature_state_table, self.device_config, self.advanced_boot)
2025 Feb 11 02:41:09.268805 sonic INFO featured[9523]:                            ^^^^^^^^^^^^^^^^^^^^^^^^^^^^^^^^^^^^^^^^^^^^^^^^^^^^^^^^^^^^^^^^^^^^^^^^^^^^^^^^^^^^^^^^^^^
2025 Feb 11 02:41:09.268831 sonic INFO featured[9523]:   File "/usr/local/bin/featured", line 136, in __init__
2025 Feb 11 02:41:09.268862 sonic INFO featured[9523]:     self._device_running_config = device_info.get_device_runtime_metadata()
2025 Feb 11 02:41:09.268887 sonic INFO featured[9523]:                                   ^^^^^^^^^^^^^^^^^^^^^^^^^^^^^^^^^^^^^^^^^
2025 Feb 11 02:41:09.268916 sonic INFO featured[9523]:   File "/usr/local/lib/python3.11/dist-packages/sonic_py_common/device_info.py", line 680, in get_device_runtime_metadata
2025 Feb 11 02:41:09.269005 sonic INFO featured[9523]:     port_metadata = {'ETHERNET_PORTS_PRESENT': True if get_path_to_port_config_file(hwsku=None, asic="0" if is_multi_npu() else None) else False}
2025 Feb 11 02:41:09.269043 sonic INFO featured[9523]:                                                        ^^^^^^^^^^^^^^^^^^^^^^^^^^^^^^^^^^^^^^^^^^^^^^^^^^^^^^^^^^^^^^^^^^^^^^^^^^^^^^
2025 Feb 11 02:41:09.269061 sonic INFO featured[9523]:   File "/usr/local/lib/python3.11/dist-packages/sonic_py_common/device_info.py", line 446, in get_path_to_port_config_file
2025 Feb 11 02:41:09.269124 sonic INFO featured[9523]:     (platform_path, hwsku_path) = get_paths_to_platform_and_hwsku_dirs()
2025 Feb 11 02:41:09.269157 sonic INFO featured[9523]:                                   ^^^^^^^^^^^^^^^^^^^^^^^^^^^^^^^^^^^^^^
2025 Feb 11 02:41:09.269183 sonic INFO featured[9523]:   File "/usr/local/lib/python3.11/dist-packages/sonic_py_common/device_info.py", line 412, in get_paths_to_platform_and_hwsku_dirs
2025 Feb 11 02:41:09.269231 sonic INFO featured[9523]:     hwsku_path = os.path.join(platform_path, hwsku)
2025 Feb 11 02:41:09.269264 sonic INFO featured[9523]:                  ^^^^^^^^^^^^^^^^^^^^^^^^^^^^^^^^^^
2025 Feb 11 02:41:09.269293 sonic INFO featured[9523]:   File "<frozen posixpath>", line 90, in join
2025 Feb 11 02:41:09.269318 sonic INFO featured[9523]:   File "<frozen genericpath>", line 152, in _check_arg_types
2025 Feb 11 02:41:09.269357 sonic INFO featured[9523]: TypeError: join() argument must be str, bytes, or os.PathLike object, not 'NoneType'
2025 Feb 11 02:41:09.287803 sonic NOTICE systemd[1]: featured.service: Main process exited, code=exited, status=1/FAILURE
2025 Feb 11 02:41:09.287946 sonic WARNING systemd[1]: featured.service: Failed with result 'exit-code'.
2025 Feb 11 02:41:09.290001 sonic WARNING systemd[1]: featured.service: Start request repeated too quickly.
2025 Feb 11 02:41:09.290053 sonic WARNING systemd[1]: featured.service: Failed with result 'exit-code'.
2025 Feb 11 02:41:09.290142 sonic ERR systemd[1]: Failed to start featured.service - Feature configuration daemon.
2025 Feb 11 02:41:12.280368 sonic WARNING systemd[1]: featured.service: Start request repeated too quickly.
2025 Feb 11 02:41:12.281238 sonic WARNING systemd[1]: featured.service: Failed with result 'exit-code'.
2025 Feb 11 02:41:12.281583 sonic ERR systemd[1]: Failed to start featured.service - Feature configuration daemon.
2025 Feb 11 02:41:12.779808 sonic INFO systemd[1]: caclmgrd.service: Scheduled restart job, restart counter is at 28.
2025 Feb 11 02:41:12.781580 sonic INFO systemd[1]: Stopped caclmgrd.service - Control Plane ACL configuration daemon.
2025 Feb 11 02:41:12.834522 sonic INFO systemd[1]: Started caclmgrd.service - Control Plane ACL configuration daemon.
2025 Feb 11 02:41:12.834777 sonic WARNING systemd[1]: featured.service: Start request repeated too quickly.
2025 Feb 11 02:41:12.834941 sonic WARNING systemd[1]: featured.service: Failed with result 'exit-code'.
2025 Feb 11 02:41:12.835010 sonic ERR systemd[1]: Failed to start featured.service - Feature configuration daemon.
2025 Feb 11 02:41:12.836584 sonic WARNING systemd[1]: featured.service: Start request repeated too quickly.
2025 Feb 11 02:41:12.836645 sonic WARNING systemd[1]: featured.service: Failed with result 'exit-code'.
2025 Feb 11 02:41:12.836686 sonic ERR systemd[1]: Failed to start featured.service - Feature configuration daemon.
2025 Feb 11 02:41:12.951458 sonic INFO caclmgrd[9531]: Traceback (most recent call last):
2025 Feb 11 02:41:12.951550 sonic INFO caclmgrd[9531]:   File "/usr/local/bin/caclmgrd", line 1146, in <module>
2025 Feb 11 02:41:12.951584 sonic INFO caclmgrd[9531]:     main()
2025 Feb 11 02:41:12.951601 sonic INFO caclmgrd[9531]:   File "/usr/local/bin/caclmgrd", line 1137, in main
2025 Feb 11 02:41:12.951617 sonic INFO caclmgrd[9531]:     caclmgr = ControlPlaneAclManager(SYSLOG_IDENTIFIER)
2025 Feb 11 02:41:12.951633 sonic INFO caclmgrd[9531]:               ^^^^^^^^^^^^^^^^^^^^^^^^^^^^^^^^^^^^^^^^^
2025 Feb 11 02:41:12.951651 sonic INFO caclmgrd[9531]:   File "/usr/local/bin/caclmgrd", line 156, in __init__
2025 Feb 11 02:41:12.952724 sonic INFO caclmgrd[9531]:     if 'subtype' in metadata['localhost'] and metadata['localhost']['subtype'] == 'DualToR':
2025 Feb 11 02:41:12.952789 sonic INFO caclmgrd[9531]:                     ~~~~~~~~^^^^^^^^^^^^^
2025 Feb 11 02:41:12.952862 sonic INFO caclmgrd[9531]: KeyError: 'localhost'
2025 Feb 11 02:41:12.968597 sonic NOTICE systemd[1]: caclmgrd.service: Main process exited, code=exited, status=1/FAILURE
2025 Feb 11 02:41:12.968699 sonic WARNING systemd[1]: caclmgrd.service: Failed with result 'exit-code'.
2025 Feb 11 02:41:12.970550 sonic WARNING systemd[1]: featured.service: Start request repeated too quickly.
2025 Feb 11 02:41:12.970637 sonic WARNING systemd[1]: featured.service: Failed with result 'exit-code'.
2025 Feb 11 02:41:12.970682 sonic ERR systemd[1]: Failed to start featured.service - Feature configuration daemon.
2025 Feb 11 02:41:28.302744 sonic INFO systemd[1]: Started featured.service - Feature configuration daemon.
2025 Feb 11 02:41:28.469304 sonic INFO featured: ConfigDB connect success
2025 Feb 11 02:41:28.474191 sonic INFO featured[9576]: Traceback (most recent call last):
2025 Feb 11 02:41:28.474252 sonic INFO featured[9576]:   File "/usr/local/bin/featured", line 598, in <module>
2025 Feb 11 02:41:28.474501 sonic INFO featured[9576]:     main()
2025 Feb 11 02:41:28.474551 sonic INFO featured[9576]:   File "/usr/local/bin/featured", line 591, in main
2025 Feb 11 02:41:28.474763 sonic INFO featured[9576]:     daemon = FeatureDaemon()
2025 Feb 11 02:41:28.474820 sonic INFO featured[9576]:              ^^^^^^^^^^^^^^^
2025 Feb 11 02:41:28.474836 sonic INFO featured[9576]:   File "/usr/local/bin/featured", line 529, in __init__
2025 Feb 11 02:41:28.474987 sonic INFO featured[9576]:     self.feature_handler = FeatureHandler(self.config_db, feature_state_table, self.device_config, self.advanced_boot)
2025 Feb 11 02:41:28.475035 sonic INFO featured[9576]:                            ^^^^^^^^^^^^^^^^^^^^^^^^^^^^^^^^^^^^^^^^^^^^^^^^^^^^^^^^^^^^^^^^^^^^^^^^^^^^^^^^^^^^^^^^^^^
2025 Feb 11 02:41:28.475051 sonic INFO featured[9576]:   File "/usr/local/bin/featured", line 136, in __init__
2025 Feb 11 02:41:28.475173 sonic INFO featured[9576]:     self._device_running_config = device_info.get_device_runtime_metadata()
2025 Feb 11 02:41:28.475222 sonic INFO featured[9576]:                                   ^^^^^^^^^^^^^^^^^^^^^^^^^^^^^^^^^^^^^^^^^
2025 Feb 11 02:41:28.475238 sonic INFO featured[9576]:   File "/usr/local/lib/python3.11/dist-packages/sonic_py_common/device_info.py", line 680, in get_device_runtime_metadata
2025 Feb 11 02:41:28.475460 sonic INFO featured[9576]:     port_metadata = {'ETHERNET_PORTS_PRESENT': True if get_path_to_port_config_file(hwsku=None, asic="0" if is_multi_npu() else None) else False}
2025 Feb 11 02:41:28.475508 sonic INFO featured[9576]:                                                        ^^^^^^^^^^^^^^^^^^^^^^^^^^^^^^^^^^^^^^^^^^^^^^^^^^^^^^^^^^^^^^^^^^^^^^^^^^^^^^
2025 Feb 11 02:41:28.475525 sonic INFO featured[9576]:   File "/usr/local/lib/python3.11/dist-packages/sonic_py_common/device_info.py", line 446, in get_path_to_port_config_file
2025 Feb 11 02:41:28.475646 sonic INFO featured[9576]:     (platform_path, hwsku_path) = get_paths_to_platform_and_hwsku_dirs()
2025 Feb 11 02:41:28.475692 sonic INFO featured[9576]:                                   ^^^^^^^^^^^^^^^^^^^^^^^^^^^^^^^^^^^^^^
2025 Feb 11 02:41:28.475708 sonic INFO featured[9576]:   File "/usr/local/lib/python3.11/dist-packages/sonic_py_common/device_info.py", line 412, in get_paths_to_platform_and_hwsku_dirs
2025 Feb 11 02:41:28.475846 sonic INFO featured[9576]:     hwsku_path = os.path.join(platform_path, hwsku)
2025 Feb 11 02:41:28.475889 sonic INFO featured[9576]:                  ^^^^^^^^^^^^^^^^^^^^^^^^^^^^^^^^^^
2025 Feb 11 02:41:28.475906 sonic INFO featured[9576]:   File "<frozen posixpath>", line 90, in join
2025 Feb 11 02:41:28.475927 sonic INFO featured[9576]:   File "<frozen genericpath>", line 152, in _check_arg_types
2025 Feb 11 02:41:28.475962 sonic INFO featured[9576]: TypeError: join() argument must be str, bytes, or os.PathLike object, not 'NoneType'
2025 Feb 11 02:41:28.495703 sonic NOTICE systemd[1]: featured.service: Main process exited, code=exited, status=1/FAILURE
2025 Feb 11 02:41:28.495798 sonic WARNING systemd[1]: featured.service: Failed with result 'exit-code'.
2025 Feb 11 02:41:28.518760 sonic INFO systemd[1]: Started featured.service - Feature configuration daemon.
2025 Feb 11 02:41:28.678938 sonic INFO featured: ConfigDB connect success
2025 Feb 11 02:41:28.683464 sonic INFO featured[9577]: Traceback (most recent call last):
2025 Feb 11 02:41:28.683524 sonic INFO featured[9577]:   File "/usr/local/bin/featured", line 598, in <module>
2025 Feb 11 02:41:28.683710 sonic INFO featured[9577]:     main()
2025 Feb 11 02:41:28.683758 sonic INFO featured[9577]:   File "/usr/local/bin/featured", line 591, in main
2025 Feb 11 02:41:28.683883 sonic INFO featured[9577]:     daemon = FeatureDaemon()
2025 Feb 11 02:41:28.683925 sonic INFO featured[9577]:              ^^^^^^^^^^^^^^^
2025 Feb 11 02:41:28.683948 sonic INFO featured[9577]:   File "/usr/local/bin/featured", line 529, in __init__
2025 Feb 11 02:41:28.684007 sonic INFO featured[9577]:     self.feature_handler = FeatureHandler(self.config_db, feature_state_table, self.device_config, self.advanced_boot)
2025 Feb 11 02:41:28.684051 sonic INFO featured[9577]:                            ^^^^^^^^^^^^^^^^^^^^^^^^^^^^^^^^^^^^^^^^^^^^^^^^^^^^^^^^^^^^^^^^^^^^^^^^^^^^^^^^^^^^^^^^^^^
2025 Feb 11 02:41:28.684067 sonic INFO featured[9577]:   File "/usr/local/bin/featured", line 136, in __init__
2025 Feb 11 02:41:28.684123 sonic INFO featured[9577]:     self._device_running_config = device_info.get_device_runtime_metadata()
2025 Feb 11 02:41:28.684166 sonic INFO featured[9577]:                                   ^^^^^^^^^^^^^^^^^^^^^^^^^^^^^^^^^^^^^^^^^
2025 Feb 11 02:41:28.684183 sonic INFO featured[9577]:   File "/usr/local/lib/python3.11/dist-packages/sonic_py_common/device_info.py", line 680, in get_device_runtime_metadata
2025 Feb 11 02:41:28.684299 sonic INFO featured[9577]:     port_metadata = {'ETHERNET_PORTS_PRESENT': True if get_path_to_port_config_file(hwsku=None, asic="0" if is_multi_npu() else None) else False}
2025 Feb 11 02:41:28.684376 sonic INFO featured[9577]:                                                        ^^^^^^^^^^^^^^^^^^^^^^^^^^^^^^^^^^^^^^^^^^^^^^^^^^^^^^^^^^^^^^^^^^^^^^^^^^^^^^
2025 Feb 11 02:41:28.684412 sonic INFO featured[9577]:   File "/usr/local/lib/python3.11/dist-packages/sonic_py_common/device_info.py", line 446, in get_path_to_port_config_file
2025 Feb 11 02:41:28.684477 sonic INFO featured[9577]:     (platform_path, hwsku_path) = get_paths_to_platform_and_hwsku_dirs()
2025 Feb 11 02:41:28.684518 sonic INFO featured[9577]:                                   ^^^^^^^^^^^^^^^^^^^^^^^^^^^^^^^^^^^^^^
2025 Feb 11 02:41:28.684553 sonic INFO featured[9577]:   File "/usr/local/lib/python3.11/dist-packages/sonic_py_common/device_info.py", line 412, in get_paths_to_platform_and_hwsku_dirs
2025 Feb 11 02:41:28.684600 sonic INFO featured[9577]:     hwsku_path = os.path.join(platform_path, hwsku)
2025 Feb 11 02:41:28.684644 sonic INFO featured[9577]:                  ^^^^^^^^^^^^^^^^^^^^^^^^^^^^^^^^^^
2025 Feb 11 02:41:28.684679 sonic INFO featured[9577]:   File "<frozen posixpath>", line 90, in join
2025 Feb 11 02:41:28.684695 sonic INFO featured[9577]:   File "<frozen genericpath>", line 152, in _check_arg_types
2025 Feb 11 02:41:28.684730 sonic INFO featured[9577]: TypeError: join() argument must be str, bytes, or os.PathLike object, not 'NoneType'
2025 Feb 11 02:41:28.704233 sonic NOTICE systemd[1]: featured.service: Main process exited, code=exited, status=1/FAILURE
2025 Feb 11 02:41:28.704399 sonic WARNING systemd[1]: featured.service: Failed with result 'exit-code'.
2025 Feb 11 02:41:28.738678 sonic INFO systemd[1]: Started featured.service - Feature configuration daemon.
2025 Feb 11 02:41:28.873004 sonic INFO featured: ConfigDB connect success
2025 Feb 11 02:41:28.876989 sonic INFO featured[9578]: Traceback (most recent call last):
2025 Feb 11 02:41:28.877040 sonic INFO featured[9578]:   File "/usr/local/bin/featured", line 598, in <module>
2025 Feb 11 02:41:28.877139 sonic INFO featured[9578]:     main()
2025 Feb 11 02:41:28.877178 sonic INFO featured[9578]:   File "/usr/local/bin/featured", line 591, in main
2025 Feb 11 02:41:28.877297 sonic INFO featured[9578]:     daemon = FeatureDaemon()
2025 Feb 11 02:41:28.877329 sonic INFO featured[9578]:              ^^^^^^^^^^^^^^^
2025 Feb 11 02:41:28.877377 sonic INFO featured[9578]:   File "/usr/local/bin/featured", line 529, in __init__
2025 Feb 11 02:41:28.877508 sonic INFO featured[9578]:     self.feature_handler = FeatureHandler(self.config_db, feature_state_table, self.device_config, self.advanced_boot)
2025 Feb 11 02:41:28.877543 sonic INFO featured[9578]:                            ^^^^^^^^^^^^^^^^^^^^^^^^^^^^^^^^^^^^^^^^^^^^^^^^^^^^^^^^^^^^^^^^^^^^^^^^^^^^^^^^^^^^^^^^^^^
2025 Feb 11 02:41:28.877569 sonic INFO featured[9578]:   File "/usr/local/bin/featured", line 136, in __init__
2025 Feb 11 02:41:28.877614 sonic INFO featured[9578]:     self._device_running_config = device_info.get_device_runtime_metadata()
2025 Feb 11 02:41:28.877646 sonic INFO featured[9578]:                                   ^^^^^^^^^^^^^^^^^^^^^^^^^^^^^^^^^^^^^^^^^
2025 Feb 11 02:41:28.877671 sonic INFO featured[9578]:   File "/usr/local/lib/python3.11/dist-packages/sonic_py_common/device_info.py", line 680, in get_device_runtime_metadata
2025 Feb 11 02:41:28.877769 sonic INFO featured[9578]:     port_metadata = {'ETHERNET_PORTS_PRESENT': True if get_path_to_port_config_file(hwsku=None, asic="0" if is_multi_npu() else None) else False}
2025 Feb 11 02:41:28.877807 sonic INFO featured[9578]:                                                        ^^^^^^^^^^^^^^^^^^^^^^^^^^^^^^^^^^^^^^^^^^^^^^^^^^^^^^^^^^^^^^^^^^^^^^^^^^^^^^
2025 Feb 11 02:41:28.877824 sonic INFO featured[9578]:   File "/usr/local/lib/python3.11/dist-packages/sonic_py_common/device_info.py", line 446, in get_path_to_port_config_file
2025 Feb 11 02:41:28.877894 sonic INFO featured[9578]:     (platform_path, hwsku_path) = get_paths_to_platform_and_hwsku_dirs()
2025 Feb 11 02:41:28.877925 sonic INFO featured[9578]:                                   ^^^^^^^^^^^^^^^^^^^^^^^^^^^^^^^^^^^^^^
2025 Feb 11 02:41:28.877951 sonic INFO featured[9578]:   File "/usr/local/lib/python3.11/dist-packages/sonic_py_common/device_info.py", line 412, in get_paths_to_platform_and_hwsku_dirs
2025 Feb 11 02:41:28.878000 sonic INFO featured[9578]:     hwsku_path = os.path.join(platform_path, hwsku)
2025 Feb 11 02:41:28.878032 sonic INFO featured[9578]:                  ^^^^^^^^^^^^^^^^^^^^^^^^^^^^^^^^^^
2025 Feb 11 02:41:28.878057 sonic INFO featured[9578]:   File "<frozen posixpath>", line 90, in join
2025 Feb 11 02:41:28.878081 sonic INFO featured[9578]:   File "<frozen genericpath>", line 152, in _check_arg_types
2025 Feb 11 02:41:28.878111 sonic INFO featured[9578]: TypeError: join() argument must be str, bytes, or os.PathLike object, not 'NoneType'
2025 Feb 11 02:41:28.895907 sonic NOTICE systemd[1]: featured.service: Main process exited, code=exited, status=1/FAILURE
2025 Feb 11 02:41:28.896047 sonic WARNING systemd[1]: featured.service: Failed with result 'exit-code'.
2025 Feb 11 02:41:28.946633 sonic INFO systemd[1]: Started featured.service - Feature configuration daemon.
2025 Feb 11 02:41:29.104130 sonic INFO featured: ConfigDB connect success
2025 Feb 11 02:41:29.108219 sonic INFO featured[9579]: Traceback (most recent call last):
2025 Feb 11 02:41:29.108266 sonic INFO featured[9579]:   File "/usr/local/bin/featured", line 598, in <module>
2025 Feb 11 02:41:29.108468 sonic INFO featured[9579]:     main()
2025 Feb 11 02:41:29.108507 sonic INFO featured[9579]:   File "/usr/local/bin/featured", line 591, in main
2025 Feb 11 02:41:29.108631 sonic INFO featured[9579]:     daemon = FeatureDaemon()
2025 Feb 11 02:41:29.108664 sonic INFO featured[9579]:              ^^^^^^^^^^^^^^^
2025 Feb 11 02:41:29.108686 sonic INFO featured[9579]:   File "/usr/local/bin/featured", line 529, in __init__
2025 Feb 11 02:41:29.108748 sonic INFO featured[9579]:     self.feature_handler = FeatureHandler(self.config_db, feature_state_table, self.device_config, self.advanced_boot)
2025 Feb 11 02:41:29.108783 sonic INFO featured[9579]:                            ^^^^^^^^^^^^^^^^^^^^^^^^^^^^^^^^^^^^^^^^^^^^^^^^^^^^^^^^^^^^^^^^^^^^^^^^^^^^^^^^^^^^^^^^^^^
2025 Feb 11 02:41:29.108804 sonic INFO featured[9579]:   File "/usr/local/bin/featured", line 136, in __init__
2025 Feb 11 02:41:29.108851 sonic INFO featured[9579]:     self._device_running_config = device_info.get_device_runtime_metadata()
2025 Feb 11 02:41:29.108883 sonic INFO featured[9579]:                                   ^^^^^^^^^^^^^^^^^^^^^^^^^^^^^^^^^^^^^^^^^
2025 Feb 11 02:41:29.108909 sonic INFO featured[9579]:   File "/usr/local/lib/python3.11/dist-packages/sonic_py_common/device_info.py", line 680, in get_device_runtime_metadata
2025 Feb 11 02:41:29.109013 sonic INFO featured[9579]:     port_metadata = {'ETHERNET_PORTS_PRESENT': True if get_path_to_port_config_file(hwsku=None, asic="0" if is_multi_npu() else None) else False}
2025 Feb 11 02:41:29.109057 sonic INFO featured[9579]:                                                        ^^^^^^^^^^^^^^^^^^^^^^^^^^^^^^^^^^^^^^^^^^^^^^^^^^^^^^^^^^^^^^^^^^^^^^^^^^^^^^
2025 Feb 11 02:41:29.109074 sonic INFO featured[9579]:   File "/usr/local/lib/python3.11/dist-packages/sonic_py_common/device_info.py", line 446, in get_path_to_port_config_file
2025 Feb 11 02:41:29.109132 sonic INFO featured[9579]:     (platform_path, hwsku_path) = get_paths_to_platform_and_hwsku_dirs()
2025 Feb 11 02:41:29.109165 sonic INFO featured[9579]:                                   ^^^^^^^^^^^^^^^^^^^^^^^^^^^^^^^^^^^^^^
2025 Feb 11 02:41:29.109190 sonic INFO featured[9579]:   File "/usr/local/lib/python3.11/dist-packages/sonic_py_common/device_info.py", line 412, in get_paths_to_platform_and_hwsku_dirs
2025 Feb 11 02:41:29.109242 sonic INFO featured[9579]:     hwsku_path = os.path.join(platform_path, hwsku)
2025 Feb 11 02:41:29.109275 sonic INFO featured[9579]:                  ^^^^^^^^^^^^^^^^^^^^^^^^^^^^^^^^^^
2025 Feb 11 02:41:29.109300 sonic INFO featured[9579]:   File "<frozen posixpath>", line 90, in join
2025 Feb 11 02:41:29.109325 sonic INFO featured[9579]:   File "<frozen genericpath>", line 152, in _check_arg_types
2025 Feb 11 02:41:29.109366 sonic INFO featured[9579]: TypeError: join() argument must be str, bytes, or os.PathLike object, not 'NoneType'
2025 Feb 11 02:41:29.128487 sonic NOTICE systemd[1]: featured.service: Main process exited, code=exited, status=1/FAILURE
2025 Feb 11 02:41:29.128676 sonic WARNING systemd[1]: featured.service: Failed with result 'exit-code'.
2025 Feb 11 02:41:29.150756 sonic INFO systemd[1]: Started featured.service - Feature configuration daemon.
2025 Feb 11 02:41:29.282424 sonic INFO featured: ConfigDB connect success
2025 Feb 11 02:41:29.286687 sonic INFO featured[9597]: Traceback (most recent call last):
2025 Feb 11 02:41:29.286744 sonic INFO featured[9597]:   File "/usr/local/bin/featured", line 598, in <module>
2025 Feb 11 02:41:29.286867 sonic INFO featured[9597]:     main()
2025 Feb 11 02:41:29.286906 sonic INFO featured[9597]:   File "/usr/local/bin/featured", line 591, in main
2025 Feb 11 02:41:29.287096 sonic INFO featured[9597]:     daemon = FeatureDaemon()
2025 Feb 11 02:41:29.287136 sonic INFO featured[9597]:              ^^^^^^^^^^^^^^^
2025 Feb 11 02:41:29.287153 sonic INFO featured[9597]:   File "/usr/local/bin/featured", line 529, in __init__
2025 Feb 11 02:41:29.287293 sonic INFO featured[9597]:     self.feature_handler = FeatureHandler(self.config_db, feature_state_table, self.device_config, self.advanced_boot)
2025 Feb 11 02:41:29.287331 sonic INFO featured[9597]:                            ^^^^^^^^^^^^^^^^^^^^^^^^^^^^^^^^^^^^^^^^^^^^^^^^^^^^^^^^^^^^^^^^^^^^^^^^^^^^^^^^^^^^^^^^^^^
2025 Feb 11 02:41:29.287362 sonic INFO featured[9597]:   File "/usr/local/bin/featured", line 136, in __init__
2025 Feb 11 02:41:29.287486 sonic INFO featured[9597]:     self._device_running_config = device_info.get_device_runtime_metadata()
2025 Feb 11 02:41:29.287524 sonic INFO featured[9597]:                                   ^^^^^^^^^^^^^^^^^^^^^^^^^^^^^^^^^^^^^^^^^
2025 Feb 11 02:41:29.287541 sonic INFO featured[9597]:   File "/usr/local/lib/python3.11/dist-packages/sonic_py_common/device_info.py", line 680, in get_device_runtime_metadata
2025 Feb 11 02:41:29.287720 sonic INFO featured[9597]:     port_metadata = {'ETHERNET_PORTS_PRESENT': True if get_path_to_port_config_file(hwsku=None, asic="0" if is_multi_npu() else None) else False}
2025 Feb 11 02:41:29.287758 sonic INFO featured[9597]:                                                        ^^^^^^^^^^^^^^^^^^^^^^^^^^^^^^^^^^^^^^^^^^^^^^^^^^^^^^^^^^^^^^^^^^^^^^^^^^^^^^
2025 Feb 11 02:41:29.287780 sonic INFO featured[9597]:   File "/usr/local/lib/python3.11/dist-packages/sonic_py_common/device_info.py", line 446, in get_path_to_port_config_file
2025 Feb 11 02:41:29.287911 sonic INFO featured[9597]:     (platform_path, hwsku_path) = get_paths_to_platform_and_hwsku_dirs()
2025 Feb 11 02:41:29.287957 sonic INFO featured[9597]:                                   ^^^^^^^^^^^^^^^^^^^^^^^^^^^^^^^^^^^^^^
2025 Feb 11 02:41:29.287989 sonic INFO featured[9597]:   File "/usr/local/lib/python3.11/dist-packages/sonic_py_common/device_info.py", line 412, in get_paths_to_platform_and_hwsku_dirs
2025 Feb 11 02:41:29.288102 sonic INFO featured[9597]:     hwsku_path = os.path.join(platform_path, hwsku)
2025 Feb 11 02:41:29.288150 sonic INFO featured[9597]:                  ^^^^^^^^^^^^^^^^^^^^^^^^^^^^^^^^^^
2025 Feb 11 02:41:29.288183 sonic INFO featured[9597]:   File "<frozen posixpath>", line 90, in join
2025 Feb 11 02:41:29.288208 sonic INFO featured[9597]:   File "<frozen genericpath>", line 152, in _check_arg_types
2025 Feb 11 02:41:29.288232 sonic INFO featured[9597]: TypeError: join() argument must be str, bytes, or os.PathLike object, not 'NoneType'
2025 Feb 11 02:41:29.307121 sonic NOTICE systemd[1]: featured.service: Main process exited, code=exited, status=1/FAILURE
2025 Feb 11 02:41:29.307232 sonic WARNING systemd[1]: featured.service: Failed with result 'exit-code'.
2025 Feb 11 02:41:29.308788 sonic WARNING systemd[1]: featured.service: Start request repeated too quickly.
2025 Feb 11 02:41:29.308887 sonic WARNING systemd[1]: featured.service: Failed with result 'exit-code'.
2025 Feb 11 02:41:29.308956 sonic ERR systemd[1]: Failed to start featured.service - Feature configuration daemon.
2025 Feb 11 02:41:38.279926 sonic WARNING systemd[1]: featured.service: Start request repeated too quickly.
2025 Feb 11 02:41:38.280239 sonic WARNING systemd[1]: featured.service: Failed with result 'exit-code'.
2025 Feb 11 02:41:38.280272 sonic ERR systemd[1]: Failed to start featured.service - Feature configuration daemon.
2025 Feb 11 02:41:42.306685 sonic INFO systemd[1]: Started featured.service - Feature configuration daemon.
2025 Feb 11 02:41:42.449198 sonic INFO featured: ConfigDB connect success
2025 Feb 11 02:41:42.453208 sonic INFO featured[9631]: Traceback (most recent call last):
2025 Feb 11 02:41:42.453259 sonic INFO featured[9631]:   File "/usr/local/bin/featured", line 598, in <module>
2025 Feb 11 02:41:42.453593 sonic INFO featured[9631]:     main()
2025 Feb 11 02:41:42.453635 sonic INFO featured[9631]:   File "/usr/local/bin/featured", line 591, in main
2025 Feb 11 02:41:42.453803 sonic INFO featured[9631]:     daemon = FeatureDaemon()
2025 Feb 11 02:41:42.453843 sonic INFO featured[9631]:              ^^^^^^^^^^^^^^^
2025 Feb 11 02:41:42.453860 sonic INFO featured[9631]:   File "/usr/local/bin/featured", line 529, in __init__
2025 Feb 11 02:41:42.454025 sonic INFO featured[9631]:     self.feature_handler = FeatureHandler(self.config_db, feature_state_table, self.device_config, self.advanced_boot)
2025 Feb 11 02:41:42.454063 sonic INFO featured[9631]:                            ^^^^^^^^^^^^^^^^^^^^^^^^^^^^^^^^^^^^^^^^^^^^^^^^^^^^^^^^^^^^^^^^^^^^^^^^^^^^^^^^^^^^^^^^^^^
2025 Feb 11 02:41:42.454079 sonic INFO featured[9631]:   File "/usr/local/bin/featured", line 136, in __init__
2025 Feb 11 02:41:42.454158 sonic INFO featured[9631]:     self._device_running_config = device_info.get_device_runtime_metadata()
2025 Feb 11 02:41:42.454209 sonic INFO featured[9631]:                                   ^^^^^^^^^^^^^^^^^^^^^^^^^^^^^^^^^^^^^^^^^
2025 Feb 11 02:41:42.454248 sonic INFO featured[9631]:   File "/usr/local/lib/python3.11/dist-packages/sonic_py_common/device_info.py", line 680, in get_device_runtime_metadata
2025 Feb 11 02:41:42.454443 sonic INFO featured[9631]:     port_metadata = {'ETHERNET_PORTS_PRESENT': True if get_path_to_port_config_file(hwsku=None, asic="0" if is_multi_npu() else None) else False}
2025 Feb 11 02:41:42.454493 sonic INFO featured[9631]:                                                        ^^^^^^^^^^^^^^^^^^^^^^^^^^^^^^^^^^^^^^^^^^^^^^^^^^^^^^^^^^^^^^^^^^^^^^^^^^^^^^
2025 Feb 11 02:41:42.454520 sonic INFO featured[9631]:   File "/usr/local/lib/python3.11/dist-packages/sonic_py_common/device_info.py", line 446, in get_path_to_port_config_file
2025 Feb 11 02:41:42.454621 sonic INFO featured[9631]:     (platform_path, hwsku_path) = get_paths_to_platform_and_hwsku_dirs()
2025 Feb 11 02:41:42.454669 sonic INFO featured[9631]:                                   ^^^^^^^^^^^^^^^^^^^^^^^^^^^^^^^^^^^^^^
2025 Feb 11 02:41:42.454701 sonic INFO featured[9631]:   File "/usr/local/lib/python3.11/dist-packages/sonic_py_common/device_info.py", line 412, in get_paths_to_platform_and_hwsku_dirs
2025 Feb 11 02:41:42.454820 sonic INFO featured[9631]:     hwsku_path = os.path.join(platform_path, hwsku)
2025 Feb 11 02:41:42.454852 sonic INFO featured[9631]:                  ^^^^^^^^^^^^^^^^^^^^^^^^^^^^^^^^^^
2025 Feb 11 02:41:42.454877 sonic INFO featured[9631]:   File "<frozen posixpath>", line 90, in join
2025 Feb 11 02:41:42.454908 sonic INFO featured[9631]:   File "<frozen genericpath>", line 152, in _check_arg_types
2025 Feb 11 02:41:42.454933 sonic INFO featured[9631]: TypeError: join() argument must be str, bytes, or os.PathLike object, not 'NoneType'
2025 Feb 11 02:41:42.473267 sonic NOTICE systemd[1]: featured.service: Main process exited, code=exited, status=1/FAILURE
2025 Feb 11 02:41:42.473416 sonic WARNING systemd[1]: featured.service: Failed with result 'exit-code'.
2025 Feb 11 02:41:42.510601 sonic INFO systemd[1]: Started featured.service - Feature configuration daemon.
2025 Feb 11 02:41:42.642869 sonic INFO featured: ConfigDB connect success
2025 Feb 11 02:41:42.646891 sonic INFO featured[9634]: Traceback (most recent call last):
2025 Feb 11 02:41:42.646948 sonic INFO featured[9634]:   File "/usr/local/bin/featured", line 598, in <module>
2025 Feb 11 02:41:42.647059 sonic INFO featured[9634]:     main()
2025 Feb 11 02:41:42.647098 sonic INFO featured[9634]:   File "/usr/local/bin/featured", line 591, in main
2025 Feb 11 02:41:42.647287 sonic INFO featured[9634]:     daemon = FeatureDaemon()
2025 Feb 11 02:41:42.647327 sonic INFO featured[9634]:              ^^^^^^^^^^^^^^^
2025 Feb 11 02:41:42.647344 sonic INFO featured[9634]:   File "/usr/local/bin/featured", line 529, in __init__
2025 Feb 11 02:41:42.647504 sonic INFO featured[9634]:     self.feature_handler = FeatureHandler(self.config_db, feature_state_table, self.device_config, self.advanced_boot)
2025 Feb 11 02:41:42.647555 sonic INFO featured[9634]:                            ^^^^^^^^^^^^^^^^^^^^^^^^^^^^^^^^^^^^^^^^^^^^^^^^^^^^^^^^^^^^^^^^^^^^^^^^^^^^^^^^^^^^^^^^^^^
2025 Feb 11 02:41:42.647587 sonic INFO featured[9634]:   File "/usr/local/bin/featured", line 136, in __init__
2025 Feb 11 02:41:42.647668 sonic INFO featured[9634]:     self._device_running_config = device_info.get_device_runtime_metadata()
2025 Feb 11 02:41:42.647726 sonic INFO featured[9634]:                                   ^^^^^^^^^^^^^^^^^^^^^^^^^^^^^^^^^^^^^^^^^
2025 Feb 11 02:41:42.647757 sonic INFO featured[9634]:   File "/usr/local/lib/python3.11/dist-packages/sonic_py_common/device_info.py", line 680, in get_device_runtime_metadata
2025 Feb 11 02:41:42.647945 sonic INFO featured[9634]:     port_metadata = {'ETHERNET_PORTS_PRESENT': True if get_path_to_port_config_file(hwsku=None, asic="0" if is_multi_npu() else None) else False}
2025 Feb 11 02:41:42.647984 sonic INFO featured[9634]:                                                        ^^^^^^^^^^^^^^^^^^^^^^^^^^^^^^^^^^^^^^^^^^^^^^^^^^^^^^^^^^^^^^^^^^^^^^^^^^^^^^
2025 Feb 11 02:41:42.648001 sonic INFO featured[9634]:   File "/usr/local/lib/python3.11/dist-packages/sonic_py_common/device_info.py", line 446, in get_path_to_port_config_file
2025 Feb 11 02:41:42.648118 sonic INFO featured[9634]:     (platform_path, hwsku_path) = get_paths_to_platform_and_hwsku_dirs()
2025 Feb 11 02:41:42.648165 sonic INFO featured[9634]:                                   ^^^^^^^^^^^^^^^^^^^^^^^^^^^^^^^^^^^^^^
2025 Feb 11 02:41:42.648197 sonic INFO featured[9634]:   File "/usr/local/lib/python3.11/dist-packages/sonic_py_common/device_info.py", line 412, in get_paths_to_platform_and_hwsku_dirs
2025 Feb 11 02:41:42.648310 sonic INFO featured[9634]:     hwsku_path = os.path.join(platform_path, hwsku)
2025 Feb 11 02:41:42.648375 sonic INFO featured[9634]:                  ^^^^^^^^^^^^^^^^^^^^^^^^^^^^^^^^^^
2025 Feb 11 02:41:42.648408 sonic INFO featured[9634]:   File "<frozen posixpath>", line 90, in join
2025 Feb 11 02:41:42.648435 sonic INFO featured[9634]:   File "<frozen genericpath>", line 152, in _check_arg_types
2025 Feb 11 02:41:42.648459 sonic INFO featured[9634]: TypeError: join() argument must be str, bytes, or os.PathLike object, not 'NoneType'
2025 Feb 11 02:41:42.667706 sonic NOTICE systemd[1]: featured.service: Main process exited, code=exited, status=1/FAILURE
2025 Feb 11 02:41:42.669270 sonic WARNING systemd[1]: featured.service: Failed with result 'exit-code'.
2025 Feb 11 02:41:42.695082 sonic INFO systemd[1]: Started featured.service - Feature configuration daemon.
2025 Feb 11 02:41:42.827561 sonic INFO featured: ConfigDB connect success
2025 Feb 11 02:41:42.831456 sonic INFO featured[9635]: Traceback (most recent call last):
2025 Feb 11 02:41:42.831504 sonic INFO featured[9635]:   File "/usr/local/bin/featured", line 598, in <module>
2025 Feb 11 02:41:42.831621 sonic INFO featured[9635]:     main()
2025 Feb 11 02:41:42.831660 sonic INFO featured[9635]:   File "/usr/local/bin/featured", line 591, in main
2025 Feb 11 02:41:42.831777 sonic INFO featured[9635]:     daemon = FeatureDaemon()
2025 Feb 11 02:41:42.831817 sonic INFO featured[9635]:              ^^^^^^^^^^^^^^^
2025 Feb 11 02:41:42.831837 sonic INFO featured[9635]:   File "/usr/local/bin/featured", line 529, in __init__
2025 Feb 11 02:41:42.831896 sonic INFO featured[9635]:     self.feature_handler = FeatureHandler(self.config_db, feature_state_table, self.device_config, self.advanced_boot)
2025 Feb 11 02:41:42.831932 sonic INFO featured[9635]:                            ^^^^^^^^^^^^^^^^^^^^^^^^^^^^^^^^^^^^^^^^^^^^^^^^^^^^^^^^^^^^^^^^^^^^^^^^^^^^^^^^^^^^^^^^^^^
2025 Feb 11 02:41:42.831954 sonic INFO featured[9635]:   File "/usr/local/bin/featured", line 136, in __init__
2025 Feb 11 02:41:42.832001 sonic INFO featured[9635]:     self._device_running_config = device_info.get_device_runtime_metadata()
2025 Feb 11 02:41:42.832037 sonic INFO featured[9635]:                                   ^^^^^^^^^^^^^^^^^^^^^^^^^^^^^^^^^^^^^^^^^
2025 Feb 11 02:41:42.832062 sonic INFO featured[9635]:   File "/usr/local/lib/python3.11/dist-packages/sonic_py_common/device_info.py", line 680, in get_device_runtime_metadata
2025 Feb 11 02:41:42.832165 sonic INFO featured[9635]:     port_metadata = {'ETHERNET_PORTS_PRESENT': True if get_path_to_port_config_file(hwsku=None, asic="0" if is_multi_npu() else None) else False}
2025 Feb 11 02:41:42.832207 sonic INFO featured[9635]:                                                        ^^^^^^^^^^^^^^^^^^^^^^^^^^^^^^^^^^^^^^^^^^^^^^^^^^^^^^^^^^^^^^^^^^^^^^^^^^^^^^
2025 Feb 11 02:41:42.832234 sonic INFO featured[9635]:   File "/usr/local/lib/python3.11/dist-packages/sonic_py_common/device_info.py", line 446, in get_path_to_port_config_file
2025 Feb 11 02:41:42.832293 sonic INFO featured[9635]:     (platform_path, hwsku_path) = get_paths_to_platform_and_hwsku_dirs()
2025 Feb 11 02:41:42.832324 sonic INFO featured[9635]:                                   ^^^^^^^^^^^^^^^^^^^^^^^^^^^^^^^^^^^^^^
2025 Feb 11 02:41:42.832352 sonic INFO featured[9635]:   File "/usr/local/lib/python3.11/dist-packages/sonic_py_common/device_info.py", line 412, in get_paths_to_platform_and_hwsku_dirs
2025 Feb 11 02:41:42.832428 sonic INFO featured[9635]:     hwsku_path = os.path.join(platform_path, hwsku)
2025 Feb 11 02:41:42.832462 sonic INFO featured[9635]:                  ^^^^^^^^^^^^^^^^^^^^^^^^^^^^^^^^^^
2025 Feb 11 02:41:42.832488 sonic INFO featured[9635]:   File "<frozen posixpath>", line 90, in join
2025 Feb 11 02:41:42.832515 sonic INFO featured[9635]:   File "<frozen genericpath>", line 152, in _check_arg_types
2025 Feb 11 02:41:42.832539 sonic INFO featured[9635]: TypeError: join() argument must be str, bytes, or os.PathLike object, not 'NoneType'
2025 Feb 11 02:41:42.849964 sonic NOTICE systemd[1]: featured.service: Main process exited, code=exited, status=1/FAILURE
2025 Feb 11 02:41:42.850104 sonic WARNING systemd[1]: featured.service: Failed with result 'exit-code'.
2025 Feb 11 02:41:42.874454 sonic INFO systemd[1]: Started featured.service - Feature configuration daemon.
2025 Feb 11 02:41:43.014970 sonic INFO featured: ConfigDB connect success
2025 Feb 11 02:41:43.019254 sonic INFO featured[9637]: Traceback (most recent call last):
2025 Feb 11 02:41:43.019339 sonic INFO featured[9637]:   File "/usr/local/bin/featured", line 598, in <module>
2025 Feb 11 02:41:43.019568 sonic INFO featured[9637]:     main()
2025 Feb 11 02:41:43.019638 sonic INFO featured[9637]:   File "/usr/local/bin/featured", line 591, in main
2025 Feb 11 02:41:43.019817 sonic INFO featured[9637]:     daemon = FeatureDaemon()
2025 Feb 11 02:41:43.019873 sonic INFO featured[9637]:              ^^^^^^^^^^^^^^^
2025 Feb 11 02:41:43.019935 sonic INFO featured[9637]:   File "/usr/local/bin/featured", line 529, in __init__
2025 Feb 11 02:41:43.020012 sonic INFO featured[9637]:     self.feature_handler = FeatureHandler(self.config_db, feature_state_table, self.device_config, self.advanced_boot)
2025 Feb 11 02:41:43.020090 sonic INFO featured[9637]:                            ^^^^^^^^^^^^^^^^^^^^^^^^^^^^^^^^^^^^^^^^^^^^^^^^^^^^^^^^^^^^^^^^^^^^^^^^^^^^^^^^^^^^^^^^^^^
2025 Feb 11 02:41:43.020143 sonic INFO featured[9637]:   File "/usr/local/bin/featured", line 136, in __init__
2025 Feb 11 02:41:43.020194 sonic INFO featured[9637]:     self._device_running_config = device_info.get_device_runtime_metadata()
2025 Feb 11 02:41:43.020244 sonic INFO featured[9637]:                                   ^^^^^^^^^^^^^^^^^^^^^^^^^^^^^^^^^^^^^^^^^
2025 Feb 11 02:41:43.020289 sonic INFO featured[9637]:   File "/usr/local/lib/python3.11/dist-packages/sonic_py_common/device_info.py", line 680, in get_device_runtime_metadata
2025 Feb 11 02:41:43.020517 sonic INFO featured[9637]:     port_metadata = {'ETHERNET_PORTS_PRESENT': True if get_path_to_port_config_file(hwsku=None, asic="0" if is_multi_npu() else None) else False}
2025 Feb 11 02:41:43.020587 sonic INFO featured[9637]:                                                        ^^^^^^^^^^^^^^^^^^^^^^^^^^^^^^^^^^^^^^^^^^^^^^^^^^^^^^^^^^^^^^^^^^^^^^^^^^^^^^
2025 Feb 11 02:41:43.020639 sonic INFO featured[9637]:   File "/usr/local/lib/python3.11/dist-packages/sonic_py_common/device_info.py", line 446, in get_path_to_port_config_file
2025 Feb 11 02:41:43.020724 sonic INFO featured[9637]:     (platform_path, hwsku_path) = get_paths_to_platform_and_hwsku_dirs()
2025 Feb 11 02:41:43.020784 sonic INFO featured[9637]:                                   ^^^^^^^^^^^^^^^^^^^^^^^^^^^^^^^^^^^^^^
2025 Feb 11 02:41:43.020815 sonic INFO featured[9637]:   File "/usr/local/lib/python3.11/dist-packages/sonic_py_common/device_info.py", line 412, in get_paths_to_platform_and_hwsku_dirs
2025 Feb 11 02:41:43.020908 sonic INFO featured[9637]:     hwsku_path = os.path.join(platform_path, hwsku)
2025 Feb 11 02:41:43.020963 sonic INFO featured[9637]:                  ^^^^^^^^^^^^^^^^^^^^^^^^^^^^^^^^^^
2025 Feb 11 02:41:43.021003 sonic INFO featured[9637]:   File "<frozen posixpath>", line 90, in join
2025 Feb 11 02:41:43.021043 sonic INFO featured[9637]:   File "<frozen genericpath>", line 152, in _check_arg_types
2025 Feb 11 02:41:43.021083 sonic INFO featured[9637]: TypeError: join() argument must be str, bytes, or os.PathLike object, not 'NoneType'
2025 Feb 11 02:41:43.026962 sonic INFO systemd[1]: caclmgrd.service: Scheduled restart job, restart counter is at 29.
2025 Feb 11 02:41:43.027286 sonic INFO systemd[1]: Stopped caclmgrd.service - Control Plane ACL configuration daemon.
2025 Feb 11 02:41:43.070188 sonic INFO systemd[1]: Started caclmgrd.service - Control Plane ACL configuration daemon.
2025 Feb 11 02:41:43.070978 sonic NOTICE systemd[1]: featured.service: Main process exited, code=exited, status=1/FAILURE
2025 Feb 11 02:41:43.071106 sonic WARNING systemd[1]: featured.service: Failed with result 'exit-code'.
2025 Feb 11 02:41:43.074514 sonic INFO systemd[1]: Started featured.service - Feature configuration daemon.
2025 Feb 11 02:41:43.178571 sonic INFO caclmgrd[9638]: Traceback (most recent call last):
2025 Feb 11 02:41:43.178663 sonic INFO caclmgrd[9638]:   File "/usr/local/bin/caclmgrd", line 1146, in <module>
2025 Feb 11 02:41:43.178707 sonic INFO caclmgrd[9638]:     main()
2025 Feb 11 02:41:43.178737 sonic INFO caclmgrd[9638]:   File "/usr/local/bin/caclmgrd", line 1137, in main
2025 Feb 11 02:41:43.178769 sonic INFO caclmgrd[9638]:     caclmgr = ControlPlaneAclManager(SYSLOG_IDENTIFIER)
2025 Feb 11 02:41:43.178798 sonic INFO caclmgrd[9638]:               ^^^^^^^^^^^^^^^^^^^^^^^^^^^^^^^^^^^^^^^^^
2025 Feb 11 02:41:43.178816 sonic INFO caclmgrd[9638]:   File "/usr/local/bin/caclmgrd", line 156, in __init__
2025 Feb 11 02:41:43.178847 sonic INFO caclmgrd[9638]:     if 'subtype' in metadata['localhost'] and metadata['localhost']['subtype'] == 'DualToR':
2025 Feb 11 02:41:43.178875 sonic INFO caclmgrd[9638]:                     ~~~~~~~~^^^^^^^^^^^^^
2025 Feb 11 02:41:43.178892 sonic INFO caclmgrd[9638]: KeyError: 'localhost'
2025 Feb 11 02:41:43.191125 sonic NOTICE systemd[1]: caclmgrd.service: Main process exited, code=exited, status=1/FAILURE
2025 Feb 11 02:41:43.191435 sonic WARNING systemd[1]: caclmgrd.service: Failed with result 'exit-code'.
2025 Feb 11 02:41:43.207632 sonic INFO featured: ConfigDB connect success
2025 Feb 11 02:41:43.211742 sonic INFO featured[9639]: Traceback (most recent call last):
2025 Feb 11 02:41:43.211794 sonic INFO featured[9639]:   File "/usr/local/bin/featured", line 598, in <module>
2025 Feb 11 02:41:43.211905 sonic INFO featured[9639]:     main()
2025 Feb 11 02:41:43.211944 sonic INFO featured[9639]:   File "/usr/local/bin/featured", line 591, in main
2025 Feb 11 02:41:43.212063 sonic INFO featured[9639]:     daemon = FeatureDaemon()
2025 Feb 11 02:41:43.212103 sonic INFO featured[9639]:              ^^^^^^^^^^^^^^^
2025 Feb 11 02:41:43.212119 sonic INFO featured[9639]:   File "/usr/local/bin/featured", line 529, in __init__
2025 Feb 11 02:41:43.212182 sonic INFO featured[9639]:     self.feature_handler = FeatureHandler(self.config_db, feature_state_table, self.device_config, self.advanced_boot)
2025 Feb 11 02:41:43.212218 sonic INFO featured[9639]:                            ^^^^^^^^^^^^^^^^^^^^^^^^^^^^^^^^^^^^^^^^^^^^^^^^^^^^^^^^^^^^^^^^^^^^^^^^^^^^^^^^^^^^^^^^^^^
2025 Feb 11 02:41:43.212239 sonic INFO featured[9639]:   File "/usr/local/bin/featured", line 136, in __init__
2025 Feb 11 02:41:43.212286 sonic INFO featured[9639]:     self._device_running_config = device_info.get_device_runtime_metadata()
2025 Feb 11 02:41:43.212318 sonic INFO featured[9639]:                                   ^^^^^^^^^^^^^^^^^^^^^^^^^^^^^^^^^^^^^^^^^
2025 Feb 11 02:41:43.212343 sonic INFO featured[9639]:   File "/usr/local/lib/python3.11/dist-packages/sonic_py_common/device_info.py", line 680, in get_device_runtime_metadata
2025 Feb 11 02:41:43.212480 sonic INFO featured[9639]:     port_metadata = {'ETHERNET_PORTS_PRESENT': True if get_path_to_port_config_file(hwsku=None, asic="0" if is_multi_npu() else None) else False}
2025 Feb 11 02:41:43.212520 sonic INFO featured[9639]:                                                        ^^^^^^^^^^^^^^^^^^^^^^^^^^^^^^^^^^^^^^^^^^^^^^^^^^^^^^^^^^^^^^^^^^^^^^^^^^^^^^
2025 Feb 11 02:41:43.212537 sonic INFO featured[9639]:   File "/usr/local/lib/python3.11/dist-packages/sonic_py_common/device_info.py", line 446, in get_path_to_port_config_file
2025 Feb 11 02:41:43.212603 sonic INFO featured[9639]:     (platform_path, hwsku_path) = get_paths_to_platform_and_hwsku_dirs()
2025 Feb 11 02:41:43.212635 sonic INFO featured[9639]:                                   ^^^^^^^^^^^^^^^^^^^^^^^^^^^^^^^^^^^^^^
2025 Feb 11 02:41:43.212661 sonic INFO featured[9639]:   File "/usr/local/lib/python3.11/dist-packages/sonic_py_common/device_info.py", line 412, in get_paths_to_platform_and_hwsku_dirs
2025 Feb 11 02:41:43.212709 sonic INFO featured[9639]:     hwsku_path = os.path.join(platform_path, hwsku)
2025 Feb 11 02:41:43.212741 sonic INFO featured[9639]:                  ^^^^^^^^^^^^^^^^^^^^^^^^^^^^^^^^^^
2025 Feb 11 02:41:43.212766 sonic INFO featured[9639]:   File "<frozen posixpath>", line 90, in join
2025 Feb 11 02:41:43.212790 sonic INFO featured[9639]:   File "<frozen genericpath>", line 152, in _check_arg_types
2025 Feb 11 02:41:43.212820 sonic INFO featured[9639]: TypeError: join() argument must be str, bytes, or os.PathLike object, not 'NoneType'
2025 Feb 11 02:41:43.243764 sonic NOTICE systemd[1]: featured.service: Main process exited, code=exited, status=1/FAILURE
2025 Feb 11 02:41:43.243891 sonic WARNING systemd[1]: featured.service: Failed with result 'exit-code'.
2025 Feb 11 02:41:43.245917 sonic WARNING systemd[1]: featured.service: Start request repeated too quickly.
2025 Feb 11 02:41:43.246005 sonic WARNING systemd[1]: featured.service: Failed with result 'exit-code'.
2025 Feb 11 02:41:43.246053 sonic ERR systemd[1]: Failed to start featured.service - Feature configuration daemon.
2025 Feb 11 02:41:54.318723 sonic INFO systemd[1]: Started featured.service - Feature configuration daemon.
2025 Feb 11 02:41:54.320855 sonic INFO systemd[1]: Starting systemd-tmpfiles-clean.service - Cleanup of Temporary Directories...
2025 Feb 11 02:41:54.333727 sonic INFO systemd[1]: systemd-tmpfiles-clean.service: Deactivated successfully.
2025 Feb 11 02:41:54.334296 sonic INFO systemd[1]: Finished systemd-tmpfiles-clean.service - Cleanup of Temporary Directories.
2025 Feb 11 02:41:54.335642 sonic INFO systemd[1]: run-credentials-systemd\x2dtmpfiles\x2dclean.service.mount: Deactivated successfully.
2025 Feb 11 02:41:54.452997 sonic INFO featured: ConfigDB connect success
2025 Feb 11 02:41:54.456853 sonic INFO featured[9674]: Traceback (most recent call last):
2025 Feb 11 02:41:54.456917 sonic INFO featured[9674]:   File "/usr/local/bin/featured", line 598, in <module>
2025 Feb 11 02:41:54.456999 sonic INFO featured[9674]:     main()
2025 Feb 11 02:41:54.457038 sonic INFO featured[9674]:   File "/usr/local/bin/featured", line 591, in main
2025 Feb 11 02:41:54.457152 sonic INFO featured[9674]:     daemon = FeatureDaemon()
2025 Feb 11 02:41:54.457192 sonic INFO featured[9674]:              ^^^^^^^^^^^^^^^
2025 Feb 11 02:41:54.457208 sonic INFO featured[9674]:   File "/usr/local/bin/featured", line 529, in __init__
2025 Feb 11 02:41:54.457269 sonic INFO featured[9674]:     self.feature_handler = FeatureHandler(self.config_db, feature_state_table, self.device_config, self.advanced_boot)
2025 Feb 11 02:41:54.457325 sonic INFO featured[9674]:                            ^^^^^^^^^^^^^^^^^^^^^^^^^^^^^^^^^^^^^^^^^^^^^^^^^^^^^^^^^^^^^^^^^^^^^^^^^^^^^^^^^^^^^^^^^^^
2025 Feb 11 02:41:54.457352 sonic INFO featured[9674]:   File "/usr/local/bin/featured", line 136, in __init__
2025 Feb 11 02:41:54.457398 sonic INFO featured[9674]:     self._device_running_config = device_info.get_device_runtime_metadata()
2025 Feb 11 02:41:54.457430 sonic INFO featured[9674]:                                   ^^^^^^^^^^^^^^^^^^^^^^^^^^^^^^^^^^^^^^^^^
2025 Feb 11 02:41:54.457459 sonic INFO featured[9674]:   File "/usr/local/lib/python3.11/dist-packages/sonic_py_common/device_info.py", line 680, in get_device_runtime_metadata
2025 Feb 11 02:41:54.457619 sonic INFO featured[9674]:     port_metadata = {'ETHERNET_PORTS_PRESENT': True if get_path_to_port_config_file(hwsku=None, asic="0" if is_multi_npu() else None) else False}
2025 Feb 11 02:41:54.457665 sonic INFO featured[9674]:                                                        ^^^^^^^^^^^^^^^^^^^^^^^^^^^^^^^^^^^^^^^^^^^^^^^^^^^^^^^^^^^^^^^^^^^^^^^^^^^^^^
2025 Feb 11 02:41:54.457692 sonic INFO featured[9674]:   File "/usr/local/lib/python3.11/dist-packages/sonic_py_common/device_info.py", line 446, in get_path_to_port_config_file
2025 Feb 11 02:41:54.457722 sonic INFO featured[9674]:     (platform_path, hwsku_path) = get_paths_to_platform_and_hwsku_dirs()
2025 Feb 11 02:41:54.457753 sonic INFO featured[9674]:                                   ^^^^^^^^^^^^^^^^^^^^^^^^^^^^^^^^^^^^^^
2025 Feb 11 02:41:54.457779 sonic INFO featured[9674]:   File "/usr/local/lib/python3.11/dist-packages/sonic_py_common/device_info.py", line 412, in get_paths_to_platform_and_hwsku_dirs
2025 Feb 11 02:41:54.457808 sonic INFO featured[9674]:     hwsku_path = os.path.join(platform_path, hwsku)
2025 Feb 11 02:41:54.457841 sonic INFO featured[9674]:                  ^^^^^^^^^^^^^^^^^^^^^^^^^^^^^^^^^^
2025 Feb 11 02:41:54.457866 sonic INFO featured[9674]:   File "<frozen posixpath>", line 90, in join
2025 Feb 11 02:41:54.457891 sonic INFO featured[9674]:   File "<frozen genericpath>", line 152, in _check_arg_types
2025 Feb 11 02:41:54.457920 sonic INFO featured[9674]: TypeError: join() argument must be str, bytes, or os.PathLike object, not 'NoneType'
2025 Feb 11 02:41:54.476410 sonic NOTICE systemd[1]: featured.service: Main process exited, code=exited, status=1/FAILURE
2025 Feb 11 02:41:54.476582 sonic WARNING systemd[1]: featured.service: Failed with result 'exit-code'.
2025 Feb 11 02:41:54.506534 sonic INFO systemd[1]: Started featured.service - Feature configuration daemon.
2025 Feb 11 02:41:54.573387 sonic ERR monit[828]: 'container_checker' status failed (4) -- Unexpected running containers: bgp1, bgp2, bgp3, bgp0, macsec0, database2, eventd, database3, macsec1, macsec3, database, macsec2, database1, database0
2025 Feb 11 02:41:54.660770 sonic INFO featured: ConfigDB connect success
2025 Feb 11 02:41:54.666935 sonic INFO featured[9677]: Traceback (most recent call last):
2025 Feb 11 02:41:54.667033 sonic INFO featured[9677]:   File "/usr/local/bin/featured", line 598, in <module>
2025 Feb 11 02:41:54.667153 sonic INFO featured[9677]:     main()
2025 Feb 11 02:41:54.667225 sonic INFO featured[9677]:   File "/usr/local/bin/featured", line 591, in main
2025 Feb 11 02:41:54.667422 sonic INFO featured[9677]:     daemon = FeatureDaemon()
2025 Feb 11 02:41:54.667502 sonic INFO featured[9677]:              ^^^^^^^^^^^^^^^
2025 Feb 11 02:41:54.667554 sonic INFO featured[9677]:   File "/usr/local/bin/featured", line 529, in __init__
2025 Feb 11 02:41:54.667655 sonic INFO featured[9677]:     self.feature_handler = FeatureHandler(self.config_db, feature_state_table, self.device_config, self.advanced_boot)
2025 Feb 11 02:41:54.667718 sonic INFO featured[9677]:                            ^^^^^^^^^^^^^^^^^^^^^^^^^^^^^^^^^^^^^^^^^^^^^^^^^^^^^^^^^^^^^^^^^^^^^^^^^^^^^^^^^^^^^^^^^^^
2025 Feb 11 02:41:54.667764 sonic INFO featured[9677]:   File "/usr/local/bin/featured", line 136, in __init__
2025 Feb 11 02:41:54.667807 sonic INFO featured[9677]:     self._device_running_config = device_info.get_device_runtime_metadata()
2025 Feb 11 02:41:54.667846 sonic INFO featured[9677]:                                   ^^^^^^^^^^^^^^^^^^^^^^^^^^^^^^^^^^^^^^^^^
2025 Feb 11 02:41:54.667895 sonic INFO featured[9677]:   File "/usr/local/lib/python3.11/dist-packages/sonic_py_common/device_info.py", line 680, in get_device_runtime_metadata
2025 Feb 11 02:41:54.668080 sonic INFO featured[9677]:     port_metadata = {'ETHERNET_PORTS_PRESENT': True if get_path_to_port_config_file(hwsku=None, asic="0" if is_multi_npu() else None) else False}
2025 Feb 11 02:41:54.668136 sonic INFO featured[9677]:                                                        ^^^^^^^^^^^^^^^^^^^^^^^^^^^^^^^^^^^^^^^^^^^^^^^^^^^^^^^^^^^^^^^^^^^^^^^^^^^^^^
2025 Feb 11 02:41:54.668156 sonic INFO featured[9677]:   File "/usr/local/lib/python3.11/dist-packages/sonic_py_common/device_info.py", line 446, in get_path_to_port_config_file
2025 Feb 11 02:41:54.668282 sonic INFO featured[9677]:     (platform_path, hwsku_path) = get_paths_to_platform_and_hwsku_dirs()
2025 Feb 11 02:41:54.668362 sonic INFO featured[9677]:                                   ^^^^^^^^^^^^^^^^^^^^^^^^^^^^^^^^^^^^^^
2025 Feb 11 02:41:54.668389 sonic INFO featured[9677]:   File "/usr/local/lib/python3.11/dist-packages/sonic_py_common/device_info.py", line 412, in get_paths_to_platform_and_hwsku_dirs
2025 Feb 11 02:41:54.668534 sonic INFO featured[9677]:     hwsku_path = os.path.join(platform_path, hwsku)
2025 Feb 11 02:41:54.668584 sonic INFO featured[9677]:                  ^^^^^^^^^^^^^^^^^^^^^^^^^^^^^^^^^^
2025 Feb 11 02:41:54.668601 sonic INFO featured[9677]:   File "<frozen posixpath>", line 90, in join
2025 Feb 11 02:41:54.668617 sonic INFO featured[9677]:   File "<frozen genericpath>", line 152, in _check_arg_types
2025 Feb 11 02:41:54.668634 sonic INFO featured[9677]: TypeError: join() argument must be str, bytes, or os.PathLike object, not 'NoneType'
2025 Feb 11 02:41:54.688448 sonic DEBUG mgmt_oper_status.py: No management interface found
2025 Feb 11 02:41:54.695178 sonic NOTICE systemd[1]: featured.service: Main process exited, code=exited, status=1/FAILURE
2025 Feb 11 02:41:54.698078 sonic WARNING systemd[1]: featured.service: Failed with result 'exit-code'.
2025 Feb 11 02:41:54.714518 sonic INFO systemd[1]: Started featured.service - Feature configuration daemon.
2025 Feb 11 02:41:54.863254 sonic INFO featured: ConfigDB connect success
2025 Feb 11 02:41:54.867298 sonic INFO featured[9700]: Traceback (most recent call last):
2025 Feb 11 02:41:54.867362 sonic INFO featured[9700]:   File "/usr/local/bin/featured", line 598, in <module>
2025 Feb 11 02:41:54.867499 sonic INFO featured[9700]:     main()
2025 Feb 11 02:41:54.867535 sonic INFO featured[9700]:   File "/usr/local/bin/featured", line 591, in main
2025 Feb 11 02:41:54.867655 sonic INFO featured[9700]:     daemon = FeatureDaemon()
2025 Feb 11 02:41:54.867689 sonic INFO featured[9700]:              ^^^^^^^^^^^^^^^
2025 Feb 11 02:41:54.867706 sonic INFO featured[9700]:   File "/usr/local/bin/featured", line 529, in __init__
2025 Feb 11 02:41:54.867760 sonic INFO featured[9700]:     self.feature_handler = FeatureHandler(self.config_db, feature_state_table, self.device_config, self.advanced_boot)
2025 Feb 11 02:41:54.867806 sonic INFO featured[9700]:                            ^^^^^^^^^^^^^^^^^^^^^^^^^^^^^^^^^^^^^^^^^^^^^^^^^^^^^^^^^^^^^^^^^^^^^^^^^^^^^^^^^^^^^^^^^^^
2025 Feb 11 02:41:54.867832 sonic INFO featured[9700]:   File "/usr/local/bin/featured", line 136, in __init__
2025 Feb 11 02:41:54.867870 sonic INFO featured[9700]:     self._device_running_config = device_info.get_device_runtime_metadata()
2025 Feb 11 02:41:54.867893 sonic INFO featured[9700]:                                   ^^^^^^^^^^^^^^^^^^^^^^^^^^^^^^^^^^^^^^^^^
2025 Feb 11 02:41:54.867911 sonic INFO featured[9700]:   File "/usr/local/lib/python3.11/dist-packages/sonic_py_common/device_info.py", line 680, in get_device_runtime_metadata
2025 Feb 11 02:41:54.868040 sonic INFO featured[9700]:     port_metadata = {'ETHERNET_PORTS_PRESENT': True if get_path_to_port_config_file(hwsku=None, asic="0" if is_multi_npu() else None) else False}
2025 Feb 11 02:41:54.868090 sonic INFO featured[9700]:                                                        ^^^^^^^^^^^^^^^^^^^^^^^^^^^^^^^^^^^^^^^^^^^^^^^^^^^^^^^^^^^^^^^^^^^^^^^^^^^^^^
2025 Feb 11 02:41:54.868107 sonic INFO featured[9700]:   File "/usr/local/lib/python3.11/dist-packages/sonic_py_common/device_info.py", line 446, in get_path_to_port_config_file
2025 Feb 11 02:41:54.868152 sonic INFO featured[9700]:     (platform_path, hwsku_path) = get_paths_to_platform_and_hwsku_dirs()
2025 Feb 11 02:41:54.868175 sonic INFO featured[9700]:                                   ^^^^^^^^^^^^^^^^^^^^^^^^^^^^^^^^^^^^^^
2025 Feb 11 02:41:54.868192 sonic INFO featured[9700]:   File "/usr/local/lib/python3.11/dist-packages/sonic_py_common/device_info.py", line 412, in get_paths_to_platform_and_hwsku_dirs
2025 Feb 11 02:41:54.868257 sonic INFO featured[9700]:     hwsku_path = os.path.join(platform_path, hwsku)
2025 Feb 11 02:41:54.868291 sonic INFO featured[9700]:                  ^^^^^^^^^^^^^^^^^^^^^^^^^^^^^^^^^^
2025 Feb 11 02:41:54.868333 sonic INFO featured[9700]:   File "<frozen posixpath>", line 90, in join
2025 Feb 11 02:41:54.868350 sonic INFO featured[9700]:   File "<frozen genericpath>", line 152, in _check_arg_types
2025 Feb 11 02:41:54.868378 sonic INFO featured[9700]: TypeError: join() argument must be str, bytes, or os.PathLike object, not 'NoneType'
2025 Feb 11 02:41:54.886847 sonic NOTICE systemd[1]: featured.service: Main process exited, code=exited, status=1/FAILURE
2025 Feb 11 02:41:54.887078 sonic WARNING systemd[1]: featured.service: Failed with result 'exit-code'.
2025 Feb 11 02:41:54.914901 sonic INFO systemd[1]: Started featured.service - Feature configuration daemon.
2025 Feb 11 02:41:54.967121 sonic INFO memory_checker: [memory_checker] Exits without checking memory usage since container 'gnmi' is not running!
2025 Feb 11 02:41:54.985730 sonic INFO memory_checker: [memory_checker] Exits without checking memory usage since container 'bmp' is not running!
2025 Feb 11 02:41:54.989062 sonic INFO memory_checker: [memory_checker] Exits without checking memory usage since container 'snmp' is not running!
2025 Feb 11 02:41:55.094632 sonic INFO featured: ConfigDB connect success
2025 Feb 11 02:41:55.098966 sonic INFO featured[9701]: Traceback (most recent call last):
2025 Feb 11 02:41:55.099034 sonic INFO featured[9701]:   File "/usr/local/bin/featured", line 598, in <module>
2025 Feb 11 02:41:55.099416 sonic INFO featured[9701]:     main()
2025 Feb 11 02:41:55.099476 sonic INFO featured[9701]:   File "/usr/local/bin/featured", line 591, in main
2025 Feb 11 02:41:55.099508 sonic INFO featured[9701]:     daemon = FeatureDaemon()
2025 Feb 11 02:41:55.099524 sonic INFO featured[9701]:              ^^^^^^^^^^^^^^^
2025 Feb 11 02:41:55.099540 sonic INFO featured[9701]:   File "/usr/local/bin/featured", line 529, in __init__
2025 Feb 11 02:41:55.099577 sonic INFO featured[9701]:     self.feature_handler = FeatureHandler(self.config_db, feature_state_table, self.device_config, self.advanced_boot)
2025 Feb 11 02:41:55.099607 sonic INFO featured[9701]:                            ^^^^^^^^^^^^^^^^^^^^^^^^^^^^^^^^^^^^^^^^^^^^^^^^^^^^^^^^^^^^^^^^^^^^^^^^^^^^^^^^^^^^^^^^^^^
2025 Feb 11 02:41:55.099623 sonic INFO featured[9701]:   File "/usr/local/bin/featured", line 136, in __init__
2025 Feb 11 02:41:55.099639 sonic INFO featured[9701]:     self._device_running_config = device_info.get_device_runtime_metadata()
2025 Feb 11 02:41:55.099671 sonic INFO featured[9701]:                                   ^^^^^^^^^^^^^^^^^^^^^^^^^^^^^^^^^^^^^^^^^
2025 Feb 11 02:41:55.099696 sonic INFO featured[9701]:   File "/usr/local/lib/python3.11/dist-packages/sonic_py_common/device_info.py", line 680, in get_device_runtime_metadata
2025 Feb 11 02:41:55.099729 sonic INFO featured[9701]:     port_metadata = {'ETHERNET_PORTS_PRESENT': True if get_path_to_port_config_file(hwsku=None, asic="0" if is_multi_npu() else None) else False}
2025 Feb 11 02:41:55.099754 sonic INFO featured[9701]:                                                        ^^^^^^^^^^^^^^^^^^^^^^^^^^^^^^^^^^^^^^^^^^^^^^^^^^^^^^^^^^^^^^^^^^^^^^^^^^^^^^
2025 Feb 11 02:41:55.099778 sonic INFO featured[9701]:   File "/usr/local/lib/python3.11/dist-packages/sonic_py_common/device_info.py", line 446, in get_path_to_port_config_file
2025 Feb 11 02:41:55.099809 sonic INFO featured[9701]:     (platform_path, hwsku_path) = get_paths_to_platform_and_hwsku_dirs()
2025 Feb 11 02:41:55.099833 sonic INFO featured[9701]:                                   ^^^^^^^^^^^^^^^^^^^^^^^^^^^^^^^^^^^^^^
2025 Feb 11 02:41:55.099860 sonic INFO featured[9701]:   File "/usr/local/lib/python3.11/dist-packages/sonic_py_common/device_info.py", line 412, in get_paths_to_platform_and_hwsku_dirs
2025 Feb 11 02:41:55.099889 sonic INFO featured[9701]:     hwsku_path = os.path.join(platform_path, hwsku)
2025 Feb 11 02:41:55.099921 sonic INFO featured[9701]:                  ^^^^^^^^^^^^^^^^^^^^^^^^^^^^^^^^^^
2025 Feb 11 02:41:55.099945 sonic INFO featured[9701]:   File "<frozen posixpath>", line 90, in join
2025 Feb 11 02:41:55.099969 sonic INFO featured[9701]:   File "<frozen genericpath>", line 152, in _check_arg_types
2025 Feb 11 02:41:55.099992 sonic INFO featured[9701]: TypeError: join() argument must be str, bytes, or os.PathLike object, not 'NoneType'
2025 Feb 11 02:41:55.118041 sonic NOTICE systemd[1]: featured.service: Main process exited, code=exited, status=1/FAILURE
2025 Feb 11 02:41:55.118176 sonic WARNING systemd[1]: featured.service: Failed with result 'exit-code'.
2025 Feb 11 02:41:55.147951 sonic INFO systemd[1]: Started featured.service - Feature configuration daemon.
2025 Feb 11 02:41:55.283890 sonic NOTICE python3: :- publish: EVENT_PUBLISHED: {"sonic-host:device-test-event":{"batch-id":"c1529fb0-e821-11ef-91ba-52540070c9c2","index":"0","reason":"monit periodic test","sender":"events_monit_test.py","timestamp":"2025-02-11T02:41:55.283174Z"}}
2025 Feb 11 02:41:55.284040 sonic NOTICE python3: :- publish: EVENT_PUBLISHED: {"sonic-host:device-test-event":{"batch-id":"c1529fb0-e821-11ef-91ba-52540070c9c2","index":"1","reason":"monit periodic test","sender":"events_monit_test.py","timestamp":"2025-02-11T02:41:55.283420Z"}}
2025 Feb 11 02:41:55.284073 sonic NOTICE python3: :- publish: EVENT_PUBLISHED: {"sonic-host:device-test-event":{"batch-id":"c1529fb0-e821-11ef-91ba-52540070c9c2","index":"2","reason":"monit periodic test","sender":"events_monit_test.py","timestamp":"2025-02-11T02:41:55.283536Z"}}
2025 Feb 11 02:41:55.284096 sonic NOTICE python3: :- publish: EVENT_PUBLISHED: {"sonic-host:device-test-event":{"batch-id":"c1529fb0-e821-11ef-91ba-52540070c9c2","index":"3","reason":"monit periodic test","sender":"events_monit_test.py","timestamp":"2025-02-11T02:41:55.283614Z"}}
2025 Feb 11 02:41:55.284117 sonic NOTICE python3: :- publish: EVENT_PUBLISHED: {"sonic-host:device-test-event":{"batch-id":"c1529fb0-e821-11ef-91ba-52540070c9c2","index":"4","reason":"monit periodic test","sender":"events_monit_test.py","timestamp":"2025-02-11T02:41:55.283668Z"}}
2025 Feb 11 02:41:55.292864 sonic INFO featured: ConfigDB connect success
2025 Feb 11 02:41:55.297069 sonic INFO featured[9736]: Traceback (most recent call last):
2025 Feb 11 02:41:55.297120 sonic INFO featured[9736]:   File "/usr/local/bin/featured", line 598, in <module>
2025 Feb 11 02:41:55.297266 sonic INFO featured[9736]:     main()
2025 Feb 11 02:41:55.297321 sonic INFO featured[9736]:   File "/usr/local/bin/featured", line 591, in main
2025 Feb 11 02:41:55.297450 sonic INFO featured[9736]:     daemon = FeatureDaemon()
2025 Feb 11 02:41:55.297524 sonic INFO featured[9736]:              ^^^^^^^^^^^^^^^
2025 Feb 11 02:41:55.297557 sonic INFO featured[9736]:   File "/usr/local/bin/featured", line 529, in __init__
2025 Feb 11 02:41:55.297690 sonic INFO featured[9736]:     self.feature_handler = FeatureHandler(self.config_db, feature_state_table, self.device_config, self.advanced_boot)
2025 Feb 11 02:41:55.297730 sonic INFO featured[9736]:                            ^^^^^^^^^^^^^^^^^^^^^^^^^^^^^^^^^^^^^^^^^^^^^^^^^^^^^^^^^^^^^^^^^^^^^^^^^^^^^^^^^^^^^^^^^^^
2025 Feb 11 02:41:55.297746 sonic INFO featured[9736]:   File "/usr/local/bin/featured", line 136, in __init__
2025 Feb 11 02:41:55.297781 sonic INFO featured[9736]:     self._device_running_config = device_info.get_device_runtime_metadata()
2025 Feb 11 02:41:55.297813 sonic INFO featured[9736]:                                   ^^^^^^^^^^^^^^^^^^^^^^^^^^^^^^^^^^^^^^^^^
2025 Feb 11 02:41:55.297838 sonic INFO featured[9736]:   File "/usr/local/lib/python3.11/dist-packages/sonic_py_common/device_info.py", line 680, in get_device_runtime_metadata
2025 Feb 11 02:41:55.297918 sonic INFO featured[9736]:     port_metadata = {'ETHERNET_PORTS_PRESENT': True if get_path_to_port_config_file(hwsku=None, asic="0" if is_multi_npu() else None) else False}
2025 Feb 11 02:41:55.297971 sonic INFO featured[9736]:                                                        ^^^^^^^^^^^^^^^^^^^^^^^^^^^^^^^^^^^^^^^^^^^^^^^^^^^^^^^^^^^^^^^^^^^^^^^^^^^^^^
2025 Feb 11 02:41:55.297997 sonic INFO featured[9736]:   File "/usr/local/lib/python3.11/dist-packages/sonic_py_common/device_info.py", line 446, in get_path_to_port_config_file
2025 Feb 11 02:41:55.298063 sonic INFO featured[9736]:     (platform_path, hwsku_path) = get_paths_to_platform_and_hwsku_dirs()
2025 Feb 11 02:41:55.298094 sonic INFO featured[9736]:                                   ^^^^^^^^^^^^^^^^^^^^^^^^^^^^^^^^^^^^^^
2025 Feb 11 02:41:55.298119 sonic INFO featured[9736]:   File "/usr/local/lib/python3.11/dist-packages/sonic_py_common/device_info.py", line 412, in get_paths_to_platform_and_hwsku_dirs
2025 Feb 11 02:41:55.298172 sonic INFO featured[9736]:     hwsku_path = os.path.join(platform_path, hwsku)
2025 Feb 11 02:41:55.298204 sonic INFO featured[9736]:                  ^^^^^^^^^^^^^^^^^^^^^^^^^^^^^^^^^^
2025 Feb 11 02:41:55.298228 sonic INFO featured[9736]:   File "<frozen posixpath>", line 90, in join
2025 Feb 11 02:41:55.298251 sonic INFO featured[9736]:   File "<frozen genericpath>", line 152, in _check_arg_types
2025 Feb 11 02:41:55.298281 sonic INFO featured[9736]: TypeError: join() argument must be str, bytes, or os.PathLike object, not 'NoneType'
2025 Feb 11 02:41:55.317008 sonic NOTICE systemd[1]: featured.service: Main process exited, code=exited, status=1/FAILURE
2025 Feb 11 02:41:55.317153 sonic WARNING systemd[1]: featured.service: Failed with result 'exit-code'.
2025 Feb 11 02:41:55.319279 sonic WARNING systemd[1]: featured.service: Start request repeated too quickly.
2025 Feb 11 02:41:55.319359 sonic WARNING systemd[1]: featured.service: Failed with result 'exit-code'.
2025 Feb 11 02:41:55.319399 sonic ERR systemd[1]: Failed to start featured.service - Feature configuration daemon.
2025 Feb 11 02:41:58.278885 sonic WARNING systemd[1]: featured.service: Start request repeated too quickly.
2025 Feb 11 02:41:58.279039 sonic WARNING systemd[1]: featured.service: Failed with result 'exit-code'.
2025 Feb 11 02:41:58.279086 sonic ERR systemd[1]: Failed to start featured.service - Feature configuration daemon.
2025 Feb 11 02:42:08.298507 sonic INFO systemd[1]: Started featured.service - Feature configuration daemon.
2025 Feb 11 02:42:08.442986 sonic INFO featured: ConfigDB connect success
2025 Feb 11 02:42:08.446883 sonic INFO featured[9768]: Traceback (most recent call last):
2025 Feb 11 02:42:08.446936 sonic INFO featured[9768]:   File "/usr/local/bin/featured", line 598, in <module>
2025 Feb 11 02:42:08.447121 sonic INFO featured[9768]:     main()
2025 Feb 11 02:42:08.447161 sonic INFO featured[9768]:   File "/usr/local/bin/featured", line 591, in main
2025 Feb 11 02:42:08.447285 sonic INFO featured[9768]:     daemon = FeatureDaemon()
2025 Feb 11 02:42:08.447354 sonic INFO featured[9768]:              ^^^^^^^^^^^^^^^
2025 Feb 11 02:42:08.447396 sonic INFO featured[9768]:   File "/usr/local/bin/featured", line 529, in __init__
2025 Feb 11 02:42:08.447429 sonic INFO featured[9768]:     self.feature_handler = FeatureHandler(self.config_db, feature_state_table, self.device_config, self.advanced_boot)
2025 Feb 11 02:42:08.447461 sonic INFO featured[9768]:                            ^^^^^^^^^^^^^^^^^^^^^^^^^^^^^^^^^^^^^^^^^^^^^^^^^^^^^^^^^^^^^^^^^^^^^^^^^^^^^^^^^^^^^^^^^^^
2025 Feb 11 02:42:08.447486 sonic INFO featured[9768]:   File "/usr/local/bin/featured", line 136, in __init__
2025 Feb 11 02:42:08.447518 sonic INFO featured[9768]:     self._device_running_config = device_info.get_device_runtime_metadata()
2025 Feb 11 02:42:08.447549 sonic INFO featured[9768]:                                   ^^^^^^^^^^^^^^^^^^^^^^^^^^^^^^^^^^^^^^^^^
2025 Feb 11 02:42:08.447574 sonic INFO featured[9768]:   File "/usr/local/lib/python3.11/dist-packages/sonic_py_common/device_info.py", line 680, in get_device_runtime_metadata
2025 Feb 11 02:42:08.447694 sonic INFO featured[9768]:     port_metadata = {'ETHERNET_PORTS_PRESENT': True if get_path_to_port_config_file(hwsku=None, asic="0" if is_multi_npu() else None) else False}
2025 Feb 11 02:42:08.447744 sonic INFO featured[9768]:                                                        ^^^^^^^^^^^^^^^^^^^^^^^^^^^^^^^^^^^^^^^^^^^^^^^^^^^^^^^^^^^^^^^^^^^^^^^^^^^^^^
2025 Feb 11 02:42:08.447771 sonic INFO featured[9768]:   File "/usr/local/lib/python3.11/dist-packages/sonic_py_common/device_info.py", line 446, in get_path_to_port_config_file
2025 Feb 11 02:42:08.447802 sonic INFO featured[9768]:     (platform_path, hwsku_path) = get_paths_to_platform_and_hwsku_dirs()
2025 Feb 11 02:42:08.447827 sonic INFO featured[9768]:                                   ^^^^^^^^^^^^^^^^^^^^^^^^^^^^^^^^^^^^^^
2025 Feb 11 02:42:08.447852 sonic INFO featured[9768]:   File "/usr/local/lib/python3.11/dist-packages/sonic_py_common/device_info.py", line 412, in get_paths_to_platform_and_hwsku_dirs
2025 Feb 11 02:42:08.447882 sonic INFO featured[9768]:     hwsku_path = os.path.join(platform_path, hwsku)
2025 Feb 11 02:42:08.447914 sonic INFO featured[9768]:                  ^^^^^^^^^^^^^^^^^^^^^^^^^^^^^^^^^^
2025 Feb 11 02:42:08.447939 sonic INFO featured[9768]:   File "<frozen posixpath>", line 90, in join
2025 Feb 11 02:42:08.447964 sonic INFO featured[9768]:   File "<frozen genericpath>", line 152, in _check_arg_types
2025 Feb 11 02:42:08.447989 sonic INFO featured[9768]: TypeError: join() argument must be str, bytes, or os.PathLike object, not 'NoneType'
2025 Feb 11 02:42:08.466930 sonic NOTICE systemd[1]: featured.service: Main process exited, code=exited, status=1/FAILURE
2025 Feb 11 02:42:08.467061 sonic WARNING systemd[1]: featured.service: Failed with result 'exit-code'.
2025 Feb 11 02:42:08.490539 sonic INFO systemd[1]: Started featured.service - Feature configuration daemon.
2025 Feb 11 02:42:08.631996 sonic INFO featured: ConfigDB connect success
2025 Feb 11 02:42:08.636112 sonic INFO featured[9769]: Traceback (most recent call last):
2025 Feb 11 02:42:08.636159 sonic INFO featured[9769]:   File "/usr/local/bin/featured", line 598, in <module>
2025 Feb 11 02:42:08.636362 sonic INFO featured[9769]:     main()
2025 Feb 11 02:42:08.636401 sonic INFO featured[9769]:   File "/usr/local/bin/featured", line 591, in main
2025 Feb 11 02:42:08.636539 sonic INFO featured[9769]:     daemon = FeatureDaemon()
2025 Feb 11 02:42:08.636587 sonic INFO featured[9769]:              ^^^^^^^^^^^^^^^
2025 Feb 11 02:42:08.636613 sonic INFO featured[9769]:   File "/usr/local/bin/featured", line 529, in __init__
2025 Feb 11 02:42:08.636661 sonic INFO featured[9769]:     self.feature_handler = FeatureHandler(self.config_db, feature_state_table, self.device_config, self.advanced_boot)
2025 Feb 11 02:42:08.636710 sonic INFO featured[9769]:                            ^^^^^^^^^^^^^^^^^^^^^^^^^^^^^^^^^^^^^^^^^^^^^^^^^^^^^^^^^^^^^^^^^^^^^^^^^^^^^^^^^^^^^^^^^^^
2025 Feb 11 02:42:08.636747 sonic INFO featured[9769]:   File "/usr/local/bin/featured", line 136, in __init__
2025 Feb 11 02:42:08.636781 sonic INFO featured[9769]:     self._device_running_config = device_info.get_device_runtime_metadata()
2025 Feb 11 02:42:08.636813 sonic INFO featured[9769]:                                   ^^^^^^^^^^^^^^^^^^^^^^^^^^^^^^^^^^^^^^^^^
2025 Feb 11 02:42:08.636843 sonic INFO featured[9769]:   File "/usr/local/lib/python3.11/dist-packages/sonic_py_common/device_info.py", line 680, in get_device_runtime_metadata
2025 Feb 11 02:42:08.636923 sonic INFO featured[9769]:     port_metadata = {'ETHERNET_PORTS_PRESENT': True if get_path_to_port_config_file(hwsku=None, asic="0" if is_multi_npu() else None) else False}
2025 Feb 11 02:42:08.636961 sonic INFO featured[9769]:                                                        ^^^^^^^^^^^^^^^^^^^^^^^^^^^^^^^^^^^^^^^^^^^^^^^^^^^^^^^^^^^^^^^^^^^^^^^^^^^^^^
2025 Feb 11 02:42:08.636982 sonic INFO featured[9769]:   File "/usr/local/lib/python3.11/dist-packages/sonic_py_common/device_info.py", line 446, in get_path_to_port_config_file
2025 Feb 11 02:42:08.637049 sonic INFO featured[9769]:     (platform_path, hwsku_path) = get_paths_to_platform_and_hwsku_dirs()
2025 Feb 11 02:42:08.637080 sonic INFO featured[9769]:                                   ^^^^^^^^^^^^^^^^^^^^^^^^^^^^^^^^^^^^^^
2025 Feb 11 02:42:08.637105 sonic INFO featured[9769]:   File "/usr/local/lib/python3.11/dist-packages/sonic_py_common/device_info.py", line 412, in get_paths_to_platform_and_hwsku_dirs
2025 Feb 11 02:42:08.637154 sonic INFO featured[9769]:     hwsku_path = os.path.join(platform_path, hwsku)
2025 Feb 11 02:42:08.637188 sonic INFO featured[9769]:                  ^^^^^^^^^^^^^^^^^^^^^^^^^^^^^^^^^^
2025 Feb 11 02:42:08.637213 sonic INFO featured[9769]:   File "<frozen posixpath>", line 90, in join
2025 Feb 11 02:42:08.637237 sonic INFO featured[9769]:   File "<frozen genericpath>", line 152, in _check_arg_types
2025 Feb 11 02:42:08.637261 sonic INFO featured[9769]: TypeError: join() argument must be str, bytes, or os.PathLike object, not 'NoneType'
2025 Feb 11 02:42:08.655994 sonic NOTICE systemd[1]: featured.service: Main process exited, code=exited, status=1/FAILURE
2025 Feb 11 02:42:08.656131 sonic WARNING systemd[1]: featured.service: Failed with result 'exit-code'.
2025 Feb 11 02:42:08.706572 sonic INFO systemd[1]: Started featured.service - Feature configuration daemon.
2025 Feb 11 02:42:08.849043 sonic INFO featured: ConfigDB connect success
2025 Feb 11 02:42:08.853142 sonic INFO featured[9771]: Traceback (most recent call last):
2025 Feb 11 02:42:08.853193 sonic INFO featured[9771]:   File "/usr/local/bin/featured", line 598, in <module>
2025 Feb 11 02:42:08.853384 sonic INFO featured[9771]:     main()
2025 Feb 11 02:42:08.853426 sonic INFO featured[9771]:   File "/usr/local/bin/featured", line 591, in main
2025 Feb 11 02:42:08.853600 sonic INFO featured[9771]:     daemon = FeatureDaemon()
2025 Feb 11 02:42:08.853643 sonic INFO featured[9771]:              ^^^^^^^^^^^^^^^
2025 Feb 11 02:42:08.853666 sonic INFO featured[9771]:   File "/usr/local/bin/featured", line 529, in __init__
2025 Feb 11 02:42:08.853717 sonic INFO featured[9771]:     self.feature_handler = FeatureHandler(self.config_db, feature_state_table, self.device_config, self.advanced_boot)
2025 Feb 11 02:42:08.853764 sonic INFO featured[9771]:                            ^^^^^^^^^^^^^^^^^^^^^^^^^^^^^^^^^^^^^^^^^^^^^^^^^^^^^^^^^^^^^^^^^^^^^^^^^^^^^^^^^^^^^^^^^^^
2025 Feb 11 02:42:08.853791 sonic INFO featured[9771]:   File "/usr/local/bin/featured", line 136, in __init__
2025 Feb 11 02:42:08.853821 sonic INFO featured[9771]:     self._device_running_config = device_info.get_device_runtime_metadata()
2025 Feb 11 02:42:08.853852 sonic INFO featured[9771]:                                   ^^^^^^^^^^^^^^^^^^^^^^^^^^^^^^^^^^^^^^^^^
2025 Feb 11 02:42:08.853869 sonic INFO featured[9771]:   File "/usr/local/lib/python3.11/dist-packages/sonic_py_common/device_info.py", line 680, in get_device_runtime_metadata
2025 Feb 11 02:42:08.853987 sonic INFO featured[9771]:     port_metadata = {'ETHERNET_PORTS_PRESENT': True if get_path_to_port_config_file(hwsku=None, asic="0" if is_multi_npu() else None) else False}
2025 Feb 11 02:42:08.854027 sonic INFO featured[9771]:                                                        ^^^^^^^^^^^^^^^^^^^^^^^^^^^^^^^^^^^^^^^^^^^^^^^^^^^^^^^^^^^^^^^^^^^^^^^^^^^^^^
2025 Feb 11 02:42:08.854044 sonic INFO featured[9771]:   File "/usr/local/lib/python3.11/dist-packages/sonic_py_common/device_info.py", line 446, in get_path_to_port_config_file
2025 Feb 11 02:42:08.854102 sonic INFO featured[9771]:     (platform_path, hwsku_path) = get_paths_to_platform_and_hwsku_dirs()
2025 Feb 11 02:42:08.854133 sonic INFO featured[9771]:                                   ^^^^^^^^^^^^^^^^^^^^^^^^^^^^^^^^^^^^^^
2025 Feb 11 02:42:08.854149 sonic INFO featured[9771]:   File "/usr/local/lib/python3.11/dist-packages/sonic_py_common/device_info.py", line 412, in get_paths_to_platform_and_hwsku_dirs
2025 Feb 11 02:42:08.854206 sonic INFO featured[9771]:     hwsku_path = os.path.join(platform_path, hwsku)
2025 Feb 11 02:42:08.854240 sonic INFO featured[9771]:                  ^^^^^^^^^^^^^^^^^^^^^^^^^^^^^^^^^^
2025 Feb 11 02:42:08.854265 sonic INFO featured[9771]:   File "<frozen posixpath>", line 90, in join
2025 Feb 11 02:42:08.854293 sonic INFO featured[9771]:   File "<frozen genericpath>", line 152, in _check_arg_types
2025 Feb 11 02:42:08.854347 sonic INFO featured[9771]: TypeError: join() argument must be str, bytes, or os.PathLike object, not 'NoneType'
2025 Feb 11 02:42:08.872585 sonic NOTICE systemd[1]: featured.service: Main process exited, code=exited, status=1/FAILURE
2025 Feb 11 02:42:08.872721 sonic WARNING systemd[1]: featured.service: Failed with result 'exit-code'.
2025 Feb 11 02:42:08.922601 sonic INFO systemd[1]: Started featured.service - Feature configuration daemon.
2025 Feb 11 02:42:09.052116 sonic INFO featured: ConfigDB connect success
2025 Feb 11 02:42:09.056088 sonic INFO featured[9774]: Traceback (most recent call last):
2025 Feb 11 02:42:09.056140 sonic INFO featured[9774]:   File "/usr/local/bin/featured", line 598, in <module>
2025 Feb 11 02:42:09.056234 sonic INFO featured[9774]:     main()
2025 Feb 11 02:42:09.056273 sonic INFO featured[9774]:   File "/usr/local/bin/featured", line 591, in main
2025 Feb 11 02:42:09.056428 sonic INFO featured[9774]:     daemon = FeatureDaemon()
2025 Feb 11 02:42:09.056467 sonic INFO featured[9774]:              ^^^^^^^^^^^^^^^
2025 Feb 11 02:42:09.056483 sonic INFO featured[9774]:   File "/usr/local/bin/featured", line 529, in __init__
2025 Feb 11 02:42:09.056540 sonic INFO featured[9774]:     self.feature_handler = FeatureHandler(self.config_db, feature_state_table, self.device_config, self.advanced_boot)
2025 Feb 11 02:42:09.056575 sonic INFO featured[9774]:                            ^^^^^^^^^^^^^^^^^^^^^^^^^^^^^^^^^^^^^^^^^^^^^^^^^^^^^^^^^^^^^^^^^^^^^^^^^^^^^^^^^^^^^^^^^^^
2025 Feb 11 02:42:09.056597 sonic INFO featured[9774]:   File "/usr/local/bin/featured", line 136, in __init__
2025 Feb 11 02:42:09.056643 sonic INFO featured[9774]:     self._device_running_config = device_info.get_device_runtime_metadata()
2025 Feb 11 02:42:09.056676 sonic INFO featured[9774]:                                   ^^^^^^^^^^^^^^^^^^^^^^^^^^^^^^^^^^^^^^^^^
2025 Feb 11 02:42:09.056703 sonic INFO featured[9774]:   File "/usr/local/lib/python3.11/dist-packages/sonic_py_common/device_info.py", line 680, in get_device_runtime_metadata
2025 Feb 11 02:42:09.056805 sonic INFO featured[9774]:     port_metadata = {'ETHERNET_PORTS_PRESENT': True if get_path_to_port_config_file(hwsku=None, asic="0" if is_multi_npu() else None) else False}
2025 Feb 11 02:42:09.056844 sonic INFO featured[9774]:                                                        ^^^^^^^^^^^^^^^^^^^^^^^^^^^^^^^^^^^^^^^^^^^^^^^^^^^^^^^^^^^^^^^^^^^^^^^^^^^^^^
2025 Feb 11 02:42:09.056869 sonic INFO featured[9774]:   File "/usr/local/lib/python3.11/dist-packages/sonic_py_common/device_info.py", line 446, in get_path_to_port_config_file
2025 Feb 11 02:42:09.056924 sonic INFO featured[9774]:     (platform_path, hwsku_path) = get_paths_to_platform_and_hwsku_dirs()
2025 Feb 11 02:42:09.056955 sonic INFO featured[9774]:                                   ^^^^^^^^^^^^^^^^^^^^^^^^^^^^^^^^^^^^^^
2025 Feb 11 02:42:09.056982 sonic INFO featured[9774]:   File "/usr/local/lib/python3.11/dist-packages/sonic_py_common/device_info.py", line 412, in get_paths_to_platform_and_hwsku_dirs
2025 Feb 11 02:42:09.057029 sonic INFO featured[9774]:     hwsku_path = os.path.join(platform_path, hwsku)
2025 Feb 11 02:42:09.057062 sonic INFO featured[9774]:                  ^^^^^^^^^^^^^^^^^^^^^^^^^^^^^^^^^^
2025 Feb 11 02:42:09.057087 sonic INFO featured[9774]:   File "<frozen posixpath>", line 90, in join
2025 Feb 11 02:42:09.057111 sonic INFO featured[9774]:   File "<frozen genericpath>", line 152, in _check_arg_types
2025 Feb 11 02:42:09.057135 sonic INFO featured[9774]: TypeError: join() argument must be str, bytes, or os.PathLike object, not 'NoneType'
2025 Feb 11 02:42:09.075375 sonic NOTICE systemd[1]: featured.service: Main process exited, code=exited, status=1/FAILURE
2025 Feb 11 02:42:09.075463 sonic WARNING systemd[1]: featured.service: Failed with result 'exit-code'.
2025 Feb 11 02:42:09.114779 sonic INFO systemd[1]: Started featured.service - Feature configuration daemon.
2025 Feb 11 02:42:09.247696 sonic INFO featured: ConfigDB connect success
2025 Feb 11 02:42:09.251846 sonic INFO featured[9775]: Traceback (most recent call last):
2025 Feb 11 02:42:09.251911 sonic INFO featured[9775]:   File "/usr/local/bin/featured", line 598, in <module>
2025 Feb 11 02:42:09.252014 sonic INFO featured[9775]:     main()
2025 Feb 11 02:42:09.252061 sonic INFO featured[9775]:   File "/usr/local/bin/featured", line 591, in main
2025 Feb 11 02:42:09.252261 sonic INFO featured[9775]:     daemon = FeatureDaemon()
2025 Feb 11 02:42:09.252337 sonic INFO featured[9775]:              ^^^^^^^^^^^^^^^
2025 Feb 11 02:42:09.252367 sonic INFO featured[9775]:   File "/usr/local/bin/featured", line 529, in __init__
2025 Feb 11 02:42:09.252499 sonic INFO featured[9775]:     self.feature_handler = FeatureHandler(self.config_db, feature_state_table, self.device_config, self.advanced_boot)
2025 Feb 11 02:42:09.252539 sonic INFO featured[9775]:                            ^^^^^^^^^^^^^^^^^^^^^^^^^^^^^^^^^^^^^^^^^^^^^^^^^^^^^^^^^^^^^^^^^^^^^^^^^^^^^^^^^^^^^^^^^^^
2025 Feb 11 02:42:09.252556 sonic INFO featured[9775]:   File "/usr/local/bin/featured", line 136, in __init__
2025 Feb 11 02:42:09.252629 sonic INFO featured[9775]:     self._device_running_config = device_info.get_device_runtime_metadata()
2025 Feb 11 02:42:09.252680 sonic INFO featured[9775]:                                   ^^^^^^^^^^^^^^^^^^^^^^^^^^^^^^^^^^^^^^^^^
2025 Feb 11 02:42:09.252711 sonic INFO featured[9775]:   File "/usr/local/lib/python3.11/dist-packages/sonic_py_common/device_info.py", line 680, in get_device_runtime_metadata
2025 Feb 11 02:42:09.252883 sonic INFO featured[9775]:     port_metadata = {'ETHERNET_PORTS_PRESENT': True if get_path_to_port_config_file(hwsku=None, asic="0" if is_multi_npu() else None) else False}
2025 Feb 11 02:42:09.252922 sonic INFO featured[9775]:                                                        ^^^^^^^^^^^^^^^^^^^^^^^^^^^^^^^^^^^^^^^^^^^^^^^^^^^^^^^^^^^^^^^^^^^^^^^^^^^^^^
2025 Feb 11 02:42:09.252940 sonic INFO featured[9775]:   File "/usr/local/lib/python3.11/dist-packages/sonic_py_common/device_info.py", line 446, in get_path_to_port_config_file
2025 Feb 11 02:42:09.253059 sonic INFO featured[9775]:     (platform_path, hwsku_path) = get_paths_to_platform_and_hwsku_dirs()
2025 Feb 11 02:42:09.253105 sonic INFO featured[9775]:                                   ^^^^^^^^^^^^^^^^^^^^^^^^^^^^^^^^^^^^^^
2025 Feb 11 02:42:09.253136 sonic INFO featured[9775]:   File "/usr/local/lib/python3.11/dist-packages/sonic_py_common/device_info.py", line 412, in get_paths_to_platform_and_hwsku_dirs
2025 Feb 11 02:42:09.253251 sonic INFO featured[9775]:     hwsku_path = os.path.join(platform_path, hwsku)
2025 Feb 11 02:42:09.253284 sonic INFO featured[9775]:                  ^^^^^^^^^^^^^^^^^^^^^^^^^^^^^^^^^^
2025 Feb 11 02:42:09.253342 sonic INFO featured[9775]:   File "<frozen posixpath>", line 90, in join
2025 Feb 11 02:42:09.253374 sonic INFO featured[9775]:   File "<frozen genericpath>", line 152, in _check_arg_types
2025 Feb 11 02:42:09.253399 sonic INFO featured[9775]: TypeError: join() argument must be str, bytes, or os.PathLike object, not 'NoneType'
2025 Feb 11 02:42:09.273377 sonic NOTICE systemd[1]: featured.service: Main process exited, code=exited, status=1/FAILURE
2025 Feb 11 02:42:09.274254 sonic WARNING systemd[1]: featured.service: Failed with result 'exit-code'.
2025 Feb 11 02:42:09.276657 sonic WARNING systemd[1]: featured.service: Start request repeated too quickly.
2025 Feb 11 02:42:09.276711 sonic WARNING systemd[1]: featured.service: Failed with result 'exit-code'.
2025 Feb 11 02:42:09.276758 sonic ERR systemd[1]: Failed to start featured.service - Feature configuration daemon.
2025 Feb 11 02:42:13.279402 sonic INFO systemd[1]: caclmgrd.service: Scheduled restart job, restart counter is at 30.
2025 Feb 11 02:42:13.279617 sonic INFO systemd[1]: Stopped caclmgrd.service - Control Plane ACL configuration daemon.
2025 Feb 11 02:42:13.310357 sonic INFO systemd[1]: Started caclmgrd.service - Control Plane ACL configuration daemon.
2025 Feb 11 02:42:13.310667 sonic WARNING systemd[1]: featured.service: Start request repeated too quickly.
2025 Feb 11 02:42:13.310718 sonic WARNING systemd[1]: featured.service: Failed with result 'exit-code'.
2025 Feb 11 02:42:13.310809 sonic ERR systemd[1]: Failed to start featured.service - Feature configuration daemon.
2025 Feb 11 02:42:13.312367 sonic WARNING systemd[1]: featured.service: Start request repeated too quickly.
2025 Feb 11 02:42:13.312434 sonic WARNING systemd[1]: featured.service: Failed with result 'exit-code'.
2025 Feb 11 02:42:13.312503 sonic ERR systemd[1]: Failed to start featured.service - Feature configuration daemon.
2025 Feb 11 02:42:13.313533 sonic WARNING systemd[1]: featured.service: Start request repeated too quickly.
2025 Feb 11 02:42:13.313581 sonic WARNING systemd[1]: featured.service: Failed with result 'exit-code'.
2025 Feb 11 02:42:13.313622 sonic ERR systemd[1]: Failed to start featured.service - Feature configuration daemon.
2025 Feb 11 02:42:13.418790 sonic INFO caclmgrd[9784]: Traceback (most recent call last):
2025 Feb 11 02:42:13.418864 sonic INFO caclmgrd[9784]:   File "/usr/local/bin/caclmgrd", line 1146, in <module>
2025 Feb 11 02:42:13.418895 sonic INFO caclmgrd[9784]:     main()
2025 Feb 11 02:42:13.418913 sonic INFO caclmgrd[9784]:   File "/usr/local/bin/caclmgrd", line 1137, in main
2025 Feb 11 02:42:13.418960 sonic INFO caclmgrd[9784]:     caclmgr = ControlPlaneAclManager(SYSLOG_IDENTIFIER)
2025 Feb 11 02:42:13.418998 sonic INFO caclmgrd[9784]:               ^^^^^^^^^^^^^^^^^^^^^^^^^^^^^^^^^^^^^^^^^
2025 Feb 11 02:42:13.419022 sonic INFO caclmgrd[9784]:   File "/usr/local/bin/caclmgrd", line 156, in __init__
2025 Feb 11 02:42:13.419055 sonic INFO caclmgrd[9784]:     if 'subtype' in metadata['localhost'] and metadata['localhost']['subtype'] == 'DualToR':
2025 Feb 11 02:42:13.419086 sonic INFO caclmgrd[9784]:                     ~~~~~~~~^^^^^^^^^^^^^
2025 Feb 11 02:42:13.419103 sonic INFO caclmgrd[9784]: KeyError: 'localhost'
2025 Feb 11 02:42:13.430766 sonic NOTICE systemd[1]: caclmgrd.service: Main process exited, code=exited, status=1/FAILURE
2025 Feb 11 02:42:13.430905 sonic WARNING systemd[1]: caclmgrd.service: Failed with result 'exit-code'.
2025 Feb 11 02:42:13.436591 sonic WARNING systemd[1]: featured.service: Start request repeated too quickly.
2025 Feb 11 02:42:13.437071 sonic WARNING systemd[1]: featured.service: Failed with result 'exit-code'.
2025 Feb 11 02:42:13.437194 sonic ERR systemd[1]: Failed to start featured.service - Feature configuration daemon.
2025 Feb 11 02:42:38.302669 sonic INFO systemd[1]: Started featured.service - Feature configuration daemon.
2025 Feb 11 02:42:38.435117 sonic INFO featured: ConfigDB connect success
2025 Feb 11 02:42:38.439156 sonic INFO featured[9851]: Traceback (most recent call last):
2025 Feb 11 02:42:38.439216 sonic INFO featured[9851]:   File "/usr/local/bin/featured", line 598, in <module>
2025 Feb 11 02:42:38.439330 sonic INFO featured[9851]:     main()
2025 Feb 11 02:42:38.439377 sonic INFO featured[9851]:   File "/usr/local/bin/featured", line 591, in main
2025 Feb 11 02:42:38.439502 sonic INFO featured[9851]:     daemon = FeatureDaemon()
2025 Feb 11 02:42:38.439560 sonic INFO featured[9851]:              ^^^^^^^^^^^^^^^
2025 Feb 11 02:42:38.439603 sonic INFO featured[9851]:   File "/usr/local/bin/featured", line 529, in __init__
2025 Feb 11 02:42:38.439639 sonic INFO featured[9851]:     self.feature_handler = FeatureHandler(self.config_db, feature_state_table, self.device_config, self.advanced_boot)
2025 Feb 11 02:42:38.439665 sonic INFO featured[9851]:                            ^^^^^^^^^^^^^^^^^^^^^^^^^^^^^^^^^^^^^^^^^^^^^^^^^^^^^^^^^^^^^^^^^^^^^^^^^^^^^^^^^^^^^^^^^^^
2025 Feb 11 02:42:38.439689 sonic INFO featured[9851]:   File "/usr/local/bin/featured", line 136, in __init__
2025 Feb 11 02:42:38.439713 sonic INFO featured[9851]:     self._device_running_config = device_info.get_device_runtime_metadata()
2025 Feb 11 02:42:38.439737 sonic INFO featured[9851]:                                   ^^^^^^^^^^^^^^^^^^^^^^^^^^^^^^^^^^^^^^^^^
2025 Feb 11 02:42:38.439762 sonic INFO featured[9851]:   File "/usr/local/lib/python3.11/dist-packages/sonic_py_common/device_info.py", line 680, in get_device_runtime_metadata
2025 Feb 11 02:42:38.439823 sonic INFO featured[9851]:     port_metadata = {'ETHERNET_PORTS_PRESENT': True if get_path_to_port_config_file(hwsku=None, asic="0" if is_multi_npu() else None) else False}
2025 Feb 11 02:42:38.439873 sonic INFO featured[9851]:                                                        ^^^^^^^^^^^^^^^^^^^^^^^^^^^^^^^^^^^^^^^^^^^^^^^^^^^^^^^^^^^^^^^^^^^^^^^^^^^^^^
2025 Feb 11 02:42:38.439900 sonic INFO featured[9851]:   File "/usr/local/lib/python3.11/dist-packages/sonic_py_common/device_info.py", line 446, in get_path_to_port_config_file
2025 Feb 11 02:42:38.439986 sonic INFO featured[9851]:     (platform_path, hwsku_path) = get_paths_to_platform_and_hwsku_dirs()
2025 Feb 11 02:42:38.440018 sonic INFO featured[9851]:                                   ^^^^^^^^^^^^^^^^^^^^^^^^^^^^^^^^^^^^^^
2025 Feb 11 02:42:38.440041 sonic INFO featured[9851]:   File "/usr/local/lib/python3.11/dist-packages/sonic_py_common/device_info.py", line 412, in get_paths_to_platform_and_hwsku_dirs
2025 Feb 11 02:42:38.440072 sonic INFO featured[9851]:     hwsku_path = os.path.join(platform_path, hwsku)
2025 Feb 11 02:42:38.440103 sonic INFO featured[9851]:                  ^^^^^^^^^^^^^^^^^^^^^^^^^^^^^^^^^^
2025 Feb 11 02:42:38.440134 sonic INFO featured[9851]:   File "<frozen posixpath>", line 90, in join
2025 Feb 11 02:42:38.440159 sonic INFO featured[9851]:   File "<frozen genericpath>", line 152, in _check_arg_types
2025 Feb 11 02:42:38.440183 sonic INFO featured[9851]: TypeError: join() argument must be str, bytes, or os.PathLike object, not 'NoneType'
2025 Feb 11 02:42:38.458957 sonic NOTICE systemd[1]: featured.service: Main process exited, code=exited, status=1/FAILURE
2025 Feb 11 02:42:38.459099 sonic WARNING systemd[1]: featured.service: Failed with result 'exit-code'.
2025 Feb 11 02:42:38.494665 sonic INFO systemd[1]: Started featured.service - Feature configuration daemon.
2025 Feb 11 02:42:38.634717 sonic INFO featured: ConfigDB connect success
2025 Feb 11 02:42:38.638690 sonic INFO featured[9852]: Traceback (most recent call last):
2025 Feb 11 02:42:38.638783 sonic INFO featured[9852]:   File "/usr/local/bin/featured", line 598, in <module>
2025 Feb 11 02:42:38.638886 sonic INFO featured[9852]:     main()
2025 Feb 11 02:42:38.638925 sonic INFO featured[9852]:   File "/usr/local/bin/featured", line 591, in main
2025 Feb 11 02:42:38.639045 sonic INFO featured[9852]:     daemon = FeatureDaemon()
2025 Feb 11 02:42:38.639084 sonic INFO featured[9852]:              ^^^^^^^^^^^^^^^
2025 Feb 11 02:42:38.639102 sonic INFO featured[9852]:   File "/usr/local/bin/featured", line 529, in __init__
2025 Feb 11 02:42:38.639165 sonic INFO featured[9852]:     self.feature_handler = FeatureHandler(self.config_db, feature_state_table, self.device_config, self.advanced_boot)
2025 Feb 11 02:42:38.639228 sonic INFO featured[9852]:                            ^^^^^^^^^^^^^^^^^^^^^^^^^^^^^^^^^^^^^^^^^^^^^^^^^^^^^^^^^^^^^^^^^^^^^^^^^^^^^^^^^^^^^^^^^^^
2025 Feb 11 02:42:38.639254 sonic INFO featured[9852]:   File "/usr/local/bin/featured", line 136, in __init__
2025 Feb 11 02:42:38.639321 sonic INFO featured[9852]:     self._device_running_config = device_info.get_device_runtime_metadata()
2025 Feb 11 02:42:38.639368 sonic INFO featured[9852]:                                   ^^^^^^^^^^^^^^^^^^^^^^^^^^^^^^^^^^^^^^^^^
2025 Feb 11 02:42:38.639387 sonic INFO featured[9852]:   File "/usr/local/lib/python3.11/dist-packages/sonic_py_common/device_info.py", line 680, in get_device_runtime_metadata
2025 Feb 11 02:42:38.639447 sonic INFO featured[9852]:     port_metadata = {'ETHERNET_PORTS_PRESENT': True if get_path_to_port_config_file(hwsku=None, asic="0" if is_multi_npu() else None) else False}
2025 Feb 11 02:42:38.639498 sonic INFO featured[9852]:                                                        ^^^^^^^^^^^^^^^^^^^^^^^^^^^^^^^^^^^^^^^^^^^^^^^^^^^^^^^^^^^^^^^^^^^^^^^^^^^^^^
2025 Feb 11 02:42:38.639525 sonic INFO featured[9852]:   File "/usr/local/lib/python3.11/dist-packages/sonic_py_common/device_info.py", line 446, in get_path_to_port_config_file
2025 Feb 11 02:42:38.639603 sonic INFO featured[9852]:     (platform_path, hwsku_path) = get_paths_to_platform_and_hwsku_dirs()
2025 Feb 11 02:42:38.639636 sonic INFO featured[9852]:                                   ^^^^^^^^^^^^^^^^^^^^^^^^^^^^^^^^^^^^^^
2025 Feb 11 02:42:38.639662 sonic INFO featured[9852]:   File "/usr/local/lib/python3.11/dist-packages/sonic_py_common/device_info.py", line 412, in get_paths_to_platform_and_hwsku_dirs
2025 Feb 11 02:42:38.639692 sonic INFO featured[9852]:     hwsku_path = os.path.join(platform_path, hwsku)
2025 Feb 11 02:42:38.639724 sonic INFO featured[9852]:                  ^^^^^^^^^^^^^^^^^^^^^^^^^^^^^^^^^^
2025 Feb 11 02:42:38.639748 sonic INFO featured[9852]:   File "<frozen posixpath>", line 90, in join
2025 Feb 11 02:42:38.639775 sonic INFO featured[9852]:   File "<frozen genericpath>", line 152, in _check_arg_types
2025 Feb 11 02:42:38.639799 sonic INFO featured[9852]: TypeError: join() argument must be str, bytes, or os.PathLike object, not 'NoneType'
2025 Feb 11 02:42:38.658318 sonic NOTICE systemd[1]: featured.service: Main process exited, code=exited, status=1/FAILURE
2025 Feb 11 02:42:38.658460 sonic WARNING systemd[1]: featured.service: Failed with result 'exit-code'.
2025 Feb 11 02:42:38.698769 sonic INFO systemd[1]: Started featured.service - Feature configuration daemon.
2025 Feb 11 02:42:38.863258 sonic INFO featured: ConfigDB connect success
2025 Feb 11 02:42:38.867255 sonic INFO featured[9853]: Traceback (most recent call last):
2025 Feb 11 02:42:38.867331 sonic INFO featured[9853]:   File "/usr/local/bin/featured", line 598, in <module>
2025 Feb 11 02:42:38.867475 sonic INFO featured[9853]:     main()
2025 Feb 11 02:42:38.867515 sonic INFO featured[9853]:   File "/usr/local/bin/featured", line 591, in main
2025 Feb 11 02:42:38.867634 sonic INFO featured[9853]:     daemon = FeatureDaemon()
2025 Feb 11 02:42:38.867674 sonic INFO featured[9853]:              ^^^^^^^^^^^^^^^
2025 Feb 11 02:42:38.867691 sonic INFO featured[9853]:   File "/usr/local/bin/featured", line 529, in __init__
2025 Feb 11 02:42:38.867756 sonic INFO featured[9853]:     self.feature_handler = FeatureHandler(self.config_db, feature_state_table, self.device_config, self.advanced_boot)
2025 Feb 11 02:42:38.867821 sonic INFO featured[9853]:                            ^^^^^^^^^^^^^^^^^^^^^^^^^^^^^^^^^^^^^^^^^^^^^^^^^^^^^^^^^^^^^^^^^^^^^^^^^^^^^^^^^^^^^^^^^^^
2025 Feb 11 02:42:38.867839 sonic INFO featured[9853]:   File "/usr/local/bin/featured", line 136, in __init__
2025 Feb 11 02:42:38.867870 sonic INFO featured[9853]:     self._device_running_config = device_info.get_device_runtime_metadata()
2025 Feb 11 02:42:38.867906 sonic INFO featured[9853]:                                   ^^^^^^^^^^^^^^^^^^^^^^^^^^^^^^^^^^^^^^^^^
2025 Feb 11 02:42:38.867932 sonic INFO featured[9853]:   File "/usr/local/lib/python3.11/dist-packages/sonic_py_common/device_info.py", line 680, in get_device_runtime_metadata
2025 Feb 11 02:42:38.868023 sonic INFO featured[9853]:     port_metadata = {'ETHERNET_PORTS_PRESENT': True if get_path_to_port_config_file(hwsku=None, asic="0" if is_multi_npu() else None) else False}
2025 Feb 11 02:42:38.868058 sonic INFO featured[9853]:                                                        ^^^^^^^^^^^^^^^^^^^^^^^^^^^^^^^^^^^^^^^^^^^^^^^^^^^^^^^^^^^^^^^^^^^^^^^^^^^^^^
2025 Feb 11 02:42:38.868075 sonic INFO featured[9853]:   File "/usr/local/lib/python3.11/dist-packages/sonic_py_common/device_info.py", line 446, in get_path_to_port_config_file
2025 Feb 11 02:42:38.868143 sonic INFO featured[9853]:     (platform_path, hwsku_path) = get_paths_to_platform_and_hwsku_dirs()
2025 Feb 11 02:42:38.868175 sonic INFO featured[9853]:                                   ^^^^^^^^^^^^^^^^^^^^^^^^^^^^^^^^^^^^^^
2025 Feb 11 02:42:38.868191 sonic INFO featured[9853]:   File "/usr/local/lib/python3.11/dist-packages/sonic_py_common/device_info.py", line 412, in get_paths_to_platform_and_hwsku_dirs
2025 Feb 11 02:42:38.868249 sonic INFO featured[9853]:     hwsku_path = os.path.join(platform_path, hwsku)
2025 Feb 11 02:42:38.868281 sonic INFO featured[9853]:                  ^^^^^^^^^^^^^^^^^^^^^^^^^^^^^^^^^^
2025 Feb 11 02:42:38.868333 sonic INFO featured[9853]:   File "<frozen posixpath>", line 90, in join
2025 Feb 11 02:42:38.868374 sonic INFO featured[9853]:   File "<frozen genericpath>", line 152, in _check_arg_types
2025 Feb 11 02:42:38.868399 sonic INFO featured[9853]: TypeError: join() argument must be str, bytes, or os.PathLike object, not 'NoneType'
2025 Feb 11 02:42:38.887475 sonic NOTICE systemd[1]: featured.service: Main process exited, code=exited, status=1/FAILURE
2025 Feb 11 02:42:38.887660 sonic WARNING systemd[1]: featured.service: Failed with result 'exit-code'.
2025 Feb 11 02:42:38.914636 sonic INFO systemd[1]: Started featured.service - Feature configuration daemon.
2025 Feb 11 02:42:39.047602 sonic INFO featured: ConfigDB connect success
2025 Feb 11 02:42:39.051532 sonic INFO featured[9854]: Traceback (most recent call last):
2025 Feb 11 02:42:39.051597 sonic INFO featured[9854]:   File "/usr/local/bin/featured", line 598, in <module>
2025 Feb 11 02:42:39.051676 sonic INFO featured[9854]:     main()
2025 Feb 11 02:42:39.051715 sonic INFO featured[9854]:   File "/usr/local/bin/featured", line 591, in main
2025 Feb 11 02:42:39.051833 sonic INFO featured[9854]:     daemon = FeatureDaemon()
2025 Feb 11 02:42:39.051866 sonic INFO featured[9854]:              ^^^^^^^^^^^^^^^
2025 Feb 11 02:42:39.051897 sonic INFO featured[9854]:   File "/usr/local/bin/featured", line 529, in __init__
2025 Feb 11 02:42:39.051950 sonic INFO featured[9854]:     self.feature_handler = FeatureHandler(self.config_db, feature_state_table, self.device_config, self.advanced_boot)
2025 Feb 11 02:42:39.051985 sonic INFO featured[9854]:                            ^^^^^^^^^^^^^^^^^^^^^^^^^^^^^^^^^^^^^^^^^^^^^^^^^^^^^^^^^^^^^^^^^^^^^^^^^^^^^^^^^^^^^^^^^^^
2025 Feb 11 02:42:39.052006 sonic INFO featured[9854]:   File "/usr/local/bin/featured", line 136, in __init__
2025 Feb 11 02:42:39.052041 sonic INFO featured[9854]:     self._device_running_config = device_info.get_device_runtime_metadata()
2025 Feb 11 02:42:39.052073 sonic INFO featured[9854]:                                   ^^^^^^^^^^^^^^^^^^^^^^^^^^^^^^^^^^^^^^^^^
2025 Feb 11 02:42:39.052097 sonic INFO featured[9854]:   File "/usr/local/lib/python3.11/dist-packages/sonic_py_common/device_info.py", line 680, in get_device_runtime_metadata
2025 Feb 11 02:42:39.052204 sonic INFO featured[9854]:     port_metadata = {'ETHERNET_PORTS_PRESENT': True if get_path_to_port_config_file(hwsku=None, asic="0" if is_multi_npu() else None) else False}
2025 Feb 11 02:42:39.052243 sonic INFO featured[9854]:                                                        ^^^^^^^^^^^^^^^^^^^^^^^^^^^^^^^^^^^^^^^^^^^^^^^^^^^^^^^^^^^^^^^^^^^^^^^^^^^^^^
2025 Feb 11 02:42:39.052260 sonic INFO featured[9854]:   File "/usr/local/lib/python3.11/dist-packages/sonic_py_common/device_info.py", line 446, in get_path_to_port_config_file
2025 Feb 11 02:42:39.052369 sonic INFO featured[9854]:     (platform_path, hwsku_path) = get_paths_to_platform_and_hwsku_dirs()
2025 Feb 11 02:42:39.052408 sonic INFO featured[9854]:                                   ^^^^^^^^^^^^^^^^^^^^^^^^^^^^^^^^^^^^^^
2025 Feb 11 02:42:39.052425 sonic INFO featured[9854]:   File "/usr/local/lib/python3.11/dist-packages/sonic_py_common/device_info.py", line 412, in get_paths_to_platform_and_hwsku_dirs
2025 Feb 11 02:42:39.052469 sonic INFO featured[9854]:     hwsku_path = os.path.join(platform_path, hwsku)
2025 Feb 11 02:42:39.052502 sonic INFO featured[9854]:                  ^^^^^^^^^^^^^^^^^^^^^^^^^^^^^^^^^^
2025 Feb 11 02:42:39.052528 sonic INFO featured[9854]:   File "<frozen posixpath>", line 90, in join
2025 Feb 11 02:42:39.052553 sonic INFO featured[9854]:   File "<frozen genericpath>", line 152, in _check_arg_types
2025 Feb 11 02:42:39.052577 sonic INFO featured[9854]: TypeError: join() argument must be str, bytes, or os.PathLike object, not 'NoneType'
2025 Feb 11 02:42:39.070820 sonic NOTICE systemd[1]: featured.service: Main process exited, code=exited, status=1/FAILURE
2025 Feb 11 02:42:39.070958 sonic WARNING systemd[1]: featured.service: Failed with result 'exit-code'.
2025 Feb 11 02:42:39.102736 sonic INFO systemd[1]: Started featured.service - Feature configuration daemon.
2025 Feb 11 02:42:39.232483 sonic INFO featured: ConfigDB connect success
2025 Feb 11 02:42:39.236416 sonic INFO featured[9856]: Traceback (most recent call last):
2025 Feb 11 02:42:39.236477 sonic INFO featured[9856]:   File "/usr/local/bin/featured", line 598, in <module>
2025 Feb 11 02:42:39.236565 sonic INFO featured[9856]:     main()
2025 Feb 11 02:42:39.236605 sonic INFO featured[9856]:   File "/usr/local/bin/featured", line 591, in main
2025 Feb 11 02:42:39.236729 sonic INFO featured[9856]:     daemon = FeatureDaemon()
2025 Feb 11 02:42:39.236762 sonic INFO featured[9856]:              ^^^^^^^^^^^^^^^
2025 Feb 11 02:42:39.236784 sonic INFO featured[9856]:   File "/usr/local/bin/featured", line 529, in __init__
2025 Feb 11 02:42:39.236870 sonic INFO featured[9856]:     self.feature_handler = FeatureHandler(self.config_db, feature_state_table, self.device_config, self.advanced_boot)
2025 Feb 11 02:42:39.236908 sonic INFO featured[9856]:                            ^^^^^^^^^^^^^^^^^^^^^^^^^^^^^^^^^^^^^^^^^^^^^^^^^^^^^^^^^^^^^^^^^^^^^^^^^^^^^^^^^^^^^^^^^^^
2025 Feb 11 02:42:39.236924 sonic INFO featured[9856]:   File "/usr/local/bin/featured", line 136, in __init__
2025 Feb 11 02:42:39.236955 sonic INFO featured[9856]:     self._device_running_config = device_info.get_device_runtime_metadata()
2025 Feb 11 02:42:39.236987 sonic INFO featured[9856]:                                   ^^^^^^^^^^^^^^^^^^^^^^^^^^^^^^^^^^^^^^^^^
2025 Feb 11 02:42:39.237011 sonic INFO featured[9856]:   File "/usr/local/lib/python3.11/dist-packages/sonic_py_common/device_info.py", line 680, in get_device_runtime_metadata
2025 Feb 11 02:42:39.237109 sonic INFO featured[9856]:     port_metadata = {'ETHERNET_PORTS_PRESENT': True if get_path_to_port_config_file(hwsku=None, asic="0" if is_multi_npu() else None) else False}
2025 Feb 11 02:42:39.237147 sonic INFO featured[9856]:                                                        ^^^^^^^^^^^^^^^^^^^^^^^^^^^^^^^^^^^^^^^^^^^^^^^^^^^^^^^^^^^^^^^^^^^^^^^^^^^^^^
2025 Feb 11 02:42:39.237165 sonic INFO featured[9856]:   File "/usr/local/lib/python3.11/dist-packages/sonic_py_common/device_info.py", line 446, in get_path_to_port_config_file
2025 Feb 11 02:42:39.237242 sonic INFO featured[9856]:     (platform_path, hwsku_path) = get_paths_to_platform_and_hwsku_dirs()
2025 Feb 11 02:42:39.237274 sonic INFO featured[9856]:                                   ^^^^^^^^^^^^^^^^^^^^^^^^^^^^^^^^^^^^^^
2025 Feb 11 02:42:39.237330 sonic INFO featured[9856]:   File "/usr/local/lib/python3.11/dist-packages/sonic_py_common/device_info.py", line 412, in get_paths_to_platform_and_hwsku_dirs
2025 Feb 11 02:42:39.237374 sonic INFO featured[9856]:     hwsku_path = os.path.join(platform_path, hwsku)
2025 Feb 11 02:42:39.237407 sonic INFO featured[9856]:                  ^^^^^^^^^^^^^^^^^^^^^^^^^^^^^^^^^^
2025 Feb 11 02:42:39.237438 sonic INFO featured[9856]:   File "<frozen posixpath>", line 90, in join
2025 Feb 11 02:42:39.237463 sonic INFO featured[9856]:   File "<frozen genericpath>", line 152, in _check_arg_types
2025 Feb 11 02:42:39.237536 sonic INFO featured[9856]: TypeError: join() argument must be str, bytes, or os.PathLike object, not 'NoneType'
2025 Feb 11 02:42:39.255876 sonic NOTICE systemd[1]: featured.service: Main process exited, code=exited, status=1/FAILURE
2025 Feb 11 02:42:39.256059 sonic WARNING systemd[1]: featured.service: Failed with result 'exit-code'.
2025 Feb 11 02:42:39.257870 sonic WARNING systemd[1]: featured.service: Start request repeated too quickly.
2025 Feb 11 02:42:39.257959 sonic WARNING systemd[1]: featured.service: Failed with result 'exit-code'.
2025 Feb 11 02:42:39.258028 sonic ERR systemd[1]: Failed to start featured.service - Feature configuration daemon.
2025 Feb 11 02:42:43.278049 sonic WARNING systemd[1]: featured.service: Start request repeated too quickly.
2025 Feb 11 02:42:43.278188 sonic WARNING systemd[1]: featured.service: Failed with result 'exit-code'.
2025 Feb 11 02:42:43.278225 sonic ERR systemd[1]: Failed to start featured.service - Feature configuration daemon.
2025 Feb 11 02:42:43.530100 sonic INFO systemd[1]: caclmgrd.service: Scheduled restart job, restart counter is at 31.
2025 Feb 11 02:42:43.530472 sonic INFO systemd[1]: Stopped caclmgrd.service - Control Plane ACL configuration daemon.
2025 Feb 11 02:42:43.562476 sonic INFO systemd[1]: Started caclmgrd.service - Control Plane ACL configuration daemon.
2025 Feb 11 02:42:43.563345 sonic WARNING systemd[1]: featured.service: Start request repeated too quickly.
2025 Feb 11 02:42:43.564105 sonic WARNING systemd[1]: featured.service: Failed with result 'exit-code'.
2025 Feb 11 02:42:43.564195 sonic ERR systemd[1]: Failed to start featured.service - Feature configuration daemon.
2025 Feb 11 02:42:43.567737 sonic WARNING systemd[1]: featured.service: Start request repeated too quickly.
2025 Feb 11 02:42:43.567789 sonic WARNING systemd[1]: featured.service: Failed with result 'exit-code'.
2025 Feb 11 02:42:43.567861 sonic ERR systemd[1]: Failed to start featured.service - Feature configuration daemon.
2025 Feb 11 02:42:43.676865 sonic INFO caclmgrd[9867]: Traceback (most recent call last):
2025 Feb 11 02:42:43.676939 sonic INFO caclmgrd[9867]:   File "/usr/local/bin/caclmgrd", line 1146, in <module>
2025 Feb 11 02:42:43.676972 sonic INFO caclmgrd[9867]:     main()
2025 Feb 11 02:42:43.677009 sonic INFO caclmgrd[9867]:   File "/usr/local/bin/caclmgrd", line 1137, in main
2025 Feb 11 02:42:43.677035 sonic INFO caclmgrd[9867]:     caclmgr = ControlPlaneAclManager(SYSLOG_IDENTIFIER)
2025 Feb 11 02:42:43.677059 sonic INFO caclmgrd[9867]:               ^^^^^^^^^^^^^^^^^^^^^^^^^^^^^^^^^^^^^^^^^
2025 Feb 11 02:42:43.677084 sonic INFO caclmgrd[9867]:   File "/usr/local/bin/caclmgrd", line 156, in __init__
2025 Feb 11 02:42:43.677108 sonic INFO caclmgrd[9867]:     if 'subtype' in metadata['localhost'] and metadata['localhost']['subtype'] == 'DualToR':
2025 Feb 11 02:42:43.677136 sonic INFO caclmgrd[9867]:                     ~~~~~~~~^^^^^^^^^^^^^
2025 Feb 11 02:42:43.677152 sonic INFO caclmgrd[9867]: KeyError: 'localhost'
2025 Feb 11 02:42:43.689401 sonic NOTICE systemd[1]: caclmgrd.service: Main process exited, code=exited, status=1/FAILURE
2025 Feb 11 02:42:43.689604 sonic WARNING systemd[1]: caclmgrd.service: Failed with result 'exit-code'.
2025 Feb 11 02:42:43.691164 sonic WARNING systemd[1]: featured.service: Start request repeated too quickly.
2025 Feb 11 02:42:43.691211 sonic WARNING systemd[1]: featured.service: Failed with result 'exit-code'.
2025 Feb 11 02:42:43.691281 sonic ERR systemd[1]: Failed to start featured.service - Feature configuration daemon.
2025 Feb 11 02:42:54.622487 sonic ERR monit[828]: 'container_checker' status failed (4) -- Unexpected running containers: macsec1, database3, database1, bgp3, bgp2, bgp1, database2, macsec2, bgp0, macsec3, database0, eventd, macsec0, database
2025 Feb 11 02:42:54.719696 sonic DEBUG mgmt_oper_status.py: No management interface found
2025 Feb 11 02:42:54.926509 sonic INFO systemd[1]: Started featured.service - Feature configuration daemon.
2025 Feb 11 02:42:54.979791 sonic INFO memory_checker: [memory_checker] Exits without checking memory usage since container 'snmp' is not running!
2025 Feb 11 02:42:54.980106 sonic INFO memory_checker: [memory_checker] Exits without checking memory usage since container 'bmp' is not running!
2025 Feb 11 02:42:54.980384 sonic INFO memory_checker: [memory_checker] Exits without checking memory usage since container 'gnmi' is not running!
2025 Feb 11 02:42:55.095084 sonic INFO featured: ConfigDB connect success
2025 Feb 11 02:42:55.099196 sonic INFO featured[9909]: Traceback (most recent call last):
2025 Feb 11 02:42:55.099248 sonic INFO featured[9909]:   File "/usr/local/bin/featured", line 598, in <module>
2025 Feb 11 02:42:55.099488 sonic INFO featured[9909]:     main()
2025 Feb 11 02:42:55.099528 sonic INFO featured[9909]:   File "/usr/local/bin/featured", line 591, in main
2025 Feb 11 02:42:55.099718 sonic INFO featured[9909]:     daemon = FeatureDaemon()
2025 Feb 11 02:42:55.099760 sonic INFO featured[9909]:              ^^^^^^^^^^^^^^^
2025 Feb 11 02:42:55.099776 sonic INFO featured[9909]:   File "/usr/local/bin/featured", line 529, in __init__
2025 Feb 11 02:42:55.099913 sonic INFO featured[9909]:     self.feature_handler = FeatureHandler(self.config_db, feature_state_table, self.device_config, self.advanced_boot)
2025 Feb 11 02:42:55.099951 sonic INFO featured[9909]:                            ^^^^^^^^^^^^^^^^^^^^^^^^^^^^^^^^^^^^^^^^^^^^^^^^^^^^^^^^^^^^^^^^^^^^^^^^^^^^^^^^^^^^^^^^^^^
2025 Feb 11 02:42:55.099973 sonic INFO featured[9909]:   File "/usr/local/bin/featured", line 136, in __init__
2025 Feb 11 02:42:55.100071 sonic INFO featured[9909]:     self._device_running_config = device_info.get_device_runtime_metadata()
2025 Feb 11 02:42:55.100106 sonic INFO featured[9909]:                                   ^^^^^^^^^^^^^^^^^^^^^^^^^^^^^^^^^^^^^^^^^
2025 Feb 11 02:42:55.100123 sonic INFO featured[9909]:   File "/usr/local/lib/python3.11/dist-packages/sonic_py_common/device_info.py", line 680, in get_device_runtime_metadata
2025 Feb 11 02:42:55.100324 sonic INFO featured[9909]:     port_metadata = {'ETHERNET_PORTS_PRESENT': True if get_path_to_port_config_file(hwsku=None, asic="0" if is_multi_npu() else None) else False}
2025 Feb 11 02:42:55.100382 sonic INFO featured[9909]:                                                        ^^^^^^^^^^^^^^^^^^^^^^^^^^^^^^^^^^^^^^^^^^^^^^^^^^^^^^^^^^^^^^^^^^^^^^^^^^^^^^
2025 Feb 11 02:42:55.100414 sonic INFO featured[9909]:   File "/usr/local/lib/python3.11/dist-packages/sonic_py_common/device_info.py", line 446, in get_path_to_port_config_file
2025 Feb 11 02:42:55.100536 sonic INFO featured[9909]:     (platform_path, hwsku_path) = get_paths_to_platform_and_hwsku_dirs()
2025 Feb 11 02:42:55.100582 sonic INFO featured[9909]:                                   ^^^^^^^^^^^^^^^^^^^^^^^^^^^^^^^^^^^^^^
2025 Feb 11 02:42:55.100614 sonic INFO featured[9909]:   File "/usr/local/lib/python3.11/dist-packages/sonic_py_common/device_info.py", line 412, in get_paths_to_platform_and_hwsku_dirs
2025 Feb 11 02:42:55.100726 sonic INFO featured[9909]:     hwsku_path = os.path.join(platform_path, hwsku)
2025 Feb 11 02:42:55.100776 sonic INFO featured[9909]:                  ^^^^^^^^^^^^^^^^^^^^^^^^^^^^^^^^^^
2025 Feb 11 02:42:55.100808 sonic INFO featured[9909]:   File "<frozen posixpath>", line 90, in join
2025 Feb 11 02:42:55.100833 sonic INFO featured[9909]:   File "<frozen genericpath>", line 152, in _check_arg_types
2025 Feb 11 02:42:55.100858 sonic INFO featured[9909]: TypeError: join() argument must be str, bytes, or os.PathLike object, not 'NoneType'
2025 Feb 11 02:42:55.119123 sonic NOTICE systemd[1]: featured.service: Main process exited, code=exited, status=1/FAILURE
2025 Feb 11 02:42:55.119268 sonic WARNING systemd[1]: featured.service: Failed with result 'exit-code'.
2025 Feb 11 02:42:55.147733 sonic INFO systemd[1]: Started featured.service - Feature configuration daemon.
2025 Feb 11 02:42:55.295962 sonic INFO featured: ConfigDB connect success
2025 Feb 11 02:42:55.300178 sonic INFO featured[9940]: Traceback (most recent call last):
2025 Feb 11 02:42:55.300248 sonic INFO featured[9940]:   File "/usr/local/bin/featured", line 598, in <module>
2025 Feb 11 02:42:55.300421 sonic INFO featured[9940]:     main()
2025 Feb 11 02:42:55.300464 sonic INFO featured[9940]:   File "/usr/local/bin/featured", line 591, in main
2025 Feb 11 02:42:55.300579 sonic INFO featured[9940]:     daemon = FeatureDaemon()
2025 Feb 11 02:42:55.300611 sonic INFO featured[9940]:              ^^^^^^^^^^^^^^^
2025 Feb 11 02:42:55.300634 sonic INFO featured[9940]:   File "/usr/local/bin/featured", line 529, in __init__
2025 Feb 11 02:42:55.300693 sonic INFO featured[9940]:     self.feature_handler = FeatureHandler(self.config_db, feature_state_table, self.device_config, self.advanced_boot)
2025 Feb 11 02:42:55.300741 sonic INFO featured[9940]:                            ^^^^^^^^^^^^^^^^^^^^^^^^^^^^^^^^^^^^^^^^^^^^^^^^^^^^^^^^^^^^^^^^^^^^^^^^^^^^^^^^^^^^^^^^^^^
2025 Feb 11 02:42:55.300768 sonic INFO featured[9940]:   File "/usr/local/bin/featured", line 136, in __init__
2025 Feb 11 02:42:55.300798 sonic INFO featured[9940]:     self._device_running_config = device_info.get_device_runtime_metadata()
2025 Feb 11 02:42:55.300829 sonic INFO featured[9940]:                                   ^^^^^^^^^^^^^^^^^^^^^^^^^^^^^^^^^^^^^^^^^
2025 Feb 11 02:42:55.300854 sonic INFO featured[9940]:   File "/usr/local/lib/python3.11/dist-packages/sonic_py_common/device_info.py", line 680, in get_device_runtime_metadata
2025 Feb 11 02:42:55.300954 sonic INFO featured[9940]:     port_metadata = {'ETHERNET_PORTS_PRESENT': True if get_path_to_port_config_file(hwsku=None, asic="0" if is_multi_npu() else None) else False}
2025 Feb 11 02:42:55.300993 sonic INFO featured[9940]:                                                        ^^^^^^^^^^^^^^^^^^^^^^^^^^^^^^^^^^^^^^^^^^^^^^^^^^^^^^^^^^^^^^^^^^^^^^^^^^^^^^
2025 Feb 11 02:42:55.301010 sonic INFO featured[9940]:   File "/usr/local/lib/python3.11/dist-packages/sonic_py_common/device_info.py", line 446, in get_path_to_port_config_file
2025 Feb 11 02:42:55.301075 sonic INFO featured[9940]:     (platform_path, hwsku_path) = get_paths_to_platform_and_hwsku_dirs()
2025 Feb 11 02:42:55.301114 sonic INFO featured[9940]:                                   ^^^^^^^^^^^^^^^^^^^^^^^^^^^^^^^^^^^^^^
2025 Feb 11 02:42:55.301140 sonic INFO featured[9940]:   File "/usr/local/lib/python3.11/dist-packages/sonic_py_common/device_info.py", line 412, in get_paths_to_platform_and_hwsku_dirs
2025 Feb 11 02:42:55.301169 sonic INFO featured[9940]:     hwsku_path = os.path.join(platform_path, hwsku)
2025 Feb 11 02:42:55.301202 sonic INFO featured[9940]:                  ^^^^^^^^^^^^^^^^^^^^^^^^^^^^^^^^^^
2025 Feb 11 02:42:55.301227 sonic INFO featured[9940]:   File "<frozen posixpath>", line 90, in join
2025 Feb 11 02:42:55.301251 sonic INFO featured[9940]:   File "<frozen genericpath>", line 152, in _check_arg_types
2025 Feb 11 02:42:55.301275 sonic INFO featured[9940]: TypeError: join() argument must be str, bytes, or os.PathLike object, not 'NoneType'
2025 Feb 11 02:42:55.320442 sonic NOTICE systemd[1]: featured.service: Main process exited, code=exited, status=1/FAILURE
2025 Feb 11 02:42:55.320575 sonic WARNING systemd[1]: featured.service: Failed with result 'exit-code'.
2025 Feb 11 02:42:55.364000 sonic INFO systemd[1]: Started featured.service - Feature configuration daemon.
2025 Feb 11 02:42:55.514921 sonic INFO featured: ConfigDB connect success
2025 Feb 11 02:42:55.519009 sonic INFO featured[9944]: Traceback (most recent call last):
2025 Feb 11 02:42:55.519058 sonic INFO featured[9944]:   File "/usr/local/bin/featured", line 598, in <module>
2025 Feb 11 02:42:55.519238 sonic INFO featured[9944]:     main()
2025 Feb 11 02:42:55.519277 sonic INFO featured[9944]:   File "/usr/local/bin/featured", line 591, in main
2025 Feb 11 02:42:55.519880 sonic INFO featured[9944]:     daemon = FeatureDaemon()
2025 Feb 11 02:42:55.520664 sonic INFO featured[9944]:              ^^^^^^^^^^^^^^^
2025 Feb 11 02:42:55.520709 sonic INFO featured[9944]:   File "/usr/local/bin/featured", line 529, in __init__
2025 Feb 11 02:42:55.521571 sonic INFO featured[9944]:     self.feature_handler = FeatureHandler(self.config_db, feature_state_table, self.device_config, self.advanced_boot)
2025 Feb 11 02:42:55.521732 sonic INFO featured[9944]:                            ^^^^^^^^^^^^^^^^^^^^^^^^^^^^^^^^^^^^^^^^^^^^^^^^^^^^^^^^^^^^^^^^^^^^^^^^^^^^^^^^^^^^^^^^^^^
2025 Feb 11 02:42:55.521778 sonic INFO featured[9944]:   File "/usr/local/bin/featured", line 136, in __init__
2025 Feb 11 02:42:55.521850 sonic INFO featured[9944]:     self._device_running_config = device_info.get_device_runtime_metadata()
2025 Feb 11 02:42:55.521905 sonic INFO featured[9944]:                                   ^^^^^^^^^^^^^^^^^^^^^^^^^^^^^^^^^^^^^^^^^
2025 Feb 11 02:42:55.521933 sonic INFO featured[9944]:   File "/usr/local/lib/python3.11/dist-packages/sonic_py_common/device_info.py", line 680, in get_device_runtime_metadata
2025 Feb 11 02:42:55.522035 sonic INFO featured[9944]:     port_metadata = {'ETHERNET_PORTS_PRESENT': True if get_path_to_port_config_file(hwsku=None, asic="0" if is_multi_npu() else None) else False}
2025 Feb 11 02:42:55.522102 sonic INFO featured[9944]:                                                        ^^^^^^^^^^^^^^^^^^^^^^^^^^^^^^^^^^^^^^^^^^^^^^^^^^^^^^^^^^^^^^^^^^^^^^^^^^^^^^
2025 Feb 11 02:42:55.522149 sonic INFO featured[9944]:   File "/usr/local/lib/python3.11/dist-packages/sonic_py_common/device_info.py", line 446, in get_path_to_port_config_file
2025 Feb 11 02:42:55.522280 sonic INFO featured[9944]:     (platform_path, hwsku_path) = get_paths_to_platform_and_hwsku_dirs()
2025 Feb 11 02:42:55.522338 sonic INFO featured[9944]:                                   ^^^^^^^^^^^^^^^^^^^^^^^^^^^^^^^^^^^^^^
2025 Feb 11 02:42:55.522367 sonic INFO featured[9944]:   File "/usr/local/lib/python3.11/dist-packages/sonic_py_common/device_info.py", line 412, in get_paths_to_platform_and_hwsku_dirs
2025 Feb 11 02:42:55.522397 sonic INFO featured[9944]:     hwsku_path = os.path.join(platform_path, hwsku)
2025 Feb 11 02:42:55.522449 sonic INFO featured[9944]:                  ^^^^^^^^^^^^^^^^^^^^^^^^^^^^^^^^^^
2025 Feb 11 02:42:55.522480 sonic INFO featured[9944]:   File "<frozen posixpath>", line 90, in join
2025 Feb 11 02:42:55.522525 sonic INFO featured[9944]:   File "<frozen genericpath>", line 152, in _check_arg_types
2025 Feb 11 02:42:55.522555 sonic INFO featured[9944]: TypeError: join() argument must be str, bytes, or os.PathLike object, not 'NoneType'
2025 Feb 11 02:42:55.545962 sonic NOTICE systemd[1]: featured.service: Main process exited, code=exited, status=1/FAILURE
2025 Feb 11 02:42:55.546114 sonic WARNING systemd[1]: featured.service: Failed with result 'exit-code'.
2025 Feb 11 02:42:55.578671 sonic INFO systemd[1]: Started featured.service - Feature configuration daemon.
2025 Feb 11 02:42:55.745423 sonic INFO featured: ConfigDB connect success
2025 Feb 11 02:42:55.749341 sonic INFO featured[9945]: Traceback (most recent call last):
2025 Feb 11 02:42:55.749388 sonic INFO featured[9945]:   File "/usr/local/bin/featured", line 598, in <module>
2025 Feb 11 02:42:55.749630 sonic INFO featured[9945]:     main()
2025 Feb 11 02:42:55.749673 sonic INFO featured[9945]:   File "/usr/local/bin/featured", line 591, in main
2025 Feb 11 02:42:55.749796 sonic INFO featured[9945]:     daemon = FeatureDaemon()
2025 Feb 11 02:42:55.749829 sonic INFO featured[9945]:              ^^^^^^^^^^^^^^^
2025 Feb 11 02:42:55.749851 sonic INFO featured[9945]:   File "/usr/local/bin/featured", line 529, in __init__
2025 Feb 11 02:42:55.749914 sonic INFO featured[9945]:     self.feature_handler = FeatureHandler(self.config_db, feature_state_table, self.device_config, self.advanced_boot)
2025 Feb 11 02:42:55.749963 sonic INFO featured[9945]:                            ^^^^^^^^^^^^^^^^^^^^^^^^^^^^^^^^^^^^^^^^^^^^^^^^^^^^^^^^^^^^^^^^^^^^^^^^^^^^^^^^^^^^^^^^^^^
2025 Feb 11 02:42:55.749980 sonic INFO featured[9945]:   File "/usr/local/bin/featured", line 136, in __init__
2025 Feb 11 02:42:55.750029 sonic INFO featured[9945]:     self._device_running_config = device_info.get_device_runtime_metadata()
2025 Feb 11 02:42:55.750062 sonic INFO featured[9945]:                                   ^^^^^^^^^^^^^^^^^^^^^^^^^^^^^^^^^^^^^^^^^
2025 Feb 11 02:42:55.750087 sonic INFO featured[9945]:   File "/usr/local/lib/python3.11/dist-packages/sonic_py_common/device_info.py", line 680, in get_device_runtime_metadata
2025 Feb 11 02:42:55.750190 sonic INFO featured[9945]:     port_metadata = {'ETHERNET_PORTS_PRESENT': True if get_path_to_port_config_file(hwsku=None, asic="0" if is_multi_npu() else None) else False}
2025 Feb 11 02:42:55.750225 sonic INFO featured[9945]:                                                        ^^^^^^^^^^^^^^^^^^^^^^^^^^^^^^^^^^^^^^^^^^^^^^^^^^^^^^^^^^^^^^^^^^^^^^^^^^^^^^
2025 Feb 11 02:42:55.750251 sonic INFO featured[9945]:   File "/usr/local/lib/python3.11/dist-packages/sonic_py_common/device_info.py", line 446, in get_path_to_port_config_file
2025 Feb 11 02:42:55.750339 sonic INFO featured[9945]:     (platform_path, hwsku_path) = get_paths_to_platform_and_hwsku_dirs()
2025 Feb 11 02:42:55.750372 sonic INFO featured[9945]:                                   ^^^^^^^^^^^^^^^^^^^^^^^^^^^^^^^^^^^^^^
2025 Feb 11 02:42:55.750405 sonic INFO featured[9945]:   File "/usr/local/lib/python3.11/dist-packages/sonic_py_common/device_info.py", line 412, in get_paths_to_platform_and_hwsku_dirs
2025 Feb 11 02:42:55.750435 sonic INFO featured[9945]:     hwsku_path = os.path.join(platform_path, hwsku)
2025 Feb 11 02:42:55.750468 sonic INFO featured[9945]:                  ^^^^^^^^^^^^^^^^^^^^^^^^^^^^^^^^^^
2025 Feb 11 02:42:55.750493 sonic INFO featured[9945]:   File "<frozen posixpath>", line 90, in join
2025 Feb 11 02:42:55.750517 sonic INFO featured[9945]:   File "<frozen genericpath>", line 152, in _check_arg_types
2025 Feb 11 02:42:55.750547 sonic INFO featured[9945]: TypeError: join() argument must be str, bytes, or os.PathLike object, not 'NoneType'
2025 Feb 11 02:42:55.769151 sonic NOTICE systemd[1]: featured.service: Main process exited, code=exited, status=1/FAILURE
2025 Feb 11 02:42:55.769312 sonic WARNING systemd[1]: featured.service: Failed with result 'exit-code'.
2025 Feb 11 02:42:55.794535 sonic INFO systemd[1]: Started featured.service - Feature configuration daemon.
2025 Feb 11 02:42:55.937000 sonic INFO featured: ConfigDB connect success
2025 Feb 11 02:42:55.940972 sonic INFO featured[9947]: Traceback (most recent call last):
2025 Feb 11 02:42:55.941022 sonic INFO featured[9947]:   File "/usr/local/bin/featured", line 598, in <module>
2025 Feb 11 02:42:55.941168 sonic INFO featured[9947]:     main()
2025 Feb 11 02:42:55.941208 sonic INFO featured[9947]:   File "/usr/local/bin/featured", line 591, in main
2025 Feb 11 02:42:55.941355 sonic INFO featured[9947]:     daemon = FeatureDaemon()
2025 Feb 11 02:42:55.941396 sonic INFO featured[9947]:              ^^^^^^^^^^^^^^^
2025 Feb 11 02:42:55.941413 sonic INFO featured[9947]:   File "/usr/local/bin/featured", line 529, in __init__
2025 Feb 11 02:42:55.941526 sonic INFO featured[9947]:     self.feature_handler = FeatureHandler(self.config_db, feature_state_table, self.device_config, self.advanced_boot)
2025 Feb 11 02:42:55.941653 sonic INFO featured[9947]:                            ^^^^^^^^^^^^^^^^^^^^^^^^^^^^^^^^^^^^^^^^^^^^^^^^^^^^^^^^^^^^^^^^^^^^^^^^^^^^^^^^^^^^^^^^^^^
2025 Feb 11 02:42:55.941685 sonic INFO featured[9947]:   File "/usr/local/bin/featured", line 136, in __init__
2025 Feb 11 02:42:55.941708 sonic INFO featured[9947]:     self._device_running_config = device_info.get_device_runtime_metadata()
2025 Feb 11 02:42:55.941741 sonic INFO featured[9947]:                                   ^^^^^^^^^^^^^^^^^^^^^^^^^^^^^^^^^^^^^^^^^
2025 Feb 11 02:42:55.941766 sonic INFO featured[9947]:   File "/usr/local/lib/python3.11/dist-packages/sonic_py_common/device_info.py", line 680, in get_device_runtime_metadata
2025 Feb 11 02:42:55.941875 sonic INFO featured[9947]:     port_metadata = {'ETHERNET_PORTS_PRESENT': True if get_path_to_port_config_file(hwsku=None, asic="0" if is_multi_npu() else None) else False}
2025 Feb 11 02:42:55.941914 sonic INFO featured[9947]:                                                        ^^^^^^^^^^^^^^^^^^^^^^^^^^^^^^^^^^^^^^^^^^^^^^^^^^^^^^^^^^^^^^^^^^^^^^^^^^^^^^
2025 Feb 11 02:42:55.941932 sonic INFO featured[9947]:   File "/usr/local/lib/python3.11/dist-packages/sonic_py_common/device_info.py", line 446, in get_path_to_port_config_file
2025 Feb 11 02:42:55.942003 sonic INFO featured[9947]:     (platform_path, hwsku_path) = get_paths_to_platform_and_hwsku_dirs()
2025 Feb 11 02:42:55.942035 sonic INFO featured[9947]:                                   ^^^^^^^^^^^^^^^^^^^^^^^^^^^^^^^^^^^^^^
2025 Feb 11 02:42:55.942060 sonic INFO featured[9947]:   File "/usr/local/lib/python3.11/dist-packages/sonic_py_common/device_info.py", line 412, in get_paths_to_platform_and_hwsku_dirs
2025 Feb 11 02:42:55.942119 sonic INFO featured[9947]:     hwsku_path = os.path.join(platform_path, hwsku)
2025 Feb 11 02:42:55.942152 sonic INFO featured[9947]:                  ^^^^^^^^^^^^^^^^^^^^^^^^^^^^^^^^^^
2025 Feb 11 02:42:55.942168 sonic INFO featured[9947]:   File "<frozen posixpath>", line 90, in join
2025 Feb 11 02:42:55.942193 sonic INFO featured[9947]:   File "<frozen genericpath>", line 152, in _check_arg_types
2025 Feb 11 02:42:55.942214 sonic INFO featured[9947]: TypeError: join() argument must be str, bytes, or os.PathLike object, not 'NoneType'
2025 Feb 11 02:42:55.961163 sonic NOTICE systemd[1]: featured.service: Main process exited, code=exited, status=1/FAILURE
2025 Feb 11 02:42:55.961266 sonic WARNING systemd[1]: featured.service: Failed with result 'exit-code'.
2025 Feb 11 02:42:55.963002 sonic WARNING systemd[1]: featured.service: Start request repeated too quickly.
2025 Feb 11 02:42:55.963096 sonic WARNING systemd[1]: featured.service: Failed with result 'exit-code'.
2025 Feb 11 02:42:55.963173 sonic ERR systemd[1]: Failed to start featured.service - Feature configuration daemon.
2025 Feb 11 02:42:58.279002 sonic WARNING systemd[1]: featured.service: Start request repeated too quickly.
2025 Feb 11 02:42:58.279265 sonic WARNING systemd[1]: featured.service: Failed with result 'exit-code'.
2025 Feb 11 02:42:58.279380 sonic ERR systemd[1]: Failed to start featured.service - Feature configuration daemon.
2025 Feb 11 02:43:08.310716 sonic INFO systemd[1]: Started featured.service - Feature configuration daemon.
2025 Feb 11 02:43:08.442259 sonic INFO featured: ConfigDB connect success
2025 Feb 11 02:43:08.446370 sonic INFO featured[9976]: Traceback (most recent call last):
2025 Feb 11 02:43:08.446453 sonic INFO featured[9976]:   File "/usr/local/bin/featured", line 598, in <module>
2025 Feb 11 02:43:08.446525 sonic INFO featured[9976]:     main()
2025 Feb 11 02:43:08.446587 sonic INFO featured[9976]:   File "/usr/local/bin/featured", line 591, in main
2025 Feb 11 02:43:08.446789 sonic INFO featured[9976]:     daemon = FeatureDaemon()
2025 Feb 11 02:43:08.446856 sonic INFO featured[9976]:              ^^^^^^^^^^^^^^^
2025 Feb 11 02:43:08.446899 sonic INFO featured[9976]:   File "/usr/local/bin/featured", line 529, in __init__
2025 Feb 11 02:43:08.446959 sonic INFO featured[9976]:     self.feature_handler = FeatureHandler(self.config_db, feature_state_table, self.device_config, self.advanced_boot)
2025 Feb 11 02:43:08.447013 sonic INFO featured[9976]:                            ^^^^^^^^^^^^^^^^^^^^^^^^^^^^^^^^^^^^^^^^^^^^^^^^^^^^^^^^^^^^^^^^^^^^^^^^^^^^^^^^^^^^^^^^^^^
2025 Feb 11 02:43:08.447067 sonic INFO featured[9976]:   File "/usr/local/bin/featured", line 136, in __init__
2025 Feb 11 02:43:08.447118 sonic INFO featured[9976]:     self._device_running_config = device_info.get_device_runtime_metadata()
2025 Feb 11 02:43:08.447170 sonic INFO featured[9976]:                                   ^^^^^^^^^^^^^^^^^^^^^^^^^^^^^^^^^^^^^^^^^
2025 Feb 11 02:43:08.447216 sonic INFO featured[9976]:   File "/usr/local/lib/python3.11/dist-packages/sonic_py_common/device_info.py", line 680, in get_device_runtime_metadata
2025 Feb 11 02:43:08.447418 sonic INFO featured[9976]:     port_metadata = {'ETHERNET_PORTS_PRESENT': True if get_path_to_port_config_file(hwsku=None, asic="0" if is_multi_npu() else None) else False}
2025 Feb 11 02:43:08.447499 sonic INFO featured[9976]:                                                        ^^^^^^^^^^^^^^^^^^^^^^^^^^^^^^^^^^^^^^^^^^^^^^^^^^^^^^^^^^^^^^^^^^^^^^^^^^^^^^
2025 Feb 11 02:43:08.447546 sonic INFO featured[9976]:   File "/usr/local/lib/python3.11/dist-packages/sonic_py_common/device_info.py", line 446, in get_path_to_port_config_file
2025 Feb 11 02:43:08.447594 sonic INFO featured[9976]:     (platform_path, hwsku_path) = get_paths_to_platform_and_hwsku_dirs()
2025 Feb 11 02:43:08.447645 sonic INFO featured[9976]:                                   ^^^^^^^^^^^^^^^^^^^^^^^^^^^^^^^^^^^^^^
2025 Feb 11 02:43:08.447690 sonic INFO featured[9976]:   File "/usr/local/lib/python3.11/dist-packages/sonic_py_common/device_info.py", line 412, in get_paths_to_platform_and_hwsku_dirs
2025 Feb 11 02:43:08.447787 sonic INFO featured[9976]:     hwsku_path = os.path.join(platform_path, hwsku)
2025 Feb 11 02:43:08.447841 sonic INFO featured[9976]:                  ^^^^^^^^^^^^^^^^^^^^^^^^^^^^^^^^^^
2025 Feb 11 02:43:08.447884 sonic INFO featured[9976]:   File "<frozen posixpath>", line 90, in join
2025 Feb 11 02:43:08.447924 sonic INFO featured[9976]:   File "<frozen genericpath>", line 152, in _check_arg_types
2025 Feb 11 02:43:08.447964 sonic INFO featured[9976]: TypeError: join() argument must be str, bytes, or os.PathLike object, not 'NoneType'
2025 Feb 11 02:43:08.466252 sonic NOTICE systemd[1]: featured.service: Main process exited, code=exited, status=1/FAILURE
2025 Feb 11 02:43:08.466439 sonic WARNING systemd[1]: featured.service: Failed with result 'exit-code'.
2025 Feb 11 02:43:08.494602 sonic INFO systemd[1]: Started featured.service - Feature configuration daemon.
2025 Feb 11 02:43:08.627148 sonic INFO featured: ConfigDB connect success
2025 Feb 11 02:43:08.631493 sonic INFO featured[9977]: Traceback (most recent call last):
2025 Feb 11 02:43:08.631590 sonic INFO featured[9977]:   File "/usr/local/bin/featured", line 598, in <module>
2025 Feb 11 02:43:08.631654 sonic INFO featured[9977]:     main()
2025 Feb 11 02:43:08.631711 sonic INFO featured[9977]:   File "/usr/local/bin/featured", line 591, in main
2025 Feb 11 02:43:08.631903 sonic INFO featured[9977]:     daemon = FeatureDaemon()
2025 Feb 11 02:43:08.631965 sonic INFO featured[9977]:              ^^^^^^^^^^^^^^^
2025 Feb 11 02:43:08.632019 sonic INFO featured[9977]:   File "/usr/local/bin/featured", line 529, in __init__
2025 Feb 11 02:43:08.632101 sonic INFO featured[9977]:     self.feature_handler = FeatureHandler(self.config_db, feature_state_table, self.device_config, self.advanced_boot)
2025 Feb 11 02:43:08.632167 sonic INFO featured[9977]:                            ^^^^^^^^^^^^^^^^^^^^^^^^^^^^^^^^^^^^^^^^^^^^^^^^^^^^^^^^^^^^^^^^^^^^^^^^^^^^^^^^^^^^^^^^^^^
2025 Feb 11 02:43:08.632221 sonic INFO featured[9977]:   File "/usr/local/bin/featured", line 136, in __init__
2025 Feb 11 02:43:08.632301 sonic INFO featured[9977]:     self._device_running_config = device_info.get_device_runtime_metadata()
2025 Feb 11 02:43:08.632354 sonic INFO featured[9977]:                                   ^^^^^^^^^^^^^^^^^^^^^^^^^^^^^^^^^^^^^^^^^
2025 Feb 11 02:43:08.632398 sonic INFO featured[9977]:   File "/usr/local/lib/python3.11/dist-packages/sonic_py_common/device_info.py", line 680, in get_device_runtime_metadata
2025 Feb 11 02:43:08.632565 sonic INFO featured[9977]:     port_metadata = {'ETHERNET_PORTS_PRESENT': True if get_path_to_port_config_file(hwsku=None, asic="0" if is_multi_npu() else None) else False}
2025 Feb 11 02:43:08.632631 sonic INFO featured[9977]:                                                        ^^^^^^^^^^^^^^^^^^^^^^^^^^^^^^^^^^^^^^^^^^^^^^^^^^^^^^^^^^^^^^^^^^^^^^^^^^^^^^
2025 Feb 11 02:43:08.632678 sonic INFO featured[9977]:   File "/usr/local/lib/python3.11/dist-packages/sonic_py_common/device_info.py", line 446, in get_path_to_port_config_file
2025 Feb 11 02:43:08.632803 sonic INFO featured[9977]:     (platform_path, hwsku_path) = get_paths_to_platform_and_hwsku_dirs()
2025 Feb 11 02:43:08.632869 sonic INFO featured[9977]:                                   ^^^^^^^^^^^^^^^^^^^^^^^^^^^^^^^^^^^^^^
2025 Feb 11 02:43:08.632913 sonic INFO featured[9977]:   File "/usr/local/lib/python3.11/dist-packages/sonic_py_common/device_info.py", line 412, in get_paths_to_platform_and_hwsku_dirs
2025 Feb 11 02:43:08.632961 sonic INFO featured[9977]:     hwsku_path = os.path.join(platform_path, hwsku)
2025 Feb 11 02:43:08.633012 sonic INFO featured[9977]:                  ^^^^^^^^^^^^^^^^^^^^^^^^^^^^^^^^^^
2025 Feb 11 02:43:08.633056 sonic INFO featured[9977]:   File "<frozen posixpath>", line 90, in join
2025 Feb 11 02:43:08.633097 sonic INFO featured[9977]:   File "<frozen genericpath>", line 152, in _check_arg_types
2025 Feb 11 02:43:08.633137 sonic INFO featured[9977]: TypeError: join() argument must be str, bytes, or os.PathLike object, not 'NoneType'
2025 Feb 11 02:43:08.651021 sonic NOTICE systemd[1]: featured.service: Main process exited, code=exited, status=1/FAILURE
2025 Feb 11 02:43:08.651122 sonic WARNING systemd[1]: featured.service: Failed with result 'exit-code'.
2025 Feb 11 02:43:08.688456 sonic INFO systemd[1]: Started featured.service - Feature configuration daemon.
2025 Feb 11 02:43:08.833379 sonic INFO featured: ConfigDB connect success
2025 Feb 11 02:43:08.837211 sonic INFO featured[9981]: Traceback (most recent call last):
2025 Feb 11 02:43:08.837257 sonic INFO featured[9981]:   File "/usr/local/bin/featured", line 598, in <module>
2025 Feb 11 02:43:08.837541 sonic INFO featured[9981]:     main()
2025 Feb 11 02:43:08.837620 sonic INFO featured[9981]:   File "/usr/local/bin/featured", line 591, in main
2025 Feb 11 02:43:08.837818 sonic INFO featured[9981]:     daemon = FeatureDaemon()
2025 Feb 11 02:43:08.837857 sonic INFO featured[9981]:              ^^^^^^^^^^^^^^^
2025 Feb 11 02:43:08.837874 sonic INFO featured[9981]:   File "/usr/local/bin/featured", line 529, in __init__
2025 Feb 11 02:43:08.838016 sonic INFO featured[9981]:     self.feature_handler = FeatureHandler(self.config_db, feature_state_table, self.device_config, self.advanced_boot)
2025 Feb 11 02:43:08.838072 sonic INFO featured[9981]:                            ^^^^^^^^^^^^^^^^^^^^^^^^^^^^^^^^^^^^^^^^^^^^^^^^^^^^^^^^^^^^^^^^^^^^^^^^^^^^^^^^^^^^^^^^^^^
2025 Feb 11 02:43:08.838105 sonic INFO featured[9981]:   File "/usr/local/bin/featured", line 136, in __init__
2025 Feb 11 02:43:08.838187 sonic INFO featured[9981]:     self._device_running_config = device_info.get_device_runtime_metadata()
2025 Feb 11 02:43:08.838238 sonic INFO featured[9981]:                                   ^^^^^^^^^^^^^^^^^^^^^^^^^^^^^^^^^^^^^^^^^
2025 Feb 11 02:43:08.838269 sonic INFO featured[9981]:   File "/usr/local/lib/python3.11/dist-packages/sonic_py_common/device_info.py", line 680, in get_device_runtime_metadata
2025 Feb 11 02:43:08.838491 sonic INFO featured[9981]:     port_metadata = {'ETHERNET_PORTS_PRESENT': True if get_path_to_port_config_file(hwsku=None, asic="0" if is_multi_npu() else None) else False}
2025 Feb 11 02:43:08.838530 sonic INFO featured[9981]:                                                        ^^^^^^^^^^^^^^^^^^^^^^^^^^^^^^^^^^^^^^^^^^^^^^^^^^^^^^^^^^^^^^^^^^^^^^^^^^^^^^
2025 Feb 11 02:43:08.838547 sonic INFO featured[9981]:   File "/usr/local/lib/python3.11/dist-packages/sonic_py_common/device_info.py", line 446, in get_path_to_port_config_file
2025 Feb 11 02:43:08.838675 sonic INFO featured[9981]:     (platform_path, hwsku_path) = get_paths_to_platform_and_hwsku_dirs()
2025 Feb 11 02:43:08.838710 sonic INFO featured[9981]:                                   ^^^^^^^^^^^^^^^^^^^^^^^^^^^^^^^^^^^^^^
2025 Feb 11 02:43:08.838726 sonic INFO featured[9981]:   File "/usr/local/lib/python3.11/dist-packages/sonic_py_common/device_info.py", line 412, in get_paths_to_platform_and_hwsku_dirs
2025 Feb 11 02:43:08.838835 sonic INFO featured[9981]:     hwsku_path = os.path.join(platform_path, hwsku)
2025 Feb 11 02:43:08.838899 sonic INFO featured[9981]:                  ^^^^^^^^^^^^^^^^^^^^^^^^^^^^^^^^^^
2025 Feb 11 02:43:08.838925 sonic INFO featured[9981]:   File "<frozen posixpath>", line 90, in join
2025 Feb 11 02:43:08.838950 sonic INFO featured[9981]:   File "<frozen genericpath>", line 152, in _check_arg_types
2025 Feb 11 02:43:08.838979 sonic INFO featured[9981]: TypeError: join() argument must be str, bytes, or os.PathLike object, not 'NoneType'
2025 Feb 11 02:43:08.857254 sonic NOTICE systemd[1]: featured.service: Main process exited, code=exited, status=1/FAILURE
2025 Feb 11 02:43:08.857435 sonic WARNING systemd[1]: featured.service: Failed with result 'exit-code'.
2025 Feb 11 02:43:08.898542 sonic INFO systemd[1]: Started featured.service - Feature configuration daemon.
2025 Feb 11 02:43:09.040498 sonic INFO featured: ConfigDB connect success
2025 Feb 11 02:43:09.044293 sonic INFO featured[9983]: Traceback (most recent call last):
2025 Feb 11 02:43:09.044340 sonic INFO featured[9983]:   File "/usr/local/bin/featured", line 598, in <module>
2025 Feb 11 02:43:09.044519 sonic INFO featured[9983]:     main()
2025 Feb 11 02:43:09.044558 sonic INFO featured[9983]:   File "/usr/local/bin/featured", line 591, in main
2025 Feb 11 02:43:09.044681 sonic INFO featured[9983]:     daemon = FeatureDaemon()
2025 Feb 11 02:43:09.044721 sonic INFO featured[9983]:              ^^^^^^^^^^^^^^^
2025 Feb 11 02:43:09.044739 sonic INFO featured[9983]:   File "/usr/local/bin/featured", line 529, in __init__
2025 Feb 11 02:43:09.044854 sonic INFO featured[9983]:     self.feature_handler = FeatureHandler(self.config_db, feature_state_table, self.device_config, self.advanced_boot)
2025 Feb 11 02:43:09.044893 sonic INFO featured[9983]:                            ^^^^^^^^^^^^^^^^^^^^^^^^^^^^^^^^^^^^^^^^^^^^^^^^^^^^^^^^^^^^^^^^^^^^^^^^^^^^^^^^^^^^^^^^^^^
2025 Feb 11 02:43:09.044910 sonic INFO featured[9983]:   File "/usr/local/bin/featured", line 136, in __init__
2025 Feb 11 02:43:09.044965 sonic INFO featured[9983]:     self._device_running_config = device_info.get_device_runtime_metadata()
2025 Feb 11 02:43:09.044989 sonic INFO featured[9983]:                                   ^^^^^^^^^^^^^^^^^^^^^^^^^^^^^^^^^^^^^^^^^
2025 Feb 11 02:43:09.045006 sonic INFO featured[9983]:   File "/usr/local/lib/python3.11/dist-packages/sonic_py_common/device_info.py", line 680, in get_device_runtime_metadata
2025 Feb 11 02:43:09.045131 sonic INFO featured[9983]:     port_metadata = {'ETHERNET_PORTS_PRESENT': True if get_path_to_port_config_file(hwsku=None, asic="0" if is_multi_npu() else None) else False}
2025 Feb 11 02:43:09.045170 sonic INFO featured[9983]:                                                        ^^^^^^^^^^^^^^^^^^^^^^^^^^^^^^^^^^^^^^^^^^^^^^^^^^^^^^^^^^^^^^^^^^^^^^^^^^^^^^
2025 Feb 11 02:43:09.045187 sonic INFO featured[9983]:   File "/usr/local/lib/python3.11/dist-packages/sonic_py_common/device_info.py", line 446, in get_path_to_port_config_file
2025 Feb 11 02:43:09.045251 sonic INFO featured[9983]:     (platform_path, hwsku_path) = get_paths_to_platform_and_hwsku_dirs()
2025 Feb 11 02:43:09.045309 sonic INFO featured[9983]:                                   ^^^^^^^^^^^^^^^^^^^^^^^^^^^^^^^^^^^^^^
2025 Feb 11 02:43:09.045335 sonic INFO featured[9983]:   File "/usr/local/lib/python3.11/dist-packages/sonic_py_common/device_info.py", line 412, in get_paths_to_platform_and_hwsku_dirs
2025 Feb 11 02:43:09.045391 sonic INFO featured[9983]:     hwsku_path = os.path.join(platform_path, hwsku)
2025 Feb 11 02:43:09.045423 sonic INFO featured[9983]:                  ^^^^^^^^^^^^^^^^^^^^^^^^^^^^^^^^^^
2025 Feb 11 02:43:09.045440 sonic INFO featured[9983]:   File "<frozen posixpath>", line 90, in join
2025 Feb 11 02:43:09.045456 sonic INFO featured[9983]:   File "<frozen genericpath>", line 152, in _check_arg_types
2025 Feb 11 02:43:09.045504 sonic INFO featured[9983]: TypeError: join() argument must be str, bytes, or os.PathLike object, not 'NoneType'
2025 Feb 11 02:43:09.063667 sonic NOTICE systemd[1]: featured.service: Main process exited, code=exited, status=1/FAILURE
2025 Feb 11 02:43:09.063793 sonic WARNING systemd[1]: featured.service: Failed with result 'exit-code'.
2025 Feb 11 02:43:09.103620 sonic INFO systemd[1]: Started featured.service - Feature configuration daemon.
2025 Feb 11 02:43:09.240621 sonic INFO featured: ConfigDB connect success
2025 Feb 11 02:43:09.245320 sonic INFO featured[9985]: Traceback (most recent call last):
2025 Feb 11 02:43:09.245375 sonic INFO featured[9985]:   File "/usr/local/bin/featured", line 598, in <module>
2025 Feb 11 02:43:09.245537 sonic INFO featured[9985]:     main()
2025 Feb 11 02:43:09.245619 sonic INFO featured[9985]:   File "/usr/local/bin/featured", line 591, in main
2025 Feb 11 02:43:09.245812 sonic INFO featured[9985]:     daemon = FeatureDaemon()
2025 Feb 11 02:43:09.245854 sonic INFO featured[9985]:              ^^^^^^^^^^^^^^^
2025 Feb 11 02:43:09.245902 sonic INFO featured[9985]:   File "/usr/local/bin/featured", line 529, in __init__
2025 Feb 11 02:43:09.245981 sonic INFO featured[9985]:     self.feature_handler = FeatureHandler(self.config_db, feature_state_table, self.device_config, self.advanced_boot)
2025 Feb 11 02:43:09.246056 sonic INFO featured[9985]:                            ^^^^^^^^^^^^^^^^^^^^^^^^^^^^^^^^^^^^^^^^^^^^^^^^^^^^^^^^^^^^^^^^^^^^^^^^^^^^^^^^^^^^^^^^^^^
2025 Feb 11 02:43:09.246088 sonic INFO featured[9985]:   File "/usr/local/bin/featured", line 136, in __init__
2025 Feb 11 02:43:09.246196 sonic INFO featured[9985]:     self._device_running_config = device_info.get_device_runtime_metadata()
2025 Feb 11 02:43:09.246231 sonic INFO featured[9985]:                                   ^^^^^^^^^^^^^^^^^^^^^^^^^^^^^^^^^^^^^^^^^
2025 Feb 11 02:43:09.246248 sonic INFO featured[9985]:   File "/usr/local/lib/python3.11/dist-packages/sonic_py_common/device_info.py", line 680, in get_device_runtime_metadata
2025 Feb 11 02:43:09.246461 sonic INFO featured[9985]:     port_metadata = {'ETHERNET_PORTS_PRESENT': True if get_path_to_port_config_file(hwsku=None, asic="0" if is_multi_npu() else None) else False}
2025 Feb 11 02:43:09.246501 sonic INFO featured[9985]:                                                        ^^^^^^^^^^^^^^^^^^^^^^^^^^^^^^^^^^^^^^^^^^^^^^^^^^^^^^^^^^^^^^^^^^^^^^^^^^^^^^
2025 Feb 11 02:43:09.246518 sonic INFO featured[9985]:   File "/usr/local/lib/python3.11/dist-packages/sonic_py_common/device_info.py", line 446, in get_path_to_port_config_file
2025 Feb 11 02:43:09.246641 sonic INFO featured[9985]:     (platform_path, hwsku_path) = get_paths_to_platform_and_hwsku_dirs()
2025 Feb 11 02:43:09.246676 sonic INFO featured[9985]:                                   ^^^^^^^^^^^^^^^^^^^^^^^^^^^^^^^^^^^^^^
2025 Feb 11 02:43:09.246698 sonic INFO featured[9985]:   File "/usr/local/lib/python3.11/dist-packages/sonic_py_common/device_info.py", line 412, in get_paths_to_platform_and_hwsku_dirs
2025 Feb 11 02:43:09.246818 sonic INFO featured[9985]:     hwsku_path = os.path.join(platform_path, hwsku)
2025 Feb 11 02:43:09.246852 sonic INFO featured[9985]:                  ^^^^^^^^^^^^^^^^^^^^^^^^^^^^^^^^^^
2025 Feb 11 02:43:09.246876 sonic INFO featured[9985]:   File "<frozen posixpath>", line 90, in join
2025 Feb 11 02:43:09.246892 sonic INFO featured[9985]:   File "<frozen genericpath>", line 152, in _check_arg_types
2025 Feb 11 02:43:09.246909 sonic INFO featured[9985]: TypeError: join() argument must be str, bytes, or os.PathLike object, not 'NoneType'
2025 Feb 11 02:43:09.265730 sonic NOTICE systemd[1]: featured.service: Main process exited, code=exited, status=1/FAILURE
2025 Feb 11 02:43:09.265864 sonic WARNING systemd[1]: featured.service: Failed with result 'exit-code'.
2025 Feb 11 02:43:09.267466 sonic WARNING systemd[1]: featured.service: Start request repeated too quickly.
2025 Feb 11 02:43:09.267519 sonic WARNING systemd[1]: featured.service: Failed with result 'exit-code'.
2025 Feb 11 02:43:09.267559 sonic ERR systemd[1]: Failed to start featured.service - Feature configuration daemon.
2025 Feb 11 02:43:13.278489 sonic WARNING systemd[1]: featured.service: Start request repeated too quickly.
2025 Feb 11 02:43:13.278680 sonic WARNING systemd[1]: featured.service: Failed with result 'exit-code'.
2025 Feb 11 02:43:13.278729 sonic ERR systemd[1]: Failed to start featured.service - Feature configuration daemon.
2025 Feb 11 02:43:13.778971 sonic INFO systemd[1]: caclmgrd.service: Scheduled restart job, restart counter is at 32.
2025 Feb 11 02:43:13.779430 sonic INFO systemd[1]: Stopped caclmgrd.service - Control Plane ACL configuration daemon.
2025 Feb 11 02:43:13.810672 sonic INFO systemd[1]: Started caclmgrd.service - Control Plane ACL configuration daemon.
2025 Feb 11 02:43:13.811079 sonic WARNING systemd[1]: featured.service: Start request repeated too quickly.
2025 Feb 11 02:43:13.811153 sonic WARNING systemd[1]: featured.service: Failed with result 'exit-code'.
2025 Feb 11 02:43:13.811244 sonic ERR systemd[1]: Failed to start featured.service - Feature configuration daemon.
2025 Feb 11 02:43:13.812823 sonic WARNING systemd[1]: featured.service: Start request repeated too quickly.
2025 Feb 11 02:43:13.812874 sonic WARNING systemd[1]: featured.service: Failed with result 'exit-code'.
2025 Feb 11 02:43:13.812902 sonic ERR systemd[1]: Failed to start featured.service - Feature configuration daemon.
2025 Feb 11 02:43:13.932379 sonic INFO caclmgrd[9997]: Traceback (most recent call last):
2025 Feb 11 02:43:13.932492 sonic INFO caclmgrd[9997]:   File "/usr/local/bin/caclmgrd", line 1146, in <module>
2025 Feb 11 02:43:13.932540 sonic INFO caclmgrd[9997]:     main()
2025 Feb 11 02:43:13.932568 sonic INFO caclmgrd[9997]:   File "/usr/local/bin/caclmgrd", line 1137, in main
2025 Feb 11 02:43:13.932593 sonic INFO caclmgrd[9997]:     caclmgr = ControlPlaneAclManager(SYSLOG_IDENTIFIER)
2025 Feb 11 02:43:13.932617 sonic INFO caclmgrd[9997]:               ^^^^^^^^^^^^^^^^^^^^^^^^^^^^^^^^^^^^^^^^^
2025 Feb 11 02:43:13.932642 sonic INFO caclmgrd[9997]:   File "/usr/local/bin/caclmgrd", line 156, in __init__
2025 Feb 11 02:43:13.932658 sonic INFO caclmgrd[9997]:     if 'subtype' in metadata['localhost'] and metadata['localhost']['subtype'] == 'DualToR':
2025 Feb 11 02:43:13.932688 sonic INFO caclmgrd[9997]:                     ~~~~~~~~^^^^^^^^^^^^^
2025 Feb 11 02:43:13.932714 sonic INFO caclmgrd[9997]: KeyError: 'localhost'
2025 Feb 11 02:43:13.944548 sonic NOTICE systemd[1]: caclmgrd.service: Main process exited, code=exited, status=1/FAILURE
2025 Feb 11 02:43:13.944717 sonic WARNING systemd[1]: caclmgrd.service: Failed with result 'exit-code'.
2025 Feb 11 02:43:13.946472 sonic WARNING systemd[1]: featured.service: Start request repeated too quickly.
2025 Feb 11 02:43:13.946532 sonic WARNING systemd[1]: featured.service: Failed with result 'exit-code'.
2025 Feb 11 02:43:13.946615 sonic ERR systemd[1]: Failed to start featured.service - Feature configuration daemon.
2025 Feb 11 02:43:14.397060 sonic WARNING systemd[1]: featured.service: Start request repeated too quickly.
2025 Feb 11 02:43:14.397142 sonic WARNING systemd[1]: featured.service: Failed with result 'exit-code'.
2025 Feb 11 02:43:14.397211 sonic ERR systemd[1]: Failed to start featured.service - Feature configuration daemon.
2025 Feb 11 02:43:34.730717 sonic INFO systemd[1]: Started featured.service - Feature configuration daemon.
2025 Feb 11 02:43:34.872835 sonic INFO featured: ConfigDB connect success
2025 Feb 11 02:43:34.877112 sonic INFO featured[10076]: Traceback (most recent call last):
2025 Feb 11 02:43:34.877158 sonic INFO featured[10076]:   File "/usr/local/bin/featured", line 598, in <module>
2025 Feb 11 02:43:34.877333 sonic INFO featured[10076]:     main()
2025 Feb 11 02:43:34.877372 sonic INFO featured[10076]:   File "/usr/local/bin/featured", line 591, in main
2025 Feb 11 02:43:34.877548 sonic INFO featured[10076]:     daemon = FeatureDaemon()
2025 Feb 11 02:43:34.877587 sonic INFO featured[10076]:              ^^^^^^^^^^^^^^^
2025 Feb 11 02:43:34.877605 sonic INFO featured[10076]:   File "/usr/local/bin/featured", line 529, in __init__
2025 Feb 11 02:43:34.877715 sonic INFO featured[10076]:     self.feature_handler = FeatureHandler(self.config_db, feature_state_table, self.device_config, self.advanced_boot)
2025 Feb 11 02:43:34.877753 sonic INFO featured[10076]:                            ^^^^^^^^^^^^^^^^^^^^^^^^^^^^^^^^^^^^^^^^^^^^^^^^^^^^^^^^^^^^^^^^^^^^^^^^^^^^^^^^^^^^^^^^^^^
2025 Feb 11 02:43:34.877769 sonic INFO featured[10076]:   File "/usr/local/bin/featured", line 136, in __init__
2025 Feb 11 02:43:34.877807 sonic INFO featured[10076]:     self._device_running_config = device_info.get_device_runtime_metadata()
2025 Feb 11 02:43:34.877840 sonic INFO featured[10076]:                                   ^^^^^^^^^^^^^^^^^^^^^^^^^^^^^^^^^^^^^^^^^
2025 Feb 11 02:43:34.877866 sonic INFO featured[10076]:   File "/usr/local/lib/python3.11/dist-packages/sonic_py_common/device_info.py", line 680, in get_device_runtime_metadata
2025 Feb 11 02:43:34.877940 sonic INFO featured[10076]:     port_metadata = {'ETHERNET_PORTS_PRESENT': True if get_path_to_port_config_file(hwsku=None, asic="0" if is_multi_npu() else None) else False}
2025 Feb 11 02:43:34.877991 sonic INFO featured[10076]:                                                        ^^^^^^^^^^^^^^^^^^^^^^^^^^^^^^^^^^^^^^^^^^^^^^^^^^^^^^^^^^^^^^^^^^^^^^^^^^^^^^
2025 Feb 11 02:43:34.878023 sonic INFO featured[10076]:   File "/usr/local/lib/python3.11/dist-packages/sonic_py_common/device_info.py", line 446, in get_path_to_port_config_file
2025 Feb 11 02:43:34.878083 sonic INFO featured[10076]:     (platform_path, hwsku_path) = get_paths_to_platform_and_hwsku_dirs()
2025 Feb 11 02:43:34.878114 sonic INFO featured[10076]:                                   ^^^^^^^^^^^^^^^^^^^^^^^^^^^^^^^^^^^^^^
2025 Feb 11 02:43:34.878140 sonic INFO featured[10076]:   File "/usr/local/lib/python3.11/dist-packages/sonic_py_common/device_info.py", line 412, in get_paths_to_platform_and_hwsku_dirs
2025 Feb 11 02:43:34.878188 sonic INFO featured[10076]:     hwsku_path = os.path.join(platform_path, hwsku)
2025 Feb 11 02:43:34.878221 sonic INFO featured[10076]:                  ^^^^^^^^^^^^^^^^^^^^^^^^^^^^^^^^^^
2025 Feb 11 02:43:34.878271 sonic INFO featured[10076]:   File "<frozen posixpath>", line 90, in join
2025 Feb 11 02:43:34.878296 sonic INFO featured[10076]:   File "<frozen genericpath>", line 152, in _check_arg_types
2025 Feb 11 02:43:34.878312 sonic INFO featured[10076]: TypeError: join() argument must be str, bytes, or os.PathLike object, not 'NoneType'
2025 Feb 11 02:43:34.896543 sonic NOTICE systemd[1]: featured.service: Main process exited, code=exited, status=1/FAILURE
2025 Feb 11 02:43:34.896676 sonic WARNING systemd[1]: featured.service: Failed with result 'exit-code'.
2025 Feb 11 02:43:34.926504 sonic INFO systemd[1]: Started featured.service - Feature configuration daemon.
2025 Feb 11 02:43:35.059497 sonic INFO featured: ConfigDB connect success
2025 Feb 11 02:43:35.069628 sonic INFO featured[10079]: Traceback (most recent call last):
2025 Feb 11 02:43:35.069908 sonic INFO featured[10079]:   File "/usr/local/bin/featured", line 598, in <module>
2025 Feb 11 02:43:35.069998 sonic INFO featured[10079]:     main()
2025 Feb 11 02:43:35.070029 sonic INFO featured[10079]:   File "/usr/local/bin/featured", line 591, in main
2025 Feb 11 02:43:35.070056 sonic INFO featured[10079]:     daemon = FeatureDaemon()
2025 Feb 11 02:43:35.070089 sonic INFO featured[10079]:              ^^^^^^^^^^^^^^^
2025 Feb 11 02:43:35.070115 sonic INFO featured[10079]:   File "/usr/local/bin/featured", line 529, in __init__
2025 Feb 11 02:43:35.070215 sonic INFO featured[10079]:     self.feature_handler = FeatureHandler(self.config_db, feature_state_table, self.device_config, self.advanced_boot)
2025 Feb 11 02:43:35.070436 sonic INFO featured[10079]:                            ^^^^^^^^^^^^^^^^^^^^^^^^^^^^^^^^^^^^^^^^^^^^^^^^^^^^^^^^^^^^^^^^^^^^^^^^^^^^^^^^^^^^^^^^^^^
2025 Feb 11 02:43:35.070470 sonic INFO featured[10079]:   File "/usr/local/bin/featured", line 136, in __init__
2025 Feb 11 02:43:35.070525 sonic INFO featured[10079]:     self._device_running_config = device_info.get_device_runtime_metadata()
2025 Feb 11 02:43:35.070577 sonic INFO featured[10079]:                                   ^^^^^^^^^^^^^^^^^^^^^^^^^^^^^^^^^^^^^^^^^
2025 Feb 11 02:43:35.070609 sonic INFO featured[10079]:   File "/usr/local/lib/python3.11/dist-packages/sonic_py_common/device_info.py", line 680, in get_device_runtime_metadata
2025 Feb 11 02:43:35.070786 sonic INFO featured[10079]:     port_metadata = {'ETHERNET_PORTS_PRESENT': True if get_path_to_port_config_file(hwsku=None, asic="0" if is_multi_npu() else None) else False}
2025 Feb 11 02:43:35.070844 sonic INFO featured[10079]:                                                        ^^^^^^^^^^^^^^^^^^^^^^^^^^^^^^^^^^^^^^^^^^^^^^^^^^^^^^^^^^^^^^^^^^^^^^^^^^^^^^
2025 Feb 11 02:43:35.070871 sonic INFO featured[10079]:   File "/usr/local/lib/python3.11/dist-packages/sonic_py_common/device_info.py", line 446, in get_path_to_port_config_file
2025 Feb 11 02:43:35.070992 sonic INFO featured[10079]:     (platform_path, hwsku_path) = get_paths_to_platform_and_hwsku_dirs()
2025 Feb 11 02:43:35.071026 sonic INFO featured[10079]:                                   ^^^^^^^^^^^^^^^^^^^^^^^^^^^^^^^^^^^^^^
2025 Feb 11 02:43:35.071052 sonic INFO featured[10079]:   File "/usr/local/lib/python3.11/dist-packages/sonic_py_common/device_info.py", line 412, in get_paths_to_platform_and_hwsku_dirs
2025 Feb 11 02:43:35.071157 sonic INFO featured[10079]:     hwsku_path = os.path.join(platform_path, hwsku)
2025 Feb 11 02:43:35.071212 sonic INFO featured[10079]:                  ^^^^^^^^^^^^^^^^^^^^^^^^^^^^^^^^^^
2025 Feb 11 02:43:35.071245 sonic INFO featured[10079]:   File "<frozen posixpath>", line 90, in join
2025 Feb 11 02:43:35.071281 sonic INFO featured[10079]:   File "<frozen genericpath>", line 152, in _check_arg_types
2025 Feb 11 02:43:35.071306 sonic INFO featured[10079]: TypeError: join() argument must be str, bytes, or os.PathLike object, not 'NoneType'
2025 Feb 11 02:43:35.092121 sonic NOTICE systemd[1]: featured.service: Main process exited, code=exited, status=1/FAILURE
2025 Feb 11 02:43:35.092279 sonic WARNING systemd[1]: featured.service: Failed with result 'exit-code'.
2025 Feb 11 02:43:35.131163 sonic INFO systemd[1]: Started featured.service - Feature configuration daemon.
2025 Feb 11 02:43:35.262632 sonic INFO featured: ConfigDB connect success
2025 Feb 11 02:43:35.266660 sonic INFO featured[10080]: Traceback (most recent call last):
2025 Feb 11 02:43:35.266708 sonic INFO featured[10080]:   File "/usr/local/bin/featured", line 598, in <module>
2025 Feb 11 02:43:35.266827 sonic INFO featured[10080]:     main()
2025 Feb 11 02:43:35.266866 sonic INFO featured[10080]:   File "/usr/local/bin/featured", line 591, in main
2025 Feb 11 02:43:35.266985 sonic INFO featured[10080]:     daemon = FeatureDaemon()
2025 Feb 11 02:43:35.267017 sonic INFO featured[10080]:              ^^^^^^^^^^^^^^^
2025 Feb 11 02:43:35.267039 sonic INFO featured[10080]:   File "/usr/local/bin/featured", line 529, in __init__
2025 Feb 11 02:43:35.267100 sonic INFO featured[10080]:     self.feature_handler = FeatureHandler(self.config_db, feature_state_table, self.device_config, self.advanced_boot)
2025 Feb 11 02:43:35.267135 sonic INFO featured[10080]:                            ^^^^^^^^^^^^^^^^^^^^^^^^^^^^^^^^^^^^^^^^^^^^^^^^^^^^^^^^^^^^^^^^^^^^^^^^^^^^^^^^^^^^^^^^^^^
2025 Feb 11 02:43:35.267156 sonic INFO featured[10080]:   File "/usr/local/bin/featured", line 136, in __init__
2025 Feb 11 02:43:35.267202 sonic INFO featured[10080]:     self._device_running_config = device_info.get_device_runtime_metadata()
2025 Feb 11 02:43:35.267234 sonic INFO featured[10080]:                                   ^^^^^^^^^^^^^^^^^^^^^^^^^^^^^^^^^^^^^^^^^
2025 Feb 11 02:43:35.267281 sonic INFO featured[10080]:   File "/usr/local/lib/python3.11/dist-packages/sonic_py_common/device_info.py", line 680, in get_device_runtime_metadata
2025 Feb 11 02:43:35.267393 sonic INFO featured[10080]:     port_metadata = {'ETHERNET_PORTS_PRESENT': True if get_path_to_port_config_file(hwsku=None, asic="0" if is_multi_npu() else None) else False}
2025 Feb 11 02:43:35.267432 sonic INFO featured[10080]:                                                        ^^^^^^^^^^^^^^^^^^^^^^^^^^^^^^^^^^^^^^^^^^^^^^^^^^^^^^^^^^^^^^^^^^^^^^^^^^^^^^
2025 Feb 11 02:43:35.267450 sonic INFO featured[10080]:   File "/usr/local/lib/python3.11/dist-packages/sonic_py_common/device_info.py", line 446, in get_path_to_port_config_file
2025 Feb 11 02:43:35.267515 sonic INFO featured[10080]:     (platform_path, hwsku_path) = get_paths_to_platform_and_hwsku_dirs()
2025 Feb 11 02:43:35.267546 sonic INFO featured[10080]:                                   ^^^^^^^^^^^^^^^^^^^^^^^^^^^^^^^^^^^^^^
2025 Feb 11 02:43:35.267570 sonic INFO featured[10080]:   File "/usr/local/lib/python3.11/dist-packages/sonic_py_common/device_info.py", line 412, in get_paths_to_platform_and_hwsku_dirs
2025 Feb 11 02:43:35.267620 sonic INFO featured[10080]:     hwsku_path = os.path.join(platform_path, hwsku)
2025 Feb 11 02:43:35.267654 sonic INFO featured[10080]:                  ^^^^^^^^^^^^^^^^^^^^^^^^^^^^^^^^^^
2025 Feb 11 02:43:35.267678 sonic INFO featured[10080]:   File "<frozen posixpath>", line 90, in join
2025 Feb 11 02:43:35.267703 sonic INFO featured[10080]:   File "<frozen genericpath>", line 152, in _check_arg_types
2025 Feb 11 02:43:35.267727 sonic INFO featured[10080]: TypeError: join() argument must be str, bytes, or os.PathLike object, not 'NoneType'
2025 Feb 11 02:43:35.285690 sonic NOTICE systemd[1]: featured.service: Main process exited, code=exited, status=1/FAILURE
2025 Feb 11 02:43:35.285858 sonic WARNING systemd[1]: featured.service: Failed with result 'exit-code'.
2025 Feb 11 02:43:35.326937 sonic INFO systemd[1]: Started featured.service - Feature configuration daemon.
2025 Feb 11 02:43:35.459049 sonic INFO featured: ConfigDB connect success
2025 Feb 11 02:43:35.462866 sonic INFO featured[10081]: Traceback (most recent call last):
2025 Feb 11 02:43:35.462912 sonic INFO featured[10081]:   File "/usr/local/bin/featured", line 598, in <module>
2025 Feb 11 02:43:35.463030 sonic INFO featured[10081]:     main()
2025 Feb 11 02:43:35.463069 sonic INFO featured[10081]:   File "/usr/local/bin/featured", line 591, in main
2025 Feb 11 02:43:35.463189 sonic INFO featured[10081]:     daemon = FeatureDaemon()
2025 Feb 11 02:43:35.463221 sonic INFO featured[10081]:              ^^^^^^^^^^^^^^^
2025 Feb 11 02:43:35.463243 sonic INFO featured[10081]:   File "/usr/local/bin/featured", line 529, in __init__
2025 Feb 11 02:43:35.463335 sonic INFO featured[10081]:     self.feature_handler = FeatureHandler(self.config_db, feature_state_table, self.device_config, self.advanced_boot)
2025 Feb 11 02:43:35.463373 sonic INFO featured[10081]:                            ^^^^^^^^^^^^^^^^^^^^^^^^^^^^^^^^^^^^^^^^^^^^^^^^^^^^^^^^^^^^^^^^^^^^^^^^^^^^^^^^^^^^^^^^^^^
2025 Feb 11 02:43:35.463389 sonic INFO featured[10081]:   File "/usr/local/bin/featured", line 136, in __init__
2025 Feb 11 02:43:35.463438 sonic INFO featured[10081]:     self._device_running_config = device_info.get_device_runtime_metadata()
2025 Feb 11 02:43:35.463471 sonic INFO featured[10081]:                                   ^^^^^^^^^^^^^^^^^^^^^^^^^^^^^^^^^^^^^^^^^
2025 Feb 11 02:43:35.463496 sonic INFO featured[10081]:   File "/usr/local/lib/python3.11/dist-packages/sonic_py_common/device_info.py", line 680, in get_device_runtime_metadata
2025 Feb 11 02:43:35.463604 sonic INFO featured[10081]:     port_metadata = {'ETHERNET_PORTS_PRESENT': True if get_path_to_port_config_file(hwsku=None, asic="0" if is_multi_npu() else None) else False}
2025 Feb 11 02:43:35.463643 sonic INFO featured[10081]:                                                        ^^^^^^^^^^^^^^^^^^^^^^^^^^^^^^^^^^^^^^^^^^^^^^^^^^^^^^^^^^^^^^^^^^^^^^^^^^^^^^
2025 Feb 11 02:43:35.463660 sonic INFO featured[10081]:   File "/usr/local/lib/python3.11/dist-packages/sonic_py_common/device_info.py", line 446, in get_path_to_port_config_file
2025 Feb 11 02:43:35.463721 sonic INFO featured[10081]:     (platform_path, hwsku_path) = get_paths_to_platform_and_hwsku_dirs()
2025 Feb 11 02:43:35.463753 sonic INFO featured[10081]:                                   ^^^^^^^^^^^^^^^^^^^^^^^^^^^^^^^^^^^^^^
2025 Feb 11 02:43:35.463778 sonic INFO featured[10081]:   File "/usr/local/lib/python3.11/dist-packages/sonic_py_common/device_info.py", line 412, in get_paths_to_platform_and_hwsku_dirs
2025 Feb 11 02:43:35.463826 sonic INFO featured[10081]:     hwsku_path = os.path.join(platform_path, hwsku)
2025 Feb 11 02:43:35.463859 sonic INFO featured[10081]:                  ^^^^^^^^^^^^^^^^^^^^^^^^^^^^^^^^^^
2025 Feb 11 02:43:35.463885 sonic INFO featured[10081]:   File "<frozen posixpath>", line 90, in join
2025 Feb 11 02:43:35.463909 sonic INFO featured[10081]:   File "<frozen genericpath>", line 152, in _check_arg_types
2025 Feb 11 02:43:35.463934 sonic INFO featured[10081]: TypeError: join() argument must be str, bytes, or os.PathLike object, not 'NoneType'
2025 Feb 11 02:43:35.482278 sonic NOTICE systemd[1]: featured.service: Main process exited, code=exited, status=1/FAILURE
2025 Feb 11 02:43:35.482416 sonic WARNING systemd[1]: featured.service: Failed with result 'exit-code'.
2025 Feb 11 02:43:35.507784 sonic INFO systemd[1]: Started featured.service - Feature configuration daemon.
2025 Feb 11 02:43:35.648686 sonic INFO featured: ConfigDB connect success
2025 Feb 11 02:43:35.652622 sonic INFO featured[10083]: Traceback (most recent call last):
2025 Feb 11 02:43:35.652684 sonic INFO featured[10083]:   File "/usr/local/bin/featured", line 598, in <module>
2025 Feb 11 02:43:35.652764 sonic INFO featured[10083]:     main()
2025 Feb 11 02:43:35.652804 sonic INFO featured[10083]:   File "/usr/local/bin/featured", line 591, in main
2025 Feb 11 02:43:35.652921 sonic INFO featured[10083]:     daemon = FeatureDaemon()
2025 Feb 11 02:43:35.652962 sonic INFO featured[10083]:              ^^^^^^^^^^^^^^^
2025 Feb 11 02:43:35.652988 sonic INFO featured[10083]:   File "/usr/local/bin/featured", line 529, in __init__
2025 Feb 11 02:43:35.653021 sonic INFO featured[10083]:     self.feature_handler = FeatureHandler(self.config_db, feature_state_table, self.device_config, self.advanced_boot)
2025 Feb 11 02:43:35.653072 sonic INFO featured[10083]:                            ^^^^^^^^^^^^^^^^^^^^^^^^^^^^^^^^^^^^^^^^^^^^^^^^^^^^^^^^^^^^^^^^^^^^^^^^^^^^^^^^^^^^^^^^^^^
2025 Feb 11 02:43:35.653102 sonic INFO featured[10083]:   File "/usr/local/bin/featured", line 136, in __init__
2025 Feb 11 02:43:35.653124 sonic INFO featured[10083]:     self._device_running_config = device_info.get_device_runtime_metadata()
2025 Feb 11 02:43:35.653156 sonic INFO featured[10083]:                                   ^^^^^^^^^^^^^^^^^^^^^^^^^^^^^^^^^^^^^^^^^
2025 Feb 11 02:43:35.653181 sonic INFO featured[10083]:   File "/usr/local/lib/python3.11/dist-packages/sonic_py_common/device_info.py", line 680, in get_device_runtime_metadata
2025 Feb 11 02:43:35.653292 sonic INFO featured[10083]:     port_metadata = {'ETHERNET_PORTS_PRESENT': True if get_path_to_port_config_file(hwsku=None, asic="0" if is_multi_npu() else None) else False}
2025 Feb 11 02:43:35.653347 sonic INFO featured[10083]:                                                        ^^^^^^^^^^^^^^^^^^^^^^^^^^^^^^^^^^^^^^^^^^^^^^^^^^^^^^^^^^^^^^^^^^^^^^^^^^^^^^
2025 Feb 11 02:43:35.653374 sonic INFO featured[10083]:   File "/usr/local/lib/python3.11/dist-packages/sonic_py_common/device_info.py", line 446, in get_path_to_port_config_file
2025 Feb 11 02:43:35.653444 sonic INFO featured[10083]:     (platform_path, hwsku_path) = get_paths_to_platform_and_hwsku_dirs()
2025 Feb 11 02:43:35.653523 sonic INFO featured[10083]:                                   ^^^^^^^^^^^^^^^^^^^^^^^^^^^^^^^^^^^^^^
2025 Feb 11 02:43:35.653567 sonic INFO featured[10083]:   File "/usr/local/lib/python3.11/dist-packages/sonic_py_common/device_info.py", line 412, in get_paths_to_platform_and_hwsku_dirs
2025 Feb 11 02:43:35.653632 sonic INFO featured[10083]:     hwsku_path = os.path.join(platform_path, hwsku)
2025 Feb 11 02:43:35.653665 sonic INFO featured[10083]:                  ^^^^^^^^^^^^^^^^^^^^^^^^^^^^^^^^^^
2025 Feb 11 02:43:35.653691 sonic INFO featured[10083]:   File "<frozen posixpath>", line 90, in join
2025 Feb 11 02:43:35.653715 sonic INFO featured[10083]:   File "<frozen genericpath>", line 152, in _check_arg_types
2025 Feb 11 02:43:35.653744 sonic INFO featured[10083]: TypeError: join() argument must be str, bytes, or os.PathLike object, not 'NoneType'
2025 Feb 11 02:43:35.671883 sonic NOTICE systemd[1]: featured.service: Main process exited, code=exited, status=1/FAILURE
2025 Feb 11 02:43:35.672019 sonic WARNING systemd[1]: featured.service: Failed with result 'exit-code'.
2025 Feb 11 02:43:35.678965 sonic WARNING systemd[1]: featured.service: Start request repeated too quickly.
2025 Feb 11 02:43:35.680274 sonic WARNING systemd[1]: featured.service: Failed with result 'exit-code'.
2025 Feb 11 02:43:35.680381 sonic ERR systemd[1]: Failed to start featured.service - Feature configuration daemon.
2025 Feb 11 02:43:38.279869 sonic WARNING systemd[1]: featured.service: Start request repeated too quickly.
2025 Feb 11 02:43:38.280208 sonic WARNING systemd[1]: featured.service: Failed with result 'exit-code'.
2025 Feb 11 02:43:38.280283 sonic ERR systemd[1]: Failed to start featured.service - Feature configuration daemon.
2025 Feb 11 02:43:43.280424 sonic WARNING systemd[1]: featured.service: Start request repeated too quickly.
2025 Feb 11 02:43:43.280840 sonic WARNING systemd[1]: featured.service: Failed with result 'exit-code'.
2025 Feb 11 02:43:43.280905 sonic ERR systemd[1]: Failed to start featured.service - Feature configuration daemon.
2025 Feb 11 02:43:44.028432 sonic INFO systemd[1]: caclmgrd.service: Scheduled restart job, restart counter is at 33.
2025 Feb 11 02:43:44.028657 sonic INFO systemd[1]: Stopped caclmgrd.service - Control Plane ACL configuration daemon.
2025 Feb 11 02:43:44.074331 sonic INFO systemd[1]: Started caclmgrd.service - Control Plane ACL configuration daemon.
2025 Feb 11 02:43:44.074648 sonic WARNING systemd[1]: featured.service: Start request repeated too quickly.
2025 Feb 11 02:43:44.074728 sonic WARNING systemd[1]: featured.service: Failed with result 'exit-code'.
2025 Feb 11 02:43:44.074760 sonic ERR systemd[1]: Failed to start featured.service - Feature configuration daemon.
2025 Feb 11 02:43:44.076217 sonic WARNING systemd[1]: featured.service: Start request repeated too quickly.
2025 Feb 11 02:43:44.076299 sonic WARNING systemd[1]: featured.service: Failed with result 'exit-code'.
2025 Feb 11 02:43:44.076328 sonic ERR systemd[1]: Failed to start featured.service - Feature configuration daemon.
2025 Feb 11 02:43:44.077348 sonic WARNING systemd[1]: featured.service: Start request repeated too quickly.
2025 Feb 11 02:43:44.077408 sonic WARNING systemd[1]: featured.service: Failed with result 'exit-code'.
2025 Feb 11 02:43:44.077449 sonic ERR systemd[1]: Failed to start featured.service - Feature configuration daemon.
2025 Feb 11 02:43:44.190681 sonic INFO caclmgrd[10102]: Traceback (most recent call last):
2025 Feb 11 02:43:44.190795 sonic INFO caclmgrd[10102]:   File "/usr/local/bin/caclmgrd", line 1146, in <module>
2025 Feb 11 02:43:44.190831 sonic INFO caclmgrd[10102]:     main()
2025 Feb 11 02:43:44.190848 sonic INFO caclmgrd[10102]:   File "/usr/local/bin/caclmgrd", line 1137, in main
2025 Feb 11 02:43:44.190879 sonic INFO caclmgrd[10102]:     caclmgr = ControlPlaneAclManager(SYSLOG_IDENTIFIER)
2025 Feb 11 02:43:44.190895 sonic INFO caclmgrd[10102]:               ^^^^^^^^^^^^^^^^^^^^^^^^^^^^^^^^^^^^^^^^^
2025 Feb 11 02:43:44.190920 sonic INFO caclmgrd[10102]:   File "/usr/local/bin/caclmgrd", line 156, in __init__
2025 Feb 11 02:43:44.190945 sonic INFO caclmgrd[10102]:     if 'subtype' in metadata['localhost'] and metadata['localhost']['subtype'] == 'DualToR':
2025 Feb 11 02:43:44.190976 sonic INFO caclmgrd[10102]:                     ~~~~~~~~^^^^^^^^^^^^^
2025 Feb 11 02:43:44.191004 sonic INFO caclmgrd[10102]: KeyError: 'localhost'
2025 Feb 11 02:43:44.202916 sonic NOTICE systemd[1]: caclmgrd.service: Main process exited, code=exited, status=1/FAILURE
2025 Feb 11 02:43:44.203058 sonic WARNING systemd[1]: caclmgrd.service: Failed with result 'exit-code'.
2025 Feb 11 02:43:44.205359 sonic WARNING systemd[1]: featured.service: Start request repeated too quickly.
2025 Feb 11 02:43:44.205408 sonic WARNING systemd[1]: featured.service: Failed with result 'exit-code'.
2025 Feb 11 02:43:44.205543 sonic ERR systemd[1]: Failed to start featured.service - Feature configuration daemon.
2025 Feb 11 02:43:54.638759 sonic ERR monit[828]: 'container_checker' status failed (4) -- Unexpected running containers: bgp1, bgp0, eventd, database2, macsec2, database3, database1, database, database0, macsec3, macsec0, bgp3, macsec1, bgp2
2025 Feb 11 02:43:54.763375 sonic DEBUG mgmt_oper_status.py: No management interface found
2025 Feb 11 02:43:54.966689 sonic INFO systemd[1]: Started featured.service - Feature configuration daemon.
2025 Feb 11 02:43:54.993136 sonic INFO memory_checker: [memory_checker] Exits without checking memory usage since container 'snmp' is not running!
2025 Feb 11 02:43:54.998474 sonic INFO memory_checker: [memory_checker] Exits without checking memory usage since container 'gnmi' is not running!
2025 Feb 11 02:43:55.021535 sonic INFO memory_checker: [memory_checker] Exits without checking memory usage since container 'bmp' is not running!
2025 Feb 11 02:43:55.113840 sonic INFO featured: ConfigDB connect success
2025 Feb 11 02:43:55.117773 sonic INFO featured[10144]: Traceback (most recent call last):
2025 Feb 11 02:43:55.117833 sonic INFO featured[10144]:   File "/usr/local/bin/featured", line 598, in <module>
2025 Feb 11 02:43:55.117967 sonic INFO featured[10144]:     main()
2025 Feb 11 02:43:55.118005 sonic INFO featured[10144]:   File "/usr/local/bin/featured", line 591, in main
2025 Feb 11 02:43:55.118128 sonic INFO featured[10144]:     daemon = FeatureDaemon()
2025 Feb 11 02:43:55.118160 sonic INFO featured[10144]:              ^^^^^^^^^^^^^^^
2025 Feb 11 02:43:55.118183 sonic INFO featured[10144]:   File "/usr/local/bin/featured", line 529, in __init__
2025 Feb 11 02:43:55.118274 sonic INFO featured[10144]:     self.feature_handler = FeatureHandler(self.config_db, feature_state_table, self.device_config, self.advanced_boot)
2025 Feb 11 02:43:55.118329 sonic INFO featured[10144]:                            ^^^^^^^^^^^^^^^^^^^^^^^^^^^^^^^^^^^^^^^^^^^^^^^^^^^^^^^^^^^^^^^^^^^^^^^^^^^^^^^^^^^^^^^^^^^
2025 Feb 11 02:43:55.118357 sonic INFO featured[10144]:   File "/usr/local/bin/featured", line 136, in __init__
2025 Feb 11 02:43:55.118389 sonic INFO featured[10144]:     self._device_running_config = device_info.get_device_runtime_metadata()
2025 Feb 11 02:43:55.118414 sonic INFO featured[10144]:                                   ^^^^^^^^^^^^^^^^^^^^^^^^^^^^^^^^^^^^^^^^^
2025 Feb 11 02:43:55.118438 sonic INFO featured[10144]:   File "/usr/local/lib/python3.11/dist-packages/sonic_py_common/device_info.py", line 680, in get_device_runtime_metadata
2025 Feb 11 02:43:55.118563 sonic INFO featured[10144]:     port_metadata = {'ETHERNET_PORTS_PRESENT': True if get_path_to_port_config_file(hwsku=None, asic="0" if is_multi_npu() else None) else False}
2025 Feb 11 02:43:55.118606 sonic INFO featured[10144]:                                                        ^^^^^^^^^^^^^^^^^^^^^^^^^^^^^^^^^^^^^^^^^^^^^^^^^^^^^^^^^^^^^^^^^^^^^^^^^^^^^^
2025 Feb 11 02:43:55.118631 sonic INFO featured[10144]:   File "/usr/local/lib/python3.11/dist-packages/sonic_py_common/device_info.py", line 446, in get_path_to_port_config_file
2025 Feb 11 02:43:55.118663 sonic INFO featured[10144]:     (platform_path, hwsku_path) = get_paths_to_platform_and_hwsku_dirs()
2025 Feb 11 02:43:55.118689 sonic INFO featured[10144]:                                   ^^^^^^^^^^^^^^^^^^^^^^^^^^^^^^^^^^^^^^
2025 Feb 11 02:43:55.118714 sonic INFO featured[10144]:   File "/usr/local/lib/python3.11/dist-packages/sonic_py_common/device_info.py", line 412, in get_paths_to_platform_and_hwsku_dirs
2025 Feb 11 02:43:55.118743 sonic INFO featured[10144]:     hwsku_path = os.path.join(platform_path, hwsku)
2025 Feb 11 02:43:55.118782 sonic INFO featured[10144]:                  ^^^^^^^^^^^^^^^^^^^^^^^^^^^^^^^^^^
2025 Feb 11 02:43:55.118809 sonic INFO featured[10144]:   File "<frozen posixpath>", line 90, in join
2025 Feb 11 02:43:55.118834 sonic INFO featured[10144]:   File "<frozen genericpath>", line 152, in _check_arg_types
2025 Feb 11 02:43:55.118858 sonic INFO featured[10144]: TypeError: join() argument must be str, bytes, or os.PathLike object, not 'NoneType'
2025 Feb 11 02:43:55.137224 sonic NOTICE systemd[1]: featured.service: Main process exited, code=exited, status=1/FAILURE
2025 Feb 11 02:43:55.137387 sonic WARNING systemd[1]: featured.service: Failed with result 'exit-code'.
2025 Feb 11 02:43:55.170822 sonic INFO systemd[1]: Started featured.service - Feature configuration daemon.
2025 Feb 11 02:43:55.322441 sonic INFO featured: ConfigDB connect success
2025 Feb 11 02:43:55.326349 sonic INFO featured[10175]: Traceback (most recent call last):
2025 Feb 11 02:43:55.326419 sonic INFO featured[10175]:   File "/usr/local/bin/featured", line 598, in <module>
2025 Feb 11 02:43:55.326552 sonic INFO featured[10175]:     main()
2025 Feb 11 02:43:55.326592 sonic INFO featured[10175]:   File "/usr/local/bin/featured", line 591, in main
2025 Feb 11 02:43:55.326709 sonic INFO featured[10175]:     daemon = FeatureDaemon()
2025 Feb 11 02:43:55.326741 sonic INFO featured[10175]:              ^^^^^^^^^^^^^^^
2025 Feb 11 02:43:55.326764 sonic INFO featured[10175]:   File "/usr/local/bin/featured", line 529, in __init__
2025 Feb 11 02:43:55.326826 sonic INFO featured[10175]:     self.feature_handler = FeatureHandler(self.config_db, feature_state_table, self.device_config, self.advanced_boot)
2025 Feb 11 02:43:55.326866 sonic INFO featured[10175]:                            ^^^^^^^^^^^^^^^^^^^^^^^^^^^^^^^^^^^^^^^^^^^^^^^^^^^^^^^^^^^^^^^^^^^^^^^^^^^^^^^^^^^^^^^^^^^
2025 Feb 11 02:43:55.326886 sonic INFO featured[10175]:   File "/usr/local/bin/featured", line 136, in __init__
2025 Feb 11 02:43:55.326922 sonic INFO featured[10175]:     self._device_running_config = device_info.get_device_runtime_metadata()
2025 Feb 11 02:43:55.326953 sonic INFO featured[10175]:                                   ^^^^^^^^^^^^^^^^^^^^^^^^^^^^^^^^^^^^^^^^^
2025 Feb 11 02:43:55.326978 sonic INFO featured[10175]:   File "/usr/local/lib/python3.11/dist-packages/sonic_py_common/device_info.py", line 680, in get_device_runtime_metadata
2025 Feb 11 02:43:55.327078 sonic INFO featured[10175]:     port_metadata = {'ETHERNET_PORTS_PRESENT': True if get_path_to_port_config_file(hwsku=None, asic="0" if is_multi_npu() else None) else False}
2025 Feb 11 02:43:55.327114 sonic INFO featured[10175]:                                                        ^^^^^^^^^^^^^^^^^^^^^^^^^^^^^^^^^^^^^^^^^^^^^^^^^^^^^^^^^^^^^^^^^^^^^^^^^^^^^^
2025 Feb 11 02:43:55.327140 sonic INFO featured[10175]:   File "/usr/local/lib/python3.11/dist-packages/sonic_py_common/device_info.py", line 446, in get_path_to_port_config_file
2025 Feb 11 02:43:55.327198 sonic INFO featured[10175]:     (platform_path, hwsku_path) = get_paths_to_platform_and_hwsku_dirs()
2025 Feb 11 02:43:55.327229 sonic INFO featured[10175]:                                   ^^^^^^^^^^^^^^^^^^^^^^^^^^^^^^^^^^^^^^
2025 Feb 11 02:43:55.327276 sonic INFO featured[10175]:   File "/usr/local/lib/python3.11/dist-packages/sonic_py_common/device_info.py", line 412, in get_paths_to_platform_and_hwsku_dirs
2025 Feb 11 02:43:55.327358 sonic INFO featured[10175]:     hwsku_path = os.path.join(platform_path, hwsku)
2025 Feb 11 02:43:55.327391 sonic INFO featured[10175]:                  ^^^^^^^^^^^^^^^^^^^^^^^^^^^^^^^^^^
2025 Feb 11 02:43:55.327416 sonic INFO featured[10175]:   File "<frozen posixpath>", line 90, in join
2025 Feb 11 02:43:55.327440 sonic INFO featured[10175]:   File "<frozen genericpath>", line 152, in _check_arg_types
2025 Feb 11 02:43:55.327469 sonic INFO featured[10175]: TypeError: join() argument must be str, bytes, or os.PathLike object, not 'NoneType'
2025 Feb 11 02:43:55.345979 sonic NOTICE systemd[1]: featured.service: Main process exited, code=exited, status=1/FAILURE
2025 Feb 11 02:43:55.346107 sonic WARNING systemd[1]: featured.service: Failed with result 'exit-code'.
2025 Feb 11 02:43:55.374837 sonic INFO systemd[1]: Started featured.service - Feature configuration daemon.
2025 Feb 11 02:43:55.519453 sonic INFO featured: ConfigDB connect success
2025 Feb 11 02:43:55.523390 sonic INFO featured[10176]: Traceback (most recent call last):
2025 Feb 11 02:43:55.523450 sonic INFO featured[10176]:   File "/usr/local/bin/featured", line 598, in <module>
2025 Feb 11 02:43:55.523586 sonic INFO featured[10176]:     main()
2025 Feb 11 02:43:55.523626 sonic INFO featured[10176]:   File "/usr/local/bin/featured", line 591, in main
2025 Feb 11 02:43:55.523748 sonic INFO featured[10176]:     daemon = FeatureDaemon()
2025 Feb 11 02:43:55.523785 sonic INFO featured[10176]:              ^^^^^^^^^^^^^^^
2025 Feb 11 02:43:55.523811 sonic INFO featured[10176]:   File "/usr/local/bin/featured", line 529, in __init__
2025 Feb 11 02:43:55.523866 sonic INFO featured[10176]:     self.feature_handler = FeatureHandler(self.config_db, feature_state_table, self.device_config, self.advanced_boot)
2025 Feb 11 02:43:55.523933 sonic INFO featured[10176]:                            ^^^^^^^^^^^^^^^^^^^^^^^^^^^^^^^^^^^^^^^^^^^^^^^^^^^^^^^^^^^^^^^^^^^^^^^^^^^^^^^^^^^^^^^^^^^
2025 Feb 11 02:43:55.523960 sonic INFO featured[10176]:   File "/usr/local/bin/featured", line 136, in __init__
2025 Feb 11 02:43:55.523982 sonic INFO featured[10176]:     self._device_running_config = device_info.get_device_runtime_metadata()
2025 Feb 11 02:43:55.524005 sonic INFO featured[10176]:                                   ^^^^^^^^^^^^^^^^^^^^^^^^^^^^^^^^^^^^^^^^^
2025 Feb 11 02:43:55.524031 sonic INFO featured[10176]:   File "/usr/local/lib/python3.11/dist-packages/sonic_py_common/device_info.py", line 680, in get_device_runtime_metadata
2025 Feb 11 02:43:55.524139 sonic INFO featured[10176]:     port_metadata = {'ETHERNET_PORTS_PRESENT': True if get_path_to_port_config_file(hwsku=None, asic="0" if is_multi_npu() else None) else False}
2025 Feb 11 02:43:55.524178 sonic INFO featured[10176]:                                                        ^^^^^^^^^^^^^^^^^^^^^^^^^^^^^^^^^^^^^^^^^^^^^^^^^^^^^^^^^^^^^^^^^^^^^^^^^^^^^^
2025 Feb 11 02:43:55.524200 sonic INFO featured[10176]:   File "/usr/local/lib/python3.11/dist-packages/sonic_py_common/device_info.py", line 446, in get_path_to_port_config_file
2025 Feb 11 02:43:55.524307 sonic INFO featured[10176]:     (platform_path, hwsku_path) = get_paths_to_platform_and_hwsku_dirs()
2025 Feb 11 02:43:55.524346 sonic INFO featured[10176]:                                   ^^^^^^^^^^^^^^^^^^^^^^^^^^^^^^^^^^^^^^
2025 Feb 11 02:43:55.524363 sonic INFO featured[10176]:   File "/usr/local/lib/python3.11/dist-packages/sonic_py_common/device_info.py", line 412, in get_paths_to_platform_and_hwsku_dirs
2025 Feb 11 02:43:55.524397 sonic INFO featured[10176]:     hwsku_path = os.path.join(platform_path, hwsku)
2025 Feb 11 02:43:55.524419 sonic INFO featured[10176]:                  ^^^^^^^^^^^^^^^^^^^^^^^^^^^^^^^^^^
2025 Feb 11 02:43:55.524449 sonic INFO featured[10176]:   File "<frozen posixpath>", line 90, in join
2025 Feb 11 02:43:55.524471 sonic INFO featured[10176]:   File "<frozen genericpath>", line 152, in _check_arg_types
2025 Feb 11 02:43:55.524497 sonic INFO featured[10176]: TypeError: join() argument must be str, bytes, or os.PathLike object, not 'NoneType'
2025 Feb 11 02:43:55.542903 sonic NOTICE systemd[1]: featured.service: Main process exited, code=exited, status=1/FAILURE
2025 Feb 11 02:43:55.543040 sonic WARNING systemd[1]: featured.service: Failed with result 'exit-code'.
2025 Feb 11 02:43:55.590540 sonic INFO systemd[1]: Started featured.service - Feature configuration daemon.
2025 Feb 11 02:43:55.729406 sonic INFO featured: ConfigDB connect success
2025 Feb 11 02:43:55.733538 sonic INFO featured[10178]: Traceback (most recent call last):
2025 Feb 11 02:43:55.733614 sonic INFO featured[10178]:   File "/usr/local/bin/featured", line 598, in <module>
2025 Feb 11 02:43:55.733737 sonic INFO featured[10178]:     main()
2025 Feb 11 02:43:55.733797 sonic INFO featured[10178]:   File "/usr/local/bin/featured", line 591, in main
2025 Feb 11 02:43:55.733900 sonic INFO featured[10178]:     daemon = FeatureDaemon()
2025 Feb 11 02:43:55.733933 sonic INFO featured[10178]:              ^^^^^^^^^^^^^^^
2025 Feb 11 02:43:55.733956 sonic INFO featured[10178]:   File "/usr/local/bin/featured", line 529, in __init__
2025 Feb 11 02:43:55.734016 sonic INFO featured[10178]:     self.feature_handler = FeatureHandler(self.config_db, feature_state_table, self.device_config, self.advanced_boot)
2025 Feb 11 02:43:55.734065 sonic INFO featured[10178]:                            ^^^^^^^^^^^^^^^^^^^^^^^^^^^^^^^^^^^^^^^^^^^^^^^^^^^^^^^^^^^^^^^^^^^^^^^^^^^^^^^^^^^^^^^^^^^
2025 Feb 11 02:43:55.734092 sonic INFO featured[10178]:   File "/usr/local/bin/featured", line 136, in __init__
2025 Feb 11 02:43:55.734131 sonic INFO featured[10178]:     self._device_running_config = device_info.get_device_runtime_metadata()
2025 Feb 11 02:43:55.734163 sonic INFO featured[10178]:                                   ^^^^^^^^^^^^^^^^^^^^^^^^^^^^^^^^^^^^^^^^^
2025 Feb 11 02:43:55.734189 sonic INFO featured[10178]:   File "/usr/local/lib/python3.11/dist-packages/sonic_py_common/device_info.py", line 680, in get_device_runtime_metadata
2025 Feb 11 02:43:55.734310 sonic INFO featured[10178]:     port_metadata = {'ETHERNET_PORTS_PRESENT': True if get_path_to_port_config_file(hwsku=None, asic="0" if is_multi_npu() else None) else False}
2025 Feb 11 02:43:55.734350 sonic INFO featured[10178]:                                                        ^^^^^^^^^^^^^^^^^^^^^^^^^^^^^^^^^^^^^^^^^^^^^^^^^^^^^^^^^^^^^^^^^^^^^^^^^^^^^^
2025 Feb 11 02:43:55.734368 sonic INFO featured[10178]:   File "/usr/local/lib/python3.11/dist-packages/sonic_py_common/device_info.py", line 446, in get_path_to_port_config_file
2025 Feb 11 02:43:55.734436 sonic INFO featured[10178]:     (platform_path, hwsku_path) = get_paths_to_platform_and_hwsku_dirs()
2025 Feb 11 02:43:55.734467 sonic INFO featured[10178]:                                   ^^^^^^^^^^^^^^^^^^^^^^^^^^^^^^^^^^^^^^
2025 Feb 11 02:43:55.734493 sonic INFO featured[10178]:   File "/usr/local/lib/python3.11/dist-packages/sonic_py_common/device_info.py", line 412, in get_paths_to_platform_and_hwsku_dirs
2025 Feb 11 02:43:55.734547 sonic INFO featured[10178]:     hwsku_path = os.path.join(platform_path, hwsku)
2025 Feb 11 02:43:55.734581 sonic INFO featured[10178]:                  ^^^^^^^^^^^^^^^^^^^^^^^^^^^^^^^^^^
2025 Feb 11 02:43:55.734606 sonic INFO featured[10178]:   File "<frozen posixpath>", line 90, in join
2025 Feb 11 02:43:55.734630 sonic INFO featured[10178]:   File "<frozen genericpath>", line 152, in _check_arg_types
2025 Feb 11 02:43:55.734654 sonic INFO featured[10178]: TypeError: join() argument must be str, bytes, or os.PathLike object, not 'NoneType'
2025 Feb 11 02:43:55.752952 sonic NOTICE systemd[1]: featured.service: Main process exited, code=exited, status=1/FAILURE
2025 Feb 11 02:43:55.753085 sonic WARNING systemd[1]: featured.service: Failed with result 'exit-code'.
2025 Feb 11 02:43:55.794521 sonic INFO systemd[1]: Started featured.service - Feature configuration daemon.
2025 Feb 11 02:43:55.926947 sonic INFO featured: ConfigDB connect success
2025 Feb 11 02:43:55.930974 sonic INFO featured[10179]: Traceback (most recent call last):
2025 Feb 11 02:43:55.931049 sonic INFO featured[10179]:   File "/usr/local/bin/featured", line 598, in <module>
2025 Feb 11 02:43:55.931108 sonic INFO featured[10179]:     main()
2025 Feb 11 02:43:55.931171 sonic INFO featured[10179]:   File "/usr/local/bin/featured", line 591, in main
2025 Feb 11 02:43:55.931224 sonic INFO featured[10179]:     daemon = FeatureDaemon()
2025 Feb 11 02:43:55.931313 sonic INFO featured[10179]:              ^^^^^^^^^^^^^^^
2025 Feb 11 02:43:55.931359 sonic INFO featured[10179]:   File "/usr/local/bin/featured", line 529, in __init__
2025 Feb 11 02:43:55.931422 sonic INFO featured[10179]:     self.feature_handler = FeatureHandler(self.config_db, feature_state_table, self.device_config, self.advanced_boot)
2025 Feb 11 02:43:55.931464 sonic INFO featured[10179]:                            ^^^^^^^^^^^^^^^^^^^^^^^^^^^^^^^^^^^^^^^^^^^^^^^^^^^^^^^^^^^^^^^^^^^^^^^^^^^^^^^^^^^^^^^^^^^
2025 Feb 11 02:43:55.931508 sonic INFO featured[10179]:   File "/usr/local/bin/featured", line 136, in __init__
2025 Feb 11 02:43:55.931559 sonic INFO featured[10179]:     self._device_running_config = device_info.get_device_runtime_metadata()
2025 Feb 11 02:43:55.931601 sonic INFO featured[10179]:                                   ^^^^^^^^^^^^^^^^^^^^^^^^^^^^^^^^^^^^^^^^^
2025 Feb 11 02:43:55.931642 sonic INFO featured[10179]:   File "/usr/local/lib/python3.11/dist-packages/sonic_py_common/device_info.py", line 680, in get_device_runtime_metadata
2025 Feb 11 02:43:55.931696 sonic INFO featured[10179]:     port_metadata = {'ETHERNET_PORTS_PRESENT': True if get_path_to_port_config_file(hwsku=None, asic="0" if is_multi_npu() else None) else False}
2025 Feb 11 02:43:55.931737 sonic INFO featured[10179]:                                                        ^^^^^^^^^^^^^^^^^^^^^^^^^^^^^^^^^^^^^^^^^^^^^^^^^^^^^^^^^^^^^^^^^^^^^^^^^^^^^^
2025 Feb 11 02:43:55.931778 sonic INFO featured[10179]:   File "/usr/local/lib/python3.11/dist-packages/sonic_py_common/device_info.py", line 446, in get_path_to_port_config_file
2025 Feb 11 02:43:55.931831 sonic INFO featured[10179]:     (platform_path, hwsku_path) = get_paths_to_platform_and_hwsku_dirs()
2025 Feb 11 02:43:55.931872 sonic INFO featured[10179]:                                   ^^^^^^^^^^^^^^^^^^^^^^^^^^^^^^^^^^^^^^
2025 Feb 11 02:43:55.931915 sonic INFO featured[10179]:   File "/usr/local/lib/python3.11/dist-packages/sonic_py_common/device_info.py", line 412, in get_paths_to_platform_and_hwsku_dirs
2025 Feb 11 02:43:55.931956 sonic INFO featured[10179]:     hwsku_path = os.path.join(platform_path, hwsku)
2025 Feb 11 02:43:55.932008 sonic INFO featured[10179]:                  ^^^^^^^^^^^^^^^^^^^^^^^^^^^^^^^^^^
2025 Feb 11 02:43:55.932054 sonic INFO featured[10179]:   File "<frozen posixpath>", line 90, in join
2025 Feb 11 02:43:55.932096 sonic INFO featured[10179]:   File "<frozen genericpath>", line 152, in _check_arg_types
2025 Feb 11 02:43:55.932137 sonic INFO featured[10179]: TypeError: join() argument must be str, bytes, or os.PathLike object, not 'NoneType'
2025 Feb 11 02:43:55.959751 sonic NOTICE systemd[1]: featured.service: Main process exited, code=exited, status=1/FAILURE
2025 Feb 11 02:43:55.959871 sonic WARNING systemd[1]: featured.service: Failed with result 'exit-code'.
2025 Feb 11 02:43:55.961626 sonic WARNING systemd[1]: featured.service: Start request repeated too quickly.
2025 Feb 11 02:43:55.961706 sonic WARNING systemd[1]: featured.service: Failed with result 'exit-code'.
2025 Feb 11 02:43:55.961752 sonic ERR systemd[1]: Failed to start featured.service - Feature configuration daemon.
2025 Feb 11 02:43:58.277977 sonic WARNING systemd[1]: featured.service: Start request repeated too quickly.
2025 Feb 11 02:43:58.278104 sonic WARNING systemd[1]: featured.service: Failed with result 'exit-code'.
2025 Feb 11 02:43:58.278157 sonic ERR systemd[1]: Failed to start featured.service - Feature configuration daemon.
2025 Feb 11 02:44:08.306956 sonic INFO systemd[1]: Started featured.service - Feature configuration daemon.
2025 Feb 11 02:44:08.437761 sonic INFO featured: ConfigDB connect success
2025 Feb 11 02:44:08.441652 sonic INFO featured[10209]: Traceback (most recent call last):
2025 Feb 11 02:44:08.441701 sonic INFO featured[10209]:   File "/usr/local/bin/featured", line 598, in <module>
2025 Feb 11 02:44:08.441808 sonic INFO featured[10209]:     main()
2025 Feb 11 02:44:08.441848 sonic INFO featured[10209]:   File "/usr/local/bin/featured", line 591, in main
2025 Feb 11 02:44:08.441968 sonic INFO featured[10209]:     daemon = FeatureDaemon()
2025 Feb 11 02:44:08.442001 sonic INFO featured[10209]:              ^^^^^^^^^^^^^^^
2025 Feb 11 02:44:08.442023 sonic INFO featured[10209]:   File "/usr/local/bin/featured", line 529, in __init__
2025 Feb 11 02:44:08.442084 sonic INFO featured[10209]:     self.feature_handler = FeatureHandler(self.config_db, feature_state_table, self.device_config, self.advanced_boot)
2025 Feb 11 02:44:08.442131 sonic INFO featured[10209]:                            ^^^^^^^^^^^^^^^^^^^^^^^^^^^^^^^^^^^^^^^^^^^^^^^^^^^^^^^^^^^^^^^^^^^^^^^^^^^^^^^^^^^^^^^^^^^
2025 Feb 11 02:44:08.442158 sonic INFO featured[10209]:   File "/usr/local/bin/featured", line 136, in __init__
2025 Feb 11 02:44:08.442188 sonic INFO featured[10209]:     self._device_running_config = device_info.get_device_runtime_metadata()
2025 Feb 11 02:44:08.442220 sonic INFO featured[10209]:                                   ^^^^^^^^^^^^^^^^^^^^^^^^^^^^^^^^^^^^^^^^^
2025 Feb 11 02:44:08.442280 sonic INFO featured[10209]:   File "/usr/local/lib/python3.11/dist-packages/sonic_py_common/device_info.py", line 680, in get_device_runtime_metadata
2025 Feb 11 02:44:08.442829 sonic INFO featured[10209]:     port_metadata = {'ETHERNET_PORTS_PRESENT': True if get_path_to_port_config_file(hwsku=None, asic="0" if is_multi_npu() else None) else False}
2025 Feb 11 02:44:08.443845 sonic INFO featured[10209]:                                                        ^^^^^^^^^^^^^^^^^^^^^^^^^^^^^^^^^^^^^^^^^^^^^^^^^^^^^^^^^^^^^^^^^^^^^^^^^^^^^^
2025 Feb 11 02:44:08.443898 sonic INFO featured[10209]:   File "/usr/local/lib/python3.11/dist-packages/sonic_py_common/device_info.py", line 446, in get_path_to_port_config_file
2025 Feb 11 02:44:08.444608 sonic INFO featured[10209]:     (platform_path, hwsku_path) = get_paths_to_platform_and_hwsku_dirs()
2025 Feb 11 02:44:08.444669 sonic INFO featured[10209]:                                   ^^^^^^^^^^^^^^^^^^^^^^^^^^^^^^^^^^^^^^
2025 Feb 11 02:44:08.444700 sonic INFO featured[10209]:   File "/usr/local/lib/python3.11/dist-packages/sonic_py_common/device_info.py", line 412, in get_paths_to_platform_and_hwsku_dirs
2025 Feb 11 02:44:08.444792 sonic INFO featured[10209]:     hwsku_path = os.path.join(platform_path, hwsku)
2025 Feb 11 02:44:08.444864 sonic INFO featured[10209]:                  ^^^^^^^^^^^^^^^^^^^^^^^^^^^^^^^^^^
2025 Feb 11 02:44:08.444898 sonic INFO featured[10209]:   File "<frozen posixpath>", line 90, in join
2025 Feb 11 02:44:08.444941 sonic INFO featured[10209]:   File "<frozen genericpath>", line 152, in _check_arg_types
2025 Feb 11 02:44:08.444970 sonic INFO featured[10209]: TypeError: join() argument must be str, bytes, or os.PathLike object, not 'NoneType'
2025 Feb 11 02:44:08.469129 sonic NOTICE systemd[1]: featured.service: Main process exited, code=exited, status=1/FAILURE
2025 Feb 11 02:44:08.469267 sonic WARNING systemd[1]: featured.service: Failed with result 'exit-code'.
2025 Feb 11 02:44:08.490623 sonic INFO systemd[1]: Started featured.service - Feature configuration daemon.
2025 Feb 11 02:44:08.644448 sonic INFO featured: ConfigDB connect success
2025 Feb 11 02:44:08.648878 sonic INFO featured[10211]: Traceback (most recent call last):
2025 Feb 11 02:44:08.648931 sonic INFO featured[10211]:   File "/usr/local/bin/featured", line 598, in <module>
2025 Feb 11 02:44:08.649080 sonic INFO featured[10211]:     main()
2025 Feb 11 02:44:08.649118 sonic INFO featured[10211]:   File "/usr/local/bin/featured", line 591, in main
2025 Feb 11 02:44:08.649262 sonic INFO featured[10211]:     daemon = FeatureDaemon()
2025 Feb 11 02:44:08.649300 sonic INFO featured[10211]:              ^^^^^^^^^^^^^^^
2025 Feb 11 02:44:08.649321 sonic INFO featured[10211]:   File "/usr/local/bin/featured", line 529, in __init__
2025 Feb 11 02:44:08.649408 sonic INFO featured[10211]:     self.feature_handler = FeatureHandler(self.config_db, feature_state_table, self.device_config, self.advanced_boot)
2025 Feb 11 02:44:08.649446 sonic INFO featured[10211]:                            ^^^^^^^^^^^^^^^^^^^^^^^^^^^^^^^^^^^^^^^^^^^^^^^^^^^^^^^^^^^^^^^^^^^^^^^^^^^^^^^^^^^^^^^^^^^
2025 Feb 11 02:44:08.649471 sonic INFO featured[10211]:   File "/usr/local/bin/featured", line 136, in __init__
2025 Feb 11 02:44:08.649555 sonic INFO featured[10211]:     self._device_running_config = device_info.get_device_runtime_metadata()
2025 Feb 11 02:44:08.649592 sonic INFO featured[10211]:                                   ^^^^^^^^^^^^^^^^^^^^^^^^^^^^^^^^^^^^^^^^^
2025 Feb 11 02:44:08.649615 sonic INFO featured[10211]:   File "/usr/local/lib/python3.11/dist-packages/sonic_py_common/device_info.py", line 680, in get_device_runtime_metadata
2025 Feb 11 02:44:08.649681 sonic INFO featured[10211]:     port_metadata = {'ETHERNET_PORTS_PRESENT': True if get_path_to_port_config_file(hwsku=None, asic="0" if is_multi_npu() else None) else False}
2025 Feb 11 02:44:08.649725 sonic INFO featured[10211]:                                                        ^^^^^^^^^^^^^^^^^^^^^^^^^^^^^^^^^^^^^^^^^^^^^^^^^^^^^^^^^^^^^^^^^^^^^^^^^^^^^^
2025 Feb 11 02:44:08.649764 sonic INFO featured[10211]:   File "/usr/local/lib/python3.11/dist-packages/sonic_py_common/device_info.py", line 446, in get_path_to_port_config_file
2025 Feb 11 02:44:08.649812 sonic INFO featured[10211]:     (platform_path, hwsku_path) = get_paths_to_platform_and_hwsku_dirs()
2025 Feb 11 02:44:08.649864 sonic INFO featured[10211]:                                   ^^^^^^^^^^^^^^^^^^^^^^^^^^^^^^^^^^^^^^
2025 Feb 11 02:44:08.649903 sonic INFO featured[10211]:   File "/usr/local/lib/python3.11/dist-packages/sonic_py_common/device_info.py", line 412, in get_paths_to_platform_and_hwsku_dirs
2025 Feb 11 02:44:08.649946 sonic INFO featured[10211]:     hwsku_path = os.path.join(platform_path, hwsku)
2025 Feb 11 02:44:08.649971 sonic INFO featured[10211]:                  ^^^^^^^^^^^^^^^^^^^^^^^^^^^^^^^^^^
2025 Feb 11 02:44:08.649988 sonic INFO featured[10211]:   File "<frozen posixpath>", line 90, in join
2025 Feb 11 02:44:08.650012 sonic INFO featured[10211]:   File "<frozen genericpath>", line 152, in _check_arg_types
2025 Feb 11 02:44:08.650029 sonic INFO featured[10211]: TypeError: join() argument must be str, bytes, or os.PathLike object, not 'NoneType'
2025 Feb 11 02:44:08.669613 sonic NOTICE systemd[1]: featured.service: Main process exited, code=exited, status=1/FAILURE
2025 Feb 11 02:44:08.669750 sonic WARNING systemd[1]: featured.service: Failed with result 'exit-code'.
2025 Feb 11 02:44:08.690548 sonic INFO systemd[1]: Started featured.service - Feature configuration daemon.
2025 Feb 11 02:44:08.833665 sonic INFO featured: ConfigDB connect success
2025 Feb 11 02:44:08.837638 sonic INFO featured[10213]: Traceback (most recent call last):
2025 Feb 11 02:44:08.837695 sonic INFO featured[10213]:   File "/usr/local/bin/featured", line 598, in <module>
2025 Feb 11 02:44:08.837857 sonic INFO featured[10213]:     main()
2025 Feb 11 02:44:08.837898 sonic INFO featured[10213]:   File "/usr/local/bin/featured", line 591, in main
2025 Feb 11 02:44:08.838019 sonic INFO featured[10213]:     daemon = FeatureDaemon()
2025 Feb 11 02:44:08.838052 sonic INFO featured[10213]:              ^^^^^^^^^^^^^^^
2025 Feb 11 02:44:08.838074 sonic INFO featured[10213]:   File "/usr/local/bin/featured", line 529, in __init__
2025 Feb 11 02:44:08.838133 sonic INFO featured[10213]:     self.feature_handler = FeatureHandler(self.config_db, feature_state_table, self.device_config, self.advanced_boot)
2025 Feb 11 02:44:08.838180 sonic INFO featured[10213]:                            ^^^^^^^^^^^^^^^^^^^^^^^^^^^^^^^^^^^^^^^^^^^^^^^^^^^^^^^^^^^^^^^^^^^^^^^^^^^^^^^^^^^^^^^^^^^
2025 Feb 11 02:44:08.838206 sonic INFO featured[10213]:   File "/usr/local/bin/featured", line 136, in __init__
2025 Feb 11 02:44:08.838268 sonic INFO featured[10213]:     self._device_running_config = device_info.get_device_runtime_metadata()
2025 Feb 11 02:44:08.838308 sonic INFO featured[10213]:                                   ^^^^^^^^^^^^^^^^^^^^^^^^^^^^^^^^^^^^^^^^^
2025 Feb 11 02:44:08.838325 sonic INFO featured[10213]:   File "/usr/local/lib/python3.11/dist-packages/sonic_py_common/device_info.py", line 680, in get_device_runtime_metadata
2025 Feb 11 02:44:08.838438 sonic INFO featured[10213]:     port_metadata = {'ETHERNET_PORTS_PRESENT': True if get_path_to_port_config_file(hwsku=None, asic="0" if is_multi_npu() else None) else False}
2025 Feb 11 02:44:08.838482 sonic INFO featured[10213]:                                                        ^^^^^^^^^^^^^^^^^^^^^^^^^^^^^^^^^^^^^^^^^^^^^^^^^^^^^^^^^^^^^^^^^^^^^^^^^^^^^^
2025 Feb 11 02:44:08.838499 sonic INFO featured[10213]:   File "/usr/local/lib/python3.11/dist-packages/sonic_py_common/device_info.py", line 446, in get_path_to_port_config_file
2025 Feb 11 02:44:08.838554 sonic INFO featured[10213]:     (platform_path, hwsku_path) = get_paths_to_platform_and_hwsku_dirs()
2025 Feb 11 02:44:08.838586 sonic INFO featured[10213]:                                   ^^^^^^^^^^^^^^^^^^^^^^^^^^^^^^^^^^^^^^
2025 Feb 11 02:44:08.838603 sonic INFO featured[10213]:   File "/usr/local/lib/python3.11/dist-packages/sonic_py_common/device_info.py", line 412, in get_paths_to_platform_and_hwsku_dirs
2025 Feb 11 02:44:08.838661 sonic INFO featured[10213]:     hwsku_path = os.path.join(platform_path, hwsku)
2025 Feb 11 02:44:08.838695 sonic INFO featured[10213]:                  ^^^^^^^^^^^^^^^^^^^^^^^^^^^^^^^^^^
2025 Feb 11 02:44:08.838718 sonic INFO featured[10213]:   File "<frozen posixpath>", line 90, in join
2025 Feb 11 02:44:08.838735 sonic INFO featured[10213]:   File "<frozen genericpath>", line 152, in _check_arg_types
2025 Feb 11 02:44:08.838761 sonic INFO featured[10213]: TypeError: join() argument must be str, bytes, or os.PathLike object, not 'NoneType'
2025 Feb 11 02:44:08.857279 sonic NOTICE systemd[1]: featured.service: Main process exited, code=exited, status=1/FAILURE
2025 Feb 11 02:44:08.857419 sonic WARNING systemd[1]: featured.service: Failed with result 'exit-code'.
2025 Feb 11 02:44:08.902968 sonic INFO systemd[1]: Started featured.service - Feature configuration daemon.
2025 Feb 11 02:44:09.061846 sonic INFO featured: ConfigDB connect success
2025 Feb 11 02:44:09.071759 sonic INFO featured[10214]: Traceback (most recent call last):
2025 Feb 11 02:44:09.071995 sonic INFO featured[10214]:   File "/usr/local/bin/featured", line 598, in <module>
2025 Feb 11 02:44:09.072044 sonic INFO featured[10214]:     main()
2025 Feb 11 02:44:09.072075 sonic INFO featured[10214]:   File "/usr/local/bin/featured", line 591, in main
2025 Feb 11 02:44:09.072186 sonic INFO featured[10214]:     daemon = FeatureDaemon()
2025 Feb 11 02:44:09.072220 sonic INFO featured[10214]:              ^^^^^^^^^^^^^^^
2025 Feb 11 02:44:09.072263 sonic INFO featured[10214]:   File "/usr/local/bin/featured", line 529, in __init__
2025 Feb 11 02:44:09.072352 sonic INFO featured[10214]:     self.feature_handler = FeatureHandler(self.config_db, feature_state_table, self.device_config, self.advanced_boot)
2025 Feb 11 02:44:09.072390 sonic INFO featured[10214]:                            ^^^^^^^^^^^^^^^^^^^^^^^^^^^^^^^^^^^^^^^^^^^^^^^^^^^^^^^^^^^^^^^^^^^^^^^^^^^^^^^^^^^^^^^^^^^
2025 Feb 11 02:44:09.072438 sonic INFO featured[10214]:   File "/usr/local/bin/featured", line 136, in __init__
2025 Feb 11 02:44:09.072472 sonic INFO featured[10214]:     self._device_running_config = device_info.get_device_runtime_metadata()
2025 Feb 11 02:44:09.072490 sonic INFO featured[10214]:                                   ^^^^^^^^^^^^^^^^^^^^^^^^^^^^^^^^^^^^^^^^^
2025 Feb 11 02:44:09.072515 sonic INFO featured[10214]:   File "/usr/local/lib/python3.11/dist-packages/sonic_py_common/device_info.py", line 680, in get_device_runtime_metadata
2025 Feb 11 02:44:09.072629 sonic INFO featured[10214]:     port_metadata = {'ETHERNET_PORTS_PRESENT': True if get_path_to_port_config_file(hwsku=None, asic="0" if is_multi_npu() else None) else False}
2025 Feb 11 02:44:09.072667 sonic INFO featured[10214]:                                                        ^^^^^^^^^^^^^^^^^^^^^^^^^^^^^^^^^^^^^^^^^^^^^^^^^^^^^^^^^^^^^^^^^^^^^^^^^^^^^^
2025 Feb 11 02:44:09.072685 sonic INFO featured[10214]:   File "/usr/local/lib/python3.11/dist-packages/sonic_py_common/device_info.py", line 446, in get_path_to_port_config_file
2025 Feb 11 02:44:09.072756 sonic INFO featured[10214]:     (platform_path, hwsku_path) = get_paths_to_platform_and_hwsku_dirs()
2025 Feb 11 02:44:09.072789 sonic INFO featured[10214]:                                   ^^^^^^^^^^^^^^^^^^^^^^^^^^^^^^^^^^^^^^
2025 Feb 11 02:44:09.072806 sonic INFO featured[10214]:   File "/usr/local/lib/python3.11/dist-packages/sonic_py_common/device_info.py", line 412, in get_paths_to_platform_and_hwsku_dirs
2025 Feb 11 02:44:09.072871 sonic INFO featured[10214]:     hwsku_path = os.path.join(platform_path, hwsku)
2025 Feb 11 02:44:09.072907 sonic INFO featured[10214]:                  ^^^^^^^^^^^^^^^^^^^^^^^^^^^^^^^^^^
2025 Feb 11 02:44:09.072927 sonic INFO featured[10214]:   File "<frozen posixpath>", line 90, in join
2025 Feb 11 02:44:09.072944 sonic INFO featured[10214]:   File "<frozen genericpath>", line 152, in _check_arg_types
2025 Feb 11 02:44:09.072960 sonic INFO featured[10214]: TypeError: join() argument must be str, bytes, or os.PathLike object, not 'NoneType'
2025 Feb 11 02:44:09.093693 sonic NOTICE systemd[1]: featured.service: Main process exited, code=exited, status=1/FAILURE
2025 Feb 11 02:44:09.093836 sonic WARNING systemd[1]: featured.service: Failed with result 'exit-code'.
2025 Feb 11 02:44:09.118487 sonic INFO systemd[1]: Started featured.service - Feature configuration daemon.
2025 Feb 11 02:44:09.247436 sonic INFO featured: ConfigDB connect success
2025 Feb 11 02:44:09.251447 sonic INFO featured[10216]: Traceback (most recent call last):
2025 Feb 11 02:44:09.251514 sonic INFO featured[10216]:   File "/usr/local/bin/featured", line 598, in <module>
2025 Feb 11 02:44:09.251606 sonic INFO featured[10216]:     main()
2025 Feb 11 02:44:09.251646 sonic INFO featured[10216]:   File "/usr/local/bin/featured", line 591, in main
2025 Feb 11 02:44:09.251830 sonic INFO featured[10216]:     daemon = FeatureDaemon()
2025 Feb 11 02:44:09.251870 sonic INFO featured[10216]:              ^^^^^^^^^^^^^^^
2025 Feb 11 02:44:09.251887 sonic INFO featured[10216]:   File "/usr/local/bin/featured", line 529, in __init__
2025 Feb 11 02:44:09.252022 sonic INFO featured[10216]:     self.feature_handler = FeatureHandler(self.config_db, feature_state_table, self.device_config, self.advanced_boot)
2025 Feb 11 02:44:09.252060 sonic INFO featured[10216]:                            ^^^^^^^^^^^^^^^^^^^^^^^^^^^^^^^^^^^^^^^^^^^^^^^^^^^^^^^^^^^^^^^^^^^^^^^^^^^^^^^^^^^^^^^^^^^
2025 Feb 11 02:44:09.252077 sonic INFO featured[10216]:   File "/usr/local/bin/featured", line 136, in __init__
2025 Feb 11 02:44:09.252158 sonic INFO featured[10216]:     self._device_running_config = device_info.get_device_runtime_metadata()
2025 Feb 11 02:44:09.252207 sonic INFO featured[10216]:                                   ^^^^^^^^^^^^^^^^^^^^^^^^^^^^^^^^^^^^^^^^^
2025 Feb 11 02:44:09.252257 sonic INFO featured[10216]:   File "/usr/local/lib/python3.11/dist-packages/sonic_py_common/device_info.py", line 680, in get_device_runtime_metadata
2025 Feb 11 02:44:09.252458 sonic INFO featured[10216]:     port_metadata = {'ETHERNET_PORTS_PRESENT': True if get_path_to_port_config_file(hwsku=None, asic="0" if is_multi_npu() else None) else False}
2025 Feb 11 02:44:09.252498 sonic INFO featured[10216]:                                                        ^^^^^^^^^^^^^^^^^^^^^^^^^^^^^^^^^^^^^^^^^^^^^^^^^^^^^^^^^^^^^^^^^^^^^^^^^^^^^^
2025 Feb 11 02:44:09.252516 sonic INFO featured[10216]:   File "/usr/local/lib/python3.11/dist-packages/sonic_py_common/device_info.py", line 446, in get_path_to_port_config_file
2025 Feb 11 02:44:09.252647 sonic INFO featured[10216]:     (platform_path, hwsku_path) = get_paths_to_platform_and_hwsku_dirs()
2025 Feb 11 02:44:09.252684 sonic INFO featured[10216]:                                   ^^^^^^^^^^^^^^^^^^^^^^^^^^^^^^^^^^^^^^
2025 Feb 11 02:44:09.252702 sonic INFO featured[10216]:   File "/usr/local/lib/python3.11/dist-packages/sonic_py_common/device_info.py", line 412, in get_paths_to_platform_and_hwsku_dirs
2025 Feb 11 02:44:09.252819 sonic INFO featured[10216]:     hwsku_path = os.path.join(platform_path, hwsku)
2025 Feb 11 02:44:09.252863 sonic INFO featured[10216]:                  ^^^^^^^^^^^^^^^^^^^^^^^^^^^^^^^^^^
2025 Feb 11 02:44:09.252889 sonic INFO featured[10216]:   File "<frozen posixpath>", line 90, in join
2025 Feb 11 02:44:09.252911 sonic INFO featured[10216]:   File "<frozen genericpath>", line 152, in _check_arg_types
2025 Feb 11 02:44:09.252936 sonic INFO featured[10216]: TypeError: join() argument must be str, bytes, or os.PathLike object, not 'NoneType'
2025 Feb 11 02:44:09.271362 sonic NOTICE systemd[1]: featured.service: Main process exited, code=exited, status=1/FAILURE
2025 Feb 11 02:44:09.271491 sonic WARNING systemd[1]: featured.service: Failed with result 'exit-code'.
2025 Feb 11 02:44:09.273071 sonic WARNING systemd[1]: featured.service: Start request repeated too quickly.
2025 Feb 11 02:44:09.273148 sonic WARNING systemd[1]: featured.service: Failed with result 'exit-code'.
2025 Feb 11 02:44:09.273193 sonic ERR systemd[1]: Failed to start featured.service - Feature configuration daemon.
2025 Feb 11 02:44:14.278984 sonic INFO systemd[1]: caclmgrd.service: Scheduled restart job, restart counter is at 34.
2025 Feb 11 02:44:14.279383 sonic INFO systemd[1]: Stopped caclmgrd.service - Control Plane ACL configuration daemon.
2025 Feb 11 02:44:14.306294 sonic INFO systemd[1]: Started caclmgrd.service - Control Plane ACL configuration daemon.
2025 Feb 11 02:44:14.306701 sonic WARNING systemd[1]: featured.service: Start request repeated too quickly.
2025 Feb 11 02:44:14.306797 sonic WARNING systemd[1]: featured.service: Failed with result 'exit-code'.
2025 Feb 11 02:44:14.306872 sonic ERR systemd[1]: Failed to start featured.service - Feature configuration daemon.
2025 Feb 11 02:44:14.308467 sonic WARNING systemd[1]: featured.service: Start request repeated too quickly.
2025 Feb 11 02:44:14.308559 sonic WARNING systemd[1]: featured.service: Failed with result 'exit-code'.
2025 Feb 11 02:44:14.308630 sonic ERR systemd[1]: Failed to start featured.service - Feature configuration daemon.
2025 Feb 11 02:44:14.429944 sonic INFO caclmgrd[10227]: Traceback (most recent call last):
2025 Feb 11 02:44:14.430111 sonic INFO caclmgrd[10227]:   File "/usr/local/bin/caclmgrd", line 1146, in <module>
2025 Feb 11 02:44:14.430160 sonic INFO caclmgrd[10227]:     main()
2025 Feb 11 02:44:14.430187 sonic INFO caclmgrd[10227]:   File "/usr/local/bin/caclmgrd", line 1137, in main
2025 Feb 11 02:44:14.430204 sonic INFO caclmgrd[10227]:     caclmgr = ControlPlaneAclManager(SYSLOG_IDENTIFIER)
2025 Feb 11 02:44:14.430223 sonic INFO caclmgrd[10227]:               ^^^^^^^^^^^^^^^^^^^^^^^^^^^^^^^^^^^^^^^^^
2025 Feb 11 02:44:14.430281 sonic INFO caclmgrd[10227]:   File "/usr/local/bin/caclmgrd", line 156, in __init__
2025 Feb 11 02:44:14.430307 sonic INFO caclmgrd[10227]:     if 'subtype' in metadata['localhost'] and metadata['localhost']['subtype'] == 'DualToR':
2025 Feb 11 02:44:14.430332 sonic INFO caclmgrd[10227]:                     ~~~~~~~~^^^^^^^^^^^^^
2025 Feb 11 02:44:14.430355 sonic INFO caclmgrd[10227]: KeyError: 'localhost'
2025 Feb 11 02:44:14.442450 sonic NOTICE systemd[1]: caclmgrd.service: Main process exited, code=exited, status=1/FAILURE
2025 Feb 11 02:44:14.442667 sonic WARNING systemd[1]: caclmgrd.service: Failed with result 'exit-code'.
2025 Feb 11 02:44:14.444431 sonic WARNING systemd[1]: featured.service: Start request repeated too quickly.
2025 Feb 11 02:44:14.444570 sonic WARNING systemd[1]: featured.service: Failed with result 'exit-code'.
2025 Feb 11 02:44:14.444649 sonic ERR systemd[1]: Failed to start featured.service - Feature configuration daemon.
2025 Feb 11 02:44:38.306648 sonic INFO systemd[1]: Started featured.service - Feature configuration daemon.
2025 Feb 11 02:44:38.450433 sonic INFO featured: ConfigDB connect success
2025 Feb 11 02:44:38.454376 sonic INFO featured[10292]: Traceback (most recent call last):
2025 Feb 11 02:44:38.454437 sonic INFO featured[10292]:   File "/usr/local/bin/featured", line 598, in <module>
2025 Feb 11 02:44:38.454582 sonic INFO featured[10292]:     main()
2025 Feb 11 02:44:38.454622 sonic INFO featured[10292]:   File "/usr/local/bin/featured", line 591, in main
2025 Feb 11 02:44:38.454741 sonic INFO featured[10292]:     daemon = FeatureDaemon()
2025 Feb 11 02:44:38.454780 sonic INFO featured[10292]:              ^^^^^^^^^^^^^^^
2025 Feb 11 02:44:38.454796 sonic INFO featured[10292]:   File "/usr/local/bin/featured", line 529, in __init__
2025 Feb 11 02:44:38.454860 sonic INFO featured[10292]:     self.feature_handler = FeatureHandler(self.config_db, feature_state_table, self.device_config, self.advanced_boot)
2025 Feb 11 02:44:38.454908 sonic INFO featured[10292]:                            ^^^^^^^^^^^^^^^^^^^^^^^^^^^^^^^^^^^^^^^^^^^^^^^^^^^^^^^^^^^^^^^^^^^^^^^^^^^^^^^^^^^^^^^^^^^
2025 Feb 11 02:44:38.454935 sonic INFO featured[10292]:   File "/usr/local/bin/featured", line 136, in __init__
2025 Feb 11 02:44:38.454974 sonic INFO featured[10292]:     self._device_running_config = device_info.get_device_runtime_metadata()
2025 Feb 11 02:44:38.455010 sonic INFO featured[10292]:                                   ^^^^^^^^^^^^^^^^^^^^^^^^^^^^^^^^^^^^^^^^^
2025 Feb 11 02:44:38.455026 sonic INFO featured[10292]:   File "/usr/local/lib/python3.11/dist-packages/sonic_py_common/device_info.py", line 680, in get_device_runtime_metadata
2025 Feb 11 02:44:38.455138 sonic INFO featured[10292]:     port_metadata = {'ETHERNET_PORTS_PRESENT': True if get_path_to_port_config_file(hwsku=None, asic="0" if is_multi_npu() else None) else False}
2025 Feb 11 02:44:38.455177 sonic INFO featured[10292]:                                                        ^^^^^^^^^^^^^^^^^^^^^^^^^^^^^^^^^^^^^^^^^^^^^^^^^^^^^^^^^^^^^^^^^^^^^^^^^^^^^^
2025 Feb 11 02:44:38.455194 sonic INFO featured[10292]:   File "/usr/local/lib/python3.11/dist-packages/sonic_py_common/device_info.py", line 446, in get_path_to_port_config_file
2025 Feb 11 02:44:38.455300 sonic INFO featured[10292]:     (platform_path, hwsku_path) = get_paths_to_platform_and_hwsku_dirs()
2025 Feb 11 02:44:38.455338 sonic INFO featured[10292]:                                   ^^^^^^^^^^^^^^^^^^^^^^^^^^^^^^^^^^^^^^
2025 Feb 11 02:44:38.455355 sonic INFO featured[10292]:   File "/usr/local/lib/python3.11/dist-packages/sonic_py_common/device_info.py", line 412, in get_paths_to_platform_and_hwsku_dirs
2025 Feb 11 02:44:38.455400 sonic INFO featured[10292]:     hwsku_path = os.path.join(platform_path, hwsku)
2025 Feb 11 02:44:38.455424 sonic INFO featured[10292]:                  ^^^^^^^^^^^^^^^^^^^^^^^^^^^^^^^^^^
2025 Feb 11 02:44:38.455450 sonic INFO featured[10292]:   File "<frozen posixpath>", line 90, in join
2025 Feb 11 02:44:38.455478 sonic INFO featured[10292]:   File "<frozen genericpath>", line 152, in _check_arg_types
2025 Feb 11 02:44:38.455504 sonic INFO featured[10292]: TypeError: join() argument must be str, bytes, or os.PathLike object, not 'NoneType'
2025 Feb 11 02:44:38.474436 sonic NOTICE systemd[1]: featured.service: Main process exited, code=exited, status=1/FAILURE
2025 Feb 11 02:44:38.474572 sonic WARNING systemd[1]: featured.service: Failed with result 'exit-code'.
2025 Feb 11 02:44:38.506536 sonic INFO systemd[1]: Started featured.service - Feature configuration daemon.
2025 Feb 11 02:44:38.636788 sonic INFO featured: ConfigDB connect success
2025 Feb 11 02:44:38.640737 sonic INFO featured[10293]: Traceback (most recent call last):
2025 Feb 11 02:44:38.640796 sonic INFO featured[10293]:   File "/usr/local/bin/featured", line 598, in <module>
2025 Feb 11 02:44:38.640881 sonic INFO featured[10293]:     main()
2025 Feb 11 02:44:38.640920 sonic INFO featured[10293]:   File "/usr/local/bin/featured", line 591, in main
2025 Feb 11 02:44:38.641037 sonic INFO featured[10293]:     daemon = FeatureDaemon()
2025 Feb 11 02:44:38.641076 sonic INFO featured[10293]:              ^^^^^^^^^^^^^^^
2025 Feb 11 02:44:38.641093 sonic INFO featured[10293]:   File "/usr/local/bin/featured", line 529, in __init__
2025 Feb 11 02:44:38.641163 sonic INFO featured[10293]:     self.feature_handler = FeatureHandler(self.config_db, feature_state_table, self.device_config, self.advanced_boot)
2025 Feb 11 02:44:38.641200 sonic INFO featured[10293]:                            ^^^^^^^^^^^^^^^^^^^^^^^^^^^^^^^^^^^^^^^^^^^^^^^^^^^^^^^^^^^^^^^^^^^^^^^^^^^^^^^^^^^^^^^^^^^
2025 Feb 11 02:44:38.641234 sonic INFO featured[10293]:   File "/usr/local/bin/featured", line 136, in __init__
2025 Feb 11 02:44:38.641285 sonic INFO featured[10293]:     self._device_running_config = device_info.get_device_runtime_metadata()
2025 Feb 11 02:44:38.641318 sonic INFO featured[10293]:                                   ^^^^^^^^^^^^^^^^^^^^^^^^^^^^^^^^^^^^^^^^^
2025 Feb 11 02:44:38.641335 sonic INFO featured[10293]:   File "/usr/local/lib/python3.11/dist-packages/sonic_py_common/device_info.py", line 680, in get_device_runtime_metadata
2025 Feb 11 02:44:38.641458 sonic INFO featured[10293]:     port_metadata = {'ETHERNET_PORTS_PRESENT': True if get_path_to_port_config_file(hwsku=None, asic="0" if is_multi_npu() else None) else False}
2025 Feb 11 02:44:38.641562 sonic INFO featured[10293]:                                                        ^^^^^^^^^^^^^^^^^^^^^^^^^^^^^^^^^^^^^^^^^^^^^^^^^^^^^^^^^^^^^^^^^^^^^^^^^^^^^^
2025 Feb 11 02:44:38.641591 sonic INFO featured[10293]:   File "/usr/local/lib/python3.11/dist-packages/sonic_py_common/device_info.py", line 446, in get_path_to_port_config_file
2025 Feb 11 02:44:38.641669 sonic INFO featured[10293]:     (platform_path, hwsku_path) = get_paths_to_platform_and_hwsku_dirs()
2025 Feb 11 02:44:38.641702 sonic INFO featured[10293]:                                   ^^^^^^^^^^^^^^^^^^^^^^^^^^^^^^^^^^^^^^
2025 Feb 11 02:44:38.641720 sonic INFO featured[10293]:   File "/usr/local/lib/python3.11/dist-packages/sonic_py_common/device_info.py", line 412, in get_paths_to_platform_and_hwsku_dirs
2025 Feb 11 02:44:38.641786 sonic INFO featured[10293]:     hwsku_path = os.path.join(platform_path, hwsku)
2025 Feb 11 02:44:38.641818 sonic INFO featured[10293]:                  ^^^^^^^^^^^^^^^^^^^^^^^^^^^^^^^^^^
2025 Feb 11 02:44:38.641836 sonic INFO featured[10293]:   File "<frozen posixpath>", line 90, in join
2025 Feb 11 02:44:38.641852 sonic INFO featured[10293]:   File "<frozen genericpath>", line 152, in _check_arg_types
2025 Feb 11 02:44:38.641874 sonic INFO featured[10293]: TypeError: join() argument must be str, bytes, or os.PathLike object, not 'NoneType'
2025 Feb 11 02:44:38.659970 sonic NOTICE systemd[1]: featured.service: Main process exited, code=exited, status=1/FAILURE
2025 Feb 11 02:44:38.660128 sonic WARNING systemd[1]: featured.service: Failed with result 'exit-code'.
2025 Feb 11 02:44:38.698488 sonic INFO systemd[1]: Started featured.service - Feature configuration daemon.
2025 Feb 11 02:44:38.845667 sonic INFO featured: ConfigDB connect success
2025 Feb 11 02:44:38.849775 sonic INFO featured[10295]: Traceback (most recent call last):
2025 Feb 11 02:44:38.849823 sonic INFO featured[10295]:   File "/usr/local/bin/featured", line 598, in <module>
2025 Feb 11 02:44:38.849983 sonic INFO featured[10295]:     main()
2025 Feb 11 02:44:38.850022 sonic INFO featured[10295]:   File "/usr/local/bin/featured", line 591, in main
2025 Feb 11 02:44:38.850146 sonic INFO featured[10295]:     daemon = FeatureDaemon()
2025 Feb 11 02:44:38.850186 sonic INFO featured[10295]:              ^^^^^^^^^^^^^^^
2025 Feb 11 02:44:38.850203 sonic INFO featured[10295]:   File "/usr/local/bin/featured", line 529, in __init__
2025 Feb 11 02:44:38.850316 sonic INFO featured[10295]:     self.feature_handler = FeatureHandler(self.config_db, feature_state_table, self.device_config, self.advanced_boot)
2025 Feb 11 02:44:38.850355 sonic INFO featured[10295]:                            ^^^^^^^^^^^^^^^^^^^^^^^^^^^^^^^^^^^^^^^^^^^^^^^^^^^^^^^^^^^^^^^^^^^^^^^^^^^^^^^^^^^^^^^^^^^
2025 Feb 11 02:44:38.850371 sonic INFO featured[10295]:   File "/usr/local/bin/featured", line 136, in __init__
2025 Feb 11 02:44:38.850416 sonic INFO featured[10295]:     self._device_running_config = device_info.get_device_runtime_metadata()
2025 Feb 11 02:44:38.850448 sonic INFO featured[10295]:                                   ^^^^^^^^^^^^^^^^^^^^^^^^^^^^^^^^^^^^^^^^^
2025 Feb 11 02:44:38.850464 sonic INFO featured[10295]:   File "/usr/local/lib/python3.11/dist-packages/sonic_py_common/device_info.py", line 680, in get_device_runtime_metadata
2025 Feb 11 02:44:38.850583 sonic INFO featured[10295]:     port_metadata = {'ETHERNET_PORTS_PRESENT': True if get_path_to_port_config_file(hwsku=None, asic="0" if is_multi_npu() else None) else False}
2025 Feb 11 02:44:38.850622 sonic INFO featured[10295]:                                                        ^^^^^^^^^^^^^^^^^^^^^^^^^^^^^^^^^^^^^^^^^^^^^^^^^^^^^^^^^^^^^^^^^^^^^^^^^^^^^^
2025 Feb 11 02:44:38.850640 sonic INFO featured[10295]:   File "/usr/local/lib/python3.11/dist-packages/sonic_py_common/device_info.py", line 446, in get_path_to_port_config_file
2025 Feb 11 02:44:38.850714 sonic INFO featured[10295]:     (platform_path, hwsku_path) = get_paths_to_platform_and_hwsku_dirs()
2025 Feb 11 02:44:38.850746 sonic INFO featured[10295]:                                   ^^^^^^^^^^^^^^^^^^^^^^^^^^^^^^^^^^^^^^
2025 Feb 11 02:44:38.850762 sonic INFO featured[10295]:   File "/usr/local/lib/python3.11/dist-packages/sonic_py_common/device_info.py", line 412, in get_paths_to_platform_and_hwsku_dirs
2025 Feb 11 02:44:38.850831 sonic INFO featured[10295]:     hwsku_path = os.path.join(platform_path, hwsku)
2025 Feb 11 02:44:38.850864 sonic INFO featured[10295]:                  ^^^^^^^^^^^^^^^^^^^^^^^^^^^^^^^^^^
2025 Feb 11 02:44:38.850880 sonic INFO featured[10295]:   File "<frozen posixpath>", line 90, in join
2025 Feb 11 02:44:38.850904 sonic INFO featured[10295]:   File "<frozen genericpath>", line 152, in _check_arg_types
2025 Feb 11 02:44:38.850926 sonic INFO featured[10295]: TypeError: join() argument must be str, bytes, or os.PathLike object, not 'NoneType'
2025 Feb 11 02:44:38.869449 sonic NOTICE systemd[1]: featured.service: Main process exited, code=exited, status=1/FAILURE
2025 Feb 11 02:44:38.869620 sonic WARNING systemd[1]: featured.service: Failed with result 'exit-code'.
2025 Feb 11 02:44:38.906871 sonic INFO systemd[1]: Started featured.service - Feature configuration daemon.
2025 Feb 11 02:44:39.045803 sonic INFO featured: ConfigDB connect success
2025 Feb 11 02:44:39.049628 sonic INFO featured[10298]: Traceback (most recent call last):
2025 Feb 11 02:44:39.049673 sonic INFO featured[10298]:   File "/usr/local/bin/featured", line 598, in <module>
2025 Feb 11 02:44:39.049795 sonic INFO featured[10298]:     main()
2025 Feb 11 02:44:39.049833 sonic INFO featured[10298]:   File "/usr/local/bin/featured", line 591, in main
2025 Feb 11 02:44:39.049949 sonic INFO featured[10298]:     daemon = FeatureDaemon()
2025 Feb 11 02:44:39.049987 sonic INFO featured[10298]:              ^^^^^^^^^^^^^^^
2025 Feb 11 02:44:39.050003 sonic INFO featured[10298]:   File "/usr/local/bin/featured", line 529, in __init__
2025 Feb 11 02:44:39.050065 sonic INFO featured[10298]:     self.feature_handler = FeatureHandler(self.config_db, feature_state_table, self.device_config, self.advanced_boot)
2025 Feb 11 02:44:39.050101 sonic INFO featured[10298]:                            ^^^^^^^^^^^^^^^^^^^^^^^^^^^^^^^^^^^^^^^^^^^^^^^^^^^^^^^^^^^^^^^^^^^^^^^^^^^^^^^^^^^^^^^^^^^
2025 Feb 11 02:44:39.050122 sonic INFO featured[10298]:   File "/usr/local/bin/featured", line 136, in __init__
2025 Feb 11 02:44:39.050168 sonic INFO featured[10298]:     self._device_running_config = device_info.get_device_runtime_metadata()
2025 Feb 11 02:44:39.050200 sonic INFO featured[10298]:                                   ^^^^^^^^^^^^^^^^^^^^^^^^^^^^^^^^^^^^^^^^^
2025 Feb 11 02:44:39.050243 sonic INFO featured[10298]:   File "/usr/local/lib/python3.11/dist-packages/sonic_py_common/device_info.py", line 680, in get_device_runtime_metadata
2025 Feb 11 02:44:39.050356 sonic INFO featured[10298]:     port_metadata = {'ETHERNET_PORTS_PRESENT': True if get_path_to_port_config_file(hwsku=None, asic="0" if is_multi_npu() else None) else False}
2025 Feb 11 02:44:39.050395 sonic INFO featured[10298]:                                                        ^^^^^^^^^^^^^^^^^^^^^^^^^^^^^^^^^^^^^^^^^^^^^^^^^^^^^^^^^^^^^^^^^^^^^^^^^^^^^^
2025 Feb 11 02:44:39.050413 sonic INFO featured[10298]:   File "/usr/local/lib/python3.11/dist-packages/sonic_py_common/device_info.py", line 446, in get_path_to_port_config_file
2025 Feb 11 02:44:39.050476 sonic INFO featured[10298]:     (platform_path, hwsku_path) = get_paths_to_platform_and_hwsku_dirs()
2025 Feb 11 02:44:39.050507 sonic INFO featured[10298]:                                   ^^^^^^^^^^^^^^^^^^^^^^^^^^^^^^^^^^^^^^
2025 Feb 11 02:44:39.050532 sonic INFO featured[10298]:   File "/usr/local/lib/python3.11/dist-packages/sonic_py_common/device_info.py", line 412, in get_paths_to_platform_and_hwsku_dirs
2025 Feb 11 02:44:39.050583 sonic INFO featured[10298]:     hwsku_path = os.path.join(platform_path, hwsku)
2025 Feb 11 02:44:39.050620 sonic INFO featured[10298]:                  ^^^^^^^^^^^^^^^^^^^^^^^^^^^^^^^^^^
2025 Feb 11 02:44:39.050646 sonic INFO featured[10298]:   File "<frozen posixpath>", line 90, in join
2025 Feb 11 02:44:39.050669 sonic INFO featured[10298]:   File "<frozen genericpath>", line 152, in _check_arg_types
2025 Feb 11 02:44:39.050694 sonic INFO featured[10298]: TypeError: join() argument must be str, bytes, or os.PathLike object, not 'NoneType'
2025 Feb 11 02:44:39.068636 sonic NOTICE systemd[1]: featured.service: Main process exited, code=exited, status=1/FAILURE
2025 Feb 11 02:44:39.068781 sonic WARNING systemd[1]: featured.service: Failed with result 'exit-code'.
2025 Feb 11 02:44:39.112864 sonic INFO systemd[1]: Started featured.service - Feature configuration daemon.
2025 Feb 11 02:44:39.246677 sonic INFO featured: ConfigDB connect success
2025 Feb 11 02:44:39.250476 sonic INFO featured[10299]: Traceback (most recent call last):
2025 Feb 11 02:44:39.250521 sonic INFO featured[10299]:   File "/usr/local/bin/featured", line 598, in <module>
2025 Feb 11 02:44:39.250637 sonic INFO featured[10299]:     main()
2025 Feb 11 02:44:39.250676 sonic INFO featured[10299]:   File "/usr/local/bin/featured", line 591, in main
2025 Feb 11 02:44:39.250791 sonic INFO featured[10299]:     daemon = FeatureDaemon()
2025 Feb 11 02:44:39.250831 sonic INFO featured[10299]:              ^^^^^^^^^^^^^^^
2025 Feb 11 02:44:39.250848 sonic INFO featured[10299]:   File "/usr/local/bin/featured", line 529, in __init__
2025 Feb 11 02:44:39.250909 sonic INFO featured[10299]:     self.feature_handler = FeatureHandler(self.config_db, feature_state_table, self.device_config, self.advanced_boot)
2025 Feb 11 02:44:39.250975 sonic INFO featured[10299]:                            ^^^^^^^^^^^^^^^^^^^^^^^^^^^^^^^^^^^^^^^^^^^^^^^^^^^^^^^^^^^^^^^^^^^^^^^^^^^^^^^^^^^^^^^^^^^
2025 Feb 11 02:44:39.251001 sonic INFO featured[10299]:   File "/usr/local/bin/featured", line 136, in __init__
2025 Feb 11 02:44:39.251032 sonic INFO featured[10299]:     self._device_running_config = device_info.get_device_runtime_metadata()
2025 Feb 11 02:44:39.251057 sonic INFO featured[10299]:                                   ^^^^^^^^^^^^^^^^^^^^^^^^^^^^^^^^^^^^^^^^^
2025 Feb 11 02:44:39.251087 sonic INFO featured[10299]:   File "/usr/local/lib/python3.11/dist-packages/sonic_py_common/device_info.py", line 680, in get_device_runtime_metadata
2025 Feb 11 02:44:39.251166 sonic INFO featured[10299]:     port_metadata = {'ETHERNET_PORTS_PRESENT': True if get_path_to_port_config_file(hwsku=None, asic="0" if is_multi_npu() else None) else False}
2025 Feb 11 02:44:39.251204 sonic INFO featured[10299]:                                                        ^^^^^^^^^^^^^^^^^^^^^^^^^^^^^^^^^^^^^^^^^^^^^^^^^^^^^^^^^^^^^^^^^^^^^^^^^^^^^^
2025 Feb 11 02:44:39.251240 sonic INFO featured[10299]:   File "/usr/local/lib/python3.11/dist-packages/sonic_py_common/device_info.py", line 446, in get_path_to_port_config_file
2025 Feb 11 02:44:39.251373 sonic INFO featured[10299]:     (platform_path, hwsku_path) = get_paths_to_platform_and_hwsku_dirs()
2025 Feb 11 02:44:39.251410 sonic INFO featured[10299]:                                   ^^^^^^^^^^^^^^^^^^^^^^^^^^^^^^^^^^^^^^
2025 Feb 11 02:44:39.251427 sonic INFO featured[10299]:   File "/usr/local/lib/python3.11/dist-packages/sonic_py_common/device_info.py", line 412, in get_paths_to_platform_and_hwsku_dirs
2025 Feb 11 02:44:39.251470 sonic INFO featured[10299]:     hwsku_path = os.path.join(platform_path, hwsku)
2025 Feb 11 02:44:39.251504 sonic INFO featured[10299]:                  ^^^^^^^^^^^^^^^^^^^^^^^^^^^^^^^^^^
2025 Feb 11 02:44:39.251529 sonic INFO featured[10299]:   File "<frozen posixpath>", line 90, in join
2025 Feb 11 02:44:39.251553 sonic INFO featured[10299]:   File "<frozen genericpath>", line 152, in _check_arg_types
2025 Feb 11 02:44:39.251578 sonic INFO featured[10299]: TypeError: join() argument must be str, bytes, or os.PathLike object, not 'NoneType'
2025 Feb 11 02:44:39.269589 sonic NOTICE systemd[1]: featured.service: Main process exited, code=exited, status=1/FAILURE
2025 Feb 11 02:44:39.269726 sonic WARNING systemd[1]: featured.service: Failed with result 'exit-code'.
2025 Feb 11 02:44:39.271363 sonic WARNING systemd[1]: featured.service: Start request repeated too quickly.
2025 Feb 11 02:44:39.271409 sonic WARNING systemd[1]: featured.service: Failed with result 'exit-code'.
2025 Feb 11 02:44:39.271479 sonic ERR systemd[1]: Failed to start featured.service - Feature configuration daemon.
2025 Feb 11 02:44:44.279115 sonic WARNING systemd[1]: featured.service: Start request repeated too quickly.
2025 Feb 11 02:44:44.279464 sonic WARNING systemd[1]: featured.service: Failed with result 'exit-code'.
2025 Feb 11 02:44:44.279529 sonic ERR systemd[1]: Failed to start featured.service - Feature configuration daemon.
2025 Feb 11 02:44:44.280169 sonic WARNING systemd[1]: featured.service: Start request repeated too quickly.
2025 Feb 11 02:44:44.280240 sonic WARNING systemd[1]: featured.service: Failed with result 'exit-code'.
2025 Feb 11 02:44:44.280286 sonic ERR systemd[1]: Failed to start featured.service - Feature configuration daemon.
2025 Feb 11 02:44:44.530519 sonic INFO systemd[1]: caclmgrd.service: Scheduled restart job, restart counter is at 35.
2025 Feb 11 02:44:44.530907 sonic INFO systemd[1]: Stopped caclmgrd.service - Control Plane ACL configuration daemon.
2025 Feb 11 02:44:44.566370 sonic INFO systemd[1]: Started caclmgrd.service - Control Plane ACL configuration daemon.
2025 Feb 11 02:44:44.566679 sonic WARNING systemd[1]: featured.service: Start request repeated too quickly.
2025 Feb 11 02:44:44.566750 sonic WARNING systemd[1]: featured.service: Failed with result 'exit-code'.
2025 Feb 11 02:44:44.566856 sonic ERR systemd[1]: Failed to start featured.service - Feature configuration daemon.
2025 Feb 11 02:44:44.568466 sonic WARNING systemd[1]: featured.service: Start request repeated too quickly.
2025 Feb 11 02:44:44.568511 sonic WARNING systemd[1]: featured.service: Failed with result 'exit-code'.
2025 Feb 11 02:44:44.568589 sonic ERR systemd[1]: Failed to start featured.service - Feature configuration daemon.
2025 Feb 11 02:44:44.677199 sonic INFO caclmgrd[10310]: Traceback (most recent call last):
2025 Feb 11 02:44:44.677287 sonic INFO caclmgrd[10310]:   File "/usr/local/bin/caclmgrd", line 1146, in <module>
2025 Feb 11 02:44:44.677318 sonic INFO caclmgrd[10310]:     main()
2025 Feb 11 02:44:44.677335 sonic INFO caclmgrd[10310]:   File "/usr/local/bin/caclmgrd", line 1137, in main
2025 Feb 11 02:44:44.677379 sonic INFO caclmgrd[10310]:     caclmgr = ControlPlaneAclManager(SYSLOG_IDENTIFIER)
2025 Feb 11 02:44:44.677406 sonic INFO caclmgrd[10310]:               ^^^^^^^^^^^^^^^^^^^^^^^^^^^^^^^^^^^^^^^^^
2025 Feb 11 02:44:44.677439 sonic INFO caclmgrd[10310]:   File "/usr/local/bin/caclmgrd", line 156, in __init__
2025 Feb 11 02:44:44.677546 sonic INFO caclmgrd[10310]:     if 'subtype' in metadata['localhost'] and metadata['localhost']['subtype'] == 'DualToR':
2025 Feb 11 02:44:44.677639 sonic INFO caclmgrd[10310]:                     ~~~~~~~~^^^^^^^^^^^^^
2025 Feb 11 02:44:44.677667 sonic INFO caclmgrd[10310]: KeyError: 'localhost'
2025 Feb 11 02:44:44.689438 sonic NOTICE systemd[1]: caclmgrd.service: Main process exited, code=exited, status=1/FAILURE
2025 Feb 11 02:44:44.689673 sonic WARNING systemd[1]: caclmgrd.service: Failed with result 'exit-code'.
2025 Feb 11 02:44:44.691203 sonic WARNING systemd[1]: featured.service: Start request repeated too quickly.
2025 Feb 11 02:44:44.691260 sonic WARNING systemd[1]: featured.service: Failed with result 'exit-code'.
2025 Feb 11 02:44:44.691375 sonic ERR systemd[1]: Failed to start featured.service - Feature configuration daemon.
2025 Feb 11 02:44:54.657842 sonic ERR monit[828]: 'container_checker' status failed (4) -- Unexpected running containers: database3, database1, macsec3, database0, database, bgp1, macsec2, database2, bgp2, bgp0, bgp3, macsec1, macsec0, eventd
2025 Feb 11 02:44:54.694738 sonic INFO systemd[1]: Started featured.service - Feature configuration daemon.
2025 Feb 11 02:44:54.782515 sonic DEBUG mgmt_oper_status.py: No management interface found
2025 Feb 11 02:44:54.831860 sonic INFO featured: ConfigDB connect success
2025 Feb 11 02:44:54.836781 sonic INFO featured[10348]: Traceback (most recent call last):
2025 Feb 11 02:44:54.836875 sonic INFO featured[10348]:   File "/usr/local/bin/featured", line 598, in <module>
2025 Feb 11 02:44:54.836921 sonic INFO featured[10348]:     main()
2025 Feb 11 02:44:54.836950 sonic INFO featured[10348]:   File "/usr/local/bin/featured", line 591, in main
2025 Feb 11 02:44:54.837097 sonic INFO featured[10348]:     daemon = FeatureDaemon()
2025 Feb 11 02:44:54.837165 sonic INFO featured[10348]:              ^^^^^^^^^^^^^^^
2025 Feb 11 02:44:54.837224 sonic INFO featured[10348]:   File "/usr/local/bin/featured", line 529, in __init__
2025 Feb 11 02:44:54.837269 sonic INFO featured[10348]:     self.feature_handler = FeatureHandler(self.config_db, feature_state_table, self.device_config, self.advanced_boot)
2025 Feb 11 02:44:54.837322 sonic INFO featured[10348]:                            ^^^^^^^^^^^^^^^^^^^^^^^^^^^^^^^^^^^^^^^^^^^^^^^^^^^^^^^^^^^^^^^^^^^^^^^^^^^^^^^^^^^^^^^^^^^
2025 Feb 11 02:44:54.837350 sonic INFO featured[10348]:   File "/usr/local/bin/featured", line 136, in __init__
2025 Feb 11 02:44:54.837390 sonic INFO featured[10348]:     self._device_running_config = device_info.get_device_runtime_metadata()
2025 Feb 11 02:44:54.837439 sonic INFO featured[10348]:                                   ^^^^^^^^^^^^^^^^^^^^^^^^^^^^^^^^^^^^^^^^^
2025 Feb 11 02:44:54.837466 sonic INFO featured[10348]:   File "/usr/local/lib/python3.11/dist-packages/sonic_py_common/device_info.py", line 680, in get_device_runtime_metadata
2025 Feb 11 02:44:54.837570 sonic INFO featured[10348]:     port_metadata = {'ETHERNET_PORTS_PRESENT': True if get_path_to_port_config_file(hwsku=None, asic="0" if is_multi_npu() else None) else False}
2025 Feb 11 02:44:54.837616 sonic INFO featured[10348]:                                                        ^^^^^^^^^^^^^^^^^^^^^^^^^^^^^^^^^^^^^^^^^^^^^^^^^^^^^^^^^^^^^^^^^^^^^^^^^^^^^^
2025 Feb 11 02:44:54.837666 sonic INFO featured[10348]:   File "/usr/local/lib/python3.11/dist-packages/sonic_py_common/device_info.py", line 446, in get_path_to_port_config_file
2025 Feb 11 02:44:54.837719 sonic INFO featured[10348]:     (platform_path, hwsku_path) = get_paths_to_platform_and_hwsku_dirs()
2025 Feb 11 02:44:54.837762 sonic INFO featured[10348]:                                   ^^^^^^^^^^^^^^^^^^^^^^^^^^^^^^^^^^^^^^
2025 Feb 11 02:44:54.837804 sonic INFO featured[10348]:   File "/usr/local/lib/python3.11/dist-packages/sonic_py_common/device_info.py", line 412, in get_paths_to_platform_and_hwsku_dirs
2025 Feb 11 02:44:54.837846 sonic INFO featured[10348]:     hwsku_path = os.path.join(platform_path, hwsku)
2025 Feb 11 02:44:54.837899 sonic INFO featured[10348]:                  ^^^^^^^^^^^^^^^^^^^^^^^^^^^^^^^^^^
2025 Feb 11 02:44:54.837944 sonic INFO featured[10348]:   File "<frozen posixpath>", line 90, in join
2025 Feb 11 02:44:54.837985 sonic INFO featured[10348]:   File "<frozen genericpath>", line 152, in _check_arg_types
2025 Feb 11 02:44:54.838028 sonic INFO featured[10348]: TypeError: join() argument must be str, bytes, or os.PathLike object, not 'NoneType'
2025 Feb 11 02:44:54.856335 sonic NOTICE systemd[1]: featured.service: Main process exited, code=exited, status=1/FAILURE
2025 Feb 11 02:44:54.856544 sonic WARNING systemd[1]: featured.service: Failed with result 'exit-code'.
2025 Feb 11 02:44:54.882814 sonic INFO systemd[1]: Started featured.service - Feature configuration daemon.
2025 Feb 11 02:44:54.977100 sonic INFO memory_checker: [memory_checker] Exits without checking memory usage since container 'gnmi' is not running!
2025 Feb 11 02:44:54.986473 sonic INFO memory_checker: [memory_checker] Exits without checking memory usage since container 'bmp' is not running!
2025 Feb 11 02:44:54.992086 sonic INFO memory_checker: [memory_checker] Exits without checking memory usage since container 'snmp' is not running!
2025 Feb 11 02:44:55.048027 sonic INFO featured: ConfigDB connect success
2025 Feb 11 02:44:55.052149 sonic INFO featured[10350]: Traceback (most recent call last):
2025 Feb 11 02:44:55.052267 sonic INFO featured[10350]:   File "/usr/local/bin/featured", line 598, in <module>
2025 Feb 11 02:44:55.052418 sonic INFO featured[10350]:     main()
2025 Feb 11 02:44:55.052491 sonic INFO featured[10350]:   File "/usr/local/bin/featured", line 591, in main
2025 Feb 11 02:44:55.052672 sonic INFO featured[10350]:     daemon = FeatureDaemon()
2025 Feb 11 02:44:55.052733 sonic INFO featured[10350]:              ^^^^^^^^^^^^^^^
2025 Feb 11 02:44:55.052787 sonic INFO featured[10350]:   File "/usr/local/bin/featured", line 529, in __init__
2025 Feb 11 02:44:55.052868 sonic INFO featured[10350]:     self.feature_handler = FeatureHandler(self.config_db, feature_state_table, self.device_config, self.advanced_boot)
2025 Feb 11 02:44:55.052945 sonic INFO featured[10350]:                            ^^^^^^^^^^^^^^^^^^^^^^^^^^^^^^^^^^^^^^^^^^^^^^^^^^^^^^^^^^^^^^^^^^^^^^^^^^^^^^^^^^^^^^^^^^^
2025 Feb 11 02:44:55.052991 sonic INFO featured[10350]:   File "/usr/local/bin/featured", line 136, in __init__
2025 Feb 11 02:44:55.053043 sonic INFO featured[10350]:     self._device_running_config = device_info.get_device_runtime_metadata()
2025 Feb 11 02:44:55.053094 sonic INFO featured[10350]:                                   ^^^^^^^^^^^^^^^^^^^^^^^^^^^^^^^^^^^^^^^^^
2025 Feb 11 02:44:55.053140 sonic INFO featured[10350]:   File "/usr/local/lib/python3.11/dist-packages/sonic_py_common/device_info.py", line 680, in get_device_runtime_metadata
2025 Feb 11 02:44:55.053324 sonic INFO featured[10350]:     port_metadata = {'ETHERNET_PORTS_PRESENT': True if get_path_to_port_config_file(hwsku=None, asic="0" if is_multi_npu() else None) else False}
2025 Feb 11 02:44:55.053396 sonic INFO featured[10350]:                                                        ^^^^^^^^^^^^^^^^^^^^^^^^^^^^^^^^^^^^^^^^^^^^^^^^^^^^^^^^^^^^^^^^^^^^^^^^^^^^^^
2025 Feb 11 02:44:55.053428 sonic INFO featured[10350]:   File "/usr/local/lib/python3.11/dist-packages/sonic_py_common/device_info.py", line 446, in get_path_to_port_config_file
2025 Feb 11 02:44:55.053578 sonic INFO featured[10350]:     (platform_path, hwsku_path) = get_paths_to_platform_and_hwsku_dirs()
2025 Feb 11 02:44:55.053643 sonic INFO featured[10350]:                                   ^^^^^^^^^^^^^^^^^^^^^^^^^^^^^^^^^^^^^^
2025 Feb 11 02:44:55.053691 sonic INFO featured[10350]:   File "/usr/local/lib/python3.11/dist-packages/sonic_py_common/device_info.py", line 412, in get_paths_to_platform_and_hwsku_dirs
2025 Feb 11 02:44:55.053771 sonic INFO featured[10350]:     hwsku_path = os.path.join(platform_path, hwsku)
2025 Feb 11 02:44:55.053838 sonic INFO featured[10350]:                  ^^^^^^^^^^^^^^^^^^^^^^^^^^^^^^^^^^
2025 Feb 11 02:44:55.053883 sonic INFO featured[10350]:   File "<frozen posixpath>", line 90, in join
2025 Feb 11 02:44:55.053924 sonic INFO featured[10350]:   File "<frozen genericpath>", line 152, in _check_arg_types
2025 Feb 11 02:44:55.053964 sonic INFO featured[10350]: TypeError: join() argument must be str, bytes, or os.PathLike object, not 'NoneType'
2025 Feb 11 02:44:55.072918 sonic NOTICE systemd[1]: featured.service: Main process exited, code=exited, status=1/FAILURE
2025 Feb 11 02:44:55.073051 sonic WARNING systemd[1]: featured.service: Failed with result 'exit-code'.
2025 Feb 11 02:44:55.132274 sonic INFO systemd[1]: Started featured.service - Feature configuration daemon.
2025 Feb 11 02:44:55.272103 sonic INFO featured: ConfigDB connect success
2025 Feb 11 02:44:55.276160 sonic INFO featured[10384]: Traceback (most recent call last):
2025 Feb 11 02:44:55.276225 sonic INFO featured[10384]:   File "/usr/local/bin/featured", line 598, in <module>
2025 Feb 11 02:44:55.276381 sonic INFO featured[10384]:     main()
2025 Feb 11 02:44:55.276420 sonic INFO featured[10384]:   File "/usr/local/bin/featured", line 591, in main
2025 Feb 11 02:44:55.276539 sonic INFO featured[10384]:     daemon = FeatureDaemon()
2025 Feb 11 02:44:55.276572 sonic INFO featured[10384]:              ^^^^^^^^^^^^^^^
2025 Feb 11 02:44:55.276594 sonic INFO featured[10384]:   File "/usr/local/bin/featured", line 529, in __init__
2025 Feb 11 02:44:55.276672 sonic INFO featured[10384]:     self.feature_handler = FeatureHandler(self.config_db, feature_state_table, self.device_config, self.advanced_boot)
2025 Feb 11 02:44:55.276711 sonic INFO featured[10384]:                            ^^^^^^^^^^^^^^^^^^^^^^^^^^^^^^^^^^^^^^^^^^^^^^^^^^^^^^^^^^^^^^^^^^^^^^^^^^^^^^^^^^^^^^^^^^^
2025 Feb 11 02:44:55.276734 sonic INFO featured[10384]:   File "/usr/local/bin/featured", line 136, in __init__
2025 Feb 11 02:44:55.276757 sonic INFO featured[10384]:     self._device_running_config = device_info.get_device_runtime_metadata()
2025 Feb 11 02:44:55.276789 sonic INFO featured[10384]:                                   ^^^^^^^^^^^^^^^^^^^^^^^^^^^^^^^^^^^^^^^^^
2025 Feb 11 02:44:55.276816 sonic INFO featured[10384]:   File "/usr/local/lib/python3.11/dist-packages/sonic_py_common/device_info.py", line 680, in get_device_runtime_metadata
2025 Feb 11 02:44:55.276896 sonic INFO featured[10384]:     port_metadata = {'ETHERNET_PORTS_PRESENT': True if get_path_to_port_config_file(hwsku=None, asic="0" if is_multi_npu() else None) else False}
2025 Feb 11 02:44:55.276948 sonic INFO featured[10384]:                                                        ^^^^^^^^^^^^^^^^^^^^^^^^^^^^^^^^^^^^^^^^^^^^^^^^^^^^^^^^^^^^^^^^^^^^^^^^^^^^^^
2025 Feb 11 02:44:55.276966 sonic INFO featured[10384]:   File "/usr/local/lib/python3.11/dist-packages/sonic_py_common/device_info.py", line 446, in get_path_to_port_config_file
2025 Feb 11 02:44:55.277041 sonic INFO featured[10384]:     (platform_path, hwsku_path) = get_paths_to_platform_and_hwsku_dirs()
2025 Feb 11 02:44:55.277073 sonic INFO featured[10384]:                                   ^^^^^^^^^^^^^^^^^^^^^^^^^^^^^^^^^^^^^^
2025 Feb 11 02:44:55.277090 sonic INFO featured[10384]:   File "/usr/local/lib/python3.11/dist-packages/sonic_py_common/device_info.py", line 412, in get_paths_to_platform_and_hwsku_dirs
2025 Feb 11 02:44:55.277149 sonic INFO featured[10384]:     hwsku_path = os.path.join(platform_path, hwsku)
2025 Feb 11 02:44:55.277182 sonic INFO featured[10384]:                  ^^^^^^^^^^^^^^^^^^^^^^^^^^^^^^^^^^
2025 Feb 11 02:44:55.277219 sonic INFO featured[10384]:   File "<frozen posixpath>", line 90, in join
2025 Feb 11 02:44:55.277236 sonic INFO featured[10384]:   File "<frozen genericpath>", line 152, in _check_arg_types
2025 Feb 11 02:44:55.277261 sonic INFO featured[10384]: TypeError: join() argument must be str, bytes, or os.PathLike object, not 'NoneType'
2025 Feb 11 02:44:55.295365 sonic NOTICE systemd[1]: featured.service: Main process exited, code=exited, status=1/FAILURE
2025 Feb 11 02:44:55.295490 sonic WARNING systemd[1]: featured.service: Failed with result 'exit-code'.
2025 Feb 11 02:44:55.318672 sonic INFO systemd[1]: Started featured.service - Feature configuration daemon.
2025 Feb 11 02:44:55.462722 sonic INFO featured: ConfigDB connect success
2025 Feb 11 02:44:55.466732 sonic INFO featured[10385]: Traceback (most recent call last):
2025 Feb 11 02:44:55.466783 sonic INFO featured[10385]:   File "/usr/local/bin/featured", line 598, in <module>
2025 Feb 11 02:44:55.466934 sonic INFO featured[10385]:     main()
2025 Feb 11 02:44:55.466974 sonic INFO featured[10385]:   File "/usr/local/bin/featured", line 591, in main
2025 Feb 11 02:44:55.467091 sonic INFO featured[10385]:     daemon = FeatureDaemon()
2025 Feb 11 02:44:55.467123 sonic INFO featured[10385]:              ^^^^^^^^^^^^^^^
2025 Feb 11 02:44:55.467147 sonic INFO featured[10385]:   File "/usr/local/bin/featured", line 529, in __init__
2025 Feb 11 02:44:55.467225 sonic INFO featured[10385]:     self.feature_handler = FeatureHandler(self.config_db, feature_state_table, self.device_config, self.advanced_boot)
2025 Feb 11 02:44:55.467262 sonic INFO featured[10385]:                            ^^^^^^^^^^^^^^^^^^^^^^^^^^^^^^^^^^^^^^^^^^^^^^^^^^^^^^^^^^^^^^^^^^^^^^^^^^^^^^^^^^^^^^^^^^^
2025 Feb 11 02:44:55.467279 sonic INFO featured[10385]:   File "/usr/local/bin/featured", line 136, in __init__
2025 Feb 11 02:44:55.467332 sonic INFO featured[10385]:     self._device_running_config = device_info.get_device_runtime_metadata()
2025 Feb 11 02:44:55.467365 sonic INFO featured[10385]:                                   ^^^^^^^^^^^^^^^^^^^^^^^^^^^^^^^^^^^^^^^^^
2025 Feb 11 02:44:55.467382 sonic INFO featured[10385]:   File "/usr/local/lib/python3.11/dist-packages/sonic_py_common/device_info.py", line 680, in get_device_runtime_metadata
2025 Feb 11 02:44:55.467494 sonic INFO featured[10385]:     port_metadata = {'ETHERNET_PORTS_PRESENT': True if get_path_to_port_config_file(hwsku=None, asic="0" if is_multi_npu() else None) else False}
2025 Feb 11 02:44:55.467533 sonic INFO featured[10385]:                                                        ^^^^^^^^^^^^^^^^^^^^^^^^^^^^^^^^^^^^^^^^^^^^^^^^^^^^^^^^^^^^^^^^^^^^^^^^^^^^^^
2025 Feb 11 02:44:55.467550 sonic INFO featured[10385]:   File "/usr/local/lib/python3.11/dist-packages/sonic_py_common/device_info.py", line 446, in get_path_to_port_config_file
2025 Feb 11 02:44:55.467613 sonic INFO featured[10385]:     (platform_path, hwsku_path) = get_paths_to_platform_and_hwsku_dirs()
2025 Feb 11 02:44:55.467645 sonic INFO featured[10385]:                                   ^^^^^^^^^^^^^^^^^^^^^^^^^^^^^^^^^^^^^^
2025 Feb 11 02:44:55.467663 sonic INFO featured[10385]:   File "/usr/local/lib/python3.11/dist-packages/sonic_py_common/device_info.py", line 412, in get_paths_to_platform_and_hwsku_dirs
2025 Feb 11 02:44:55.467717 sonic INFO featured[10385]:     hwsku_path = os.path.join(platform_path, hwsku)
2025 Feb 11 02:44:55.467755 sonic INFO featured[10385]:                  ^^^^^^^^^^^^^^^^^^^^^^^^^^^^^^^^^^
2025 Feb 11 02:44:55.467782 sonic INFO featured[10385]:   File "<frozen posixpath>", line 90, in join
2025 Feb 11 02:44:55.467798 sonic INFO featured[10385]:   File "<frozen genericpath>", line 152, in _check_arg_types
2025 Feb 11 02:44:55.467823 sonic INFO featured[10385]: TypeError: join() argument must be str, bytes, or os.PathLike object, not 'NoneType'
2025 Feb 11 02:44:55.485935 sonic NOTICE systemd[1]: featured.service: Main process exited, code=exited, status=1/FAILURE
2025 Feb 11 02:44:55.486083 sonic WARNING systemd[1]: featured.service: Failed with result 'exit-code'.
2025 Feb 11 02:44:55.530931 sonic INFO systemd[1]: Started featured.service - Feature configuration daemon.
2025 Feb 11 02:44:55.661876 sonic INFO featured: ConfigDB connect success
2025 Feb 11 02:44:55.665908 sonic INFO featured[10387]: Traceback (most recent call last):
2025 Feb 11 02:44:55.665957 sonic INFO featured[10387]:   File "/usr/local/bin/featured", line 598, in <module>
2025 Feb 11 02:44:55.666066 sonic INFO featured[10387]:     main()
2025 Feb 11 02:44:55.666112 sonic INFO featured[10387]:   File "/usr/local/bin/featured", line 591, in main
2025 Feb 11 02:44:55.666227 sonic INFO featured[10387]:     daemon = FeatureDaemon()
2025 Feb 11 02:44:55.666267 sonic INFO featured[10387]:              ^^^^^^^^^^^^^^^
2025 Feb 11 02:44:55.666285 sonic INFO featured[10387]:   File "/usr/local/bin/featured", line 529, in __init__
2025 Feb 11 02:44:55.666380 sonic INFO featured[10387]:     self.feature_handler = FeatureHandler(self.config_db, feature_state_table, self.device_config, self.advanced_boot)
2025 Feb 11 02:44:55.666419 sonic INFO featured[10387]:                            ^^^^^^^^^^^^^^^^^^^^^^^^^^^^^^^^^^^^^^^^^^^^^^^^^^^^^^^^^^^^^^^^^^^^^^^^^^^^^^^^^^^^^^^^^^^
2025 Feb 11 02:44:55.666436 sonic INFO featured[10387]:   File "/usr/local/bin/featured", line 136, in __init__
2025 Feb 11 02:44:55.666465 sonic INFO featured[10387]:     self._device_running_config = device_info.get_device_runtime_metadata()
2025 Feb 11 02:44:55.666497 sonic INFO featured[10387]:                                   ^^^^^^^^^^^^^^^^^^^^^^^^^^^^^^^^^^^^^^^^^
2025 Feb 11 02:44:55.666515 sonic INFO featured[10387]:   File "/usr/local/lib/python3.11/dist-packages/sonic_py_common/device_info.py", line 680, in get_device_runtime_metadata
2025 Feb 11 02:44:55.666620 sonic INFO featured[10387]:     port_metadata = {'ETHERNET_PORTS_PRESENT': True if get_path_to_port_config_file(hwsku=None, asic="0" if is_multi_npu() else None) else False}
2025 Feb 11 02:44:55.666660 sonic INFO featured[10387]:                                                        ^^^^^^^^^^^^^^^^^^^^^^^^^^^^^^^^^^^^^^^^^^^^^^^^^^^^^^^^^^^^^^^^^^^^^^^^^^^^^^
2025 Feb 11 02:44:55.666677 sonic INFO featured[10387]:   File "/usr/local/lib/python3.11/dist-packages/sonic_py_common/device_info.py", line 446, in get_path_to_port_config_file
2025 Feb 11 02:44:55.666739 sonic INFO featured[10387]:     (platform_path, hwsku_path) = get_paths_to_platform_and_hwsku_dirs()
2025 Feb 11 02:44:55.666771 sonic INFO featured[10387]:                                   ^^^^^^^^^^^^^^^^^^^^^^^^^^^^^^^^^^^^^^
2025 Feb 11 02:44:55.666788 sonic INFO featured[10387]:   File "/usr/local/lib/python3.11/dist-packages/sonic_py_common/device_info.py", line 412, in get_paths_to_platform_and_hwsku_dirs
2025 Feb 11 02:44:55.666847 sonic INFO featured[10387]:     hwsku_path = os.path.join(platform_path, hwsku)
2025 Feb 11 02:44:55.666881 sonic INFO featured[10387]:                  ^^^^^^^^^^^^^^^^^^^^^^^^^^^^^^^^^^
2025 Feb 11 02:44:55.666899 sonic INFO featured[10387]:   File "<frozen posixpath>", line 90, in join
2025 Feb 11 02:44:55.666925 sonic INFO featured[10387]:   File "<frozen genericpath>", line 152, in _check_arg_types
2025 Feb 11 02:44:55.666941 sonic INFO featured[10387]: TypeError: join() argument must be str, bytes, or os.PathLike object, not 'NoneType'
2025 Feb 11 02:44:55.693424 sonic NOTICE systemd[1]: featured.service: Main process exited, code=exited, status=1/FAILURE
2025 Feb 11 02:44:55.693581 sonic WARNING systemd[1]: featured.service: Failed with result 'exit-code'.
2025 Feb 11 02:44:55.695648 sonic WARNING systemd[1]: featured.service: Start request repeated too quickly.
2025 Feb 11 02:44:55.695753 sonic WARNING systemd[1]: featured.service: Failed with result 'exit-code'.
2025 Feb 11 02:44:55.695827 sonic ERR systemd[1]: Failed to start featured.service - Feature configuration daemon.
2025 Feb 11 02:44:58.278970 sonic WARNING systemd[1]: featured.service: Start request repeated too quickly.
2025 Feb 11 02:44:58.279174 sonic WARNING systemd[1]: featured.service: Failed with result 'exit-code'.
2025 Feb 11 02:44:58.279248 sonic ERR systemd[1]: Failed to start featured.service - Feature configuration daemon.
2025 Feb 11 02:45:01.221919 sonic INFO python[10414]: ansible-port_alias Invoked with hostname=vlab-08 switchids=[] card_type=fixed hwsku=msft_four_asic_vs include_internal=False num_asic=None slotid=None
2025 Feb 11 02:45:04.516623 sonic INFO python[10431]: ansible-file Invoked with state=directory mode=0755 path=/etc/sonic/telemetry recurse=False force=False follow=True modification_time_format=%Y%m%d%H%M.%S access_time_format=%Y%m%d%H%M.%S _original_basename=None _diff_peek=None src=None modification_time=None access_time=None owner=None group=None seuser=None serole=None selevel=None setype=None attributes=None content=NOT_LOGGING_PARAMETER backup=None remote_src=None regexp=None delimiter=None directory_mode=None unsafe_writes=None
2025 Feb 11 02:45:04.987283 sonic INFO python[10437]: ansible-command Invoked with _raw_params=openssl req -x509 -sha256 -nodes -newkey rsa:2048 -keyout "/etc/sonic/telemetry/streamingtelemetryserver.key" -subj "/CN=ndastreamingservertest" -out "/etc/sonic/telemetry/streamingtelemetryserver.cer" warn=True _uses_shell=False stdin_add_newline=True strip_empty_ends=True argv=None chdir=None executable=None creates=None removes=None stdin=None
2025 Feb 11 02:45:05.438465 sonic INFO python[10445]: ansible-command Invoked with _raw_params=openssl req -x509 -sha256 -nodes -newkey rsa:2048 -keyout "/etc/sonic/telemetry/dsmsroot.key" -subj "/CN=ndastreamingclienttest" -out "/etc/sonic/telemetry/dsmsroot.cer" warn=True _uses_shell=False stdin_add_newline=True strip_empty_ends=True argv=None chdir=None executable=None creates=None removes=None stdin=None
2025 Feb 11 02:45:06.106365 sonic INFO python[10451]: ansible-file Invoked with state=directory mode=0755 path=/etc/sonic/credentials recurse=False force=False follow=True modification_time_format=%Y%m%d%H%M.%S access_time_format=%Y%m%d%H%M.%S _original_basename=None _diff_peek=None src=None modification_time=None access_time=None owner=None group=None seuser=None serole=None selevel=None setype=None attributes=None content=NOT_LOGGING_PARAMETER backup=None remote_src=None regexp=None delimiter=None directory_mode=None unsafe_writes=None
2025 Feb 11 02:45:06.369290 sonic INFO python[10458]: ansible-command Invoked with _raw_params=openssl req -x509 -sha256 -nodes -newkey rsa:2048 -keyout "/etc/sonic/credentials/restapiserver.key" -subj "/CN=client.restapi.test" -out "/etc/sonic/credentials/restapiserver.crt" warn=True _uses_shell=False stdin_add_newline=True strip_empty_ends=True argv=None chdir=None executable=None creates=None removes=None stdin=None
2025 Feb 11 02:45:07.071413 sonic INFO python[10464]: ansible-command Invoked with _uses_shell=True _raw_params=mv /etc/sonic/minigraph.xml /etc/sonic/minigraph.xml.orig warn=True stdin_add_newline=True strip_empty_ends=True argv=None chdir=None executable=None creates=None removes=None stdin=None
2025 Feb 11 02:45:08.081732 sonic INFO python[10480]: ansible-stat Invoked with checksum_algorithm=sha1 get_checksum=True follow=False path=/etc/sonic/minigraph.xml get_mime=True get_attributes=True get_md5=None
2025 Feb 11 02:45:08.323254 sonic INFO systemd[1]: Started featured.service - Feature configuration daemon.
2025 Feb 11 02:45:08.463434 sonic INFO featured: ConfigDB connect success
2025 Feb 11 02:45:08.467561 sonic INFO featured[10488]: Traceback (most recent call last):
2025 Feb 11 02:45:08.467619 sonic INFO featured[10488]:   File "/usr/local/bin/featured", line 598, in <module>
2025 Feb 11 02:45:08.467756 sonic INFO featured[10488]:     main()
2025 Feb 11 02:45:08.467795 sonic INFO featured[10488]:   File "/usr/local/bin/featured", line 591, in main
2025 Feb 11 02:45:08.467910 sonic INFO featured[10488]:     daemon = FeatureDaemon()
2025 Feb 11 02:45:08.467949 sonic INFO featured[10488]:              ^^^^^^^^^^^^^^^
2025 Feb 11 02:45:08.467966 sonic INFO featured[10488]:   File "/usr/local/bin/featured", line 529, in __init__
2025 Feb 11 02:45:08.468027 sonic INFO featured[10488]:     self.feature_handler = FeatureHandler(self.config_db, feature_state_table, self.device_config, self.advanced_boot)
2025 Feb 11 02:45:08.468062 sonic INFO featured[10488]:                            ^^^^^^^^^^^^^^^^^^^^^^^^^^^^^^^^^^^^^^^^^^^^^^^^^^^^^^^^^^^^^^^^^^^^^^^^^^^^^^^^^^^^^^^^^^^
2025 Feb 11 02:45:08.468084 sonic INFO featured[10488]:   File "/usr/local/bin/featured", line 136, in __init__
2025 Feb 11 02:45:08.468131 sonic INFO featured[10488]:     self._device_running_config = device_info.get_device_runtime_metadata()
2025 Feb 11 02:45:08.468163 sonic INFO featured[10488]:                                   ^^^^^^^^^^^^^^^^^^^^^^^^^^^^^^^^^^^^^^^^^
2025 Feb 11 02:45:08.468205 sonic INFO featured[10488]:   File "/usr/local/lib/python3.11/dist-packages/sonic_py_common/device_info.py", line 680, in get_device_runtime_metadata
2025 Feb 11 02:45:08.468319 sonic INFO featured[10488]:     port_metadata = {'ETHERNET_PORTS_PRESENT': True if get_path_to_port_config_file(hwsku=None, asic="0" if is_multi_npu() else None) else False}
2025 Feb 11 02:45:08.468357 sonic INFO featured[10488]:                                                        ^^^^^^^^^^^^^^^^^^^^^^^^^^^^^^^^^^^^^^^^^^^^^^^^^^^^^^^^^^^^^^^^^^^^^^^^^^^^^^
2025 Feb 11 02:45:08.468375 sonic INFO featured[10488]:   File "/usr/local/lib/python3.11/dist-packages/sonic_py_common/device_info.py", line 446, in get_path_to_port_config_file
2025 Feb 11 02:45:08.468441 sonic INFO featured[10488]:     (platform_path, hwsku_path) = get_paths_to_platform_and_hwsku_dirs()
2025 Feb 11 02:45:08.468473 sonic INFO featured[10488]:                                   ^^^^^^^^^^^^^^^^^^^^^^^^^^^^^^^^^^^^^^
2025 Feb 11 02:45:08.468506 sonic INFO featured[10488]:   File "/usr/local/lib/python3.11/dist-packages/sonic_py_common/device_info.py", line 412, in get_paths_to_platform_and_hwsku_dirs
2025 Feb 11 02:45:08.468537 sonic INFO featured[10488]:     hwsku_path = os.path.join(platform_path, hwsku)
2025 Feb 11 02:45:08.468569 sonic INFO featured[10488]:                  ^^^^^^^^^^^^^^^^^^^^^^^^^^^^^^^^^^
2025 Feb 11 02:45:08.468594 sonic INFO featured[10488]:   File "<frozen posixpath>", line 90, in join
2025 Feb 11 02:45:08.468618 sonic INFO featured[10488]:   File "<frozen genericpath>", line 152, in _check_arg_types
2025 Feb 11 02:45:08.468647 sonic INFO featured[10488]: TypeError: join() argument must be str, bytes, or os.PathLike object, not 'NoneType'
2025 Feb 11 02:45:08.487687 sonic NOTICE systemd[1]: featured.service: Main process exited, code=exited, status=1/FAILURE
2025 Feb 11 02:45:08.487826 sonic WARNING systemd[1]: featured.service: Failed with result 'exit-code'.
2025 Feb 11 02:45:08.526534 sonic INFO python[10492]: ansible-copy Invoked with src=/tmp/.ansible-admin/ansible-tmp-1739241907.53-6853-84890635606600/source dest=/etc/sonic/minigraph.xml checksum=ff4b76a692744b39f94006ee457f00a0b1feb270 _original_basename=minigraph_template.j2 mode=None follow=False backup=False force=True content=NOT_LOGGING_PARAMETER validate=None directory_mode=None remote_src=None local_follow=None owner=None group=None seuser=None serole=None selevel=None setype=None attributes=None regexp=None delimiter=None unsafe_writes=None
2025 Feb 11 02:45:08.528572 sonic INFO systemd[1]: Started featured.service - Feature configuration daemon.
2025 Feb 11 02:45:08.760137 sonic INFO featured: ConfigDB connect success
2025 Feb 11 02:45:08.781072 sonic INFO featured[10493]: Traceback (most recent call last):
2025 Feb 11 02:45:08.781525 sonic INFO featured[10493]:   File "/usr/local/bin/featured", line 598, in <module>
2025 Feb 11 02:45:08.781610 sonic INFO featured[10493]:     main()
2025 Feb 11 02:45:08.781661 sonic INFO featured[10493]:   File "/usr/local/bin/featured", line 591, in main
2025 Feb 11 02:45:08.781687 sonic INFO featured[10493]:     daemon = FeatureDaemon()
2025 Feb 11 02:45:08.781712 sonic INFO featured[10493]:              ^^^^^^^^^^^^^^^
2025 Feb 11 02:45:08.781736 sonic INFO featured[10493]:   File "/usr/local/bin/featured", line 529, in __init__
2025 Feb 11 02:45:08.781783 sonic INFO featured[10493]:     self.feature_handler = FeatureHandler(self.config_db, feature_state_table, self.device_config, self.advanced_boot)
2025 Feb 11 02:45:08.781848 sonic INFO featured[10493]:                            ^^^^^^^^^^^^^^^^^^^^^^^^^^^^^^^^^^^^^^^^^^^^^^^^^^^^^^^^^^^^^^^^^^^^^^^^^^^^^^^^^^^^^^^^^^^
2025 Feb 11 02:45:08.781884 sonic INFO featured[10493]:   File "/usr/local/bin/featured", line 136, in __init__
2025 Feb 11 02:45:08.781909 sonic INFO featured[10493]:     self._device_running_config = device_info.get_device_runtime_metadata()
2025 Feb 11 02:45:08.781933 sonic INFO featured[10493]:                                   ^^^^^^^^^^^^^^^^^^^^^^^^^^^^^^^^^^^^^^^^^
2025 Feb 11 02:45:08.781957 sonic INFO featured[10493]:   File "/usr/local/lib/python3.11/dist-packages/sonic_py_common/device_info.py", line 680, in get_device_runtime_metadata
2025 Feb 11 02:45:08.781994 sonic INFO featured[10493]:     port_metadata = {'ETHERNET_PORTS_PRESENT': True if get_path_to_port_config_file(hwsku=None, asic="0" if is_multi_npu() else None) else False}
2025 Feb 11 02:45:08.782021 sonic INFO featured[10493]:                                                        ^^^^^^^^^^^^^^^^^^^^^^^^^^^^^^^^^^^^^^^^^^^^^^^^^^^^^^^^^^^^^^^^^^^^^^^^^^^^^^
2025 Feb 11 02:45:08.782054 sonic INFO featured[10493]:   File "/usr/local/lib/python3.11/dist-packages/sonic_py_common/device_info.py", line 446, in get_path_to_port_config_file
2025 Feb 11 02:45:08.782104 sonic INFO featured[10493]:     (platform_path, hwsku_path) = get_paths_to_platform_and_hwsku_dirs()
2025 Feb 11 02:45:08.782133 sonic INFO featured[10493]:                                   ^^^^^^^^^^^^^^^^^^^^^^^^^^^^^^^^^^^^^^
2025 Feb 11 02:45:08.782150 sonic INFO featured[10493]:   File "/usr/local/lib/python3.11/dist-packages/sonic_py_common/device_info.py", line 412, in get_paths_to_platform_and_hwsku_dirs
2025 Feb 11 02:45:08.782204 sonic INFO featured[10493]:     hwsku_path = os.path.join(platform_path, hwsku)
2025 Feb 11 02:45:08.782235 sonic INFO featured[10493]:                  ^^^^^^^^^^^^^^^^^^^^^^^^^^^^^^^^^^
2025 Feb 11 02:45:08.782306 sonic INFO featured[10493]:   File "<frozen posixpath>", line 90, in join
2025 Feb 11 02:45:08.782337 sonic INFO featured[10493]:   File "<frozen genericpath>", line 152, in _check_arg_types
2025 Feb 11 02:45:08.782354 sonic INFO featured[10493]: TypeError: join() argument must be str, bytes, or os.PathLike object, not 'NoneType'
2025 Feb 11 02:45:08.814487 sonic NOTICE systemd[1]: featured.service: Main process exited, code=exited, status=1/FAILURE
2025 Feb 11 02:45:08.816079 sonic WARNING systemd[1]: featured.service: Failed with result 'exit-code'.
2025 Feb 11 02:45:08.856208 sonic INFO systemd[1]: Started featured.service - Feature configuration daemon.
2025 Feb 11 02:45:09.077256 sonic INFO featured: ConfigDB connect success
2025 Feb 11 02:45:09.081389 sonic INFO featured[10498]: Traceback (most recent call last):
2025 Feb 11 02:45:09.081464 sonic INFO featured[10498]:   File "/usr/local/bin/featured", line 598, in <module>
2025 Feb 11 02:45:09.081819 sonic INFO featured[10498]:     main()
2025 Feb 11 02:45:09.081861 sonic INFO featured[10498]:   File "/usr/local/bin/featured", line 591, in main
2025 Feb 11 02:45:09.082011 sonic INFO featured[10498]:     daemon = FeatureDaemon()
2025 Feb 11 02:45:09.082051 sonic INFO featured[10498]:              ^^^^^^^^^^^^^^^
2025 Feb 11 02:45:09.082068 sonic INFO featured[10498]:   File "/usr/local/bin/featured", line 529, in __init__
2025 Feb 11 02:45:09.082157 sonic INFO featured[10498]:     self.feature_handler = FeatureHandler(self.config_db, feature_state_table, self.device_config, self.advanced_boot)
2025 Feb 11 02:45:09.082213 sonic INFO featured[10498]:                            ^^^^^^^^^^^^^^^^^^^^^^^^^^^^^^^^^^^^^^^^^^^^^^^^^^^^^^^^^^^^^^^^^^^^^^^^^^^^^^^^^^^^^^^^^^^
2025 Feb 11 02:45:09.082230 sonic INFO featured[10498]:   File "/usr/local/bin/featured", line 136, in __init__
2025 Feb 11 02:45:09.082269 sonic INFO featured[10498]:     self._device_running_config = device_info.get_device_runtime_metadata()
2025 Feb 11 02:45:09.082306 sonic INFO featured[10498]:                                   ^^^^^^^^^^^^^^^^^^^^^^^^^^^^^^^^^^^^^^^^^
2025 Feb 11 02:45:09.082322 sonic INFO featured[10498]:   File "/usr/local/lib/python3.11/dist-packages/sonic_py_common/device_info.py", line 680, in get_device_runtime_metadata
2025 Feb 11 02:45:09.082435 sonic INFO featured[10498]:     port_metadata = {'ETHERNET_PORTS_PRESENT': True if get_path_to_port_config_file(hwsku=None, asic="0" if is_multi_npu() else None) else False}
2025 Feb 11 02:45:09.082475 sonic INFO featured[10498]:                                                        ^^^^^^^^^^^^^^^^^^^^^^^^^^^^^^^^^^^^^^^^^^^^^^^^^^^^^^^^^^^^^^^^^^^^^^^^^^^^^^
2025 Feb 11 02:45:09.082492 sonic INFO featured[10498]:   File "/usr/local/lib/python3.11/dist-packages/sonic_py_common/device_info.py", line 446, in get_path_to_port_config_file
2025 Feb 11 02:45:09.082553 sonic INFO featured[10498]:     (platform_path, hwsku_path) = get_paths_to_platform_and_hwsku_dirs()
2025 Feb 11 02:45:09.082585 sonic INFO featured[10498]:                                   ^^^^^^^^^^^^^^^^^^^^^^^^^^^^^^^^^^^^^^
2025 Feb 11 02:45:09.082610 sonic INFO featured[10498]:   File "/usr/local/lib/python3.11/dist-packages/sonic_py_common/device_info.py", line 412, in get_paths_to_platform_and_hwsku_dirs
2025 Feb 11 02:45:09.082647 sonic INFO featured[10498]:     hwsku_path = os.path.join(platform_path, hwsku)
2025 Feb 11 02:45:09.082679 sonic INFO featured[10498]:                  ^^^^^^^^^^^^^^^^^^^^^^^^^^^^^^^^^^
2025 Feb 11 02:45:09.082704 sonic INFO featured[10498]:   File "<frozen posixpath>", line 90, in join
2025 Feb 11 02:45:09.082728 sonic INFO featured[10498]:   File "<frozen genericpath>", line 152, in _check_arg_types
2025 Feb 11 02:45:09.082759 sonic INFO featured[10498]: TypeError: join() argument must be str, bytes, or os.PathLike object, not 'NoneType'
2025 Feb 11 02:45:09.120596 sonic NOTICE systemd[1]: featured.service: Main process exited, code=exited, status=1/FAILURE
2025 Feb 11 02:45:09.120751 sonic WARNING systemd[1]: featured.service: Failed with result 'exit-code'.
2025 Feb 11 02:45:09.162428 sonic INFO systemd[1]: Started featured.service - Feature configuration daemon.
2025 Feb 11 02:45:09.263022 sonic INFO python[10501]: ansible-stat Invoked with path=/etc/sonic/core_analyzer.rc.json follow=False get_checksum=True get_mime=True get_attributes=True checksum_algorithm=sha1 get_md5=None
2025 Feb 11 02:45:09.301964 sonic INFO featured: ConfigDB connect success
2025 Feb 11 02:45:09.306817 sonic INFO featured[10502]: Traceback (most recent call last):
2025 Feb 11 02:45:09.306875 sonic INFO featured[10502]:   File "/usr/local/bin/featured", line 598, in <module>
2025 Feb 11 02:45:09.307109 sonic INFO featured[10502]:     main()
2025 Feb 11 02:45:09.307147 sonic INFO featured[10502]:   File "/usr/local/bin/featured", line 591, in main
2025 Feb 11 02:45:09.307353 sonic INFO featured[10502]:     daemon = FeatureDaemon()
2025 Feb 11 02:45:09.307395 sonic INFO featured[10502]:              ^^^^^^^^^^^^^^^
2025 Feb 11 02:45:09.307412 sonic INFO featured[10502]:   File "/usr/local/bin/featured", line 529, in __init__
2025 Feb 11 02:45:09.307548 sonic INFO featured[10502]:     self.feature_handler = FeatureHandler(self.config_db, feature_state_table, self.device_config, self.advanced_boot)
2025 Feb 11 02:45:09.307587 sonic INFO featured[10502]:                            ^^^^^^^^^^^^^^^^^^^^^^^^^^^^^^^^^^^^^^^^^^^^^^^^^^^^^^^^^^^^^^^^^^^^^^^^^^^^^^^^^^^^^^^^^^^
2025 Feb 11 02:45:09.307610 sonic INFO featured[10502]:   File "/usr/local/bin/featured", line 136, in __init__
2025 Feb 11 02:45:09.307701 sonic INFO featured[10502]:     self._device_running_config = device_info.get_device_runtime_metadata()
2025 Feb 11 02:45:09.307738 sonic INFO featured[10502]:                                   ^^^^^^^^^^^^^^^^^^^^^^^^^^^^^^^^^^^^^^^^^
2025 Feb 11 02:45:09.307755 sonic INFO featured[10502]:   File "/usr/local/lib/python3.11/dist-packages/sonic_py_common/device_info.py", line 680, in get_device_runtime_metadata
2025 Feb 11 02:45:09.307937 sonic INFO featured[10502]:     port_metadata = {'ETHERNET_PORTS_PRESENT': True if get_path_to_port_config_file(hwsku=None, asic="0" if is_multi_npu() else None) else False}
2025 Feb 11 02:45:09.307992 sonic INFO featured[10502]:                                                        ^^^^^^^^^^^^^^^^^^^^^^^^^^^^^^^^^^^^^^^^^^^^^^^^^^^^^^^^^^^^^^^^^^^^^^^^^^^^^^
2025 Feb 11 02:45:09.308016 sonic INFO featured[10502]:   File "/usr/local/lib/python3.11/dist-packages/sonic_py_common/device_info.py", line 446, in get_path_to_port_config_file
2025 Feb 11 02:45:09.308146 sonic INFO featured[10502]:     (platform_path, hwsku_path) = get_paths_to_platform_and_hwsku_dirs()
2025 Feb 11 02:45:09.308236 sonic INFO featured[10502]:                                   ^^^^^^^^^^^^^^^^^^^^^^^^^^^^^^^^^^^^^^
2025 Feb 11 02:45:09.308265 sonic INFO featured[10502]:   File "/usr/local/lib/python3.11/dist-packages/sonic_py_common/device_info.py", line 412, in get_paths_to_platform_and_hwsku_dirs
2025 Feb 11 02:45:09.308356 sonic INFO featured[10502]:     hwsku_path = os.path.join(platform_path, hwsku)
2025 Feb 11 02:45:09.308406 sonic INFO featured[10502]:                  ^^^^^^^^^^^^^^^^^^^^^^^^^^^^^^^^^^
2025 Feb 11 02:45:09.308443 sonic INFO featured[10502]:   File "<frozen posixpath>", line 90, in join
2025 Feb 11 02:45:09.308469 sonic INFO featured[10502]:   File "<frozen genericpath>", line 152, in _check_arg_types
2025 Feb 11 02:45:09.308485 sonic INFO featured[10502]: TypeError: join() argument must be str, bytes, or os.PathLike object, not 'NoneType'
2025 Feb 11 02:45:09.338935 sonic NOTICE systemd[1]: featured.service: Main process exited, code=exited, status=1/FAILURE
2025 Feb 11 02:45:09.340180 sonic WARNING systemd[1]: featured.service: Failed with result 'exit-code'.
2025 Feb 11 02:45:09.388767 sonic INFO systemd[1]: Started featured.service - Feature configuration daemon.
2025 Feb 11 02:45:09.579171 sonic INFO featured: ConfigDB connect success
2025 Feb 11 02:45:09.583153 sonic INFO featured[10508]: Traceback (most recent call last):
2025 Feb 11 02:45:09.583245 sonic INFO featured[10508]:   File "/usr/local/bin/featured", line 598, in <module>
2025 Feb 11 02:45:09.583402 sonic INFO featured[10508]:     main()
2025 Feb 11 02:45:09.583442 sonic INFO featured[10508]:   File "/usr/local/bin/featured", line 591, in main
2025 Feb 11 02:45:09.583565 sonic INFO featured[10508]:     daemon = FeatureDaemon()
2025 Feb 11 02:45:09.583613 sonic INFO featured[10508]:              ^^^^^^^^^^^^^^^
2025 Feb 11 02:45:09.583630 sonic INFO featured[10508]:   File "/usr/local/bin/featured", line 529, in __init__
2025 Feb 11 02:45:09.583687 sonic INFO featured[10508]:     self.feature_handler = FeatureHandler(self.config_db, feature_state_table, self.device_config, self.advanced_boot)
2025 Feb 11 02:45:09.583725 sonic INFO featured[10508]:                            ^^^^^^^^^^^^^^^^^^^^^^^^^^^^^^^^^^^^^^^^^^^^^^^^^^^^^^^^^^^^^^^^^^^^^^^^^^^^^^^^^^^^^^^^^^^
2025 Feb 11 02:45:09.583747 sonic INFO featured[10508]:   File "/usr/local/bin/featured", line 136, in __init__
2025 Feb 11 02:45:09.583782 sonic INFO featured[10508]:     self._device_running_config = device_info.get_device_runtime_metadata()
2025 Feb 11 02:45:09.583805 sonic INFO featured[10508]:                                   ^^^^^^^^^^^^^^^^^^^^^^^^^^^^^^^^^^^^^^^^^
2025 Feb 11 02:45:09.583822 sonic INFO featured[10508]:   File "/usr/local/lib/python3.11/dist-packages/sonic_py_common/device_info.py", line 680, in get_device_runtime_metadata
2025 Feb 11 02:45:09.583946 sonic INFO featured[10508]:     port_metadata = {'ETHERNET_PORTS_PRESENT': True if get_path_to_port_config_file(hwsku=None, asic="0" if is_multi_npu() else None) else False}
2025 Feb 11 02:45:09.583985 sonic INFO featured[10508]:                                                        ^^^^^^^^^^^^^^^^^^^^^^^^^^^^^^^^^^^^^^^^^^^^^^^^^^^^^^^^^^^^^^^^^^^^^^^^^^^^^^
2025 Feb 11 02:45:09.584002 sonic INFO featured[10508]:   File "/usr/local/lib/python3.11/dist-packages/sonic_py_common/device_info.py", line 446, in get_path_to_port_config_file
2025 Feb 11 02:45:09.584068 sonic INFO featured[10508]:     (platform_path, hwsku_path) = get_paths_to_platform_and_hwsku_dirs()
2025 Feb 11 02:45:09.584100 sonic INFO featured[10508]:                                   ^^^^^^^^^^^^^^^^^^^^^^^^^^^^^^^^^^^^^^
2025 Feb 11 02:45:09.584117 sonic INFO featured[10508]:   File "/usr/local/lib/python3.11/dist-packages/sonic_py_common/device_info.py", line 412, in get_paths_to_platform_and_hwsku_dirs
2025 Feb 11 02:45:09.584172 sonic INFO featured[10508]:     hwsku_path = os.path.join(platform_path, hwsku)
2025 Feb 11 02:45:09.584235 sonic INFO featured[10508]:                  ^^^^^^^^^^^^^^^^^^^^^^^^^^^^^^^^^^
2025 Feb 11 02:45:09.584252 sonic INFO featured[10508]:   File "<frozen posixpath>", line 90, in join
2025 Feb 11 02:45:09.584268 sonic INFO featured[10508]:   File "<frozen genericpath>", line 152, in _check_arg_types
2025 Feb 11 02:45:09.584284 sonic INFO featured[10508]: TypeError: join() argument must be str, bytes, or os.PathLike object, not 'NoneType'
2025 Feb 11 02:45:09.603159 sonic NOTICE systemd[1]: featured.service: Main process exited, code=exited, status=1/FAILURE
2025 Feb 11 02:45:09.603368 sonic WARNING systemd[1]: featured.service: Failed with result 'exit-code'.
2025 Feb 11 02:45:09.605119 sonic WARNING systemd[1]: featured.service: Start request repeated too quickly.
2025 Feb 11 02:45:09.605174 sonic WARNING systemd[1]: featured.service: Failed with result 'exit-code'.
2025 Feb 11 02:45:09.605289 sonic ERR systemd[1]: Failed to start featured.service - Feature configuration daemon.
2025 Feb 11 02:45:09.999657 sonic INFO python[10513]: ansible-lineinfile Invoked with regexp=^snmp_rocommunity: line=snmp_rocommunity: public name=/etc/sonic/snmp.yml path=/etc/sonic/snmp.yml state=present backrefs=False create=False backup=False firstmatch=False follow=False insertafter=None insertbefore=None validate=None mode=None owner=None group=None seuser=None serole=None selevel=None setype=None attributes=None src=None force=None content=NOT_LOGGING_PARAMETER remote_src=None delimiter=None directory_mode=None unsafe_writes=None
2025 Feb 11 02:45:10.273938 sonic INFO python[10516]: ansible-command Invoked with _uses_shell=True _raw_params=docker ps warn=True stdin_add_newline=True strip_empty_ends=True argv=None chdir=None executable=None creates=None removes=None stdin=None
2025 Feb 11 02:45:10.629147 sonic INFO python[10532]: ansible-command Invoked with _uses_shell=True _raw_params=systemctl start topology.service warn=True stdin_add_newline=True strip_empty_ends=True argv=None chdir=None executable=None creates=None removes=None stdin=None
2025 Feb 11 02:45:10.639075 sonic WARNING systemd[1]: featured.service: Start request repeated too quickly.
2025 Feb 11 02:45:10.639161 sonic WARNING systemd[1]: featured.service: Failed with result 'exit-code'.
2025 Feb 11 02:45:10.639215 sonic ERR systemd[1]: Failed to start featured.service - Feature configuration daemon.
2025 Feb 11 02:45:10.641048 sonic WARNING systemd[1]: featured.service: Start request repeated too quickly.
2025 Feb 11 02:45:10.641105 sonic WARNING systemd[1]: featured.service: Failed with result 'exit-code'.
2025 Feb 11 02:45:10.641132 sonic ERR systemd[1]: Failed to start featured.service - Feature configuration daemon.
2025 Feb 11 02:45:10.643516 sonic WARNING systemd[1]: featured.service: Start request repeated too quickly.
2025 Feb 11 02:45:10.643569 sonic WARNING systemd[1]: featured.service: Failed with result 'exit-code'.
2025 Feb 11 02:45:10.643595 sonic ERR systemd[1]: Failed to start featured.service - Feature configuration daemon.
2025 Feb 11 02:45:10.925849 sonic INFO python[10539]: ansible-file Invoked with state=absent path=/etc/sonic/acl.json recurse=False force=False follow=True modification_time_format=%Y%m%d%H%M.%S access_time_format=%Y%m%d%H%M.%S _original_basename=None _diff_peek=None src=None modification_time=None access_time=None mode=None owner=None group=None seuser=None serole=None selevel=None setype=None attributes=None content=NOT_LOGGING_PARAMETER backup=None remote_src=None regexp=None delimiter=None directory_mode=None unsafe_writes=None
2025 Feb 11 02:45:11.210916 sonic INFO python[10544]: ansible-file Invoked with state=absent path=/etc/sonic/port_config.json recurse=False force=False follow=True modification_time_format=%Y%m%d%H%M.%S access_time_format=%Y%m%d%H%M.%S _original_basename=None _diff_peek=None src=None modification_time=None access_time=None mode=None owner=None group=None seuser=None serole=None selevel=None setype=None attributes=None content=NOT_LOGGING_PARAMETER backup=None remote_src=None regexp=None delimiter=None directory_mode=None unsafe_writes=None
2025 Feb 11 02:45:11.843427 sonic INFO python[10551]: ansible-generate_golden_config_db Invoked with port_index_map={'11': 'Ethernet-BP44', '10': 'Ethernet-BP40', '17': 'Ethernet-BP68', '16': 'Ethernet-BP64', '19': 'Ethernet-BP76', '18': 'Ethernet-BP72', '1': 'Ethernet-BP4', '0': 'Ethernet-BP0', '3': 'Ethernet-BP12', '2': 'Ethernet-BP8', '5': 'Ethernet-BP20', '4': 'Ethernet-BP16', '7': 'Ethernet-BP28', '6': 'Ethernet-BP24', '9': 'Ethernet-BP36', '8': 'Ethernet-BP32'} topo_name=t1-8-lag num_asics=1 macsec_profile=None
2025 Feb 11 02:45:12.283900 sonic INFO python[10556]: ansible-command Invoked with _uses_shell=True _raw_params=config load_minigraph --override_config -y warn=True stdin_add_newline=True strip_empty_ends=True argv=None chdir=None executable=None creates=None removes=None stdin=None
2025 Feb 11 02:45:12.588508 sonic NOTICE switch_hash: 'load_minigraph' executing with command: config load_minigraph --override_config -y
2025 Feb 11 02:45:12.602815 sonic INFO sonic_yang: module: sonic-acl is loaded successfully
2025 Feb 11 02:45:12.602961 sonic INFO sonic_yang: module: sonic-asic-sensors is loaded successfully
2025 Feb 11 02:45:12.603174 sonic INFO sonic_yang: module: sonic-auto_techsupport is loaded successfully
2025 Feb 11 02:45:12.603351 sonic INFO sonic_yang: module: sonic-banner is loaded successfully
2025 Feb 11 02:45:12.606855 sonic INFO sonic_yang: module: sonic-bgp-allowed-prefix is loaded successfully
2025 Feb 11 02:45:12.606945 sonic INFO sonic_yang: module: sonic-bgp-bbr is loaded successfully
2025 Feb 11 02:45:12.607059 sonic INFO sonic_yang: module: sonic-bgp-common is loaded successfully
2025 Feb 11 02:45:12.607221 sonic INFO sonic_yang: module: sonic-bgp-device-global is loaded successfully
2025 Feb 11 02:45:12.608030 sonic INFO sonic_yang: module: sonic-bgp-global is loaded successfully
2025 Feb 11 02:45:12.608276 sonic INFO sonic_yang: module: sonic-bgp-internal-neighbor is loaded successfully
2025 Feb 11 02:45:12.608378 sonic INFO sonic_yang: module: sonic-bgp-monitor is loaded successfully
2025 Feb 11 02:45:12.610042 sonic INFO sonic_yang: module: sonic-bgp-neighbor is loaded successfully
2025 Feb 11 02:45:12.610153 sonic INFO sonic_yang: module: sonic-bgp-peergroup is loaded successfully
2025 Feb 11 02:45:12.610325 sonic INFO sonic_yang: module: sonic-bgp-peerrange is loaded successfully
2025 Feb 11 02:45:12.610477 sonic INFO sonic_yang: module: sonic-bgp-sentinel is loaded successfully
2025 Feb 11 02:45:12.611066 sonic INFO sonic_yang: module: sonic-bgp-voq-chassis-neighbor is loaded successfully
2025 Feb 11 02:45:12.613105 sonic INFO sonic_yang: module: sonic-bmp is loaded successfully
2025 Feb 11 02:45:12.613285 sonic INFO sonic_yang: module: sonic-breakout_cfg is loaded successfully
2025 Feb 11 02:45:12.618093 sonic INFO sonic_yang: module: sonic-buffer-pg is loaded successfully
2025 Feb 11 02:45:12.619049 sonic INFO sonic_yang: module: sonic-buffer-pool is loaded successfully
2025 Feb 11 02:45:12.619117 sonic INFO sonic_yang: module: sonic-buffer-port-egress-profile-list is loaded successfully
2025 Feb 11 02:45:12.619253 sonic INFO sonic_yang: module: sonic-buffer-port-ingress-profile-list is loaded successfully
2025 Feb 11 02:45:12.619318 sonic INFO sonic_yang: module: sonic-buffer-profile is loaded successfully
2025 Feb 11 02:45:12.619363 sonic INFO sonic_yang: module: sonic-buffer-queue is loaded successfully
2025 Feb 11 02:45:12.619489 sonic INFO sonic_yang: module: sonic-cable-length is loaded successfully
2025 Feb 11 02:45:12.619545 sonic INFO sonic_yang: module: sonic-chassis-module is loaded successfully
2025 Feb 11 02:45:12.619586 sonic INFO sonic_yang: module: sonic-console is loaded successfully
2025 Feb 11 02:45:12.619644 sonic INFO sonic_yang: module: sonic-copp is loaded successfully
2025 Feb 11 02:45:12.622158 sonic INFO sonic_yang: module: sonic-crm is loaded successfully
2025 Feb 11 02:45:12.622876 sonic INFO sonic_yang: module: sonic-dash is loaded successfully
2025 Feb 11 02:45:12.623059 sonic INFO sonic_yang: module: sonic-default-lossless-buffer-parameter is loaded successfully
2025 Feb 11 02:45:12.623214 sonic INFO sonic_yang: module: sonic-device_metadata is loaded successfully
2025 Feb 11 02:45:12.623355 sonic INFO sonic_yang: module: sonic-device_neighbor is loaded successfully
2025 Feb 11 02:45:12.623544 sonic INFO sonic_yang: module: sonic-device_neighbor_metadata is loaded successfully
2025 Feb 11 02:45:12.624618 sonic INFO sonic_yang: module: sonic-dhcp-server-ipv4 is loaded successfully
2025 Feb 11 02:45:12.624750 sonic INFO sonic_yang: module: sonic-dhcp-server is loaded successfully
2025 Feb 11 02:45:12.624923 sonic INFO sonic_yang: module: sonic-dhcpv6-relay is loaded successfully
2025 Feb 11 02:45:12.625033 sonic INFO sonic_yang: module: sonic-dns is loaded successfully
2025 Feb 11 02:45:12.625200 sonic INFO sonic_yang: module: sonic-dot1p-tc-map is loaded successfully
2025 Feb 11 02:45:12.625357 sonic INFO sonic_yang: module: sonic-dscp-fc-map is loaded successfully
2025 Feb 11 02:45:12.625469 sonic INFO sonic_yang: module: sonic-dscp-tc-map is loaded successfully
2025 Feb 11 02:45:12.626364 sonic INFO sonic_yang: module: sonic-events-bgp is loaded successfully
2025 Feb 11 02:45:12.626480 sonic INFO sonic_yang: module: sonic-events-common is loaded successfully
2025 Feb 11 02:45:12.626643 sonic INFO sonic_yang: module: sonic-events-dhcp-relay is loaded successfully
2025 Feb 11 02:45:12.626935 sonic INFO sonic_yang: module: sonic-events-host is loaded successfully
2025 Feb 11 02:45:12.627233 sonic INFO sonic_yang: module: sonic-events-swss is loaded successfully
2025 Feb 11 02:45:12.627354 sonic INFO sonic_yang: module: sonic-events-syncd is loaded successfully
2025 Feb 11 02:45:12.627508 sonic INFO sonic_yang: module: sonic-exp-fc-map is loaded successfully
2025 Feb 11 02:45:12.627577 sonic INFO sonic_yang: module: sonic-extension is loaded successfully
2025 Feb 11 02:45:12.627734 sonic INFO sonic_yang: module: sonic-fabric-monitor is loaded successfully
2025 Feb 11 02:45:12.627889 sonic INFO sonic_yang: module: sonic-fabric-port is loaded successfully
2025 Feb 11 02:45:12.628071 sonic INFO sonic_yang: module: sonic-feature is loaded successfully
2025 Feb 11 02:45:12.628348 sonic INFO sonic_yang: module: sonic-fine-grained-ecmp is loaded successfully
2025 Feb 11 02:45:12.628501 sonic INFO sonic_yang: module: sonic-fips is loaded successfully
2025 Feb 11 02:45:12.628953 sonic INFO sonic_yang: module: sonic-flex_counter is loaded successfully
2025 Feb 11 02:45:12.629136 sonic INFO sonic_yang: module: sonic-gnmi is loaded successfully
2025 Feb 11 02:45:12.629302 sonic INFO sonic_yang: module: sonic-grpcclient is loaded successfully
2025 Feb 11 02:45:12.629528 sonic INFO sonic_yang: module: sonic-hash is loaded successfully
2025 Feb 11 02:45:12.629848 sonic INFO sonic_yang: module: sonic-interface is loaded successfully
2025 Feb 11 02:45:12.629998 sonic INFO sonic_yang: module: sonic-kdump is loaded successfully
2025 Feb 11 02:45:12.630148 sonic INFO sonic_yang: module: sonic-kubernetes_master is loaded successfully
2025 Feb 11 02:45:12.630373 sonic INFO sonic_yang: module: sonic-lldp is loaded successfully
2025 Feb 11 02:45:12.630514 sonic INFO sonic_yang: module: sonic-logger is loaded successfully
2025 Feb 11 02:45:12.630624 sonic INFO sonic_yang: module: sonic-loopback-interface is loaded successfully
2025 Feb 11 02:45:12.630778 sonic INFO sonic_yang: module: sonic-lossless-traffic-pattern is loaded successfully
2025 Feb 11 02:45:12.630838 sonic INFO sonic_yang: module: sonic-macsec is loaded successfully
2025 Feb 11 02:45:12.631145 sonic INFO sonic_yang: module: sonic-mclag is loaded successfully
2025 Feb 11 02:45:12.631312 sonic INFO sonic_yang: module: sonic-memory-statistics is loaded successfully
2025 Feb 11 02:45:12.632102 sonic INFO sonic_yang: module: sonic-mgmt_interface is loaded successfully
2025 Feb 11 02:45:12.632214 sonic INFO sonic_yang: module: sonic-mgmt_port is loaded successfully
2025 Feb 11 02:45:12.632342 sonic INFO sonic_yang: module: sonic-mgmt_vrf is loaded successfully
2025 Feb 11 02:45:12.632406 sonic INFO sonic_yang: module: sonic-mirror-session is loaded successfully
2025 Feb 11 02:45:12.632954 sonic INFO sonic_yang: module: sonic-mpls-tc-map is loaded successfully
2025 Feb 11 02:45:12.633129 sonic INFO sonic_yang: module: sonic-mux-cable is loaded successfully
2025 Feb 11 02:45:12.633378 sonic INFO sonic_yang: module: sonic-mux-linkmgr is loaded successfully
2025 Feb 11 02:45:12.633861 sonic INFO sonic_yang: module: sonic-nat is loaded successfully
2025 Feb 11 02:45:12.634018 sonic INFO sonic_yang: module: sonic-neigh is loaded successfully
2025 Feb 11 02:45:12.634860 sonic INFO sonic_yang: module: sonic-ntp is loaded successfully
2025 Feb 11 02:45:12.635041 sonic INFO sonic_yang: module: sonic-nvgre-tunnel is loaded successfully
2025 Feb 11 02:45:12.635222 sonic INFO sonic_yang: module: sonic-passwh is loaded successfully
2025 Feb 11 02:45:12.635631 sonic INFO sonic_yang: module: sonic-pbh is loaded successfully
2025 Feb 11 02:45:12.635781 sonic INFO sonic_yang: module: sonic-peer-switch is loaded successfully
2025 Feb 11 02:45:12.635928 sonic INFO sonic_yang: module: sonic-pfc-priority-priority-group-map is loaded successfully
2025 Feb 11 02:45:12.636074 sonic INFO sonic_yang: module: sonic-pfc-priority-queue-map is loaded successfully
2025 Feb 11 02:45:12.636307 sonic INFO sonic_yang: module: sonic-pfcwd is loaded successfully
2025 Feb 11 02:45:12.636390 sonic INFO sonic_yang: module: sonic-policer is loaded successfully
2025 Feb 11 02:45:12.640129 sonic INFO sonic_yang: module: sonic-port-qos-map is loaded successfully
2025 Feb 11 02:45:12.640247 sonic INFO sonic_yang: module: sonic-port is loaded successfully
2025 Feb 11 02:45:12.640372 sonic INFO sonic_yang: module: sonic-portchannel is loaded successfully
2025 Feb 11 02:45:12.641319 sonic INFO sonic_yang: module: sonic-queue is loaded successfully
2025 Feb 11 02:45:12.641541 sonic INFO sonic_yang: module: sonic-restapi is loaded successfully
2025 Feb 11 02:45:12.641703 sonic INFO sonic_yang: module: sonic-route-common is loaded successfully
2025 Feb 11 02:45:12.641832 sonic INFO sonic_yang: module: sonic-route-map is loaded successfully
2025 Feb 11 02:45:12.641891 sonic INFO sonic_yang: module: sonic-routing-policy-sets is loaded successfully
2025 Feb 11 02:45:12.641973 sonic INFO sonic_yang: module: sonic-scheduler is loaded successfully
2025 Feb 11 02:45:12.642119 sonic INFO sonic_yang: module: sonic-serial-console is loaded successfully
2025 Feb 11 02:45:12.642447 sonic INFO sonic_yang: module: sonic-sflow is loaded successfully
2025 Feb 11 02:45:12.642577 sonic INFO sonic_yang: module: sonic-smart-switch is loaded successfully
2025 Feb 11 02:45:12.642963 sonic INFO sonic_yang: module: sonic-snmp is loaded successfully
2025 Feb 11 02:45:12.643234 sonic INFO sonic_yang: module: sonic-srv6 is loaded successfully
2025 Feb 11 02:45:12.643423 sonic INFO sonic_yang: module: sonic-ssh-server is loaded successfully
2025 Feb 11 02:45:12.643678 sonic INFO sonic_yang: module: sonic-static-route is loaded successfully
2025 Feb 11 02:45:12.643827 sonic INFO sonic_yang: module: sonic-storm-control is loaded successfully
2025 Feb 11 02:45:12.643949 sonic INFO sonic_yang: module: sonic-subnet-decap is loaded successfully
2025 Feb 11 02:45:12.644090 sonic INFO sonic_yang: module: sonic-suppress-asic-sdk-health-event is loaded successfully
2025 Feb 11 02:45:12.644923 sonic INFO sonic_yang: module: sonic-syslog is loaded successfully
2025 Feb 11 02:45:12.646330 sonic INFO sonic_yang: module: sonic-system-aaa is loaded successfully
2025 Feb 11 02:45:12.646453 sonic INFO sonic_yang: module: sonic-system-defaults is loaded successfully
2025 Feb 11 02:45:12.646640 sonic INFO sonic_yang: module: sonic-system-ldap is loaded successfully
2025 Feb 11 02:45:12.646797 sonic INFO sonic_yang: module: sonic-system-port is loaded successfully
2025 Feb 11 02:45:12.647089 sonic INFO sonic_yang: module: sonic-system-radius is loaded successfully
2025 Feb 11 02:45:12.647272 sonic INFO sonic_yang: module: sonic-system-tacacs is loaded successfully
2025 Feb 11 02:45:12.647424 sonic INFO sonic_yang: module: sonic-tc-dscp-map is loaded successfully
2025 Feb 11 02:45:12.647508 sonic INFO sonic_yang: module: sonic-tc-priority-group-map is loaded successfully
2025 Feb 11 02:45:12.647594 sonic INFO sonic_yang: module: sonic-tc-queue-map is loaded successfully
2025 Feb 11 02:45:12.647790 sonic INFO sonic_yang: module: sonic-telemetry is loaded successfully
2025 Feb 11 02:45:12.648064 sonic INFO sonic_yang: module: sonic-telemetry_client is loaded successfully
2025 Feb 11 02:45:12.648746 sonic INFO sonic_yang: module: sonic-tunnel is loaded successfully
2025 Feb 11 02:45:12.648856 sonic INFO sonic_yang: module: sonic-types is loaded successfully
2025 Feb 11 02:45:12.648981 sonic INFO sonic_yang: module: sonic-versions is loaded successfully
2025 Feb 11 02:45:12.649296 sonic INFO sonic_yang: module: sonic-vlan-sub-interface is loaded successfully
2025 Feb 11 02:45:12.649942 sonic INFO sonic_yang: module: sonic-vlan is loaded successfully
2025 Feb 11 02:45:12.650776 sonic INFO sonic_yang: module: sonic-vnet is loaded successfully
2025 Feb 11 02:45:12.650937 sonic INFO sonic_yang: module: sonic-voq-inband-interface is loaded successfully
2025 Feb 11 02:45:12.651021 sonic INFO sonic_yang: module: sonic-vrf is loaded successfully
2025 Feb 11 02:45:12.651111 sonic INFO sonic_yang: module: sonic-vxlan is loaded successfully
2025 Feb 11 02:45:12.651342 sonic INFO sonic_yang: module: sonic-warm-restart is loaded successfully
2025 Feb 11 02:45:12.651412 sonic INFO sonic_yang: module: sonic-wred-profile is loaded successfully
2025 Feb 11 02:45:12.651539 sonic INFO sonic_yang: module: sonic-xcvrd-log is loaded successfully
2025 Feb 11 02:45:12.656257 sonic INFO sonic_yang: Parsed Json for sonic-acl
2025 Feb 11 02:45:12.657930 sonic INFO sonic_yang: Parsed Json for sonic-asic-sensors
2025 Feb 11 02:45:12.658547 sonic INFO sonic_yang: Parsed Json for sonic-auto_techsupport
2025 Feb 11 02:45:12.658885 sonic INFO sonic_yang: Parsed Json for sonic-banner
2025 Feb 11 02:45:12.660706 sonic INFO sonic_yang: Parsed Json for sonic-bgp-allowed-prefix
2025 Feb 11 02:45:12.660973 sonic INFO sonic_yang: Parsed Json for sonic-bgp-bbr
2025 Feb 11 02:45:12.663738 sonic INFO sonic_yang: Parsed Json for sonic-bgp-common
2025 Feb 11 02:45:12.664213 sonic INFO sonic_yang: Parsed Json for sonic-bgp-device-global
2025 Feb 11 02:45:12.666636 sonic INFO sonic_yang: Parsed Json for sonic-bgp-global
2025 Feb 11 02:45:12.667054 sonic INFO sonic_yang: Parsed Json for sonic-bgp-internal-neighbor
2025 Feb 11 02:45:12.667410 sonic INFO sonic_yang: Parsed Json for sonic-bgp-monitor
2025 Feb 11 02:45:12.668030 sonic INFO sonic_yang: Parsed Json for sonic-bgp-neighbor
2025 Feb 11 02:45:12.668663 sonic INFO sonic_yang: Parsed Json for sonic-bgp-peergroup
2025 Feb 11 02:45:12.669031 sonic INFO sonic_yang: Parsed Json for sonic-bgp-peerrange
2025 Feb 11 02:45:12.669368 sonic INFO sonic_yang: Parsed Json for sonic-bgp-sentinel
2025 Feb 11 02:45:12.669926 sonic INFO sonic_yang: Parsed Json for sonic-bgp-voq-chassis-neighbor
2025 Feb 11 02:45:12.670279 sonic INFO sonic_yang: Parsed Json for sonic-bmp
2025 Feb 11 02:45:12.670522 sonic INFO sonic_yang: Parsed Json for sonic-breakout_cfg
2025 Feb 11 02:45:12.670929 sonic INFO sonic_yang: Parsed Json for sonic-buffer-pg
2025 Feb 11 02:45:12.671382 sonic INFO sonic_yang: Parsed Json for sonic-buffer-pool
2025 Feb 11 02:45:12.671700 sonic INFO sonic_yang: Parsed Json for sonic-buffer-port-egress-profile-list
2025 Feb 11 02:45:12.671996 sonic INFO sonic_yang: Parsed Json for sonic-buffer-port-ingress-profile-list
2025 Feb 11 02:45:12.672491 sonic INFO sonic_yang: Parsed Json for sonic-buffer-profile
2025 Feb 11 02:45:12.673038 sonic INFO sonic_yang: Parsed Json for sonic-buffer-queue
2025 Feb 11 02:45:12.673384 sonic INFO sonic_yang: Parsed Json for sonic-cable-length
2025 Feb 11 02:45:12.673815 sonic INFO sonic_yang: Parsed Json for sonic-chassis-module
2025 Feb 11 02:45:12.674235 sonic INFO sonic_yang: Parsed Json for sonic-console
2025 Feb 11 02:45:12.675110 sonic INFO sonic_yang: Parsed Json for sonic-copp
2025 Feb 11 02:45:12.679608 sonic INFO sonic_yang: Parsed Json for sonic-crm
2025 Feb 11 02:45:12.681655 sonic INFO sonic_yang: Parsed Json for sonic-dash
2025 Feb 11 02:45:12.681996 sonic INFO sonic_yang: Parsed Json for sonic-default-lossless-buffer-parameter
2025 Feb 11 02:45:12.683220 sonic INFO sonic_yang: Parsed Json for sonic-device_metadata
2025 Feb 11 02:45:12.683590 sonic INFO sonic_yang: Parsed Json for sonic-device_neighbor
2025 Feb 11 02:45:12.684042 sonic INFO sonic_yang: Parsed Json for sonic-device_neighbor_metadata
2025 Feb 11 02:45:12.685157 sonic INFO sonic_yang: Parsed Json for sonic-dhcp-server-ipv4
2025 Feb 11 02:45:12.685442 sonic INFO sonic_yang: Parsed Json for sonic-dhcp-server
2025 Feb 11 02:45:12.685917 sonic INFO sonic_yang: Parsed Json for sonic-dhcpv6-relay
2025 Feb 11 02:45:12.686161 sonic INFO sonic_yang: Parsed Json for sonic-dns
2025 Feb 11 02:45:12.686608 sonic INFO sonic_yang: Parsed Json for sonic-dot1p-tc-map
2025 Feb 11 02:45:12.686973 sonic INFO sonic_yang: Parsed Json for sonic-dscp-fc-map
2025 Feb 11 02:45:12.687353 sonic INFO sonic_yang: Parsed Json for sonic-dscp-tc-map
2025 Feb 11 02:45:12.687778 sonic INFO sonic_yang: Parsed Json for sonic-events-bgp
2025 Feb 11 02:45:12.688136 sonic INFO sonic_yang: Parsed Json for sonic-events-common
2025 Feb 11 02:45:12.688655 sonic INFO sonic_yang: Parsed Json for sonic-events-dhcp-relay
2025 Feb 11 02:45:12.692478 sonic INFO sonic_yang: Parsed Json for sonic-events-host
2025 Feb 11 02:45:12.695327 sonic INFO sonic_yang: Parsed Json for sonic-events-swss
2025 Feb 11 02:45:12.695679 sonic INFO sonic_yang: Parsed Json for sonic-events-syncd
2025 Feb 11 02:45:12.696094 sonic INFO sonic_yang: Parsed Json for sonic-exp-fc-map
2025 Feb 11 02:45:12.696275 sonic INFO sonic_yang: Parsed Json for sonic-extension
2025 Feb 11 02:45:12.696745 sonic INFO sonic_yang: Parsed Json for sonic-fabric-monitor
2025 Feb 11 02:45:12.697072 sonic INFO sonic_yang: Parsed Json for sonic-fabric-port
2025 Feb 11 02:45:12.697767 sonic INFO sonic_yang: Parsed Json for sonic-feature
2025 Feb 11 02:45:12.698863 sonic INFO sonic_yang: Parsed Json for sonic-fine-grained-ecmp
2025 Feb 11 02:45:12.699138 sonic INFO sonic_yang: Parsed Json for sonic-fips
2025 Feb 11 02:45:12.700378 sonic INFO sonic_yang: Parsed Json for sonic-flex_counter
2025 Feb 11 02:45:12.700889 sonic INFO sonic_yang: Parsed Json for sonic-gnmi
2025 Feb 11 02:45:12.701302 sonic INFO sonic_yang: Parsed Json for sonic-grpcclient
2025 Feb 11 02:45:12.701824 sonic INFO sonic_yang: Parsed Json for sonic-hash
2025 Feb 11 02:45:12.702507 sonic INFO sonic_yang: Parsed Json for sonic-interface
2025 Feb 11 02:45:12.702803 sonic INFO sonic_yang: Parsed Json for sonic-kdump
2025 Feb 11 02:45:12.703131 sonic INFO sonic_yang: Parsed Json for sonic-kubernetes_master
2025 Feb 11 02:45:12.703710 sonic INFO sonic_yang: Parsed Json for sonic-lldp
2025 Feb 11 02:45:12.704214 sonic INFO sonic_yang: Parsed Json for sonic-logger
2025 Feb 11 02:45:12.704672 sonic INFO sonic_yang: Parsed Json for sonic-loopback-interface
2025 Feb 11 02:45:12.705042 sonic INFO sonic_yang: Parsed Json for sonic-lossless-traffic-pattern
2025 Feb 11 02:45:12.705653 sonic INFO sonic_yang: Parsed Json for sonic-macsec
2025 Feb 11 02:45:12.706468 sonic INFO sonic_yang: Parsed Json for sonic-mclag
2025 Feb 11 02:45:12.706789 sonic INFO sonic_yang: Parsed Json for sonic-memory-statistics
2025 Feb 11 02:45:12.707227 sonic INFO sonic_yang: Parsed Json for sonic-mgmt_interface
2025 Feb 11 02:45:12.707599 sonic INFO sonic_yang: Parsed Json for sonic-mgmt_port
2025 Feb 11 02:45:12.707827 sonic INFO sonic_yang: Parsed Json for sonic-mgmt_vrf
2025 Feb 11 02:45:12.708835 sonic INFO sonic_yang: Parsed Json for sonic-mirror-session
2025 Feb 11 02:45:12.709264 sonic INFO sonic_yang: Parsed Json for sonic-mpls-tc-map
2025 Feb 11 02:45:12.709821 sonic INFO sonic_yang: Parsed Json for sonic-mux-cable
2025 Feb 11 02:45:12.710492 sonic INFO sonic_yang: Parsed Json for sonic-mux-linkmgr
2025 Feb 11 02:45:12.711969 sonic INFO sonic_yang: Parsed Json for sonic-nat
2025 Feb 11 02:45:12.712391 sonic INFO sonic_yang: Parsed Json for sonic-neigh
2025 Feb 11 02:45:12.713678 sonic INFO sonic_yang: Parsed Json for sonic-ntp
2025 Feb 11 02:45:12.714173 sonic INFO sonic_yang: Parsed Json for sonic-nvgre-tunnel
2025 Feb 11 02:45:12.714695 sonic INFO sonic_yang: Parsed Json for sonic-passwh
2025 Feb 11 02:45:12.715943 sonic INFO sonic_yang: Parsed Json for sonic-pbh
2025 Feb 11 02:45:12.716296 sonic INFO sonic_yang: Parsed Json for sonic-peer-switch
2025 Feb 11 02:45:12.716688 sonic INFO sonic_yang: Parsed Json for sonic-pfc-priority-priority-group-map
2025 Feb 11 02:45:12.717081 sonic INFO sonic_yang: Parsed Json for sonic-pfc-priority-queue-map
2025 Feb 11 02:45:12.717829 sonic INFO sonic_yang: Parsed Json for sonic-pfcwd
2025 Feb 11 02:45:12.718561 sonic INFO sonic_yang: Parsed Json for sonic-policer
2025 Feb 11 02:45:12.719214 sonic INFO sonic_yang: Parsed Json for sonic-port-qos-map
2025 Feb 11 02:45:12.720369 sonic INFO sonic_yang: Parsed Json for sonic-port
2025 Feb 11 02:45:12.721303 sonic INFO sonic_yang: Parsed Json for sonic-portchannel
2025 Feb 11 02:45:12.722014 sonic INFO sonic_yang: Parsed Json for sonic-queue
2025 Feb 11 02:45:12.722516 sonic INFO sonic_yang: Parsed Json for sonic-restapi
2025 Feb 11 02:45:12.722988 sonic INFO sonic_yang: Parsed Json for sonic-route-common
2025 Feb 11 02:45:12.724747 sonic INFO sonic_yang: Parsed Json for sonic-route-map
2025 Feb 11 02:45:12.725773 sonic INFO sonic_yang: Parsed Json for sonic-routing-policy-sets
2025 Feb 11 02:45:12.726497 sonic INFO sonic_yang: Parsed Json for sonic-scheduler
2025 Feb 11 02:45:12.726820 sonic INFO sonic_yang: Parsed Json for sonic-serial-console
2025 Feb 11 02:45:12.731267 sonic INFO sonic_yang: Parsed Json for sonic-sflow
2025 Feb 11 02:45:12.732707 sonic INFO sonic_yang: Parsed Json for sonic-smart-switch
2025 Feb 11 02:45:12.733914 sonic INFO sonic_yang: Parsed Json for sonic-snmp
2025 Feb 11 02:45:12.737813 sonic INFO sonic_yang: Parsed Json for sonic-srv6
2025 Feb 11 02:45:12.738309 sonic INFO sonic_yang: Parsed Json for sonic-ssh-server
2025 Feb 11 02:45:12.739040 sonic INFO sonic_yang: Parsed Json for sonic-static-route
2025 Feb 11 02:45:12.739432 sonic INFO sonic_yang: Parsed Json for sonic-storm-control
2025 Feb 11 02:45:12.739852 sonic INFO sonic_yang: Parsed Json for sonic-subnet-decap
2025 Feb 11 02:45:12.740281 sonic INFO sonic_yang: Parsed Json for sonic-suppress-asic-sdk-health-event
2025 Feb 11 02:45:12.741450 sonic INFO sonic_yang: Parsed Json for sonic-syslog
2025 Feb 11 02:45:12.742087 sonic INFO sonic_yang: Parsed Json for sonic-system-aaa
2025 Feb 11 02:45:12.742399 sonic INFO sonic_yang: Parsed Json for sonic-system-defaults
2025 Feb 11 02:45:12.742980 sonic INFO sonic_yang: Parsed Json for sonic-system-ldap
2025 Feb 11 02:45:12.743456 sonic INFO sonic_yang: Parsed Json for sonic-system-port
2025 Feb 11 02:45:12.744469 sonic INFO sonic_yang: Parsed Json for sonic-system-radius
2025 Feb 11 02:45:12.745402 sonic INFO sonic_yang: Parsed Json for sonic-system-tacacs
2025 Feb 11 02:45:12.745837 sonic INFO sonic_yang: Parsed Json for sonic-tc-dscp-map
2025 Feb 11 02:45:12.746221 sonic INFO sonic_yang: Parsed Json for sonic-tc-priority-group-map
2025 Feb 11 02:45:12.746627 sonic INFO sonic_yang: Parsed Json for sonic-tc-queue-map
2025 Feb 11 02:45:12.747102 sonic INFO sonic_yang: Parsed Json for sonic-telemetry
2025 Feb 11 02:45:12.747752 sonic INFO sonic_yang: Parsed Json for sonic-telemetry_client
2025 Feb 11 02:45:12.748401 sonic INFO sonic_yang: Parsed Json for sonic-tunnel
2025 Feb 11 02:45:12.750272 sonic INFO sonic_yang: Parsed Json for sonic-types
2025 Feb 11 02:45:12.750551 sonic INFO sonic_yang: Parsed Json for sonic-versions
2025 Feb 11 02:45:12.751222 sonic INFO sonic_yang: Parsed Json for sonic-vlan-sub-interface
2025 Feb 11 02:45:12.752501 sonic INFO sonic_yang: Parsed Json for sonic-vlan
2025 Feb 11 02:45:12.753087 sonic INFO sonic_yang: Parsed Json for sonic-vnet
2025 Feb 11 02:45:12.753555 sonic INFO sonic_yang: Parsed Json for sonic-voq-inband-interface
2025 Feb 11 02:45:12.753969 sonic INFO sonic_yang: Parsed Json for sonic-vrf
2025 Feb 11 02:45:12.754520 sonic INFO sonic_yang: Parsed Json for sonic-vxlan
2025 Feb 11 02:45:12.755094 sonic INFO sonic_yang: Parsed Json for sonic-warm-restart
2025 Feb 11 02:45:12.756025 sonic INFO sonic_yang: Parsed Json for sonic-wred-profile
2025 Feb 11 02:45:12.756336 sonic INFO sonic_yang: Parsed Json for sonic-xcvrd-log
2025 Feb 11 02:45:12.759844 sonic ERR sonic_yang: Data Loading Failed:'NoneType' object has no attribute 'keys'
2025 Feb 11 02:45:14.280086 sonic WARNING systemd[1]: featured.service: Start request repeated too quickly.
2025 Feb 11 02:45:14.280409 sonic WARNING systemd[1]: featured.service: Failed with result 'exit-code'.
2025 Feb 11 02:45:14.280464 sonic ERR systemd[1]: Failed to start featured.service - Feature configuration daemon.
2025 Feb 11 02:45:14.780020 sonic INFO systemd[1]: caclmgrd.service: Scheduled restart job, restart counter is at 36.
2025 Feb 11 02:45:14.780454 sonic INFO systemd[1]: Stopped caclmgrd.service - Control Plane ACL configuration daemon.
2025 Feb 11 02:45:14.806725 sonic INFO systemd[1]: Started caclmgrd.service - Control Plane ACL configuration daemon.
2025 Feb 11 02:45:14.807032 sonic WARNING systemd[1]: featured.service: Start request repeated too quickly.
2025 Feb 11 02:45:14.807118 sonic WARNING systemd[1]: featured.service: Failed with result 'exit-code'.
2025 Feb 11 02:45:14.807163 sonic ERR systemd[1]: Failed to start featured.service - Feature configuration daemon.
2025 Feb 11 02:45:14.811265 sonic WARNING systemd[1]: featured.service: Start request repeated too quickly.
2025 Feb 11 02:45:14.811638 sonic WARNING systemd[1]: featured.service: Failed with result 'exit-code'.
2025 Feb 11 02:45:14.811715 sonic ERR systemd[1]: Failed to start featured.service - Feature configuration daemon.
2025 Feb 11 02:45:14.926255 sonic INFO caclmgrd[10578]: Traceback (most recent call last):
2025 Feb 11 02:45:14.926380 sonic INFO caclmgrd[10578]:   File "/usr/local/bin/caclmgrd", line 1146, in <module>
2025 Feb 11 02:45:14.926422 sonic INFO caclmgrd[10578]:     main()
2025 Feb 11 02:45:14.926456 sonic INFO caclmgrd[10578]:   File "/usr/local/bin/caclmgrd", line 1137, in main
2025 Feb 11 02:45:14.926472 sonic INFO caclmgrd[10578]:     caclmgr = ControlPlaneAclManager(SYSLOG_IDENTIFIER)
2025 Feb 11 02:45:14.926500 sonic INFO caclmgrd[10578]:               ^^^^^^^^^^^^^^^^^^^^^^^^^^^^^^^^^^^^^^^^^
2025 Feb 11 02:45:14.926518 sonic INFO caclmgrd[10578]:   File "/usr/local/bin/caclmgrd", line 156, in __init__
2025 Feb 11 02:45:14.926550 sonic INFO caclmgrd[10578]:     if 'subtype' in metadata['localhost'] and metadata['localhost']['subtype'] == 'DualToR':
2025 Feb 11 02:45:14.926578 sonic INFO caclmgrd[10578]:                     ~~~~~~~~^^^^^^^^^^^^^
2025 Feb 11 02:45:14.926594 sonic INFO caclmgrd[10578]: KeyError: 'localhost'
2025 Feb 11 02:45:14.939074 sonic NOTICE systemd[1]: caclmgrd.service: Main process exited, code=exited, status=1/FAILURE
2025 Feb 11 02:45:14.939259 sonic WARNING systemd[1]: caclmgrd.service: Failed with result 'exit-code'.
2025 Feb 11 02:45:14.940875 sonic WARNING systemd[1]: featured.service: Start request repeated too quickly.
2025 Feb 11 02:45:14.940951 sonic WARNING systemd[1]: featured.service: Failed with result 'exit-code'.
2025 Feb 11 02:45:14.940996 sonic ERR systemd[1]: Failed to start featured.service - Feature configuration daemon.
2025 Feb 11 02:45:38.314981 sonic INFO systemd[1]: Started featured.service - Feature configuration daemon.
2025 Feb 11 02:45:38.455677 sonic INFO featured: ConfigDB connect success
2025 Feb 11 02:45:38.459823 sonic INFO featured[10662]: Traceback (most recent call last):
2025 Feb 11 02:45:38.459880 sonic INFO featured[10662]:   File "/usr/local/bin/featured", line 598, in <module>
2025 Feb 11 02:45:38.459995 sonic INFO featured[10662]:     main()
2025 Feb 11 02:45:38.460035 sonic INFO featured[10662]:   File "/usr/local/bin/featured", line 591, in main
2025 Feb 11 02:45:38.460151 sonic INFO featured[10662]:     daemon = FeatureDaemon()
2025 Feb 11 02:45:38.460198 sonic INFO featured[10662]:              ^^^^^^^^^^^^^^^
2025 Feb 11 02:45:38.460220 sonic INFO featured[10662]:   File "/usr/local/bin/featured", line 529, in __init__
2025 Feb 11 02:45:38.460333 sonic INFO featured[10662]:     self.feature_handler = FeatureHandler(self.config_db, feature_state_table, self.device_config, self.advanced_boot)
2025 Feb 11 02:45:38.460371 sonic INFO featured[10662]:                            ^^^^^^^^^^^^^^^^^^^^^^^^^^^^^^^^^^^^^^^^^^^^^^^^^^^^^^^^^^^^^^^^^^^^^^^^^^^^^^^^^^^^^^^^^^^
2025 Feb 11 02:45:38.460388 sonic INFO featured[10662]:   File "/usr/local/bin/featured", line 136, in __init__
2025 Feb 11 02:45:38.460420 sonic INFO featured[10662]:     self._device_running_config = device_info.get_device_runtime_metadata()
2025 Feb 11 02:45:38.460456 sonic INFO featured[10662]:                                   ^^^^^^^^^^^^^^^^^^^^^^^^^^^^^^^^^^^^^^^^^
2025 Feb 11 02:45:38.460482 sonic INFO featured[10662]:   File "/usr/local/lib/python3.11/dist-packages/sonic_py_common/device_info.py", line 680, in get_device_runtime_metadata
2025 Feb 11 02:45:38.460557 sonic INFO featured[10662]:     port_metadata = {'ETHERNET_PORTS_PRESENT': True if get_path_to_port_config_file(hwsku=None, asic="0" if is_multi_npu() else None) else False}
2025 Feb 11 02:45:38.460608 sonic INFO featured[10662]:                                                        ^^^^^^^^^^^^^^^^^^^^^^^^^^^^^^^^^^^^^^^^^^^^^^^^^^^^^^^^^^^^^^^^^^^^^^^^^^^^^^
2025 Feb 11 02:45:38.460635 sonic INFO featured[10662]:   File "/usr/local/lib/python3.11/dist-packages/sonic_py_common/device_info.py", line 446, in get_path_to_port_config_file
2025 Feb 11 02:45:38.460700 sonic INFO featured[10662]:     (platform_path, hwsku_path) = get_paths_to_platform_and_hwsku_dirs()
2025 Feb 11 02:45:38.460731 sonic INFO featured[10662]:                                   ^^^^^^^^^^^^^^^^^^^^^^^^^^^^^^^^^^^^^^
2025 Feb 11 02:45:38.460757 sonic INFO featured[10662]:   File "/usr/local/lib/python3.11/dist-packages/sonic_py_common/device_info.py", line 412, in get_paths_to_platform_and_hwsku_dirs
2025 Feb 11 02:45:38.460805 sonic INFO featured[10662]:     hwsku_path = os.path.join(platform_path, hwsku)
2025 Feb 11 02:45:38.460838 sonic INFO featured[10662]:                  ^^^^^^^^^^^^^^^^^^^^^^^^^^^^^^^^^^
2025 Feb 11 02:45:38.460863 sonic INFO featured[10662]:   File "<frozen posixpath>", line 90, in join
2025 Feb 11 02:45:38.460888 sonic INFO featured[10662]:   File "<frozen genericpath>", line 152, in _check_arg_types
2025 Feb 11 02:45:38.460912 sonic INFO featured[10662]: TypeError: join() argument must be str, bytes, or os.PathLike object, not 'NoneType'
2025 Feb 11 02:45:38.479699 sonic NOTICE systemd[1]: featured.service: Main process exited, code=exited, status=1/FAILURE
2025 Feb 11 02:45:38.479870 sonic WARNING systemd[1]: featured.service: Failed with result 'exit-code'.
2025 Feb 11 02:45:38.502686 sonic INFO systemd[1]: Started featured.service - Feature configuration daemon.
2025 Feb 11 02:45:38.635837 sonic INFO featured: ConfigDB connect success
2025 Feb 11 02:45:38.640636 sonic INFO featured[10663]: Traceback (most recent call last):
2025 Feb 11 02:45:38.640690 sonic INFO featured[10663]:   File "/usr/local/bin/featured", line 598, in <module>
2025 Feb 11 02:45:38.640789 sonic INFO featured[10663]:     main()
2025 Feb 11 02:45:38.640828 sonic INFO featured[10663]:   File "/usr/local/bin/featured", line 591, in main
2025 Feb 11 02:45:38.640942 sonic INFO featured[10663]:     daemon = FeatureDaemon()
2025 Feb 11 02:45:38.640981 sonic INFO featured[10663]:              ^^^^^^^^^^^^^^^
2025 Feb 11 02:45:38.640999 sonic INFO featured[10663]:   File "/usr/local/bin/featured", line 529, in __init__
2025 Feb 11 02:45:38.641058 sonic INFO featured[10663]:     self.feature_handler = FeatureHandler(self.config_db, feature_state_table, self.device_config, self.advanced_boot)
2025 Feb 11 02:45:38.641100 sonic INFO featured[10663]:                            ^^^^^^^^^^^^^^^^^^^^^^^^^^^^^^^^^^^^^^^^^^^^^^^^^^^^^^^^^^^^^^^^^^^^^^^^^^^^^^^^^^^^^^^^^^^
2025 Feb 11 02:45:38.641116 sonic INFO featured[10663]:   File "/usr/local/bin/featured", line 136, in __init__
2025 Feb 11 02:45:38.641178 sonic INFO featured[10663]:     self._device_running_config = device_info.get_device_runtime_metadata()
2025 Feb 11 02:45:38.641210 sonic INFO featured[10663]:                                   ^^^^^^^^^^^^^^^^^^^^^^^^^^^^^^^^^^^^^^^^^
2025 Feb 11 02:45:38.641240 sonic INFO featured[10663]:   File "/usr/local/lib/python3.11/dist-packages/sonic_py_common/device_info.py", line 680, in get_device_runtime_metadata
2025 Feb 11 02:45:38.641359 sonic INFO featured[10663]:     port_metadata = {'ETHERNET_PORTS_PRESENT': True if get_path_to_port_config_file(hwsku=None, asic="0" if is_multi_npu() else None) else False}
2025 Feb 11 02:45:38.641399 sonic INFO featured[10663]:                                                        ^^^^^^^^^^^^^^^^^^^^^^^^^^^^^^^^^^^^^^^^^^^^^^^^^^^^^^^^^^^^^^^^^^^^^^^^^^^^^^
2025 Feb 11 02:45:38.641416 sonic INFO featured[10663]:   File "/usr/local/lib/python3.11/dist-packages/sonic_py_common/device_info.py", line 446, in get_path_to_port_config_file
2025 Feb 11 02:45:38.641554 sonic INFO featured[10663]:     (platform_path, hwsku_path) = get_paths_to_platform_and_hwsku_dirs()
2025 Feb 11 02:45:38.641585 sonic INFO featured[10663]:                                   ^^^^^^^^^^^^^^^^^^^^^^^^^^^^^^^^^^^^^^
2025 Feb 11 02:45:38.641610 sonic INFO featured[10663]:   File "/usr/local/lib/python3.11/dist-packages/sonic_py_common/device_info.py", line 412, in get_paths_to_platform_and_hwsku_dirs
2025 Feb 11 02:45:38.641643 sonic INFO featured[10663]:     hwsku_path = os.path.join(platform_path, hwsku)
2025 Feb 11 02:45:38.641667 sonic INFO featured[10663]:                  ^^^^^^^^^^^^^^^^^^^^^^^^^^^^^^^^^^
2025 Feb 11 02:45:38.641691 sonic INFO featured[10663]:   File "<frozen posixpath>", line 90, in join
2025 Feb 11 02:45:38.641716 sonic INFO featured[10663]:   File "<frozen genericpath>", line 152, in _check_arg_types
2025 Feb 11 02:45:38.641746 sonic INFO featured[10663]: TypeError: join() argument must be str, bytes, or os.PathLike object, not 'NoneType'
2025 Feb 11 02:45:38.659402 sonic NOTICE systemd[1]: featured.service: Main process exited, code=exited, status=1/FAILURE
2025 Feb 11 02:45:38.659539 sonic WARNING systemd[1]: featured.service: Failed with result 'exit-code'.
2025 Feb 11 02:45:38.702505 sonic INFO systemd[1]: Started featured.service - Feature configuration daemon.
2025 Feb 11 02:45:38.844978 sonic INFO featured: ConfigDB connect success
2025 Feb 11 02:45:38.850005 sonic INFO featured[10666]: Traceback (most recent call last):
2025 Feb 11 02:45:38.850051 sonic INFO featured[10666]:   File "/usr/local/bin/featured", line 598, in <module>
2025 Feb 11 02:45:38.850299 sonic INFO featured[10666]:     main()
2025 Feb 11 02:45:38.850340 sonic INFO featured[10666]:   File "/usr/local/bin/featured", line 591, in main
2025 Feb 11 02:45:38.850506 sonic INFO featured[10666]:     daemon = FeatureDaemon()
2025 Feb 11 02:45:38.850546 sonic INFO featured[10666]:              ^^^^^^^^^^^^^^^
2025 Feb 11 02:45:38.850563 sonic INFO featured[10666]:   File "/usr/local/bin/featured", line 529, in __init__
2025 Feb 11 02:45:38.850720 sonic INFO featured[10666]:     self.feature_handler = FeatureHandler(self.config_db, feature_state_table, self.device_config, self.advanced_boot)
2025 Feb 11 02:45:38.850758 sonic INFO featured[10666]:                            ^^^^^^^^^^^^^^^^^^^^^^^^^^^^^^^^^^^^^^^^^^^^^^^^^^^^^^^^^^^^^^^^^^^^^^^^^^^^^^^^^^^^^^^^^^^
2025 Feb 11 02:45:38.850774 sonic INFO featured[10666]:   File "/usr/local/bin/featured", line 136, in __init__
2025 Feb 11 02:45:38.850865 sonic INFO featured[10666]:     self._device_running_config = device_info.get_device_runtime_metadata()
2025 Feb 11 02:45:38.850904 sonic INFO featured[10666]:                                   ^^^^^^^^^^^^^^^^^^^^^^^^^^^^^^^^^^^^^^^^^
2025 Feb 11 02:45:38.850920 sonic INFO featured[10666]:   File "/usr/local/lib/python3.11/dist-packages/sonic_py_common/device_info.py", line 680, in get_device_runtime_metadata
2025 Feb 11 02:45:38.851100 sonic INFO featured[10666]:     port_metadata = {'ETHERNET_PORTS_PRESENT': True if get_path_to_port_config_file(hwsku=None, asic="0" if is_multi_npu() else None) else False}
2025 Feb 11 02:45:38.851139 sonic INFO featured[10666]:                                                        ^^^^^^^^^^^^^^^^^^^^^^^^^^^^^^^^^^^^^^^^^^^^^^^^^^^^^^^^^^^^^^^^^^^^^^^^^^^^^^
2025 Feb 11 02:45:38.851178 sonic INFO featured[10666]:   File "/usr/local/lib/python3.11/dist-packages/sonic_py_common/device_info.py", line 446, in get_path_to_port_config_file
2025 Feb 11 02:45:38.851329 sonic INFO featured[10666]:     (platform_path, hwsku_path) = get_paths_to_platform_and_hwsku_dirs()
2025 Feb 11 02:45:38.851366 sonic INFO featured[10666]:                                   ^^^^^^^^^^^^^^^^^^^^^^^^^^^^^^^^^^^^^^
2025 Feb 11 02:45:38.851383 sonic INFO featured[10666]:   File "/usr/local/lib/python3.11/dist-packages/sonic_py_common/device_info.py", line 412, in get_paths_to_platform_and_hwsku_dirs
2025 Feb 11 02:45:38.851503 sonic INFO featured[10666]:     hwsku_path = os.path.join(platform_path, hwsku)
2025 Feb 11 02:45:38.851552 sonic INFO featured[10666]:                  ^^^^^^^^^^^^^^^^^^^^^^^^^^^^^^^^^^
2025 Feb 11 02:45:38.851585 sonic INFO featured[10666]:   File "<frozen posixpath>", line 90, in join
2025 Feb 11 02:45:38.851610 sonic INFO featured[10666]:   File "<frozen genericpath>", line 152, in _check_arg_types
2025 Feb 11 02:45:38.851634 sonic INFO featured[10666]: TypeError: join() argument must be str, bytes, or os.PathLike object, not 'NoneType'
2025 Feb 11 02:45:38.869812 sonic NOTICE systemd[1]: featured.service: Main process exited, code=exited, status=1/FAILURE
2025 Feb 11 02:45:38.869951 sonic WARNING systemd[1]: featured.service: Failed with result 'exit-code'.
2025 Feb 11 02:45:38.902903 sonic INFO systemd[1]: Started featured.service - Feature configuration daemon.
2025 Feb 11 02:45:39.045111 sonic INFO featured: ConfigDB connect success
2025 Feb 11 02:45:39.048951 sonic INFO featured[10670]: Traceback (most recent call last):
2025 Feb 11 02:45:39.048998 sonic INFO featured[10670]:   File "/usr/local/bin/featured", line 598, in <module>
2025 Feb 11 02:45:39.049152 sonic INFO featured[10670]:     main()
2025 Feb 11 02:45:39.049205 sonic INFO featured[10670]:   File "/usr/local/bin/featured", line 591, in main
2025 Feb 11 02:45:39.049337 sonic INFO featured[10670]:     daemon = FeatureDaemon()
2025 Feb 11 02:45:39.049377 sonic INFO featured[10670]:              ^^^^^^^^^^^^^^^
2025 Feb 11 02:45:39.049394 sonic INFO featured[10670]:   File "/usr/local/bin/featured", line 529, in __init__
2025 Feb 11 02:45:39.049459 sonic INFO featured[10670]:     self.feature_handler = FeatureHandler(self.config_db, feature_state_table, self.device_config, self.advanced_boot)
2025 Feb 11 02:45:39.049552 sonic INFO featured[10670]:                            ^^^^^^^^^^^^^^^^^^^^^^^^^^^^^^^^^^^^^^^^^^^^^^^^^^^^^^^^^^^^^^^^^^^^^^^^^^^^^^^^^^^^^^^^^^^
2025 Feb 11 02:45:39.049579 sonic INFO featured[10670]:   File "/usr/local/bin/featured", line 136, in __init__
2025 Feb 11 02:45:39.049610 sonic INFO featured[10670]:     self._device_running_config = device_info.get_device_runtime_metadata()
2025 Feb 11 02:45:39.049641 sonic INFO featured[10670]:                                   ^^^^^^^^^^^^^^^^^^^^^^^^^^^^^^^^^^^^^^^^^
2025 Feb 11 02:45:39.049666 sonic INFO featured[10670]:   File "/usr/local/lib/python3.11/dist-packages/sonic_py_common/device_info.py", line 680, in get_device_runtime_metadata
2025 Feb 11 02:45:39.049772 sonic INFO featured[10670]:     port_metadata = {'ETHERNET_PORTS_PRESENT': True if get_path_to_port_config_file(hwsku=None, asic="0" if is_multi_npu() else None) else False}
2025 Feb 11 02:45:39.049844 sonic INFO featured[10670]:                                                        ^^^^^^^^^^^^^^^^^^^^^^^^^^^^^^^^^^^^^^^^^^^^^^^^^^^^^^^^^^^^^^^^^^^^^^^^^^^^^^
2025 Feb 11 02:45:39.049870 sonic INFO featured[10670]:   File "/usr/local/lib/python3.11/dist-packages/sonic_py_common/device_info.py", line 446, in get_path_to_port_config_file
2025 Feb 11 02:45:39.049901 sonic INFO featured[10670]:     (platform_path, hwsku_path) = get_paths_to_platform_and_hwsku_dirs()
2025 Feb 11 02:45:39.049926 sonic INFO featured[10670]:                                   ^^^^^^^^^^^^^^^^^^^^^^^^^^^^^^^^^^^^^^
2025 Feb 11 02:45:39.049955 sonic INFO featured[10670]:   File "/usr/local/lib/python3.11/dist-packages/sonic_py_common/device_info.py", line 412, in get_paths_to_platform_and_hwsku_dirs
2025 Feb 11 02:45:39.049986 sonic INFO featured[10670]:     hwsku_path = os.path.join(platform_path, hwsku)
2025 Feb 11 02:45:39.050019 sonic INFO featured[10670]:                  ^^^^^^^^^^^^^^^^^^^^^^^^^^^^^^^^^^
2025 Feb 11 02:45:39.050043 sonic INFO featured[10670]:   File "<frozen posixpath>", line 90, in join
2025 Feb 11 02:45:39.050067 sonic INFO featured[10670]:   File "<frozen genericpath>", line 152, in _check_arg_types
2025 Feb 11 02:45:39.050091 sonic INFO featured[10670]: TypeError: join() argument must be str, bytes, or os.PathLike object, not 'NoneType'
2025 Feb 11 02:45:39.068753 sonic NOTICE systemd[1]: featured.service: Main process exited, code=exited, status=1/FAILURE
2025 Feb 11 02:45:39.068889 sonic WARNING systemd[1]: featured.service: Failed with result 'exit-code'.
2025 Feb 11 02:45:39.106873 sonic INFO systemd[1]: Started featured.service - Feature configuration daemon.
2025 Feb 11 02:45:39.239807 sonic INFO featured: ConfigDB connect success
2025 Feb 11 02:45:39.244731 sonic INFO featured[10671]: Traceback (most recent call last):
2025 Feb 11 02:45:39.244787 sonic INFO featured[10671]:   File "/usr/local/bin/featured", line 598, in <module>
2025 Feb 11 02:45:39.244891 sonic INFO featured[10671]:     main()
2025 Feb 11 02:45:39.244930 sonic INFO featured[10671]:   File "/usr/local/bin/featured", line 591, in main
2025 Feb 11 02:45:39.245049 sonic INFO featured[10671]:     daemon = FeatureDaemon()
2025 Feb 11 02:45:39.245088 sonic INFO featured[10671]:              ^^^^^^^^^^^^^^^
2025 Feb 11 02:45:39.245105 sonic INFO featured[10671]:   File "/usr/local/bin/featured", line 529, in __init__
2025 Feb 11 02:45:39.245183 sonic INFO featured[10671]:     self.feature_handler = FeatureHandler(self.config_db, feature_state_table, self.device_config, self.advanced_boot)
2025 Feb 11 02:45:39.245237 sonic INFO featured[10671]:                            ^^^^^^^^^^^^^^^^^^^^^^^^^^^^^^^^^^^^^^^^^^^^^^^^^^^^^^^^^^^^^^^^^^^^^^^^^^^^^^^^^^^^^^^^^^^
2025 Feb 11 02:45:39.245264 sonic INFO featured[10671]:   File "/usr/local/bin/featured", line 136, in __init__
2025 Feb 11 02:45:39.245294 sonic INFO featured[10671]:     self._device_running_config = device_info.get_device_runtime_metadata()
2025 Feb 11 02:45:39.245326 sonic INFO featured[10671]:                                   ^^^^^^^^^^^^^^^^^^^^^^^^^^^^^^^^^^^^^^^^^
2025 Feb 11 02:45:39.245351 sonic INFO featured[10671]:   File "/usr/local/lib/python3.11/dist-packages/sonic_py_common/device_info.py", line 680, in get_device_runtime_metadata
2025 Feb 11 02:45:39.245457 sonic INFO featured[10671]:     port_metadata = {'ETHERNET_PORTS_PRESENT': True if get_path_to_port_config_file(hwsku=None, asic="0" if is_multi_npu() else None) else False}
2025 Feb 11 02:45:39.245569 sonic INFO featured[10671]:                                                        ^^^^^^^^^^^^^^^^^^^^^^^^^^^^^^^^^^^^^^^^^^^^^^^^^^^^^^^^^^^^^^^^^^^^^^^^^^^^^^
2025 Feb 11 02:45:39.245611 sonic INFO featured[10671]:   File "/usr/local/lib/python3.11/dist-packages/sonic_py_common/device_info.py", line 446, in get_path_to_port_config_file
2025 Feb 11 02:45:39.245665 sonic INFO featured[10671]:     (platform_path, hwsku_path) = get_paths_to_platform_and_hwsku_dirs()
2025 Feb 11 02:45:39.245697 sonic INFO featured[10671]:                                   ^^^^^^^^^^^^^^^^^^^^^^^^^^^^^^^^^^^^^^
2025 Feb 11 02:45:39.245730 sonic INFO featured[10671]:   File "/usr/local/lib/python3.11/dist-packages/sonic_py_common/device_info.py", line 412, in get_paths_to_platform_and_hwsku_dirs
2025 Feb 11 02:45:39.245777 sonic INFO featured[10671]:     hwsku_path = os.path.join(platform_path, hwsku)
2025 Feb 11 02:45:39.245810 sonic INFO featured[10671]:                  ^^^^^^^^^^^^^^^^^^^^^^^^^^^^^^^^^^
2025 Feb 11 02:45:39.245835 sonic INFO featured[10671]:   File "<frozen posixpath>", line 90, in join
2025 Feb 11 02:45:39.245859 sonic INFO featured[10671]:   File "<frozen genericpath>", line 152, in _check_arg_types
2025 Feb 11 02:45:39.245884 sonic INFO featured[10671]: TypeError: join() argument must be str, bytes, or os.PathLike object, not 'NoneType'
2025 Feb 11 02:45:39.264642 sonic NOTICE systemd[1]: featured.service: Main process exited, code=exited, status=1/FAILURE
2025 Feb 11 02:45:39.264800 sonic WARNING systemd[1]: featured.service: Failed with result 'exit-code'.
2025 Feb 11 02:45:39.266688 sonic WARNING systemd[1]: featured.service: Start request repeated too quickly.
2025 Feb 11 02:45:39.266761 sonic WARNING systemd[1]: featured.service: Failed with result 'exit-code'.
2025 Feb 11 02:45:39.266813 sonic ERR systemd[1]: Failed to start featured.service - Feature configuration daemon.
2025 Feb 11 02:45:44.279055 sonic WARNING systemd[1]: featured.service: Start request repeated too quickly.
2025 Feb 11 02:45:44.279368 sonic WARNING systemd[1]: featured.service: Failed with result 'exit-code'.
2025 Feb 11 02:45:44.279437 sonic ERR systemd[1]: Failed to start featured.service - Feature configuration daemon.
2025 Feb 11 02:45:45.029627 sonic INFO systemd[1]: caclmgrd.service: Scheduled restart job, restart counter is at 37.
2025 Feb 11 02:45:45.030085 sonic INFO systemd[1]: Stopped caclmgrd.service - Control Plane ACL configuration daemon.
2025 Feb 11 02:45:45.047741 sonic INFO systemd[1]: Started caclmgrd.service - Control Plane ACL configuration daemon.
2025 Feb 11 02:45:45.048532 sonic WARNING systemd[1]: featured.service: Start request repeated too quickly.
2025 Feb 11 02:45:45.048595 sonic WARNING systemd[1]: featured.service: Failed with result 'exit-code'.
2025 Feb 11 02:45:45.048641 sonic ERR systemd[1]: Failed to start featured.service - Feature configuration daemon.
2025 Feb 11 02:45:45.053832 sonic WARNING systemd[1]: featured.service: Start request repeated too quickly.
2025 Feb 11 02:45:45.054123 sonic WARNING systemd[1]: featured.service: Failed with result 'exit-code'.
2025 Feb 11 02:45:45.054227 sonic ERR systemd[1]: Failed to start featured.service - Feature configuration daemon.
2025 Feb 11 02:45:45.157365 sonic INFO caclmgrd[10684]: Traceback (most recent call last):
2025 Feb 11 02:45:45.157433 sonic INFO caclmgrd[10684]:   File "/usr/local/bin/caclmgrd", line 1146, in <module>
2025 Feb 11 02:45:45.157467 sonic INFO caclmgrd[10684]:     main()
2025 Feb 11 02:45:45.157566 sonic INFO caclmgrd[10684]:   File "/usr/local/bin/caclmgrd", line 1137, in main
2025 Feb 11 02:45:45.157597 sonic INFO caclmgrd[10684]:     caclmgr = ControlPlaneAclManager(SYSLOG_IDENTIFIER)
2025 Feb 11 02:45:45.157613 sonic INFO caclmgrd[10684]:               ^^^^^^^^^^^^^^^^^^^^^^^^^^^^^^^^^^^^^^^^^
2025 Feb 11 02:45:45.157631 sonic INFO caclmgrd[10684]:   File "/usr/local/bin/caclmgrd", line 156, in __init__
2025 Feb 11 02:45:45.157666 sonic INFO caclmgrd[10684]:     if 'subtype' in metadata['localhost'] and metadata['localhost']['subtype'] == 'DualToR':
2025 Feb 11 02:45:45.157694 sonic INFO caclmgrd[10684]:                     ~~~~~~~~^^^^^^^^^^^^^
2025 Feb 11 02:45:45.157710 sonic INFO caclmgrd[10684]: KeyError: 'localhost'
2025 Feb 11 02:45:45.168964 sonic NOTICE systemd[1]: caclmgrd.service: Main process exited, code=exited, status=1/FAILURE
2025 Feb 11 02:45:45.169107 sonic WARNING systemd[1]: caclmgrd.service: Failed with result 'exit-code'.
2025 Feb 11 02:45:45.171094 sonic WARNING systemd[1]: featured.service: Start request repeated too quickly.
2025 Feb 11 02:45:45.171176 sonic WARNING systemd[1]: featured.service: Failed with result 'exit-code'.
2025 Feb 11 02:45:45.171224 sonic ERR systemd[1]: Failed to start featured.service - Feature configuration daemon.
2025 Feb 11 02:45:54.674360 sonic ERR monit[828]: 'container_checker' status failed (4) -- Unexpected running containers: database0, bgp3, macsec2, bgp1, eventd, database1, macsec3, bgp2, database2, database, bgp0, macsec1, database3, macsec0
2025 Feb 11 02:45:54.805632 sonic DEBUG mgmt_oper_status.py: No management interface found
2025 Feb 11 02:45:54.969038 sonic INFO systemd[1]: Started featured.service - Feature configuration daemon.
2025 Feb 11 02:45:55.023590 sonic INFO memory_checker: [memory_checker] Exits without checking memory usage since container 'bmp' is not running!
2025 Feb 11 02:45:55.037932 sonic INFO memory_checker: [memory_checker] Exits without checking memory usage since container 'gnmi' is not running!
2025 Feb 11 02:45:55.038766 sonic INFO memory_checker: [memory_checker] Exits without checking memory usage since container 'snmp' is not running!
2025 Feb 11 02:45:55.121072 sonic INFO featured: ConfigDB connect success
2025 Feb 11 02:45:55.125974 sonic INFO featured[10727]: Traceback (most recent call last):
2025 Feb 11 02:45:55.126029 sonic INFO featured[10727]:   File "/usr/local/bin/featured", line 598, in <module>
2025 Feb 11 02:45:55.126194 sonic INFO featured[10727]:     main()
2025 Feb 11 02:45:55.126237 sonic INFO featured[10727]:   File "/usr/local/bin/featured", line 591, in main
2025 Feb 11 02:45:55.126431 sonic INFO featured[10727]:     daemon = FeatureDaemon()
2025 Feb 11 02:45:55.126474 sonic INFO featured[10727]:              ^^^^^^^^^^^^^^^
2025 Feb 11 02:45:55.126491 sonic INFO featured[10727]:   File "/usr/local/bin/featured", line 529, in __init__
2025 Feb 11 02:45:55.126625 sonic INFO featured[10727]:     self.feature_handler = FeatureHandler(self.config_db, feature_state_table, self.device_config, self.advanced_boot)
2025 Feb 11 02:45:55.126667 sonic INFO featured[10727]:                            ^^^^^^^^^^^^^^^^^^^^^^^^^^^^^^^^^^^^^^^^^^^^^^^^^^^^^^^^^^^^^^^^^^^^^^^^^^^^^^^^^^^^^^^^^^^
2025 Feb 11 02:45:55.126684 sonic INFO featured[10727]:   File "/usr/local/bin/featured", line 136, in __init__
2025 Feb 11 02:45:55.126750 sonic INFO featured[10727]:     self._device_running_config = device_info.get_device_runtime_metadata()
2025 Feb 11 02:45:55.126798 sonic INFO featured[10727]:                                   ^^^^^^^^^^^^^^^^^^^^^^^^^^^^^^^^^^^^^^^^^
2025 Feb 11 02:45:55.126829 sonic INFO featured[10727]:   File "/usr/local/lib/python3.11/dist-packages/sonic_py_common/device_info.py", line 680, in get_device_runtime_metadata
2025 Feb 11 02:45:55.126998 sonic INFO featured[10727]:     port_metadata = {'ETHERNET_PORTS_PRESENT': True if get_path_to_port_config_file(hwsku=None, asic="0" if is_multi_npu() else None) else False}
2025 Feb 11 02:45:55.127040 sonic INFO featured[10727]:                                                        ^^^^^^^^^^^^^^^^^^^^^^^^^^^^^^^^^^^^^^^^^^^^^^^^^^^^^^^^^^^^^^^^^^^^^^^^^^^^^^
2025 Feb 11 02:45:55.127058 sonic INFO featured[10727]:   File "/usr/local/lib/python3.11/dist-packages/sonic_py_common/device_info.py", line 446, in get_path_to_port_config_file
2025 Feb 11 02:45:55.127182 sonic INFO featured[10727]:     (platform_path, hwsku_path) = get_paths_to_platform_and_hwsku_dirs()
2025 Feb 11 02:45:55.127217 sonic INFO featured[10727]:                                   ^^^^^^^^^^^^^^^^^^^^^^^^^^^^^^^^^^^^^^
2025 Feb 11 02:45:55.127239 sonic INFO featured[10727]:   File "/usr/local/lib/python3.11/dist-packages/sonic_py_common/device_info.py", line 412, in get_paths_to_platform_and_hwsku_dirs
2025 Feb 11 02:45:55.127397 sonic INFO featured[10727]:     hwsku_path = os.path.join(platform_path, hwsku)
2025 Feb 11 02:45:55.127435 sonic INFO featured[10727]:                  ^^^^^^^^^^^^^^^^^^^^^^^^^^^^^^^^^^
2025 Feb 11 02:45:55.127452 sonic INFO featured[10727]:   File "<frozen posixpath>", line 90, in join
2025 Feb 11 02:45:55.127480 sonic INFO featured[10727]:   File "<frozen genericpath>", line 152, in _check_arg_types
2025 Feb 11 02:45:55.127496 sonic INFO featured[10727]: TypeError: join() argument must be str, bytes, or os.PathLike object, not 'NoneType'
2025 Feb 11 02:45:55.145603 sonic NOTICE systemd[1]: featured.service: Main process exited, code=exited, status=1/FAILURE
2025 Feb 11 02:45:55.145831 sonic WARNING systemd[1]: featured.service: Failed with result 'exit-code'.
2025 Feb 11 02:45:55.186893 sonic INFO systemd[1]: Started featured.service - Feature configuration daemon.
2025 Feb 11 02:45:55.317216 sonic INFO featured: ConfigDB connect success
2025 Feb 11 02:45:55.321369 sonic INFO featured[10757]: Traceback (most recent call last):
2025 Feb 11 02:45:55.321458 sonic INFO featured[10757]:   File "/usr/local/bin/featured", line 598, in <module>
2025 Feb 11 02:45:55.321620 sonic INFO featured[10757]:     main()
2025 Feb 11 02:45:55.321691 sonic INFO featured[10757]:   File "/usr/local/bin/featured", line 591, in main
2025 Feb 11 02:45:55.321872 sonic INFO featured[10757]:     daemon = FeatureDaemon()
2025 Feb 11 02:45:55.321931 sonic INFO featured[10757]:              ^^^^^^^^^^^^^^^
2025 Feb 11 02:45:55.321984 sonic INFO featured[10757]:   File "/usr/local/bin/featured", line 529, in __init__
2025 Feb 11 02:45:55.322067 sonic INFO featured[10757]:     self.feature_handler = FeatureHandler(self.config_db, feature_state_table, self.device_config, self.advanced_boot)
2025 Feb 11 02:45:55.322179 sonic INFO featured[10757]:                            ^^^^^^^^^^^^^^^^^^^^^^^^^^^^^^^^^^^^^^^^^^^^^^^^^^^^^^^^^^^^^^^^^^^^^^^^^^^^^^^^^^^^^^^^^^^
2025 Feb 11 02:45:55.322241 sonic INFO featured[10757]:   File "/usr/local/bin/featured", line 136, in __init__
2025 Feb 11 02:45:55.322293 sonic INFO featured[10757]:     self._device_running_config = device_info.get_device_runtime_metadata()
2025 Feb 11 02:45:55.322346 sonic INFO featured[10757]:                                   ^^^^^^^^^^^^^^^^^^^^^^^^^^^^^^^^^^^^^^^^^
2025 Feb 11 02:45:55.322390 sonic INFO featured[10757]:   File "/usr/local/lib/python3.11/dist-packages/sonic_py_common/device_info.py", line 680, in get_device_runtime_metadata
2025 Feb 11 02:45:55.322546 sonic INFO featured[10757]:     port_metadata = {'ETHERNET_PORTS_PRESENT': True if get_path_to_port_config_file(hwsku=None, asic="0" if is_multi_npu() else None) else False}
2025 Feb 11 02:45:55.322606 sonic INFO featured[10757]:                                                        ^^^^^^^^^^^^^^^^^^^^^^^^^^^^^^^^^^^^^^^^^^^^^^^^^^^^^^^^^^^^^^^^^^^^^^^^^^^^^^
2025 Feb 11 02:45:55.322661 sonic INFO featured[10757]:   File "/usr/local/lib/python3.11/dist-packages/sonic_py_common/device_info.py", line 446, in get_path_to_port_config_file
2025 Feb 11 02:45:55.322755 sonic INFO featured[10757]:     (platform_path, hwsku_path) = get_paths_to_platform_and_hwsku_dirs()
2025 Feb 11 02:45:55.322807 sonic INFO featured[10757]:                                   ^^^^^^^^^^^^^^^^^^^^^^^^^^^^^^^^^^^^^^
2025 Feb 11 02:45:55.322854 sonic INFO featured[10757]:   File "/usr/local/lib/python3.11/dist-packages/sonic_py_common/device_info.py", line 412, in get_paths_to_platform_and_hwsku_dirs
2025 Feb 11 02:45:55.322943 sonic INFO featured[10757]:     hwsku_path = os.path.join(platform_path, hwsku)
2025 Feb 11 02:45:55.322997 sonic INFO featured[10757]:                  ^^^^^^^^^^^^^^^^^^^^^^^^^^^^^^^^^^
2025 Feb 11 02:45:55.323037 sonic INFO featured[10757]:   File "<frozen posixpath>", line 90, in join
2025 Feb 11 02:45:55.323078 sonic INFO featured[10757]:   File "<frozen genericpath>", line 152, in _check_arg_types
2025 Feb 11 02:45:55.323118 sonic INFO featured[10757]: TypeError: join() argument must be str, bytes, or os.PathLike object, not 'NoneType'
2025 Feb 11 02:45:55.341123 sonic NOTICE systemd[1]: featured.service: Main process exited, code=exited, status=1/FAILURE
2025 Feb 11 02:45:55.341280 sonic WARNING systemd[1]: featured.service: Failed with result 'exit-code'.
2025 Feb 11 02:45:55.387609 sonic INFO systemd[1]: Started featured.service - Feature configuration daemon.
2025 Feb 11 02:45:55.570107 sonic INFO featured: ConfigDB connect success
2025 Feb 11 02:45:55.574268 sonic INFO featured[10758]: Traceback (most recent call last):
2025 Feb 11 02:45:55.574317 sonic INFO featured[10758]:   File "/usr/local/bin/featured", line 598, in <module>
2025 Feb 11 02:45:55.574510 sonic INFO featured[10758]:     main()
2025 Feb 11 02:45:55.574548 sonic INFO featured[10758]:   File "/usr/local/bin/featured", line 591, in main
2025 Feb 11 02:45:55.574729 sonic INFO featured[10758]:     daemon = FeatureDaemon()
2025 Feb 11 02:45:55.574768 sonic INFO featured[10758]:              ^^^^^^^^^^^^^^^
2025 Feb 11 02:45:55.574784 sonic INFO featured[10758]:   File "/usr/local/bin/featured", line 529, in __init__
2025 Feb 11 02:45:55.574931 sonic INFO featured[10758]:     self.feature_handler = FeatureHandler(self.config_db, feature_state_table, self.device_config, self.advanced_boot)
2025 Feb 11 02:45:55.574969 sonic INFO featured[10758]:                            ^^^^^^^^^^^^^^^^^^^^^^^^^^^^^^^^^^^^^^^^^^^^^^^^^^^^^^^^^^^^^^^^^^^^^^^^^^^^^^^^^^^^^^^^^^^
2025 Feb 11 02:45:55.574986 sonic INFO featured[10758]:   File "/usr/local/bin/featured", line 136, in __init__
2025 Feb 11 02:45:55.575094 sonic INFO featured[10758]:     self._device_running_config = device_info.get_device_runtime_metadata()
2025 Feb 11 02:45:55.575132 sonic INFO featured[10758]:                                   ^^^^^^^^^^^^^^^^^^^^^^^^^^^^^^^^^^^^^^^^^
2025 Feb 11 02:45:55.575168 sonic INFO featured[10758]:   File "/usr/local/lib/python3.11/dist-packages/sonic_py_common/device_info.py", line 680, in get_device_runtime_metadata
2025 Feb 11 02:45:55.575858 sonic INFO featured[10758]:     port_metadata = {'ETHERNET_PORTS_PRESENT': True if get_path_to_port_config_file(hwsku=None, asic="0" if is_multi_npu() else None) else False}
2025 Feb 11 02:45:55.577022 sonic INFO featured[10758]:                                                        ^^^^^^^^^^^^^^^^^^^^^^^^^^^^^^^^^^^^^^^^^^^^^^^^^^^^^^^^^^^^^^^^^^^^^^^^^^^^^^
2025 Feb 11 02:45:55.577067 sonic INFO featured[10758]:   File "/usr/local/lib/python3.11/dist-packages/sonic_py_common/device_info.py", line 446, in get_path_to_port_config_file
2025 Feb 11 02:45:55.577755 sonic INFO featured[10758]:     (platform_path, hwsku_path) = get_paths_to_platform_and_hwsku_dirs()
2025 Feb 11 02:45:55.577803 sonic INFO featured[10758]:                                   ^^^^^^^^^^^^^^^^^^^^^^^^^^^^^^^^^^^^^^
2025 Feb 11 02:45:55.577847 sonic INFO featured[10758]:   File "/usr/local/lib/python3.11/dist-packages/sonic_py_common/device_info.py", line 412, in get_paths_to_platform_and_hwsku_dirs
2025 Feb 11 02:45:55.577948 sonic INFO featured[10758]:     hwsku_path = os.path.join(platform_path, hwsku)
2025 Feb 11 02:45:55.578010 sonic INFO featured[10758]:                  ^^^^^^^^^^^^^^^^^^^^^^^^^^^^^^^^^^
2025 Feb 11 02:45:55.578058 sonic INFO featured[10758]:   File "<frozen posixpath>", line 90, in join
2025 Feb 11 02:45:55.578116 sonic INFO featured[10758]:   File "<frozen genericpath>", line 152, in _check_arg_types
2025 Feb 11 02:45:55.578182 sonic INFO featured[10758]: TypeError: join() argument must be str, bytes, or os.PathLike object, not 'NoneType'
2025 Feb 11 02:45:55.602382 sonic NOTICE systemd[1]: featured.service: Main process exited, code=exited, status=1/FAILURE
2025 Feb 11 02:45:55.602532 sonic WARNING systemd[1]: featured.service: Failed with result 'exit-code'.
2025 Feb 11 02:45:55.662656 sonic INFO systemd[1]: Started featured.service - Feature configuration daemon.
2025 Feb 11 02:45:55.823406 sonic INFO featured: ConfigDB connect success
2025 Feb 11 02:45:55.829837 sonic INFO featured[10765]: Traceback (most recent call last):
2025 Feb 11 02:45:55.829919 sonic INFO featured[10765]:   File "/usr/local/bin/featured", line 598, in <module>
2025 Feb 11 02:45:55.830052 sonic INFO featured[10765]:     main()
2025 Feb 11 02:45:55.830092 sonic INFO featured[10765]:   File "/usr/local/bin/featured", line 591, in main
2025 Feb 11 02:45:55.830239 sonic INFO featured[10765]:     daemon = FeatureDaemon()
2025 Feb 11 02:45:55.830276 sonic INFO featured[10765]:              ^^^^^^^^^^^^^^^
2025 Feb 11 02:45:55.830299 sonic INFO featured[10765]:   File "/usr/local/bin/featured", line 529, in __init__
2025 Feb 11 02:45:55.830357 sonic INFO featured[10765]:     self.feature_handler = FeatureHandler(self.config_db, feature_state_table, self.device_config, self.advanced_boot)
2025 Feb 11 02:45:55.830411 sonic INFO featured[10765]:                            ^^^^^^^^^^^^^^^^^^^^^^^^^^^^^^^^^^^^^^^^^^^^^^^^^^^^^^^^^^^^^^^^^^^^^^^^^^^^^^^^^^^^^^^^^^^
2025 Feb 11 02:45:55.830438 sonic INFO featured[10765]:   File "/usr/local/bin/featured", line 136, in __init__
2025 Feb 11 02:45:55.830468 sonic INFO featured[10765]:     self._device_running_config = device_info.get_device_runtime_metadata()
2025 Feb 11 02:45:55.830499 sonic INFO featured[10765]:                                   ^^^^^^^^^^^^^^^^^^^^^^^^^^^^^^^^^^^^^^^^^
2025 Feb 11 02:45:55.830524 sonic INFO featured[10765]:   File "/usr/local/lib/python3.11/dist-packages/sonic_py_common/device_info.py", line 680, in get_device_runtime_metadata
2025 Feb 11 02:45:55.830646 sonic INFO featured[10765]:     port_metadata = {'ETHERNET_PORTS_PRESENT': True if get_path_to_port_config_file(hwsku=None, asic="0" if is_multi_npu() else None) else False}
2025 Feb 11 02:45:55.830685 sonic INFO featured[10765]:                                                        ^^^^^^^^^^^^^^^^^^^^^^^^^^^^^^^^^^^^^^^^^^^^^^^^^^^^^^^^^^^^^^^^^^^^^^^^^^^^^^
2025 Feb 11 02:45:55.830703 sonic INFO featured[10765]:   File "/usr/local/lib/python3.11/dist-packages/sonic_py_common/device_info.py", line 446, in get_path_to_port_config_file
2025 Feb 11 02:45:55.830769 sonic INFO featured[10765]:     (platform_path, hwsku_path) = get_paths_to_platform_and_hwsku_dirs()
2025 Feb 11 02:45:55.830804 sonic INFO featured[10765]:                                   ^^^^^^^^^^^^^^^^^^^^^^^^^^^^^^^^^^^^^^
2025 Feb 11 02:45:55.830821 sonic INFO featured[10765]:   File "/usr/local/lib/python3.11/dist-packages/sonic_py_common/device_info.py", line 412, in get_paths_to_platform_and_hwsku_dirs
2025 Feb 11 02:45:55.830876 sonic INFO featured[10765]:     hwsku_path = os.path.join(platform_path, hwsku)
2025 Feb 11 02:45:55.830911 sonic INFO featured[10765]:                  ^^^^^^^^^^^^^^^^^^^^^^^^^^^^^^^^^^
2025 Feb 11 02:45:55.830942 sonic INFO featured[10765]:   File "<frozen posixpath>", line 90, in join
2025 Feb 11 02:45:55.830967 sonic INFO featured[10765]:   File "<frozen genericpath>", line 152, in _check_arg_types
2025 Feb 11 02:45:55.830991 sonic INFO featured[10765]: TypeError: join() argument must be str, bytes, or os.PathLike object, not 'NoneType'
2025 Feb 11 02:45:55.859879 sonic NOTICE systemd[1]: featured.service: Main process exited, code=exited, status=1/FAILURE
2025 Feb 11 02:45:55.860008 sonic WARNING systemd[1]: featured.service: Failed with result 'exit-code'.
2025 Feb 11 02:45:55.882914 sonic INFO systemd[1]: Started featured.service - Feature configuration daemon.
2025 Feb 11 02:45:56.019390 sonic INFO featured: ConfigDB connect success
2025 Feb 11 02:45:56.023467 sonic INFO featured[10774]: Traceback (most recent call last):
2025 Feb 11 02:45:56.023519 sonic INFO featured[10774]:   File "/usr/local/bin/featured", line 598, in <module>
2025 Feb 11 02:45:56.023623 sonic INFO featured[10774]:     main()
2025 Feb 11 02:45:56.023661 sonic INFO featured[10774]:   File "/usr/local/bin/featured", line 591, in main
2025 Feb 11 02:45:56.023777 sonic INFO featured[10774]:     daemon = FeatureDaemon()
2025 Feb 11 02:45:56.023825 sonic INFO featured[10774]:              ^^^^^^^^^^^^^^^
2025 Feb 11 02:45:56.023852 sonic INFO featured[10774]:   File "/usr/local/bin/featured", line 529, in __init__
2025 Feb 11 02:45:56.023883 sonic INFO featured[10774]:     self.feature_handler = FeatureHandler(self.config_db, feature_state_table, self.device_config, self.advanced_boot)
2025 Feb 11 02:45:56.023933 sonic INFO featured[10774]:                            ^^^^^^^^^^^^^^^^^^^^^^^^^^^^^^^^^^^^^^^^^^^^^^^^^^^^^^^^^^^^^^^^^^^^^^^^^^^^^^^^^^^^^^^^^^^
2025 Feb 11 02:45:56.023965 sonic INFO featured[10774]:   File "/usr/local/bin/featured", line 136, in __init__
2025 Feb 11 02:45:56.023999 sonic INFO featured[10774]:     self._device_running_config = device_info.get_device_runtime_metadata()
2025 Feb 11 02:45:56.024031 sonic INFO featured[10774]:                                   ^^^^^^^^^^^^^^^^^^^^^^^^^^^^^^^^^^^^^^^^^
2025 Feb 11 02:45:56.024056 sonic INFO featured[10774]:   File "/usr/local/lib/python3.11/dist-packages/sonic_py_common/device_info.py", line 680, in get_device_runtime_metadata
2025 Feb 11 02:45:56.024180 sonic INFO featured[10774]:     port_metadata = {'ETHERNET_PORTS_PRESENT': True if get_path_to_port_config_file(hwsku=None, asic="0" if is_multi_npu() else None) else False}
2025 Feb 11 02:45:56.024220 sonic INFO featured[10774]:                                                        ^^^^^^^^^^^^^^^^^^^^^^^^^^^^^^^^^^^^^^^^^^^^^^^^^^^^^^^^^^^^^^^^^^^^^^^^^^^^^^
2025 Feb 11 02:45:56.024237 sonic INFO featured[10774]:   File "/usr/local/lib/python3.11/dist-packages/sonic_py_common/device_info.py", line 446, in get_path_to_port_config_file
2025 Feb 11 02:45:56.024308 sonic INFO featured[10774]:     (platform_path, hwsku_path) = get_paths_to_platform_and_hwsku_dirs()
2025 Feb 11 02:45:56.024343 sonic INFO featured[10774]:                                   ^^^^^^^^^^^^^^^^^^^^^^^^^^^^^^^^^^^^^^
2025 Feb 11 02:45:56.024360 sonic INFO featured[10774]:   File "/usr/local/lib/python3.11/dist-packages/sonic_py_common/device_info.py", line 412, in get_paths_to_platform_and_hwsku_dirs
2025 Feb 11 02:45:56.024417 sonic INFO featured[10774]:     hwsku_path = os.path.join(platform_path, hwsku)
2025 Feb 11 02:45:56.024451 sonic INFO featured[10774]:                  ^^^^^^^^^^^^^^^^^^^^^^^^^^^^^^^^^^
2025 Feb 11 02:45:56.024475 sonic INFO featured[10774]:   File "<frozen posixpath>", line 90, in join
2025 Feb 11 02:45:56.024500 sonic INFO featured[10774]:   File "<frozen genericpath>", line 152, in _check_arg_types
2025 Feb 11 02:45:56.024525 sonic INFO featured[10774]: TypeError: join() argument must be str, bytes, or os.PathLike object, not 'NoneType'
2025 Feb 11 02:45:56.042857 sonic NOTICE systemd[1]: featured.service: Main process exited, code=exited, status=1/FAILURE
2025 Feb 11 02:45:56.042931 sonic WARNING systemd[1]: featured.service: Failed with result 'exit-code'.
2025 Feb 11 02:45:56.044661 sonic WARNING systemd[1]: featured.service: Start request repeated too quickly.
2025 Feb 11 02:45:56.044735 sonic WARNING systemd[1]: featured.service: Failed with result 'exit-code'.
2025 Feb 11 02:45:56.044763 sonic ERR systemd[1]: Failed to start featured.service - Feature configuration daemon.
2025 Feb 11 02:45:58.278972 sonic WARNING systemd[1]: featured.service: Start request repeated too quickly.
2025 Feb 11 02:45:58.279241 sonic WARNING systemd[1]: featured.service: Failed with result 'exit-code'.
2025 Feb 11 02:45:58.279296 sonic ERR systemd[1]: Failed to start featured.service - Feature configuration daemon.
2025 Feb 11 02:46:08.306690 sonic INFO systemd[1]: Started featured.service - Feature configuration daemon.
2025 Feb 11 02:46:08.475311 sonic INFO featured: ConfigDB connect success
2025 Feb 11 02:46:08.479351 sonic INFO featured[10805]: Traceback (most recent call last):
2025 Feb 11 02:46:08.479440 sonic INFO featured[10805]:   File "/usr/local/bin/featured", line 598, in <module>
2025 Feb 11 02:46:08.479716 sonic INFO featured[10805]:     main()
2025 Feb 11 02:46:08.479793 sonic INFO featured[10805]:   File "/usr/local/bin/featured", line 591, in main
2025 Feb 11 02:46:08.479965 sonic INFO featured[10805]:     daemon = FeatureDaemon()
2025 Feb 11 02:46:08.480027 sonic INFO featured[10805]:              ^^^^^^^^^^^^^^^
2025 Feb 11 02:46:08.480059 sonic INFO featured[10805]:   File "/usr/local/bin/featured", line 529, in __init__
2025 Feb 11 02:46:08.480181 sonic INFO featured[10805]:     self.feature_handler = FeatureHandler(self.config_db, feature_state_table, self.device_config, self.advanced_boot)
2025 Feb 11 02:46:08.480244 sonic INFO featured[10805]:                            ^^^^^^^^^^^^^^^^^^^^^^^^^^^^^^^^^^^^^^^^^^^^^^^^^^^^^^^^^^^^^^^^^^^^^^^^^^^^^^^^^^^^^^^^^^^
2025 Feb 11 02:46:08.480290 sonic INFO featured[10805]:   File "/usr/local/bin/featured", line 136, in __init__
2025 Feb 11 02:46:08.480342 sonic INFO featured[10805]:     self._device_running_config = device_info.get_device_runtime_metadata()
2025 Feb 11 02:46:08.480393 sonic INFO featured[10805]:                                   ^^^^^^^^^^^^^^^^^^^^^^^^^^^^^^^^^^^^^^^^^
2025 Feb 11 02:46:08.480445 sonic INFO featured[10805]:   File "/usr/local/lib/python3.11/dist-packages/sonic_py_common/device_info.py", line 680, in get_device_runtime_metadata
2025 Feb 11 02:46:08.480617 sonic INFO featured[10805]:     port_metadata = {'ETHERNET_PORTS_PRESENT': True if get_path_to_port_config_file(hwsku=None, asic="0" if is_multi_npu() else None) else False}
2025 Feb 11 02:46:08.480689 sonic INFO featured[10805]:                                                        ^^^^^^^^^^^^^^^^^^^^^^^^^^^^^^^^^^^^^^^^^^^^^^^^^^^^^^^^^^^^^^^^^^^^^^^^^^^^^^
2025 Feb 11 02:46:08.480736 sonic INFO featured[10805]:   File "/usr/local/lib/python3.11/dist-packages/sonic_py_common/device_info.py", line 446, in get_path_to_port_config_file
2025 Feb 11 02:46:08.480814 sonic INFO featured[10805]:     (platform_path, hwsku_path) = get_paths_to_platform_and_hwsku_dirs()
2025 Feb 11 02:46:08.480867 sonic INFO featured[10805]:                                   ^^^^^^^^^^^^^^^^^^^^^^^^^^^^^^^^^^^^^^
2025 Feb 11 02:46:08.480913 sonic INFO featured[10805]:   File "/usr/local/lib/python3.11/dist-packages/sonic_py_common/device_info.py", line 412, in get_paths_to_platform_and_hwsku_dirs
2025 Feb 11 02:46:08.480998 sonic INFO featured[10805]:     hwsku_path = os.path.join(platform_path, hwsku)
2025 Feb 11 02:46:08.481053 sonic INFO featured[10805]:                  ^^^^^^^^^^^^^^^^^^^^^^^^^^^^^^^^^^
2025 Feb 11 02:46:08.481095 sonic INFO featured[10805]:   File "<frozen posixpath>", line 90, in join
2025 Feb 11 02:46:08.481163 sonic INFO featured[10805]:   File "<frozen genericpath>", line 152, in _check_arg_types
2025 Feb 11 02:46:08.481204 sonic INFO featured[10805]: TypeError: join() argument must be str, bytes, or os.PathLike object, not 'NoneType'
2025 Feb 11 02:46:08.499649 sonic NOTICE systemd[1]: featured.service: Main process exited, code=exited, status=1/FAILURE
2025 Feb 11 02:46:08.499855 sonic WARNING systemd[1]: featured.service: Failed with result 'exit-code'.
2025 Feb 11 02:46:08.550960 sonic INFO systemd[1]: Started featured.service - Feature configuration daemon.
2025 Feb 11 02:46:08.684588 sonic INFO featured: ConfigDB connect success
2025 Feb 11 02:46:08.688446 sonic INFO featured[10806]: Traceback (most recent call last):
2025 Feb 11 02:46:08.688509 sonic INFO featured[10806]:   File "/usr/local/bin/featured", line 598, in <module>
2025 Feb 11 02:46:08.688585 sonic INFO featured[10806]:     main()
2025 Feb 11 02:46:08.688624 sonic INFO featured[10806]:   File "/usr/local/bin/featured", line 591, in main
2025 Feb 11 02:46:08.688744 sonic INFO featured[10806]:     daemon = FeatureDaemon()
2025 Feb 11 02:46:08.688777 sonic INFO featured[10806]:              ^^^^^^^^^^^^^^^
2025 Feb 11 02:46:08.688799 sonic INFO featured[10806]:   File "/usr/local/bin/featured", line 529, in __init__
2025 Feb 11 02:46:08.688860 sonic INFO featured[10806]:     self.feature_handler = FeatureHandler(self.config_db, feature_state_table, self.device_config, self.advanced_boot)
2025 Feb 11 02:46:08.688907 sonic INFO featured[10806]:                            ^^^^^^^^^^^^^^^^^^^^^^^^^^^^^^^^^^^^^^^^^^^^^^^^^^^^^^^^^^^^^^^^^^^^^^^^^^^^^^^^^^^^^^^^^^^
2025 Feb 11 02:46:08.688941 sonic INFO featured[10806]:   File "/usr/local/bin/featured", line 136, in __init__
2025 Feb 11 02:46:08.688972 sonic INFO featured[10806]:     self._device_running_config = device_info.get_device_runtime_metadata()
2025 Feb 11 02:46:08.689003 sonic INFO featured[10806]:                                   ^^^^^^^^^^^^^^^^^^^^^^^^^^^^^^^^^^^^^^^^^
2025 Feb 11 02:46:08.689029 sonic INFO featured[10806]:   File "/usr/local/lib/python3.11/dist-packages/sonic_py_common/device_info.py", line 680, in get_device_runtime_metadata
2025 Feb 11 02:46:08.689128 sonic INFO featured[10806]:     port_metadata = {'ETHERNET_PORTS_PRESENT': True if get_path_to_port_config_file(hwsku=None, asic="0" if is_multi_npu() else None) else False}
2025 Feb 11 02:46:08.689183 sonic INFO featured[10806]:                                                        ^^^^^^^^^^^^^^^^^^^^^^^^^^^^^^^^^^^^^^^^^^^^^^^^^^^^^^^^^^^^^^^^^^^^^^^^^^^^^^
2025 Feb 11 02:46:08.689211 sonic INFO featured[10806]:   File "/usr/local/lib/python3.11/dist-packages/sonic_py_common/device_info.py", line 446, in get_path_to_port_config_file
2025 Feb 11 02:46:08.689271 sonic INFO featured[10806]:     (platform_path, hwsku_path) = get_paths_to_platform_and_hwsku_dirs()
2025 Feb 11 02:46:08.689304 sonic INFO featured[10806]:                                   ^^^^^^^^^^^^^^^^^^^^^^^^^^^^^^^^^^^^^^
2025 Feb 11 02:46:08.689329 sonic INFO featured[10806]:   File "/usr/local/lib/python3.11/dist-packages/sonic_py_common/device_info.py", line 412, in get_paths_to_platform_and_hwsku_dirs
2025 Feb 11 02:46:08.689376 sonic INFO featured[10806]:     hwsku_path = os.path.join(platform_path, hwsku)
2025 Feb 11 02:46:08.689410 sonic INFO featured[10806]:                  ^^^^^^^^^^^^^^^^^^^^^^^^^^^^^^^^^^
2025 Feb 11 02:46:08.689435 sonic INFO featured[10806]:   File "<frozen posixpath>", line 90, in join
2025 Feb 11 02:46:08.689460 sonic INFO featured[10806]:   File "<frozen genericpath>", line 152, in _check_arg_types
2025 Feb 11 02:46:08.689531 sonic INFO featured[10806]: TypeError: join() argument must be str, bytes, or os.PathLike object, not 'NoneType'
2025 Feb 11 02:46:08.716088 sonic NOTICE systemd[1]: featured.service: Main process exited, code=exited, status=1/FAILURE
2025 Feb 11 02:46:08.716215 sonic WARNING systemd[1]: featured.service: Failed with result 'exit-code'.
2025 Feb 11 02:46:08.758878 sonic INFO systemd[1]: Started featured.service - Feature configuration daemon.
2025 Feb 11 02:46:08.889910 sonic INFO featured: ConfigDB connect success
2025 Feb 11 02:46:08.893912 sonic INFO featured[10808]: Traceback (most recent call last):
2025 Feb 11 02:46:08.893964 sonic INFO featured[10808]:   File "/usr/local/bin/featured", line 598, in <module>
2025 Feb 11 02:46:08.894064 sonic INFO featured[10808]:     main()
2025 Feb 11 02:46:08.894111 sonic INFO featured[10808]:   File "/usr/local/bin/featured", line 591, in main
2025 Feb 11 02:46:08.894254 sonic INFO featured[10808]:     daemon = FeatureDaemon()
2025 Feb 11 02:46:08.894287 sonic INFO featured[10808]:              ^^^^^^^^^^^^^^^
2025 Feb 11 02:46:08.894309 sonic INFO featured[10808]:   File "/usr/local/bin/featured", line 529, in __init__
2025 Feb 11 02:46:08.894391 sonic INFO featured[10808]:     self.feature_handler = FeatureHandler(self.config_db, feature_state_table, self.device_config, self.advanced_boot)
2025 Feb 11 02:46:08.894429 sonic INFO featured[10808]:                            ^^^^^^^^^^^^^^^^^^^^^^^^^^^^^^^^^^^^^^^^^^^^^^^^^^^^^^^^^^^^^^^^^^^^^^^^^^^^^^^^^^^^^^^^^^^
2025 Feb 11 02:46:08.894446 sonic INFO featured[10808]:   File "/usr/local/bin/featured", line 136, in __init__
2025 Feb 11 02:46:08.894484 sonic INFO featured[10808]:     self._device_running_config = device_info.get_device_runtime_metadata()
2025 Feb 11 02:46:08.894517 sonic INFO featured[10808]:                                   ^^^^^^^^^^^^^^^^^^^^^^^^^^^^^^^^^^^^^^^^^
2025 Feb 11 02:46:08.894534 sonic INFO featured[10808]:   File "/usr/local/lib/python3.11/dist-packages/sonic_py_common/device_info.py", line 680, in get_device_runtime_metadata
2025 Feb 11 02:46:08.894648 sonic INFO featured[10808]:     port_metadata = {'ETHERNET_PORTS_PRESENT': True if get_path_to_port_config_file(hwsku=None, asic="0" if is_multi_npu() else None) else False}
2025 Feb 11 02:46:08.894688 sonic INFO featured[10808]:                                                        ^^^^^^^^^^^^^^^^^^^^^^^^^^^^^^^^^^^^^^^^^^^^^^^^^^^^^^^^^^^^^^^^^^^^^^^^^^^^^^
2025 Feb 11 02:46:08.894706 sonic INFO featured[10808]:   File "/usr/local/lib/python3.11/dist-packages/sonic_py_common/device_info.py", line 446, in get_path_to_port_config_file
2025 Feb 11 02:46:08.894769 sonic INFO featured[10808]:     (platform_path, hwsku_path) = get_paths_to_platform_and_hwsku_dirs()
2025 Feb 11 02:46:08.894801 sonic INFO featured[10808]:                                   ^^^^^^^^^^^^^^^^^^^^^^^^^^^^^^^^^^^^^^
2025 Feb 11 02:46:08.894819 sonic INFO featured[10808]:   File "/usr/local/lib/python3.11/dist-packages/sonic_py_common/device_info.py", line 412, in get_paths_to_platform_and_hwsku_dirs
2025 Feb 11 02:46:08.894874 sonic INFO featured[10808]:     hwsku_path = os.path.join(platform_path, hwsku)
2025 Feb 11 02:46:08.894908 sonic INFO featured[10808]:                  ^^^^^^^^^^^^^^^^^^^^^^^^^^^^^^^^^^
2025 Feb 11 02:46:08.894925 sonic INFO featured[10808]:   File "<frozen posixpath>", line 90, in join
2025 Feb 11 02:46:08.894941 sonic INFO featured[10808]:   File "<frozen genericpath>", line 152, in _check_arg_types
2025 Feb 11 02:46:08.894959 sonic INFO featured[10808]: TypeError: join() argument must be str, bytes, or os.PathLike object, not 'NoneType'
2025 Feb 11 02:46:08.913315 sonic NOTICE systemd[1]: featured.service: Main process exited, code=exited, status=1/FAILURE
2025 Feb 11 02:46:08.913456 sonic WARNING systemd[1]: featured.service: Failed with result 'exit-code'.
2025 Feb 11 02:46:08.939252 sonic INFO systemd[1]: Started featured.service - Feature configuration daemon.
2025 Feb 11 02:46:09.073355 sonic INFO featured: ConfigDB connect success
2025 Feb 11 02:46:09.077387 sonic INFO featured[10810]: Traceback (most recent call last):
2025 Feb 11 02:46:09.077450 sonic INFO featured[10810]:   File "/usr/local/bin/featured", line 598, in <module>
2025 Feb 11 02:46:09.077666 sonic INFO featured[10810]:     main()
2025 Feb 11 02:46:09.077711 sonic INFO featured[10810]:   File "/usr/local/bin/featured", line 591, in main
2025 Feb 11 02:46:09.077840 sonic INFO featured[10810]:     daemon = FeatureDaemon()
2025 Feb 11 02:46:09.077880 sonic INFO featured[10810]:              ^^^^^^^^^^^^^^^
2025 Feb 11 02:46:09.077897 sonic INFO featured[10810]:   File "/usr/local/bin/featured", line 529, in __init__
2025 Feb 11 02:46:09.077962 sonic INFO featured[10810]:     self.feature_handler = FeatureHandler(self.config_db, feature_state_table, self.device_config, self.advanced_boot)
2025 Feb 11 02:46:09.078011 sonic INFO featured[10810]:                            ^^^^^^^^^^^^^^^^^^^^^^^^^^^^^^^^^^^^^^^^^^^^^^^^^^^^^^^^^^^^^^^^^^^^^^^^^^^^^^^^^^^^^^^^^^^
2025 Feb 11 02:46:09.078038 sonic INFO featured[10810]:   File "/usr/local/bin/featured", line 136, in __init__
2025 Feb 11 02:46:09.078068 sonic INFO featured[10810]:     self._device_running_config = device_info.get_device_runtime_metadata()
2025 Feb 11 02:46:09.078099 sonic INFO featured[10810]:                                   ^^^^^^^^^^^^^^^^^^^^^^^^^^^^^^^^^^^^^^^^^
2025 Feb 11 02:46:09.078124 sonic INFO featured[10810]:   File "/usr/local/lib/python3.11/dist-packages/sonic_py_common/device_info.py", line 680, in get_device_runtime_metadata
2025 Feb 11 02:46:09.078255 sonic INFO featured[10810]:     port_metadata = {'ETHERNET_PORTS_PRESENT': True if get_path_to_port_config_file(hwsku=None, asic="0" if is_multi_npu() else None) else False}
2025 Feb 11 02:46:09.078295 sonic INFO featured[10810]:                                                        ^^^^^^^^^^^^^^^^^^^^^^^^^^^^^^^^^^^^^^^^^^^^^^^^^^^^^^^^^^^^^^^^^^^^^^^^^^^^^^
2025 Feb 11 02:46:09.078312 sonic INFO featured[10810]:   File "/usr/local/lib/python3.11/dist-packages/sonic_py_common/device_info.py", line 446, in get_path_to_port_config_file
2025 Feb 11 02:46:09.078383 sonic INFO featured[10810]:     (platform_path, hwsku_path) = get_paths_to_platform_and_hwsku_dirs()
2025 Feb 11 02:46:09.078414 sonic INFO featured[10810]:                                   ^^^^^^^^^^^^^^^^^^^^^^^^^^^^^^^^^^^^^^
2025 Feb 11 02:46:09.078440 sonic INFO featured[10810]:   File "/usr/local/lib/python3.11/dist-packages/sonic_py_common/device_info.py", line 412, in get_paths_to_platform_and_hwsku_dirs
2025 Feb 11 02:46:09.078493 sonic INFO featured[10810]:     hwsku_path = os.path.join(platform_path, hwsku)
2025 Feb 11 02:46:09.078525 sonic INFO featured[10810]:                  ^^^^^^^^^^^^^^^^^^^^^^^^^^^^^^^^^^
2025 Feb 11 02:46:09.078557 sonic INFO featured[10810]:   File "<frozen posixpath>", line 90, in join
2025 Feb 11 02:46:09.078581 sonic INFO featured[10810]:   File "<frozen genericpath>", line 152, in _check_arg_types
2025 Feb 11 02:46:09.078612 sonic INFO featured[10810]: TypeError: join() argument must be str, bytes, or os.PathLike object, not 'NoneType'
2025 Feb 11 02:46:09.097655 sonic NOTICE systemd[1]: featured.service: Main process exited, code=exited, status=1/FAILURE
2025 Feb 11 02:46:09.097805 sonic WARNING systemd[1]: featured.service: Failed with result 'exit-code'.
2025 Feb 11 02:46:09.138718 sonic INFO systemd[1]: Started featured.service - Feature configuration daemon.
2025 Feb 11 02:46:09.271230 sonic INFO featured: ConfigDB connect success
2025 Feb 11 02:46:09.275237 sonic INFO featured[10812]: Traceback (most recent call last):
2025 Feb 11 02:46:09.275298 sonic INFO featured[10812]:   File "/usr/local/bin/featured", line 598, in <module>
2025 Feb 11 02:46:09.275381 sonic INFO featured[10812]:     main()
2025 Feb 11 02:46:09.275421 sonic INFO featured[10812]:   File "/usr/local/bin/featured", line 591, in main
2025 Feb 11 02:46:09.275538 sonic INFO featured[10812]:     daemon = FeatureDaemon()
2025 Feb 11 02:46:09.275577 sonic INFO featured[10812]:              ^^^^^^^^^^^^^^^
2025 Feb 11 02:46:09.275595 sonic INFO featured[10812]:   File "/usr/local/bin/featured", line 529, in __init__
2025 Feb 11 02:46:09.275700 sonic INFO featured[10812]:     self.feature_handler = FeatureHandler(self.config_db, feature_state_table, self.device_config, self.advanced_boot)
2025 Feb 11 02:46:09.275752 sonic INFO featured[10812]:                            ^^^^^^^^^^^^^^^^^^^^^^^^^^^^^^^^^^^^^^^^^^^^^^^^^^^^^^^^^^^^^^^^^^^^^^^^^^^^^^^^^^^^^^^^^^^
2025 Feb 11 02:46:09.275784 sonic INFO featured[10812]:   File "/usr/local/bin/featured", line 136, in __init__
2025 Feb 11 02:46:09.275823 sonic INFO featured[10812]:     self._device_running_config = device_info.get_device_runtime_metadata()
2025 Feb 11 02:46:09.275856 sonic INFO featured[10812]:                                   ^^^^^^^^^^^^^^^^^^^^^^^^^^^^^^^^^^^^^^^^^
2025 Feb 11 02:46:09.275882 sonic INFO featured[10812]:   File "/usr/local/lib/python3.11/dist-packages/sonic_py_common/device_info.py", line 680, in get_device_runtime_metadata
2025 Feb 11 02:46:09.275982 sonic INFO featured[10812]:     port_metadata = {'ETHERNET_PORTS_PRESENT': True if get_path_to_port_config_file(hwsku=None, asic="0" if is_multi_npu() else None) else False}
2025 Feb 11 02:46:09.276021 sonic INFO featured[10812]:                                                        ^^^^^^^^^^^^^^^^^^^^^^^^^^^^^^^^^^^^^^^^^^^^^^^^^^^^^^^^^^^^^^^^^^^^^^^^^^^^^^
2025 Feb 11 02:46:09.276038 sonic INFO featured[10812]:   File "/usr/local/lib/python3.11/dist-packages/sonic_py_common/device_info.py", line 446, in get_path_to_port_config_file
2025 Feb 11 02:46:09.276109 sonic INFO featured[10812]:     (platform_path, hwsku_path) = get_paths_to_platform_and_hwsku_dirs()
2025 Feb 11 02:46:09.276162 sonic INFO featured[10812]:                                   ^^^^^^^^^^^^^^^^^^^^^^^^^^^^^^^^^^^^^^
2025 Feb 11 02:46:09.276188 sonic INFO featured[10812]:   File "/usr/local/lib/python3.11/dist-packages/sonic_py_common/device_info.py", line 412, in get_paths_to_platform_and_hwsku_dirs
2025 Feb 11 02:46:09.276242 sonic INFO featured[10812]:     hwsku_path = os.path.join(platform_path, hwsku)
2025 Feb 11 02:46:09.276280 sonic INFO featured[10812]:                  ^^^^^^^^^^^^^^^^^^^^^^^^^^^^^^^^^^
2025 Feb 11 02:46:09.276306 sonic INFO featured[10812]:   File "<frozen posixpath>", line 90, in join
2025 Feb 11 02:46:09.276331 sonic INFO featured[10812]:   File "<frozen genericpath>", line 152, in _check_arg_types
2025 Feb 11 02:46:09.276354 sonic INFO featured[10812]: TypeError: join() argument must be str, bytes, or os.PathLike object, not 'NoneType'
2025 Feb 11 02:46:09.295195 sonic NOTICE systemd[1]: featured.service: Main process exited, code=exited, status=1/FAILURE
2025 Feb 11 02:46:09.295334 sonic WARNING systemd[1]: featured.service: Failed with result 'exit-code'.
2025 Feb 11 02:46:09.296941 sonic WARNING systemd[1]: featured.service: Start request repeated too quickly.
2025 Feb 11 02:46:09.297008 sonic WARNING systemd[1]: featured.service: Failed with result 'exit-code'.
2025 Feb 11 02:46:09.297070 sonic ERR systemd[1]: Failed to start featured.service - Feature configuration daemon.
2025 Feb 11 02:46:15.281445 sonic INFO systemd[1]: caclmgrd.service: Scheduled restart job, restart counter is at 38.
2025 Feb 11 02:46:15.282363 sonic INFO systemd[1]: Stopped caclmgrd.service - Control Plane ACL configuration daemon.
2025 Feb 11 02:46:15.314586 sonic INFO systemd[1]: Started caclmgrd.service - Control Plane ACL configuration daemon.
2025 Feb 11 02:46:15.314938 sonic WARNING systemd[1]: featured.service: Start request repeated too quickly.
2025 Feb 11 02:46:15.315069 sonic WARNING systemd[1]: featured.service: Failed with result 'exit-code'.
2025 Feb 11 02:46:15.315166 sonic ERR systemd[1]: Failed to start featured.service - Feature configuration daemon.
2025 Feb 11 02:46:15.316773 sonic WARNING systemd[1]: featured.service: Start request repeated too quickly.
2025 Feb 11 02:46:15.316908 sonic WARNING systemd[1]: featured.service: Failed with result 'exit-code'.
2025 Feb 11 02:46:15.316979 sonic ERR systemd[1]: Failed to start featured.service - Feature configuration daemon.
2025 Feb 11 02:46:15.423391 sonic INFO caclmgrd[10825]: Traceback (most recent call last):
2025 Feb 11 02:46:15.423468 sonic INFO caclmgrd[10825]:   File "/usr/local/bin/caclmgrd", line 1146, in <module>
2025 Feb 11 02:46:15.423500 sonic INFO caclmgrd[10825]:     main()
2025 Feb 11 02:46:15.423531 sonic INFO caclmgrd[10825]:   File "/usr/local/bin/caclmgrd", line 1137, in main
2025 Feb 11 02:46:15.423555 sonic INFO caclmgrd[10825]:     caclmgr = ControlPlaneAclManager(SYSLOG_IDENTIFIER)
2025 Feb 11 02:46:15.423583 sonic INFO caclmgrd[10825]:               ^^^^^^^^^^^^^^^^^^^^^^^^^^^^^^^^^^^^^^^^^
2025 Feb 11 02:46:15.423600 sonic INFO caclmgrd[10825]:   File "/usr/local/bin/caclmgrd", line 156, in __init__
2025 Feb 11 02:46:15.423632 sonic INFO caclmgrd[10825]:     if 'subtype' in metadata['localhost'] and metadata['localhost']['subtype'] == 'DualToR':
2025 Feb 11 02:46:15.423657 sonic INFO caclmgrd[10825]:                     ~~~~~~~~^^^^^^^^^^^^^
2025 Feb 11 02:46:15.423681 sonic INFO caclmgrd[10825]: KeyError: 'localhost'
2025 Feb 11 02:46:15.435302 sonic NOTICE systemd[1]: caclmgrd.service: Main process exited, code=exited, status=1/FAILURE
2025 Feb 11 02:46:15.435487 sonic WARNING systemd[1]: caclmgrd.service: Failed with result 'exit-code'.
2025 Feb 11 02:46:15.437045 sonic WARNING systemd[1]: featured.service: Start request repeated too quickly.
2025 Feb 11 02:46:15.437161 sonic WARNING systemd[1]: featured.service: Failed with result 'exit-code'.
2025 Feb 11 02:46:15.437232 sonic ERR systemd[1]: Failed to start featured.service - Feature configuration daemon.
2025 Feb 11 02:46:38.302589 sonic INFO systemd[1]: Started featured.service - Feature configuration daemon.
2025 Feb 11 02:46:38.433205 sonic INFO featured: ConfigDB connect success
2025 Feb 11 02:46:38.437087 sonic INFO featured[10894]: Traceback (most recent call last):
2025 Feb 11 02:46:38.437151 sonic INFO featured[10894]:   File "/usr/local/bin/featured", line 598, in <module>
2025 Feb 11 02:46:38.437273 sonic INFO featured[10894]:     main()
2025 Feb 11 02:46:38.437312 sonic INFO featured[10894]:   File "/usr/local/bin/featured", line 591, in main
2025 Feb 11 02:46:38.437436 sonic INFO featured[10894]:     daemon = FeatureDaemon()
2025 Feb 11 02:46:38.437515 sonic INFO featured[10894]:              ^^^^^^^^^^^^^^^
2025 Feb 11 02:46:38.437556 sonic INFO featured[10894]:   File "/usr/local/bin/featured", line 529, in __init__
2025 Feb 11 02:46:38.437591 sonic INFO featured[10894]:     self.feature_handler = FeatureHandler(self.config_db, feature_state_table, self.device_config, self.advanced_boot)
2025 Feb 11 02:46:38.437642 sonic INFO featured[10894]:                            ^^^^^^^^^^^^^^^^^^^^^^^^^^^^^^^^^^^^^^^^^^^^^^^^^^^^^^^^^^^^^^^^^^^^^^^^^^^^^^^^^^^^^^^^^^^
2025 Feb 11 02:46:38.437669 sonic INFO featured[10894]:   File "/usr/local/bin/featured", line 136, in __init__
2025 Feb 11 02:46:38.437710 sonic INFO featured[10894]:     self._device_running_config = device_info.get_device_runtime_metadata()
2025 Feb 11 02:46:38.437743 sonic INFO featured[10894]:                                   ^^^^^^^^^^^^^^^^^^^^^^^^^^^^^^^^^^^^^^^^^
2025 Feb 11 02:46:38.437768 sonic INFO featured[10894]:   File "/usr/local/lib/python3.11/dist-packages/sonic_py_common/device_info.py", line 680, in get_device_runtime_metadata
2025 Feb 11 02:46:38.437881 sonic INFO featured[10894]:     port_metadata = {'ETHERNET_PORTS_PRESENT': True if get_path_to_port_config_file(hwsku=None, asic="0" if is_multi_npu() else None) else False}
2025 Feb 11 02:46:38.437920 sonic INFO featured[10894]:                                                        ^^^^^^^^^^^^^^^^^^^^^^^^^^^^^^^^^^^^^^^^^^^^^^^^^^^^^^^^^^^^^^^^^^^^^^^^^^^^^^
2025 Feb 11 02:46:38.437938 sonic INFO featured[10894]:   File "/usr/local/lib/python3.11/dist-packages/sonic_py_common/device_info.py", line 446, in get_path_to_port_config_file
2025 Feb 11 02:46:38.438003 sonic INFO featured[10894]:     (platform_path, hwsku_path) = get_paths_to_platform_and_hwsku_dirs()
2025 Feb 11 02:46:38.438035 sonic INFO featured[10894]:                                   ^^^^^^^^^^^^^^^^^^^^^^^^^^^^^^^^^^^^^^
2025 Feb 11 02:46:38.438060 sonic INFO featured[10894]:   File "/usr/local/lib/python3.11/dist-packages/sonic_py_common/device_info.py", line 412, in get_paths_to_platform_and_hwsku_dirs
2025 Feb 11 02:46:38.438133 sonic INFO featured[10894]:     hwsku_path = os.path.join(platform_path, hwsku)
2025 Feb 11 02:46:38.438166 sonic INFO featured[10894]:                  ^^^^^^^^^^^^^^^^^^^^^^^^^^^^^^^^^^
2025 Feb 11 02:46:38.438192 sonic INFO featured[10894]:   File "<frozen posixpath>", line 90, in join
2025 Feb 11 02:46:38.438216 sonic INFO featured[10894]:   File "<frozen genericpath>", line 152, in _check_arg_types
2025 Feb 11 02:46:38.438245 sonic INFO featured[10894]: TypeError: join() argument must be str, bytes, or os.PathLike object, not 'NoneType'
2025 Feb 11 02:46:38.456138 sonic NOTICE systemd[1]: featured.service: Main process exited, code=exited, status=1/FAILURE
2025 Feb 11 02:46:38.456279 sonic WARNING systemd[1]: featured.service: Failed with result 'exit-code'.
2025 Feb 11 02:46:38.482926 sonic INFO systemd[1]: Started featured.service - Feature configuration daemon.
2025 Feb 11 02:46:38.615208 sonic INFO featured: ConfigDB connect success
2025 Feb 11 02:46:38.619060 sonic INFO featured[10897]: Traceback (most recent call last):
2025 Feb 11 02:46:38.619138 sonic INFO featured[10897]:   File "/usr/local/bin/featured", line 598, in <module>
2025 Feb 11 02:46:38.619236 sonic INFO featured[10897]:     main()
2025 Feb 11 02:46:38.619277 sonic INFO featured[10897]:   File "/usr/local/bin/featured", line 591, in main
2025 Feb 11 02:46:38.619392 sonic INFO featured[10897]:     daemon = FeatureDaemon()
2025 Feb 11 02:46:38.619426 sonic INFO featured[10897]:              ^^^^^^^^^^^^^^^
2025 Feb 11 02:46:38.619448 sonic INFO featured[10897]:   File "/usr/local/bin/featured", line 529, in __init__
2025 Feb 11 02:46:38.619519 sonic INFO featured[10897]:     self.feature_handler = FeatureHandler(self.config_db, feature_state_table, self.device_config, self.advanced_boot)
2025 Feb 11 02:46:38.619565 sonic INFO featured[10897]:                            ^^^^^^^^^^^^^^^^^^^^^^^^^^^^^^^^^^^^^^^^^^^^^^^^^^^^^^^^^^^^^^^^^^^^^^^^^^^^^^^^^^^^^^^^^^^
2025 Feb 11 02:46:38.619583 sonic INFO featured[10897]:   File "/usr/local/bin/featured", line 136, in __init__
2025 Feb 11 02:46:38.619615 sonic INFO featured[10897]:     self._device_running_config = device_info.get_device_runtime_metadata()
2025 Feb 11 02:46:38.619638 sonic INFO featured[10897]:                                   ^^^^^^^^^^^^^^^^^^^^^^^^^^^^^^^^^^^^^^^^^
2025 Feb 11 02:46:38.619655 sonic INFO featured[10897]:   File "/usr/local/lib/python3.11/dist-packages/sonic_py_common/device_info.py", line 680, in get_device_runtime_metadata
2025 Feb 11 02:46:38.619755 sonic INFO featured[10897]:     port_metadata = {'ETHERNET_PORTS_PRESENT': True if get_path_to_port_config_file(hwsku=None, asic="0" if is_multi_npu() else None) else False}
2025 Feb 11 02:46:38.619794 sonic INFO featured[10897]:                                                        ^^^^^^^^^^^^^^^^^^^^^^^^^^^^^^^^^^^^^^^^^^^^^^^^^^^^^^^^^^^^^^^^^^^^^^^^^^^^^^
2025 Feb 11 02:46:38.619811 sonic INFO featured[10897]:   File "/usr/local/lib/python3.11/dist-packages/sonic_py_common/device_info.py", line 446, in get_path_to_port_config_file
2025 Feb 11 02:46:38.619878 sonic INFO featured[10897]:     (platform_path, hwsku_path) = get_paths_to_platform_and_hwsku_dirs()
2025 Feb 11 02:46:38.619910 sonic INFO featured[10897]:                                   ^^^^^^^^^^^^^^^^^^^^^^^^^^^^^^^^^^^^^^
2025 Feb 11 02:46:38.619927 sonic INFO featured[10897]:   File "/usr/local/lib/python3.11/dist-packages/sonic_py_common/device_info.py", line 412, in get_paths_to_platform_and_hwsku_dirs
2025 Feb 11 02:46:38.619984 sonic INFO featured[10897]:     hwsku_path = os.path.join(platform_path, hwsku)
2025 Feb 11 02:46:38.620017 sonic INFO featured[10897]:                  ^^^^^^^^^^^^^^^^^^^^^^^^^^^^^^^^^^
2025 Feb 11 02:46:38.620034 sonic INFO featured[10897]:   File "<frozen posixpath>", line 90, in join
2025 Feb 11 02:46:38.620049 sonic INFO featured[10897]:   File "<frozen genericpath>", line 152, in _check_arg_types
2025 Feb 11 02:46:38.620071 sonic INFO featured[10897]: TypeError: join() argument must be str, bytes, or os.PathLike object, not 'NoneType'
2025 Feb 11 02:46:38.646882 sonic NOTICE systemd[1]: featured.service: Main process exited, code=exited, status=1/FAILURE
2025 Feb 11 02:46:38.647059 sonic WARNING systemd[1]: featured.service: Failed with result 'exit-code'.
2025 Feb 11 02:46:38.670530 sonic INFO systemd[1]: Started featured.service - Feature configuration daemon.
2025 Feb 11 02:46:38.809863 sonic INFO featured: ConfigDB connect success
2025 Feb 11 02:46:38.813954 sonic INFO featured[10898]: Traceback (most recent call last):
2025 Feb 11 02:46:38.814001 sonic INFO featured[10898]:   File "/usr/local/bin/featured", line 598, in <module>
2025 Feb 11 02:46:38.814221 sonic INFO featured[10898]:     main()
2025 Feb 11 02:46:38.814261 sonic INFO featured[10898]:   File "/usr/local/bin/featured", line 591, in main
2025 Feb 11 02:46:38.814385 sonic INFO featured[10898]:     daemon = FeatureDaemon()
2025 Feb 11 02:46:38.814425 sonic INFO featured[10898]:              ^^^^^^^^^^^^^^^
2025 Feb 11 02:46:38.814443 sonic INFO featured[10898]:   File "/usr/local/bin/featured", line 529, in __init__
2025 Feb 11 02:46:38.814527 sonic INFO featured[10898]:     self.feature_handler = FeatureHandler(self.config_db, feature_state_table, self.device_config, self.advanced_boot)
2025 Feb 11 02:46:38.814566 sonic INFO featured[10898]:                            ^^^^^^^^^^^^^^^^^^^^^^^^^^^^^^^^^^^^^^^^^^^^^^^^^^^^^^^^^^^^^^^^^^^^^^^^^^^^^^^^^^^^^^^^^^^
2025 Feb 11 02:46:38.814583 sonic INFO featured[10898]:   File "/usr/local/bin/featured", line 136, in __init__
2025 Feb 11 02:46:38.814622 sonic INFO featured[10898]:     self._device_running_config = device_info.get_device_runtime_metadata()
2025 Feb 11 02:46:38.814655 sonic INFO featured[10898]:                                   ^^^^^^^^^^^^^^^^^^^^^^^^^^^^^^^^^^^^^^^^^
2025 Feb 11 02:46:38.814672 sonic INFO featured[10898]:   File "/usr/local/lib/python3.11/dist-packages/sonic_py_common/device_info.py", line 680, in get_device_runtime_metadata
2025 Feb 11 02:46:38.814788 sonic INFO featured[10898]:     port_metadata = {'ETHERNET_PORTS_PRESENT': True if get_path_to_port_config_file(hwsku=None, asic="0" if is_multi_npu() else None) else False}
2025 Feb 11 02:46:38.814827 sonic INFO featured[10898]:                                                        ^^^^^^^^^^^^^^^^^^^^^^^^^^^^^^^^^^^^^^^^^^^^^^^^^^^^^^^^^^^^^^^^^^^^^^^^^^^^^^
2025 Feb 11 02:46:38.814844 sonic INFO featured[10898]:   File "/usr/local/lib/python3.11/dist-packages/sonic_py_common/device_info.py", line 446, in get_path_to_port_config_file
2025 Feb 11 02:46:38.814914 sonic INFO featured[10898]:     (platform_path, hwsku_path) = get_paths_to_platform_and_hwsku_dirs()
2025 Feb 11 02:46:38.814946 sonic INFO featured[10898]:                                   ^^^^^^^^^^^^^^^^^^^^^^^^^^^^^^^^^^^^^^
2025 Feb 11 02:46:38.814963 sonic INFO featured[10898]:   File "/usr/local/lib/python3.11/dist-packages/sonic_py_common/device_info.py", line 412, in get_paths_to_platform_and_hwsku_dirs
2025 Feb 11 02:46:38.815027 sonic INFO featured[10898]:     hwsku_path = os.path.join(platform_path, hwsku)
2025 Feb 11 02:46:38.815059 sonic INFO featured[10898]:                  ^^^^^^^^^^^^^^^^^^^^^^^^^^^^^^^^^^
2025 Feb 11 02:46:38.815076 sonic INFO featured[10898]:   File "<frozen posixpath>", line 90, in join
2025 Feb 11 02:46:38.815096 sonic INFO featured[10898]:   File "<frozen genericpath>", line 152, in _check_arg_types
2025 Feb 11 02:46:38.815147 sonic INFO featured[10898]: TypeError: join() argument must be str, bytes, or os.PathLike object, not 'NoneType'
2025 Feb 11 02:46:38.833957 sonic NOTICE systemd[1]: featured.service: Main process exited, code=exited, status=1/FAILURE
2025 Feb 11 02:46:38.834179 sonic WARNING systemd[1]: featured.service: Failed with result 'exit-code'.
2025 Feb 11 02:46:38.854704 sonic INFO systemd[1]: Started featured.service - Feature configuration daemon.
2025 Feb 11 02:46:38.985719 sonic INFO featured: ConfigDB connect success
2025 Feb 11 02:46:38.989596 sonic INFO featured[10899]: Traceback (most recent call last):
2025 Feb 11 02:46:38.989643 sonic INFO featured[10899]:   File "/usr/local/bin/featured", line 598, in <module>
2025 Feb 11 02:46:38.989773 sonic INFO featured[10899]:     main()
2025 Feb 11 02:46:38.989811 sonic INFO featured[10899]:   File "/usr/local/bin/featured", line 591, in main
2025 Feb 11 02:46:38.989928 sonic INFO featured[10899]:     daemon = FeatureDaemon()
2025 Feb 11 02:46:38.989968 sonic INFO featured[10899]:              ^^^^^^^^^^^^^^^
2025 Feb 11 02:46:38.989985 sonic INFO featured[10899]:   File "/usr/local/bin/featured", line 529, in __init__
2025 Feb 11 02:46:38.990046 sonic INFO featured[10899]:     self.feature_handler = FeatureHandler(self.config_db, feature_state_table, self.device_config, self.advanced_boot)
2025 Feb 11 02:46:38.990093 sonic INFO featured[10899]:                            ^^^^^^^^^^^^^^^^^^^^^^^^^^^^^^^^^^^^^^^^^^^^^^^^^^^^^^^^^^^^^^^^^^^^^^^^^^^^^^^^^^^^^^^^^^^
2025 Feb 11 02:46:38.990136 sonic INFO featured[10899]:   File "/usr/local/bin/featured", line 136, in __init__
2025 Feb 11 02:46:38.990183 sonic INFO featured[10899]:     self._device_running_config = device_info.get_device_runtime_metadata()
2025 Feb 11 02:46:38.990207 sonic INFO featured[10899]:                                   ^^^^^^^^^^^^^^^^^^^^^^^^^^^^^^^^^^^^^^^^^
2025 Feb 11 02:46:38.990223 sonic INFO featured[10899]:   File "/usr/local/lib/python3.11/dist-packages/sonic_py_common/device_info.py", line 680, in get_device_runtime_metadata
2025 Feb 11 02:46:38.990349 sonic INFO featured[10899]:     port_metadata = {'ETHERNET_PORTS_PRESENT': True if get_path_to_port_config_file(hwsku=None, asic="0" if is_multi_npu() else None) else False}
2025 Feb 11 02:46:38.990396 sonic INFO featured[10899]:                                                        ^^^^^^^^^^^^^^^^^^^^^^^^^^^^^^^^^^^^^^^^^^^^^^^^^^^^^^^^^^^^^^^^^^^^^^^^^^^^^^
2025 Feb 11 02:46:38.990413 sonic INFO featured[10899]:   File "/usr/local/lib/python3.11/dist-packages/sonic_py_common/device_info.py", line 446, in get_path_to_port_config_file
2025 Feb 11 02:46:38.990471 sonic INFO featured[10899]:     (platform_path, hwsku_path) = get_paths_to_platform_and_hwsku_dirs()
2025 Feb 11 02:46:38.990503 sonic INFO featured[10899]:                                   ^^^^^^^^^^^^^^^^^^^^^^^^^^^^^^^^^^^^^^
2025 Feb 11 02:46:38.990520 sonic INFO featured[10899]:   File "/usr/local/lib/python3.11/dist-packages/sonic_py_common/device_info.py", line 412, in get_paths_to_platform_and_hwsku_dirs
2025 Feb 11 02:46:38.990580 sonic INFO featured[10899]:     hwsku_path = os.path.join(platform_path, hwsku)
2025 Feb 11 02:46:38.990603 sonic INFO featured[10899]:                  ^^^^^^^^^^^^^^^^^^^^^^^^^^^^^^^^^^
2025 Feb 11 02:46:38.990630 sonic INFO featured[10899]:   File "<frozen posixpath>", line 90, in join
2025 Feb 11 02:46:38.990652 sonic INFO featured[10899]:   File "<frozen genericpath>", line 152, in _check_arg_types
2025 Feb 11 02:46:38.990669 sonic INFO featured[10899]: TypeError: join() argument must be str, bytes, or os.PathLike object, not 'NoneType'
2025 Feb 11 02:46:39.008709 sonic NOTICE systemd[1]: featured.service: Main process exited, code=exited, status=1/FAILURE
2025 Feb 11 02:46:39.008845 sonic WARNING systemd[1]: featured.service: Failed with result 'exit-code'.
2025 Feb 11 02:46:39.042512 sonic INFO systemd[1]: Started featured.service - Feature configuration daemon.
2025 Feb 11 02:46:39.183032 sonic INFO featured: ConfigDB connect success
2025 Feb 11 02:46:39.187062 sonic INFO featured[10900]: Traceback (most recent call last):
2025 Feb 11 02:46:39.187137 sonic INFO featured[10900]:   File "/usr/local/bin/featured", line 598, in <module>
2025 Feb 11 02:46:39.187271 sonic INFO featured[10900]:     main()
2025 Feb 11 02:46:39.187312 sonic INFO featured[10900]:   File "/usr/local/bin/featured", line 591, in main
2025 Feb 11 02:46:39.187426 sonic INFO featured[10900]:     daemon = FeatureDaemon()
2025 Feb 11 02:46:39.187465 sonic INFO featured[10900]:              ^^^^^^^^^^^^^^^
2025 Feb 11 02:46:39.187482 sonic INFO featured[10900]:   File "/usr/local/bin/featured", line 529, in __init__
2025 Feb 11 02:46:39.187542 sonic INFO featured[10900]:     self.feature_handler = FeatureHandler(self.config_db, feature_state_table, self.device_config, self.advanced_boot)
2025 Feb 11 02:46:39.187578 sonic INFO featured[10900]:                            ^^^^^^^^^^^^^^^^^^^^^^^^^^^^^^^^^^^^^^^^^^^^^^^^^^^^^^^^^^^^^^^^^^^^^^^^^^^^^^^^^^^^^^^^^^^
2025 Feb 11 02:46:39.187600 sonic INFO featured[10900]:   File "/usr/local/bin/featured", line 136, in __init__
2025 Feb 11 02:46:39.187647 sonic INFO featured[10900]:     self._device_running_config = device_info.get_device_runtime_metadata()
2025 Feb 11 02:46:39.187679 sonic INFO featured[10900]:                                   ^^^^^^^^^^^^^^^^^^^^^^^^^^^^^^^^^^^^^^^^^
2025 Feb 11 02:46:39.187708 sonic INFO featured[10900]:   File "/usr/local/lib/python3.11/dist-packages/sonic_py_common/device_info.py", line 680, in get_device_runtime_metadata
2025 Feb 11 02:46:39.187808 sonic INFO featured[10900]:     port_metadata = {'ETHERNET_PORTS_PRESENT': True if get_path_to_port_config_file(hwsku=None, asic="0" if is_multi_npu() else None) else False}
2025 Feb 11 02:46:39.187847 sonic INFO featured[10900]:                                                        ^^^^^^^^^^^^^^^^^^^^^^^^^^^^^^^^^^^^^^^^^^^^^^^^^^^^^^^^^^^^^^^^^^^^^^^^^^^^^^
2025 Feb 11 02:46:39.187864 sonic INFO featured[10900]:   File "/usr/local/lib/python3.11/dist-packages/sonic_py_common/device_info.py", line 446, in get_path_to_port_config_file
2025 Feb 11 02:46:39.187928 sonic INFO featured[10900]:     (platform_path, hwsku_path) = get_paths_to_platform_and_hwsku_dirs()
2025 Feb 11 02:46:39.187960 sonic INFO featured[10900]:                                   ^^^^^^^^^^^^^^^^^^^^^^^^^^^^^^^^^^^^^^
2025 Feb 11 02:46:39.187985 sonic INFO featured[10900]:   File "/usr/local/lib/python3.11/dist-packages/sonic_py_common/device_info.py", line 412, in get_paths_to_platform_and_hwsku_dirs
2025 Feb 11 02:46:39.188035 sonic INFO featured[10900]:     hwsku_path = os.path.join(platform_path, hwsku)
2025 Feb 11 02:46:39.188068 sonic INFO featured[10900]:                  ^^^^^^^^^^^^^^^^^^^^^^^^^^^^^^^^^^
2025 Feb 11 02:46:39.188093 sonic INFO featured[10900]:   File "<frozen posixpath>", line 90, in join
2025 Feb 11 02:46:39.188132 sonic INFO featured[10900]:   File "<frozen genericpath>", line 152, in _check_arg_types
2025 Feb 11 02:46:39.188157 sonic INFO featured[10900]: TypeError: join() argument must be str, bytes, or os.PathLike object, not 'NoneType'
2025 Feb 11 02:46:39.206406 sonic NOTICE systemd[1]: featured.service: Main process exited, code=exited, status=1/FAILURE
2025 Feb 11 02:46:39.206551 sonic WARNING systemd[1]: featured.service: Failed with result 'exit-code'.
2025 Feb 11 02:46:39.208282 sonic WARNING systemd[1]: featured.service: Start request repeated too quickly.
2025 Feb 11 02:46:39.208332 sonic WARNING systemd[1]: featured.service: Failed with result 'exit-code'.
2025 Feb 11 02:46:39.208370 sonic ERR systemd[1]: Failed to start featured.service - Feature configuration daemon.
2025 Feb 11 02:46:45.279842 sonic WARNING systemd[1]: featured.service: Start request repeated too quickly.
2025 Feb 11 02:46:45.280072 sonic WARNING systemd[1]: featured.service: Failed with result 'exit-code'.
2025 Feb 11 02:46:45.280127 sonic ERR systemd[1]: Failed to start featured.service - Feature configuration daemon.
2025 Feb 11 02:46:45.534127 sonic INFO systemd[1]: caclmgrd.service: Scheduled restart job, restart counter is at 39.
2025 Feb 11 02:46:45.534620 sonic INFO systemd[1]: Stopped caclmgrd.service - Control Plane ACL configuration daemon.
2025 Feb 11 02:46:45.580032 sonic INFO systemd[1]: Started caclmgrd.service - Control Plane ACL configuration daemon.
2025 Feb 11 02:46:45.580782 sonic WARNING systemd[1]: featured.service: Start request repeated too quickly.
2025 Feb 11 02:46:45.580875 sonic WARNING systemd[1]: featured.service: Failed with result 'exit-code'.
2025 Feb 11 02:46:45.580962 sonic ERR systemd[1]: Failed to start featured.service - Feature configuration daemon.
2025 Feb 11 02:46:45.583441 sonic WARNING systemd[1]: featured.service: Start request repeated too quickly.
2025 Feb 11 02:46:45.583517 sonic WARNING systemd[1]: featured.service: Failed with result 'exit-code'.
2025 Feb 11 02:46:45.583569 sonic ERR systemd[1]: Failed to start featured.service - Feature configuration daemon.
2025 Feb 11 02:46:45.694593 sonic INFO caclmgrd[10917]: Traceback (most recent call last):
2025 Feb 11 02:46:45.694671 sonic INFO caclmgrd[10917]:   File "/usr/local/bin/caclmgrd", line 1146, in <module>
2025 Feb 11 02:46:45.694704 sonic INFO caclmgrd[10917]:     main()
2025 Feb 11 02:46:45.694728 sonic INFO caclmgrd[10917]:   File "/usr/local/bin/caclmgrd", line 1137, in main
2025 Feb 11 02:46:45.694752 sonic INFO caclmgrd[10917]:     caclmgr = ControlPlaneAclManager(SYSLOG_IDENTIFIER)
2025 Feb 11 02:46:45.694798 sonic INFO caclmgrd[10917]:               ^^^^^^^^^^^^^^^^^^^^^^^^^^^^^^^^^^^^^^^^^
2025 Feb 11 02:46:45.694832 sonic INFO caclmgrd[10917]:   File "/usr/local/bin/caclmgrd", line 156, in __init__
2025 Feb 11 02:46:45.694872 sonic INFO caclmgrd[10917]:     if 'subtype' in metadata['localhost'] and metadata['localhost']['subtype'] == 'DualToR':
2025 Feb 11 02:46:45.694902 sonic INFO caclmgrd[10917]:                     ~~~~~~~~^^^^^^^^^^^^^
2025 Feb 11 02:46:45.694922 sonic INFO caclmgrd[10917]: KeyError: 'localhost'
2025 Feb 11 02:46:45.707332 sonic NOTICE systemd[1]: caclmgrd.service: Main process exited, code=exited, status=1/FAILURE
2025 Feb 11 02:46:45.707516 sonic WARNING systemd[1]: caclmgrd.service: Failed with result 'exit-code'.
2025 Feb 11 02:46:45.709211 sonic WARNING systemd[1]: featured.service: Start request repeated too quickly.
2025 Feb 11 02:46:45.709270 sonic WARNING systemd[1]: featured.service: Failed with result 'exit-code'.
2025 Feb 11 02:46:45.709449 sonic ERR systemd[1]: Failed to start featured.service - Feature configuration daemon.
2025 Feb 11 02:46:54.693390 sonic ERR monit[828]: 'container_checker' status failed (4) -- Unexpected running containers: bgp3, macsec2, database3, database1, database, database2, bgp1, bgp0, database0, bgp2, macsec1, macsec3, macsec0, eventd
2025 Feb 11 02:46:54.808010 sonic DEBUG mgmt_oper_status.py: No management interface found
2025 Feb 11 02:46:55.014738 sonic INFO systemd[1]: Started featured.service - Feature configuration daemon.
2025 Feb 11 02:46:55.072542 sonic INFO memory_checker: [memory_checker] Exits without checking memory usage since container 'gnmi' is not running!
2025 Feb 11 02:46:55.074255 sonic INFO memory_checker: [memory_checker] Exits without checking memory usage since container 'bmp' is not running!
2025 Feb 11 02:46:55.075353 sonic INFO memory_checker: [memory_checker] Exits without checking memory usage since container 'snmp' is not running!
2025 Feb 11 02:46:55.151820 sonic INFO featured: ConfigDB connect success
2025 Feb 11 02:46:55.155788 sonic INFO featured[10966]: Traceback (most recent call last):
2025 Feb 11 02:46:55.155847 sonic INFO featured[10966]:   File "/usr/local/bin/featured", line 598, in <module>
2025 Feb 11 02:46:55.155979 sonic INFO featured[10966]:     main()
2025 Feb 11 02:46:55.156018 sonic INFO featured[10966]:   File "/usr/local/bin/featured", line 591, in main
2025 Feb 11 02:46:55.156166 sonic INFO featured[10966]:     daemon = FeatureDaemon()
2025 Feb 11 02:46:55.156206 sonic INFO featured[10966]:              ^^^^^^^^^^^^^^^
2025 Feb 11 02:46:55.156222 sonic INFO featured[10966]:   File "/usr/local/bin/featured", line 529, in __init__
2025 Feb 11 02:46:55.156303 sonic INFO featured[10966]:     self.feature_handler = FeatureHandler(self.config_db, feature_state_table, self.device_config, self.advanced_boot)
2025 Feb 11 02:46:55.156340 sonic INFO featured[10966]:                            ^^^^^^^^^^^^^^^^^^^^^^^^^^^^^^^^^^^^^^^^^^^^^^^^^^^^^^^^^^^^^^^^^^^^^^^^^^^^^^^^^^^^^^^^^^^
2025 Feb 11 02:46:55.156357 sonic INFO featured[10966]:   File "/usr/local/bin/featured", line 136, in __init__
2025 Feb 11 02:46:55.156387 sonic INFO featured[10966]:     self._device_running_config = device_info.get_device_runtime_metadata()
2025 Feb 11 02:46:55.156418 sonic INFO featured[10966]:                                   ^^^^^^^^^^^^^^^^^^^^^^^^^^^^^^^^^^^^^^^^^
2025 Feb 11 02:46:55.156443 sonic INFO featured[10966]:   File "/usr/local/lib/python3.11/dist-packages/sonic_py_common/device_info.py", line 680, in get_device_runtime_metadata
2025 Feb 11 02:46:55.156556 sonic INFO featured[10966]:     port_metadata = {'ETHERNET_PORTS_PRESENT': True if get_path_to_port_config_file(hwsku=None, asic="0" if is_multi_npu() else None) else False}
2025 Feb 11 02:46:55.156601 sonic INFO featured[10966]:                                                        ^^^^^^^^^^^^^^^^^^^^^^^^^^^^^^^^^^^^^^^^^^^^^^^^^^^^^^^^^^^^^^^^^^^^^^^^^^^^^^
2025 Feb 11 02:46:55.156627 sonic INFO featured[10966]:   File "/usr/local/lib/python3.11/dist-packages/sonic_py_common/device_info.py", line 446, in get_path_to_port_config_file
2025 Feb 11 02:46:55.156681 sonic INFO featured[10966]:     (platform_path, hwsku_path) = get_paths_to_platform_and_hwsku_dirs()
2025 Feb 11 02:46:55.156714 sonic INFO featured[10966]:                                   ^^^^^^^^^^^^^^^^^^^^^^^^^^^^^^^^^^^^^^
2025 Feb 11 02:46:55.156739 sonic INFO featured[10966]:   File "/usr/local/lib/python3.11/dist-packages/sonic_py_common/device_info.py", line 412, in get_paths_to_platform_and_hwsku_dirs
2025 Feb 11 02:46:55.156790 sonic INFO featured[10966]:     hwsku_path = os.path.join(platform_path, hwsku)
2025 Feb 11 02:46:55.156824 sonic INFO featured[10966]:                  ^^^^^^^^^^^^^^^^^^^^^^^^^^^^^^^^^^
2025 Feb 11 02:46:55.156849 sonic INFO featured[10966]:   File "<frozen posixpath>", line 90, in join
2025 Feb 11 02:46:55.156873 sonic INFO featured[10966]:   File "<frozen genericpath>", line 152, in _check_arg_types
2025 Feb 11 02:46:55.156896 sonic INFO featured[10966]: TypeError: join() argument must be str, bytes, or os.PathLike object, not 'NoneType'
2025 Feb 11 02:46:55.175141 sonic NOTICE systemd[1]: featured.service: Main process exited, code=exited, status=1/FAILURE
2025 Feb 11 02:46:55.175263 sonic WARNING systemd[1]: featured.service: Failed with result 'exit-code'.
2025 Feb 11 02:46:55.226424 sonic INFO systemd[1]: Started featured.service - Feature configuration daemon.
2025 Feb 11 02:46:55.357226 sonic INFO featured: ConfigDB connect success
2025 Feb 11 02:46:55.361071 sonic INFO featured[10999]: Traceback (most recent call last):
2025 Feb 11 02:46:55.361157 sonic INFO featured[10999]:   File "/usr/local/bin/featured", line 598, in <module>
2025 Feb 11 02:46:55.361278 sonic INFO featured[10999]:     main()
2025 Feb 11 02:46:55.361338 sonic INFO featured[10999]:   File "/usr/local/bin/featured", line 591, in main
2025 Feb 11 02:46:55.361442 sonic INFO featured[10999]:     daemon = FeatureDaemon()
2025 Feb 11 02:46:55.361543 sonic INFO featured[10999]:              ^^^^^^^^^^^^^^^
2025 Feb 11 02:46:55.361606 sonic INFO featured[10999]:   File "/usr/local/bin/featured", line 529, in __init__
2025 Feb 11 02:46:55.361637 sonic INFO featured[10999]:     self.feature_handler = FeatureHandler(self.config_db, feature_state_table, self.device_config, self.advanced_boot)
2025 Feb 11 02:46:55.361692 sonic INFO featured[10999]:                            ^^^^^^^^^^^^^^^^^^^^^^^^^^^^^^^^^^^^^^^^^^^^^^^^^^^^^^^^^^^^^^^^^^^^^^^^^^^^^^^^^^^^^^^^^^^
2025 Feb 11 02:46:55.361733 sonic INFO featured[10999]:   File "/usr/local/bin/featured", line 136, in __init__
2025 Feb 11 02:46:55.361774 sonic INFO featured[10999]:     self._device_running_config = device_info.get_device_runtime_metadata()
2025 Feb 11 02:46:55.361825 sonic INFO featured[10999]:                                   ^^^^^^^^^^^^^^^^^^^^^^^^^^^^^^^^^^^^^^^^^
2025 Feb 11 02:46:55.361866 sonic INFO featured[10999]:   File "/usr/local/lib/python3.11/dist-packages/sonic_py_common/device_info.py", line 680, in get_device_runtime_metadata
2025 Feb 11 02:46:55.361909 sonic INFO featured[10999]:     port_metadata = {'ETHERNET_PORTS_PRESENT': True if get_path_to_port_config_file(hwsku=None, asic="0" if is_multi_npu() else None) else False}
2025 Feb 11 02:46:55.361963 sonic INFO featured[10999]:                                                        ^^^^^^^^^^^^^^^^^^^^^^^^^^^^^^^^^^^^^^^^^^^^^^^^^^^^^^^^^^^^^^^^^^^^^^^^^^^^^^
2025 Feb 11 02:46:55.362004 sonic INFO featured[10999]:   File "/usr/local/lib/python3.11/dist-packages/sonic_py_common/device_info.py", line 446, in get_path_to_port_config_file
2025 Feb 11 02:46:55.362043 sonic INFO featured[10999]:     (platform_path, hwsku_path) = get_paths_to_platform_and_hwsku_dirs()
2025 Feb 11 02:46:55.362084 sonic INFO featured[10999]:                                   ^^^^^^^^^^^^^^^^^^^^^^^^^^^^^^^^^^^^^^
2025 Feb 11 02:46:55.362145 sonic INFO featured[10999]:   File "/usr/local/lib/python3.11/dist-packages/sonic_py_common/device_info.py", line 412, in get_paths_to_platform_and_hwsku_dirs
2025 Feb 11 02:46:55.362186 sonic INFO featured[10999]:     hwsku_path = os.path.join(platform_path, hwsku)
2025 Feb 11 02:46:55.362227 sonic INFO featured[10999]:                  ^^^^^^^^^^^^^^^^^^^^^^^^^^^^^^^^^^
2025 Feb 11 02:46:55.362267 sonic INFO featured[10999]:   File "<frozen posixpath>", line 90, in join
2025 Feb 11 02:46:55.362308 sonic INFO featured[10999]:   File "<frozen genericpath>", line 152, in _check_arg_types
2025 Feb 11 02:46:55.362347 sonic INFO featured[10999]: TypeError: join() argument must be str, bytes, or os.PathLike object, not 'NoneType'
2025 Feb 11 02:46:55.379568 sonic NOTICE systemd[1]: featured.service: Main process exited, code=exited, status=1/FAILURE
2025 Feb 11 02:46:55.379739 sonic WARNING systemd[1]: featured.service: Failed with result 'exit-code'.
2025 Feb 11 02:46:55.409830 sonic NOTICE python3: :- publish: EVENT_PUBLISHED: {"sonic-host:device-test-event":{"batch-id":"7434a33a-e822-11ef-91ba-52540070c9c2","index":"0","reason":"monit periodic test","sender":"events_monit_test.py","timestamp":"2025-02-11T02:46:55.399680Z"}}
2025 Feb 11 02:46:55.409916 sonic NOTICE python3: :- publish: EVENT_PUBLISHED: {"sonic-host:device-test-event":{"batch-id":"7434a33a-e822-11ef-91ba-52540070c9c2","index":"1","reason":"monit periodic test","sender":"events_monit_test.py","timestamp":"2025-02-11T02:46:55.399858Z"}}
2025 Feb 11 02:46:55.409944 sonic NOTICE python3: :- publish: EVENT_PUBLISHED: {"sonic-host:device-test-event":{"batch-id":"7434a33a-e822-11ef-91ba-52540070c9c2","index":"2","reason":"monit periodic test","sender":"events_monit_test.py","timestamp":"2025-02-11T02:46:55.399971Z"}}
2025 Feb 11 02:46:55.409980 sonic NOTICE python3: :- publish: EVENT_PUBLISHED: {"sonic-host:device-test-event":{"batch-id":"7434a33a-e822-11ef-91ba-52540070c9c2","index":"3","reason":"monit periodic test","sender":"events_monit_test.py","timestamp":"2025-02-11T02:46:55.400067Z"}}
2025 Feb 11 02:46:55.410004 sonic NOTICE python3: :- publish: EVENT_PUBLISHED: {"sonic-host:device-test-event":{"batch-id":"7434a33a-e822-11ef-91ba-52540070c9c2","index":"4","reason":"monit periodic test","sender":"events_monit_test.py","timestamp":"2025-02-11T02:46:55.400174Z"}}
2025 Feb 11 02:46:55.410726 sonic INFO systemd[1]: Started featured.service - Feature configuration daemon.
2025 Feb 11 02:46:55.566932 sonic INFO featured: ConfigDB connect success
2025 Feb 11 02:46:55.571152 sonic INFO featured[11001]: Traceback (most recent call last):
2025 Feb 11 02:46:55.571242 sonic INFO featured[11001]:   File "/usr/local/bin/featured", line 598, in <module>
2025 Feb 11 02:46:55.571374 sonic INFO featured[11001]:     main()
2025 Feb 11 02:46:55.571439 sonic INFO featured[11001]:   File "/usr/local/bin/featured", line 591, in main
2025 Feb 11 02:46:55.571637 sonic INFO featured[11001]:     daemon = FeatureDaemon()
2025 Feb 11 02:46:55.571701 sonic INFO featured[11001]:              ^^^^^^^^^^^^^^^
2025 Feb 11 02:46:55.571756 sonic INFO featured[11001]:   File "/usr/local/bin/featured", line 529, in __init__
2025 Feb 11 02:46:55.571814 sonic INFO featured[11001]:     self.feature_handler = FeatureHandler(self.config_db, feature_state_table, self.device_config, self.advanced_boot)
2025 Feb 11 02:46:55.571897 sonic INFO featured[11001]:                            ^^^^^^^^^^^^^^^^^^^^^^^^^^^^^^^^^^^^^^^^^^^^^^^^^^^^^^^^^^^^^^^^^^^^^^^^^^^^^^^^^^^^^^^^^^^
2025 Feb 11 02:46:55.571944 sonic INFO featured[11001]:   File "/usr/local/bin/featured", line 136, in __init__
2025 Feb 11 02:46:55.571994 sonic INFO featured[11001]:     self._device_running_config = device_info.get_device_runtime_metadata()
2025 Feb 11 02:46:55.572045 sonic INFO featured[11001]:                                   ^^^^^^^^^^^^^^^^^^^^^^^^^^^^^^^^^^^^^^^^^
2025 Feb 11 02:46:55.572092 sonic INFO featured[11001]:   File "/usr/local/lib/python3.11/dist-packages/sonic_py_common/device_info.py", line 680, in get_device_runtime_metadata
2025 Feb 11 02:46:55.572288 sonic INFO featured[11001]:     port_metadata = {'ETHERNET_PORTS_PRESENT': True if get_path_to_port_config_file(hwsku=None, asic="0" if is_multi_npu() else None) else False}
2025 Feb 11 02:46:55.572356 sonic INFO featured[11001]:                                                        ^^^^^^^^^^^^^^^^^^^^^^^^^^^^^^^^^^^^^^^^^^^^^^^^^^^^^^^^^^^^^^^^^^^^^^^^^^^^^^
2025 Feb 11 02:46:55.572404 sonic INFO featured[11001]:   File "/usr/local/lib/python3.11/dist-packages/sonic_py_common/device_info.py", line 446, in get_path_to_port_config_file
2025 Feb 11 02:46:55.572494 sonic INFO featured[11001]:     (platform_path, hwsku_path) = get_paths_to_platform_and_hwsku_dirs()
2025 Feb 11 02:46:55.572546 sonic INFO featured[11001]:                                   ^^^^^^^^^^^^^^^^^^^^^^^^^^^^^^^^^^^^^^
2025 Feb 11 02:46:55.572601 sonic INFO featured[11001]:   File "/usr/local/lib/python3.11/dist-packages/sonic_py_common/device_info.py", line 412, in get_paths_to_platform_and_hwsku_dirs
2025 Feb 11 02:46:55.572680 sonic INFO featured[11001]:     hwsku_path = os.path.join(platform_path, hwsku)
2025 Feb 11 02:46:55.572735 sonic INFO featured[11001]:                  ^^^^^^^^^^^^^^^^^^^^^^^^^^^^^^^^^^
2025 Feb 11 02:46:55.572778 sonic INFO featured[11001]:   File "<frozen posixpath>", line 90, in join
2025 Feb 11 02:46:55.572819 sonic INFO featured[11001]:   File "<frozen genericpath>", line 152, in _check_arg_types
2025 Feb 11 02:46:55.572858 sonic INFO featured[11001]: TypeError: join() argument must be str, bytes, or os.PathLike object, not 'NoneType'
2025 Feb 11 02:46:55.591449 sonic NOTICE systemd[1]: featured.service: Main process exited, code=exited, status=1/FAILURE
2025 Feb 11 02:46:55.591554 sonic WARNING systemd[1]: featured.service: Failed with result 'exit-code'.
2025 Feb 11 02:46:55.628578 sonic INFO systemd[1]: Started featured.service - Feature configuration daemon.
2025 Feb 11 02:46:55.764636 sonic INFO featured: ConfigDB connect success
2025 Feb 11 02:46:55.768640 sonic INFO featured[11005]: Traceback (most recent call last):
2025 Feb 11 02:46:55.768686 sonic INFO featured[11005]:   File "/usr/local/bin/featured", line 598, in <module>
2025 Feb 11 02:46:55.768800 sonic INFO featured[11005]:     main()
2025 Feb 11 02:46:55.768839 sonic INFO featured[11005]:   File "/usr/local/bin/featured", line 591, in main
2025 Feb 11 02:46:55.768959 sonic INFO featured[11005]:     daemon = FeatureDaemon()
2025 Feb 11 02:46:55.768998 sonic INFO featured[11005]:              ^^^^^^^^^^^^^^^
2025 Feb 11 02:46:55.769015 sonic INFO featured[11005]:   File "/usr/local/bin/featured", line 529, in __init__
2025 Feb 11 02:46:55.769081 sonic INFO featured[11005]:     self.feature_handler = FeatureHandler(self.config_db, feature_state_table, self.device_config, self.advanced_boot)
2025 Feb 11 02:46:55.769153 sonic INFO featured[11005]:                            ^^^^^^^^^^^^^^^^^^^^^^^^^^^^^^^^^^^^^^^^^^^^^^^^^^^^^^^^^^^^^^^^^^^^^^^^^^^^^^^^^^^^^^^^^^^
2025 Feb 11 02:46:55.769180 sonic INFO featured[11005]:   File "/usr/local/bin/featured", line 136, in __init__
2025 Feb 11 02:46:55.769209 sonic INFO featured[11005]:     self._device_running_config = device_info.get_device_runtime_metadata()
2025 Feb 11 02:46:55.769240 sonic INFO featured[11005]:                                   ^^^^^^^^^^^^^^^^^^^^^^^^^^^^^^^^^^^^^^^^^
2025 Feb 11 02:46:55.769265 sonic INFO featured[11005]:   File "/usr/local/lib/python3.11/dist-packages/sonic_py_common/device_info.py", line 680, in get_device_runtime_metadata
2025 Feb 11 02:46:55.769372 sonic INFO featured[11005]:     port_metadata = {'ETHERNET_PORTS_PRESENT': True if get_path_to_port_config_file(hwsku=None, asic="0" if is_multi_npu() else None) else False}
2025 Feb 11 02:46:55.769411 sonic INFO featured[11005]:                                                        ^^^^^^^^^^^^^^^^^^^^^^^^^^^^^^^^^^^^^^^^^^^^^^^^^^^^^^^^^^^^^^^^^^^^^^^^^^^^^^
2025 Feb 11 02:46:55.769428 sonic INFO featured[11005]:   File "/usr/local/lib/python3.11/dist-packages/sonic_py_common/device_info.py", line 446, in get_path_to_port_config_file
2025 Feb 11 02:46:55.769590 sonic INFO featured[11005]:     (platform_path, hwsku_path) = get_paths_to_platform_and_hwsku_dirs()
2025 Feb 11 02:46:55.769629 sonic INFO featured[11005]:                                   ^^^^^^^^^^^^^^^^^^^^^^^^^^^^^^^^^^^^^^
2025 Feb 11 02:46:55.769645 sonic INFO featured[11005]:   File "/usr/local/lib/python3.11/dist-packages/sonic_py_common/device_info.py", line 412, in get_paths_to_platform_and_hwsku_dirs
2025 Feb 11 02:46:55.769715 sonic INFO featured[11005]:     hwsku_path = os.path.join(platform_path, hwsku)
2025 Feb 11 02:46:55.769748 sonic INFO featured[11005]:                  ^^^^^^^^^^^^^^^^^^^^^^^^^^^^^^^^^^
2025 Feb 11 02:46:55.769773 sonic INFO featured[11005]:   File "<frozen posixpath>", line 90, in join
2025 Feb 11 02:46:55.769796 sonic INFO featured[11005]:   File "<frozen genericpath>", line 152, in _check_arg_types
2025 Feb 11 02:46:55.769825 sonic INFO featured[11005]: TypeError: join() argument must be str, bytes, or os.PathLike object, not 'NoneType'
2025 Feb 11 02:46:55.787803 sonic NOTICE systemd[1]: featured.service: Main process exited, code=exited, status=1/FAILURE
2025 Feb 11 02:46:55.787998 sonic WARNING systemd[1]: featured.service: Failed with result 'exit-code'.
2025 Feb 11 02:46:55.839196 sonic INFO systemd[1]: Started featured.service - Feature configuration daemon.
2025 Feb 11 02:46:55.970669 sonic INFO featured: ConfigDB connect success
2025 Feb 11 02:46:55.974869 sonic INFO featured[11006]: Traceback (most recent call last):
2025 Feb 11 02:46:55.974923 sonic INFO featured[11006]:   File "/usr/local/bin/featured", line 598, in <module>
2025 Feb 11 02:46:55.975014 sonic INFO featured[11006]:     main()
2025 Feb 11 02:46:55.975053 sonic INFO featured[11006]:   File "/usr/local/bin/featured", line 591, in main
2025 Feb 11 02:46:55.975215 sonic INFO featured[11006]:     daemon = FeatureDaemon()
2025 Feb 11 02:46:55.975249 sonic INFO featured[11006]:              ^^^^^^^^^^^^^^^
2025 Feb 11 02:46:55.975272 sonic INFO featured[11006]:   File "/usr/local/bin/featured", line 529, in __init__
2025 Feb 11 02:46:55.975335 sonic INFO featured[11006]:     self.feature_handler = FeatureHandler(self.config_db, feature_state_table, self.device_config, self.advanced_boot)
2025 Feb 11 02:46:55.975375 sonic INFO featured[11006]:                            ^^^^^^^^^^^^^^^^^^^^^^^^^^^^^^^^^^^^^^^^^^^^^^^^^^^^^^^^^^^^^^^^^^^^^^^^^^^^^^^^^^^^^^^^^^^
2025 Feb 11 02:46:55.975392 sonic INFO featured[11006]:   File "/usr/local/bin/featured", line 136, in __init__
2025 Feb 11 02:46:55.975440 sonic INFO featured[11006]:     self._device_running_config = device_info.get_device_runtime_metadata()
2025 Feb 11 02:46:55.975472 sonic INFO featured[11006]:                                   ^^^^^^^^^^^^^^^^^^^^^^^^^^^^^^^^^^^^^^^^^
2025 Feb 11 02:46:55.975498 sonic INFO featured[11006]:   File "/usr/local/lib/python3.11/dist-packages/sonic_py_common/device_info.py", line 680, in get_device_runtime_metadata
2025 Feb 11 02:46:55.975603 sonic INFO featured[11006]:     port_metadata = {'ETHERNET_PORTS_PRESENT': True if get_path_to_port_config_file(hwsku=None, asic="0" if is_multi_npu() else None) else False}
2025 Feb 11 02:46:55.975641 sonic INFO featured[11006]:                                                        ^^^^^^^^^^^^^^^^^^^^^^^^^^^^^^^^^^^^^^^^^^^^^^^^^^^^^^^^^^^^^^^^^^^^^^^^^^^^^^
2025 Feb 11 02:46:55.975658 sonic INFO featured[11006]:   File "/usr/local/lib/python3.11/dist-packages/sonic_py_common/device_info.py", line 446, in get_path_to_port_config_file
2025 Feb 11 02:46:55.975722 sonic INFO featured[11006]:     (platform_path, hwsku_path) = get_paths_to_platform_and_hwsku_dirs()
2025 Feb 11 02:46:55.975754 sonic INFO featured[11006]:                                   ^^^^^^^^^^^^^^^^^^^^^^^^^^^^^^^^^^^^^^
2025 Feb 11 02:46:55.975779 sonic INFO featured[11006]:   File "/usr/local/lib/python3.11/dist-packages/sonic_py_common/device_info.py", line 412, in get_paths_to_platform_and_hwsku_dirs
2025 Feb 11 02:46:55.975837 sonic INFO featured[11006]:     hwsku_path = os.path.join(platform_path, hwsku)
2025 Feb 11 02:46:55.975863 sonic INFO featured[11006]:                  ^^^^^^^^^^^^^^^^^^^^^^^^^^^^^^^^^^
2025 Feb 11 02:46:55.975893 sonic INFO featured[11006]:   File "<frozen posixpath>", line 90, in join
2025 Feb 11 02:46:55.975918 sonic INFO featured[11006]:   File "<frozen genericpath>", line 152, in _check_arg_types
2025 Feb 11 02:46:55.975941 sonic INFO featured[11006]: TypeError: join() argument must be str, bytes, or os.PathLike object, not 'NoneType'
2025 Feb 11 02:46:55.994265 sonic NOTICE systemd[1]: featured.service: Main process exited, code=exited, status=1/FAILURE
2025 Feb 11 02:46:55.994376 sonic WARNING systemd[1]: featured.service: Failed with result 'exit-code'.
2025 Feb 11 02:46:55.995908 sonic WARNING systemd[1]: featured.service: Start request repeated too quickly.
2025 Feb 11 02:46:55.995984 sonic WARNING systemd[1]: featured.service: Failed with result 'exit-code'.
2025 Feb 11 02:46:55.996050 sonic ERR systemd[1]: Failed to start featured.service - Feature configuration daemon.
2025 Feb 11 02:46:58.279191 sonic WARNING systemd[1]: featured.service: Start request repeated too quickly.
2025 Feb 11 02:46:58.279442 sonic WARNING systemd[1]: featured.service: Failed with result 'exit-code'.
2025 Feb 11 02:46:58.279493 sonic ERR systemd[1]: Failed to start featured.service - Feature configuration daemon.
2025 Feb 11 02:47:08.323221 sonic INFO systemd[1]: Started featured.service - Feature configuration daemon.
2025 Feb 11 02:47:08.468396 sonic INFO featured: ConfigDB connect success
2025 Feb 11 02:47:08.472748 sonic INFO featured[11040]: Traceback (most recent call last):
2025 Feb 11 02:47:08.472832 sonic INFO featured[11040]:   File "/usr/local/bin/featured", line 598, in <module>
2025 Feb 11 02:47:08.473014 sonic INFO featured[11040]:     main()
2025 Feb 11 02:47:08.473063 sonic INFO featured[11040]:   File "/usr/local/bin/featured", line 591, in main
2025 Feb 11 02:47:08.473224 sonic INFO featured[11040]:     daemon = FeatureDaemon()
2025 Feb 11 02:47:08.473268 sonic INFO featured[11040]:              ^^^^^^^^^^^^^^^
2025 Feb 11 02:47:08.473291 sonic INFO featured[11040]:   File "/usr/local/bin/featured", line 529, in __init__
2025 Feb 11 02:47:08.473352 sonic INFO featured[11040]:     self.feature_handler = FeatureHandler(self.config_db, feature_state_table, self.device_config, self.advanced_boot)
2025 Feb 11 02:47:08.473397 sonic INFO featured[11040]:                            ^^^^^^^^^^^^^^^^^^^^^^^^^^^^^^^^^^^^^^^^^^^^^^^^^^^^^^^^^^^^^^^^^^^^^^^^^^^^^^^^^^^^^^^^^^^
2025 Feb 11 02:47:08.473414 sonic INFO featured[11040]:   File "/usr/local/bin/featured", line 136, in __init__
2025 Feb 11 02:47:08.473463 sonic INFO featured[11040]:     self._device_running_config = device_info.get_device_runtime_metadata()
2025 Feb 11 02:47:08.473608 sonic INFO featured[11040]:                                   ^^^^^^^^^^^^^^^^^^^^^^^^^^^^^^^^^^^^^^^^^
2025 Feb 11 02:47:08.473650 sonic INFO featured[11040]:   File "/usr/local/lib/python3.11/dist-packages/sonic_py_common/device_info.py", line 680, in get_device_runtime_metadata
2025 Feb 11 02:47:08.473772 sonic INFO featured[11040]:     port_metadata = {'ETHERNET_PORTS_PRESENT': True if get_path_to_port_config_file(hwsku=None, asic="0" if is_multi_npu() else None) else False}
2025 Feb 11 02:47:08.473821 sonic INFO featured[11040]:                                                        ^^^^^^^^^^^^^^^^^^^^^^^^^^^^^^^^^^^^^^^^^^^^^^^^^^^^^^^^^^^^^^^^^^^^^^^^^^^^^^
2025 Feb 11 02:47:08.473838 sonic INFO featured[11040]:   File "/usr/local/lib/python3.11/dist-packages/sonic_py_common/device_info.py", line 446, in get_path_to_port_config_file
2025 Feb 11 02:47:08.473907 sonic INFO featured[11040]:     (platform_path, hwsku_path) = get_paths_to_platform_and_hwsku_dirs()
2025 Feb 11 02:47:08.473948 sonic INFO featured[11040]:                                   ^^^^^^^^^^^^^^^^^^^^^^^^^^^^^^^^^^^^^^
2025 Feb 11 02:47:08.473980 sonic INFO featured[11040]:   File "/usr/local/lib/python3.11/dist-packages/sonic_py_common/device_info.py", line 412, in get_paths_to_platform_and_hwsku_dirs
2025 Feb 11 02:47:08.474024 sonic INFO featured[11040]:     hwsku_path = os.path.join(platform_path, hwsku)
2025 Feb 11 02:47:08.474059 sonic INFO featured[11040]:                  ^^^^^^^^^^^^^^^^^^^^^^^^^^^^^^^^^^
2025 Feb 11 02:47:08.474082 sonic INFO featured[11040]:   File "<frozen posixpath>", line 90, in join
2025 Feb 11 02:47:08.474143 sonic INFO featured[11040]:   File "<frozen genericpath>", line 152, in _check_arg_types
2025 Feb 11 02:47:08.474159 sonic INFO featured[11040]: TypeError: join() argument must be str, bytes, or os.PathLike object, not 'NoneType'
2025 Feb 11 02:47:08.493037 sonic NOTICE systemd[1]: featured.service: Main process exited, code=exited, status=1/FAILURE
2025 Feb 11 02:47:08.493205 sonic WARNING systemd[1]: featured.service: Failed with result 'exit-code'.
2025 Feb 11 02:47:08.530543 sonic INFO systemd[1]: Started featured.service - Feature configuration daemon.
2025 Feb 11 02:47:08.667757 sonic INFO featured: ConfigDB connect success
2025 Feb 11 02:47:08.672253 sonic INFO featured[11041]: Traceback (most recent call last):
2025 Feb 11 02:47:08.672345 sonic INFO featured[11041]:   File "/usr/local/bin/featured", line 598, in <module>
2025 Feb 11 02:47:08.672390 sonic INFO featured[11041]:     main()
2025 Feb 11 02:47:08.672459 sonic INFO featured[11041]:   File "/usr/local/bin/featured", line 591, in main
2025 Feb 11 02:47:08.672623 sonic INFO featured[11041]:     daemon = FeatureDaemon()
2025 Feb 11 02:47:08.672694 sonic INFO featured[11041]:              ^^^^^^^^^^^^^^^
2025 Feb 11 02:47:08.672724 sonic INFO featured[11041]:   File "/usr/local/bin/featured", line 529, in __init__
2025 Feb 11 02:47:08.672770 sonic INFO featured[11041]:     self.feature_handler = FeatureHandler(self.config_db, feature_state_table, self.device_config, self.advanced_boot)
2025 Feb 11 02:47:08.672840 sonic INFO featured[11041]:                            ^^^^^^^^^^^^^^^^^^^^^^^^^^^^^^^^^^^^^^^^^^^^^^^^^^^^^^^^^^^^^^^^^^^^^^^^^^^^^^^^^^^^^^^^^^^
2025 Feb 11 02:47:08.672870 sonic INFO featured[11041]:   File "/usr/local/bin/featured", line 136, in __init__
2025 Feb 11 02:47:08.672933 sonic INFO featured[11041]:     self._device_running_config = device_info.get_device_runtime_metadata()
2025 Feb 11 02:47:08.672996 sonic INFO featured[11041]:                                   ^^^^^^^^^^^^^^^^^^^^^^^^^^^^^^^^^^^^^^^^^
2025 Feb 11 02:47:08.673049 sonic INFO featured[11041]:   File "/usr/local/lib/python3.11/dist-packages/sonic_py_common/device_info.py", line 680, in get_device_runtime_metadata
2025 Feb 11 02:47:08.673240 sonic INFO featured[11041]:     port_metadata = {'ETHERNET_PORTS_PRESENT': True if get_path_to_port_config_file(hwsku=None, asic="0" if is_multi_npu() else None) else False}
2025 Feb 11 02:47:08.673315 sonic INFO featured[11041]:                                                        ^^^^^^^^^^^^^^^^^^^^^^^^^^^^^^^^^^^^^^^^^^^^^^^^^^^^^^^^^^^^^^^^^^^^^^^^^^^^^^
2025 Feb 11 02:47:08.673345 sonic INFO featured[11041]:   File "/usr/local/lib/python3.11/dist-packages/sonic_py_common/device_info.py", line 446, in get_path_to_port_config_file
2025 Feb 11 02:47:08.673410 sonic INFO featured[11041]:     (platform_path, hwsku_path) = get_paths_to_platform_and_hwsku_dirs()
2025 Feb 11 02:47:08.673471 sonic INFO featured[11041]:                                   ^^^^^^^^^^^^^^^^^^^^^^^^^^^^^^^^^^^^^^
2025 Feb 11 02:47:08.673597 sonic INFO featured[11041]:   File "/usr/local/lib/python3.11/dist-packages/sonic_py_common/device_info.py", line 412, in get_paths_to_platform_and_hwsku_dirs
2025 Feb 11 02:47:08.673713 sonic INFO featured[11041]:     hwsku_path = os.path.join(platform_path, hwsku)
2025 Feb 11 02:47:08.673779 sonic INFO featured[11041]:                  ^^^^^^^^^^^^^^^^^^^^^^^^^^^^^^^^^^
2025 Feb 11 02:47:08.673831 sonic INFO featured[11041]:   File "<frozen posixpath>", line 90, in join
2025 Feb 11 02:47:08.673860 sonic INFO featured[11041]:   File "<frozen genericpath>", line 152, in _check_arg_types
2025 Feb 11 02:47:08.673911 sonic INFO featured[11041]: TypeError: join() argument must be str, bytes, or os.PathLike object, not 'NoneType'
2025 Feb 11 02:47:08.706936 sonic NOTICE systemd[1]: featured.service: Main process exited, code=exited, status=1/FAILURE
2025 Feb 11 02:47:08.707050 sonic WARNING systemd[1]: featured.service: Failed with result 'exit-code'.
2025 Feb 11 02:47:08.742781 sonic INFO systemd[1]: Started featured.service - Feature configuration daemon.
2025 Feb 11 02:47:08.923997 sonic INFO featured: ConfigDB connect success
2025 Feb 11 02:47:08.927962 sonic INFO featured[11043]: Traceback (most recent call last):
2025 Feb 11 02:47:08.928028 sonic INFO featured[11043]:   File "/usr/local/bin/featured", line 598, in <module>
2025 Feb 11 02:47:08.928191 sonic INFO featured[11043]:     main()
2025 Feb 11 02:47:08.928238 sonic INFO featured[11043]:   File "/usr/local/bin/featured", line 591, in main
2025 Feb 11 02:47:08.928352 sonic INFO featured[11043]:     daemon = FeatureDaemon()
2025 Feb 11 02:47:08.928392 sonic INFO featured[11043]:              ^^^^^^^^^^^^^^^
2025 Feb 11 02:47:08.928408 sonic INFO featured[11043]:   File "/usr/local/bin/featured", line 529, in __init__
2025 Feb 11 02:47:08.928489 sonic INFO featured[11043]:     self.feature_handler = FeatureHandler(self.config_db, feature_state_table, self.device_config, self.advanced_boot)
2025 Feb 11 02:47:08.928528 sonic INFO featured[11043]:                            ^^^^^^^^^^^^^^^^^^^^^^^^^^^^^^^^^^^^^^^^^^^^^^^^^^^^^^^^^^^^^^^^^^^^^^^^^^^^^^^^^^^^^^^^^^^
2025 Feb 11 02:47:08.928545 sonic INFO featured[11043]:   File "/usr/local/bin/featured", line 136, in __init__
2025 Feb 11 02:47:08.928576 sonic INFO featured[11043]:     self._device_running_config = device_info.get_device_runtime_metadata()
2025 Feb 11 02:47:08.928608 sonic INFO featured[11043]:                                   ^^^^^^^^^^^^^^^^^^^^^^^^^^^^^^^^^^^^^^^^^
2025 Feb 11 02:47:08.928634 sonic INFO featured[11043]:   File "/usr/local/lib/python3.11/dist-packages/sonic_py_common/device_info.py", line 680, in get_device_runtime_metadata
2025 Feb 11 02:47:08.928714 sonic INFO featured[11043]:     port_metadata = {'ETHERNET_PORTS_PRESENT': True if get_path_to_port_config_file(hwsku=None, asic="0" if is_multi_npu() else None) else False}
2025 Feb 11 02:47:08.928766 sonic INFO featured[11043]:                                                        ^^^^^^^^^^^^^^^^^^^^^^^^^^^^^^^^^^^^^^^^^^^^^^^^^^^^^^^^^^^^^^^^^^^^^^^^^^^^^^
2025 Feb 11 02:47:08.928793 sonic INFO featured[11043]:   File "/usr/local/lib/python3.11/dist-packages/sonic_py_common/device_info.py", line 446, in get_path_to_port_config_file
2025 Feb 11 02:47:08.928857 sonic INFO featured[11043]:     (platform_path, hwsku_path) = get_paths_to_platform_and_hwsku_dirs()
2025 Feb 11 02:47:08.928888 sonic INFO featured[11043]:                                   ^^^^^^^^^^^^^^^^^^^^^^^^^^^^^^^^^^^^^^
2025 Feb 11 02:47:08.928917 sonic INFO featured[11043]:   File "/usr/local/lib/python3.11/dist-packages/sonic_py_common/device_info.py", line 412, in get_paths_to_platform_and_hwsku_dirs
2025 Feb 11 02:47:08.928961 sonic INFO featured[11043]:     hwsku_path = os.path.join(platform_path, hwsku)
2025 Feb 11 02:47:08.928994 sonic INFO featured[11043]:                  ^^^^^^^^^^^^^^^^^^^^^^^^^^^^^^^^^^
2025 Feb 11 02:47:08.929019 sonic INFO featured[11043]:   File "<frozen posixpath>", line 90, in join
2025 Feb 11 02:47:08.929043 sonic INFO featured[11043]:   File "<frozen genericpath>", line 152, in _check_arg_types
2025 Feb 11 02:47:08.929067 sonic INFO featured[11043]: TypeError: join() argument must be str, bytes, or os.PathLike object, not 'NoneType'
2025 Feb 11 02:47:08.948080 sonic NOTICE systemd[1]: featured.service: Main process exited, code=exited, status=1/FAILURE
2025 Feb 11 02:47:08.948276 sonic WARNING systemd[1]: featured.service: Failed with result 'exit-code'.
2025 Feb 11 02:47:08.988642 sonic INFO systemd[1]: Started featured.service - Feature configuration daemon.
2025 Feb 11 02:47:09.123798 sonic INFO featured: ConfigDB connect success
2025 Feb 11 02:47:09.127759 sonic INFO featured[11045]: Traceback (most recent call last):
2025 Feb 11 02:47:09.127807 sonic INFO featured[11045]:   File "/usr/local/bin/featured", line 598, in <module>
2025 Feb 11 02:47:09.127920 sonic INFO featured[11045]:     main()
2025 Feb 11 02:47:09.127959 sonic INFO featured[11045]:   File "/usr/local/bin/featured", line 591, in main
2025 Feb 11 02:47:09.128076 sonic INFO featured[11045]:     daemon = FeatureDaemon()
2025 Feb 11 02:47:09.128126 sonic INFO featured[11045]:              ^^^^^^^^^^^^^^^
2025 Feb 11 02:47:09.128152 sonic INFO featured[11045]:   File "/usr/local/bin/featured", line 529, in __init__
2025 Feb 11 02:47:09.128223 sonic INFO featured[11045]:     self.feature_handler = FeatureHandler(self.config_db, feature_state_table, self.device_config, self.advanced_boot)
2025 Feb 11 02:47:09.128259 sonic INFO featured[11045]:                            ^^^^^^^^^^^^^^^^^^^^^^^^^^^^^^^^^^^^^^^^^^^^^^^^^^^^^^^^^^^^^^^^^^^^^^^^^^^^^^^^^^^^^^^^^^^
2025 Feb 11 02:47:09.128281 sonic INFO featured[11045]:   File "/usr/local/bin/featured", line 136, in __init__
2025 Feb 11 02:47:09.128328 sonic INFO featured[11045]:     self._device_running_config = device_info.get_device_runtime_metadata()
2025 Feb 11 02:47:09.128360 sonic INFO featured[11045]:                                   ^^^^^^^^^^^^^^^^^^^^^^^^^^^^^^^^^^^^^^^^^
2025 Feb 11 02:47:09.128386 sonic INFO featured[11045]:   File "/usr/local/lib/python3.11/dist-packages/sonic_py_common/device_info.py", line 680, in get_device_runtime_metadata
2025 Feb 11 02:47:09.128493 sonic INFO featured[11045]:     port_metadata = {'ETHERNET_PORTS_PRESENT': True if get_path_to_port_config_file(hwsku=None, asic="0" if is_multi_npu() else None) else False}
2025 Feb 11 02:47:09.128531 sonic INFO featured[11045]:                                                        ^^^^^^^^^^^^^^^^^^^^^^^^^^^^^^^^^^^^^^^^^^^^^^^^^^^^^^^^^^^^^^^^^^^^^^^^^^^^^^
2025 Feb 11 02:47:09.128548 sonic INFO featured[11045]:   File "/usr/local/lib/python3.11/dist-packages/sonic_py_common/device_info.py", line 446, in get_path_to_port_config_file
2025 Feb 11 02:47:09.128647 sonic INFO featured[11045]:     (platform_path, hwsku_path) = get_paths_to_platform_and_hwsku_dirs()
2025 Feb 11 02:47:09.128673 sonic INFO featured[11045]:                                   ^^^^^^^^^^^^^^^^^^^^^^^^^^^^^^^^^^^^^^
2025 Feb 11 02:47:09.128689 sonic INFO featured[11045]:   File "/usr/local/lib/python3.11/dist-packages/sonic_py_common/device_info.py", line 412, in get_paths_to_platform_and_hwsku_dirs
2025 Feb 11 02:47:09.128719 sonic INFO featured[11045]:     hwsku_path = os.path.join(platform_path, hwsku)
2025 Feb 11 02:47:09.128751 sonic INFO featured[11045]:                  ^^^^^^^^^^^^^^^^^^^^^^^^^^^^^^^^^^
2025 Feb 11 02:47:09.128776 sonic INFO featured[11045]:   File "<frozen posixpath>", line 90, in join
2025 Feb 11 02:47:09.128800 sonic INFO featured[11045]:   File "<frozen genericpath>", line 152, in _check_arg_types
2025 Feb 11 02:47:09.128823 sonic INFO featured[11045]: TypeError: join() argument must be str, bytes, or os.PathLike object, not 'NoneType'
2025 Feb 11 02:47:09.147345 sonic NOTICE systemd[1]: featured.service: Main process exited, code=exited, status=1/FAILURE
2025 Feb 11 02:47:09.147523 sonic WARNING systemd[1]: featured.service: Failed with result 'exit-code'.
2025 Feb 11 02:47:09.182597 sonic INFO systemd[1]: Started featured.service - Feature configuration daemon.
2025 Feb 11 02:47:09.313156 sonic INFO featured: ConfigDB connect success
2025 Feb 11 02:47:09.317129 sonic INFO featured[11046]: Traceback (most recent call last):
2025 Feb 11 02:47:09.317181 sonic INFO featured[11046]:   File "/usr/local/bin/featured", line 598, in <module>
2025 Feb 11 02:47:09.317314 sonic INFO featured[11046]:     main()
2025 Feb 11 02:47:09.317353 sonic INFO featured[11046]:   File "/usr/local/bin/featured", line 591, in main
2025 Feb 11 02:47:09.317472 sonic INFO featured[11046]:     daemon = FeatureDaemon()
2025 Feb 11 02:47:09.317550 sonic INFO featured[11046]:              ^^^^^^^^^^^^^^^
2025 Feb 11 02:47:09.317567 sonic INFO featured[11046]:   File "/usr/local/bin/featured", line 529, in __init__
2025 Feb 11 02:47:09.317663 sonic INFO featured[11046]:     self.feature_handler = FeatureHandler(self.config_db, feature_state_table, self.device_config, self.advanced_boot)
2025 Feb 11 02:47:09.317703 sonic INFO featured[11046]:                            ^^^^^^^^^^^^^^^^^^^^^^^^^^^^^^^^^^^^^^^^^^^^^^^^^^^^^^^^^^^^^^^^^^^^^^^^^^^^^^^^^^^^^^^^^^^
2025 Feb 11 02:47:09.317720 sonic INFO featured[11046]:   File "/usr/local/bin/featured", line 136, in __init__
2025 Feb 11 02:47:09.317757 sonic INFO featured[11046]:     self._device_running_config = device_info.get_device_runtime_metadata()
2025 Feb 11 02:47:09.317791 sonic INFO featured[11046]:                                   ^^^^^^^^^^^^^^^^^^^^^^^^^^^^^^^^^^^^^^^^^
2025 Feb 11 02:47:09.317816 sonic INFO featured[11046]:   File "/usr/local/lib/python3.11/dist-packages/sonic_py_common/device_info.py", line 680, in get_device_runtime_metadata
2025 Feb 11 02:47:09.317920 sonic INFO featured[11046]:     port_metadata = {'ETHERNET_PORTS_PRESENT': True if get_path_to_port_config_file(hwsku=None, asic="0" if is_multi_npu() else None) else False}
2025 Feb 11 02:47:09.317958 sonic INFO featured[11046]:                                                        ^^^^^^^^^^^^^^^^^^^^^^^^^^^^^^^^^^^^^^^^^^^^^^^^^^^^^^^^^^^^^^^^^^^^^^^^^^^^^^
2025 Feb 11 02:47:09.317975 sonic INFO featured[11046]:   File "/usr/local/lib/python3.11/dist-packages/sonic_py_common/device_info.py", line 446, in get_path_to_port_config_file
2025 Feb 11 02:47:09.318037 sonic INFO featured[11046]:     (platform_path, hwsku_path) = get_paths_to_platform_and_hwsku_dirs()
2025 Feb 11 02:47:09.318071 sonic INFO featured[11046]:                                   ^^^^^^^^^^^^^^^^^^^^^^^^^^^^^^^^^^^^^^
2025 Feb 11 02:47:09.318116 sonic INFO featured[11046]:   File "/usr/local/lib/python3.11/dist-packages/sonic_py_common/device_info.py", line 412, in get_paths_to_platform_and_hwsku_dirs
2025 Feb 11 02:47:09.318166 sonic INFO featured[11046]:     hwsku_path = os.path.join(platform_path, hwsku)
2025 Feb 11 02:47:09.318200 sonic INFO featured[11046]:                  ^^^^^^^^^^^^^^^^^^^^^^^^^^^^^^^^^^
2025 Feb 11 02:47:09.318225 sonic INFO featured[11046]:   File "<frozen posixpath>", line 90, in join
2025 Feb 11 02:47:09.318248 sonic INFO featured[11046]:   File "<frozen genericpath>", line 152, in _check_arg_types
2025 Feb 11 02:47:09.318272 sonic INFO featured[11046]: TypeError: join() argument must be str, bytes, or os.PathLike object, not 'NoneType'
2025 Feb 11 02:47:09.336984 sonic NOTICE systemd[1]: featured.service: Main process exited, code=exited, status=1/FAILURE
2025 Feb 11 02:47:09.337059 sonic WARNING systemd[1]: featured.service: Failed with result 'exit-code'.
2025 Feb 11 02:47:09.338677 sonic WARNING systemd[1]: featured.service: Start request repeated too quickly.
2025 Feb 11 02:47:09.338735 sonic WARNING systemd[1]: featured.service: Failed with result 'exit-code'.
2025 Feb 11 02:47:09.338820 sonic ERR systemd[1]: Failed to start featured.service - Feature configuration daemon.
2025 Feb 11 02:47:12.899572 sonic WARNING systemd[1]: featured.service: Start request repeated too quickly.
2025 Feb 11 02:47:12.899712 sonic WARNING systemd[1]: featured.service: Failed with result 'exit-code'.
2025 Feb 11 02:47:12.900744 sonic ERR systemd[1]: Failed to start featured.service - Feature configuration daemon.
2025 Feb 11 02:47:15.280245 sonic WARNING systemd[1]: featured.service: Start request repeated too quickly.
2025 Feb 11 02:47:15.280825 sonic WARNING systemd[1]: featured.service: Failed with result 'exit-code'.
2025 Feb 11 02:47:15.280904 sonic ERR systemd[1]: Failed to start featured.service - Feature configuration daemon.
2025 Feb 11 02:47:15.778348 sonic INFO systemd[1]: caclmgrd.service: Scheduled restart job, restart counter is at 40.
2025 Feb 11 02:47:15.778607 sonic INFO systemd[1]: Stopped caclmgrd.service - Control Plane ACL configuration daemon.
2025 Feb 11 02:47:15.798217 sonic INFO systemd[1]: Started caclmgrd.service - Control Plane ACL configuration daemon.
2025 Feb 11 02:47:15.798500 sonic WARNING systemd[1]: featured.service: Start request repeated too quickly.
2025 Feb 11 02:47:15.798578 sonic WARNING systemd[1]: featured.service: Failed with result 'exit-code'.
2025 Feb 11 02:47:15.798634 sonic ERR systemd[1]: Failed to start featured.service - Feature configuration daemon.
2025 Feb 11 02:47:15.800062 sonic WARNING systemd[1]: featured.service: Start request repeated too quickly.
2025 Feb 11 02:47:15.800175 sonic WARNING systemd[1]: featured.service: Failed with result 'exit-code'.
2025 Feb 11 02:47:15.800253 sonic ERR systemd[1]: Failed to start featured.service - Feature configuration daemon.
2025 Feb 11 02:47:15.801129 sonic WARNING systemd[1]: featured.service: Start request repeated too quickly.
2025 Feb 11 02:47:15.801209 sonic WARNING systemd[1]: featured.service: Failed with result 'exit-code'.
2025 Feb 11 02:47:15.801270 sonic ERR systemd[1]: Failed to start featured.service - Feature configuration daemon.
2025 Feb 11 02:47:15.906950 sonic INFO caclmgrd[11059]: Traceback (most recent call last):
2025 Feb 11 02:47:15.907106 sonic INFO caclmgrd[11059]:   File "/usr/local/bin/caclmgrd", line 1146, in <module>
2025 Feb 11 02:47:15.907183 sonic INFO caclmgrd[11059]:     main()
2025 Feb 11 02:47:15.907233 sonic INFO caclmgrd[11059]:   File "/usr/local/bin/caclmgrd", line 1137, in main
2025 Feb 11 02:47:15.907264 sonic INFO caclmgrd[11059]:     caclmgr = ControlPlaneAclManager(SYSLOG_IDENTIFIER)
2025 Feb 11 02:47:15.907308 sonic INFO caclmgrd[11059]:               ^^^^^^^^^^^^^^^^^^^^^^^^^^^^^^^^^^^^^^^^^
2025 Feb 11 02:47:15.907350 sonic INFO caclmgrd[11059]:   File "/usr/local/bin/caclmgrd", line 156, in __init__
2025 Feb 11 02:47:15.907393 sonic INFO caclmgrd[11059]:     if 'subtype' in metadata['localhost'] and metadata['localhost']['subtype'] == 'DualToR':
2025 Feb 11 02:47:15.907434 sonic INFO caclmgrd[11059]:                     ~~~~~~~~^^^^^^^^^^^^^
2025 Feb 11 02:47:15.907476 sonic INFO caclmgrd[11059]: KeyError: 'localhost'
2025 Feb 11 02:47:15.918584 sonic NOTICE systemd[1]: caclmgrd.service: Main process exited, code=exited, status=1/FAILURE
2025 Feb 11 02:47:15.918693 sonic WARNING systemd[1]: caclmgrd.service: Failed with result 'exit-code'.
2025 Feb 11 02:47:15.920188 sonic WARNING systemd[1]: featured.service: Start request repeated too quickly.
2025 Feb 11 02:47:15.920257 sonic WARNING systemd[1]: featured.service: Failed with result 'exit-code'.
2025 Feb 11 02:47:15.920318 sonic ERR systemd[1]: Failed to start featured.service - Feature configuration daemon.
2025 Feb 11 02:47:38.302609 sonic INFO systemd[1]: Started featured.service - Feature configuration daemon.
2025 Feb 11 02:47:38.435996 sonic INFO featured: ConfigDB connect success
2025 Feb 11 02:47:38.440959 sonic INFO featured[11138]: Traceback (most recent call last):
2025 Feb 11 02:47:38.441013 sonic INFO featured[11138]:   File "/usr/local/bin/featured", line 598, in <module>
2025 Feb 11 02:47:38.441136 sonic INFO featured[11138]:     main()
2025 Feb 11 02:47:38.441174 sonic INFO featured[11138]:   File "/usr/local/bin/featured", line 591, in main
2025 Feb 11 02:47:38.441295 sonic INFO featured[11138]:     daemon = FeatureDaemon()
2025 Feb 11 02:47:38.441342 sonic INFO featured[11138]:              ^^^^^^^^^^^^^^^
2025 Feb 11 02:47:38.441359 sonic INFO featured[11138]:   File "/usr/local/bin/featured", line 529, in __init__
2025 Feb 11 02:47:38.441417 sonic INFO featured[11138]:     self.feature_handler = FeatureHandler(self.config_db, feature_state_table, self.device_config, self.advanced_boot)
2025 Feb 11 02:47:38.441452 sonic INFO featured[11138]:                            ^^^^^^^^^^^^^^^^^^^^^^^^^^^^^^^^^^^^^^^^^^^^^^^^^^^^^^^^^^^^^^^^^^^^^^^^^^^^^^^^^^^^^^^^^^^
2025 Feb 11 02:47:38.441511 sonic INFO featured[11138]:   File "/usr/local/bin/featured", line 136, in __init__
2025 Feb 11 02:47:38.441612 sonic INFO featured[11138]:     self._device_running_config = device_info.get_device_runtime_metadata()
2025 Feb 11 02:47:38.441650 sonic INFO featured[11138]:                                   ^^^^^^^^^^^^^^^^^^^^^^^^^^^^^^^^^^^^^^^^^
2025 Feb 11 02:47:38.441666 sonic INFO featured[11138]:   File "/usr/local/lib/python3.11/dist-packages/sonic_py_common/device_info.py", line 680, in get_device_runtime_metadata
2025 Feb 11 02:47:38.441780 sonic INFO featured[11138]:     port_metadata = {'ETHERNET_PORTS_PRESENT': True if get_path_to_port_config_file(hwsku=None, asic="0" if is_multi_npu() else None) else False}
2025 Feb 11 02:47:38.441818 sonic INFO featured[11138]:                                                        ^^^^^^^^^^^^^^^^^^^^^^^^^^^^^^^^^^^^^^^^^^^^^^^^^^^^^^^^^^^^^^^^^^^^^^^^^^^^^^
2025 Feb 11 02:47:38.441835 sonic INFO featured[11138]:   File "/usr/local/lib/python3.11/dist-packages/sonic_py_common/device_info.py", line 446, in get_path_to_port_config_file
2025 Feb 11 02:47:38.441905 sonic INFO featured[11138]:     (platform_path, hwsku_path) = get_paths_to_platform_and_hwsku_dirs()
2025 Feb 11 02:47:38.441936 sonic INFO featured[11138]:                                   ^^^^^^^^^^^^^^^^^^^^^^^^^^^^^^^^^^^^^^
2025 Feb 11 02:47:38.441962 sonic INFO featured[11138]:   File "/usr/local/lib/python3.11/dist-packages/sonic_py_common/device_info.py", line 412, in get_paths_to_platform_and_hwsku_dirs
2025 Feb 11 02:47:38.442011 sonic INFO featured[11138]:     hwsku_path = os.path.join(platform_path, hwsku)
2025 Feb 11 02:47:38.442044 sonic INFO featured[11138]:                  ^^^^^^^^^^^^^^^^^^^^^^^^^^^^^^^^^^
2025 Feb 11 02:47:38.442086 sonic INFO featured[11138]:   File "<frozen posixpath>", line 90, in join
2025 Feb 11 02:47:38.442110 sonic INFO featured[11138]:   File "<frozen genericpath>", line 152, in _check_arg_types
2025 Feb 11 02:47:38.442134 sonic INFO featured[11138]: TypeError: join() argument must be str, bytes, or os.PathLike object, not 'NoneType'
2025 Feb 11 02:47:38.460984 sonic NOTICE systemd[1]: featured.service: Main process exited, code=exited, status=1/FAILURE
2025 Feb 11 02:47:38.461164 sonic WARNING systemd[1]: featured.service: Failed with result 'exit-code'.
2025 Feb 11 02:47:38.494719 sonic INFO systemd[1]: Started featured.service - Feature configuration daemon.
2025 Feb 11 02:47:38.625785 sonic INFO featured: ConfigDB connect success
2025 Feb 11 02:47:38.630274 sonic INFO featured[11139]: Traceback (most recent call last):
2025 Feb 11 02:47:38.630343 sonic INFO featured[11139]:   File "/usr/local/bin/featured", line 598, in <module>
2025 Feb 11 02:47:38.630400 sonic INFO featured[11139]:     main()
2025 Feb 11 02:47:38.630459 sonic INFO featured[11139]:   File "/usr/local/bin/featured", line 591, in main
2025 Feb 11 02:47:38.630586 sonic INFO featured[11139]:     daemon = FeatureDaemon()
2025 Feb 11 02:47:38.630623 sonic INFO featured[11139]:              ^^^^^^^^^^^^^^^
2025 Feb 11 02:47:38.630648 sonic INFO featured[11139]:   File "/usr/local/bin/featured", line 529, in __init__
2025 Feb 11 02:47:38.630699 sonic INFO featured[11139]:     self.feature_handler = FeatureHandler(self.config_db, feature_state_table, self.device_config, self.advanced_boot)
2025 Feb 11 02:47:38.630752 sonic INFO featured[11139]:                            ^^^^^^^^^^^^^^^^^^^^^^^^^^^^^^^^^^^^^^^^^^^^^^^^^^^^^^^^^^^^^^^^^^^^^^^^^^^^^^^^^^^^^^^^^^^
2025 Feb 11 02:47:38.630797 sonic INFO featured[11139]:   File "/usr/local/bin/featured", line 136, in __init__
2025 Feb 11 02:47:38.630851 sonic INFO featured[11139]:     self._device_running_config = device_info.get_device_runtime_metadata()
2025 Feb 11 02:47:38.630901 sonic INFO featured[11139]:                                   ^^^^^^^^^^^^^^^^^^^^^^^^^^^^^^^^^^^^^^^^^
2025 Feb 11 02:47:38.630942 sonic INFO featured[11139]:   File "/usr/local/lib/python3.11/dist-packages/sonic_py_common/device_info.py", line 680, in get_device_runtime_metadata
2025 Feb 11 02:47:38.630996 sonic INFO featured[11139]:     port_metadata = {'ETHERNET_PORTS_PRESENT': True if get_path_to_port_config_file(hwsku=None, asic="0" if is_multi_npu() else None) else False}
2025 Feb 11 02:47:38.631038 sonic INFO featured[11139]:                                                        ^^^^^^^^^^^^^^^^^^^^^^^^^^^^^^^^^^^^^^^^^^^^^^^^^^^^^^^^^^^^^^^^^^^^^^^^^^^^^^
2025 Feb 11 02:47:38.631111 sonic INFO featured[11139]:   File "/usr/local/lib/python3.11/dist-packages/sonic_py_common/device_info.py", line 446, in get_path_to_port_config_file
2025 Feb 11 02:47:38.631170 sonic INFO featured[11139]:     (platform_path, hwsku_path) = get_paths_to_platform_and_hwsku_dirs()
2025 Feb 11 02:47:38.631211 sonic INFO featured[11139]:                                   ^^^^^^^^^^^^^^^^^^^^^^^^^^^^^^^^^^^^^^
2025 Feb 11 02:47:38.631252 sonic INFO featured[11139]:   File "/usr/local/lib/python3.11/dist-packages/sonic_py_common/device_info.py", line 412, in get_paths_to_platform_and_hwsku_dirs
2025 Feb 11 02:47:38.631293 sonic INFO featured[11139]:     hwsku_path = os.path.join(platform_path, hwsku)
2025 Feb 11 02:47:38.631334 sonic INFO featured[11139]:                  ^^^^^^^^^^^^^^^^^^^^^^^^^^^^^^^^^^
2025 Feb 11 02:47:38.631375 sonic INFO featured[11139]:   File "<frozen posixpath>", line 90, in join
2025 Feb 11 02:47:38.631416 sonic INFO featured[11139]:   File "<frozen genericpath>", line 152, in _check_arg_types
2025 Feb 11 02:47:38.631457 sonic INFO featured[11139]: TypeError: join() argument must be str, bytes, or os.PathLike object, not 'NoneType'
2025 Feb 11 02:47:38.649193 sonic NOTICE systemd[1]: featured.service: Main process exited, code=exited, status=1/FAILURE
2025 Feb 11 02:47:38.649340 sonic WARNING systemd[1]: featured.service: Failed with result 'exit-code'.
2025 Feb 11 02:47:38.691807 sonic INFO systemd[1]: Started featured.service - Feature configuration daemon.
2025 Feb 11 02:47:38.828937 sonic INFO featured: ConfigDB connect success
2025 Feb 11 02:47:38.832929 sonic INFO featured[11140]: Traceback (most recent call last):
2025 Feb 11 02:47:38.832995 sonic INFO featured[11140]:   File "/usr/local/bin/featured", line 598, in <module>
2025 Feb 11 02:47:38.833083 sonic INFO featured[11140]:     main()
2025 Feb 11 02:47:38.833123 sonic INFO featured[11140]:   File "/usr/local/bin/featured", line 591, in main
2025 Feb 11 02:47:38.833257 sonic INFO featured[11140]:     daemon = FeatureDaemon()
2025 Feb 11 02:47:38.833305 sonic INFO featured[11140]:              ^^^^^^^^^^^^^^^
2025 Feb 11 02:47:38.833333 sonic INFO featured[11140]:   File "/usr/local/bin/featured", line 529, in __init__
2025 Feb 11 02:47:38.833364 sonic INFO featured[11140]:     self.feature_handler = FeatureHandler(self.config_db, feature_state_table, self.device_config, self.advanced_boot)
2025 Feb 11 02:47:38.833413 sonic INFO featured[11140]:                            ^^^^^^^^^^^^^^^^^^^^^^^^^^^^^^^^^^^^^^^^^^^^^^^^^^^^^^^^^^^^^^^^^^^^^^^^^^^^^^^^^^^^^^^^^^^
2025 Feb 11 02:47:38.833443 sonic INFO featured[11140]:   File "/usr/local/bin/featured", line 136, in __init__
2025 Feb 11 02:47:38.833537 sonic INFO featured[11140]:     self._device_running_config = device_info.get_device_runtime_metadata()
2025 Feb 11 02:47:38.833582 sonic INFO featured[11140]:                                   ^^^^^^^^^^^^^^^^^^^^^^^^^^^^^^^^^^^^^^^^^
2025 Feb 11 02:47:38.833610 sonic INFO featured[11140]:   File "/usr/local/lib/python3.11/dist-packages/sonic_py_common/device_info.py", line 680, in get_device_runtime_metadata
2025 Feb 11 02:47:38.833733 sonic INFO featured[11140]:     port_metadata = {'ETHERNET_PORTS_PRESENT': True if get_path_to_port_config_file(hwsku=None, asic="0" if is_multi_npu() else None) else False}
2025 Feb 11 02:47:38.833772 sonic INFO featured[11140]:                                                        ^^^^^^^^^^^^^^^^^^^^^^^^^^^^^^^^^^^^^^^^^^^^^^^^^^^^^^^^^^^^^^^^^^^^^^^^^^^^^^
2025 Feb 11 02:47:38.833791 sonic INFO featured[11140]:   File "/usr/local/lib/python3.11/dist-packages/sonic_py_common/device_info.py", line 446, in get_path_to_port_config_file
2025 Feb 11 02:47:38.833854 sonic INFO featured[11140]:     (platform_path, hwsku_path) = get_paths_to_platform_and_hwsku_dirs()
2025 Feb 11 02:47:38.833886 sonic INFO featured[11140]:                                   ^^^^^^^^^^^^^^^^^^^^^^^^^^^^^^^^^^^^^^
2025 Feb 11 02:47:38.833912 sonic INFO featured[11140]:   File "/usr/local/lib/python3.11/dist-packages/sonic_py_common/device_info.py", line 412, in get_paths_to_platform_and_hwsku_dirs
2025 Feb 11 02:47:38.833961 sonic INFO featured[11140]:     hwsku_path = os.path.join(platform_path, hwsku)
2025 Feb 11 02:47:38.833994 sonic INFO featured[11140]:                  ^^^^^^^^^^^^^^^^^^^^^^^^^^^^^^^^^^
2025 Feb 11 02:47:38.834019 sonic INFO featured[11140]:   File "<frozen posixpath>", line 90, in join
2025 Feb 11 02:47:38.834043 sonic INFO featured[11140]:   File "<frozen genericpath>", line 152, in _check_arg_types
2025 Feb 11 02:47:38.834089 sonic INFO featured[11140]: TypeError: join() argument must be str, bytes, or os.PathLike object, not 'NoneType'
2025 Feb 11 02:47:38.852306 sonic NOTICE systemd[1]: featured.service: Main process exited, code=exited, status=1/FAILURE
2025 Feb 11 02:47:38.852458 sonic WARNING systemd[1]: featured.service: Failed with result 'exit-code'.
2025 Feb 11 02:47:38.890751 sonic INFO systemd[1]: Started featured.service - Feature configuration daemon.
2025 Feb 11 02:47:39.023642 sonic INFO featured: ConfigDB connect success
2025 Feb 11 02:47:39.027795 sonic INFO featured[11142]: Traceback (most recent call last):
2025 Feb 11 02:47:39.027870 sonic INFO featured[11142]:   File "/usr/local/bin/featured", line 598, in <module>
2025 Feb 11 02:47:39.027930 sonic INFO featured[11142]:     main()
2025 Feb 11 02:47:39.027988 sonic INFO featured[11142]:   File "/usr/local/bin/featured", line 591, in main
2025 Feb 11 02:47:39.028090 sonic INFO featured[11142]:     daemon = FeatureDaemon()
2025 Feb 11 02:47:39.028135 sonic INFO featured[11142]:              ^^^^^^^^^^^^^^^
2025 Feb 11 02:47:39.028177 sonic INFO featured[11142]:   File "/usr/local/bin/featured", line 529, in __init__
2025 Feb 11 02:47:39.028230 sonic INFO featured[11142]:     self.feature_handler = FeatureHandler(self.config_db, feature_state_table, self.device_config, self.advanced_boot)
2025 Feb 11 02:47:39.028283 sonic INFO featured[11142]:                            ^^^^^^^^^^^^^^^^^^^^^^^^^^^^^^^^^^^^^^^^^^^^^^^^^^^^^^^^^^^^^^^^^^^^^^^^^^^^^^^^^^^^^^^^^^^
2025 Feb 11 02:47:39.028325 sonic INFO featured[11142]:   File "/usr/local/bin/featured", line 136, in __init__
2025 Feb 11 02:47:39.028377 sonic INFO featured[11142]:     self._device_running_config = device_info.get_device_runtime_metadata()
2025 Feb 11 02:47:39.028418 sonic INFO featured[11142]:                                   ^^^^^^^^^^^^^^^^^^^^^^^^^^^^^^^^^^^^^^^^^
2025 Feb 11 02:47:39.028460 sonic INFO featured[11142]:   File "/usr/local/lib/python3.11/dist-packages/sonic_py_common/device_info.py", line 680, in get_device_runtime_metadata
2025 Feb 11 02:47:39.028515 sonic INFO featured[11142]:     port_metadata = {'ETHERNET_PORTS_PRESENT': True if get_path_to_port_config_file(hwsku=None, asic="0" if is_multi_npu() else None) else False}
2025 Feb 11 02:47:39.028557 sonic INFO featured[11142]:                                                        ^^^^^^^^^^^^^^^^^^^^^^^^^^^^^^^^^^^^^^^^^^^^^^^^^^^^^^^^^^^^^^^^^^^^^^^^^^^^^^
2025 Feb 11 02:47:39.028610 sonic INFO featured[11142]:   File "/usr/local/lib/python3.11/dist-packages/sonic_py_common/device_info.py", line 446, in get_path_to_port_config_file
2025 Feb 11 02:47:39.028666 sonic INFO featured[11142]:     (platform_path, hwsku_path) = get_paths_to_platform_and_hwsku_dirs()
2025 Feb 11 02:47:39.028707 sonic INFO featured[11142]:                                   ^^^^^^^^^^^^^^^^^^^^^^^^^^^^^^^^^^^^^^
2025 Feb 11 02:47:39.028748 sonic INFO featured[11142]:   File "/usr/local/lib/python3.11/dist-packages/sonic_py_common/device_info.py", line 412, in get_paths_to_platform_and_hwsku_dirs
2025 Feb 11 02:47:39.028790 sonic INFO featured[11142]:     hwsku_path = os.path.join(platform_path, hwsku)
2025 Feb 11 02:47:39.028830 sonic INFO featured[11142]:                  ^^^^^^^^^^^^^^^^^^^^^^^^^^^^^^^^^^
2025 Feb 11 02:47:39.028882 sonic INFO featured[11142]:   File "<frozen posixpath>", line 90, in join
2025 Feb 11 02:47:39.028923 sonic INFO featured[11142]:   File "<frozen genericpath>", line 152, in _check_arg_types
2025 Feb 11 02:47:39.028965 sonic INFO featured[11142]: TypeError: join() argument must be str, bytes, or os.PathLike object, not 'NoneType'
2025 Feb 11 02:47:39.047143 sonic NOTICE systemd[1]: featured.service: Main process exited, code=exited, status=1/FAILURE
2025 Feb 11 02:47:39.047266 sonic WARNING systemd[1]: featured.service: Failed with result 'exit-code'.
2025 Feb 11 02:47:39.086641 sonic INFO systemd[1]: Started featured.service - Feature configuration daemon.
2025 Feb 11 02:47:39.216799 sonic INFO featured: ConfigDB connect success
2025 Feb 11 02:47:39.220746 sonic INFO featured[11143]: Traceback (most recent call last):
2025 Feb 11 02:47:39.220810 sonic INFO featured[11143]:   File "/usr/local/bin/featured", line 598, in <module>
2025 Feb 11 02:47:39.220872 sonic INFO featured[11143]:     main()
2025 Feb 11 02:47:39.220910 sonic INFO featured[11143]:   File "/usr/local/bin/featured", line 591, in main
2025 Feb 11 02:47:39.221035 sonic INFO featured[11143]:     daemon = FeatureDaemon()
2025 Feb 11 02:47:39.221088 sonic INFO featured[11143]:              ^^^^^^^^^^^^^^^
2025 Feb 11 02:47:39.221120 sonic INFO featured[11143]:   File "/usr/local/bin/featured", line 529, in __init__
2025 Feb 11 02:47:39.221173 sonic INFO featured[11143]:     self.feature_handler = FeatureHandler(self.config_db, feature_state_table, self.device_config, self.advanced_boot)
2025 Feb 11 02:47:39.221209 sonic INFO featured[11143]:                            ^^^^^^^^^^^^^^^^^^^^^^^^^^^^^^^^^^^^^^^^^^^^^^^^^^^^^^^^^^^^^^^^^^^^^^^^^^^^^^^^^^^^^^^^^^^
2025 Feb 11 02:47:39.221231 sonic INFO featured[11143]:   File "/usr/local/bin/featured", line 136, in __init__
2025 Feb 11 02:47:39.221276 sonic INFO featured[11143]:     self._device_running_config = device_info.get_device_runtime_metadata()
2025 Feb 11 02:47:39.221308 sonic INFO featured[11143]:                                   ^^^^^^^^^^^^^^^^^^^^^^^^^^^^^^^^^^^^^^^^^
2025 Feb 11 02:47:39.221334 sonic INFO featured[11143]:   File "/usr/local/lib/python3.11/dist-packages/sonic_py_common/device_info.py", line 680, in get_device_runtime_metadata
2025 Feb 11 02:47:39.221436 sonic INFO featured[11143]:     port_metadata = {'ETHERNET_PORTS_PRESENT': True if get_path_to_port_config_file(hwsku=None, asic="0" if is_multi_npu() else None) else False}
2025 Feb 11 02:47:39.221522 sonic INFO featured[11143]:                                                        ^^^^^^^^^^^^^^^^^^^^^^^^^^^^^^^^^^^^^^^^^^^^^^^^^^^^^^^^^^^^^^^^^^^^^^^^^^^^^^
2025 Feb 11 02:47:39.221553 sonic INFO featured[11143]:   File "/usr/local/lib/python3.11/dist-packages/sonic_py_common/device_info.py", line 446, in get_path_to_port_config_file
2025 Feb 11 02:47:39.221604 sonic INFO featured[11143]:     (platform_path, hwsku_path) = get_paths_to_platform_and_hwsku_dirs()
2025 Feb 11 02:47:39.221636 sonic INFO featured[11143]:                                   ^^^^^^^^^^^^^^^^^^^^^^^^^^^^^^^^^^^^^^
2025 Feb 11 02:47:39.221654 sonic INFO featured[11143]:   File "/usr/local/lib/python3.11/dist-packages/sonic_py_common/device_info.py", line 412, in get_paths_to_platform_and_hwsku_dirs
2025 Feb 11 02:47:39.221710 sonic INFO featured[11143]:     hwsku_path = os.path.join(platform_path, hwsku)
2025 Feb 11 02:47:39.221744 sonic INFO featured[11143]:                  ^^^^^^^^^^^^^^^^^^^^^^^^^^^^^^^^^^
2025 Feb 11 02:47:39.221761 sonic INFO featured[11143]:   File "<frozen posixpath>", line 90, in join
2025 Feb 11 02:47:39.221777 sonic INFO featured[11143]:   File "<frozen genericpath>", line 152, in _check_arg_types
2025 Feb 11 02:47:39.221802 sonic INFO featured[11143]: TypeError: join() argument must be str, bytes, or os.PathLike object, not 'NoneType'
2025 Feb 11 02:47:39.240025 sonic NOTICE systemd[1]: featured.service: Main process exited, code=exited, status=1/FAILURE
2025 Feb 11 02:47:39.240203 sonic WARNING systemd[1]: featured.service: Failed with result 'exit-code'.
2025 Feb 11 02:47:39.241963 sonic WARNING systemd[1]: featured.service: Start request repeated too quickly.
2025 Feb 11 02:47:39.242031 sonic WARNING systemd[1]: featured.service: Failed with result 'exit-code'.
2025 Feb 11 02:47:39.242093 sonic ERR systemd[1]: Failed to start featured.service - Feature configuration daemon.
2025 Feb 11 02:47:45.280758 sonic WARNING systemd[1]: featured.service: Start request repeated too quickly.
2025 Feb 11 02:47:45.281199 sonic WARNING systemd[1]: featured.service: Failed with result 'exit-code'.
2025 Feb 11 02:47:45.281254 sonic ERR systemd[1]: Failed to start featured.service - Feature configuration daemon.
2025 Feb 11 02:47:46.036423 sonic INFO systemd[1]: caclmgrd.service: Scheduled restart job, restart counter is at 41.
2025 Feb 11 02:47:46.037268 sonic INFO systemd[1]: Stopped caclmgrd.service - Control Plane ACL configuration daemon.
2025 Feb 11 02:47:46.068361 sonic INFO systemd[1]: Started caclmgrd.service - Control Plane ACL configuration daemon.
2025 Feb 11 02:47:46.069445 sonic WARNING systemd[1]: featured.service: Start request repeated too quickly.
2025 Feb 11 02:47:46.069631 sonic WARNING systemd[1]: featured.service: Failed with result 'exit-code'.
2025 Feb 11 02:47:46.069709 sonic ERR systemd[1]: Failed to start featured.service - Feature configuration daemon.
2025 Feb 11 02:47:46.071902 sonic WARNING systemd[1]: featured.service: Start request repeated too quickly.
2025 Feb 11 02:47:46.071959 sonic WARNING systemd[1]: featured.service: Failed with result 'exit-code'.
2025 Feb 11 02:47:46.071987 sonic ERR systemd[1]: Failed to start featured.service - Feature configuration daemon.
2025 Feb 11 02:47:46.177958 sonic INFO caclmgrd[11162]: Traceback (most recent call last):
2025 Feb 11 02:47:46.178031 sonic INFO caclmgrd[11162]:   File "/usr/local/bin/caclmgrd", line 1146, in <module>
2025 Feb 11 02:47:46.178093 sonic INFO caclmgrd[11162]:     main()
2025 Feb 11 02:47:46.178111 sonic INFO caclmgrd[11162]:   File "/usr/local/bin/caclmgrd", line 1137, in main
2025 Feb 11 02:47:46.178126 sonic INFO caclmgrd[11162]:     caclmgr = ControlPlaneAclManager(SYSLOG_IDENTIFIER)
2025 Feb 11 02:47:46.178183 sonic INFO caclmgrd[11162]:               ^^^^^^^^^^^^^^^^^^^^^^^^^^^^^^^^^^^^^^^^^
2025 Feb 11 02:47:46.178215 sonic INFO caclmgrd[11162]:   File "/usr/local/bin/caclmgrd", line 156, in __init__
2025 Feb 11 02:47:46.178237 sonic INFO caclmgrd[11162]:     if 'subtype' in metadata['localhost'] and metadata['localhost']['subtype'] == 'DualToR':
2025 Feb 11 02:47:46.178260 sonic INFO caclmgrd[11162]:                     ~~~~~~~~^^^^^^^^^^^^^
2025 Feb 11 02:47:46.178282 sonic INFO caclmgrd[11162]: KeyError: 'localhost'
2025 Feb 11 02:47:46.189868 sonic NOTICE systemd[1]: caclmgrd.service: Main process exited, code=exited, status=1/FAILURE
2025 Feb 11 02:47:46.189995 sonic WARNING systemd[1]: caclmgrd.service: Failed with result 'exit-code'.
2025 Feb 11 02:47:46.191842 sonic WARNING systemd[1]: featured.service: Start request repeated too quickly.
2025 Feb 11 02:47:46.191909 sonic WARNING systemd[1]: featured.service: Failed with result 'exit-code'.
2025 Feb 11 02:47:46.191938 sonic ERR systemd[1]: Failed to start featured.service - Feature configuration daemon.
2025 Feb 11 02:47:54.728495 sonic ERR monit[828]: 'container_checker' status failed (4) -- Unexpected running containers: bgp2, macsec0, bgp3, database0, bgp1, database1, macsec2, bgp0, macsec1, eventd, database3, database, macsec3, database2
2025 Feb 11 02:47:54.758659 sonic INFO systemd[1]: Started featured.service - Feature configuration daemon.
2025 Feb 11 02:47:54.854518 sonic DEBUG mgmt_oper_status.py: No management interface found
2025 Feb 11 02:47:54.913757 sonic INFO featured: ConfigDB connect success
2025 Feb 11 02:47:54.917872 sonic INFO featured[11197]: Traceback (most recent call last):
2025 Feb 11 02:47:54.917954 sonic INFO featured[11197]:   File "/usr/local/bin/featured", line 598, in <module>
2025 Feb 11 02:47:54.917998 sonic INFO featured[11197]:     main()
2025 Feb 11 02:47:54.918075 sonic INFO featured[11197]:   File "/usr/local/bin/featured", line 591, in main
2025 Feb 11 02:47:54.918196 sonic INFO featured[11197]:     daemon = FeatureDaemon()
2025 Feb 11 02:47:54.918245 sonic INFO featured[11197]:              ^^^^^^^^^^^^^^^
2025 Feb 11 02:47:54.918284 sonic INFO featured[11197]:   File "/usr/local/bin/featured", line 529, in __init__
2025 Feb 11 02:47:54.918337 sonic INFO featured[11197]:     self.feature_handler = FeatureHandler(self.config_db, feature_state_table, self.device_config, self.advanced_boot)
2025 Feb 11 02:47:54.918379 sonic INFO featured[11197]:                            ^^^^^^^^^^^^^^^^^^^^^^^^^^^^^^^^^^^^^^^^^^^^^^^^^^^^^^^^^^^^^^^^^^^^^^^^^^^^^^^^^^^^^^^^^^^
2025 Feb 11 02:47:54.918431 sonic INFO featured[11197]:   File "/usr/local/bin/featured", line 136, in __init__
2025 Feb 11 02:47:54.918480 sonic INFO featured[11197]:     self._device_running_config = device_info.get_device_runtime_metadata()
2025 Feb 11 02:47:54.918509 sonic INFO featured[11197]:                                   ^^^^^^^^^^^^^^^^^^^^^^^^^^^^^^^^^^^^^^^^^
2025 Feb 11 02:47:54.918550 sonic INFO featured[11197]:   File "/usr/local/lib/python3.11/dist-packages/sonic_py_common/device_info.py", line 680, in get_device_runtime_metadata
2025 Feb 11 02:47:54.918602 sonic INFO featured[11197]:     port_metadata = {'ETHERNET_PORTS_PRESENT': True if get_path_to_port_config_file(hwsku=None, asic="0" if is_multi_npu() else None) else False}
2025 Feb 11 02:47:54.918644 sonic INFO featured[11197]:                                                        ^^^^^^^^^^^^^^^^^^^^^^^^^^^^^^^^^^^^^^^^^^^^^^^^^^^^^^^^^^^^^^^^^^^^^^^^^^^^^^
2025 Feb 11 02:47:54.918684 sonic INFO featured[11197]:   File "/usr/local/lib/python3.11/dist-packages/sonic_py_common/device_info.py", line 446, in get_path_to_port_config_file
2025 Feb 11 02:47:54.918744 sonic INFO featured[11197]:     (platform_path, hwsku_path) = get_paths_to_platform_and_hwsku_dirs()
2025 Feb 11 02:47:54.918786 sonic INFO featured[11197]:                                   ^^^^^^^^^^^^^^^^^^^^^^^^^^^^^^^^^^^^^^
2025 Feb 11 02:47:54.918825 sonic INFO featured[11197]:   File "/usr/local/lib/python3.11/dist-packages/sonic_py_common/device_info.py", line 412, in get_paths_to_platform_and_hwsku_dirs
2025 Feb 11 02:47:54.918874 sonic INFO featured[11197]:     hwsku_path = os.path.join(platform_path, hwsku)
2025 Feb 11 02:47:54.918913 sonic INFO featured[11197]:                  ^^^^^^^^^^^^^^^^^^^^^^^^^^^^^^^^^^
2025 Feb 11 02:47:54.918963 sonic INFO featured[11197]:   File "<frozen posixpath>", line 90, in join
2025 Feb 11 02:47:54.919002 sonic INFO featured[11197]:   File "<frozen genericpath>", line 152, in _check_arg_types
2025 Feb 11 02:47:54.919063 sonic INFO featured[11197]: TypeError: join() argument must be str, bytes, or os.PathLike object, not 'NoneType'
2025 Feb 11 02:47:54.938344 sonic NOTICE systemd[1]: featured.service: Main process exited, code=exited, status=1/FAILURE
2025 Feb 11 02:47:54.938511 sonic WARNING systemd[1]: featured.service: Failed with result 'exit-code'.
2025 Feb 11 02:47:54.974834 sonic INFO systemd[1]: Started featured.service - Feature configuration daemon.
2025 Feb 11 02:47:55.041292 sonic INFO memory_checker: [memory_checker] Exits without checking memory usage since container 'bmp' is not running!
2025 Feb 11 02:47:55.062543 sonic INFO memory_checker: [memory_checker] Exits without checking memory usage since container 'gnmi' is not running!
2025 Feb 11 02:47:55.073645 sonic INFO memory_checker: [memory_checker] Exits without checking memory usage since container 'snmp' is not running!
2025 Feb 11 02:47:55.110586 sonic INFO featured: ConfigDB connect success
2025 Feb 11 02:47:55.114901 sonic INFO featured[11200]: Traceback (most recent call last):
2025 Feb 11 02:47:55.114965 sonic INFO featured[11200]:   File "/usr/local/bin/featured", line 598, in <module>
2025 Feb 11 02:47:55.115068 sonic INFO featured[11200]:     main()
2025 Feb 11 02:47:55.115107 sonic INFO featured[11200]:   File "/usr/local/bin/featured", line 591, in main
2025 Feb 11 02:47:55.115249 sonic INFO featured[11200]:     daemon = FeatureDaemon()
2025 Feb 11 02:47:55.115282 sonic INFO featured[11200]:              ^^^^^^^^^^^^^^^
2025 Feb 11 02:47:55.115304 sonic INFO featured[11200]:   File "/usr/local/bin/featured", line 529, in __init__
2025 Feb 11 02:47:55.115382 sonic INFO featured[11200]:     self.feature_handler = FeatureHandler(self.config_db, feature_state_table, self.device_config, self.advanced_boot)
2025 Feb 11 02:47:55.115421 sonic INFO featured[11200]:                            ^^^^^^^^^^^^^^^^^^^^^^^^^^^^^^^^^^^^^^^^^^^^^^^^^^^^^^^^^^^^^^^^^^^^^^^^^^^^^^^^^^^^^^^^^^^
2025 Feb 11 02:47:55.115440 sonic INFO featured[11200]:   File "/usr/local/bin/featured", line 136, in __init__
2025 Feb 11 02:47:55.115463 sonic INFO featured[11200]:     self._device_running_config = device_info.get_device_runtime_metadata()
2025 Feb 11 02:47:55.115486 sonic INFO featured[11200]:                                   ^^^^^^^^^^^^^^^^^^^^^^^^^^^^^^^^^^^^^^^^^
2025 Feb 11 02:47:55.115503 sonic INFO featured[11200]:   File "/usr/local/lib/python3.11/dist-packages/sonic_py_common/device_info.py", line 680, in get_device_runtime_metadata
2025 Feb 11 02:47:55.115623 sonic INFO featured[11200]:     port_metadata = {'ETHERNET_PORTS_PRESENT': True if get_path_to_port_config_file(hwsku=None, asic="0" if is_multi_npu() else None) else False}
2025 Feb 11 02:47:55.115661 sonic INFO featured[11200]:                                                        ^^^^^^^^^^^^^^^^^^^^^^^^^^^^^^^^^^^^^^^^^^^^^^^^^^^^^^^^^^^^^^^^^^^^^^^^^^^^^^
2025 Feb 11 02:47:55.115678 sonic INFO featured[11200]:   File "/usr/local/lib/python3.11/dist-packages/sonic_py_common/device_info.py", line 446, in get_path_to_port_config_file
2025 Feb 11 02:47:55.115744 sonic INFO featured[11200]:     (platform_path, hwsku_path) = get_paths_to_platform_and_hwsku_dirs()
2025 Feb 11 02:47:55.115776 sonic INFO featured[11200]:                                   ^^^^^^^^^^^^^^^^^^^^^^^^^^^^^^^^^^^^^^
2025 Feb 11 02:47:55.115793 sonic INFO featured[11200]:   File "/usr/local/lib/python3.11/dist-packages/sonic_py_common/device_info.py", line 412, in get_paths_to_platform_and_hwsku_dirs
2025 Feb 11 02:47:55.115850 sonic INFO featured[11200]:     hwsku_path = os.path.join(platform_path, hwsku)
2025 Feb 11 02:47:55.115883 sonic INFO featured[11200]:                  ^^^^^^^^^^^^^^^^^^^^^^^^^^^^^^^^^^
2025 Feb 11 02:47:55.115900 sonic INFO featured[11200]:   File "<frozen posixpath>", line 90, in join
2025 Feb 11 02:47:55.115921 sonic INFO featured[11200]:   File "<frozen genericpath>", line 152, in _check_arg_types
2025 Feb 11 02:47:55.115952 sonic INFO featured[11200]: TypeError: join() argument must be str, bytes, or os.PathLike object, not 'NoneType'
2025 Feb 11 02:47:55.148272 sonic NOTICE systemd[1]: featured.service: Main process exited, code=exited, status=1/FAILURE
2025 Feb 11 02:47:55.148360 sonic WARNING systemd[1]: featured.service: Failed with result 'exit-code'.
2025 Feb 11 02:47:55.194363 sonic INFO systemd[1]: Started featured.service - Feature configuration daemon.
2025 Feb 11 02:47:55.328586 sonic INFO featured: ConfigDB connect success
2025 Feb 11 02:47:55.333441 sonic INFO featured[11234]: Traceback (most recent call last):
2025 Feb 11 02:47:55.333534 sonic INFO featured[11234]:   File "/usr/local/bin/featured", line 598, in <module>
2025 Feb 11 02:47:55.333681 sonic INFO featured[11234]:     main()
2025 Feb 11 02:47:55.333722 sonic INFO featured[11234]:   File "/usr/local/bin/featured", line 591, in main
2025 Feb 11 02:47:55.333849 sonic INFO featured[11234]:     daemon = FeatureDaemon()
2025 Feb 11 02:47:55.333888 sonic INFO featured[11234]:              ^^^^^^^^^^^^^^^
2025 Feb 11 02:47:55.333905 sonic INFO featured[11234]:   File "/usr/local/bin/featured", line 529, in __init__
2025 Feb 11 02:47:55.333991 sonic INFO featured[11234]:     self.feature_handler = FeatureHandler(self.config_db, feature_state_table, self.device_config, self.advanced_boot)
2025 Feb 11 02:47:55.334029 sonic INFO featured[11234]:                            ^^^^^^^^^^^^^^^^^^^^^^^^^^^^^^^^^^^^^^^^^^^^^^^^^^^^^^^^^^^^^^^^^^^^^^^^^^^^^^^^^^^^^^^^^^^
2025 Feb 11 02:47:55.334065 sonic INFO featured[11234]:   File "/usr/local/bin/featured", line 136, in __init__
2025 Feb 11 02:47:55.334087 sonic INFO featured[11234]:     self._device_running_config = device_info.get_device_runtime_metadata()
2025 Feb 11 02:47:55.334116 sonic INFO featured[11234]:                                   ^^^^^^^^^^^^^^^^^^^^^^^^^^^^^^^^^^^^^^^^^
2025 Feb 11 02:47:55.334143 sonic INFO featured[11234]:   File "/usr/local/lib/python3.11/dist-packages/sonic_py_common/device_info.py", line 680, in get_device_runtime_metadata
2025 Feb 11 02:47:55.334257 sonic INFO featured[11234]:     port_metadata = {'ETHERNET_PORTS_PRESENT': True if get_path_to_port_config_file(hwsku=None, asic="0" if is_multi_npu() else None) else False}
2025 Feb 11 02:47:55.334296 sonic INFO featured[11234]:                                                        ^^^^^^^^^^^^^^^^^^^^^^^^^^^^^^^^^^^^^^^^^^^^^^^^^^^^^^^^^^^^^^^^^^^^^^^^^^^^^^
2025 Feb 11 02:47:55.334314 sonic INFO featured[11234]:   File "/usr/local/lib/python3.11/dist-packages/sonic_py_common/device_info.py", line 446, in get_path_to_port_config_file
2025 Feb 11 02:47:55.334374 sonic INFO featured[11234]:     (platform_path, hwsku_path) = get_paths_to_platform_and_hwsku_dirs()
2025 Feb 11 02:47:55.334406 sonic INFO featured[11234]:                                   ^^^^^^^^^^^^^^^^^^^^^^^^^^^^^^^^^^^^^^
2025 Feb 11 02:47:55.334433 sonic INFO featured[11234]:   File "/usr/local/lib/python3.11/dist-packages/sonic_py_common/device_info.py", line 412, in get_paths_to_platform_and_hwsku_dirs
2025 Feb 11 02:47:55.334478 sonic INFO featured[11234]:     hwsku_path = os.path.join(platform_path, hwsku)
2025 Feb 11 02:47:55.334511 sonic INFO featured[11234]:                  ^^^^^^^^^^^^^^^^^^^^^^^^^^^^^^^^^^
2025 Feb 11 02:47:55.334536 sonic INFO featured[11234]:   File "<frozen posixpath>", line 90, in join
2025 Feb 11 02:47:55.334553 sonic INFO featured[11234]:   File "<frozen genericpath>", line 152, in _check_arg_types
2025 Feb 11 02:47:55.334577 sonic INFO featured[11234]: TypeError: join() argument must be str, bytes, or os.PathLike object, not 'NoneType'
2025 Feb 11 02:47:55.352855 sonic NOTICE systemd[1]: featured.service: Main process exited, code=exited, status=1/FAILURE
2025 Feb 11 02:47:55.352949 sonic WARNING systemd[1]: featured.service: Failed with result 'exit-code'.
2025 Feb 11 02:47:55.374598 sonic INFO systemd[1]: Started featured.service - Feature configuration daemon.
2025 Feb 11 02:47:55.527162 sonic INFO featured: ConfigDB connect success
2025 Feb 11 02:47:55.531413 sonic INFO featured[11241]: Traceback (most recent call last):
2025 Feb 11 02:47:55.531462 sonic INFO featured[11241]:   File "/usr/local/bin/featured", line 598, in <module>
2025 Feb 11 02:47:55.531648 sonic INFO featured[11241]:     main()
2025 Feb 11 02:47:55.531687 sonic INFO featured[11241]:   File "/usr/local/bin/featured", line 591, in main
2025 Feb 11 02:47:55.531810 sonic INFO featured[11241]:     daemon = FeatureDaemon()
2025 Feb 11 02:47:55.531849 sonic INFO featured[11241]:              ^^^^^^^^^^^^^^^
2025 Feb 11 02:47:55.531867 sonic INFO featured[11241]:   File "/usr/local/bin/featured", line 529, in __init__
2025 Feb 11 02:47:55.531926 sonic INFO featured[11241]:     self.feature_handler = FeatureHandler(self.config_db, feature_state_table, self.device_config, self.advanced_boot)
2025 Feb 11 02:47:55.531992 sonic INFO featured[11241]:                            ^^^^^^^^^^^^^^^^^^^^^^^^^^^^^^^^^^^^^^^^^^^^^^^^^^^^^^^^^^^^^^^^^^^^^^^^^^^^^^^^^^^^^^^^^^^
2025 Feb 11 02:47:55.532017 sonic INFO featured[11241]:   File "/usr/local/bin/featured", line 136, in __init__
2025 Feb 11 02:47:55.532064 sonic INFO featured[11241]:     self._device_running_config = device_info.get_device_runtime_metadata()
2025 Feb 11 02:47:55.532087 sonic INFO featured[11241]:                                   ^^^^^^^^^^^^^^^^^^^^^^^^^^^^^^^^^^^^^^^^^
2025 Feb 11 02:47:55.532115 sonic INFO featured[11241]:   File "/usr/local/lib/python3.11/dist-packages/sonic_py_common/device_info.py", line 680, in get_device_runtime_metadata
2025 Feb 11 02:47:55.532223 sonic INFO featured[11241]:     port_metadata = {'ETHERNET_PORTS_PRESENT': True if get_path_to_port_config_file(hwsku=None, asic="0" if is_multi_npu() else None) else False}
2025 Feb 11 02:47:55.532263 sonic INFO featured[11241]:                                                        ^^^^^^^^^^^^^^^^^^^^^^^^^^^^^^^^^^^^^^^^^^^^^^^^^^^^^^^^^^^^^^^^^^^^^^^^^^^^^^
2025 Feb 11 02:47:55.532280 sonic INFO featured[11241]:   File "/usr/local/lib/python3.11/dist-packages/sonic_py_common/device_info.py", line 446, in get_path_to_port_config_file
2025 Feb 11 02:47:55.532346 sonic INFO featured[11241]:     (platform_path, hwsku_path) = get_paths_to_platform_and_hwsku_dirs()
2025 Feb 11 02:47:55.532377 sonic INFO featured[11241]:                                   ^^^^^^^^^^^^^^^^^^^^^^^^^^^^^^^^^^^^^^
2025 Feb 11 02:47:55.532403 sonic INFO featured[11241]:   File "/usr/local/lib/python3.11/dist-packages/sonic_py_common/device_info.py", line 412, in get_paths_to_platform_and_hwsku_dirs
2025 Feb 11 02:47:55.532451 sonic INFO featured[11241]:     hwsku_path = os.path.join(platform_path, hwsku)
2025 Feb 11 02:47:55.532484 sonic INFO featured[11241]:                  ^^^^^^^^^^^^^^^^^^^^^^^^^^^^^^^^^^
2025 Feb 11 02:47:55.532509 sonic INFO featured[11241]:   File "<frozen posixpath>", line 90, in join
2025 Feb 11 02:47:55.532539 sonic INFO featured[11241]:   File "<frozen genericpath>", line 152, in _check_arg_types
2025 Feb 11 02:47:55.532569 sonic INFO featured[11241]: TypeError: join() argument must be str, bytes, or os.PathLike object, not 'NoneType'
2025 Feb 11 02:47:55.570509 sonic NOTICE systemd[1]: featured.service: Main process exited, code=exited, status=1/FAILURE
2025 Feb 11 02:47:55.571075 sonic WARNING systemd[1]: featured.service: Failed with result 'exit-code'.
2025 Feb 11 02:47:55.626857 sonic INFO systemd[1]: Started featured.service - Feature configuration daemon.
2025 Feb 11 02:47:55.763812 sonic INFO featured: ConfigDB connect success
2025 Feb 11 02:47:55.768077 sonic INFO featured[11242]: Traceback (most recent call last):
2025 Feb 11 02:47:55.768163 sonic INFO featured[11242]:   File "/usr/local/bin/featured", line 598, in <module>
2025 Feb 11 02:47:55.768225 sonic INFO featured[11242]:     main()
2025 Feb 11 02:47:55.768284 sonic INFO featured[11242]:   File "/usr/local/bin/featured", line 591, in main
2025 Feb 11 02:47:55.768493 sonic INFO featured[11242]:     daemon = FeatureDaemon()
2025 Feb 11 02:47:55.768559 sonic INFO featured[11242]:              ^^^^^^^^^^^^^^^
2025 Feb 11 02:47:55.768606 sonic INFO featured[11242]:   File "/usr/local/bin/featured", line 529, in __init__
2025 Feb 11 02:47:55.768657 sonic INFO featured[11242]:     self.feature_handler = FeatureHandler(self.config_db, feature_state_table, self.device_config, self.advanced_boot)
2025 Feb 11 02:47:55.768714 sonic INFO featured[11242]:                            ^^^^^^^^^^^^^^^^^^^^^^^^^^^^^^^^^^^^^^^^^^^^^^^^^^^^^^^^^^^^^^^^^^^^^^^^^^^^^^^^^^^^^^^^^^^
2025 Feb 11 02:47:55.768767 sonic INFO featured[11242]:   File "/usr/local/bin/featured", line 136, in __init__
2025 Feb 11 02:47:55.768824 sonic INFO featured[11242]:     self._device_running_config = device_info.get_device_runtime_metadata()
2025 Feb 11 02:47:55.768885 sonic INFO featured[11242]:                                   ^^^^^^^^^^^^^^^^^^^^^^^^^^^^^^^^^^^^^^^^^
2025 Feb 11 02:47:55.768935 sonic INFO featured[11242]:   File "/usr/local/lib/python3.11/dist-packages/sonic_py_common/device_info.py", line 680, in get_device_runtime_metadata
2025 Feb 11 02:47:55.769087 sonic INFO featured[11242]:     port_metadata = {'ETHERNET_PORTS_PRESENT': True if get_path_to_port_config_file(hwsku=None, asic="0" if is_multi_npu() else None) else False}
2025 Feb 11 02:47:55.769156 sonic INFO featured[11242]:                                                        ^^^^^^^^^^^^^^^^^^^^^^^^^^^^^^^^^^^^^^^^^^^^^^^^^^^^^^^^^^^^^^^^^^^^^^^^^^^^^^
2025 Feb 11 02:47:55.769202 sonic INFO featured[11242]:   File "/usr/local/lib/python3.11/dist-packages/sonic_py_common/device_info.py", line 446, in get_path_to_port_config_file
2025 Feb 11 02:47:55.769335 sonic INFO featured[11242]:     (platform_path, hwsku_path) = get_paths_to_platform_and_hwsku_dirs()
2025 Feb 11 02:47:55.769397 sonic INFO featured[11242]:                                   ^^^^^^^^^^^^^^^^^^^^^^^^^^^^^^^^^^^^^^
2025 Feb 11 02:47:55.769441 sonic INFO featured[11242]:   File "/usr/local/lib/python3.11/dist-packages/sonic_py_common/device_info.py", line 412, in get_paths_to_platform_and_hwsku_dirs
2025 Feb 11 02:47:55.769542 sonic INFO featured[11242]:     hwsku_path = os.path.join(platform_path, hwsku)
2025 Feb 11 02:47:55.769619 sonic INFO featured[11242]:                  ^^^^^^^^^^^^^^^^^^^^^^^^^^^^^^^^^^
2025 Feb 11 02:47:55.769662 sonic INFO featured[11242]:   File "<frozen posixpath>", line 90, in join
2025 Feb 11 02:47:55.769712 sonic INFO featured[11242]:   File "<frozen genericpath>", line 152, in _check_arg_types
2025 Feb 11 02:47:55.769753 sonic INFO featured[11242]: TypeError: join() argument must be str, bytes, or os.PathLike object, not 'NoneType'
2025 Feb 11 02:47:55.788396 sonic NOTICE systemd[1]: featured.service: Main process exited, code=exited, status=1/FAILURE
2025 Feb 11 02:47:55.788482 sonic WARNING systemd[1]: featured.service: Failed with result 'exit-code'.
2025 Feb 11 02:47:55.789917 sonic WARNING systemd[1]: featured.service: Start request repeated too quickly.
2025 Feb 11 02:47:55.790001 sonic WARNING systemd[1]: featured.service: Failed with result 'exit-code'.
2025 Feb 11 02:47:55.790063 sonic ERR systemd[1]: Failed to start featured.service - Feature configuration daemon.
2025 Feb 11 02:47:58.279163 sonic WARNING systemd[1]: featured.service: Start request repeated too quickly.
2025 Feb 11 02:47:58.279370 sonic WARNING systemd[1]: featured.service: Failed with result 'exit-code'.
2025 Feb 11 02:47:58.279439 sonic ERR systemd[1]: Failed to start featured.service - Feature configuration daemon.
2025 Feb 11 02:48:08.306766 sonic INFO systemd[1]: Started featured.service - Feature configuration daemon.
2025 Feb 11 02:48:08.440655 sonic INFO featured: ConfigDB connect success
2025 Feb 11 02:48:08.453922 sonic INFO featured[11272]: Traceback (most recent call last):
2025 Feb 11 02:48:08.454687 sonic INFO featured[11272]:   File "/usr/local/bin/featured", line 598, in <module>
2025 Feb 11 02:48:08.454802 sonic INFO featured[11272]:     main()
2025 Feb 11 02:48:08.454850 sonic INFO featured[11272]:   File "/usr/local/bin/featured", line 591, in main
2025 Feb 11 02:48:08.454896 sonic INFO featured[11272]:     daemon = FeatureDaemon()
2025 Feb 11 02:48:08.454942 sonic INFO featured[11272]:              ^^^^^^^^^^^^^^^
2025 Feb 11 02:48:08.454972 sonic INFO featured[11272]:   File "/usr/local/bin/featured", line 529, in __init__
2025 Feb 11 02:48:08.455015 sonic INFO featured[11272]:     self.feature_handler = FeatureHandler(self.config_db, feature_state_table, self.device_config, self.advanced_boot)
2025 Feb 11 02:48:08.455082 sonic INFO featured[11272]:                            ^^^^^^^^^^^^^^^^^^^^^^^^^^^^^^^^^^^^^^^^^^^^^^^^^^^^^^^^^^^^^^^^^^^^^^^^^^^^^^^^^^^^^^^^^^^
2025 Feb 11 02:48:08.455124 sonic INFO featured[11272]:   File "/usr/local/bin/featured", line 136, in __init__
2025 Feb 11 02:48:08.456994 sonic INFO featured[11272]:     self._device_running_config = device_info.get_device_runtime_metadata()
2025 Feb 11 02:48:08.457107 sonic INFO featured[11272]:                                   ^^^^^^^^^^^^^^^^^^^^^^^^^^^^^^^^^^^^^^^^^
2025 Feb 11 02:48:08.457161 sonic INFO featured[11272]:   File "/usr/local/lib/python3.11/dist-packages/sonic_py_common/device_info.py", line 680, in get_device_runtime_metadata
2025 Feb 11 02:48:08.457222 sonic INFO featured[11272]:     port_metadata = {'ETHERNET_PORTS_PRESENT': True if get_path_to_port_config_file(hwsku=None, asic="0" if is_multi_npu() else None) else False}
2025 Feb 11 02:48:08.457306 sonic INFO featured[11272]:                                                        ^^^^^^^^^^^^^^^^^^^^^^^^^^^^^^^^^^^^^^^^^^^^^^^^^^^^^^^^^^^^^^^^^^^^^^^^^^^^^^
2025 Feb 11 02:48:08.457352 sonic INFO featured[11272]:   File "/usr/local/lib/python3.11/dist-packages/sonic_py_common/device_info.py", line 446, in get_path_to_port_config_file
2025 Feb 11 02:48:08.457444 sonic INFO featured[11272]:     (platform_path, hwsku_path) = get_paths_to_platform_and_hwsku_dirs()
2025 Feb 11 02:48:08.457555 sonic INFO featured[11272]:                                   ^^^^^^^^^^^^^^^^^^^^^^^^^^^^^^^^^^^^^^
2025 Feb 11 02:48:08.457998 sonic INFO featured[11272]:   File "/usr/local/lib/python3.11/dist-packages/sonic_py_common/device_info.py", line 412, in get_paths_to_platform_and_hwsku_dirs
2025 Feb 11 02:48:08.459231 sonic INFO featured[11272]:     hwsku_path = os.path.join(platform_path, hwsku)
2025 Feb 11 02:48:08.459314 sonic INFO featured[11272]:                  ^^^^^^^^^^^^^^^^^^^^^^^^^^^^^^^^^^
2025 Feb 11 02:48:08.459365 sonic INFO featured[11272]:   File "<frozen posixpath>", line 90, in join
2025 Feb 11 02:48:08.459441 sonic INFO featured[11272]:   File "<frozen genericpath>", line 152, in _check_arg_types
2025 Feb 11 02:48:08.459484 sonic INFO featured[11272]: TypeError: join() argument must be str, bytes, or os.PathLike object, not 'NoneType'
2025 Feb 11 02:48:08.488139 sonic NOTICE systemd[1]: featured.service: Main process exited, code=exited, status=1/FAILURE
2025 Feb 11 02:48:08.488251 sonic WARNING systemd[1]: featured.service: Failed with result 'exit-code'.
2025 Feb 11 02:48:08.519922 sonic INFO systemd[1]: Started featured.service - Feature configuration daemon.
2025 Feb 11 02:48:08.671908 sonic INFO featured: ConfigDB connect success
2025 Feb 11 02:48:08.675996 sonic INFO featured[11275]: Traceback (most recent call last):
2025 Feb 11 02:48:08.676075 sonic INFO featured[11275]:   File "/usr/local/bin/featured", line 598, in <module>
2025 Feb 11 02:48:08.676275 sonic INFO featured[11275]:     main()
2025 Feb 11 02:48:08.676314 sonic INFO featured[11275]:   File "/usr/local/bin/featured", line 591, in main
2025 Feb 11 02:48:08.676497 sonic INFO featured[11275]:     daemon = FeatureDaemon()
2025 Feb 11 02:48:08.676537 sonic INFO featured[11275]:              ^^^^^^^^^^^^^^^
2025 Feb 11 02:48:08.676554 sonic INFO featured[11275]:   File "/usr/local/bin/featured", line 529, in __init__
2025 Feb 11 02:48:08.676707 sonic INFO featured[11275]:     self.feature_handler = FeatureHandler(self.config_db, feature_state_table, self.device_config, self.advanced_boot)
2025 Feb 11 02:48:08.676745 sonic INFO featured[11275]:                            ^^^^^^^^^^^^^^^^^^^^^^^^^^^^^^^^^^^^^^^^^^^^^^^^^^^^^^^^^^^^^^^^^^^^^^^^^^^^^^^^^^^^^^^^^^^
2025 Feb 11 02:48:08.676762 sonic INFO featured[11275]:   File "/usr/local/bin/featured", line 136, in __init__
2025 Feb 11 02:48:08.676872 sonic INFO featured[11275]:     self._device_running_config = device_info.get_device_runtime_metadata()
2025 Feb 11 02:48:08.676906 sonic INFO featured[11275]:                                   ^^^^^^^^^^^^^^^^^^^^^^^^^^^^^^^^^^^^^^^^^
2025 Feb 11 02:48:08.676929 sonic INFO featured[11275]:   File "/usr/local/lib/python3.11/dist-packages/sonic_py_common/device_info.py", line 680, in get_device_runtime_metadata
2025 Feb 11 02:48:08.677115 sonic INFO featured[11275]:     port_metadata = {'ETHERNET_PORTS_PRESENT': True if get_path_to_port_config_file(hwsku=None, asic="0" if is_multi_npu() else None) else False}
2025 Feb 11 02:48:08.677153 sonic INFO featured[11275]:                                                        ^^^^^^^^^^^^^^^^^^^^^^^^^^^^^^^^^^^^^^^^^^^^^^^^^^^^^^^^^^^^^^^^^^^^^^^^^^^^^^
2025 Feb 11 02:48:08.677176 sonic INFO featured[11275]:   File "/usr/local/lib/python3.11/dist-packages/sonic_py_common/device_info.py", line 446, in get_path_to_port_config_file
2025 Feb 11 02:48:08.677308 sonic INFO featured[11275]:     (platform_path, hwsku_path) = get_paths_to_platform_and_hwsku_dirs()
2025 Feb 11 02:48:08.677354 sonic INFO featured[11275]:                                   ^^^^^^^^^^^^^^^^^^^^^^^^^^^^^^^^^^^^^^
2025 Feb 11 02:48:08.677378 sonic INFO featured[11275]:   File "/usr/local/lib/python3.11/dist-packages/sonic_py_common/device_info.py", line 412, in get_paths_to_platform_and_hwsku_dirs
2025 Feb 11 02:48:08.677550 sonic INFO featured[11275]:     hwsku_path = os.path.join(platform_path, hwsku)
2025 Feb 11 02:48:08.677600 sonic INFO featured[11275]:                  ^^^^^^^^^^^^^^^^^^^^^^^^^^^^^^^^^^
2025 Feb 11 02:48:08.677623 sonic INFO featured[11275]:   File "<frozen posixpath>", line 90, in join
2025 Feb 11 02:48:08.677639 sonic INFO featured[11275]:   File "<frozen genericpath>", line 152, in _check_arg_types
2025 Feb 11 02:48:08.677655 sonic INFO featured[11275]: TypeError: join() argument must be str, bytes, or os.PathLike object, not 'NoneType'
2025 Feb 11 02:48:08.695969 sonic NOTICE systemd[1]: featured.service: Main process exited, code=exited, status=1/FAILURE
2025 Feb 11 02:48:08.696133 sonic WARNING systemd[1]: featured.service: Failed with result 'exit-code'.
2025 Feb 11 02:48:08.722593 sonic INFO systemd[1]: Started featured.service - Feature configuration daemon.
2025 Feb 11 02:48:08.853825 sonic INFO featured: ConfigDB connect success
2025 Feb 11 02:48:08.858124 sonic INFO featured[11276]: Traceback (most recent call last):
2025 Feb 11 02:48:08.858184 sonic INFO featured[11276]:   File "/usr/local/bin/featured", line 598, in <module>
2025 Feb 11 02:48:08.858274 sonic INFO featured[11276]:     main()
2025 Feb 11 02:48:08.858313 sonic INFO featured[11276]:   File "/usr/local/bin/featured", line 591, in main
2025 Feb 11 02:48:08.858433 sonic INFO featured[11276]:     daemon = FeatureDaemon()
2025 Feb 11 02:48:08.858465 sonic INFO featured[11276]:              ^^^^^^^^^^^^^^^
2025 Feb 11 02:48:08.858488 sonic INFO featured[11276]:   File "/usr/local/bin/featured", line 529, in __init__
2025 Feb 11 02:48:08.858549 sonic INFO featured[11276]:     self.feature_handler = FeatureHandler(self.config_db, feature_state_table, self.device_config, self.advanced_boot)
2025 Feb 11 02:48:08.858585 sonic INFO featured[11276]:                            ^^^^^^^^^^^^^^^^^^^^^^^^^^^^^^^^^^^^^^^^^^^^^^^^^^^^^^^^^^^^^^^^^^^^^^^^^^^^^^^^^^^^^^^^^^^
2025 Feb 11 02:48:08.858602 sonic INFO featured[11276]:   File "/usr/local/bin/featured", line 136, in __init__
2025 Feb 11 02:48:08.858640 sonic INFO featured[11276]:     self._device_running_config = device_info.get_device_runtime_metadata()
2025 Feb 11 02:48:08.858672 sonic INFO featured[11276]:                                   ^^^^^^^^^^^^^^^^^^^^^^^^^^^^^^^^^^^^^^^^^
2025 Feb 11 02:48:08.858697 sonic INFO featured[11276]:   File "/usr/local/lib/python3.11/dist-packages/sonic_py_common/device_info.py", line 680, in get_device_runtime_metadata
2025 Feb 11 02:48:08.858801 sonic INFO featured[11276]:     port_metadata = {'ETHERNET_PORTS_PRESENT': True if get_path_to_port_config_file(hwsku=None, asic="0" if is_multi_npu() else None) else False}
2025 Feb 11 02:48:08.858840 sonic INFO featured[11276]:                                                        ^^^^^^^^^^^^^^^^^^^^^^^^^^^^^^^^^^^^^^^^^^^^^^^^^^^^^^^^^^^^^^^^^^^^^^^^^^^^^^
2025 Feb 11 02:48:08.858858 sonic INFO featured[11276]:   File "/usr/local/lib/python3.11/dist-packages/sonic_py_common/device_info.py", line 446, in get_path_to_port_config_file
2025 Feb 11 02:48:08.858923 sonic INFO featured[11276]:     (platform_path, hwsku_path) = get_paths_to_platform_and_hwsku_dirs()
2025 Feb 11 02:48:08.858954 sonic INFO featured[11276]:                                   ^^^^^^^^^^^^^^^^^^^^^^^^^^^^^^^^^^^^^^
2025 Feb 11 02:48:08.858980 sonic INFO featured[11276]:   File "/usr/local/lib/python3.11/dist-packages/sonic_py_common/device_info.py", line 412, in get_paths_to_platform_and_hwsku_dirs
2025 Feb 11 02:48:08.859046 sonic INFO featured[11276]:     hwsku_path = os.path.join(platform_path, hwsku)
2025 Feb 11 02:48:08.859079 sonic INFO featured[11276]:                  ^^^^^^^^^^^^^^^^^^^^^^^^^^^^^^^^^^
2025 Feb 11 02:48:08.859103 sonic INFO featured[11276]:   File "<frozen posixpath>", line 90, in join
2025 Feb 11 02:48:08.859127 sonic INFO featured[11276]:   File "<frozen genericpath>", line 152, in _check_arg_types
2025 Feb 11 02:48:08.859156 sonic INFO featured[11276]: TypeError: join() argument must be str, bytes, or os.PathLike object, not 'NoneType'
2025 Feb 11 02:48:08.876996 sonic NOTICE systemd[1]: featured.service: Main process exited, code=exited, status=1/FAILURE
2025 Feb 11 02:48:08.877190 sonic WARNING systemd[1]: featured.service: Failed with result 'exit-code'.
2025 Feb 11 02:48:08.916144 sonic INFO systemd[1]: Started featured.service - Feature configuration daemon.
2025 Feb 11 02:48:09.054560 sonic INFO featured: ConfigDB connect success
2025 Feb 11 02:48:09.059248 sonic INFO featured[11277]: Traceback (most recent call last):
2025 Feb 11 02:48:09.059327 sonic INFO featured[11277]:   File "/usr/local/bin/featured", line 598, in <module>
2025 Feb 11 02:48:09.059356 sonic INFO featured[11277]:     main()
2025 Feb 11 02:48:09.059378 sonic INFO featured[11277]:   File "/usr/local/bin/featured", line 591, in main
2025 Feb 11 02:48:09.059537 sonic INFO featured[11277]:     daemon = FeatureDaemon()
2025 Feb 11 02:48:09.059580 sonic INFO featured[11277]:              ^^^^^^^^^^^^^^^
2025 Feb 11 02:48:09.059602 sonic INFO featured[11277]:   File "/usr/local/bin/featured", line 529, in __init__
2025 Feb 11 02:48:09.059687 sonic INFO featured[11277]:     self.feature_handler = FeatureHandler(self.config_db, feature_state_table, self.device_config, self.advanced_boot)
2025 Feb 11 02:48:09.059734 sonic INFO featured[11277]:                            ^^^^^^^^^^^^^^^^^^^^^^^^^^^^^^^^^^^^^^^^^^^^^^^^^^^^^^^^^^^^^^^^^^^^^^^^^^^^^^^^^^^^^^^^^^^
2025 Feb 11 02:48:09.059751 sonic INFO featured[11277]:   File "/usr/local/bin/featured", line 136, in __init__
2025 Feb 11 02:48:09.059773 sonic INFO featured[11277]:     self._device_running_config = device_info.get_device_runtime_metadata()
2025 Feb 11 02:48:09.059795 sonic INFO featured[11277]:                                   ^^^^^^^^^^^^^^^^^^^^^^^^^^^^^^^^^^^^^^^^^
2025 Feb 11 02:48:09.059830 sonic INFO featured[11277]:   File "/usr/local/lib/python3.11/dist-packages/sonic_py_common/device_info.py", line 680, in get_device_runtime_metadata
2025 Feb 11 02:48:09.059943 sonic INFO featured[11277]:     port_metadata = {'ETHERNET_PORTS_PRESENT': True if get_path_to_port_config_file(hwsku=None, asic="0" if is_multi_npu() else None) else False}
2025 Feb 11 02:48:09.059991 sonic INFO featured[11277]:                                                        ^^^^^^^^^^^^^^^^^^^^^^^^^^^^^^^^^^^^^^^^^^^^^^^^^^^^^^^^^^^^^^^^^^^^^^^^^^^^^^
2025 Feb 11 02:48:09.060008 sonic INFO featured[11277]:   File "/usr/local/lib/python3.11/dist-packages/sonic_py_common/device_info.py", line 446, in get_path_to_port_config_file
2025 Feb 11 02:48:09.060116 sonic INFO featured[11277]:     (platform_path, hwsku_path) = get_paths_to_platform_and_hwsku_dirs()
2025 Feb 11 02:48:09.060158 sonic INFO featured[11277]:                                   ^^^^^^^^^^^^^^^^^^^^^^^^^^^^^^^^^^^^^^
2025 Feb 11 02:48:09.060174 sonic INFO featured[11277]:   File "/usr/local/lib/python3.11/dist-packages/sonic_py_common/device_info.py", line 412, in get_paths_to_platform_and_hwsku_dirs
2025 Feb 11 02:48:09.060234 sonic INFO featured[11277]:     hwsku_path = os.path.join(platform_path, hwsku)
2025 Feb 11 02:48:09.060276 sonic INFO featured[11277]:                  ^^^^^^^^^^^^^^^^^^^^^^^^^^^^^^^^^^
2025 Feb 11 02:48:09.060300 sonic INFO featured[11277]:   File "<frozen posixpath>", line 90, in join
2025 Feb 11 02:48:09.060334 sonic INFO featured[11277]:   File "<frozen genericpath>", line 152, in _check_arg_types
2025 Feb 11 02:48:09.060368 sonic INFO featured[11277]: TypeError: join() argument must be str, bytes, or os.PathLike object, not 'NoneType'
2025 Feb 11 02:48:09.079275 sonic NOTICE systemd[1]: featured.service: Main process exited, code=exited, status=1/FAILURE
2025 Feb 11 02:48:09.079422 sonic WARNING systemd[1]: featured.service: Failed with result 'exit-code'.
2025 Feb 11 02:48:09.114615 sonic INFO systemd[1]: Started featured.service - Feature configuration daemon.
2025 Feb 11 02:48:09.250764 sonic INFO featured: ConfigDB connect success
2025 Feb 11 02:48:09.255176 sonic INFO featured[11278]: Traceback (most recent call last):
2025 Feb 11 02:48:09.255241 sonic INFO featured[11278]:   File "/usr/local/bin/featured", line 598, in <module>
2025 Feb 11 02:48:09.255338 sonic INFO featured[11278]:     main()
2025 Feb 11 02:48:09.255387 sonic INFO featured[11278]:   File "/usr/local/bin/featured", line 591, in main
2025 Feb 11 02:48:09.255503 sonic INFO featured[11278]:     daemon = FeatureDaemon()
2025 Feb 11 02:48:09.255551 sonic INFO featured[11278]:              ^^^^^^^^^^^^^^^
2025 Feb 11 02:48:09.255568 sonic INFO featured[11278]:   File "/usr/local/bin/featured", line 529, in __init__
2025 Feb 11 02:48:09.255635 sonic INFO featured[11278]:     self.feature_handler = FeatureHandler(self.config_db, feature_state_table, self.device_config, self.advanced_boot)
2025 Feb 11 02:48:09.255679 sonic INFO featured[11278]:                            ^^^^^^^^^^^^^^^^^^^^^^^^^^^^^^^^^^^^^^^^^^^^^^^^^^^^^^^^^^^^^^^^^^^^^^^^^^^^^^^^^^^^^^^^^^^
2025 Feb 11 02:48:09.255697 sonic INFO featured[11278]:   File "/usr/local/bin/featured", line 136, in __init__
2025 Feb 11 02:48:09.255731 sonic INFO featured[11278]:     self._device_running_config = device_info.get_device_runtime_metadata()
2025 Feb 11 02:48:09.255772 sonic INFO featured[11278]:                                   ^^^^^^^^^^^^^^^^^^^^^^^^^^^^^^^^^^^^^^^^^
2025 Feb 11 02:48:09.255805 sonic INFO featured[11278]:   File "/usr/local/lib/python3.11/dist-packages/sonic_py_common/device_info.py", line 680, in get_device_runtime_metadata
2025 Feb 11 02:48:09.255883 sonic INFO featured[11278]:     port_metadata = {'ETHERNET_PORTS_PRESENT': True if get_path_to_port_config_file(hwsku=None, asic="0" if is_multi_npu() else None) else False}
2025 Feb 11 02:48:09.255928 sonic INFO featured[11278]:                                                        ^^^^^^^^^^^^^^^^^^^^^^^^^^^^^^^^^^^^^^^^^^^^^^^^^^^^^^^^^^^^^^^^^^^^^^^^^^^^^^
2025 Feb 11 02:48:09.255946 sonic INFO featured[11278]:   File "/usr/local/lib/python3.11/dist-packages/sonic_py_common/device_info.py", line 446, in get_path_to_port_config_file
2025 Feb 11 02:48:09.256059 sonic INFO featured[11278]:     (platform_path, hwsku_path) = get_paths_to_platform_and_hwsku_dirs()
2025 Feb 11 02:48:09.256101 sonic INFO featured[11278]:                                   ^^^^^^^^^^^^^^^^^^^^^^^^^^^^^^^^^^^^^^
2025 Feb 11 02:48:09.256117 sonic INFO featured[11278]:   File "/usr/local/lib/python3.11/dist-packages/sonic_py_common/device_info.py", line 412, in get_paths_to_platform_and_hwsku_dirs
2025 Feb 11 02:48:09.256181 sonic INFO featured[11278]:     hwsku_path = os.path.join(platform_path, hwsku)
2025 Feb 11 02:48:09.256225 sonic INFO featured[11278]:                  ^^^^^^^^^^^^^^^^^^^^^^^^^^^^^^^^^^
2025 Feb 11 02:48:09.256241 sonic INFO featured[11278]:   File "<frozen posixpath>", line 90, in join
2025 Feb 11 02:48:09.256257 sonic INFO featured[11278]:   File "<frozen genericpath>", line 152, in _check_arg_types
2025 Feb 11 02:48:09.256289 sonic INFO featured[11278]: TypeError: join() argument must be str, bytes, or os.PathLike object, not 'NoneType'
2025 Feb 11 02:48:09.274931 sonic NOTICE systemd[1]: featured.service: Main process exited, code=exited, status=1/FAILURE
2025 Feb 11 02:48:09.275134 sonic WARNING systemd[1]: featured.service: Failed with result 'exit-code'.
2025 Feb 11 02:48:09.276763 sonic WARNING systemd[1]: featured.service: Start request repeated too quickly.
2025 Feb 11 02:48:09.276852 sonic WARNING systemd[1]: featured.service: Failed with result 'exit-code'.
2025 Feb 11 02:48:09.276906 sonic ERR systemd[1]: Failed to start featured.service - Feature configuration daemon.
2025 Feb 11 02:48:16.279843 sonic INFO systemd[1]: caclmgrd.service: Scheduled restart job, restart counter is at 42.
2025 Feb 11 02:48:16.280150 sonic INFO systemd[1]: Stopped caclmgrd.service - Control Plane ACL configuration daemon.
2025 Feb 11 02:48:16.314405 sonic INFO systemd[1]: Started caclmgrd.service - Control Plane ACL configuration daemon.
2025 Feb 11 02:48:16.314811 sonic WARNING systemd[1]: featured.service: Start request repeated too quickly.
2025 Feb 11 02:48:16.314887 sonic WARNING systemd[1]: featured.service: Failed with result 'exit-code'.
2025 Feb 11 02:48:16.315006 sonic ERR systemd[1]: Failed to start featured.service - Feature configuration daemon.
2025 Feb 11 02:48:16.317069 sonic WARNING systemd[1]: featured.service: Start request repeated too quickly.
2025 Feb 11 02:48:16.317133 sonic WARNING systemd[1]: featured.service: Failed with result 'exit-code'.
2025 Feb 11 02:48:16.317217 sonic ERR systemd[1]: Failed to start featured.service - Feature configuration daemon.
2025 Feb 11 02:48:16.421689 sonic INFO caclmgrd[11293]: Traceback (most recent call last):
2025 Feb 11 02:48:16.421787 sonic INFO caclmgrd[11293]:   File "/usr/local/bin/caclmgrd", line 1146, in <module>
2025 Feb 11 02:48:16.421836 sonic INFO caclmgrd[11293]:     main()
2025 Feb 11 02:48:16.421866 sonic INFO caclmgrd[11293]:   File "/usr/local/bin/caclmgrd", line 1137, in main
2025 Feb 11 02:48:16.421883 sonic INFO caclmgrd[11293]:     caclmgr = ControlPlaneAclManager(SYSLOG_IDENTIFIER)
2025 Feb 11 02:48:16.421899 sonic INFO caclmgrd[11293]:               ^^^^^^^^^^^^^^^^^^^^^^^^^^^^^^^^^^^^^^^^^
2025 Feb 11 02:48:16.421925 sonic INFO caclmgrd[11293]:   File "/usr/local/bin/caclmgrd", line 156, in __init__
2025 Feb 11 02:48:16.421957 sonic INFO caclmgrd[11293]:     if 'subtype' in metadata['localhost'] and metadata['localhost']['subtype'] == 'DualToR':
2025 Feb 11 02:48:16.421982 sonic INFO caclmgrd[11293]:                     ~~~~~~~~^^^^^^^^^^^^^
2025 Feb 11 02:48:16.422007 sonic INFO caclmgrd[11293]: KeyError: 'localhost'
2025 Feb 11 02:48:16.433142 sonic NOTICE systemd[1]: caclmgrd.service: Main process exited, code=exited, status=1/FAILURE
2025 Feb 11 02:48:16.433287 sonic WARNING systemd[1]: caclmgrd.service: Failed with result 'exit-code'.
2025 Feb 11 02:48:16.435330 sonic WARNING systemd[1]: featured.service: Start request repeated too quickly.
2025 Feb 11 02:48:16.435391 sonic WARNING systemd[1]: featured.service: Failed with result 'exit-code'.
2025 Feb 11 02:48:16.435451 sonic ERR systemd[1]: Failed to start featured.service - Feature configuration daemon.
2025 Feb 11 02:48:38.310952 sonic INFO systemd[1]: Started featured.service - Feature configuration daemon.
2025 Feb 11 02:48:38.458477 sonic INFO featured: ConfigDB connect success
2025 Feb 11 02:48:38.462368 sonic INFO featured[11354]: Traceback (most recent call last):
2025 Feb 11 02:48:38.462434 sonic INFO featured[11354]:   File "/usr/local/bin/featured", line 598, in <module>
2025 Feb 11 02:48:38.462483 sonic INFO featured[11354]:     main()
2025 Feb 11 02:48:38.462520 sonic INFO featured[11354]:   File "/usr/local/bin/featured", line 591, in main
2025 Feb 11 02:48:38.462649 sonic INFO featured[11354]:     daemon = FeatureDaemon()
2025 Feb 11 02:48:38.462683 sonic INFO featured[11354]:              ^^^^^^^^^^^^^^^
2025 Feb 11 02:48:38.462705 sonic INFO featured[11354]:   File "/usr/local/bin/featured", line 529, in __init__
2025 Feb 11 02:48:38.462776 sonic INFO featured[11354]:     self.feature_handler = FeatureHandler(self.config_db, feature_state_table, self.device_config, self.advanced_boot)
2025 Feb 11 02:48:38.462817 sonic INFO featured[11354]:                            ^^^^^^^^^^^^^^^^^^^^^^^^^^^^^^^^^^^^^^^^^^^^^^^^^^^^^^^^^^^^^^^^^^^^^^^^^^^^^^^^^^^^^^^^^^^
2025 Feb 11 02:48:38.462835 sonic INFO featured[11354]:   File "/usr/local/bin/featured", line 136, in __init__
2025 Feb 11 02:48:38.462867 sonic INFO featured[11354]:     self._device_running_config = device_info.get_device_runtime_metadata()
2025 Feb 11 02:48:38.462899 sonic INFO featured[11354]:                                   ^^^^^^^^^^^^^^^^^^^^^^^^^^^^^^^^^^^^^^^^^
2025 Feb 11 02:48:38.462925 sonic INFO featured[11354]:   File "/usr/local/lib/python3.11/dist-packages/sonic_py_common/device_info.py", line 680, in get_device_runtime_metadata
2025 Feb 11 02:48:38.463032 sonic INFO featured[11354]:     port_metadata = {'ETHERNET_PORTS_PRESENT': True if get_path_to_port_config_file(hwsku=None, asic="0" if is_multi_npu() else None) else False}
2025 Feb 11 02:48:38.463087 sonic INFO featured[11354]:                                                        ^^^^^^^^^^^^^^^^^^^^^^^^^^^^^^^^^^^^^^^^^^^^^^^^^^^^^^^^^^^^^^^^^^^^^^^^^^^^^^
2025 Feb 11 02:48:38.463114 sonic INFO featured[11354]:   File "/usr/local/lib/python3.11/dist-packages/sonic_py_common/device_info.py", line 446, in get_path_to_port_config_file
2025 Feb 11 02:48:38.463187 sonic INFO featured[11354]:     (platform_path, hwsku_path) = get_paths_to_platform_and_hwsku_dirs()
2025 Feb 11 02:48:38.463219 sonic INFO featured[11354]:                                   ^^^^^^^^^^^^^^^^^^^^^^^^^^^^^^^^^^^^^^
2025 Feb 11 02:48:38.463245 sonic INFO featured[11354]:   File "/usr/local/lib/python3.11/dist-packages/sonic_py_common/device_info.py", line 412, in get_paths_to_platform_and_hwsku_dirs
2025 Feb 11 02:48:38.463298 sonic INFO featured[11354]:     hwsku_path = os.path.join(platform_path, hwsku)
2025 Feb 11 02:48:38.463332 sonic INFO featured[11354]:                  ^^^^^^^^^^^^^^^^^^^^^^^^^^^^^^^^^^
2025 Feb 11 02:48:38.463357 sonic INFO featured[11354]:   File "<frozen posixpath>", line 90, in join
2025 Feb 11 02:48:38.463382 sonic INFO featured[11354]:   File "<frozen genericpath>", line 152, in _check_arg_types
2025 Feb 11 02:48:38.463407 sonic INFO featured[11354]: TypeError: join() argument must be str, bytes, or os.PathLike object, not 'NoneType'
2025 Feb 11 02:48:38.482018 sonic NOTICE systemd[1]: featured.service: Main process exited, code=exited, status=1/FAILURE
2025 Feb 11 02:48:38.482168 sonic WARNING systemd[1]: featured.service: Failed with result 'exit-code'.
2025 Feb 11 02:48:38.507557 sonic INFO systemd[1]: Started featured.service - Feature configuration daemon.
2025 Feb 11 02:48:38.662252 sonic INFO featured: ConfigDB connect success
2025 Feb 11 02:48:38.667095 sonic INFO featured[11355]: Traceback (most recent call last):
2025 Feb 11 02:48:38.667980 sonic INFO featured[11355]:   File "/usr/local/bin/featured", line 598, in <module>
2025 Feb 11 02:48:38.668082 sonic INFO featured[11355]:     main()
2025 Feb 11 02:48:38.668131 sonic INFO featured[11355]:   File "/usr/local/bin/featured", line 591, in main
2025 Feb 11 02:48:38.668148 sonic INFO featured[11355]:     daemon = FeatureDaemon()
2025 Feb 11 02:48:38.668170 sonic INFO featured[11355]:              ^^^^^^^^^^^^^^^
2025 Feb 11 02:48:38.668186 sonic INFO featured[11355]:   File "/usr/local/bin/featured", line 529, in __init__
2025 Feb 11 02:48:38.668221 sonic INFO featured[11355]:     self.feature_handler = FeatureHandler(self.config_db, feature_state_table, self.device_config, self.advanced_boot)
2025 Feb 11 02:48:38.668278 sonic INFO featured[11355]:                            ^^^^^^^^^^^^^^^^^^^^^^^^^^^^^^^^^^^^^^^^^^^^^^^^^^^^^^^^^^^^^^^^^^^^^^^^^^^^^^^^^^^^^^^^^^^
2025 Feb 11 02:48:38.668307 sonic INFO featured[11355]:   File "/usr/local/bin/featured", line 136, in __init__
2025 Feb 11 02:48:38.668332 sonic INFO featured[11355]:     self._device_running_config = device_info.get_device_runtime_metadata()
2025 Feb 11 02:48:38.668367 sonic INFO featured[11355]:                                   ^^^^^^^^^^^^^^^^^^^^^^^^^^^^^^^^^^^^^^^^^
2025 Feb 11 02:48:38.668394 sonic INFO featured[11355]:   File "/usr/local/lib/python3.11/dist-packages/sonic_py_common/device_info.py", line 680, in get_device_runtime_metadata
2025 Feb 11 02:48:38.668412 sonic INFO featured[11355]:     port_metadata = {'ETHERNET_PORTS_PRESENT': True if get_path_to_port_config_file(hwsku=None, asic="0" if is_multi_npu() else None) else False}
2025 Feb 11 02:48:38.668430 sonic INFO featured[11355]:                                                        ^^^^^^^^^^^^^^^^^^^^^^^^^^^^^^^^^^^^^^^^^^^^^^^^^^^^^^^^^^^^^^^^^^^^^^^^^^^^^^
2025 Feb 11 02:48:38.668454 sonic INFO featured[11355]:   File "/usr/local/lib/python3.11/dist-packages/sonic_py_common/device_info.py", line 446, in get_path_to_port_config_file
2025 Feb 11 02:48:38.668484 sonic INFO featured[11355]:     (platform_path, hwsku_path) = get_paths_to_platform_and_hwsku_dirs()
2025 Feb 11 02:48:38.668509 sonic INFO featured[11355]:                                   ^^^^^^^^^^^^^^^^^^^^^^^^^^^^^^^^^^^^^^
2025 Feb 11 02:48:38.668525 sonic INFO featured[11355]:   File "/usr/local/lib/python3.11/dist-packages/sonic_py_common/device_info.py", line 412, in get_paths_to_platform_and_hwsku_dirs
2025 Feb 11 02:48:38.668598 sonic INFO featured[11355]:     hwsku_path = os.path.join(platform_path, hwsku)
2025 Feb 11 02:48:38.668719 sonic INFO featured[11355]:                  ^^^^^^^^^^^^^^^^^^^^^^^^^^^^^^^^^^
2025 Feb 11 02:48:38.668762 sonic INFO featured[11355]:   File "<frozen posixpath>", line 90, in join
2025 Feb 11 02:48:38.668779 sonic INFO featured[11355]:   File "<frozen genericpath>", line 152, in _check_arg_types
2025 Feb 11 02:48:38.668851 sonic INFO featured[11355]: TypeError: join() argument must be str, bytes, or os.PathLike object, not 'NoneType'
2025 Feb 11 02:48:38.692685 sonic NOTICE systemd[1]: featured.service: Main process exited, code=exited, status=1/FAILURE
2025 Feb 11 02:48:38.692806 sonic WARNING systemd[1]: featured.service: Failed with result 'exit-code'.
2025 Feb 11 02:48:38.719023 sonic INFO systemd[1]: Started featured.service - Feature configuration daemon.
2025 Feb 11 02:48:38.851182 sonic INFO featured: ConfigDB connect success
2025 Feb 11 02:48:38.855134 sonic INFO featured[11356]: Traceback (most recent call last):
2025 Feb 11 02:48:38.855189 sonic INFO featured[11356]:   File "/usr/local/bin/featured", line 598, in <module>
2025 Feb 11 02:48:38.855320 sonic INFO featured[11356]:     main()
2025 Feb 11 02:48:38.855359 sonic INFO featured[11356]:   File "/usr/local/bin/featured", line 591, in main
2025 Feb 11 02:48:38.855484 sonic INFO featured[11356]:     daemon = FeatureDaemon()
2025 Feb 11 02:48:38.855517 sonic INFO featured[11356]:              ^^^^^^^^^^^^^^^
2025 Feb 11 02:48:38.855540 sonic INFO featured[11356]:   File "/usr/local/bin/featured", line 529, in __init__
2025 Feb 11 02:48:38.855611 sonic INFO featured[11356]:     self.feature_handler = FeatureHandler(self.config_db, feature_state_table, self.device_config, self.advanced_boot)
2025 Feb 11 02:48:38.855648 sonic INFO featured[11356]:                            ^^^^^^^^^^^^^^^^^^^^^^^^^^^^^^^^^^^^^^^^^^^^^^^^^^^^^^^^^^^^^^^^^^^^^^^^^^^^^^^^^^^^^^^^^^^
2025 Feb 11 02:48:38.855665 sonic INFO featured[11356]:   File "/usr/local/bin/featured", line 136, in __init__
2025 Feb 11 02:48:38.855706 sonic INFO featured[11356]:     self._device_running_config = device_info.get_device_runtime_metadata()
2025 Feb 11 02:48:38.855738 sonic INFO featured[11356]:                                   ^^^^^^^^^^^^^^^^^^^^^^^^^^^^^^^^^^^^^^^^^
2025 Feb 11 02:48:38.855755 sonic INFO featured[11356]:   File "/usr/local/lib/python3.11/dist-packages/sonic_py_common/device_info.py", line 680, in get_device_runtime_metadata
2025 Feb 11 02:48:38.855869 sonic INFO featured[11356]:     port_metadata = {'ETHERNET_PORTS_PRESENT': True if get_path_to_port_config_file(hwsku=None, asic="0" if is_multi_npu() else None) else False}
2025 Feb 11 02:48:38.855907 sonic INFO featured[11356]:                                                        ^^^^^^^^^^^^^^^^^^^^^^^^^^^^^^^^^^^^^^^^^^^^^^^^^^^^^^^^^^^^^^^^^^^^^^^^^^^^^^
2025 Feb 11 02:48:38.855924 sonic INFO featured[11356]:   File "/usr/local/lib/python3.11/dist-packages/sonic_py_common/device_info.py", line 446, in get_path_to_port_config_file
2025 Feb 11 02:48:38.855990 sonic INFO featured[11356]:     (platform_path, hwsku_path) = get_paths_to_platform_and_hwsku_dirs()
2025 Feb 11 02:48:38.856035 sonic INFO featured[11356]:                                   ^^^^^^^^^^^^^^^^^^^^^^^^^^^^^^^^^^^^^^
2025 Feb 11 02:48:38.856057 sonic INFO featured[11356]:   File "/usr/local/lib/python3.11/dist-packages/sonic_py_common/device_info.py", line 412, in get_paths_to_platform_and_hwsku_dirs
2025 Feb 11 02:48:38.856146 sonic INFO featured[11356]:     hwsku_path = os.path.join(platform_path, hwsku)
2025 Feb 11 02:48:38.856179 sonic INFO featured[11356]:                  ^^^^^^^^^^^^^^^^^^^^^^^^^^^^^^^^^^
2025 Feb 11 02:48:38.856196 sonic INFO featured[11356]:   File "<frozen posixpath>", line 90, in join
2025 Feb 11 02:48:38.856212 sonic INFO featured[11356]:   File "<frozen genericpath>", line 152, in _check_arg_types
2025 Feb 11 02:48:38.856242 sonic INFO featured[11356]: TypeError: join() argument must be str, bytes, or os.PathLike object, not 'NoneType'
2025 Feb 11 02:48:38.874150 sonic NOTICE systemd[1]: featured.service: Main process exited, code=exited, status=1/FAILURE
2025 Feb 11 02:48:38.874344 sonic WARNING systemd[1]: featured.service: Failed with result 'exit-code'.
2025 Feb 11 02:48:38.902725 sonic INFO systemd[1]: Started featured.service - Feature configuration daemon.
2025 Feb 11 02:48:39.052888 sonic INFO featured: ConfigDB connect success
2025 Feb 11 02:48:39.056944 sonic INFO featured[11358]: Traceback (most recent call last):
2025 Feb 11 02:48:39.057021 sonic INFO featured[11358]:   File "/usr/local/bin/featured", line 598, in <module>
2025 Feb 11 02:48:39.057153 sonic INFO featured[11358]:     main()
2025 Feb 11 02:48:39.057193 sonic INFO featured[11358]:   File "/usr/local/bin/featured", line 591, in main
2025 Feb 11 02:48:39.057312 sonic INFO featured[11358]:     daemon = FeatureDaemon()
2025 Feb 11 02:48:39.057351 sonic INFO featured[11358]:              ^^^^^^^^^^^^^^^
2025 Feb 11 02:48:39.057381 sonic INFO featured[11358]:   File "/usr/local/bin/featured", line 529, in __init__
2025 Feb 11 02:48:39.057431 sonic INFO featured[11358]:     self.feature_handler = FeatureHandler(self.config_db, feature_state_table, self.device_config, self.advanced_boot)
2025 Feb 11 02:48:39.057531 sonic INFO featured[11358]:                            ^^^^^^^^^^^^^^^^^^^^^^^^^^^^^^^^^^^^^^^^^^^^^^^^^^^^^^^^^^^^^^^^^^^^^^^^^^^^^^^^^^^^^^^^^^^
2025 Feb 11 02:48:39.057579 sonic INFO featured[11358]:   File "/usr/local/bin/featured", line 136, in __init__
2025 Feb 11 02:48:39.057603 sonic INFO featured[11358]:     self._device_running_config = device_info.get_device_runtime_metadata()
2025 Feb 11 02:48:39.057626 sonic INFO featured[11358]:                                   ^^^^^^^^^^^^^^^^^^^^^^^^^^^^^^^^^^^^^^^^^
2025 Feb 11 02:48:39.057643 sonic INFO featured[11358]:   File "/usr/local/lib/python3.11/dist-packages/sonic_py_common/device_info.py", line 680, in get_device_runtime_metadata
2025 Feb 11 02:48:39.057783 sonic INFO featured[11358]:     port_metadata = {'ETHERNET_PORTS_PRESENT': True if get_path_to_port_config_file(hwsku=None, asic="0" if is_multi_npu() else None) else False}
2025 Feb 11 02:48:39.057844 sonic INFO featured[11358]:                                                        ^^^^^^^^^^^^^^^^^^^^^^^^^^^^^^^^^^^^^^^^^^^^^^^^^^^^^^^^^^^^^^^^^^^^^^^^^^^^^^
2025 Feb 11 02:48:39.057867 sonic INFO featured[11358]:   File "/usr/local/lib/python3.11/dist-packages/sonic_py_common/device_info.py", line 446, in get_path_to_port_config_file
2025 Feb 11 02:48:39.057970 sonic INFO featured[11358]:     (platform_path, hwsku_path) = get_paths_to_platform_and_hwsku_dirs()
2025 Feb 11 02:48:39.058022 sonic INFO featured[11358]:                                   ^^^^^^^^^^^^^^^^^^^^^^^^^^^^^^^^^^^^^^
2025 Feb 11 02:48:39.058041 sonic INFO featured[11358]:   File "/usr/local/lib/python3.11/dist-packages/sonic_py_common/device_info.py", line 412, in get_paths_to_platform_and_hwsku_dirs
2025 Feb 11 02:48:39.058102 sonic INFO featured[11358]:     hwsku_path = os.path.join(platform_path, hwsku)
2025 Feb 11 02:48:39.058134 sonic INFO featured[11358]:                  ^^^^^^^^^^^^^^^^^^^^^^^^^^^^^^^^^^
2025 Feb 11 02:48:39.058151 sonic INFO featured[11358]:   File "<frozen posixpath>", line 90, in join
2025 Feb 11 02:48:39.058167 sonic INFO featured[11358]:   File "<frozen genericpath>", line 152, in _check_arg_types
2025 Feb 11 02:48:39.058197 sonic INFO featured[11358]: TypeError: join() argument must be str, bytes, or os.PathLike object, not 'NoneType'
2025 Feb 11 02:48:39.076336 sonic NOTICE systemd[1]: featured.service: Main process exited, code=exited, status=1/FAILURE
2025 Feb 11 02:48:39.076474 sonic WARNING systemd[1]: featured.service: Failed with result 'exit-code'.
2025 Feb 11 02:48:39.114670 sonic INFO systemd[1]: Started featured.service - Feature configuration daemon.
2025 Feb 11 02:48:39.245888 sonic INFO featured: ConfigDB connect success
2025 Feb 11 02:48:39.249981 sonic INFO featured[11360]: Traceback (most recent call last):
2025 Feb 11 02:48:39.250063 sonic INFO featured[11360]:   File "/usr/local/bin/featured", line 598, in <module>
2025 Feb 11 02:48:39.250148 sonic INFO featured[11360]:     main()
2025 Feb 11 02:48:39.250186 sonic INFO featured[11360]:   File "/usr/local/bin/featured", line 591, in main
2025 Feb 11 02:48:39.250309 sonic INFO featured[11360]:     daemon = FeatureDaemon()
2025 Feb 11 02:48:39.250349 sonic INFO featured[11360]:              ^^^^^^^^^^^^^^^
2025 Feb 11 02:48:39.250365 sonic INFO featured[11360]:   File "/usr/local/bin/featured", line 529, in __init__
2025 Feb 11 02:48:39.250448 sonic INFO featured[11360]:     self.feature_handler = FeatureHandler(self.config_db, feature_state_table, self.device_config, self.advanced_boot)
2025 Feb 11 02:48:39.250485 sonic INFO featured[11360]:                            ^^^^^^^^^^^^^^^^^^^^^^^^^^^^^^^^^^^^^^^^^^^^^^^^^^^^^^^^^^^^^^^^^^^^^^^^^^^^^^^^^^^^^^^^^^^
2025 Feb 11 02:48:39.250503 sonic INFO featured[11360]:   File "/usr/local/bin/featured", line 136, in __init__
2025 Feb 11 02:48:39.250533 sonic INFO featured[11360]:     self._device_running_config = device_info.get_device_runtime_metadata()
2025 Feb 11 02:48:39.250564 sonic INFO featured[11360]:                                   ^^^^^^^^^^^^^^^^^^^^^^^^^^^^^^^^^^^^^^^^^
2025 Feb 11 02:48:39.250590 sonic INFO featured[11360]:   File "/usr/local/lib/python3.11/dist-packages/sonic_py_common/device_info.py", line 680, in get_device_runtime_metadata
2025 Feb 11 02:48:39.250704 sonic INFO featured[11360]:     port_metadata = {'ETHERNET_PORTS_PRESENT': True if get_path_to_port_config_file(hwsku=None, asic="0" if is_multi_npu() else None) else False}
2025 Feb 11 02:48:39.250742 sonic INFO featured[11360]:                                                        ^^^^^^^^^^^^^^^^^^^^^^^^^^^^^^^^^^^^^^^^^^^^^^^^^^^^^^^^^^^^^^^^^^^^^^^^^^^^^^
2025 Feb 11 02:48:39.250759 sonic INFO featured[11360]:   File "/usr/local/lib/python3.11/dist-packages/sonic_py_common/device_info.py", line 446, in get_path_to_port_config_file
2025 Feb 11 02:48:39.250826 sonic INFO featured[11360]:     (platform_path, hwsku_path) = get_paths_to_platform_and_hwsku_dirs()
2025 Feb 11 02:48:39.250858 sonic INFO featured[11360]:                                   ^^^^^^^^^^^^^^^^^^^^^^^^^^^^^^^^^^^^^^
2025 Feb 11 02:48:39.250883 sonic INFO featured[11360]:   File "/usr/local/lib/python3.11/dist-packages/sonic_py_common/device_info.py", line 412, in get_paths_to_platform_and_hwsku_dirs
2025 Feb 11 02:48:39.250935 sonic INFO featured[11360]:     hwsku_path = os.path.join(platform_path, hwsku)
2025 Feb 11 02:48:39.250968 sonic INFO featured[11360]:                  ^^^^^^^^^^^^^^^^^^^^^^^^^^^^^^^^^^
2025 Feb 11 02:48:39.251010 sonic INFO featured[11360]:   File "<frozen posixpath>", line 90, in join
2025 Feb 11 02:48:39.251034 sonic INFO featured[11360]:   File "<frozen genericpath>", line 152, in _check_arg_types
2025 Feb 11 02:48:39.251059 sonic INFO featured[11360]: TypeError: join() argument must be str, bytes, or os.PathLike object, not 'NoneType'
2025 Feb 11 02:48:39.268702 sonic NOTICE systemd[1]: featured.service: Main process exited, code=exited, status=1/FAILURE
2025 Feb 11 02:48:39.268894 sonic WARNING systemd[1]: featured.service: Failed with result 'exit-code'.
2025 Feb 11 02:48:39.270672 sonic WARNING systemd[1]: featured.service: Start request repeated too quickly.
2025 Feb 11 02:48:39.270754 sonic WARNING systemd[1]: featured.service: Failed with result 'exit-code'.
2025 Feb 11 02:48:39.270783 sonic ERR systemd[1]: Failed to start featured.service - Feature configuration daemon.
2025 Feb 11 02:48:46.280262 sonic WARNING systemd[1]: featured.service: Start request repeated too quickly.
2025 Feb 11 02:48:46.280746 sonic WARNING systemd[1]: featured.service: Failed with result 'exit-code'.
2025 Feb 11 02:48:46.280840 sonic ERR systemd[1]: Failed to start featured.service - Feature configuration daemon.
2025 Feb 11 02:48:46.527512 sonic INFO systemd[1]: caclmgrd.service: Scheduled restart job, restart counter is at 43.
2025 Feb 11 02:48:46.528041 sonic INFO systemd[1]: Stopped caclmgrd.service - Control Plane ACL configuration daemon.
2025 Feb 11 02:48:46.566398 sonic INFO systemd[1]: Started caclmgrd.service - Control Plane ACL configuration daemon.
2025 Feb 11 02:48:46.566732 sonic WARNING systemd[1]: featured.service: Start request repeated too quickly.
2025 Feb 11 02:48:46.566808 sonic WARNING systemd[1]: featured.service: Failed with result 'exit-code'.
2025 Feb 11 02:48:46.566872 sonic ERR systemd[1]: Failed to start featured.service - Feature configuration daemon.
2025 Feb 11 02:48:46.568608 sonic WARNING systemd[1]: featured.service: Start request repeated too quickly.
2025 Feb 11 02:48:46.568679 sonic WARNING systemd[1]: featured.service: Failed with result 'exit-code'.
2025 Feb 11 02:48:46.568759 sonic ERR systemd[1]: Failed to start featured.service - Feature configuration daemon.
2025 Feb 11 02:48:46.681375 sonic INFO caclmgrd[11375]: Traceback (most recent call last):
2025 Feb 11 02:48:46.681457 sonic INFO caclmgrd[11375]:   File "/usr/local/bin/caclmgrd", line 1146, in <module>
2025 Feb 11 02:48:46.681593 sonic INFO caclmgrd[11375]:     main()
2025 Feb 11 02:48:46.681642 sonic INFO caclmgrd[11375]:   File "/usr/local/bin/caclmgrd", line 1137, in main
2025 Feb 11 02:48:46.681691 sonic INFO caclmgrd[11375]:     caclmgr = ControlPlaneAclManager(SYSLOG_IDENTIFIER)
2025 Feb 11 02:48:46.681729 sonic INFO caclmgrd[11375]:               ^^^^^^^^^^^^^^^^^^^^^^^^^^^^^^^^^^^^^^^^^
2025 Feb 11 02:48:46.681746 sonic INFO caclmgrd[11375]:   File "/usr/local/bin/caclmgrd", line 156, in __init__
2025 Feb 11 02:48:46.681770 sonic INFO caclmgrd[11375]:     if 'subtype' in metadata['localhost'] and metadata['localhost']['subtype'] == 'DualToR':
2025 Feb 11 02:48:46.681806 sonic INFO caclmgrd[11375]:                     ~~~~~~~~^^^^^^^^^^^^^
2025 Feb 11 02:48:46.681822 sonic INFO caclmgrd[11375]: KeyError: 'localhost'
2025 Feb 11 02:48:46.694137 sonic NOTICE systemd[1]: caclmgrd.service: Main process exited, code=exited, status=1/FAILURE
2025 Feb 11 02:48:46.694250 sonic WARNING systemd[1]: caclmgrd.service: Failed with result 'exit-code'.
2025 Feb 11 02:48:46.696041 sonic WARNING systemd[1]: featured.service: Start request repeated too quickly.
2025 Feb 11 02:48:46.696124 sonic WARNING systemd[1]: featured.service: Failed with result 'exit-code'.
2025 Feb 11 02:48:46.696203 sonic ERR systemd[1]: Failed to start featured.service - Feature configuration daemon.
2025 Feb 11 02:48:54.745247 sonic ERR monit[828]: 'container_checker' status failed (4) -- Unexpected running containers: macsec0, database1, database0, database, bgp0, bgp2, macsec2, macsec3, database2, database3, macsec1, eventd, bgp1, bgp3
2025 Feb 11 02:48:54.847817 sonic DEBUG mgmt_oper_status.py: No management interface found
2025 Feb 11 02:48:55.042701 sonic INFO systemd[1]: Started featured.service - Feature configuration daemon.
2025 Feb 11 02:48:55.057277 sonic INFO memory_checker: [memory_checker] Exits without checking memory usage since container 'gnmi' is not running!
2025 Feb 11 02:48:55.099476 sonic INFO memory_checker: [memory_checker] Exits without checking memory usage since container 'bmp' is not running!
2025 Feb 11 02:48:55.103067 sonic INFO memory_checker: [memory_checker] Exits without checking memory usage since container 'snmp' is not running!
2025 Feb 11 02:48:55.190580 sonic INFO featured: ConfigDB connect success
2025 Feb 11 02:48:55.194884 sonic INFO featured[11412]: Traceback (most recent call last):
2025 Feb 11 02:48:55.194942 sonic INFO featured[11412]:   File "/usr/local/bin/featured", line 598, in <module>
2025 Feb 11 02:48:55.195076 sonic INFO featured[11412]:     main()
2025 Feb 11 02:48:55.195116 sonic INFO featured[11412]:   File "/usr/local/bin/featured", line 591, in main
2025 Feb 11 02:48:55.195237 sonic INFO featured[11412]:     daemon = FeatureDaemon()
2025 Feb 11 02:48:55.195276 sonic INFO featured[11412]:              ^^^^^^^^^^^^^^^
2025 Feb 11 02:48:55.195293 sonic INFO featured[11412]:   File "/usr/local/bin/featured", line 529, in __init__
2025 Feb 11 02:48:55.195377 sonic INFO featured[11412]:     self.feature_handler = FeatureHandler(self.config_db, feature_state_table, self.device_config, self.advanced_boot)
2025 Feb 11 02:48:55.195414 sonic INFO featured[11412]:                            ^^^^^^^^^^^^^^^^^^^^^^^^^^^^^^^^^^^^^^^^^^^^^^^^^^^^^^^^^^^^^^^^^^^^^^^^^^^^^^^^^^^^^^^^^^^
2025 Feb 11 02:48:55.195435 sonic INFO featured[11412]:   File "/usr/local/bin/featured", line 136, in __init__
2025 Feb 11 02:48:55.195457 sonic INFO featured[11412]:     self._device_running_config = device_info.get_device_runtime_metadata()
2025 Feb 11 02:48:55.195488 sonic INFO featured[11412]:                                   ^^^^^^^^^^^^^^^^^^^^^^^^^^^^^^^^^^^^^^^^^
2025 Feb 11 02:48:55.195513 sonic INFO featured[11412]:   File "/usr/local/lib/python3.11/dist-packages/sonic_py_common/device_info.py", line 680, in get_device_runtime_metadata
2025 Feb 11 02:48:55.195620 sonic INFO featured[11412]:     port_metadata = {'ETHERNET_PORTS_PRESENT': True if get_path_to_port_config_file(hwsku=None, asic="0" if is_multi_npu() else None) else False}
2025 Feb 11 02:48:55.195659 sonic INFO featured[11412]:                                                        ^^^^^^^^^^^^^^^^^^^^^^^^^^^^^^^^^^^^^^^^^^^^^^^^^^^^^^^^^^^^^^^^^^^^^^^^^^^^^^
2025 Feb 11 02:48:55.195675 sonic INFO featured[11412]:   File "/usr/local/lib/python3.11/dist-packages/sonic_py_common/device_info.py", line 446, in get_path_to_port_config_file
2025 Feb 11 02:48:55.195744 sonic INFO featured[11412]:     (platform_path, hwsku_path) = get_paths_to_platform_and_hwsku_dirs()
2025 Feb 11 02:48:55.195776 sonic INFO featured[11412]:                                   ^^^^^^^^^^^^^^^^^^^^^^^^^^^^^^^^^^^^^^
2025 Feb 11 02:48:55.195792 sonic INFO featured[11412]:   File "/usr/local/lib/python3.11/dist-packages/sonic_py_common/device_info.py", line 412, in get_paths_to_platform_and_hwsku_dirs
2025 Feb 11 02:48:55.195854 sonic INFO featured[11412]:     hwsku_path = os.path.join(platform_path, hwsku)
2025 Feb 11 02:48:55.195887 sonic INFO featured[11412]:                  ^^^^^^^^^^^^^^^^^^^^^^^^^^^^^^^^^^
2025 Feb 11 02:48:55.195912 sonic INFO featured[11412]:   File "<frozen posixpath>", line 90, in join
2025 Feb 11 02:48:55.195928 sonic INFO featured[11412]:   File "<frozen genericpath>", line 152, in _check_arg_types
2025 Feb 11 02:48:55.195953 sonic INFO featured[11412]: TypeError: join() argument must be str, bytes, or os.PathLike object, not 'NoneType'
2025 Feb 11 02:48:55.215277 sonic NOTICE systemd[1]: featured.service: Main process exited, code=exited, status=1/FAILURE
2025 Feb 11 02:48:55.215399 sonic WARNING systemd[1]: featured.service: Failed with result 'exit-code'.
2025 Feb 11 02:48:55.258759 sonic INFO systemd[1]: Started featured.service - Feature configuration daemon.
2025 Feb 11 02:48:55.389611 sonic INFO featured: ConfigDB connect success
2025 Feb 11 02:48:55.393561 sonic INFO featured[11444]: Traceback (most recent call last):
2025 Feb 11 02:48:55.393604 sonic INFO featured[11444]:   File "/usr/local/bin/featured", line 598, in <module>
2025 Feb 11 02:48:55.393723 sonic INFO featured[11444]:     main()
2025 Feb 11 02:48:55.393759 sonic INFO featured[11444]:   File "/usr/local/bin/featured", line 591, in main
2025 Feb 11 02:48:55.393877 sonic INFO featured[11444]:     daemon = FeatureDaemon()
2025 Feb 11 02:48:55.393907 sonic INFO featured[11444]:              ^^^^^^^^^^^^^^^
2025 Feb 11 02:48:55.393929 sonic INFO featured[11444]:   File "/usr/local/bin/featured", line 529, in __init__
2025 Feb 11 02:48:55.394012 sonic INFO featured[11444]:     self.feature_handler = FeatureHandler(self.config_db, feature_state_table, self.device_config, self.advanced_boot)
2025 Feb 11 02:48:55.394062 sonic INFO featured[11444]:                            ^^^^^^^^^^^^^^^^^^^^^^^^^^^^^^^^^^^^^^^^^^^^^^^^^^^^^^^^^^^^^^^^^^^^^^^^^^^^^^^^^^^^^^^^^^^
2025 Feb 11 02:48:55.394088 sonic INFO featured[11444]:   File "/usr/local/bin/featured", line 136, in __init__
2025 Feb 11 02:48:55.394119 sonic INFO featured[11444]:     self._device_running_config = device_info.get_device_runtime_metadata()
2025 Feb 11 02:48:55.394141 sonic INFO featured[11444]:                                   ^^^^^^^^^^^^^^^^^^^^^^^^^^^^^^^^^^^^^^^^^
2025 Feb 11 02:48:55.394171 sonic INFO featured[11444]:   File "/usr/local/lib/python3.11/dist-packages/sonic_py_common/device_info.py", line 680, in get_device_runtime_metadata
2025 Feb 11 02:48:55.394282 sonic INFO featured[11444]:     port_metadata = {'ETHERNET_PORTS_PRESENT': True if get_path_to_port_config_file(hwsku=None, asic="0" if is_multi_npu() else None) else False}
2025 Feb 11 02:48:55.394318 sonic INFO featured[11444]:                                                        ^^^^^^^^^^^^^^^^^^^^^^^^^^^^^^^^^^^^^^^^^^^^^^^^^^^^^^^^^^^^^^^^^^^^^^^^^^^^^^
2025 Feb 11 02:48:55.394344 sonic INFO featured[11444]:   File "/usr/local/lib/python3.11/dist-packages/sonic_py_common/device_info.py", line 446, in get_path_to_port_config_file
2025 Feb 11 02:48:55.394402 sonic INFO featured[11444]:     (platform_path, hwsku_path) = get_paths_to_platform_and_hwsku_dirs()
2025 Feb 11 02:48:55.394434 sonic INFO featured[11444]:                                   ^^^^^^^^^^^^^^^^^^^^^^^^^^^^^^^^^^^^^^
2025 Feb 11 02:48:55.394451 sonic INFO featured[11444]:   File "/usr/local/lib/python3.11/dist-packages/sonic_py_common/device_info.py", line 412, in get_paths_to_platform_and_hwsku_dirs
2025 Feb 11 02:48:55.394507 sonic INFO featured[11444]:     hwsku_path = os.path.join(platform_path, hwsku)
2025 Feb 11 02:48:55.394540 sonic INFO featured[11444]:                  ^^^^^^^^^^^^^^^^^^^^^^^^^^^^^^^^^^
2025 Feb 11 02:48:55.394565 sonic INFO featured[11444]:   File "<frozen posixpath>", line 90, in join
2025 Feb 11 02:48:55.394583 sonic INFO featured[11444]:   File "<frozen genericpath>", line 152, in _check_arg_types
2025 Feb 11 02:48:55.394612 sonic INFO featured[11444]: TypeError: join() argument must be str, bytes, or os.PathLike object, not 'NoneType'
2025 Feb 11 02:48:55.413398 sonic NOTICE systemd[1]: featured.service: Main process exited, code=exited, status=1/FAILURE
2025 Feb 11 02:48:55.413607 sonic WARNING systemd[1]: featured.service: Failed with result 'exit-code'.
2025 Feb 11 02:48:55.438553 sonic INFO systemd[1]: Started featured.service - Feature configuration daemon.
2025 Feb 11 02:48:55.581425 sonic INFO featured: ConfigDB connect success
2025 Feb 11 02:48:55.585964 sonic INFO featured[11445]: Traceback (most recent call last):
2025 Feb 11 02:48:55.586064 sonic INFO featured[11445]:   File "/usr/local/bin/featured", line 598, in <module>
2025 Feb 11 02:48:55.586185 sonic INFO featured[11445]:     main()
2025 Feb 11 02:48:55.586225 sonic INFO featured[11445]:   File "/usr/local/bin/featured", line 591, in main
2025 Feb 11 02:48:55.586348 sonic INFO featured[11445]:     daemon = FeatureDaemon()
2025 Feb 11 02:48:55.586380 sonic INFO featured[11445]:              ^^^^^^^^^^^^^^^
2025 Feb 11 02:48:55.586403 sonic INFO featured[11445]:   File "/usr/local/bin/featured", line 529, in __init__
2025 Feb 11 02:48:55.586473 sonic INFO featured[11445]:     self.feature_handler = FeatureHandler(self.config_db, feature_state_table, self.device_config, self.advanced_boot)
2025 Feb 11 02:48:55.586515 sonic INFO featured[11445]:                            ^^^^^^^^^^^^^^^^^^^^^^^^^^^^^^^^^^^^^^^^^^^^^^^^^^^^^^^^^^^^^^^^^^^^^^^^^^^^^^^^^^^^^^^^^^^
2025 Feb 11 02:48:55.586533 sonic INFO featured[11445]:   File "/usr/local/bin/featured", line 136, in __init__
2025 Feb 11 02:48:55.586570 sonic INFO featured[11445]:     self._device_running_config = device_info.get_device_runtime_metadata()
2025 Feb 11 02:48:55.586602 sonic INFO featured[11445]:                                   ^^^^^^^^^^^^^^^^^^^^^^^^^^^^^^^^^^^^^^^^^
2025 Feb 11 02:48:55.586651 sonic INFO featured[11445]:   File "/usr/local/lib/python3.11/dist-packages/sonic_py_common/device_info.py", line 680, in get_device_runtime_metadata
2025 Feb 11 02:48:55.586716 sonic INFO featured[11445]:     port_metadata = {'ETHERNET_PORTS_PRESENT': True if get_path_to_port_config_file(hwsku=None, asic="0" if is_multi_npu() else None) else False}
2025 Feb 11 02:48:55.586768 sonic INFO featured[11445]:                                                        ^^^^^^^^^^^^^^^^^^^^^^^^^^^^^^^^^^^^^^^^^^^^^^^^^^^^^^^^^^^^^^^^^^^^^^^^^^^^^^
2025 Feb 11 02:48:55.586798 sonic INFO featured[11445]:   File "/usr/local/lib/python3.11/dist-packages/sonic_py_common/device_info.py", line 446, in get_path_to_port_config_file
2025 Feb 11 02:48:55.586858 sonic INFO featured[11445]:     (platform_path, hwsku_path) = get_paths_to_platform_and_hwsku_dirs()
2025 Feb 11 02:48:55.586894 sonic INFO featured[11445]:                                   ^^^^^^^^^^^^^^^^^^^^^^^^^^^^^^^^^^^^^^
2025 Feb 11 02:48:55.586910 sonic INFO featured[11445]:   File "/usr/local/lib/python3.11/dist-packages/sonic_py_common/device_info.py", line 412, in get_paths_to_platform_and_hwsku_dirs
2025 Feb 11 02:48:55.586966 sonic INFO featured[11445]:     hwsku_path = os.path.join(platform_path, hwsku)
2025 Feb 11 02:48:55.587035 sonic INFO featured[11445]:                  ^^^^^^^^^^^^^^^^^^^^^^^^^^^^^^^^^^
2025 Feb 11 02:48:55.587063 sonic INFO featured[11445]:   File "<frozen posixpath>", line 90, in join
2025 Feb 11 02:48:55.587088 sonic INFO featured[11445]:   File "<frozen genericpath>", line 152, in _check_arg_types
2025 Feb 11 02:48:55.587112 sonic INFO featured[11445]: TypeError: join() argument must be str, bytes, or os.PathLike object, not 'NoneType'
2025 Feb 11 02:48:55.606358 sonic NOTICE systemd[1]: featured.service: Main process exited, code=exited, status=1/FAILURE
2025 Feb 11 02:48:55.606484 sonic WARNING systemd[1]: featured.service: Failed with result 'exit-code'.
2025 Feb 11 02:48:55.650760 sonic INFO systemd[1]: Started featured.service - Feature configuration daemon.
2025 Feb 11 02:48:55.791075 sonic INFO featured: ConfigDB connect success
2025 Feb 11 02:48:55.795398 sonic INFO featured[11446]: Traceback (most recent call last):
2025 Feb 11 02:48:55.795449 sonic INFO featured[11446]:   File "/usr/local/bin/featured", line 598, in <module>
2025 Feb 11 02:48:55.795579 sonic INFO featured[11446]:     main()
2025 Feb 11 02:48:55.795618 sonic INFO featured[11446]:   File "/usr/local/bin/featured", line 591, in main
2025 Feb 11 02:48:55.795745 sonic INFO featured[11446]:     daemon = FeatureDaemon()
2025 Feb 11 02:48:55.795784 sonic INFO featured[11446]:              ^^^^^^^^^^^^^^^
2025 Feb 11 02:48:55.795801 sonic INFO featured[11446]:   File "/usr/local/bin/featured", line 529, in __init__
2025 Feb 11 02:48:55.795891 sonic INFO featured[11446]:     self.feature_handler = FeatureHandler(self.config_db, feature_state_table, self.device_config, self.advanced_boot)
2025 Feb 11 02:48:55.795929 sonic INFO featured[11446]:                            ^^^^^^^^^^^^^^^^^^^^^^^^^^^^^^^^^^^^^^^^^^^^^^^^^^^^^^^^^^^^^^^^^^^^^^^^^^^^^^^^^^^^^^^^^^^
2025 Feb 11 02:48:55.795945 sonic INFO featured[11446]:   File "/usr/local/bin/featured", line 136, in __init__
2025 Feb 11 02:48:55.796003 sonic INFO featured[11446]:     self._device_running_config = device_info.get_device_runtime_metadata()
2025 Feb 11 02:48:55.796037 sonic INFO featured[11446]:                                   ^^^^^^^^^^^^^^^^^^^^^^^^^^^^^^^^^^^^^^^^^
2025 Feb 11 02:48:55.796053 sonic INFO featured[11446]:   File "/usr/local/lib/python3.11/dist-packages/sonic_py_common/device_info.py", line 680, in get_device_runtime_metadata
2025 Feb 11 02:48:55.796188 sonic INFO featured[11446]:     port_metadata = {'ETHERNET_PORTS_PRESENT': True if get_path_to_port_config_file(hwsku=None, asic="0" if is_multi_npu() else None) else False}
2025 Feb 11 02:48:55.796228 sonic INFO featured[11446]:                                                        ^^^^^^^^^^^^^^^^^^^^^^^^^^^^^^^^^^^^^^^^^^^^^^^^^^^^^^^^^^^^^^^^^^^^^^^^^^^^^^
2025 Feb 11 02:48:55.796245 sonic INFO featured[11446]:   File "/usr/local/lib/python3.11/dist-packages/sonic_py_common/device_info.py", line 446, in get_path_to_port_config_file
2025 Feb 11 02:48:55.796317 sonic INFO featured[11446]:     (platform_path, hwsku_path) = get_paths_to_platform_and_hwsku_dirs()
2025 Feb 11 02:48:55.796348 sonic INFO featured[11446]:                                   ^^^^^^^^^^^^^^^^^^^^^^^^^^^^^^^^^^^^^^
2025 Feb 11 02:48:55.796365 sonic INFO featured[11446]:   File "/usr/local/lib/python3.11/dist-packages/sonic_py_common/device_info.py", line 412, in get_paths_to_platform_and_hwsku_dirs
2025 Feb 11 02:48:55.796432 sonic INFO featured[11446]:     hwsku_path = os.path.join(platform_path, hwsku)
2025 Feb 11 02:48:55.796465 sonic INFO featured[11446]:                  ^^^^^^^^^^^^^^^^^^^^^^^^^^^^^^^^^^
2025 Feb 11 02:48:55.796490 sonic INFO featured[11446]:   File "<frozen posixpath>", line 90, in join
2025 Feb 11 02:48:55.796506 sonic INFO featured[11446]:   File "<frozen genericpath>", line 152, in _check_arg_types
2025 Feb 11 02:48:55.796536 sonic INFO featured[11446]: TypeError: join() argument must be str, bytes, or os.PathLike object, not 'NoneType'
2025 Feb 11 02:48:55.815945 sonic NOTICE systemd[1]: featured.service: Main process exited, code=exited, status=1/FAILURE
2025 Feb 11 02:48:55.816115 sonic WARNING systemd[1]: featured.service: Failed with result 'exit-code'.
2025 Feb 11 02:48:55.846514 sonic INFO systemd[1]: Started featured.service - Feature configuration daemon.
2025 Feb 11 02:48:55.978964 sonic INFO featured: ConfigDB connect success
2025 Feb 11 02:48:55.983022 sonic INFO featured[11447]: Traceback (most recent call last):
2025 Feb 11 02:48:55.983089 sonic INFO featured[11447]:   File "/usr/local/bin/featured", line 598, in <module>
2025 Feb 11 02:48:55.983183 sonic INFO featured[11447]:     main()
2025 Feb 11 02:48:55.983223 sonic INFO featured[11447]:   File "/usr/local/bin/featured", line 591, in main
2025 Feb 11 02:48:55.983333 sonic INFO featured[11447]:     daemon = FeatureDaemon()
2025 Feb 11 02:48:55.983375 sonic INFO featured[11447]:              ^^^^^^^^^^^^^^^
2025 Feb 11 02:48:55.983392 sonic INFO featured[11447]:   File "/usr/local/bin/featured", line 529, in __init__
2025 Feb 11 02:48:55.983454 sonic INFO featured[11447]:     self.feature_handler = FeatureHandler(self.config_db, feature_state_table, self.device_config, self.advanced_boot)
2025 Feb 11 02:48:55.983491 sonic INFO featured[11447]:                            ^^^^^^^^^^^^^^^^^^^^^^^^^^^^^^^^^^^^^^^^^^^^^^^^^^^^^^^^^^^^^^^^^^^^^^^^^^^^^^^^^^^^^^^^^^^
2025 Feb 11 02:48:55.983507 sonic INFO featured[11447]:   File "/usr/local/bin/featured", line 136, in __init__
2025 Feb 11 02:48:55.983558 sonic INFO featured[11447]:     self._device_running_config = device_info.get_device_runtime_metadata()
2025 Feb 11 02:48:55.983590 sonic INFO featured[11447]:                                   ^^^^^^^^^^^^^^^^^^^^^^^^^^^^^^^^^^^^^^^^^
2025 Feb 11 02:48:55.983607 sonic INFO featured[11447]:   File "/usr/local/lib/python3.11/dist-packages/sonic_py_common/device_info.py", line 680, in get_device_runtime_metadata
2025 Feb 11 02:48:55.983727 sonic INFO featured[11447]:     port_metadata = {'ETHERNET_PORTS_PRESENT': True if get_path_to_port_config_file(hwsku=None, asic="0" if is_multi_npu() else None) else False}
2025 Feb 11 02:48:55.983767 sonic INFO featured[11447]:                                                        ^^^^^^^^^^^^^^^^^^^^^^^^^^^^^^^^^^^^^^^^^^^^^^^^^^^^^^^^^^^^^^^^^^^^^^^^^^^^^^
2025 Feb 11 02:48:55.983784 sonic INFO featured[11447]:   File "/usr/local/lib/python3.11/dist-packages/sonic_py_common/device_info.py", line 446, in get_path_to_port_config_file
2025 Feb 11 02:48:55.983844 sonic INFO featured[11447]:     (platform_path, hwsku_path) = get_paths_to_platform_and_hwsku_dirs()
2025 Feb 11 02:48:55.983876 sonic INFO featured[11447]:                                   ^^^^^^^^^^^^^^^^^^^^^^^^^^^^^^^^^^^^^^
2025 Feb 11 02:48:55.983892 sonic INFO featured[11447]:   File "/usr/local/lib/python3.11/dist-packages/sonic_py_common/device_info.py", line 412, in get_paths_to_platform_and_hwsku_dirs
2025 Feb 11 02:48:55.983951 sonic INFO featured[11447]:     hwsku_path = os.path.join(platform_path, hwsku)
2025 Feb 11 02:48:55.984005 sonic INFO featured[11447]:                  ^^^^^^^^^^^^^^^^^^^^^^^^^^^^^^^^^^
2025 Feb 11 02:48:55.984030 sonic INFO featured[11447]:   File "<frozen posixpath>", line 90, in join
2025 Feb 11 02:48:55.984055 sonic INFO featured[11447]:   File "<frozen genericpath>", line 152, in _check_arg_types
2025 Feb 11 02:48:55.984070 sonic INFO featured[11447]: TypeError: join() argument must be str, bytes, or os.PathLike object, not 'NoneType'
2025 Feb 11 02:48:56.003040 sonic NOTICE systemd[1]: featured.service: Main process exited, code=exited, status=1/FAILURE
2025 Feb 11 02:48:56.003180 sonic WARNING systemd[1]: featured.service: Failed with result 'exit-code'.
2025 Feb 11 02:48:56.004708 sonic WARNING systemd[1]: featured.service: Start request repeated too quickly.
2025 Feb 11 02:48:56.004763 sonic WARNING systemd[1]: featured.service: Failed with result 'exit-code'.
2025 Feb 11 02:48:56.004827 sonic ERR systemd[1]: Failed to start featured.service - Feature configuration daemon.
2025 Feb 11 02:48:58.278315 sonic WARNING systemd[1]: featured.service: Start request repeated too quickly.
2025 Feb 11 02:48:58.278519 sonic WARNING systemd[1]: featured.service: Failed with result 'exit-code'.
2025 Feb 11 02:48:58.278586 sonic ERR systemd[1]: Failed to start featured.service - Feature configuration daemon.
2025 Feb 11 02:49:08.298599 sonic INFO systemd[1]: Started featured.service - Feature configuration daemon.
2025 Feb 11 02:49:08.431095 sonic INFO featured: ConfigDB connect success
2025 Feb 11 02:49:08.435050 sonic INFO featured[11478]: Traceback (most recent call last):
2025 Feb 11 02:49:08.435105 sonic INFO featured[11478]:   File "/usr/local/bin/featured", line 598, in <module>
2025 Feb 11 02:49:08.435247 sonic INFO featured[11478]:     main()
2025 Feb 11 02:49:08.435285 sonic INFO featured[11478]:   File "/usr/local/bin/featured", line 591, in main
2025 Feb 11 02:49:08.435488 sonic INFO featured[11478]:     daemon = FeatureDaemon()
2025 Feb 11 02:49:08.435528 sonic INFO featured[11478]:              ^^^^^^^^^^^^^^^
2025 Feb 11 02:49:08.435545 sonic INFO featured[11478]:   File "/usr/local/bin/featured", line 529, in __init__
2025 Feb 11 02:49:08.435684 sonic INFO featured[11478]:     self.feature_handler = FeatureHandler(self.config_db, feature_state_table, self.device_config, self.advanced_boot)
2025 Feb 11 02:49:08.435722 sonic INFO featured[11478]:                            ^^^^^^^^^^^^^^^^^^^^^^^^^^^^^^^^^^^^^^^^^^^^^^^^^^^^^^^^^^^^^^^^^^^^^^^^^^^^^^^^^^^^^^^^^^^
2025 Feb 11 02:49:08.435744 sonic INFO featured[11478]:   File "/usr/local/bin/featured", line 136, in __init__
2025 Feb 11 02:49:08.435844 sonic INFO featured[11478]:     self._device_running_config = device_info.get_device_runtime_metadata()
2025 Feb 11 02:49:08.435881 sonic INFO featured[11478]:                                   ^^^^^^^^^^^^^^^^^^^^^^^^^^^^^^^^^^^^^^^^^
2025 Feb 11 02:49:08.435898 sonic INFO featured[11478]:   File "/usr/local/lib/python3.11/dist-packages/sonic_py_common/device_info.py", line 680, in get_device_runtime_metadata
2025 Feb 11 02:49:08.436124 sonic INFO featured[11478]:     port_metadata = {'ETHERNET_PORTS_PRESENT': True if get_path_to_port_config_file(hwsku=None, asic="0" if is_multi_npu() else None) else False}
2025 Feb 11 02:49:08.436190 sonic INFO featured[11478]:                                                        ^^^^^^^^^^^^^^^^^^^^^^^^^^^^^^^^^^^^^^^^^^^^^^^^^^^^^^^^^^^^^^^^^^^^^^^^^^^^^^
2025 Feb 11 02:49:08.436227 sonic INFO featured[11478]:   File "/usr/local/lib/python3.11/dist-packages/sonic_py_common/device_info.py", line 446, in get_path_to_port_config_file
2025 Feb 11 02:49:08.436354 sonic INFO featured[11478]:     (platform_path, hwsku_path) = get_paths_to_platform_and_hwsku_dirs()
2025 Feb 11 02:49:08.436402 sonic INFO featured[11478]:                                   ^^^^^^^^^^^^^^^^^^^^^^^^^^^^^^^^^^^^^^
2025 Feb 11 02:49:08.436434 sonic INFO featured[11478]:   File "/usr/local/lib/python3.11/dist-packages/sonic_py_common/device_info.py", line 412, in get_paths_to_platform_and_hwsku_dirs
2025 Feb 11 02:49:08.436547 sonic INFO featured[11478]:     hwsku_path = os.path.join(platform_path, hwsku)
2025 Feb 11 02:49:08.436595 sonic INFO featured[11478]:                  ^^^^^^^^^^^^^^^^^^^^^^^^^^^^^^^^^^
2025 Feb 11 02:49:08.436628 sonic INFO featured[11478]:   File "<frozen posixpath>", line 90, in join
2025 Feb 11 02:49:08.436653 sonic INFO featured[11478]:   File "<frozen genericpath>", line 152, in _check_arg_types
2025 Feb 11 02:49:08.436677 sonic INFO featured[11478]: TypeError: join() argument must be str, bytes, or os.PathLike object, not 'NoneType'
2025 Feb 11 02:49:08.454513 sonic NOTICE systemd[1]: featured.service: Main process exited, code=exited, status=1/FAILURE
2025 Feb 11 02:49:08.454645 sonic WARNING systemd[1]: featured.service: Failed with result 'exit-code'.
2025 Feb 11 02:49:08.474569 sonic INFO systemd[1]: Started featured.service - Feature configuration daemon.
2025 Feb 11 02:49:08.627570 sonic INFO featured: ConfigDB connect success
2025 Feb 11 02:49:08.631730 sonic INFO featured[11479]: Traceback (most recent call last):
2025 Feb 11 02:49:08.631778 sonic INFO featured[11479]:   File "/usr/local/bin/featured", line 598, in <module>
2025 Feb 11 02:49:08.631962 sonic INFO featured[11479]:     main()
2025 Feb 11 02:49:08.632019 sonic INFO featured[11479]:   File "/usr/local/bin/featured", line 591, in main
2025 Feb 11 02:49:08.632227 sonic INFO featured[11479]:     daemon = FeatureDaemon()
2025 Feb 11 02:49:08.632260 sonic INFO featured[11479]:              ^^^^^^^^^^^^^^^
2025 Feb 11 02:49:08.632284 sonic INFO featured[11479]:   File "/usr/local/bin/featured", line 529, in __init__
2025 Feb 11 02:49:08.632407 sonic INFO featured[11479]:     self.feature_handler = FeatureHandler(self.config_db, feature_state_table, self.device_config, self.advanced_boot)
2025 Feb 11 02:49:08.632446 sonic INFO featured[11479]:                            ^^^^^^^^^^^^^^^^^^^^^^^^^^^^^^^^^^^^^^^^^^^^^^^^^^^^^^^^^^^^^^^^^^^^^^^^^^^^^^^^^^^^^^^^^^^
2025 Feb 11 02:49:08.632463 sonic INFO featured[11479]:   File "/usr/local/bin/featured", line 136, in __init__
2025 Feb 11 02:49:08.632563 sonic INFO featured[11479]:     self._device_running_config = device_info.get_device_runtime_metadata()
2025 Feb 11 02:49:08.632601 sonic INFO featured[11479]:                                   ^^^^^^^^^^^^^^^^^^^^^^^^^^^^^^^^^^^^^^^^^
2025 Feb 11 02:49:08.632618 sonic INFO featured[11479]:   File "/usr/local/lib/python3.11/dist-packages/sonic_py_common/device_info.py", line 680, in get_device_runtime_metadata
2025 Feb 11 02:49:08.632810 sonic INFO featured[11479]:     port_metadata = {'ETHERNET_PORTS_PRESENT': True if get_path_to_port_config_file(hwsku=None, asic="0" if is_multi_npu() else None) else False}
2025 Feb 11 02:49:08.632850 sonic INFO featured[11479]:                                                        ^^^^^^^^^^^^^^^^^^^^^^^^^^^^^^^^^^^^^^^^^^^^^^^^^^^^^^^^^^^^^^^^^^^^^^^^^^^^^^
2025 Feb 11 02:49:08.632868 sonic INFO featured[11479]:   File "/usr/local/lib/python3.11/dist-packages/sonic_py_common/device_info.py", line 446, in get_path_to_port_config_file
2025 Feb 11 02:49:08.633017 sonic INFO featured[11479]:     (platform_path, hwsku_path) = get_paths_to_platform_and_hwsku_dirs()
2025 Feb 11 02:49:08.633053 sonic INFO featured[11479]:                                   ^^^^^^^^^^^^^^^^^^^^^^^^^^^^^^^^^^^^^^
2025 Feb 11 02:49:08.633070 sonic INFO featured[11479]:   File "/usr/local/lib/python3.11/dist-packages/sonic_py_common/device_info.py", line 412, in get_paths_to_platform_and_hwsku_dirs
2025 Feb 11 02:49:08.633194 sonic INFO featured[11479]:     hwsku_path = os.path.join(platform_path, hwsku)
2025 Feb 11 02:49:08.633242 sonic INFO featured[11479]:                  ^^^^^^^^^^^^^^^^^^^^^^^^^^^^^^^^^^
2025 Feb 11 02:49:08.633275 sonic INFO featured[11479]:   File "<frozen posixpath>", line 90, in join
2025 Feb 11 02:49:08.633305 sonic INFO featured[11479]:   File "<frozen genericpath>", line 152, in _check_arg_types
2025 Feb 11 02:49:08.633329 sonic INFO featured[11479]: TypeError: join() argument must be str, bytes, or os.PathLike object, not 'NoneType'
2025 Feb 11 02:49:08.651678 sonic NOTICE systemd[1]: featured.service: Main process exited, code=exited, status=1/FAILURE
2025 Feb 11 02:49:08.651798 sonic WARNING systemd[1]: featured.service: Failed with result 'exit-code'.
2025 Feb 11 02:49:08.684381 sonic INFO systemd[1]: Started featured.service - Feature configuration daemon.
2025 Feb 11 02:49:08.822082 sonic INFO featured: ConfigDB connect success
2025 Feb 11 02:49:08.826958 sonic INFO featured[11480]: Traceback (most recent call last):
2025 Feb 11 02:49:08.827034 sonic INFO featured[11480]:   File "/usr/local/bin/featured", line 598, in <module>
2025 Feb 11 02:49:08.827139 sonic INFO featured[11480]:     main()
2025 Feb 11 02:49:08.827179 sonic INFO featured[11480]:   File "/usr/local/bin/featured", line 591, in main
2025 Feb 11 02:49:08.827299 sonic INFO featured[11480]:     daemon = FeatureDaemon()
2025 Feb 11 02:49:08.827338 sonic INFO featured[11480]:              ^^^^^^^^^^^^^^^
2025 Feb 11 02:49:08.827356 sonic INFO featured[11480]:   File "/usr/local/bin/featured", line 529, in __init__
2025 Feb 11 02:49:08.827419 sonic INFO featured[11480]:     self.feature_handler = FeatureHandler(self.config_db, feature_state_table, self.device_config, self.advanced_boot)
2025 Feb 11 02:49:08.827468 sonic INFO featured[11480]:                            ^^^^^^^^^^^^^^^^^^^^^^^^^^^^^^^^^^^^^^^^^^^^^^^^^^^^^^^^^^^^^^^^^^^^^^^^^^^^^^^^^^^^^^^^^^^
2025 Feb 11 02:49:08.827495 sonic INFO featured[11480]:   File "/usr/local/bin/featured", line 136, in __init__
2025 Feb 11 02:49:08.827526 sonic INFO featured[11480]:     self._device_running_config = device_info.get_device_runtime_metadata()
2025 Feb 11 02:49:08.827556 sonic INFO featured[11480]:                                   ^^^^^^^^^^^^^^^^^^^^^^^^^^^^^^^^^^^^^^^^^
2025 Feb 11 02:49:08.827581 sonic INFO featured[11480]:   File "/usr/local/lib/python3.11/dist-packages/sonic_py_common/device_info.py", line 680, in get_device_runtime_metadata
2025 Feb 11 02:49:08.827686 sonic INFO featured[11480]:     port_metadata = {'ETHERNET_PORTS_PRESENT': True if get_path_to_port_config_file(hwsku=None, asic="0" if is_multi_npu() else None) else False}
2025 Feb 11 02:49:08.827723 sonic INFO featured[11480]:                                                        ^^^^^^^^^^^^^^^^^^^^^^^^^^^^^^^^^^^^^^^^^^^^^^^^^^^^^^^^^^^^^^^^^^^^^^^^^^^^^^
2025 Feb 11 02:49:08.827746 sonic INFO featured[11480]:   File "/usr/local/lib/python3.11/dist-packages/sonic_py_common/device_info.py", line 446, in get_path_to_port_config_file
2025 Feb 11 02:49:08.827878 sonic INFO featured[11480]:     (platform_path, hwsku_path) = get_paths_to_platform_and_hwsku_dirs()
2025 Feb 11 02:49:08.827915 sonic INFO featured[11480]:                                   ^^^^^^^^^^^^^^^^^^^^^^^^^^^^^^^^^^^^^^
2025 Feb 11 02:49:08.827932 sonic INFO featured[11480]:   File "/usr/local/lib/python3.11/dist-packages/sonic_py_common/device_info.py", line 412, in get_paths_to_platform_and_hwsku_dirs
2025 Feb 11 02:49:08.827996 sonic INFO featured[11480]:     hwsku_path = os.path.join(platform_path, hwsku)
2025 Feb 11 02:49:08.828030 sonic INFO featured[11480]:                  ^^^^^^^^^^^^^^^^^^^^^^^^^^^^^^^^^^
2025 Feb 11 02:49:08.828055 sonic INFO featured[11480]:   File "<frozen posixpath>", line 90, in join
2025 Feb 11 02:49:08.828079 sonic INFO featured[11480]:   File "<frozen genericpath>", line 152, in _check_arg_types
2025 Feb 11 02:49:08.828108 sonic INFO featured[11480]: TypeError: join() argument must be str, bytes, or os.PathLike object, not 'NoneType'
2025 Feb 11 02:49:08.855862 sonic NOTICE systemd[1]: featured.service: Main process exited, code=exited, status=1/FAILURE
2025 Feb 11 02:49:08.856013 sonic WARNING systemd[1]: featured.service: Failed with result 'exit-code'.
2025 Feb 11 02:49:08.886584 sonic INFO systemd[1]: Started featured.service - Feature configuration daemon.
2025 Feb 11 02:49:09.037150 sonic INFO featured: ConfigDB connect success
2025 Feb 11 02:49:09.041158 sonic INFO featured[11481]: Traceback (most recent call last):
2025 Feb 11 02:49:09.041210 sonic INFO featured[11481]:   File "/usr/local/bin/featured", line 598, in <module>
2025 Feb 11 02:49:09.041384 sonic INFO featured[11481]:     main()
2025 Feb 11 02:49:09.041423 sonic INFO featured[11481]:   File "/usr/local/bin/featured", line 591, in main
2025 Feb 11 02:49:09.041696 sonic INFO featured[11481]:     daemon = FeatureDaemon()
2025 Feb 11 02:49:09.041738 sonic INFO featured[11481]:              ^^^^^^^^^^^^^^^
2025 Feb 11 02:49:09.041755 sonic INFO featured[11481]:   File "/usr/local/bin/featured", line 529, in __init__
2025 Feb 11 02:49:09.041891 sonic INFO featured[11481]:     self.feature_handler = FeatureHandler(self.config_db, feature_state_table, self.device_config, self.advanced_boot)
2025 Feb 11 02:49:09.041941 sonic INFO featured[11481]:                            ^^^^^^^^^^^^^^^^^^^^^^^^^^^^^^^^^^^^^^^^^^^^^^^^^^^^^^^^^^^^^^^^^^^^^^^^^^^^^^^^^^^^^^^^^^^
2025 Feb 11 02:49:09.041963 sonic INFO featured[11481]:   File "/usr/local/bin/featured", line 136, in __init__
2025 Feb 11 02:49:09.042083 sonic INFO featured[11481]:     self._device_running_config = device_info.get_device_runtime_metadata()
2025 Feb 11 02:49:09.042133 sonic INFO featured[11481]:                                   ^^^^^^^^^^^^^^^^^^^^^^^^^^^^^^^^^^^^^^^^^
2025 Feb 11 02:49:09.042165 sonic INFO featured[11481]:   File "/usr/local/lib/python3.11/dist-packages/sonic_py_common/device_info.py", line 680, in get_device_runtime_metadata
2025 Feb 11 02:49:09.042351 sonic INFO featured[11481]:     port_metadata = {'ETHERNET_PORTS_PRESENT': True if get_path_to_port_config_file(hwsku=None, asic="0" if is_multi_npu() else None) else False}
2025 Feb 11 02:49:09.042390 sonic INFO featured[11481]:                                                        ^^^^^^^^^^^^^^^^^^^^^^^^^^^^^^^^^^^^^^^^^^^^^^^^^^^^^^^^^^^^^^^^^^^^^^^^^^^^^^
2025 Feb 11 02:49:09.042407 sonic INFO featured[11481]:   File "/usr/local/lib/python3.11/dist-packages/sonic_py_common/device_info.py", line 446, in get_path_to_port_config_file
2025 Feb 11 02:49:09.042520 sonic INFO featured[11481]:     (platform_path, hwsku_path) = get_paths_to_platform_and_hwsku_dirs()
2025 Feb 11 02:49:09.042568 sonic INFO featured[11481]:                                   ^^^^^^^^^^^^^^^^^^^^^^^^^^^^^^^^^^^^^^
2025 Feb 11 02:49:09.042600 sonic INFO featured[11481]:   File "/usr/local/lib/python3.11/dist-packages/sonic_py_common/device_info.py", line 412, in get_paths_to_platform_and_hwsku_dirs
2025 Feb 11 02:49:09.042715 sonic INFO featured[11481]:     hwsku_path = os.path.join(platform_path, hwsku)
2025 Feb 11 02:49:09.042762 sonic INFO featured[11481]:                  ^^^^^^^^^^^^^^^^^^^^^^^^^^^^^^^^^^
2025 Feb 11 02:49:09.042794 sonic INFO featured[11481]:   File "<frozen posixpath>", line 90, in join
2025 Feb 11 02:49:09.042820 sonic INFO featured[11481]:   File "<frozen genericpath>", line 152, in _check_arg_types
2025 Feb 11 02:49:09.042836 sonic INFO featured[11481]: TypeError: join() argument must be str, bytes, or os.PathLike object, not 'NoneType'
2025 Feb 11 02:49:09.061105 sonic NOTICE systemd[1]: featured.service: Main process exited, code=exited, status=1/FAILURE
2025 Feb 11 02:49:09.061237 sonic WARNING systemd[1]: featured.service: Failed with result 'exit-code'.
2025 Feb 11 02:49:09.082866 sonic INFO systemd[1]: Started featured.service - Feature configuration daemon.
2025 Feb 11 02:49:09.254189 sonic INFO featured: ConfigDB connect success
2025 Feb 11 02:49:09.258111 sonic INFO featured[11482]: Traceback (most recent call last):
2025 Feb 11 02:49:09.258170 sonic INFO featured[11482]:   File "/usr/local/bin/featured", line 598, in <module>
2025 Feb 11 02:49:09.258284 sonic INFO featured[11482]:     main()
2025 Feb 11 02:49:09.258323 sonic INFO featured[11482]:   File "/usr/local/bin/featured", line 591, in main
2025 Feb 11 02:49:09.258442 sonic INFO featured[11482]:     daemon = FeatureDaemon()
2025 Feb 11 02:49:09.258476 sonic INFO featured[11482]:              ^^^^^^^^^^^^^^^
2025 Feb 11 02:49:09.258498 sonic INFO featured[11482]:   File "/usr/local/bin/featured", line 529, in __init__
2025 Feb 11 02:49:09.258569 sonic INFO featured[11482]:     self.feature_handler = FeatureHandler(self.config_db, feature_state_table, self.device_config, self.advanced_boot)
2025 Feb 11 02:49:09.258603 sonic INFO featured[11482]:                            ^^^^^^^^^^^^^^^^^^^^^^^^^^^^^^^^^^^^^^^^^^^^^^^^^^^^^^^^^^^^^^^^^^^^^^^^^^^^^^^^^^^^^^^^^^^
2025 Feb 11 02:49:09.258620 sonic INFO featured[11482]:   File "/usr/local/bin/featured", line 136, in __init__
2025 Feb 11 02:49:09.258664 sonic INFO featured[11482]:     self._device_running_config = device_info.get_device_runtime_metadata()
2025 Feb 11 02:49:09.258687 sonic INFO featured[11482]:                                   ^^^^^^^^^^^^^^^^^^^^^^^^^^^^^^^^^^^^^^^^^
2025 Feb 11 02:49:09.258703 sonic INFO featured[11482]:   File "/usr/local/lib/python3.11/dist-packages/sonic_py_common/device_info.py", line 680, in get_device_runtime_metadata
2025 Feb 11 02:49:09.258828 sonic INFO featured[11482]:     port_metadata = {'ETHERNET_PORTS_PRESENT': True if get_path_to_port_config_file(hwsku=None, asic="0" if is_multi_npu() else None) else False}
2025 Feb 11 02:49:09.258867 sonic INFO featured[11482]:                                                        ^^^^^^^^^^^^^^^^^^^^^^^^^^^^^^^^^^^^^^^^^^^^^^^^^^^^^^^^^^^^^^^^^^^^^^^^^^^^^^
2025 Feb 11 02:49:09.258883 sonic INFO featured[11482]:   File "/usr/local/lib/python3.11/dist-packages/sonic_py_common/device_info.py", line 446, in get_path_to_port_config_file
2025 Feb 11 02:49:09.258950 sonic INFO featured[11482]:     (platform_path, hwsku_path) = get_paths_to_platform_and_hwsku_dirs()
2025 Feb 11 02:49:09.259001 sonic INFO featured[11482]:                                   ^^^^^^^^^^^^^^^^^^^^^^^^^^^^^^^^^^^^^^
2025 Feb 11 02:49:09.259018 sonic INFO featured[11482]:   File "/usr/local/lib/python3.11/dist-packages/sonic_py_common/device_info.py", line 412, in get_paths_to_platform_and_hwsku_dirs
2025 Feb 11 02:49:09.259084 sonic INFO featured[11482]:     hwsku_path = os.path.join(platform_path, hwsku)
2025 Feb 11 02:49:09.259116 sonic INFO featured[11482]:                  ^^^^^^^^^^^^^^^^^^^^^^^^^^^^^^^^^^
2025 Feb 11 02:49:09.259132 sonic INFO featured[11482]:   File "<frozen posixpath>", line 90, in join
2025 Feb 11 02:49:09.259147 sonic INFO featured[11482]:   File "<frozen genericpath>", line 152, in _check_arg_types
2025 Feb 11 02:49:09.259172 sonic INFO featured[11482]: TypeError: join() argument must be str, bytes, or os.PathLike object, not 'NoneType'
2025 Feb 11 02:49:09.287783 sonic NOTICE systemd[1]: featured.service: Main process exited, code=exited, status=1/FAILURE
2025 Feb 11 02:49:09.288576 sonic WARNING systemd[1]: featured.service: Failed with result 'exit-code'.
2025 Feb 11 02:49:09.292416 sonic WARNING systemd[1]: featured.service: Start request repeated too quickly.
2025 Feb 11 02:49:09.292509 sonic WARNING systemd[1]: featured.service: Failed with result 'exit-code'.
2025 Feb 11 02:49:09.292578 sonic ERR systemd[1]: Failed to start featured.service - Feature configuration daemon.
2025 Feb 11 02:49:16.282511 sonic WARNING systemd[1]: featured.service: Start request repeated too quickly.
2025 Feb 11 02:49:16.282992 sonic WARNING systemd[1]: featured.service: Failed with result 'exit-code'.
2025 Feb 11 02:49:16.283067 sonic ERR systemd[1]: Failed to start featured.service - Feature configuration daemon.
2025 Feb 11 02:49:16.779146 sonic INFO systemd[1]: caclmgrd.service: Scheduled restart job, restart counter is at 44.
2025 Feb 11 02:49:16.779391 sonic INFO systemd[1]: Stopped caclmgrd.service - Control Plane ACL configuration daemon.
2025 Feb 11 02:49:16.827504 sonic INFO systemd[1]: Started caclmgrd.service - Control Plane ACL configuration daemon.
2025 Feb 11 02:49:16.828037 sonic WARNING systemd[1]: featured.service: Start request repeated too quickly.
2025 Feb 11 02:49:16.828099 sonic WARNING systemd[1]: featured.service: Failed with result 'exit-code'.
2025 Feb 11 02:49:16.828149 sonic ERR systemd[1]: Failed to start featured.service - Feature configuration daemon.
2025 Feb 11 02:49:16.830395 sonic WARNING systemd[1]: featured.service: Start request repeated too quickly.
2025 Feb 11 02:49:16.830447 sonic WARNING systemd[1]: featured.service: Failed with result 'exit-code'.
2025 Feb 11 02:49:16.830475 sonic ERR systemd[1]: Failed to start featured.service - Feature configuration daemon.
2025 Feb 11 02:49:16.967123 sonic INFO caclmgrd[11499]: Traceback (most recent call last):
2025 Feb 11 02:49:16.967317 sonic INFO caclmgrd[11499]:   File "/usr/local/bin/caclmgrd", line 1146, in <module>
2025 Feb 11 02:49:16.967356 sonic INFO caclmgrd[11499]:     main()
2025 Feb 11 02:49:16.967380 sonic INFO caclmgrd[11499]:   File "/usr/local/bin/caclmgrd", line 1137, in main
2025 Feb 11 02:49:16.967406 sonic INFO caclmgrd[11499]:     caclmgr = ControlPlaneAclManager(SYSLOG_IDENTIFIER)
2025 Feb 11 02:49:16.967454 sonic INFO caclmgrd[11499]:               ^^^^^^^^^^^^^^^^^^^^^^^^^^^^^^^^^^^^^^^^^
2025 Feb 11 02:49:16.967491 sonic INFO caclmgrd[11499]:   File "/usr/local/bin/caclmgrd", line 156, in __init__
2025 Feb 11 02:49:16.967581 sonic INFO caclmgrd[11499]:     if 'subtype' in metadata['localhost'] and metadata['localhost']['subtype'] == 'DualToR':
2025 Feb 11 02:49:16.967631 sonic INFO caclmgrd[11499]:                     ~~~~~~~~^^^^^^^^^^^^^
2025 Feb 11 02:49:16.967669 sonic INFO caclmgrd[11499]: KeyError: 'localhost'
2025 Feb 11 02:49:16.981278 sonic NOTICE systemd[1]: caclmgrd.service: Main process exited, code=exited, status=1/FAILURE
2025 Feb 11 02:49:16.981435 sonic WARNING systemd[1]: caclmgrd.service: Failed with result 'exit-code'.
2025 Feb 11 02:49:16.983376 sonic WARNING systemd[1]: featured.service: Start request repeated too quickly.
2025 Feb 11 02:49:16.983446 sonic WARNING systemd[1]: featured.service: Failed with result 'exit-code'.
2025 Feb 11 02:49:16.983513 sonic ERR systemd[1]: Failed to start featured.service - Feature configuration daemon.
2025 Feb 11 02:49:38.302732 sonic INFO systemd[1]: Started featured.service - Feature configuration daemon.
2025 Feb 11 02:49:38.442911 sonic INFO featured: ConfigDB connect success
2025 Feb 11 02:49:38.446981 sonic INFO featured[11558]: Traceback (most recent call last):
2025 Feb 11 02:49:38.447034 sonic INFO featured[11558]:   File "/usr/local/bin/featured", line 598, in <module>
2025 Feb 11 02:49:38.447184 sonic INFO featured[11558]:     main()
2025 Feb 11 02:49:38.447223 sonic INFO featured[11558]:   File "/usr/local/bin/featured", line 591, in main
2025 Feb 11 02:49:38.447338 sonic INFO featured[11558]:     daemon = FeatureDaemon()
2025 Feb 11 02:49:38.447384 sonic INFO featured[11558]:              ^^^^^^^^^^^^^^^
2025 Feb 11 02:49:38.447412 sonic INFO featured[11558]:   File "/usr/local/bin/featured", line 529, in __init__
2025 Feb 11 02:49:38.447443 sonic INFO featured[11558]:     self.feature_handler = FeatureHandler(self.config_db, feature_state_table, self.device_config, self.advanced_boot)
2025 Feb 11 02:49:38.447491 sonic INFO featured[11558]:                            ^^^^^^^^^^^^^^^^^^^^^^^^^^^^^^^^^^^^^^^^^^^^^^^^^^^^^^^^^^^^^^^^^^^^^^^^^^^^^^^^^^^^^^^^^^^
2025 Feb 11 02:49:38.447521 sonic INFO featured[11558]:   File "/usr/local/bin/featured", line 136, in __init__
2025 Feb 11 02:49:38.447543 sonic INFO featured[11558]:     self._device_running_config = device_info.get_device_runtime_metadata()
2025 Feb 11 02:49:38.447573 sonic INFO featured[11558]:                                   ^^^^^^^^^^^^^^^^^^^^^^^^^^^^^^^^^^^^^^^^^
2025 Feb 11 02:49:38.447598 sonic INFO featured[11558]:   File "/usr/local/lib/python3.11/dist-packages/sonic_py_common/device_info.py", line 680, in get_device_runtime_metadata
2025 Feb 11 02:49:38.447704 sonic INFO featured[11558]:     port_metadata = {'ETHERNET_PORTS_PRESENT': True if get_path_to_port_config_file(hwsku=None, asic="0" if is_multi_npu() else None) else False}
2025 Feb 11 02:49:38.447743 sonic INFO featured[11558]:                                                        ^^^^^^^^^^^^^^^^^^^^^^^^^^^^^^^^^^^^^^^^^^^^^^^^^^^^^^^^^^^^^^^^^^^^^^^^^^^^^^
2025 Feb 11 02:49:38.447760 sonic INFO featured[11558]:   File "/usr/local/lib/python3.11/dist-packages/sonic_py_common/device_info.py", line 446, in get_path_to_port_config_file
2025 Feb 11 02:49:38.447824 sonic INFO featured[11558]:     (platform_path, hwsku_path) = get_paths_to_platform_and_hwsku_dirs()
2025 Feb 11 02:49:38.447856 sonic INFO featured[11558]:                                   ^^^^^^^^^^^^^^^^^^^^^^^^^^^^^^^^^^^^^^
2025 Feb 11 02:49:38.447881 sonic INFO featured[11558]:   File "/usr/local/lib/python3.11/dist-packages/sonic_py_common/device_info.py", line 412, in get_paths_to_platform_and_hwsku_dirs
2025 Feb 11 02:49:38.447944 sonic INFO featured[11558]:     hwsku_path = os.path.join(platform_path, hwsku)
2025 Feb 11 02:49:38.447978 sonic INFO featured[11558]:                  ^^^^^^^^^^^^^^^^^^^^^^^^^^^^^^^^^^
2025 Feb 11 02:49:38.448003 sonic INFO featured[11558]:   File "<frozen posixpath>", line 90, in join
2025 Feb 11 02:49:38.448028 sonic INFO featured[11558]:   File "<frozen genericpath>", line 152, in _check_arg_types
2025 Feb 11 02:49:38.448057 sonic INFO featured[11558]: TypeError: join() argument must be str, bytes, or os.PathLike object, not 'NoneType'
2025 Feb 11 02:49:38.466536 sonic NOTICE systemd[1]: featured.service: Main process exited, code=exited, status=1/FAILURE
2025 Feb 11 02:49:38.466673 sonic WARNING systemd[1]: featured.service: Failed with result 'exit-code'.
2025 Feb 11 02:49:38.518520 sonic INFO systemd[1]: Started featured.service - Feature configuration daemon.
2025 Feb 11 02:49:38.658686 sonic INFO featured: ConfigDB connect success
2025 Feb 11 02:49:38.662835 sonic INFO featured[11559]: Traceback (most recent call last):
2025 Feb 11 02:49:38.662881 sonic INFO featured[11559]:   File "/usr/local/bin/featured", line 598, in <module>
2025 Feb 11 02:49:38.663044 sonic INFO featured[11559]:     main()
2025 Feb 11 02:49:38.663083 sonic INFO featured[11559]:   File "/usr/local/bin/featured", line 591, in main
2025 Feb 11 02:49:38.663204 sonic INFO featured[11559]:     daemon = FeatureDaemon()
2025 Feb 11 02:49:38.663243 sonic INFO featured[11559]:              ^^^^^^^^^^^^^^^
2025 Feb 11 02:49:38.663260 sonic INFO featured[11559]:   File "/usr/local/bin/featured", line 529, in __init__
2025 Feb 11 02:49:38.663323 sonic INFO featured[11559]:     self.feature_handler = FeatureHandler(self.config_db, feature_state_table, self.device_config, self.advanced_boot)
2025 Feb 11 02:49:38.663358 sonic INFO featured[11559]:                            ^^^^^^^^^^^^^^^^^^^^^^^^^^^^^^^^^^^^^^^^^^^^^^^^^^^^^^^^^^^^^^^^^^^^^^^^^^^^^^^^^^^^^^^^^^^
2025 Feb 11 02:49:38.663380 sonic INFO featured[11559]:   File "/usr/local/bin/featured", line 136, in __init__
2025 Feb 11 02:49:38.663426 sonic INFO featured[11559]:     self._device_running_config = device_info.get_device_runtime_metadata()
2025 Feb 11 02:49:38.663458 sonic INFO featured[11559]:                                   ^^^^^^^^^^^^^^^^^^^^^^^^^^^^^^^^^^^^^^^^^
2025 Feb 11 02:49:38.663482 sonic INFO featured[11559]:   File "/usr/local/lib/python3.11/dist-packages/sonic_py_common/device_info.py", line 680, in get_device_runtime_metadata
2025 Feb 11 02:49:38.663589 sonic INFO featured[11559]:     port_metadata = {'ETHERNET_PORTS_PRESENT': True if get_path_to_port_config_file(hwsku=None, asic="0" if is_multi_npu() else None) else False}
2025 Feb 11 02:49:38.663628 sonic INFO featured[11559]:                                                        ^^^^^^^^^^^^^^^^^^^^^^^^^^^^^^^^^^^^^^^^^^^^^^^^^^^^^^^^^^^^^^^^^^^^^^^^^^^^^^
2025 Feb 11 02:49:38.663653 sonic INFO featured[11559]:   File "/usr/local/lib/python3.11/dist-packages/sonic_py_common/device_info.py", line 446, in get_path_to_port_config_file
2025 Feb 11 02:49:38.663711 sonic INFO featured[11559]:     (platform_path, hwsku_path) = get_paths_to_platform_and_hwsku_dirs()
2025 Feb 11 02:49:38.663743 sonic INFO featured[11559]:                                   ^^^^^^^^^^^^^^^^^^^^^^^^^^^^^^^^^^^^^^
2025 Feb 11 02:49:38.663768 sonic INFO featured[11559]:   File "/usr/local/lib/python3.11/dist-packages/sonic_py_common/device_info.py", line 412, in get_paths_to_platform_and_hwsku_dirs
2025 Feb 11 02:49:38.663820 sonic INFO featured[11559]:     hwsku_path = os.path.join(platform_path, hwsku)
2025 Feb 11 02:49:38.663853 sonic INFO featured[11559]:                  ^^^^^^^^^^^^^^^^^^^^^^^^^^^^^^^^^^
2025 Feb 11 02:49:38.663878 sonic INFO featured[11559]:   File "<frozen posixpath>", line 90, in join
2025 Feb 11 02:49:38.663903 sonic INFO featured[11559]:   File "<frozen genericpath>", line 152, in _check_arg_types
2025 Feb 11 02:49:38.663945 sonic INFO featured[11559]: TypeError: join() argument must be str, bytes, or os.PathLike object, not 'NoneType'
2025 Feb 11 02:49:38.683363 sonic NOTICE systemd[1]: featured.service: Main process exited, code=exited, status=1/FAILURE
2025 Feb 11 02:49:38.683492 sonic WARNING systemd[1]: featured.service: Failed with result 'exit-code'.
2025 Feb 11 02:49:38.724117 sonic INFO systemd[1]: Started featured.service - Feature configuration daemon.
2025 Feb 11 02:49:38.875018 sonic INFO featured: ConfigDB connect success
2025 Feb 11 02:49:38.879012 sonic INFO featured[11563]: Traceback (most recent call last):
2025 Feb 11 02:49:38.879058 sonic INFO featured[11563]:   File "/usr/local/bin/featured", line 598, in <module>
2025 Feb 11 02:49:38.879213 sonic INFO featured[11563]:     main()
2025 Feb 11 02:49:38.879252 sonic INFO featured[11563]:   File "/usr/local/bin/featured", line 591, in main
2025 Feb 11 02:49:38.879376 sonic INFO featured[11563]:     daemon = FeatureDaemon()
2025 Feb 11 02:49:38.879424 sonic INFO featured[11563]:              ^^^^^^^^^^^^^^^
2025 Feb 11 02:49:38.879452 sonic INFO featured[11563]:   File "/usr/local/bin/featured", line 529, in __init__
2025 Feb 11 02:49:38.879499 sonic INFO featured[11563]:     self.feature_handler = FeatureHandler(self.config_db, feature_state_table, self.device_config, self.advanced_boot)
2025 Feb 11 02:49:38.879534 sonic INFO featured[11563]:                            ^^^^^^^^^^^^^^^^^^^^^^^^^^^^^^^^^^^^^^^^^^^^^^^^^^^^^^^^^^^^^^^^^^^^^^^^^^^^^^^^^^^^^^^^^^^
2025 Feb 11 02:49:38.879556 sonic INFO featured[11563]:   File "/usr/local/bin/featured", line 136, in __init__
2025 Feb 11 02:49:38.879608 sonic INFO featured[11563]:     self._device_running_config = device_info.get_device_runtime_metadata()
2025 Feb 11 02:49:38.879640 sonic INFO featured[11563]:                                   ^^^^^^^^^^^^^^^^^^^^^^^^^^^^^^^^^^^^^^^^^
2025 Feb 11 02:49:38.879665 sonic INFO featured[11563]:   File "/usr/local/lib/python3.11/dist-packages/sonic_py_common/device_info.py", line 680, in get_device_runtime_metadata
2025 Feb 11 02:49:38.879776 sonic INFO featured[11563]:     port_metadata = {'ETHERNET_PORTS_PRESENT': True if get_path_to_port_config_file(hwsku=None, asic="0" if is_multi_npu() else None) else False}
2025 Feb 11 02:49:38.879815 sonic INFO featured[11563]:                                                        ^^^^^^^^^^^^^^^^^^^^^^^^^^^^^^^^^^^^^^^^^^^^^^^^^^^^^^^^^^^^^^^^^^^^^^^^^^^^^^
2025 Feb 11 02:49:38.879832 sonic INFO featured[11563]:   File "/usr/local/lib/python3.11/dist-packages/sonic_py_common/device_info.py", line 446, in get_path_to_port_config_file
2025 Feb 11 02:49:38.879903 sonic INFO featured[11563]:     (platform_path, hwsku_path) = get_paths_to_platform_and_hwsku_dirs()
2025 Feb 11 02:49:38.879955 sonic INFO featured[11563]:                                   ^^^^^^^^^^^^^^^^^^^^^^^^^^^^^^^^^^^^^^
2025 Feb 11 02:49:38.879973 sonic INFO featured[11563]:   File "/usr/local/lib/python3.11/dist-packages/sonic_py_common/device_info.py", line 412, in get_paths_to_platform_and_hwsku_dirs
2025 Feb 11 02:49:38.880081 sonic INFO featured[11563]:     hwsku_path = os.path.join(platform_path, hwsku)
2025 Feb 11 02:49:38.880116 sonic INFO featured[11563]:                  ^^^^^^^^^^^^^^^^^^^^^^^^^^^^^^^^^^
2025 Feb 11 02:49:38.880133 sonic INFO featured[11563]:   File "<frozen posixpath>", line 90, in join
2025 Feb 11 02:49:38.880149 sonic INFO featured[11563]:   File "<frozen genericpath>", line 152, in _check_arg_types
2025 Feb 11 02:49:38.880166 sonic INFO featured[11563]: TypeError: join() argument must be str, bytes, or os.PathLike object, not 'NoneType'
2025 Feb 11 02:49:38.899096 sonic NOTICE systemd[1]: featured.service: Main process exited, code=exited, status=1/FAILURE
2025 Feb 11 02:49:38.899272 sonic WARNING systemd[1]: featured.service: Failed with result 'exit-code'.
2025 Feb 11 02:49:38.942568 sonic INFO systemd[1]: Started featured.service - Feature configuration daemon.
2025 Feb 11 02:49:39.072594 sonic INFO featured: ConfigDB connect success
2025 Feb 11 02:49:39.076568 sonic INFO featured[11564]: Traceback (most recent call last):
2025 Feb 11 02:49:39.076614 sonic INFO featured[11564]:   File "/usr/local/bin/featured", line 598, in <module>
2025 Feb 11 02:49:39.076730 sonic INFO featured[11564]:     main()
2025 Feb 11 02:49:39.076768 sonic INFO featured[11564]:   File "/usr/local/bin/featured", line 591, in main
2025 Feb 11 02:49:39.076883 sonic INFO featured[11564]:     daemon = FeatureDaemon()
2025 Feb 11 02:49:39.076923 sonic INFO featured[11564]:              ^^^^^^^^^^^^^^^
2025 Feb 11 02:49:39.076963 sonic INFO featured[11564]:   File "/usr/local/bin/featured", line 529, in __init__
2025 Feb 11 02:49:39.077026 sonic INFO featured[11564]:     self.feature_handler = FeatureHandler(self.config_db, feature_state_table, self.device_config, self.advanced_boot)
2025 Feb 11 02:49:39.077061 sonic INFO featured[11564]:                            ^^^^^^^^^^^^^^^^^^^^^^^^^^^^^^^^^^^^^^^^^^^^^^^^^^^^^^^^^^^^^^^^^^^^^^^^^^^^^^^^^^^^^^^^^^^
2025 Feb 11 02:49:39.077083 sonic INFO featured[11564]:   File "/usr/local/bin/featured", line 136, in __init__
2025 Feb 11 02:49:39.077130 sonic INFO featured[11564]:     self._device_running_config = device_info.get_device_runtime_metadata()
2025 Feb 11 02:49:39.077162 sonic INFO featured[11564]:                                   ^^^^^^^^^^^^^^^^^^^^^^^^^^^^^^^^^^^^^^^^^
2025 Feb 11 02:49:39.077187 sonic INFO featured[11564]:   File "/usr/local/lib/python3.11/dist-packages/sonic_py_common/device_info.py", line 680, in get_device_runtime_metadata
2025 Feb 11 02:49:39.077291 sonic INFO featured[11564]:     port_metadata = {'ETHERNET_PORTS_PRESENT': True if get_path_to_port_config_file(hwsku=None, asic="0" if is_multi_npu() else None) else False}
2025 Feb 11 02:49:39.077330 sonic INFO featured[11564]:                                                        ^^^^^^^^^^^^^^^^^^^^^^^^^^^^^^^^^^^^^^^^^^^^^^^^^^^^^^^^^^^^^^^^^^^^^^^^^^^^^^
2025 Feb 11 02:49:39.077355 sonic INFO featured[11564]:   File "/usr/local/lib/python3.11/dist-packages/sonic_py_common/device_info.py", line 446, in get_path_to_port_config_file
2025 Feb 11 02:49:39.077414 sonic INFO featured[11564]:     (platform_path, hwsku_path) = get_paths_to_platform_and_hwsku_dirs()
2025 Feb 11 02:49:39.077446 sonic INFO featured[11564]:                                   ^^^^^^^^^^^^^^^^^^^^^^^^^^^^^^^^^^^^^^
2025 Feb 11 02:49:39.077472 sonic INFO featured[11564]:   File "/usr/local/lib/python3.11/dist-packages/sonic_py_common/device_info.py", line 412, in get_paths_to_platform_and_hwsku_dirs
2025 Feb 11 02:49:39.077559 sonic INFO featured[11564]:     hwsku_path = os.path.join(platform_path, hwsku)
2025 Feb 11 02:49:39.077593 sonic INFO featured[11564]:                  ^^^^^^^^^^^^^^^^^^^^^^^^^^^^^^^^^^
2025 Feb 11 02:49:39.077618 sonic INFO featured[11564]:   File "<frozen posixpath>", line 90, in join
2025 Feb 11 02:49:39.077643 sonic INFO featured[11564]:   File "<frozen genericpath>", line 152, in _check_arg_types
2025 Feb 11 02:49:39.077667 sonic INFO featured[11564]: TypeError: join() argument must be str, bytes, or os.PathLike object, not 'NoneType'
2025 Feb 11 02:49:39.095780 sonic NOTICE systemd[1]: featured.service: Main process exited, code=exited, status=1/FAILURE
2025 Feb 11 02:49:39.095966 sonic WARNING systemd[1]: featured.service: Failed with result 'exit-code'.
2025 Feb 11 02:49:39.130645 sonic INFO systemd[1]: Started featured.service - Feature configuration daemon.
2025 Feb 11 02:49:39.259642 sonic INFO featured: ConfigDB connect success
2025 Feb 11 02:49:39.263609 sonic INFO featured[11565]: Traceback (most recent call last):
2025 Feb 11 02:49:39.263691 sonic INFO featured[11565]:   File "/usr/local/bin/featured", line 598, in <module>
2025 Feb 11 02:49:39.263771 sonic INFO featured[11565]:     main()
2025 Feb 11 02:49:39.263809 sonic INFO featured[11565]:   File "/usr/local/bin/featured", line 591, in main
2025 Feb 11 02:49:39.263924 sonic INFO featured[11565]:     daemon = FeatureDaemon()
2025 Feb 11 02:49:39.263986 sonic INFO featured[11565]:              ^^^^^^^^^^^^^^^
2025 Feb 11 02:49:39.264015 sonic INFO featured[11565]:   File "/usr/local/bin/featured", line 529, in __init__
2025 Feb 11 02:49:39.264118 sonic INFO featured[11565]:     self.feature_handler = FeatureHandler(self.config_db, feature_state_table, self.device_config, self.advanced_boot)
2025 Feb 11 02:49:39.264156 sonic INFO featured[11565]:                            ^^^^^^^^^^^^^^^^^^^^^^^^^^^^^^^^^^^^^^^^^^^^^^^^^^^^^^^^^^^^^^^^^^^^^^^^^^^^^^^^^^^^^^^^^^^
2025 Feb 11 02:49:39.264173 sonic INFO featured[11565]:   File "/usr/local/bin/featured", line 136, in __init__
2025 Feb 11 02:49:39.264205 sonic INFO featured[11565]:     self._device_running_config = device_info.get_device_runtime_metadata()
2025 Feb 11 02:49:39.264236 sonic INFO featured[11565]:                                   ^^^^^^^^^^^^^^^^^^^^^^^^^^^^^^^^^^^^^^^^^
2025 Feb 11 02:49:39.264262 sonic INFO featured[11565]:   File "/usr/local/lib/python3.11/dist-packages/sonic_py_common/device_info.py", line 680, in get_device_runtime_metadata
2025 Feb 11 02:49:39.264366 sonic INFO featured[11565]:     port_metadata = {'ETHERNET_PORTS_PRESENT': True if get_path_to_port_config_file(hwsku=None, asic="0" if is_multi_npu() else None) else False}
2025 Feb 11 02:49:39.264405 sonic INFO featured[11565]:                                                        ^^^^^^^^^^^^^^^^^^^^^^^^^^^^^^^^^^^^^^^^^^^^^^^^^^^^^^^^^^^^^^^^^^^^^^^^^^^^^^
2025 Feb 11 02:49:39.264422 sonic INFO featured[11565]:   File "/usr/local/lib/python3.11/dist-packages/sonic_py_common/device_info.py", line 446, in get_path_to_port_config_file
2025 Feb 11 02:49:39.264489 sonic INFO featured[11565]:     (platform_path, hwsku_path) = get_paths_to_platform_and_hwsku_dirs()
2025 Feb 11 02:49:39.264520 sonic INFO featured[11565]:                                   ^^^^^^^^^^^^^^^^^^^^^^^^^^^^^^^^^^^^^^
2025 Feb 11 02:49:39.264546 sonic INFO featured[11565]:   File "/usr/local/lib/python3.11/dist-packages/sonic_py_common/device_info.py", line 412, in get_paths_to_platform_and_hwsku_dirs
2025 Feb 11 02:49:39.264595 sonic INFO featured[11565]:     hwsku_path = os.path.join(platform_path, hwsku)
2025 Feb 11 02:49:39.264629 sonic INFO featured[11565]:                  ^^^^^^^^^^^^^^^^^^^^^^^^^^^^^^^^^^
2025 Feb 11 02:49:39.264653 sonic INFO featured[11565]:   File "<frozen posixpath>", line 90, in join
2025 Feb 11 02:49:39.264677 sonic INFO featured[11565]:   File "<frozen genericpath>", line 152, in _check_arg_types
2025 Feb 11 02:49:39.264702 sonic INFO featured[11565]: TypeError: join() argument must be str, bytes, or os.PathLike object, not 'NoneType'
2025 Feb 11 02:49:39.282232 sonic NOTICE systemd[1]: featured.service: Main process exited, code=exited, status=1/FAILURE
2025 Feb 11 02:49:39.282372 sonic WARNING systemd[1]: featured.service: Failed with result 'exit-code'.
2025 Feb 11 02:49:39.283973 sonic WARNING systemd[1]: featured.service: Start request repeated too quickly.
2025 Feb 11 02:49:39.284036 sonic WARNING systemd[1]: featured.service: Failed with result 'exit-code'.
2025 Feb 11 02:49:39.284063 sonic ERR systemd[1]: Failed to start featured.service - Feature configuration daemon.
2025 Feb 11 02:49:46.278971 sonic WARNING systemd[1]: featured.service: Start request repeated too quickly.
2025 Feb 11 02:49:46.279327 sonic WARNING systemd[1]: featured.service: Failed with result 'exit-code'.
2025 Feb 11 02:49:46.279422 sonic ERR systemd[1]: Failed to start featured.service - Feature configuration daemon.
2025 Feb 11 02:49:47.027961 sonic INFO systemd[1]: caclmgrd.service: Scheduled restart job, restart counter is at 45.
2025 Feb 11 02:49:47.028291 sonic INFO systemd[1]: Stopped caclmgrd.service - Control Plane ACL configuration daemon.
2025 Feb 11 02:49:47.078271 sonic INFO systemd[1]: Started caclmgrd.service - Control Plane ACL configuration daemon.
2025 Feb 11 02:49:47.078630 sonic WARNING systemd[1]: featured.service: Start request repeated too quickly.
2025 Feb 11 02:49:47.078692 sonic WARNING systemd[1]: featured.service: Failed with result 'exit-code'.
2025 Feb 11 02:49:47.078733 sonic ERR systemd[1]: Failed to start featured.service - Feature configuration daemon.
2025 Feb 11 02:49:47.080776 sonic WARNING systemd[1]: featured.service: Start request repeated too quickly.
2025 Feb 11 02:49:47.080852 sonic WARNING systemd[1]: featured.service: Failed with result 'exit-code'.
2025 Feb 11 02:49:47.080899 sonic ERR systemd[1]: Failed to start featured.service - Feature configuration daemon.
2025 Feb 11 02:49:47.082541 sonic WARNING systemd[1]: featured.service: Start request repeated too quickly.
2025 Feb 11 02:49:47.082608 sonic WARNING systemd[1]: featured.service: Failed with result 'exit-code'.
2025 Feb 11 02:49:47.082646 sonic ERR systemd[1]: Failed to start featured.service - Feature configuration daemon.
2025 Feb 11 02:49:47.194060 sonic INFO caclmgrd[11603]: Traceback (most recent call last):
2025 Feb 11 02:49:47.194139 sonic INFO caclmgrd[11603]:   File "/usr/local/bin/caclmgrd", line 1146, in <module>
2025 Feb 11 02:49:47.194173 sonic INFO caclmgrd[11603]:     main()
2025 Feb 11 02:49:47.194190 sonic INFO caclmgrd[11603]:   File "/usr/local/bin/caclmgrd", line 1137, in main
2025 Feb 11 02:49:47.194205 sonic INFO caclmgrd[11603]:     caclmgr = ControlPlaneAclManager(SYSLOG_IDENTIFIER)
2025 Feb 11 02:49:47.194221 sonic INFO caclmgrd[11603]:               ^^^^^^^^^^^^^^^^^^^^^^^^^^^^^^^^^^^^^^^^^
2025 Feb 11 02:49:47.194241 sonic INFO caclmgrd[11603]:   File "/usr/local/bin/caclmgrd", line 156, in __init__
2025 Feb 11 02:49:47.194279 sonic INFO caclmgrd[11603]:     if 'subtype' in metadata['localhost'] and metadata['localhost']['subtype'] == 'DualToR':
2025 Feb 11 02:49:47.194305 sonic INFO caclmgrd[11603]:                     ~~~~~~~~^^^^^^^^^^^^^
2025 Feb 11 02:49:47.194330 sonic INFO caclmgrd[11603]: KeyError: 'localhost'
2025 Feb 11 02:49:47.205908 sonic NOTICE systemd[1]: caclmgrd.service: Main process exited, code=exited, status=1/FAILURE
2025 Feb 11 02:49:47.206088 sonic WARNING systemd[1]: caclmgrd.service: Failed with result 'exit-code'.
2025 Feb 11 02:49:47.208151 sonic WARNING systemd[1]: featured.service: Start request repeated too quickly.
2025 Feb 11 02:49:47.208239 sonic WARNING systemd[1]: featured.service: Failed with result 'exit-code'.
2025 Feb 11 02:49:47.208285 sonic ERR systemd[1]: Failed to start featured.service - Feature configuration daemon.
2025 Feb 11 02:49:54.760581 sonic ERR monit[828]: 'container_checker' status failed (4) -- Unexpected running containers: database1, database0, bgp0, database3, bgp2, macsec3, eventd, database2, database, macsec0, macsec1, macsec2, bgp1, bgp3
2025 Feb 11 02:49:54.879617 sonic DEBUG mgmt_oper_status.py: No management interface found
2025 Feb 11 02:49:55.067293 sonic INFO systemd[1]: Started featured.service - Feature configuration daemon.
2025 Feb 11 02:49:55.095693 sonic INFO memory_checker: [memory_checker] Exits without checking memory usage since container 'bmp' is not running!
2025 Feb 11 02:49:55.097620 sonic INFO memory_checker: [memory_checker] Exits without checking memory usage since container 'gnmi' is not running!
2025 Feb 11 02:49:55.127090 sonic INFO memory_checker: [memory_checker] Exits without checking memory usage since container 'snmp' is not running!
2025 Feb 11 02:49:55.233112 sonic INFO featured: ConfigDB connect success
2025 Feb 11 02:49:55.236891 sonic INFO featured[11641]: Traceback (most recent call last):
2025 Feb 11 02:49:55.236970 sonic INFO featured[11641]:   File "/usr/local/bin/featured", line 598, in <module>
2025 Feb 11 02:49:55.237063 sonic INFO featured[11641]:     main()
2025 Feb 11 02:49:55.237102 sonic INFO featured[11641]:   File "/usr/local/bin/featured", line 591, in main
2025 Feb 11 02:49:55.237219 sonic INFO featured[11641]:     daemon = FeatureDaemon()
2025 Feb 11 02:49:55.237258 sonic INFO featured[11641]:              ^^^^^^^^^^^^^^^
2025 Feb 11 02:49:55.237276 sonic INFO featured[11641]:   File "/usr/local/bin/featured", line 529, in __init__
2025 Feb 11 02:49:55.237336 sonic INFO featured[11641]:     self.feature_handler = FeatureHandler(self.config_db, feature_state_table, self.device_config, self.advanced_boot)
2025 Feb 11 02:49:55.237376 sonic INFO featured[11641]:                            ^^^^^^^^^^^^^^^^^^^^^^^^^^^^^^^^^^^^^^^^^^^^^^^^^^^^^^^^^^^^^^^^^^^^^^^^^^^^^^^^^^^^^^^^^^^
2025 Feb 11 02:49:55.237393 sonic INFO featured[11641]:   File "/usr/local/bin/featured", line 136, in __init__
2025 Feb 11 02:49:55.237442 sonic INFO featured[11641]:     self._device_running_config = device_info.get_device_runtime_metadata()
2025 Feb 11 02:49:55.237514 sonic INFO featured[11641]:                                   ^^^^^^^^^^^^^^^^^^^^^^^^^^^^^^^^^^^^^^^^^
2025 Feb 11 02:49:55.237547 sonic INFO featured[11641]:   File "/usr/local/lib/python3.11/dist-packages/sonic_py_common/device_info.py", line 680, in get_device_runtime_metadata
2025 Feb 11 02:49:55.237646 sonic INFO featured[11641]:     port_metadata = {'ETHERNET_PORTS_PRESENT': True if get_path_to_port_config_file(hwsku=None, asic="0" if is_multi_npu() else None) else False}
2025 Feb 11 02:49:55.237685 sonic INFO featured[11641]:                                                        ^^^^^^^^^^^^^^^^^^^^^^^^^^^^^^^^^^^^^^^^^^^^^^^^^^^^^^^^^^^^^^^^^^^^^^^^^^^^^^
2025 Feb 11 02:49:55.237702 sonic INFO featured[11641]:   File "/usr/local/lib/python3.11/dist-packages/sonic_py_common/device_info.py", line 446, in get_path_to_port_config_file
2025 Feb 11 02:49:55.237767 sonic INFO featured[11641]:     (platform_path, hwsku_path) = get_paths_to_platform_and_hwsku_dirs()
2025 Feb 11 02:49:55.237802 sonic INFO featured[11641]:                                   ^^^^^^^^^^^^^^^^^^^^^^^^^^^^^^^^^^^^^^
2025 Feb 11 02:49:55.237818 sonic INFO featured[11641]:   File "/usr/local/lib/python3.11/dist-packages/sonic_py_common/device_info.py", line 412, in get_paths_to_platform_and_hwsku_dirs
2025 Feb 11 02:49:55.237873 sonic INFO featured[11641]:     hwsku_path = os.path.join(platform_path, hwsku)
2025 Feb 11 02:49:55.237907 sonic INFO featured[11641]:                  ^^^^^^^^^^^^^^^^^^^^^^^^^^^^^^^^^^
2025 Feb 11 02:49:55.237941 sonic INFO featured[11641]:   File "<frozen posixpath>", line 90, in join
2025 Feb 11 02:49:55.237970 sonic INFO featured[11641]:   File "<frozen genericpath>", line 152, in _check_arg_types
2025 Feb 11 02:49:55.237995 sonic INFO featured[11641]: TypeError: join() argument must be str, bytes, or os.PathLike object, not 'NoneType'
2025 Feb 11 02:49:55.255811 sonic NOTICE systemd[1]: featured.service: Main process exited, code=exited, status=1/FAILURE
2025 Feb 11 02:49:55.255949 sonic WARNING systemd[1]: featured.service: Failed with result 'exit-code'.
2025 Feb 11 02:49:55.282471 sonic INFO systemd[1]: Started featured.service - Feature configuration daemon.
2025 Feb 11 02:49:55.424003 sonic INFO featured: ConfigDB connect success
2025 Feb 11 02:49:55.427799 sonic INFO featured[11670]: Traceback (most recent call last):
2025 Feb 11 02:49:55.427854 sonic INFO featured[11670]:   File "/usr/local/bin/featured", line 598, in <module>
2025 Feb 11 02:49:55.427964 sonic INFO featured[11670]:     main()
2025 Feb 11 02:49:55.428005 sonic INFO featured[11670]:   File "/usr/local/bin/featured", line 591, in main
2025 Feb 11 02:49:55.428130 sonic INFO featured[11670]:     daemon = FeatureDaemon()
2025 Feb 11 02:49:55.428163 sonic INFO featured[11670]:              ^^^^^^^^^^^^^^^
2025 Feb 11 02:49:55.428186 sonic INFO featured[11670]:   File "/usr/local/bin/featured", line 529, in __init__
2025 Feb 11 02:49:55.428256 sonic INFO featured[11670]:     self.feature_handler = FeatureHandler(self.config_db, feature_state_table, self.device_config, self.advanced_boot)
2025 Feb 11 02:49:55.428294 sonic INFO featured[11670]:                            ^^^^^^^^^^^^^^^^^^^^^^^^^^^^^^^^^^^^^^^^^^^^^^^^^^^^^^^^^^^^^^^^^^^^^^^^^^^^^^^^^^^^^^^^^^^
2025 Feb 11 02:49:55.428311 sonic INFO featured[11670]:   File "/usr/local/bin/featured", line 136, in __init__
2025 Feb 11 02:49:55.428357 sonic INFO featured[11670]:     self._device_running_config = device_info.get_device_runtime_metadata()
2025 Feb 11 02:49:55.428392 sonic INFO featured[11670]:                                   ^^^^^^^^^^^^^^^^^^^^^^^^^^^^^^^^^^^^^^^^^
2025 Feb 11 02:49:55.428410 sonic INFO featured[11670]:   File "/usr/local/lib/python3.11/dist-packages/sonic_py_common/device_info.py", line 680, in get_device_runtime_metadata
2025 Feb 11 02:49:55.428521 sonic INFO featured[11670]:     port_metadata = {'ETHERNET_PORTS_PRESENT': True if get_path_to_port_config_file(hwsku=None, asic="0" if is_multi_npu() else None) else False}
2025 Feb 11 02:49:55.428561 sonic INFO featured[11670]:                                                        ^^^^^^^^^^^^^^^^^^^^^^^^^^^^^^^^^^^^^^^^^^^^^^^^^^^^^^^^^^^^^^^^^^^^^^^^^^^^^^
2025 Feb 11 02:49:55.428578 sonic INFO featured[11670]:   File "/usr/local/lib/python3.11/dist-packages/sonic_py_common/device_info.py", line 446, in get_path_to_port_config_file
2025 Feb 11 02:49:55.428642 sonic INFO featured[11670]:     (platform_path, hwsku_path) = get_paths_to_platform_and_hwsku_dirs()
2025 Feb 11 02:49:55.428674 sonic INFO featured[11670]:                                   ^^^^^^^^^^^^^^^^^^^^^^^^^^^^^^^^^^^^^^
2025 Feb 11 02:49:55.428694 sonic INFO featured[11670]:   File "/usr/local/lib/python3.11/dist-packages/sonic_py_common/device_info.py", line 412, in get_paths_to_platform_and_hwsku_dirs
2025 Feb 11 02:49:55.428750 sonic INFO featured[11670]:     hwsku_path = os.path.join(platform_path, hwsku)
2025 Feb 11 02:49:55.428784 sonic INFO featured[11670]:                  ^^^^^^^^^^^^^^^^^^^^^^^^^^^^^^^^^^
2025 Feb 11 02:49:55.428802 sonic INFO featured[11670]:   File "<frozen posixpath>", line 90, in join
2025 Feb 11 02:49:55.428819 sonic INFO featured[11670]:   File "<frozen genericpath>", line 152, in _check_arg_types
2025 Feb 11 02:49:55.428835 sonic INFO featured[11670]: TypeError: join() argument must be str, bytes, or os.PathLike object, not 'NoneType'
2025 Feb 11 02:49:55.447824 sonic NOTICE systemd[1]: featured.service: Main process exited, code=exited, status=1/FAILURE
2025 Feb 11 02:49:55.447981 sonic WARNING systemd[1]: featured.service: Failed with result 'exit-code'.
2025 Feb 11 02:49:55.488299 sonic INFO systemd[1]: Started featured.service - Feature configuration daemon.
2025 Feb 11 02:49:55.633833 sonic INFO featured: ConfigDB connect success
2025 Feb 11 02:49:55.637932 sonic INFO featured[11671]: Traceback (most recent call last):
2025 Feb 11 02:49:55.637983 sonic INFO featured[11671]:   File "/usr/local/bin/featured", line 598, in <module>
2025 Feb 11 02:49:55.638142 sonic INFO featured[11671]:     main()
2025 Feb 11 02:49:55.638180 sonic INFO featured[11671]:   File "/usr/local/bin/featured", line 591, in main
2025 Feb 11 02:49:55.638351 sonic INFO featured[11671]:     daemon = FeatureDaemon()
2025 Feb 11 02:49:55.638390 sonic INFO featured[11671]:              ^^^^^^^^^^^^^^^
2025 Feb 11 02:49:55.638407 sonic INFO featured[11671]:   File "/usr/local/bin/featured", line 529, in __init__
2025 Feb 11 02:49:55.638553 sonic INFO featured[11671]:     self.feature_handler = FeatureHandler(self.config_db, feature_state_table, self.device_config, self.advanced_boot)
2025 Feb 11 02:49:55.638592 sonic INFO featured[11671]:                            ^^^^^^^^^^^^^^^^^^^^^^^^^^^^^^^^^^^^^^^^^^^^^^^^^^^^^^^^^^^^^^^^^^^^^^^^^^^^^^^^^^^^^^^^^^^
2025 Feb 11 02:49:55.638610 sonic INFO featured[11671]:   File "/usr/local/bin/featured", line 136, in __init__
2025 Feb 11 02:49:55.638714 sonic INFO featured[11671]:     self._device_running_config = device_info.get_device_runtime_metadata()
2025 Feb 11 02:49:55.638750 sonic INFO featured[11671]:                                   ^^^^^^^^^^^^^^^^^^^^^^^^^^^^^^^^^^^^^^^^^
2025 Feb 11 02:49:55.638767 sonic INFO featured[11671]:   File "/usr/local/lib/python3.11/dist-packages/sonic_py_common/device_info.py", line 680, in get_device_runtime_metadata
2025 Feb 11 02:49:55.638963 sonic INFO featured[11671]:     port_metadata = {'ETHERNET_PORTS_PRESENT': True if get_path_to_port_config_file(hwsku=None, asic="0" if is_multi_npu() else None) else False}
2025 Feb 11 02:49:55.639030 sonic INFO featured[11671]:                                                        ^^^^^^^^^^^^^^^^^^^^^^^^^^^^^^^^^^^^^^^^^^^^^^^^^^^^^^^^^^^^^^^^^^^^^^^^^^^^^^
2025 Feb 11 02:49:55.639054 sonic INFO featured[11671]:   File "/usr/local/lib/python3.11/dist-packages/sonic_py_common/device_info.py", line 446, in get_path_to_port_config_file
2025 Feb 11 02:49:55.639189 sonic INFO featured[11671]:     (platform_path, hwsku_path) = get_paths_to_platform_and_hwsku_dirs()
2025 Feb 11 02:49:55.639239 sonic INFO featured[11671]:                                   ^^^^^^^^^^^^^^^^^^^^^^^^^^^^^^^^^^^^^^
2025 Feb 11 02:49:55.639287 sonic INFO featured[11671]:   File "/usr/local/lib/python3.11/dist-packages/sonic_py_common/device_info.py", line 412, in get_paths_to_platform_and_hwsku_dirs
2025 Feb 11 02:49:55.639388 sonic INFO featured[11671]:     hwsku_path = os.path.join(platform_path, hwsku)
2025 Feb 11 02:49:55.639433 sonic INFO featured[11671]:                  ^^^^^^^^^^^^^^^^^^^^^^^^^^^^^^^^^^
2025 Feb 11 02:49:55.639459 sonic INFO featured[11671]:   File "<frozen posixpath>", line 90, in join
2025 Feb 11 02:49:55.639483 sonic INFO featured[11671]:   File "<frozen genericpath>", line 152, in _check_arg_types
2025 Feb 11 02:49:55.639499 sonic INFO featured[11671]: TypeError: join() argument must be str, bytes, or os.PathLike object, not 'NoneType'
2025 Feb 11 02:49:55.658010 sonic NOTICE systemd[1]: featured.service: Main process exited, code=exited, status=1/FAILURE
2025 Feb 11 02:49:55.658147 sonic WARNING systemd[1]: featured.service: Failed with result 'exit-code'.
2025 Feb 11 02:49:55.686873 sonic INFO systemd[1]: Started featured.service - Feature configuration daemon.
2025 Feb 11 02:49:55.852600 sonic INFO featured: ConfigDB connect success
2025 Feb 11 02:49:55.856533 sonic INFO featured[11672]: Traceback (most recent call last):
2025 Feb 11 02:49:55.856581 sonic INFO featured[11672]:   File "/usr/local/bin/featured", line 598, in <module>
2025 Feb 11 02:49:55.856697 sonic INFO featured[11672]:     main()
2025 Feb 11 02:49:55.856736 sonic INFO featured[11672]:   File "/usr/local/bin/featured", line 591, in main
2025 Feb 11 02:49:55.856855 sonic INFO featured[11672]:     daemon = FeatureDaemon()
2025 Feb 11 02:49:55.856894 sonic INFO featured[11672]:              ^^^^^^^^^^^^^^^
2025 Feb 11 02:49:55.856933 sonic INFO featured[11672]:   File "/usr/local/bin/featured", line 529, in __init__
2025 Feb 11 02:49:55.857027 sonic INFO featured[11672]:     self.feature_handler = FeatureHandler(self.config_db, feature_state_table, self.device_config, self.advanced_boot)
2025 Feb 11 02:49:55.857064 sonic INFO featured[11672]:                            ^^^^^^^^^^^^^^^^^^^^^^^^^^^^^^^^^^^^^^^^^^^^^^^^^^^^^^^^^^^^^^^^^^^^^^^^^^^^^^^^^^^^^^^^^^^
2025 Feb 11 02:49:55.857081 sonic INFO featured[11672]:   File "/usr/local/bin/featured", line 136, in __init__
2025 Feb 11 02:49:55.857122 sonic INFO featured[11672]:     self._device_running_config = device_info.get_device_runtime_metadata()
2025 Feb 11 02:49:55.857154 sonic INFO featured[11672]:                                   ^^^^^^^^^^^^^^^^^^^^^^^^^^^^^^^^^^^^^^^^^
2025 Feb 11 02:49:55.857180 sonic INFO featured[11672]:   File "/usr/local/lib/python3.11/dist-packages/sonic_py_common/device_info.py", line 680, in get_device_runtime_metadata
2025 Feb 11 02:49:55.857271 sonic INFO featured[11672]:     port_metadata = {'ETHERNET_PORTS_PRESENT': True if get_path_to_port_config_file(hwsku=None, asic="0" if is_multi_npu() else None) else False}
2025 Feb 11 02:49:55.857338 sonic INFO featured[11672]:                                                        ^^^^^^^^^^^^^^^^^^^^^^^^^^^^^^^^^^^^^^^^^^^^^^^^^^^^^^^^^^^^^^^^^^^^^^^^^^^^^^
2025 Feb 11 02:49:55.857364 sonic INFO featured[11672]:   File "/usr/local/lib/python3.11/dist-packages/sonic_py_common/device_info.py", line 446, in get_path_to_port_config_file
2025 Feb 11 02:49:55.857418 sonic INFO featured[11672]:     (platform_path, hwsku_path) = get_paths_to_platform_and_hwsku_dirs()
2025 Feb 11 02:49:55.857449 sonic INFO featured[11672]:                                   ^^^^^^^^^^^^^^^^^^^^^^^^^^^^^^^^^^^^^^
2025 Feb 11 02:49:55.857510 sonic INFO featured[11672]:   File "/usr/local/lib/python3.11/dist-packages/sonic_py_common/device_info.py", line 412, in get_paths_to_platform_and_hwsku_dirs
2025 Feb 11 02:49:55.857572 sonic INFO featured[11672]:     hwsku_path = os.path.join(platform_path, hwsku)
2025 Feb 11 02:49:55.857605 sonic INFO featured[11672]:                  ^^^^^^^^^^^^^^^^^^^^^^^^^^^^^^^^^^
2025 Feb 11 02:49:55.857630 sonic INFO featured[11672]:   File "<frozen posixpath>", line 90, in join
2025 Feb 11 02:49:55.857654 sonic INFO featured[11672]:   File "<frozen genericpath>", line 152, in _check_arg_types
2025 Feb 11 02:49:55.857683 sonic INFO featured[11672]: TypeError: join() argument must be str, bytes, or os.PathLike object, not 'NoneType'
2025 Feb 11 02:49:55.885041 sonic NOTICE systemd[1]: featured.service: Main process exited, code=exited, status=1/FAILURE
2025 Feb 11 02:49:55.885177 sonic WARNING systemd[1]: featured.service: Failed with result 'exit-code'.
2025 Feb 11 02:49:55.912052 sonic INFO systemd[1]: Started featured.service - Feature configuration daemon.
2025 Feb 11 02:49:56.047902 sonic INFO featured: ConfigDB connect success
2025 Feb 11 02:49:56.051885 sonic INFO featured[11673]: Traceback (most recent call last):
2025 Feb 11 02:49:56.051955 sonic INFO featured[11673]:   File "/usr/local/bin/featured", line 598, in <module>
2025 Feb 11 02:49:56.052132 sonic INFO featured[11673]:     main()
2025 Feb 11 02:49:56.052171 sonic INFO featured[11673]:   File "/usr/local/bin/featured", line 591, in main
2025 Feb 11 02:49:56.052359 sonic INFO featured[11673]:     daemon = FeatureDaemon()
2025 Feb 11 02:49:56.052399 sonic INFO featured[11673]:              ^^^^^^^^^^^^^^^
2025 Feb 11 02:49:56.052416 sonic INFO featured[11673]:   File "/usr/local/bin/featured", line 529, in __init__
2025 Feb 11 02:49:56.052567 sonic INFO featured[11673]:     self.feature_handler = FeatureHandler(self.config_db, feature_state_table, self.device_config, self.advanced_boot)
2025 Feb 11 02:49:56.052606 sonic INFO featured[11673]:                            ^^^^^^^^^^^^^^^^^^^^^^^^^^^^^^^^^^^^^^^^^^^^^^^^^^^^^^^^^^^^^^^^^^^^^^^^^^^^^^^^^^^^^^^^^^^
2025 Feb 11 02:49:56.052623 sonic INFO featured[11673]:   File "/usr/local/bin/featured", line 136, in __init__
2025 Feb 11 02:49:56.052733 sonic INFO featured[11673]:     self._device_running_config = device_info.get_device_runtime_metadata()
2025 Feb 11 02:49:56.052770 sonic INFO featured[11673]:                                   ^^^^^^^^^^^^^^^^^^^^^^^^^^^^^^^^^^^^^^^^^
2025 Feb 11 02:49:56.052786 sonic INFO featured[11673]:   File "/usr/local/lib/python3.11/dist-packages/sonic_py_common/device_info.py", line 680, in get_device_runtime_metadata
2025 Feb 11 02:49:56.052999 sonic INFO featured[11673]:     port_metadata = {'ETHERNET_PORTS_PRESENT': True if get_path_to_port_config_file(hwsku=None, asic="0" if is_multi_npu() else None) else False}
2025 Feb 11 02:49:56.053052 sonic INFO featured[11673]:                                                        ^^^^^^^^^^^^^^^^^^^^^^^^^^^^^^^^^^^^^^^^^^^^^^^^^^^^^^^^^^^^^^^^^^^^^^^^^^^^^^
2025 Feb 11 02:49:56.053075 sonic INFO featured[11673]:   File "/usr/local/lib/python3.11/dist-packages/sonic_py_common/device_info.py", line 446, in get_path_to_port_config_file
2025 Feb 11 02:49:56.053212 sonic INFO featured[11673]:     (platform_path, hwsku_path) = get_paths_to_platform_and_hwsku_dirs()
2025 Feb 11 02:49:56.053248 sonic INFO featured[11673]:                                   ^^^^^^^^^^^^^^^^^^^^^^^^^^^^^^^^^^^^^^
2025 Feb 11 02:49:56.053270 sonic INFO featured[11673]:   File "/usr/local/lib/python3.11/dist-packages/sonic_py_common/device_info.py", line 412, in get_paths_to_platform_and_hwsku_dirs
2025 Feb 11 02:49:56.053391 sonic INFO featured[11673]:     hwsku_path = os.path.join(platform_path, hwsku)
2025 Feb 11 02:49:56.053439 sonic INFO featured[11673]:                  ^^^^^^^^^^^^^^^^^^^^^^^^^^^^^^^^^^
2025 Feb 11 02:49:56.053464 sonic INFO featured[11673]:   File "<frozen posixpath>", line 90, in join
2025 Feb 11 02:49:56.053536 sonic INFO featured[11673]:   File "<frozen genericpath>", line 152, in _check_arg_types
2025 Feb 11 02:49:56.053579 sonic INFO featured[11673]: TypeError: join() argument must be str, bytes, or os.PathLike object, not 'NoneType'
2025 Feb 11 02:49:56.072209 sonic NOTICE systemd[1]: featured.service: Main process exited, code=exited, status=1/FAILURE
2025 Feb 11 02:49:56.072284 sonic WARNING systemd[1]: featured.service: Failed with result 'exit-code'.
2025 Feb 11 02:49:56.073883 sonic WARNING systemd[1]: featured.service: Start request repeated too quickly.
2025 Feb 11 02:49:56.073979 sonic WARNING systemd[1]: featured.service: Failed with result 'exit-code'.
2025 Feb 11 02:49:56.074011 sonic ERR systemd[1]: Failed to start featured.service - Feature configuration daemon.
2025 Feb 11 02:49:58.280101 sonic WARNING systemd[1]: featured.service: Start request repeated too quickly.
2025 Feb 11 02:49:58.280620 sonic WARNING systemd[1]: featured.service: Failed with result 'exit-code'.
2025 Feb 11 02:49:58.280727 sonic ERR systemd[1]: Failed to start featured.service - Feature configuration daemon.
2025 Feb 11 02:50:08.295051 sonic INFO systemd[1]: Started featured.service - Feature configuration daemon.
2025 Feb 11 02:50:08.297020 sonic INFO systemd[1]: Starting sysstat-collect.service - system activity accounting tool...
2025 Feb 11 02:50:08.299914 sonic INFO systemd[1]: Starting logrotate.service - Rotate log files...
2025 Feb 11 02:50:08.302087 sonic INFO systemd[1]: sysstat-collect.service: Deactivated successfully.
2025 Feb 11 02:50:08.302457 sonic INFO systemd[1]: Finished sysstat-collect.service - system activity accounting tool.
2025 Feb 11 02:50:08.374418 sonic INFO systemd[1]: logrotate.service: Deactivated successfully.
2025 Feb 11 02:50:08.374624 sonic INFO systemd[1]: Finished logrotate.service - Rotate log files.
2025 Feb 11 02:50:08.437063 sonic INFO featured: ConfigDB connect success
2025 Feb 11 02:50:08.441162 sonic INFO featured[11704]: Traceback (most recent call last):
2025 Feb 11 02:50:08.441211 sonic INFO featured[11704]:   File "/usr/local/bin/featured", line 598, in <module>
2025 Feb 11 02:50:08.441319 sonic INFO featured[11704]:     main()
2025 Feb 11 02:50:08.441357 sonic INFO featured[11704]:   File "/usr/local/bin/featured", line 591, in main
2025 Feb 11 02:50:08.441505 sonic INFO featured[11704]:     daemon = FeatureDaemon()
2025 Feb 11 02:50:08.441563 sonic INFO featured[11704]:              ^^^^^^^^^^^^^^^
2025 Feb 11 02:50:08.441604 sonic INFO featured[11704]:   File "/usr/local/bin/featured", line 529, in __init__
2025 Feb 11 02:50:08.441739 sonic INFO featured[11704]:     self.feature_handler = FeatureHandler(self.config_db, feature_state_table, self.device_config, self.advanced_boot)
2025 Feb 11 02:50:08.441777 sonic INFO featured[11704]:                            ^^^^^^^^^^^^^^^^^^^^^^^^^^^^^^^^^^^^^^^^^^^^^^^^^^^^^^^^^^^^^^^^^^^^^^^^^^^^^^^^^^^^^^^^^^^
2025 Feb 11 02:50:08.441795 sonic INFO featured[11704]:   File "/usr/local/bin/featured", line 136, in __init__
2025 Feb 11 02:50:08.441841 sonic INFO featured[11704]:     self._device_running_config = device_info.get_device_runtime_metadata()
2025 Feb 11 02:50:08.441873 sonic INFO featured[11704]:                                   ^^^^^^^^^^^^^^^^^^^^^^^^^^^^^^^^^^^^^^^^^
2025 Feb 11 02:50:08.441912 sonic INFO featured[11704]:   File "/usr/local/lib/python3.11/dist-packages/sonic_py_common/device_info.py", line 680, in get_device_runtime_metadata
2025 Feb 11 02:50:08.442028 sonic INFO featured[11704]:     port_metadata = {'ETHERNET_PORTS_PRESENT': True if get_path_to_port_config_file(hwsku=None, asic="0" if is_multi_npu() else None) else False}
2025 Feb 11 02:50:08.442068 sonic INFO featured[11704]:                                                        ^^^^^^^^^^^^^^^^^^^^^^^^^^^^^^^^^^^^^^^^^^^^^^^^^^^^^^^^^^^^^^^^^^^^^^^^^^^^^^
2025 Feb 11 02:50:08.442085 sonic INFO featured[11704]:   File "/usr/local/lib/python3.11/dist-packages/sonic_py_common/device_info.py", line 446, in get_path_to_port_config_file
2025 Feb 11 02:50:08.442151 sonic INFO featured[11704]:     (platform_path, hwsku_path) = get_paths_to_platform_and_hwsku_dirs()
2025 Feb 11 02:50:08.442182 sonic INFO featured[11704]:                                   ^^^^^^^^^^^^^^^^^^^^^^^^^^^^^^^^^^^^^^
2025 Feb 11 02:50:08.442207 sonic INFO featured[11704]:   File "/usr/local/lib/python3.11/dist-packages/sonic_py_common/device_info.py", line 412, in get_paths_to_platform_and_hwsku_dirs
2025 Feb 11 02:50:08.442257 sonic INFO featured[11704]:     hwsku_path = os.path.join(platform_path, hwsku)
2025 Feb 11 02:50:08.442291 sonic INFO featured[11704]:                  ^^^^^^^^^^^^^^^^^^^^^^^^^^^^^^^^^^
2025 Feb 11 02:50:08.442317 sonic INFO featured[11704]:   File "<frozen posixpath>", line 90, in join
2025 Feb 11 02:50:08.442341 sonic INFO featured[11704]:   File "<frozen genericpath>", line 152, in _check_arg_types
2025 Feb 11 02:50:08.442371 sonic INFO featured[11704]: TypeError: join() argument must be str, bytes, or os.PathLike object, not 'NoneType'
2025 Feb 11 02:50:08.460337 sonic NOTICE systemd[1]: featured.service: Main process exited, code=exited, status=1/FAILURE
2025 Feb 11 02:50:08.460463 sonic WARNING systemd[1]: featured.service: Failed with result 'exit-code'.
2025 Feb 11 02:50:08.486473 sonic INFO systemd[1]: Started featured.service - Feature configuration daemon.
2025 Feb 11 02:50:08.616708 sonic INFO featured: ConfigDB connect success
2025 Feb 11 02:50:08.620637 sonic INFO featured[11709]: Traceback (most recent call last):
2025 Feb 11 02:50:08.620697 sonic INFO featured[11709]:   File "/usr/local/bin/featured", line 598, in <module>
2025 Feb 11 02:50:08.620786 sonic INFO featured[11709]:     main()
2025 Feb 11 02:50:08.620832 sonic INFO featured[11709]:   File "/usr/local/bin/featured", line 591, in main
2025 Feb 11 02:50:08.621004 sonic INFO featured[11709]:     daemon = FeatureDaemon()
2025 Feb 11 02:50:08.621045 sonic INFO featured[11709]:              ^^^^^^^^^^^^^^^
2025 Feb 11 02:50:08.621067 sonic INFO featured[11709]:   File "/usr/local/bin/featured", line 529, in __init__
2025 Feb 11 02:50:08.621153 sonic INFO featured[11709]:     self.feature_handler = FeatureHandler(self.config_db, feature_state_table, self.device_config, self.advanced_boot)
2025 Feb 11 02:50:08.621202 sonic INFO featured[11709]:                            ^^^^^^^^^^^^^^^^^^^^^^^^^^^^^^^^^^^^^^^^^^^^^^^^^^^^^^^^^^^^^^^^^^^^^^^^^^^^^^^^^^^^^^^^^^^
2025 Feb 11 02:50:08.621218 sonic INFO featured[11709]:   File "/usr/local/bin/featured", line 136, in __init__
2025 Feb 11 02:50:08.621240 sonic INFO featured[11709]:     self._device_running_config = device_info.get_device_runtime_metadata()
2025 Feb 11 02:50:08.621285 sonic INFO featured[11709]:                                   ^^^^^^^^^^^^^^^^^^^^^^^^^^^^^^^^^^^^^^^^^
2025 Feb 11 02:50:08.621301 sonic INFO featured[11709]:   File "/usr/local/lib/python3.11/dist-packages/sonic_py_common/device_info.py", line 680, in get_device_runtime_metadata
2025 Feb 11 02:50:08.621565 sonic INFO featured[11709]:     port_metadata = {'ETHERNET_PORTS_PRESENT': True if get_path_to_port_config_file(hwsku=None, asic="0" if is_multi_npu() else None) else False}
2025 Feb 11 02:50:08.621611 sonic INFO featured[11709]:                                                        ^^^^^^^^^^^^^^^^^^^^^^^^^^^^^^^^^^^^^^^^^^^^^^^^^^^^^^^^^^^^^^^^^^^^^^^^^^^^^^
2025 Feb 11 02:50:08.621643 sonic INFO featured[11709]:   File "/usr/local/lib/python3.11/dist-packages/sonic_py_common/device_info.py", line 446, in get_path_to_port_config_file
2025 Feb 11 02:50:08.621687 sonic INFO featured[11709]:     (platform_path, hwsku_path) = get_paths_to_platform_and_hwsku_dirs()
2025 Feb 11 02:50:08.621758 sonic INFO featured[11709]:                                   ^^^^^^^^^^^^^^^^^^^^^^^^^^^^^^^^^^^^^^
2025 Feb 11 02:50:08.621789 sonic INFO featured[11709]:   File "/usr/local/lib/python3.11/dist-packages/sonic_py_common/device_info.py", line 412, in get_paths_to_platform_and_hwsku_dirs
2025 Feb 11 02:50:08.621867 sonic INFO featured[11709]:     hwsku_path = os.path.join(platform_path, hwsku)
2025 Feb 11 02:50:08.621968 sonic INFO featured[11709]:                  ^^^^^^^^^^^^^^^^^^^^^^^^^^^^^^^^^^
2025 Feb 11 02:50:08.621999 sonic INFO featured[11709]:   File "<frozen posixpath>", line 90, in join
2025 Feb 11 02:50:08.622030 sonic INFO featured[11709]:   File "<frozen genericpath>", line 152, in _check_arg_types
2025 Feb 11 02:50:08.622087 sonic INFO featured[11709]: TypeError: join() argument must be str, bytes, or os.PathLike object, not 'NoneType'
2025 Feb 11 02:50:08.639946 sonic NOTICE systemd[1]: featured.service: Main process exited, code=exited, status=1/FAILURE
2025 Feb 11 02:50:08.640100 sonic WARNING systemd[1]: featured.service: Failed with result 'exit-code'.
2025 Feb 11 02:50:08.682672 sonic INFO systemd[1]: Started featured.service - Feature configuration daemon.
2025 Feb 11 02:50:08.849107 sonic INFO featured: ConfigDB connect success
2025 Feb 11 02:50:08.855158 sonic INFO featured[11710]: Traceback (most recent call last):
2025 Feb 11 02:50:08.855253 sonic INFO featured[11710]:   File "/usr/local/bin/featured", line 598, in <module>
2025 Feb 11 02:50:08.855335 sonic INFO featured[11710]:     main()
2025 Feb 11 02:50:08.855408 sonic INFO featured[11710]:   File "/usr/local/bin/featured", line 591, in main
2025 Feb 11 02:50:08.855473 sonic INFO featured[11710]:     daemon = FeatureDaemon()
2025 Feb 11 02:50:08.855548 sonic INFO featured[11710]:              ^^^^^^^^^^^^^^^
2025 Feb 11 02:50:08.855618 sonic INFO featured[11710]:   File "/usr/local/bin/featured", line 529, in __init__
2025 Feb 11 02:50:08.855697 sonic INFO featured[11710]:     self.feature_handler = FeatureHandler(self.config_db, feature_state_table, self.device_config, self.advanced_boot)
2025 Feb 11 02:50:08.855755 sonic INFO featured[11710]:                            ^^^^^^^^^^^^^^^^^^^^^^^^^^^^^^^^^^^^^^^^^^^^^^^^^^^^^^^^^^^^^^^^^^^^^^^^^^^^^^^^^^^^^^^^^^^
2025 Feb 11 02:50:08.855813 sonic INFO featured[11710]:   File "/usr/local/bin/featured", line 136, in __init__
2025 Feb 11 02:50:08.855870 sonic INFO featured[11710]:     self._device_running_config = device_info.get_device_runtime_metadata()
2025 Feb 11 02:50:08.855972 sonic INFO featured[11710]:                                   ^^^^^^^^^^^^^^^^^^^^^^^^^^^^^^^^^^^^^^^^^
2025 Feb 11 02:50:08.856050 sonic INFO featured[11710]:   File "/usr/local/lib/python3.11/dist-packages/sonic_py_common/device_info.py", line 680, in get_device_runtime_metadata
2025 Feb 11 02:50:08.856111 sonic INFO featured[11710]:     port_metadata = {'ETHERNET_PORTS_PRESENT': True if get_path_to_port_config_file(hwsku=None, asic="0" if is_multi_npu() else None) else False}
2025 Feb 11 02:50:08.856170 sonic INFO featured[11710]:                                                        ^^^^^^^^^^^^^^^^^^^^^^^^^^^^^^^^^^^^^^^^^^^^^^^^^^^^^^^^^^^^^^^^^^^^^^^^^^^^^^
2025 Feb 11 02:50:08.856229 sonic INFO featured[11710]:   File "/usr/local/lib/python3.11/dist-packages/sonic_py_common/device_info.py", line 446, in get_path_to_port_config_file
2025 Feb 11 02:50:08.856285 sonic INFO featured[11710]:     (platform_path, hwsku_path) = get_paths_to_platform_and_hwsku_dirs()
2025 Feb 11 02:50:08.856342 sonic INFO featured[11710]:                                   ^^^^^^^^^^^^^^^^^^^^^^^^^^^^^^^^^^^^^^
2025 Feb 11 02:50:08.856401 sonic INFO featured[11710]:   File "/usr/local/lib/python3.11/dist-packages/sonic_py_common/device_info.py", line 412, in get_paths_to_platform_and_hwsku_dirs
2025 Feb 11 02:50:08.856468 sonic INFO featured[11710]:     hwsku_path = os.path.join(platform_path, hwsku)
2025 Feb 11 02:50:08.856516 sonic INFO featured[11710]:                  ^^^^^^^^^^^^^^^^^^^^^^^^^^^^^^^^^^
2025 Feb 11 02:50:08.856552 sonic INFO featured[11710]:   File "<frozen posixpath>", line 90, in join
2025 Feb 11 02:50:08.856568 sonic INFO featured[11710]:   File "<frozen genericpath>", line 152, in _check_arg_types
2025 Feb 11 02:50:08.856602 sonic INFO featured[11710]: TypeError: join() argument must be str, bytes, or os.PathLike object, not 'NoneType'
2025 Feb 11 02:50:08.876826 sonic NOTICE systemd[1]: featured.service: Main process exited, code=exited, status=1/FAILURE
2025 Feb 11 02:50:08.876984 sonic WARNING systemd[1]: featured.service: Failed with result 'exit-code'.
2025 Feb 11 02:50:08.932811 sonic INFO systemd[1]: Started featured.service - Feature configuration daemon.
2025 Feb 11 02:50:09.074777 sonic INFO featured: ConfigDB connect success
2025 Feb 11 02:50:09.079227 sonic INFO featured[11711]: Traceback (most recent call last):
2025 Feb 11 02:50:09.079284 sonic INFO featured[11711]:   File "/usr/local/bin/featured", line 598, in <module>
2025 Feb 11 02:50:09.079399 sonic INFO featured[11711]:     main()
2025 Feb 11 02:50:09.079446 sonic INFO featured[11711]:   File "/usr/local/bin/featured", line 591, in main
2025 Feb 11 02:50:09.079566 sonic INFO featured[11711]:     daemon = FeatureDaemon()
2025 Feb 11 02:50:09.079614 sonic INFO featured[11711]:              ^^^^^^^^^^^^^^^
2025 Feb 11 02:50:09.079631 sonic INFO featured[11711]:   File "/usr/local/bin/featured", line 529, in __init__
2025 Feb 11 02:50:09.079697 sonic INFO featured[11711]:     self.feature_handler = FeatureHandler(self.config_db, feature_state_table, self.device_config, self.advanced_boot)
2025 Feb 11 02:50:09.079740 sonic INFO featured[11711]:                            ^^^^^^^^^^^^^^^^^^^^^^^^^^^^^^^^^^^^^^^^^^^^^^^^^^^^^^^^^^^^^^^^^^^^^^^^^^^^^^^^^^^^^^^^^^^
2025 Feb 11 02:50:09.079757 sonic INFO featured[11711]:   File "/usr/local/bin/featured", line 136, in __init__
2025 Feb 11 02:50:09.079818 sonic INFO featured[11711]:     self._device_running_config = device_info.get_device_runtime_metadata()
2025 Feb 11 02:50:09.079862 sonic INFO featured[11711]:                                   ^^^^^^^^^^^^^^^^^^^^^^^^^^^^^^^^^^^^^^^^^
2025 Feb 11 02:50:09.079878 sonic INFO featured[11711]:   File "/usr/local/lib/python3.11/dist-packages/sonic_py_common/device_info.py", line 680, in get_device_runtime_metadata
2025 Feb 11 02:50:09.080051 sonic INFO featured[11711]:     port_metadata = {'ETHERNET_PORTS_PRESENT': True if get_path_to_port_config_file(hwsku=None, asic="0" if is_multi_npu() else None) else False}
2025 Feb 11 02:50:09.080100 sonic INFO featured[11711]:                                                        ^^^^^^^^^^^^^^^^^^^^^^^^^^^^^^^^^^^^^^^^^^^^^^^^^^^^^^^^^^^^^^^^^^^^^^^^^^^^^^
2025 Feb 11 02:50:09.080117 sonic INFO featured[11711]:   File "/usr/local/lib/python3.11/dist-packages/sonic_py_common/device_info.py", line 446, in get_path_to_port_config_file
2025 Feb 11 02:50:09.080199 sonic INFO featured[11711]:     (platform_path, hwsku_path) = get_paths_to_platform_and_hwsku_dirs()
2025 Feb 11 02:50:09.080239 sonic INFO featured[11711]:                                   ^^^^^^^^^^^^^^^^^^^^^^^^^^^^^^^^^^^^^^
2025 Feb 11 02:50:09.080255 sonic INFO featured[11711]:   File "/usr/local/lib/python3.11/dist-packages/sonic_py_common/device_info.py", line 412, in get_paths_to_platform_and_hwsku_dirs
2025 Feb 11 02:50:09.080318 sonic INFO featured[11711]:     hwsku_path = os.path.join(platform_path, hwsku)
2025 Feb 11 02:50:09.080360 sonic INFO featured[11711]:                  ^^^^^^^^^^^^^^^^^^^^^^^^^^^^^^^^^^
2025 Feb 11 02:50:09.080376 sonic INFO featured[11711]:   File "<frozen posixpath>", line 90, in join
2025 Feb 11 02:50:09.080411 sonic INFO featured[11711]:   File "<frozen genericpath>", line 152, in _check_arg_types
2025 Feb 11 02:50:09.080430 sonic INFO featured[11711]: TypeError: join() argument must be str, bytes, or os.PathLike object, not 'NoneType'
2025 Feb 11 02:50:09.098801 sonic NOTICE systemd[1]: featured.service: Main process exited, code=exited, status=1/FAILURE
2025 Feb 11 02:50:09.098946 sonic WARNING systemd[1]: featured.service: Failed with result 'exit-code'.
2025 Feb 11 02:50:09.126930 sonic INFO systemd[1]: Started featured.service - Feature configuration daemon.
2025 Feb 11 02:50:09.263682 sonic INFO featured: ConfigDB connect success
2025 Feb 11 02:50:09.268173 sonic INFO featured[11713]: Traceback (most recent call last):
2025 Feb 11 02:50:09.268237 sonic INFO featured[11713]:   File "/usr/local/bin/featured", line 598, in <module>
2025 Feb 11 02:50:09.268377 sonic INFO featured[11713]:     main()
2025 Feb 11 02:50:09.268424 sonic INFO featured[11713]:   File "/usr/local/bin/featured", line 591, in main
2025 Feb 11 02:50:09.268613 sonic INFO featured[11713]:     daemon = FeatureDaemon()
2025 Feb 11 02:50:09.268660 sonic INFO featured[11713]:              ^^^^^^^^^^^^^^^
2025 Feb 11 02:50:09.268685 sonic INFO featured[11713]:   File "/usr/local/bin/featured", line 529, in __init__
2025 Feb 11 02:50:09.268831 sonic INFO featured[11713]:     self.feature_handler = FeatureHandler(self.config_db, feature_state_table, self.device_config, self.advanced_boot)
2025 Feb 11 02:50:09.268878 sonic INFO featured[11713]:                            ^^^^^^^^^^^^^^^^^^^^^^^^^^^^^^^^^^^^^^^^^^^^^^^^^^^^^^^^^^^^^^^^^^^^^^^^^^^^^^^^^^^^^^^^^^^
2025 Feb 11 02:50:09.268925 sonic INFO featured[11713]:   File "/usr/local/bin/featured", line 136, in __init__
2025 Feb 11 02:50:09.269050 sonic INFO featured[11713]:     self._device_running_config = device_info.get_device_runtime_metadata()
2025 Feb 11 02:50:09.269097 sonic INFO featured[11713]:                                   ^^^^^^^^^^^^^^^^^^^^^^^^^^^^^^^^^^^^^^^^^
2025 Feb 11 02:50:09.269114 sonic INFO featured[11713]:   File "/usr/local/lib/python3.11/dist-packages/sonic_py_common/device_info.py", line 680, in get_device_runtime_metadata
2025 Feb 11 02:50:09.269299 sonic INFO featured[11713]:     port_metadata = {'ETHERNET_PORTS_PRESENT': True if get_path_to_port_config_file(hwsku=None, asic="0" if is_multi_npu() else None) else False}
2025 Feb 11 02:50:09.269348 sonic INFO featured[11713]:                                                        ^^^^^^^^^^^^^^^^^^^^^^^^^^^^^^^^^^^^^^^^^^^^^^^^^^^^^^^^^^^^^^^^^^^^^^^^^^^^^^
2025 Feb 11 02:50:09.269365 sonic INFO featured[11713]:   File "/usr/local/lib/python3.11/dist-packages/sonic_py_common/device_info.py", line 446, in get_path_to_port_config_file
2025 Feb 11 02:50:09.269612 sonic INFO featured[11713]:     (platform_path, hwsku_path) = get_paths_to_platform_and_hwsku_dirs()
2025 Feb 11 02:50:09.269655 sonic INFO featured[11713]:                                   ^^^^^^^^^^^^^^^^^^^^^^^^^^^^^^^^^^^^^^
2025 Feb 11 02:50:09.269672 sonic INFO featured[11713]:   File "/usr/local/lib/python3.11/dist-packages/sonic_py_common/device_info.py", line 412, in get_paths_to_platform_and_hwsku_dirs
2025 Feb 11 02:50:09.269819 sonic INFO featured[11713]:     hwsku_path = os.path.join(platform_path, hwsku)
2025 Feb 11 02:50:09.269885 sonic INFO featured[11713]:                  ^^^^^^^^^^^^^^^^^^^^^^^^^^^^^^^^^^
2025 Feb 11 02:50:09.269939 sonic INFO featured[11713]:   File "<frozen posixpath>", line 90, in join
2025 Feb 11 02:50:09.269955 sonic INFO featured[11713]:   File "<frozen genericpath>", line 152, in _check_arg_types
2025 Feb 11 02:50:09.269975 sonic INFO featured[11713]: TypeError: join() argument must be str, bytes, or os.PathLike object, not 'NoneType'
2025 Feb 11 02:50:09.288780 sonic NOTICE systemd[1]: featured.service: Main process exited, code=exited, status=1/FAILURE
2025 Feb 11 02:50:09.288945 sonic WARNING systemd[1]: featured.service: Failed with result 'exit-code'.
2025 Feb 11 02:50:09.290875 sonic WARNING systemd[1]: featured.service: Start request repeated too quickly.
2025 Feb 11 02:50:09.290982 sonic WARNING systemd[1]: featured.service: Failed with result 'exit-code'.
2025 Feb 11 02:50:09.291052 sonic ERR systemd[1]: Failed to start featured.service - Feature configuration daemon.
2025 Feb 11 02:50:17.280218 sonic INFO systemd[1]: caclmgrd.service: Scheduled restart job, restart counter is at 46.
2025 Feb 11 02:50:17.280582 sonic INFO systemd[1]: Stopped caclmgrd.service - Control Plane ACL configuration daemon.
2025 Feb 11 02:50:17.326381 sonic INFO systemd[1]: Started caclmgrd.service - Control Plane ACL configuration daemon.
2025 Feb 11 02:50:17.326757 sonic WARNING systemd[1]: featured.service: Start request repeated too quickly.
2025 Feb 11 02:50:17.326847 sonic WARNING systemd[1]: featured.service: Failed with result 'exit-code'.
2025 Feb 11 02:50:17.326928 sonic ERR systemd[1]: Failed to start featured.service - Feature configuration daemon.
2025 Feb 11 02:50:17.328370 sonic WARNING systemd[1]: featured.service: Start request repeated too quickly.
2025 Feb 11 02:50:17.328420 sonic WARNING systemd[1]: featured.service: Failed with result 'exit-code'.
2025 Feb 11 02:50:17.328447 sonic ERR systemd[1]: Failed to start featured.service - Feature configuration daemon.
2025 Feb 11 02:50:17.438533 sonic INFO caclmgrd[11746]: Traceback (most recent call last):
2025 Feb 11 02:50:17.438609 sonic INFO caclmgrd[11746]:   File "/usr/local/bin/caclmgrd", line 1146, in <module>
2025 Feb 11 02:50:17.438641 sonic INFO caclmgrd[11746]:     main()
2025 Feb 11 02:50:17.438658 sonic INFO caclmgrd[11746]:   File "/usr/local/bin/caclmgrd", line 1137, in main
2025 Feb 11 02:50:17.438816 sonic INFO caclmgrd[11746]:     caclmgr = ControlPlaneAclManager(SYSLOG_IDENTIFIER)
2025 Feb 11 02:50:17.438856 sonic INFO caclmgrd[11746]:               ^^^^^^^^^^^^^^^^^^^^^^^^^^^^^^^^^^^^^^^^^
2025 Feb 11 02:50:17.438874 sonic INFO caclmgrd[11746]:   File "/usr/local/bin/caclmgrd", line 156, in __init__
2025 Feb 11 02:50:17.438986 sonic INFO caclmgrd[11746]:     if 'subtype' in metadata['localhost'] and metadata['localhost']['subtype'] == 'DualToR':
2025 Feb 11 02:50:17.439026 sonic INFO caclmgrd[11746]:                     ~~~~~~~~^^^^^^^^^^^^^
2025 Feb 11 02:50:17.439043 sonic INFO caclmgrd[11746]: KeyError: 'localhost'
2025 Feb 11 02:50:17.451254 sonic NOTICE systemd[1]: caclmgrd.service: Main process exited, code=exited, status=1/FAILURE
2025 Feb 11 02:50:17.451381 sonic WARNING systemd[1]: caclmgrd.service: Failed with result 'exit-code'.
2025 Feb 11 02:50:17.453060 sonic WARNING systemd[1]: featured.service: Start request repeated too quickly.
2025 Feb 11 02:50:17.453110 sonic WARNING systemd[1]: featured.service: Failed with result 'exit-code'.
2025 Feb 11 02:50:17.453180 sonic ERR systemd[1]: Failed to start featured.service - Feature configuration daemon.
2025 Feb 11 02:50:38.294804 sonic INFO systemd[1]: Started featured.service - Feature configuration daemon.
2025 Feb 11 02:50:38.456756 sonic INFO featured: ConfigDB connect success
2025 Feb 11 02:50:38.461171 sonic INFO featured[11804]: Traceback (most recent call last):
2025 Feb 11 02:50:38.461224 sonic INFO featured[11804]:   File "/usr/local/bin/featured", line 598, in <module>
2025 Feb 11 02:50:38.461381 sonic INFO featured[11804]:     main()
2025 Feb 11 02:50:38.461421 sonic INFO featured[11804]:   File "/usr/local/bin/featured", line 591, in main
2025 Feb 11 02:50:38.461728 sonic INFO featured[11804]:     daemon = FeatureDaemon()
2025 Feb 11 02:50:38.461773 sonic INFO featured[11804]:              ^^^^^^^^^^^^^^^
2025 Feb 11 02:50:38.461790 sonic INFO featured[11804]:   File "/usr/local/bin/featured", line 529, in __init__
2025 Feb 11 02:50:38.461969 sonic INFO featured[11804]:     self.feature_handler = FeatureHandler(self.config_db, feature_state_table, self.device_config, self.advanced_boot)
2025 Feb 11 02:50:38.462030 sonic INFO featured[11804]:                            ^^^^^^^^^^^^^^^^^^^^^^^^^^^^^^^^^^^^^^^^^^^^^^^^^^^^^^^^^^^^^^^^^^^^^^^^^^^^^^^^^^^^^^^^^^^
2025 Feb 11 02:50:38.462053 sonic INFO featured[11804]:   File "/usr/local/bin/featured", line 136, in __init__
2025 Feb 11 02:50:38.462130 sonic INFO featured[11804]:     self._device_running_config = device_info.get_device_runtime_metadata()
2025 Feb 11 02:50:38.462166 sonic INFO featured[11804]:                                   ^^^^^^^^^^^^^^^^^^^^^^^^^^^^^^^^^^^^^^^^^
2025 Feb 11 02:50:38.462183 sonic INFO featured[11804]:   File "/usr/local/lib/python3.11/dist-packages/sonic_py_common/device_info.py", line 680, in get_device_runtime_metadata
2025 Feb 11 02:50:38.462281 sonic INFO featured[11804]:     port_metadata = {'ETHERNET_PORTS_PRESENT': True if get_path_to_port_config_file(hwsku=None, asic="0" if is_multi_npu() else None) else False}
2025 Feb 11 02:50:38.462334 sonic INFO featured[11804]:                                                        ^^^^^^^^^^^^^^^^^^^^^^^^^^^^^^^^^^^^^^^^^^^^^^^^^^^^^^^^^^^^^^^^^^^^^^^^^^^^^^
2025 Feb 11 02:50:38.462371 sonic INFO featured[11804]:   File "/usr/local/lib/python3.11/dist-packages/sonic_py_common/device_info.py", line 446, in get_path_to_port_config_file
2025 Feb 11 02:50:38.462425 sonic INFO featured[11804]:     (platform_path, hwsku_path) = get_paths_to_platform_and_hwsku_dirs()
2025 Feb 11 02:50:38.462457 sonic INFO featured[11804]:                                   ^^^^^^^^^^^^^^^^^^^^^^^^^^^^^^^^^^^^^^
2025 Feb 11 02:50:38.462482 sonic INFO featured[11804]:   File "/usr/local/lib/python3.11/dist-packages/sonic_py_common/device_info.py", line 412, in get_paths_to_platform_and_hwsku_dirs
2025 Feb 11 02:50:38.462536 sonic INFO featured[11804]:     hwsku_path = os.path.join(platform_path, hwsku)
2025 Feb 11 02:50:38.462569 sonic INFO featured[11804]:                  ^^^^^^^^^^^^^^^^^^^^^^^^^^^^^^^^^^
2025 Feb 11 02:50:38.462594 sonic INFO featured[11804]:   File "<frozen posixpath>", line 90, in join
2025 Feb 11 02:50:38.462618 sonic INFO featured[11804]:   File "<frozen genericpath>", line 152, in _check_arg_types
2025 Feb 11 02:50:38.462642 sonic INFO featured[11804]: TypeError: join() argument must be str, bytes, or os.PathLike object, not 'NoneType'
2025 Feb 11 02:50:38.481499 sonic NOTICE systemd[1]: featured.service: Main process exited, code=exited, status=1/FAILURE
2025 Feb 11 02:50:38.481697 sonic WARNING systemd[1]: featured.service: Failed with result 'exit-code'.
2025 Feb 11 02:50:38.518741 sonic INFO systemd[1]: Started featured.service - Feature configuration daemon.
2025 Feb 11 02:50:38.650180 sonic INFO featured: ConfigDB connect success
2025 Feb 11 02:50:38.654058 sonic INFO featured[11805]: Traceback (most recent call last):
2025 Feb 11 02:50:38.654115 sonic INFO featured[11805]:   File "/usr/local/bin/featured", line 598, in <module>
2025 Feb 11 02:50:38.654210 sonic INFO featured[11805]:     main()
2025 Feb 11 02:50:38.654249 sonic INFO featured[11805]:   File "/usr/local/bin/featured", line 591, in main
2025 Feb 11 02:50:38.654373 sonic INFO featured[11805]:     daemon = FeatureDaemon()
2025 Feb 11 02:50:38.654406 sonic INFO featured[11805]:              ^^^^^^^^^^^^^^^
2025 Feb 11 02:50:38.654428 sonic INFO featured[11805]:   File "/usr/local/bin/featured", line 529, in __init__
2025 Feb 11 02:50:38.654486 sonic INFO featured[11805]:     self.feature_handler = FeatureHandler(self.config_db, feature_state_table, self.device_config, self.advanced_boot)
2025 Feb 11 02:50:38.654522 sonic INFO featured[11805]:                            ^^^^^^^^^^^^^^^^^^^^^^^^^^^^^^^^^^^^^^^^^^^^^^^^^^^^^^^^^^^^^^^^^^^^^^^^^^^^^^^^^^^^^^^^^^^
2025 Feb 11 02:50:38.654544 sonic INFO featured[11805]:   File "/usr/local/bin/featured", line 136, in __init__
2025 Feb 11 02:50:38.654579 sonic INFO featured[11805]:     self._device_running_config = device_info.get_device_runtime_metadata()
2025 Feb 11 02:50:38.654612 sonic INFO featured[11805]:                                   ^^^^^^^^^^^^^^^^^^^^^^^^^^^^^^^^^^^^^^^^^
2025 Feb 11 02:50:38.654638 sonic INFO featured[11805]:   File "/usr/local/lib/python3.11/dist-packages/sonic_py_common/device_info.py", line 680, in get_device_runtime_metadata
2025 Feb 11 02:50:38.654737 sonic INFO featured[11805]:     port_metadata = {'ETHERNET_PORTS_PRESENT': True if get_path_to_port_config_file(hwsku=None, asic="0" if is_multi_npu() else None) else False}
2025 Feb 11 02:50:38.654772 sonic INFO featured[11805]:                                                        ^^^^^^^^^^^^^^^^^^^^^^^^^^^^^^^^^^^^^^^^^^^^^^^^^^^^^^^^^^^^^^^^^^^^^^^^^^^^^^
2025 Feb 11 02:50:38.654799 sonic INFO featured[11805]:   File "/usr/local/lib/python3.11/dist-packages/sonic_py_common/device_info.py", line 446, in get_path_to_port_config_file
2025 Feb 11 02:50:38.654856 sonic INFO featured[11805]:     (platform_path, hwsku_path) = get_paths_to_platform_and_hwsku_dirs()
2025 Feb 11 02:50:38.654926 sonic INFO featured[11805]:                                   ^^^^^^^^^^^^^^^^^^^^^^^^^^^^^^^^^^^^^^
2025 Feb 11 02:50:38.654954 sonic INFO featured[11805]:   File "/usr/local/lib/python3.11/dist-packages/sonic_py_common/device_info.py", line 412, in get_paths_to_platform_and_hwsku_dirs
2025 Feb 11 02:50:38.654983 sonic INFO featured[11805]:     hwsku_path = os.path.join(platform_path, hwsku)
2025 Feb 11 02:50:38.655016 sonic INFO featured[11805]:                  ^^^^^^^^^^^^^^^^^^^^^^^^^^^^^^^^^^
2025 Feb 11 02:50:38.655041 sonic INFO featured[11805]:   File "<frozen posixpath>", line 90, in join
2025 Feb 11 02:50:38.655066 sonic INFO featured[11805]:   File "<frozen genericpath>", line 152, in _check_arg_types
2025 Feb 11 02:50:38.655091 sonic INFO featured[11805]: TypeError: join() argument must be str, bytes, or os.PathLike object, not 'NoneType'
2025 Feb 11 02:50:38.673110 sonic NOTICE systemd[1]: featured.service: Main process exited, code=exited, status=1/FAILURE
2025 Feb 11 02:50:38.673261 sonic WARNING systemd[1]: featured.service: Failed with result 'exit-code'.
2025 Feb 11 02:50:38.730824 sonic INFO systemd[1]: Started featured.service - Feature configuration daemon.
2025 Feb 11 02:50:38.943098 sonic INFO featured: ConfigDB connect success
2025 Feb 11 02:50:38.947126 sonic INFO featured[11809]: Traceback (most recent call last):
2025 Feb 11 02:50:38.947181 sonic INFO featured[11809]:   File "/usr/local/bin/featured", line 598, in <module>
2025 Feb 11 02:50:38.947280 sonic INFO featured[11809]:     main()
2025 Feb 11 02:50:38.947320 sonic INFO featured[11809]:   File "/usr/local/bin/featured", line 591, in main
2025 Feb 11 02:50:38.947440 sonic INFO featured[11809]:     daemon = FeatureDaemon()
2025 Feb 11 02:50:38.947474 sonic INFO featured[11809]:              ^^^^^^^^^^^^^^^
2025 Feb 11 02:50:38.947496 sonic INFO featured[11809]:   File "/usr/local/bin/featured", line 529, in __init__
2025 Feb 11 02:50:38.947556 sonic INFO featured[11809]:     self.feature_handler = FeatureHandler(self.config_db, feature_state_table, self.device_config, self.advanced_boot)
2025 Feb 11 02:50:38.947591 sonic INFO featured[11809]:                            ^^^^^^^^^^^^^^^^^^^^^^^^^^^^^^^^^^^^^^^^^^^^^^^^^^^^^^^^^^^^^^^^^^^^^^^^^^^^^^^^^^^^^^^^^^^
2025 Feb 11 02:50:38.947621 sonic INFO featured[11809]:   File "/usr/local/bin/featured", line 136, in __init__
2025 Feb 11 02:50:38.947652 sonic INFO featured[11809]:     self._device_running_config = device_info.get_device_runtime_metadata()
2025 Feb 11 02:50:38.947683 sonic INFO featured[11809]:                                   ^^^^^^^^^^^^^^^^^^^^^^^^^^^^^^^^^^^^^^^^^
2025 Feb 11 02:50:38.947708 sonic INFO featured[11809]:   File "/usr/local/lib/python3.11/dist-packages/sonic_py_common/device_info.py", line 680, in get_device_runtime_metadata
2025 Feb 11 02:50:38.947809 sonic INFO featured[11809]:     port_metadata = {'ETHERNET_PORTS_PRESENT': True if get_path_to_port_config_file(hwsku=None, asic="0" if is_multi_npu() else None) else False}
2025 Feb 11 02:50:38.947849 sonic INFO featured[11809]:                                                        ^^^^^^^^^^^^^^^^^^^^^^^^^^^^^^^^^^^^^^^^^^^^^^^^^^^^^^^^^^^^^^^^^^^^^^^^^^^^^^
2025 Feb 11 02:50:38.947891 sonic INFO featured[11809]:   File "/usr/local/lib/python3.11/dist-packages/sonic_py_common/device_info.py", line 446, in get_path_to_port_config_file
2025 Feb 11 02:50:38.947962 sonic INFO featured[11809]:     (platform_path, hwsku_path) = get_paths_to_platform_and_hwsku_dirs()
2025 Feb 11 02:50:38.947995 sonic INFO featured[11809]:                                   ^^^^^^^^^^^^^^^^^^^^^^^^^^^^^^^^^^^^^^
2025 Feb 11 02:50:38.948020 sonic INFO featured[11809]:   File "/usr/local/lib/python3.11/dist-packages/sonic_py_common/device_info.py", line 412, in get_paths_to_platform_and_hwsku_dirs
2025 Feb 11 02:50:38.948070 sonic INFO featured[11809]:     hwsku_path = os.path.join(platform_path, hwsku)
2025 Feb 11 02:50:38.948103 sonic INFO featured[11809]:                  ^^^^^^^^^^^^^^^^^^^^^^^^^^^^^^^^^^
2025 Feb 11 02:50:38.948128 sonic INFO featured[11809]:   File "<frozen posixpath>", line 90, in join
2025 Feb 11 02:50:38.948152 sonic INFO featured[11809]:   File "<frozen genericpath>", line 152, in _check_arg_types
2025 Feb 11 02:50:38.948176 sonic INFO featured[11809]: TypeError: join() argument must be str, bytes, or os.PathLike object, not 'NoneType'
2025 Feb 11 02:50:38.968418 sonic NOTICE systemd[1]: featured.service: Main process exited, code=exited, status=1/FAILURE
2025 Feb 11 02:50:38.969744 sonic WARNING systemd[1]: featured.service: Failed with result 'exit-code'.
2025 Feb 11 02:50:39.011891 sonic INFO systemd[1]: Started featured.service - Feature configuration daemon.
2025 Feb 11 02:50:39.144655 sonic INFO featured: ConfigDB connect success
2025 Feb 11 02:50:39.148511 sonic INFO featured[11812]: Traceback (most recent call last):
2025 Feb 11 02:50:39.148563 sonic INFO featured[11812]:   File "/usr/local/bin/featured", line 598, in <module>
2025 Feb 11 02:50:39.148668 sonic INFO featured[11812]:     main()
2025 Feb 11 02:50:39.148707 sonic INFO featured[11812]:   File "/usr/local/bin/featured", line 591, in main
2025 Feb 11 02:50:39.148824 sonic INFO featured[11812]:     daemon = FeatureDaemon()
2025 Feb 11 02:50:39.148857 sonic INFO featured[11812]:              ^^^^^^^^^^^^^^^
2025 Feb 11 02:50:39.148902 sonic INFO featured[11812]:   File "/usr/local/bin/featured", line 529, in __init__
2025 Feb 11 02:50:39.148966 sonic INFO featured[11812]:     self.feature_handler = FeatureHandler(self.config_db, feature_state_table, self.device_config, self.advanced_boot)
2025 Feb 11 02:50:39.149012 sonic INFO featured[11812]:                            ^^^^^^^^^^^^^^^^^^^^^^^^^^^^^^^^^^^^^^^^^^^^^^^^^^^^^^^^^^^^^^^^^^^^^^^^^^^^^^^^^^^^^^^^^^^
2025 Feb 11 02:50:39.149039 sonic INFO featured[11812]:   File "/usr/local/bin/featured", line 136, in __init__
2025 Feb 11 02:50:39.149069 sonic INFO featured[11812]:     self._device_running_config = device_info.get_device_runtime_metadata()
2025 Feb 11 02:50:39.149101 sonic INFO featured[11812]:                                   ^^^^^^^^^^^^^^^^^^^^^^^^^^^^^^^^^^^^^^^^^
2025 Feb 11 02:50:39.149126 sonic INFO featured[11812]:   File "/usr/local/lib/python3.11/dist-packages/sonic_py_common/device_info.py", line 680, in get_device_runtime_metadata
2025 Feb 11 02:50:39.149235 sonic INFO featured[11812]:     port_metadata = {'ETHERNET_PORTS_PRESENT': True if get_path_to_port_config_file(hwsku=None, asic="0" if is_multi_npu() else None) else False}
2025 Feb 11 02:50:39.149274 sonic INFO featured[11812]:                                                        ^^^^^^^^^^^^^^^^^^^^^^^^^^^^^^^^^^^^^^^^^^^^^^^^^^^^^^^^^^^^^^^^^^^^^^^^^^^^^^
2025 Feb 11 02:50:39.149292 sonic INFO featured[11812]:   File "/usr/local/lib/python3.11/dist-packages/sonic_py_common/device_info.py", line 446, in get_path_to_port_config_file
2025 Feb 11 02:50:39.149357 sonic INFO featured[11812]:     (platform_path, hwsku_path) = get_paths_to_platform_and_hwsku_dirs()
2025 Feb 11 02:50:39.149390 sonic INFO featured[11812]:                                   ^^^^^^^^^^^^^^^^^^^^^^^^^^^^^^^^^^^^^^
2025 Feb 11 02:50:39.149416 sonic INFO featured[11812]:   File "/usr/local/lib/python3.11/dist-packages/sonic_py_common/device_info.py", line 412, in get_paths_to_platform_and_hwsku_dirs
2025 Feb 11 02:50:39.149452 sonic INFO featured[11812]:     hwsku_path = os.path.join(platform_path, hwsku)
2025 Feb 11 02:50:39.149511 sonic INFO featured[11812]:                  ^^^^^^^^^^^^^^^^^^^^^^^^^^^^^^^^^^
2025 Feb 11 02:50:39.149529 sonic INFO featured[11812]:   File "<frozen posixpath>", line 90, in join
2025 Feb 11 02:50:39.149555 sonic INFO featured[11812]:   File "<frozen genericpath>", line 152, in _check_arg_types
2025 Feb 11 02:50:39.149585 sonic INFO featured[11812]: TypeError: join() argument must be str, bytes, or os.PathLike object, not 'NoneType'
2025 Feb 11 02:50:39.167338 sonic NOTICE systemd[1]: featured.service: Main process exited, code=exited, status=1/FAILURE
2025 Feb 11 02:50:39.167531 sonic WARNING systemd[1]: featured.service: Failed with result 'exit-code'.
2025 Feb 11 02:50:39.198733 sonic INFO systemd[1]: Started featured.service - Feature configuration daemon.
2025 Feb 11 02:50:39.327638 sonic INFO featured: ConfigDB connect success
2025 Feb 11 02:50:39.331649 sonic INFO featured[11817]: Traceback (most recent call last):
2025 Feb 11 02:50:39.331706 sonic INFO featured[11817]:   File "/usr/local/bin/featured", line 598, in <module>
2025 Feb 11 02:50:39.331794 sonic INFO featured[11817]:     main()
2025 Feb 11 02:50:39.331833 sonic INFO featured[11817]:   File "/usr/local/bin/featured", line 591, in main
2025 Feb 11 02:50:39.331980 sonic INFO featured[11817]:     daemon = FeatureDaemon()
2025 Feb 11 02:50:39.332014 sonic INFO featured[11817]:              ^^^^^^^^^^^^^^^
2025 Feb 11 02:50:39.332037 sonic INFO featured[11817]:   File "/usr/local/bin/featured", line 529, in __init__
2025 Feb 11 02:50:39.332099 sonic INFO featured[11817]:     self.feature_handler = FeatureHandler(self.config_db, feature_state_table, self.device_config, self.advanced_boot)
2025 Feb 11 02:50:39.332144 sonic INFO featured[11817]:                            ^^^^^^^^^^^^^^^^^^^^^^^^^^^^^^^^^^^^^^^^^^^^^^^^^^^^^^^^^^^^^^^^^^^^^^^^^^^^^^^^^^^^^^^^^^^
2025 Feb 11 02:50:39.332170 sonic INFO featured[11817]:   File "/usr/local/bin/featured", line 136, in __init__
2025 Feb 11 02:50:39.332201 sonic INFO featured[11817]:     self._device_running_config = device_info.get_device_runtime_metadata()
2025 Feb 11 02:50:39.332232 sonic INFO featured[11817]:                                   ^^^^^^^^^^^^^^^^^^^^^^^^^^^^^^^^^^^^^^^^^
2025 Feb 11 02:50:39.332258 sonic INFO featured[11817]:   File "/usr/local/lib/python3.11/dist-packages/sonic_py_common/device_info.py", line 680, in get_device_runtime_metadata
2025 Feb 11 02:50:39.332357 sonic INFO featured[11817]:     port_metadata = {'ETHERNET_PORTS_PRESENT': True if get_path_to_port_config_file(hwsku=None, asic="0" if is_multi_npu() else None) else False}
2025 Feb 11 02:50:39.332397 sonic INFO featured[11817]:                                                        ^^^^^^^^^^^^^^^^^^^^^^^^^^^^^^^^^^^^^^^^^^^^^^^^^^^^^^^^^^^^^^^^^^^^^^^^^^^^^^
2025 Feb 11 02:50:39.332414 sonic INFO featured[11817]:   File "/usr/local/lib/python3.11/dist-packages/sonic_py_common/device_info.py", line 446, in get_path_to_port_config_file
2025 Feb 11 02:50:39.332478 sonic INFO featured[11817]:     (platform_path, hwsku_path) = get_paths_to_platform_and_hwsku_dirs()
2025 Feb 11 02:50:39.332510 sonic INFO featured[11817]:                                   ^^^^^^^^^^^^^^^^^^^^^^^^^^^^^^^^^^^^^^
2025 Feb 11 02:50:39.332535 sonic INFO featured[11817]:   File "/usr/local/lib/python3.11/dist-packages/sonic_py_common/device_info.py", line 412, in get_paths_to_platform_and_hwsku_dirs
2025 Feb 11 02:50:39.332588 sonic INFO featured[11817]:     hwsku_path = os.path.join(platform_path, hwsku)
2025 Feb 11 02:50:39.332621 sonic INFO featured[11817]:                  ^^^^^^^^^^^^^^^^^^^^^^^^^^^^^^^^^^
2025 Feb 11 02:50:39.332647 sonic INFO featured[11817]:   File "<frozen posixpath>", line 90, in join
2025 Feb 11 02:50:39.332663 sonic INFO featured[11817]:   File "<frozen genericpath>", line 152, in _check_arg_types
2025 Feb 11 02:50:39.332687 sonic INFO featured[11817]: TypeError: join() argument must be str, bytes, or os.PathLike object, not 'NoneType'
2025 Feb 11 02:50:39.350651 sonic NOTICE systemd[1]: featured.service: Main process exited, code=exited, status=1/FAILURE
2025 Feb 11 02:50:39.350723 sonic WARNING systemd[1]: featured.service: Failed with result 'exit-code'.
2025 Feb 11 02:50:39.352210 sonic WARNING systemd[1]: featured.service: Start request repeated too quickly.
2025 Feb 11 02:50:39.352263 sonic WARNING systemd[1]: featured.service: Failed with result 'exit-code'.
2025 Feb 11 02:50:39.352290 sonic ERR systemd[1]: Failed to start featured.service - Feature configuration daemon.
2025 Feb 11 02:50:47.281036 sonic WARNING systemd[1]: featured.service: Start request repeated too quickly.
2025 Feb 11 02:50:47.281623 sonic WARNING systemd[1]: featured.service: Failed with result 'exit-code'.
2025 Feb 11 02:50:47.281711 sonic ERR systemd[1]: Failed to start featured.service - Feature configuration daemon.
2025 Feb 11 02:50:47.530108 sonic INFO systemd[1]: caclmgrd.service: Scheduled restart job, restart counter is at 47.
2025 Feb 11 02:50:47.530587 sonic INFO systemd[1]: Stopped caclmgrd.service - Control Plane ACL configuration daemon.
2025 Feb 11 02:50:47.554398 sonic INFO systemd[1]: Started caclmgrd.service - Control Plane ACL configuration daemon.
2025 Feb 11 02:50:47.554760 sonic WARNING systemd[1]: featured.service: Start request repeated too quickly.
2025 Feb 11 02:50:47.554831 sonic WARNING systemd[1]: featured.service: Failed with result 'exit-code'.
2025 Feb 11 02:50:47.554905 sonic ERR systemd[1]: Failed to start featured.service - Feature configuration daemon.
2025 Feb 11 02:50:47.556570 sonic WARNING systemd[1]: featured.service: Start request repeated too quickly.
2025 Feb 11 02:50:47.556622 sonic WARNING systemd[1]: featured.service: Failed with result 'exit-code'.
2025 Feb 11 02:50:47.556648 sonic ERR systemd[1]: Failed to start featured.service - Feature configuration daemon.
2025 Feb 11 02:50:47.672324 sonic INFO caclmgrd[11834]: Traceback (most recent call last):
2025 Feb 11 02:50:47.672438 sonic INFO caclmgrd[11834]:   File "/usr/local/bin/caclmgrd", line 1146, in <module>
2025 Feb 11 02:50:47.672470 sonic INFO caclmgrd[11834]:     main()
2025 Feb 11 02:50:47.672487 sonic INFO caclmgrd[11834]:   File "/usr/local/bin/caclmgrd", line 1137, in main
2025 Feb 11 02:50:47.672519 sonic INFO caclmgrd[11834]:     caclmgr = ControlPlaneAclManager(SYSLOG_IDENTIFIER)
2025 Feb 11 02:50:47.672535 sonic INFO caclmgrd[11834]:               ^^^^^^^^^^^^^^^^^^^^^^^^^^^^^^^^^^^^^^^^^
2025 Feb 11 02:50:47.672561 sonic INFO caclmgrd[11834]:   File "/usr/local/bin/caclmgrd", line 156, in __init__
2025 Feb 11 02:50:47.672593 sonic INFO caclmgrd[11834]:     if 'subtype' in metadata['localhost'] and metadata['localhost']['subtype'] == 'DualToR':
2025 Feb 11 02:50:47.672621 sonic INFO caclmgrd[11834]:                     ~~~~~~~~^^^^^^^^^^^^^
2025 Feb 11 02:50:47.672638 sonic INFO caclmgrd[11834]: KeyError: 'localhost'
2025 Feb 11 02:50:47.684879 sonic NOTICE systemd[1]: caclmgrd.service: Main process exited, code=exited, status=1/FAILURE
2025 Feb 11 02:50:47.685038 sonic WARNING systemd[1]: caclmgrd.service: Failed with result 'exit-code'.
2025 Feb 11 02:50:47.687006 sonic WARNING systemd[1]: featured.service: Start request repeated too quickly.
2025 Feb 11 02:50:47.687062 sonic WARNING systemd[1]: featured.service: Failed with result 'exit-code'.
2025 Feb 11 02:50:47.687101 sonic ERR systemd[1]: Failed to start featured.service - Feature configuration daemon.
2025 Feb 11 02:50:54.776059 sonic ERR monit[828]: 'container_checker' status failed (4) -- Unexpected running containers: bgp3, bgp2, macsec2, bgp1, database2, database, database3, database0, eventd, macsec1, macsec3, database1, bgp0, macsec0
2025 Feb 11 02:50:54.802526 sonic INFO systemd[1]: Started featured.service - Feature configuration daemon.
2025 Feb 11 02:50:54.879526 sonic DEBUG mgmt_oper_status.py: No management interface found
2025 Feb 11 02:50:54.961743 sonic INFO featured: ConfigDB connect success
2025 Feb 11 02:50:54.965669 sonic INFO featured[11867]: Traceback (most recent call last):
2025 Feb 11 02:50:54.965736 sonic INFO featured[11867]:   File "/usr/local/bin/featured", line 598, in <module>
2025 Feb 11 02:50:54.965796 sonic INFO featured[11867]:     main()
2025 Feb 11 02:50:54.965877 sonic INFO featured[11867]:   File "/usr/local/bin/featured", line 591, in main
2025 Feb 11 02:50:54.966021 sonic INFO featured[11867]:     daemon = FeatureDaemon()
2025 Feb 11 02:50:54.966070 sonic INFO featured[11867]:              ^^^^^^^^^^^^^^^
2025 Feb 11 02:50:54.966086 sonic INFO featured[11867]:   File "/usr/local/bin/featured", line 529, in __init__
2025 Feb 11 02:50:54.966144 sonic INFO featured[11867]:     self.feature_handler = FeatureHandler(self.config_db, feature_state_table, self.device_config, self.advanced_boot)
2025 Feb 11 02:50:54.966202 sonic INFO featured[11867]:                            ^^^^^^^^^^^^^^^^^^^^^^^^^^^^^^^^^^^^^^^^^^^^^^^^^^^^^^^^^^^^^^^^^^^^^^^^^^^^^^^^^^^^^^^^^^^
2025 Feb 11 02:50:54.966245 sonic INFO featured[11867]:   File "/usr/local/bin/featured", line 136, in __init__
2025 Feb 11 02:50:54.966299 sonic INFO featured[11867]:     self._device_running_config = device_info.get_device_runtime_metadata()
2025 Feb 11 02:50:54.966341 sonic INFO featured[11867]:                                   ^^^^^^^^^^^^^^^^^^^^^^^^^^^^^^^^^^^^^^^^^
2025 Feb 11 02:50:54.966382 sonic INFO featured[11867]:   File "/usr/local/lib/python3.11/dist-packages/sonic_py_common/device_info.py", line 680, in get_device_runtime_metadata
2025 Feb 11 02:50:54.966437 sonic INFO featured[11867]:     port_metadata = {'ETHERNET_PORTS_PRESENT': True if get_path_to_port_config_file(hwsku=None, asic="0" if is_multi_npu() else None) else False}
2025 Feb 11 02:50:54.966479 sonic INFO featured[11867]:                                                        ^^^^^^^^^^^^^^^^^^^^^^^^^^^^^^^^^^^^^^^^^^^^^^^^^^^^^^^^^^^^^^^^^^^^^^^^^^^^^^
2025 Feb 11 02:50:54.966521 sonic INFO featured[11867]:   File "/usr/local/lib/python3.11/dist-packages/sonic_py_common/device_info.py", line 446, in get_path_to_port_config_file
2025 Feb 11 02:50:54.966573 sonic INFO featured[11867]:     (platform_path, hwsku_path) = get_paths_to_platform_and_hwsku_dirs()
2025 Feb 11 02:50:54.966615 sonic INFO featured[11867]:                                   ^^^^^^^^^^^^^^^^^^^^^^^^^^^^^^^^^^^^^^
2025 Feb 11 02:50:54.966656 sonic INFO featured[11867]:   File "/usr/local/lib/python3.11/dist-packages/sonic_py_common/device_info.py", line 412, in get_paths_to_platform_and_hwsku_dirs
2025 Feb 11 02:50:54.966709 sonic INFO featured[11867]:     hwsku_path = os.path.join(platform_path, hwsku)
2025 Feb 11 02:50:54.966750 sonic INFO featured[11867]:                  ^^^^^^^^^^^^^^^^^^^^^^^^^^^^^^^^^^
2025 Feb 11 02:50:54.966790 sonic INFO featured[11867]:   File "<frozen posixpath>", line 90, in join
2025 Feb 11 02:50:54.966832 sonic INFO featured[11867]:   File "<frozen genericpath>", line 152, in _check_arg_types
2025 Feb 11 02:50:54.966894 sonic INFO featured[11867]: TypeError: join() argument must be str, bytes, or os.PathLike object, not 'NoneType'
2025 Feb 11 02:50:54.985655 sonic NOTICE systemd[1]: featured.service: Main process exited, code=exited, status=1/FAILURE
2025 Feb 11 02:50:54.985816 sonic WARNING systemd[1]: featured.service: Failed with result 'exit-code'.
2025 Feb 11 02:50:55.018483 sonic INFO systemd[1]: Started featured.service - Feature configuration daemon.
2025 Feb 11 02:50:55.094323 sonic INFO memory_checker: [memory_checker] Exits without checking memory usage since container 'bmp' is not running!
2025 Feb 11 02:50:55.095496 sonic INFO memory_checker: [memory_checker] Exits without checking memory usage since container 'snmp' is not running!
2025 Feb 11 02:50:55.123678 sonic INFO memory_checker: [memory_checker] Exits without checking memory usage since container 'gnmi' is not running!
2025 Feb 11 02:50:55.206071 sonic INFO featured: ConfigDB connect success
2025 Feb 11 02:50:55.210229 sonic INFO featured[11870]: Traceback (most recent call last):
2025 Feb 11 02:50:55.210323 sonic INFO featured[11870]:   File "/usr/local/bin/featured", line 598, in <module>
2025 Feb 11 02:50:55.210385 sonic INFO featured[11870]:     main()
2025 Feb 11 02:50:55.210458 sonic INFO featured[11870]:   File "/usr/local/bin/featured", line 591, in main
2025 Feb 11 02:50:55.210654 sonic INFO featured[11870]:     daemon = FeatureDaemon()
2025 Feb 11 02:50:55.210720 sonic INFO featured[11870]:              ^^^^^^^^^^^^^^^
2025 Feb 11 02:50:55.210763 sonic INFO featured[11870]:   File "/usr/local/bin/featured", line 529, in __init__
2025 Feb 11 02:50:55.210839 sonic INFO featured[11870]:     self.feature_handler = FeatureHandler(self.config_db, feature_state_table, self.device_config, self.advanced_boot)
2025 Feb 11 02:50:55.210945 sonic INFO featured[11870]:                            ^^^^^^^^^^^^^^^^^^^^^^^^^^^^^^^^^^^^^^^^^^^^^^^^^^^^^^^^^^^^^^^^^^^^^^^^^^^^^^^^^^^^^^^^^^^
2025 Feb 11 02:50:55.210993 sonic INFO featured[11870]:   File "/usr/local/bin/featured", line 136, in __init__
2025 Feb 11 02:50:55.211052 sonic INFO featured[11870]:     self._device_running_config = device_info.get_device_runtime_metadata()
2025 Feb 11 02:50:55.211106 sonic INFO featured[11870]:                                   ^^^^^^^^^^^^^^^^^^^^^^^^^^^^^^^^^^^^^^^^^
2025 Feb 11 02:50:55.211152 sonic INFO featured[11870]:   File "/usr/local/lib/python3.11/dist-packages/sonic_py_common/device_info.py", line 680, in get_device_runtime_metadata
2025 Feb 11 02:50:55.211329 sonic INFO featured[11870]:     port_metadata = {'ETHERNET_PORTS_PRESENT': True if get_path_to_port_config_file(hwsku=None, asic="0" if is_multi_npu() else None) else False}
2025 Feb 11 02:50:55.211405 sonic INFO featured[11870]:                                                        ^^^^^^^^^^^^^^^^^^^^^^^^^^^^^^^^^^^^^^^^^^^^^^^^^^^^^^^^^^^^^^^^^^^^^^^^^^^^^^
2025 Feb 11 02:50:55.211453 sonic INFO featured[11870]:   File "/usr/local/lib/python3.11/dist-packages/sonic_py_common/device_info.py", line 446, in get_path_to_port_config_file
2025 Feb 11 02:50:55.211531 sonic INFO featured[11870]:     (platform_path, hwsku_path) = get_paths_to_platform_and_hwsku_dirs()
2025 Feb 11 02:50:55.211584 sonic INFO featured[11870]:                                   ^^^^^^^^^^^^^^^^^^^^^^^^^^^^^^^^^^^^^^
2025 Feb 11 02:50:55.211630 sonic INFO featured[11870]:   File "/usr/local/lib/python3.11/dist-packages/sonic_py_common/device_info.py", line 412, in get_paths_to_platform_and_hwsku_dirs
2025 Feb 11 02:50:55.211718 sonic INFO featured[11870]:     hwsku_path = os.path.join(platform_path, hwsku)
2025 Feb 11 02:50:55.211773 sonic INFO featured[11870]:                  ^^^^^^^^^^^^^^^^^^^^^^^^^^^^^^^^^^
2025 Feb 11 02:50:55.211815 sonic INFO featured[11870]:   File "<frozen posixpath>", line 90, in join
2025 Feb 11 02:50:55.211883 sonic INFO featured[11870]:   File "<frozen genericpath>", line 152, in _check_arg_types
2025 Feb 11 02:50:55.211926 sonic INFO featured[11870]: TypeError: join() argument must be str, bytes, or os.PathLike object, not 'NoneType'
2025 Feb 11 02:50:55.230664 sonic NOTICE systemd[1]: featured.service: Main process exited, code=exited, status=1/FAILURE
2025 Feb 11 02:50:55.230816 sonic WARNING systemd[1]: featured.service: Failed with result 'exit-code'.
2025 Feb 11 02:50:55.271306 sonic INFO systemd[1]: Started featured.service - Feature configuration daemon.
2025 Feb 11 02:50:55.433832 sonic INFO featured: ConfigDB connect success
2025 Feb 11 02:50:55.437809 sonic INFO featured[11902]: Traceback (most recent call last):
2025 Feb 11 02:50:55.437875 sonic INFO featured[11902]:   File "/usr/local/bin/featured", line 598, in <module>
2025 Feb 11 02:50:55.438002 sonic INFO featured[11902]:     main()
2025 Feb 11 02:50:55.438042 sonic INFO featured[11902]:   File "/usr/local/bin/featured", line 591, in main
2025 Feb 11 02:50:55.438167 sonic INFO featured[11902]:     daemon = FeatureDaemon()
2025 Feb 11 02:50:55.438206 sonic INFO featured[11902]:              ^^^^^^^^^^^^^^^
2025 Feb 11 02:50:55.438222 sonic INFO featured[11902]:   File "/usr/local/bin/featured", line 529, in __init__
2025 Feb 11 02:50:55.438313 sonic INFO featured[11902]:     self.feature_handler = FeatureHandler(self.config_db, feature_state_table, self.device_config, self.advanced_boot)
2025 Feb 11 02:50:55.438355 sonic INFO featured[11902]:                            ^^^^^^^^^^^^^^^^^^^^^^^^^^^^^^^^^^^^^^^^^^^^^^^^^^^^^^^^^^^^^^^^^^^^^^^^^^^^^^^^^^^^^^^^^^^
2025 Feb 11 02:50:55.438372 sonic INFO featured[11902]:   File "/usr/local/bin/featured", line 136, in __init__
2025 Feb 11 02:50:55.438404 sonic INFO featured[11902]:     self._device_running_config = device_info.get_device_runtime_metadata()
2025 Feb 11 02:50:55.438435 sonic INFO featured[11902]:                                   ^^^^^^^^^^^^^^^^^^^^^^^^^^^^^^^^^^^^^^^^^
2025 Feb 11 02:50:55.438459 sonic INFO featured[11902]:   File "/usr/local/lib/python3.11/dist-packages/sonic_py_common/device_info.py", line 680, in get_device_runtime_metadata
2025 Feb 11 02:50:55.438566 sonic INFO featured[11902]:     port_metadata = {'ETHERNET_PORTS_PRESENT': True if get_path_to_port_config_file(hwsku=None, asic="0" if is_multi_npu() else None) else False}
2025 Feb 11 02:50:55.438605 sonic INFO featured[11902]:                                                        ^^^^^^^^^^^^^^^^^^^^^^^^^^^^^^^^^^^^^^^^^^^^^^^^^^^^^^^^^^^^^^^^^^^^^^^^^^^^^^
2025 Feb 11 02:50:55.438622 sonic INFO featured[11902]:   File "/usr/local/lib/python3.11/dist-packages/sonic_py_common/device_info.py", line 446, in get_path_to_port_config_file
2025 Feb 11 02:50:55.438698 sonic INFO featured[11902]:     (platform_path, hwsku_path) = get_paths_to_platform_and_hwsku_dirs()
2025 Feb 11 02:50:55.438731 sonic INFO featured[11902]:                                   ^^^^^^^^^^^^^^^^^^^^^^^^^^^^^^^^^^^^^^
2025 Feb 11 02:50:55.438756 sonic INFO featured[11902]:   File "/usr/local/lib/python3.11/dist-packages/sonic_py_common/device_info.py", line 412, in get_paths_to_platform_and_hwsku_dirs
2025 Feb 11 02:50:55.438816 sonic INFO featured[11902]:     hwsku_path = os.path.join(platform_path, hwsku)
2025 Feb 11 02:50:55.438865 sonic INFO featured[11902]:                  ^^^^^^^^^^^^^^^^^^^^^^^^^^^^^^^^^^
2025 Feb 11 02:50:55.438890 sonic INFO featured[11902]:   File "<frozen posixpath>", line 90, in join
2025 Feb 11 02:50:55.438921 sonic INFO featured[11902]:   File "<frozen genericpath>", line 152, in _check_arg_types
2025 Feb 11 02:50:55.438951 sonic INFO featured[11902]: TypeError: join() argument must be str, bytes, or os.PathLike object, not 'NoneType'
2025 Feb 11 02:50:55.457408 sonic NOTICE systemd[1]: featured.service: Main process exited, code=exited, status=1/FAILURE
2025 Feb 11 02:50:55.457577 sonic WARNING systemd[1]: featured.service: Failed with result 'exit-code'.
2025 Feb 11 02:50:55.476142 sonic INFO systemd[1]: Started featured.service - Feature configuration daemon.
2025 Feb 11 02:50:55.625582 sonic INFO featured: ConfigDB connect success
2025 Feb 11 02:50:55.629664 sonic INFO featured[11904]: Traceback (most recent call last):
2025 Feb 11 02:50:55.629725 sonic INFO featured[11904]:   File "/usr/local/bin/featured", line 598, in <module>
2025 Feb 11 02:50:55.629791 sonic INFO featured[11904]:     main()
2025 Feb 11 02:50:55.629823 sonic INFO featured[11904]:   File "/usr/local/bin/featured", line 591, in main
2025 Feb 11 02:50:55.629990 sonic INFO featured[11904]:     daemon = FeatureDaemon()
2025 Feb 11 02:50:55.630025 sonic INFO featured[11904]:              ^^^^^^^^^^^^^^^
2025 Feb 11 02:50:55.630051 sonic INFO featured[11904]:   File "/usr/local/bin/featured", line 529, in __init__
2025 Feb 11 02:50:55.630113 sonic INFO featured[11904]:     self.feature_handler = FeatureHandler(self.config_db, feature_state_table, self.device_config, self.advanced_boot)
2025 Feb 11 02:50:55.630163 sonic INFO featured[11904]:                            ^^^^^^^^^^^^^^^^^^^^^^^^^^^^^^^^^^^^^^^^^^^^^^^^^^^^^^^^^^^^^^^^^^^^^^^^^^^^^^^^^^^^^^^^^^^
2025 Feb 11 02:50:55.630189 sonic INFO featured[11904]:   File "/usr/local/bin/featured", line 136, in __init__
2025 Feb 11 02:50:55.630224 sonic INFO featured[11904]:     self._device_running_config = device_info.get_device_runtime_metadata()
2025 Feb 11 02:50:55.630255 sonic INFO featured[11904]:                                   ^^^^^^^^^^^^^^^^^^^^^^^^^^^^^^^^^^^^^^^^^
2025 Feb 11 02:50:55.630280 sonic INFO featured[11904]:   File "/usr/local/lib/python3.11/dist-packages/sonic_py_common/device_info.py", line 680, in get_device_runtime_metadata
2025 Feb 11 02:50:55.630387 sonic INFO featured[11904]:     port_metadata = {'ETHERNET_PORTS_PRESENT': True if get_path_to_port_config_file(hwsku=None, asic="0" if is_multi_npu() else None) else False}
2025 Feb 11 02:50:55.630422 sonic INFO featured[11904]:                                                        ^^^^^^^^^^^^^^^^^^^^^^^^^^^^^^^^^^^^^^^^^^^^^^^^^^^^^^^^^^^^^^^^^^^^^^^^^^^^^^
2025 Feb 11 02:50:55.630448 sonic INFO featured[11904]:   File "/usr/local/lib/python3.11/dist-packages/sonic_py_common/device_info.py", line 446, in get_path_to_port_config_file
2025 Feb 11 02:50:55.630512 sonic INFO featured[11904]:     (platform_path, hwsku_path) = get_paths_to_platform_and_hwsku_dirs()
2025 Feb 11 02:50:55.630545 sonic INFO featured[11904]:                                   ^^^^^^^^^^^^^^^^^^^^^^^^^^^^^^^^^^^^^^
2025 Feb 11 02:50:55.630570 sonic INFO featured[11904]:   File "/usr/local/lib/python3.11/dist-packages/sonic_py_common/device_info.py", line 412, in get_paths_to_platform_and_hwsku_dirs
2025 Feb 11 02:50:55.630626 sonic INFO featured[11904]:     hwsku_path = os.path.join(platform_path, hwsku)
2025 Feb 11 02:50:55.630660 sonic INFO featured[11904]:                  ^^^^^^^^^^^^^^^^^^^^^^^^^^^^^^^^^^
2025 Feb 11 02:50:55.630685 sonic INFO featured[11904]:   File "<frozen posixpath>", line 90, in join
2025 Feb 11 02:50:55.630709 sonic INFO featured[11904]:   File "<frozen genericpath>", line 152, in _check_arg_types
2025 Feb 11 02:50:55.630734 sonic INFO featured[11904]: TypeError: join() argument must be str, bytes, or os.PathLike object, not 'NoneType'
2025 Feb 11 02:50:55.649231 sonic NOTICE systemd[1]: featured.service: Main process exited, code=exited, status=1/FAILURE
2025 Feb 11 02:50:55.649358 sonic WARNING systemd[1]: featured.service: Failed with result 'exit-code'.
2025 Feb 11 02:50:55.712355 sonic INFO systemd[1]: Started featured.service - Feature configuration daemon.
2025 Feb 11 02:50:55.859134 sonic INFO featured: ConfigDB connect success
2025 Feb 11 02:50:55.863042 sonic INFO featured[11905]: Traceback (most recent call last):
2025 Feb 11 02:50:55.863094 sonic INFO featured[11905]:   File "/usr/local/bin/featured", line 598, in <module>
2025 Feb 11 02:50:55.863199 sonic INFO featured[11905]:     main()
2025 Feb 11 02:50:55.863239 sonic INFO featured[11905]:   File "/usr/local/bin/featured", line 591, in main
2025 Feb 11 02:50:55.863359 sonic INFO featured[11905]:     daemon = FeatureDaemon()
2025 Feb 11 02:50:55.863392 sonic INFO featured[11905]:              ^^^^^^^^^^^^^^^
2025 Feb 11 02:50:55.863414 sonic INFO featured[11905]:   File "/usr/local/bin/featured", line 529, in __init__
2025 Feb 11 02:50:55.863480 sonic INFO featured[11905]:     self.feature_handler = FeatureHandler(self.config_db, feature_state_table, self.device_config, self.advanced_boot)
2025 Feb 11 02:50:55.863516 sonic INFO featured[11905]:                            ^^^^^^^^^^^^^^^^^^^^^^^^^^^^^^^^^^^^^^^^^^^^^^^^^^^^^^^^^^^^^^^^^^^^^^^^^^^^^^^^^^^^^^^^^^^
2025 Feb 11 02:50:55.863542 sonic INFO featured[11905]:   File "/usr/local/bin/featured", line 136, in __init__
2025 Feb 11 02:50:55.863573 sonic INFO featured[11905]:     self._device_running_config = device_info.get_device_runtime_metadata()
2025 Feb 11 02:50:55.863605 sonic INFO featured[11905]:                                   ^^^^^^^^^^^^^^^^^^^^^^^^^^^^^^^^^^^^^^^^^
2025 Feb 11 02:50:55.863630 sonic INFO featured[11905]:   File "/usr/local/lib/python3.11/dist-packages/sonic_py_common/device_info.py", line 680, in get_device_runtime_metadata
2025 Feb 11 02:50:55.863737 sonic INFO featured[11905]:     port_metadata = {'ETHERNET_PORTS_PRESENT': True if get_path_to_port_config_file(hwsku=None, asic="0" if is_multi_npu() else None) else False}
2025 Feb 11 02:50:55.863776 sonic INFO featured[11905]:                                                        ^^^^^^^^^^^^^^^^^^^^^^^^^^^^^^^^^^^^^^^^^^^^^^^^^^^^^^^^^^^^^^^^^^^^^^^^^^^^^^
2025 Feb 11 02:50:55.863793 sonic INFO featured[11905]:   File "/usr/local/lib/python3.11/dist-packages/sonic_py_common/device_info.py", line 446, in get_path_to_port_config_file
2025 Feb 11 02:50:55.863875 sonic INFO featured[11905]:     (platform_path, hwsku_path) = get_paths_to_platform_and_hwsku_dirs()
2025 Feb 11 02:50:55.863908 sonic INFO featured[11905]:                                   ^^^^^^^^^^^^^^^^^^^^^^^^^^^^^^^^^^^^^^
2025 Feb 11 02:50:55.863933 sonic INFO featured[11905]:   File "/usr/local/lib/python3.11/dist-packages/sonic_py_common/device_info.py", line 412, in get_paths_to_platform_and_hwsku_dirs
2025 Feb 11 02:50:55.863989 sonic INFO featured[11905]:     hwsku_path = os.path.join(platform_path, hwsku)
2025 Feb 11 02:50:55.864024 sonic INFO featured[11905]:                  ^^^^^^^^^^^^^^^^^^^^^^^^^^^^^^^^^^
2025 Feb 11 02:50:55.864049 sonic INFO featured[11905]:   File "<frozen posixpath>", line 90, in join
2025 Feb 11 02:50:55.864079 sonic INFO featured[11905]:   File "<frozen genericpath>", line 152, in _check_arg_types
2025 Feb 11 02:50:55.864104 sonic INFO featured[11905]: TypeError: join() argument must be str, bytes, or os.PathLike object, not 'NoneType'
2025 Feb 11 02:50:55.881887 sonic NOTICE systemd[1]: featured.service: Main process exited, code=exited, status=1/FAILURE
2025 Feb 11 02:50:55.881985 sonic WARNING systemd[1]: featured.service: Failed with result 'exit-code'.
2025 Feb 11 02:50:55.883480 sonic WARNING systemd[1]: featured.service: Start request repeated too quickly.
2025 Feb 11 02:50:55.883544 sonic WARNING systemd[1]: featured.service: Failed with result 'exit-code'.
2025 Feb 11 02:50:55.883598 sonic ERR systemd[1]: Failed to start featured.service - Feature configuration daemon.
2025 Feb 11 02:50:58.280078 sonic WARNING systemd[1]: featured.service: Start request repeated too quickly.
2025 Feb 11 02:50:58.280605 sonic WARNING systemd[1]: featured.service: Failed with result 'exit-code'.
2025 Feb 11 02:50:58.280683 sonic ERR systemd[1]: Failed to start featured.service - Feature configuration daemon.
2025 Feb 11 02:51:08.310913 sonic INFO systemd[1]: Started featured.service - Feature configuration daemon.
2025 Feb 11 02:51:08.456699 sonic INFO featured: ConfigDB connect success
2025 Feb 11 02:51:08.460627 sonic INFO featured[11938]: Traceback (most recent call last):
2025 Feb 11 02:51:08.460689 sonic INFO featured[11938]:   File "/usr/local/bin/featured", line 598, in <module>
2025 Feb 11 02:51:08.460793 sonic INFO featured[11938]:     main()
2025 Feb 11 02:51:08.460850 sonic INFO featured[11938]:   File "/usr/local/bin/featured", line 591, in main
2025 Feb 11 02:51:08.460977 sonic INFO featured[11938]:     daemon = FeatureDaemon()
2025 Feb 11 02:51:08.461016 sonic INFO featured[11938]:              ^^^^^^^^^^^^^^^
2025 Feb 11 02:51:08.461033 sonic INFO featured[11938]:   File "/usr/local/bin/featured", line 529, in __init__
2025 Feb 11 02:51:08.461115 sonic INFO featured[11938]:     self.feature_handler = FeatureHandler(self.config_db, feature_state_table, self.device_config, self.advanced_boot)
2025 Feb 11 02:51:08.461152 sonic INFO featured[11938]:                            ^^^^^^^^^^^^^^^^^^^^^^^^^^^^^^^^^^^^^^^^^^^^^^^^^^^^^^^^^^^^^^^^^^^^^^^^^^^^^^^^^^^^^^^^^^^
2025 Feb 11 02:51:08.461169 sonic INFO featured[11938]:   File "/usr/local/bin/featured", line 136, in __init__
2025 Feb 11 02:51:08.461207 sonic INFO featured[11938]:     self._device_running_config = device_info.get_device_runtime_metadata()
2025 Feb 11 02:51:08.461240 sonic INFO featured[11938]:                                   ^^^^^^^^^^^^^^^^^^^^^^^^^^^^^^^^^^^^^^^^^
2025 Feb 11 02:51:08.461265 sonic INFO featured[11938]:   File "/usr/local/lib/python3.11/dist-packages/sonic_py_common/device_info.py", line 680, in get_device_runtime_metadata
2025 Feb 11 02:51:08.461369 sonic INFO featured[11938]:     port_metadata = {'ETHERNET_PORTS_PRESENT': True if get_path_to_port_config_file(hwsku=None, asic="0" if is_multi_npu() else None) else False}
2025 Feb 11 02:51:08.461407 sonic INFO featured[11938]:                                                        ^^^^^^^^^^^^^^^^^^^^^^^^^^^^^^^^^^^^^^^^^^^^^^^^^^^^^^^^^^^^^^^^^^^^^^^^^^^^^^
2025 Feb 11 02:51:08.461425 sonic INFO featured[11938]:   File "/usr/local/lib/python3.11/dist-packages/sonic_py_common/device_info.py", line 446, in get_path_to_port_config_file
2025 Feb 11 02:51:08.461522 sonic INFO featured[11938]:     (platform_path, hwsku_path) = get_paths_to_platform_and_hwsku_dirs()
2025 Feb 11 02:51:08.461556 sonic INFO featured[11938]:                                   ^^^^^^^^^^^^^^^^^^^^^^^^^^^^^^^^^^^^^^
2025 Feb 11 02:51:08.461581 sonic INFO featured[11938]:   File "/usr/local/lib/python3.11/dist-packages/sonic_py_common/device_info.py", line 412, in get_paths_to_platform_and_hwsku_dirs
2025 Feb 11 02:51:08.461640 sonic INFO featured[11938]:     hwsku_path = os.path.join(platform_path, hwsku)
2025 Feb 11 02:51:08.461672 sonic INFO featured[11938]:                  ^^^^^^^^^^^^^^^^^^^^^^^^^^^^^^^^^^
2025 Feb 11 02:51:08.461704 sonic INFO featured[11938]:   File "<frozen posixpath>", line 90, in join
2025 Feb 11 02:51:08.461728 sonic INFO featured[11938]:   File "<frozen genericpath>", line 152, in _check_arg_types
2025 Feb 11 02:51:08.461758 sonic INFO featured[11938]: TypeError: join() argument must be str, bytes, or os.PathLike object, not 'NoneType'
2025 Feb 11 02:51:08.480068 sonic NOTICE systemd[1]: featured.service: Main process exited, code=exited, status=1/FAILURE
2025 Feb 11 02:51:08.480200 sonic WARNING systemd[1]: featured.service: Failed with result 'exit-code'.
2025 Feb 11 02:51:08.515532 sonic INFO systemd[1]: Started featured.service - Feature configuration daemon.
2025 Feb 11 02:51:08.667224 sonic INFO featured: ConfigDB connect success
2025 Feb 11 02:51:08.671355 sonic INFO featured[11939]: Traceback (most recent call last):
2025 Feb 11 02:51:08.671403 sonic INFO featured[11939]:   File "/usr/local/bin/featured", line 598, in <module>
2025 Feb 11 02:51:08.671524 sonic INFO featured[11939]:     main()
2025 Feb 11 02:51:08.671563 sonic INFO featured[11939]:   File "/usr/local/bin/featured", line 591, in main
2025 Feb 11 02:51:08.671683 sonic INFO featured[11939]:     daemon = FeatureDaemon()
2025 Feb 11 02:51:08.671724 sonic INFO featured[11939]:              ^^^^^^^^^^^^^^^
2025 Feb 11 02:51:08.671740 sonic INFO featured[11939]:   File "/usr/local/bin/featured", line 529, in __init__
2025 Feb 11 02:51:08.671856 sonic INFO featured[11939]:     self.feature_handler = FeatureHandler(self.config_db, feature_state_table, self.device_config, self.advanced_boot)
2025 Feb 11 02:51:08.671913 sonic INFO featured[11939]:                            ^^^^^^^^^^^^^^^^^^^^^^^^^^^^^^^^^^^^^^^^^^^^^^^^^^^^^^^^^^^^^^^^^^^^^^^^^^^^^^^^^^^^^^^^^^^
2025 Feb 11 02:51:08.671939 sonic INFO featured[11939]:   File "/usr/local/bin/featured", line 136, in __init__
2025 Feb 11 02:51:08.671991 sonic INFO featured[11939]:     self._device_running_config = device_info.get_device_runtime_metadata()
2025 Feb 11 02:51:08.672024 sonic INFO featured[11939]:                                   ^^^^^^^^^^^^^^^^^^^^^^^^^^^^^^^^^^^^^^^^^
2025 Feb 11 02:51:08.672050 sonic INFO featured[11939]:   File "/usr/local/lib/python3.11/dist-packages/sonic_py_common/device_info.py", line 680, in get_device_runtime_metadata
2025 Feb 11 02:51:08.672150 sonic INFO featured[11939]:     port_metadata = {'ETHERNET_PORTS_PRESENT': True if get_path_to_port_config_file(hwsku=None, asic="0" if is_multi_npu() else None) else False}
2025 Feb 11 02:51:08.672188 sonic INFO featured[11939]:                                                        ^^^^^^^^^^^^^^^^^^^^^^^^^^^^^^^^^^^^^^^^^^^^^^^^^^^^^^^^^^^^^^^^^^^^^^^^^^^^^^
2025 Feb 11 02:51:08.672206 sonic INFO featured[11939]:   File "/usr/local/lib/python3.11/dist-packages/sonic_py_common/device_info.py", line 446, in get_path_to_port_config_file
2025 Feb 11 02:51:08.672277 sonic INFO featured[11939]:     (platform_path, hwsku_path) = get_paths_to_platform_and_hwsku_dirs()
2025 Feb 11 02:51:08.672309 sonic INFO featured[11939]:                                   ^^^^^^^^^^^^^^^^^^^^^^^^^^^^^^^^^^^^^^
2025 Feb 11 02:51:08.672334 sonic INFO featured[11939]:   File "/usr/local/lib/python3.11/dist-packages/sonic_py_common/device_info.py", line 412, in get_paths_to_platform_and_hwsku_dirs
2025 Feb 11 02:51:08.672384 sonic INFO featured[11939]:     hwsku_path = os.path.join(platform_path, hwsku)
2025 Feb 11 02:51:08.672417 sonic INFO featured[11939]:                  ^^^^^^^^^^^^^^^^^^^^^^^^^^^^^^^^^^
2025 Feb 11 02:51:08.672442 sonic INFO featured[11939]:   File "<frozen posixpath>", line 90, in join
2025 Feb 11 02:51:08.672467 sonic INFO featured[11939]:   File "<frozen genericpath>", line 152, in _check_arg_types
2025 Feb 11 02:51:08.672491 sonic INFO featured[11939]: TypeError: join() argument must be str, bytes, or os.PathLike object, not 'NoneType'
2025 Feb 11 02:51:08.690806 sonic NOTICE systemd[1]: featured.service: Main process exited, code=exited, status=1/FAILURE
2025 Feb 11 02:51:08.690976 sonic WARNING systemd[1]: featured.service: Failed with result 'exit-code'.
2025 Feb 11 02:51:08.734586 sonic INFO systemd[1]: Started featured.service - Feature configuration daemon.
2025 Feb 11 02:51:08.892969 sonic INFO featured: ConfigDB connect success
2025 Feb 11 02:51:08.906164 sonic INFO featured[11941]: Traceback (most recent call last):
2025 Feb 11 02:51:08.906355 sonic INFO featured[11941]:   File "/usr/local/bin/featured", line 598, in <module>
2025 Feb 11 02:51:08.906417 sonic INFO featured[11941]:     main()
2025 Feb 11 02:51:08.906444 sonic INFO featured[11941]:   File "/usr/local/bin/featured", line 591, in main
2025 Feb 11 02:51:08.906517 sonic INFO featured[11941]:     daemon = FeatureDaemon()
2025 Feb 11 02:51:08.906558 sonic INFO featured[11941]:              ^^^^^^^^^^^^^^^
2025 Feb 11 02:51:08.906575 sonic INFO featured[11941]:   File "/usr/local/bin/featured", line 529, in __init__
2025 Feb 11 02:51:08.906671 sonic INFO featured[11941]:     self.feature_handler = FeatureHandler(self.config_db, feature_state_table, self.device_config, self.advanced_boot)
2025 Feb 11 02:51:08.906709 sonic INFO featured[11941]:                            ^^^^^^^^^^^^^^^^^^^^^^^^^^^^^^^^^^^^^^^^^^^^^^^^^^^^^^^^^^^^^^^^^^^^^^^^^^^^^^^^^^^^^^^^^^^
2025 Feb 11 02:51:08.906726 sonic INFO featured[11941]:   File "/usr/local/bin/featured", line 136, in __init__
2025 Feb 11 02:51:08.906765 sonic INFO featured[11941]:     self._device_running_config = device_info.get_device_runtime_metadata()
2025 Feb 11 02:51:08.906798 sonic INFO featured[11941]:                                   ^^^^^^^^^^^^^^^^^^^^^^^^^^^^^^^^^^^^^^^^^
2025 Feb 11 02:51:08.906815 sonic INFO featured[11941]:   File "/usr/local/lib/python3.11/dist-packages/sonic_py_common/device_info.py", line 680, in get_device_runtime_metadata
2025 Feb 11 02:51:08.906972 sonic INFO featured[11941]:     port_metadata = {'ETHERNET_PORTS_PRESENT': True if get_path_to_port_config_file(hwsku=None, asic="0" if is_multi_npu() else None) else False}
2025 Feb 11 02:51:08.907012 sonic INFO featured[11941]:                                                        ^^^^^^^^^^^^^^^^^^^^^^^^^^^^^^^^^^^^^^^^^^^^^^^^^^^^^^^^^^^^^^^^^^^^^^^^^^^^^^
2025 Feb 11 02:51:08.907029 sonic INFO featured[11941]:   File "/usr/local/lib/python3.11/dist-packages/sonic_py_common/device_info.py", line 446, in get_path_to_port_config_file
2025 Feb 11 02:51:08.907098 sonic INFO featured[11941]:     (platform_path, hwsku_path) = get_paths_to_platform_and_hwsku_dirs()
2025 Feb 11 02:51:08.907130 sonic INFO featured[11941]:                                   ^^^^^^^^^^^^^^^^^^^^^^^^^^^^^^^^^^^^^^
2025 Feb 11 02:51:08.907148 sonic INFO featured[11941]:   File "/usr/local/lib/python3.11/dist-packages/sonic_py_common/device_info.py", line 412, in get_paths_to_platform_and_hwsku_dirs
2025 Feb 11 02:51:08.907205 sonic INFO featured[11941]:     hwsku_path = os.path.join(platform_path, hwsku)
2025 Feb 11 02:51:08.907239 sonic INFO featured[11941]:                  ^^^^^^^^^^^^^^^^^^^^^^^^^^^^^^^^^^
2025 Feb 11 02:51:08.907262 sonic INFO featured[11941]:   File "<frozen posixpath>", line 90, in join
2025 Feb 11 02:51:08.907279 sonic INFO featured[11941]:   File "<frozen genericpath>", line 152, in _check_arg_types
2025 Feb 11 02:51:08.907304 sonic INFO featured[11941]: TypeError: join() argument must be str, bytes, or os.PathLike object, not 'NoneType'
2025 Feb 11 02:51:08.926638 sonic NOTICE systemd[1]: featured.service: Main process exited, code=exited, status=1/FAILURE
2025 Feb 11 02:51:08.926771 sonic WARNING systemd[1]: featured.service: Failed with result 'exit-code'.
2025 Feb 11 02:51:08.968392 sonic INFO systemd[1]: Started featured.service - Feature configuration daemon.
2025 Feb 11 02:51:09.136049 sonic INFO featured: ConfigDB connect success
2025 Feb 11 02:51:09.140108 sonic INFO featured[11944]: Traceback (most recent call last):
2025 Feb 11 02:51:09.140167 sonic INFO featured[11944]:   File "/usr/local/bin/featured", line 598, in <module>
2025 Feb 11 02:51:09.140225 sonic INFO featured[11944]:     main()
2025 Feb 11 02:51:09.140259 sonic INFO featured[11944]:   File "/usr/local/bin/featured", line 591, in main
2025 Feb 11 02:51:09.140398 sonic INFO featured[11944]:     daemon = FeatureDaemon()
2025 Feb 11 02:51:09.140431 sonic INFO featured[11944]:              ^^^^^^^^^^^^^^^
2025 Feb 11 02:51:09.140453 sonic INFO featured[11944]:   File "/usr/local/bin/featured", line 529, in __init__
2025 Feb 11 02:51:09.140523 sonic INFO featured[11944]:     self.feature_handler = FeatureHandler(self.config_db, feature_state_table, self.device_config, self.advanced_boot)
2025 Feb 11 02:51:09.140561 sonic INFO featured[11944]:                            ^^^^^^^^^^^^^^^^^^^^^^^^^^^^^^^^^^^^^^^^^^^^^^^^^^^^^^^^^^^^^^^^^^^^^^^^^^^^^^^^^^^^^^^^^^^
2025 Feb 11 02:51:09.140578 sonic INFO featured[11944]:   File "/usr/local/bin/featured", line 136, in __init__
2025 Feb 11 02:51:09.140617 sonic INFO featured[11944]:     self._device_running_config = device_info.get_device_runtime_metadata()
2025 Feb 11 02:51:09.140649 sonic INFO featured[11944]:                                   ^^^^^^^^^^^^^^^^^^^^^^^^^^^^^^^^^^^^^^^^^
2025 Feb 11 02:51:09.140675 sonic INFO featured[11944]:   File "/usr/local/lib/python3.11/dist-packages/sonic_py_common/device_info.py", line 680, in get_device_runtime_metadata
2025 Feb 11 02:51:09.140769 sonic INFO featured[11944]:     port_metadata = {'ETHERNET_PORTS_PRESENT': True if get_path_to_port_config_file(hwsku=None, asic="0" if is_multi_npu() else None) else False}
2025 Feb 11 02:51:09.140804 sonic INFO featured[11944]:                                                        ^^^^^^^^^^^^^^^^^^^^^^^^^^^^^^^^^^^^^^^^^^^^^^^^^^^^^^^^^^^^^^^^^^^^^^^^^^^^^^
2025 Feb 11 02:51:09.140852 sonic INFO featured[11944]:   File "/usr/local/lib/python3.11/dist-packages/sonic_py_common/device_info.py", line 446, in get_path_to_port_config_file
2025 Feb 11 02:51:09.140914 sonic INFO featured[11944]:     (platform_path, hwsku_path) = get_paths_to_platform_and_hwsku_dirs()
2025 Feb 11 02:51:09.140947 sonic INFO featured[11944]:                                   ^^^^^^^^^^^^^^^^^^^^^^^^^^^^^^^^^^^^^^
2025 Feb 11 02:51:09.140972 sonic INFO featured[11944]:   File "/usr/local/lib/python3.11/dist-packages/sonic_py_common/device_info.py", line 412, in get_paths_to_platform_and_hwsku_dirs
2025 Feb 11 02:51:09.141020 sonic INFO featured[11944]:     hwsku_path = os.path.join(platform_path, hwsku)
2025 Feb 11 02:51:09.141053 sonic INFO featured[11944]:                  ^^^^^^^^^^^^^^^^^^^^^^^^^^^^^^^^^^
2025 Feb 11 02:51:09.141078 sonic INFO featured[11944]:   File "<frozen posixpath>", line 90, in join
2025 Feb 11 02:51:09.141102 sonic INFO featured[11944]:   File "<frozen genericpath>", line 152, in _check_arg_types
2025 Feb 11 02:51:09.141126 sonic INFO featured[11944]: TypeError: join() argument must be str, bytes, or os.PathLike object, not 'NoneType'
2025 Feb 11 02:51:09.159333 sonic NOTICE systemd[1]: featured.service: Main process exited, code=exited, status=1/FAILURE
2025 Feb 11 02:51:09.159464 sonic WARNING systemd[1]: featured.service: Failed with result 'exit-code'.
2025 Feb 11 02:51:09.182555 sonic INFO systemd[1]: Started featured.service - Feature configuration daemon.
2025 Feb 11 02:51:09.311197 sonic INFO featured: ConfigDB connect success
2025 Feb 11 02:51:09.315215 sonic INFO featured[11945]: Traceback (most recent call last):
2025 Feb 11 02:51:09.315273 sonic INFO featured[11945]:   File "/usr/local/bin/featured", line 598, in <module>
2025 Feb 11 02:51:09.315363 sonic INFO featured[11945]:     main()
2025 Feb 11 02:51:09.315402 sonic INFO featured[11945]:   File "/usr/local/bin/featured", line 591, in main
2025 Feb 11 02:51:09.315515 sonic INFO featured[11945]:     daemon = FeatureDaemon()
2025 Feb 11 02:51:09.315544 sonic INFO featured[11945]:              ^^^^^^^^^^^^^^^
2025 Feb 11 02:51:09.315566 sonic INFO featured[11945]:   File "/usr/local/bin/featured", line 529, in __init__
2025 Feb 11 02:51:09.315628 sonic INFO featured[11945]:     self.feature_handler = FeatureHandler(self.config_db, feature_state_table, self.device_config, self.advanced_boot)
2025 Feb 11 02:51:09.315663 sonic INFO featured[11945]:                            ^^^^^^^^^^^^^^^^^^^^^^^^^^^^^^^^^^^^^^^^^^^^^^^^^^^^^^^^^^^^^^^^^^^^^^^^^^^^^^^^^^^^^^^^^^^
2025 Feb 11 02:51:09.315684 sonic INFO featured[11945]:   File "/usr/local/bin/featured", line 136, in __init__
2025 Feb 11 02:51:09.315729 sonic INFO featured[11945]:     self._device_running_config = device_info.get_device_runtime_metadata()
2025 Feb 11 02:51:09.315761 sonic INFO featured[11945]:                                   ^^^^^^^^^^^^^^^^^^^^^^^^^^^^^^^^^^^^^^^^^
2025 Feb 11 02:51:09.315786 sonic INFO featured[11945]:   File "/usr/local/lib/python3.11/dist-packages/sonic_py_common/device_info.py", line 680, in get_device_runtime_metadata
2025 Feb 11 02:51:09.315917 sonic INFO featured[11945]:     port_metadata = {'ETHERNET_PORTS_PRESENT': True if get_path_to_port_config_file(hwsku=None, asic="0" if is_multi_npu() else None) else False}
2025 Feb 11 02:51:09.315957 sonic INFO featured[11945]:                                                        ^^^^^^^^^^^^^^^^^^^^^^^^^^^^^^^^^^^^^^^^^^^^^^^^^^^^^^^^^^^^^^^^^^^^^^^^^^^^^^
2025 Feb 11 02:51:09.315974 sonic INFO featured[11945]:   File "/usr/local/lib/python3.11/dist-packages/sonic_py_common/device_info.py", line 446, in get_path_to_port_config_file
2025 Feb 11 02:51:09.316037 sonic INFO featured[11945]:     (platform_path, hwsku_path) = get_paths_to_platform_and_hwsku_dirs()
2025 Feb 11 02:51:09.316068 sonic INFO featured[11945]:                                   ^^^^^^^^^^^^^^^^^^^^^^^^^^^^^^^^^^^^^^
2025 Feb 11 02:51:09.316093 sonic INFO featured[11945]:   File "/usr/local/lib/python3.11/dist-packages/sonic_py_common/device_info.py", line 412, in get_paths_to_platform_and_hwsku_dirs
2025 Feb 11 02:51:09.316142 sonic INFO featured[11945]:     hwsku_path = os.path.join(platform_path, hwsku)
2025 Feb 11 02:51:09.316175 sonic INFO featured[11945]:                  ^^^^^^^^^^^^^^^^^^^^^^^^^^^^^^^^^^
2025 Feb 11 02:51:09.316207 sonic INFO featured[11945]:   File "<frozen posixpath>", line 90, in join
2025 Feb 11 02:51:09.316232 sonic INFO featured[11945]:   File "<frozen genericpath>", line 152, in _check_arg_types
2025 Feb 11 02:51:09.316256 sonic INFO featured[11945]: TypeError: join() argument must be str, bytes, or os.PathLike object, not 'NoneType'
2025 Feb 11 02:51:09.334261 sonic NOTICE systemd[1]: featured.service: Main process exited, code=exited, status=1/FAILURE
2025 Feb 11 02:51:09.334334 sonic WARNING systemd[1]: featured.service: Failed with result 'exit-code'.
2025 Feb 11 02:51:09.335752 sonic WARNING systemd[1]: featured.service: Start request repeated too quickly.
2025 Feb 11 02:51:09.335804 sonic WARNING systemd[1]: featured.service: Failed with result 'exit-code'.
2025 Feb 11 02:51:09.335878 sonic ERR systemd[1]: Failed to start featured.service - Feature configuration daemon.
2025 Feb 11 02:51:17.280799 sonic WARNING systemd[1]: featured.service: Start request repeated too quickly.
2025 Feb 11 02:51:17.281324 sonic WARNING systemd[1]: featured.service: Failed with result 'exit-code'.
2025 Feb 11 02:51:17.281408 sonic ERR systemd[1]: Failed to start featured.service - Feature configuration daemon.
2025 Feb 11 02:51:17.778703 sonic INFO systemd[1]: caclmgrd.service: Scheduled restart job, restart counter is at 48.
2025 Feb 11 02:51:17.779049 sonic INFO systemd[1]: Stopped caclmgrd.service - Control Plane ACL configuration daemon.
2025 Feb 11 02:51:17.814575 sonic INFO systemd[1]: Started caclmgrd.service - Control Plane ACL configuration daemon.
2025 Feb 11 02:51:17.814910 sonic WARNING systemd[1]: featured.service: Start request repeated too quickly.
2025 Feb 11 02:51:17.815018 sonic WARNING systemd[1]: featured.service: Failed with result 'exit-code'.
2025 Feb 11 02:51:17.815084 sonic ERR systemd[1]: Failed to start featured.service - Feature configuration daemon.
2025 Feb 11 02:51:17.816747 sonic WARNING systemd[1]: featured.service: Start request repeated too quickly.
2025 Feb 11 02:51:17.816794 sonic WARNING systemd[1]: featured.service: Failed with result 'exit-code'.
2025 Feb 11 02:51:17.816845 sonic ERR systemd[1]: Failed to start featured.service - Feature configuration daemon.
2025 Feb 11 02:51:17.937551 sonic INFO caclmgrd[11963]: Traceback (most recent call last):
2025 Feb 11 02:51:17.937622 sonic INFO caclmgrd[11963]:   File "/usr/local/bin/caclmgrd", line 1146, in <module>
2025 Feb 11 02:51:17.937655 sonic INFO caclmgrd[11963]:     main()
2025 Feb 11 02:51:17.937673 sonic INFO caclmgrd[11963]:   File "/usr/local/bin/caclmgrd", line 1137, in main
2025 Feb 11 02:51:17.937699 sonic INFO caclmgrd[11963]:     caclmgr = ControlPlaneAclManager(SYSLOG_IDENTIFIER)
2025 Feb 11 02:51:17.937731 sonic INFO caclmgrd[11963]:               ^^^^^^^^^^^^^^^^^^^^^^^^^^^^^^^^^^^^^^^^^
2025 Feb 11 02:51:17.937768 sonic INFO caclmgrd[11963]:   File "/usr/local/bin/caclmgrd", line 156, in __init__
2025 Feb 11 02:51:17.937793 sonic INFO caclmgrd[11963]:     if 'subtype' in metadata['localhost'] and metadata['localhost']['subtype'] == 'DualToR':
2025 Feb 11 02:51:17.937846 sonic INFO caclmgrd[11963]:                     ~~~~~~~~^^^^^^^^^^^^^
2025 Feb 11 02:51:17.937884 sonic INFO caclmgrd[11963]: KeyError: 'localhost'
2025 Feb 11 02:51:17.949923 sonic NOTICE systemd[1]: caclmgrd.service: Main process exited, code=exited, status=1/FAILURE
2025 Feb 11 02:51:17.950051 sonic WARNING systemd[1]: caclmgrd.service: Failed with result 'exit-code'.
2025 Feb 11 02:51:17.951775 sonic WARNING systemd[1]: featured.service: Start request repeated too quickly.
2025 Feb 11 02:51:17.951891 sonic WARNING systemd[1]: featured.service: Failed with result 'exit-code'.
2025 Feb 11 02:51:17.951937 sonic ERR systemd[1]: Failed to start featured.service - Feature configuration daemon.
2025 Feb 11 02:51:38.298657 sonic INFO systemd[1]: Started featured.service - Feature configuration daemon.
2025 Feb 11 02:51:38.430666 sonic INFO featured: ConfigDB connect success
2025 Feb 11 02:51:38.434680 sonic INFO featured[12020]: Traceback (most recent call last):
2025 Feb 11 02:51:38.434725 sonic INFO featured[12020]:   File "/usr/local/bin/featured", line 598, in <module>
2025 Feb 11 02:51:38.434866 sonic INFO featured[12020]:     main()
2025 Feb 11 02:51:38.434905 sonic INFO featured[12020]:   File "/usr/local/bin/featured", line 591, in main
2025 Feb 11 02:51:38.435022 sonic INFO featured[12020]:     daemon = FeatureDaemon()
2025 Feb 11 02:51:38.435062 sonic INFO featured[12020]:              ^^^^^^^^^^^^^^^
2025 Feb 11 02:51:38.435079 sonic INFO featured[12020]:   File "/usr/local/bin/featured", line 529, in __init__
2025 Feb 11 02:51:38.435139 sonic INFO featured[12020]:     self.feature_handler = FeatureHandler(self.config_db, feature_state_table, self.device_config, self.advanced_boot)
2025 Feb 11 02:51:38.435174 sonic INFO featured[12020]:                            ^^^^^^^^^^^^^^^^^^^^^^^^^^^^^^^^^^^^^^^^^^^^^^^^^^^^^^^^^^^^^^^^^^^^^^^^^^^^^^^^^^^^^^^^^^^
2025 Feb 11 02:51:38.435196 sonic INFO featured[12020]:   File "/usr/local/bin/featured", line 136, in __init__
2025 Feb 11 02:51:38.435242 sonic INFO featured[12020]:     self._device_running_config = device_info.get_device_runtime_metadata()
2025 Feb 11 02:51:38.435274 sonic INFO featured[12020]:                                   ^^^^^^^^^^^^^^^^^^^^^^^^^^^^^^^^^^^^^^^^^
2025 Feb 11 02:51:38.435300 sonic INFO featured[12020]:   File "/usr/local/lib/python3.11/dist-packages/sonic_py_common/device_info.py", line 680, in get_device_runtime_metadata
2025 Feb 11 02:51:38.435405 sonic INFO featured[12020]:     port_metadata = {'ETHERNET_PORTS_PRESENT': True if get_path_to_port_config_file(hwsku=None, asic="0" if is_multi_npu() else None) else False}
2025 Feb 11 02:51:38.435444 sonic INFO featured[12020]:                                                        ^^^^^^^^^^^^^^^^^^^^^^^^^^^^^^^^^^^^^^^^^^^^^^^^^^^^^^^^^^^^^^^^^^^^^^^^^^^^^^
2025 Feb 11 02:51:38.435462 sonic INFO featured[12020]:   File "/usr/local/lib/python3.11/dist-packages/sonic_py_common/device_info.py", line 446, in get_path_to_port_config_file
2025 Feb 11 02:51:38.435525 sonic INFO featured[12020]:     (platform_path, hwsku_path) = get_paths_to_platform_and_hwsku_dirs()
2025 Feb 11 02:51:38.435557 sonic INFO featured[12020]:                                   ^^^^^^^^^^^^^^^^^^^^^^^^^^^^^^^^^^^^^^
2025 Feb 11 02:51:38.435583 sonic INFO featured[12020]:   File "/usr/local/lib/python3.11/dist-packages/sonic_py_common/device_info.py", line 412, in get_paths_to_platform_and_hwsku_dirs
2025 Feb 11 02:51:38.435632 sonic INFO featured[12020]:     hwsku_path = os.path.join(platform_path, hwsku)
2025 Feb 11 02:51:38.435665 sonic INFO featured[12020]:                  ^^^^^^^^^^^^^^^^^^^^^^^^^^^^^^^^^^
2025 Feb 11 02:51:38.435690 sonic INFO featured[12020]:   File "<frozen posixpath>", line 90, in join
2025 Feb 11 02:51:38.435715 sonic INFO featured[12020]:   File "<frozen genericpath>", line 152, in _check_arg_types
2025 Feb 11 02:51:38.435738 sonic INFO featured[12020]: TypeError: join() argument must be str, bytes, or os.PathLike object, not 'NoneType'
2025 Feb 11 02:51:38.453336 sonic NOTICE systemd[1]: featured.service: Main process exited, code=exited, status=1/FAILURE
2025 Feb 11 02:51:38.453561 sonic WARNING systemd[1]: featured.service: Failed with result 'exit-code'.
2025 Feb 11 02:51:38.498653 sonic INFO systemd[1]: Started featured.service - Feature configuration daemon.
2025 Feb 11 02:51:38.649831 sonic INFO featured: ConfigDB connect success
2025 Feb 11 02:51:38.653835 sonic INFO featured[12023]: Traceback (most recent call last):
2025 Feb 11 02:51:38.653880 sonic INFO featured[12023]:   File "/usr/local/bin/featured", line 598, in <module>
2025 Feb 11 02:51:38.654025 sonic INFO featured[12023]:     main()
2025 Feb 11 02:51:38.654067 sonic INFO featured[12023]:   File "/usr/local/bin/featured", line 591, in main
2025 Feb 11 02:51:38.654189 sonic INFO featured[12023]:     daemon = FeatureDaemon()
2025 Feb 11 02:51:38.654221 sonic INFO featured[12023]:              ^^^^^^^^^^^^^^^
2025 Feb 11 02:51:38.654243 sonic INFO featured[12023]:   File "/usr/local/bin/featured", line 529, in __init__
2025 Feb 11 02:51:38.654304 sonic INFO featured[12023]:     self.feature_handler = FeatureHandler(self.config_db, feature_state_table, self.device_config, self.advanced_boot)
2025 Feb 11 02:51:38.654339 sonic INFO featured[12023]:                            ^^^^^^^^^^^^^^^^^^^^^^^^^^^^^^^^^^^^^^^^^^^^^^^^^^^^^^^^^^^^^^^^^^^^^^^^^^^^^^^^^^^^^^^^^^^
2025 Feb 11 02:51:38.654361 sonic INFO featured[12023]:   File "/usr/local/bin/featured", line 136, in __init__
2025 Feb 11 02:51:38.654409 sonic INFO featured[12023]:     self._device_running_config = device_info.get_device_runtime_metadata()
2025 Feb 11 02:51:38.654440 sonic INFO featured[12023]:                                   ^^^^^^^^^^^^^^^^^^^^^^^^^^^^^^^^^^^^^^^^^
2025 Feb 11 02:51:38.654466 sonic INFO featured[12023]:   File "/usr/local/lib/python3.11/dist-packages/sonic_py_common/device_info.py", line 680, in get_device_runtime_metadata
2025 Feb 11 02:51:38.654571 sonic INFO featured[12023]:     port_metadata = {'ETHERNET_PORTS_PRESENT': True if get_path_to_port_config_file(hwsku=None, asic="0" if is_multi_npu() else None) else False}
2025 Feb 11 02:51:38.654618 sonic INFO featured[12023]:                                                        ^^^^^^^^^^^^^^^^^^^^^^^^^^^^^^^^^^^^^^^^^^^^^^^^^^^^^^^^^^^^^^^^^^^^^^^^^^^^^^
2025 Feb 11 02:51:38.654645 sonic INFO featured[12023]:   File "/usr/local/lib/python3.11/dist-packages/sonic_py_common/device_info.py", line 446, in get_path_to_port_config_file
2025 Feb 11 02:51:38.654692 sonic INFO featured[12023]:     (platform_path, hwsku_path) = get_paths_to_platform_and_hwsku_dirs()
2025 Feb 11 02:51:38.654724 sonic INFO featured[12023]:                                   ^^^^^^^^^^^^^^^^^^^^^^^^^^^^^^^^^^^^^^
2025 Feb 11 02:51:38.654749 sonic INFO featured[12023]:   File "/usr/local/lib/python3.11/dist-packages/sonic_py_common/device_info.py", line 412, in get_paths_to_platform_and_hwsku_dirs
2025 Feb 11 02:51:38.654798 sonic INFO featured[12023]:     hwsku_path = os.path.join(platform_path, hwsku)
2025 Feb 11 02:51:38.654844 sonic INFO featured[12023]:                  ^^^^^^^^^^^^^^^^^^^^^^^^^^^^^^^^^^
2025 Feb 11 02:51:38.654874 sonic INFO featured[12023]:   File "<frozen posixpath>", line 90, in join
2025 Feb 11 02:51:38.654905 sonic INFO featured[12023]:   File "<frozen genericpath>", line 152, in _check_arg_types
2025 Feb 11 02:51:38.654930 sonic INFO featured[12023]: TypeError: join() argument must be str, bytes, or os.PathLike object, not 'NoneType'
2025 Feb 11 02:51:38.673777 sonic NOTICE systemd[1]: featured.service: Main process exited, code=exited, status=1/FAILURE
2025 Feb 11 02:51:38.673935 sonic WARNING systemd[1]: featured.service: Failed with result 'exit-code'.
2025 Feb 11 02:51:38.717307 sonic INFO systemd[1]: Started featured.service - Feature configuration daemon.
2025 Feb 11 02:51:38.879879 sonic INFO featured: ConfigDB connect success
2025 Feb 11 02:51:38.891090 sonic INFO featured[12025]: Traceback (most recent call last):
2025 Feb 11 02:51:38.891372 sonic INFO featured[12025]:   File "/usr/local/bin/featured", line 598, in <module>
2025 Feb 11 02:51:38.891457 sonic INFO featured[12025]:     main()
2025 Feb 11 02:51:38.891492 sonic INFO featured[12025]:   File "/usr/local/bin/featured", line 591, in main
2025 Feb 11 02:51:38.891509 sonic INFO featured[12025]:     daemon = FeatureDaemon()
2025 Feb 11 02:51:38.891534 sonic INFO featured[12025]:              ^^^^^^^^^^^^^^^
2025 Feb 11 02:51:38.891558 sonic INFO featured[12025]:   File "/usr/local/bin/featured", line 529, in __init__
2025 Feb 11 02:51:38.891589 sonic INFO featured[12025]:     self.feature_handler = FeatureHandler(self.config_db, feature_state_table, self.device_config, self.advanced_boot)
2025 Feb 11 02:51:38.891623 sonic INFO featured[12025]:                            ^^^^^^^^^^^^^^^^^^^^^^^^^^^^^^^^^^^^^^^^^^^^^^^^^^^^^^^^^^^^^^^^^^^^^^^^^^^^^^^^^^^^^^^^^^^
2025 Feb 11 02:51:38.891639 sonic INFO featured[12025]:   File "/usr/local/bin/featured", line 136, in __init__
2025 Feb 11 02:51:38.891670 sonic INFO featured[12025]:     self._device_running_config = device_info.get_device_runtime_metadata()
2025 Feb 11 02:51:38.891696 sonic INFO featured[12025]:                                   ^^^^^^^^^^^^^^^^^^^^^^^^^^^^^^^^^^^^^^^^^
2025 Feb 11 02:51:38.891726 sonic INFO featured[12025]:   File "/usr/local/lib/python3.11/dist-packages/sonic_py_common/device_info.py", line 680, in get_device_runtime_metadata
2025 Feb 11 02:51:38.891859 sonic INFO featured[12025]:     port_metadata = {'ETHERNET_PORTS_PRESENT': True if get_path_to_port_config_file(hwsku=None, asic="0" if is_multi_npu() else None) else False}
2025 Feb 11 02:51:38.891904 sonic INFO featured[12025]:                                                        ^^^^^^^^^^^^^^^^^^^^^^^^^^^^^^^^^^^^^^^^^^^^^^^^^^^^^^^^^^^^^^^^^^^^^^^^^^^^^^
2025 Feb 11 02:51:38.891926 sonic INFO featured[12025]:   File "/usr/local/lib/python3.11/dist-packages/sonic_py_common/device_info.py", line 446, in get_path_to_port_config_file
2025 Feb 11 02:51:38.892032 sonic INFO featured[12025]:     (platform_path, hwsku_path) = get_paths_to_platform_and_hwsku_dirs()
2025 Feb 11 02:51:38.892070 sonic INFO featured[12025]:                                   ^^^^^^^^^^^^^^^^^^^^^^^^^^^^^^^^^^^^^^
2025 Feb 11 02:51:38.892087 sonic INFO featured[12025]:   File "/usr/local/lib/python3.11/dist-packages/sonic_py_common/device_info.py", line 412, in get_paths_to_platform_and_hwsku_dirs
2025 Feb 11 02:51:38.892117 sonic INFO featured[12025]:     hwsku_path = os.path.join(platform_path, hwsku)
2025 Feb 11 02:51:38.892148 sonic INFO featured[12025]:                  ^^^^^^^^^^^^^^^^^^^^^^^^^^^^^^^^^^
2025 Feb 11 02:51:38.892174 sonic INFO featured[12025]:   File "<frozen posixpath>", line 90, in join
2025 Feb 11 02:51:38.892199 sonic INFO featured[12025]:   File "<frozen genericpath>", line 152, in _check_arg_types
2025 Feb 11 02:51:38.892228 sonic INFO featured[12025]: TypeError: join() argument must be str, bytes, or os.PathLike object, not 'NoneType'
2025 Feb 11 02:51:38.913561 sonic NOTICE systemd[1]: featured.service: Main process exited, code=exited, status=1/FAILURE
2025 Feb 11 02:51:38.913716 sonic WARNING systemd[1]: featured.service: Failed with result 'exit-code'.
2025 Feb 11 02:51:38.930451 sonic INFO systemd[1]: Started featured.service - Feature configuration daemon.
2025 Feb 11 02:51:39.061206 sonic INFO featured: ConfigDB connect success
2025 Feb 11 02:51:39.065151 sonic INFO featured[12026]: Traceback (most recent call last):
2025 Feb 11 02:51:39.065197 sonic INFO featured[12026]:   File "/usr/local/bin/featured", line 598, in <module>
2025 Feb 11 02:51:39.065311 sonic INFO featured[12026]:     main()
2025 Feb 11 02:51:39.065350 sonic INFO featured[12026]:   File "/usr/local/bin/featured", line 591, in main
2025 Feb 11 02:51:39.065468 sonic INFO featured[12026]:     daemon = FeatureDaemon()
2025 Feb 11 02:51:39.065546 sonic INFO featured[12026]:              ^^^^^^^^^^^^^^^
2025 Feb 11 02:51:39.065563 sonic INFO featured[12026]:   File "/usr/local/bin/featured", line 529, in __init__
2025 Feb 11 02:51:39.065629 sonic INFO featured[12026]:     self.feature_handler = FeatureHandler(self.config_db, feature_state_table, self.device_config, self.advanced_boot)
2025 Feb 11 02:51:39.065665 sonic INFO featured[12026]:                            ^^^^^^^^^^^^^^^^^^^^^^^^^^^^^^^^^^^^^^^^^^^^^^^^^^^^^^^^^^^^^^^^^^^^^^^^^^^^^^^^^^^^^^^^^^^
2025 Feb 11 02:51:39.065687 sonic INFO featured[12026]:   File "/usr/local/bin/featured", line 136, in __init__
2025 Feb 11 02:51:39.065735 sonic INFO featured[12026]:     self._device_running_config = device_info.get_device_runtime_metadata()
2025 Feb 11 02:51:39.065767 sonic INFO featured[12026]:                                   ^^^^^^^^^^^^^^^^^^^^^^^^^^^^^^^^^^^^^^^^^
2025 Feb 11 02:51:39.065792 sonic INFO featured[12026]:   File "/usr/local/lib/python3.11/dist-packages/sonic_py_common/device_info.py", line 680, in get_device_runtime_metadata
2025 Feb 11 02:51:39.065921 sonic INFO featured[12026]:     port_metadata = {'ETHERNET_PORTS_PRESENT': True if get_path_to_port_config_file(hwsku=None, asic="0" if is_multi_npu() else None) else False}
2025 Feb 11 02:51:39.065960 sonic INFO featured[12026]:                                                        ^^^^^^^^^^^^^^^^^^^^^^^^^^^^^^^^^^^^^^^^^^^^^^^^^^^^^^^^^^^^^^^^^^^^^^^^^^^^^^
2025 Feb 11 02:51:39.065977 sonic INFO featured[12026]:   File "/usr/local/lib/python3.11/dist-packages/sonic_py_common/device_info.py", line 446, in get_path_to_port_config_file
2025 Feb 11 02:51:39.066040 sonic INFO featured[12026]:     (platform_path, hwsku_path) = get_paths_to_platform_and_hwsku_dirs()
2025 Feb 11 02:51:39.066071 sonic INFO featured[12026]:                                   ^^^^^^^^^^^^^^^^^^^^^^^^^^^^^^^^^^^^^^
2025 Feb 11 02:51:39.066096 sonic INFO featured[12026]:   File "/usr/local/lib/python3.11/dist-packages/sonic_py_common/device_info.py", line 412, in get_paths_to_platform_and_hwsku_dirs
2025 Feb 11 02:51:39.066144 sonic INFO featured[12026]:     hwsku_path = os.path.join(platform_path, hwsku)
2025 Feb 11 02:51:39.066178 sonic INFO featured[12026]:                  ^^^^^^^^^^^^^^^^^^^^^^^^^^^^^^^^^^
2025 Feb 11 02:51:39.066203 sonic INFO featured[12026]:   File "<frozen posixpath>", line 90, in join
2025 Feb 11 02:51:39.066227 sonic INFO featured[12026]:   File "<frozen genericpath>", line 152, in _check_arg_types
2025 Feb 11 02:51:39.066251 sonic INFO featured[12026]: TypeError: join() argument must be str, bytes, or os.PathLike object, not 'NoneType'
2025 Feb 11 02:51:39.084845 sonic NOTICE systemd[1]: featured.service: Main process exited, code=exited, status=1/FAILURE
2025 Feb 11 02:51:39.085024 sonic WARNING systemd[1]: featured.service: Failed with result 'exit-code'.
2025 Feb 11 02:51:39.111826 sonic INFO systemd[1]: Started featured.service - Feature configuration daemon.
2025 Feb 11 02:51:39.308104 sonic INFO featured: ConfigDB connect success
2025 Feb 11 02:51:39.313004 sonic INFO featured[12028]: Traceback (most recent call last):
2025 Feb 11 02:51:39.313049 sonic INFO featured[12028]:   File "/usr/local/bin/featured", line 598, in <module>
2025 Feb 11 02:51:39.313176 sonic INFO featured[12028]:     main()
2025 Feb 11 02:51:39.313217 sonic INFO featured[12028]:   File "/usr/local/bin/featured", line 591, in main
2025 Feb 11 02:51:39.313333 sonic INFO featured[12028]:     daemon = FeatureDaemon()
2025 Feb 11 02:51:39.313373 sonic INFO featured[12028]:              ^^^^^^^^^^^^^^^
2025 Feb 11 02:51:39.313390 sonic INFO featured[12028]:   File "/usr/local/bin/featured", line 529, in __init__
2025 Feb 11 02:51:39.313451 sonic INFO featured[12028]:     self.feature_handler = FeatureHandler(self.config_db, feature_state_table, self.device_config, self.advanced_boot)
2025 Feb 11 02:51:39.313584 sonic INFO featured[12028]:                            ^^^^^^^^^^^^^^^^^^^^^^^^^^^^^^^^^^^^^^^^^^^^^^^^^^^^^^^^^^^^^^^^^^^^^^^^^^^^^^^^^^^^^^^^^^^
2025 Feb 11 02:51:39.313617 sonic INFO featured[12028]:   File "/usr/local/bin/featured", line 136, in __init__
2025 Feb 11 02:51:39.313670 sonic INFO featured[12028]:     self._device_running_config = device_info.get_device_runtime_metadata()
2025 Feb 11 02:51:39.313703 sonic INFO featured[12028]:                                   ^^^^^^^^^^^^^^^^^^^^^^^^^^^^^^^^^^^^^^^^^
2025 Feb 11 02:51:39.313720 sonic INFO featured[12028]:   File "/usr/local/lib/python3.11/dist-packages/sonic_py_common/device_info.py", line 680, in get_device_runtime_metadata
2025 Feb 11 02:51:39.313867 sonic INFO featured[12028]:     port_metadata = {'ETHERNET_PORTS_PRESENT': True if get_path_to_port_config_file(hwsku=None, asic="0" if is_multi_npu() else None) else False}
2025 Feb 11 02:51:39.313906 sonic INFO featured[12028]:                                                        ^^^^^^^^^^^^^^^^^^^^^^^^^^^^^^^^^^^^^^^^^^^^^^^^^^^^^^^^^^^^^^^^^^^^^^^^^^^^^^
2025 Feb 11 02:51:39.313923 sonic INFO featured[12028]:   File "/usr/local/lib/python3.11/dist-packages/sonic_py_common/device_info.py", line 446, in get_path_to_port_config_file
2025 Feb 11 02:51:39.313991 sonic INFO featured[12028]:     (platform_path, hwsku_path) = get_paths_to_platform_and_hwsku_dirs()
2025 Feb 11 02:51:39.314022 sonic INFO featured[12028]:                                   ^^^^^^^^^^^^^^^^^^^^^^^^^^^^^^^^^^^^^^
2025 Feb 11 02:51:39.314039 sonic INFO featured[12028]:   File "/usr/local/lib/python3.11/dist-packages/sonic_py_common/device_info.py", line 412, in get_paths_to_platform_and_hwsku_dirs
2025 Feb 11 02:51:39.314098 sonic INFO featured[12028]:     hwsku_path = os.path.join(platform_path, hwsku)
2025 Feb 11 02:51:39.314131 sonic INFO featured[12028]:                  ^^^^^^^^^^^^^^^^^^^^^^^^^^^^^^^^^^
2025 Feb 11 02:51:39.314148 sonic INFO featured[12028]:   File "<frozen posixpath>", line 90, in join
2025 Feb 11 02:51:39.314164 sonic INFO featured[12028]:   File "<frozen genericpath>", line 152, in _check_arg_types
2025 Feb 11 02:51:39.314186 sonic INFO featured[12028]: TypeError: join() argument must be str, bytes, or os.PathLike object, not 'NoneType'
2025 Feb 11 02:51:39.333545 sonic NOTICE systemd[1]: featured.service: Main process exited, code=exited, status=1/FAILURE
2025 Feb 11 02:51:39.333678 sonic WARNING systemd[1]: featured.service: Failed with result 'exit-code'.
2025 Feb 11 02:51:39.335281 sonic WARNING systemd[1]: featured.service: Start request repeated too quickly.
2025 Feb 11 02:51:39.335367 sonic WARNING systemd[1]: featured.service: Failed with result 'exit-code'.
2025 Feb 11 02:51:39.335400 sonic ERR systemd[1]: Failed to start featured.service - Feature configuration daemon.
2025 Feb 11 02:51:47.278492 sonic WARNING systemd[1]: featured.service: Start request repeated too quickly.
2025 Feb 11 02:51:47.278703 sonic WARNING systemd[1]: featured.service: Failed with result 'exit-code'.
2025 Feb 11 02:51:47.278774 sonic ERR systemd[1]: Failed to start featured.service - Feature configuration daemon.
2025 Feb 11 02:51:48.030738 sonic INFO systemd[1]: caclmgrd.service: Scheduled restart job, restart counter is at 49.
2025 Feb 11 02:51:48.031275 sonic INFO systemd[1]: Stopped caclmgrd.service - Control Plane ACL configuration daemon.
2025 Feb 11 02:51:48.058355 sonic INFO systemd[1]: Started caclmgrd.service - Control Plane ACL configuration daemon.
2025 Feb 11 02:51:48.058760 sonic WARNING systemd[1]: featured.service: Start request repeated too quickly.
2025 Feb 11 02:51:48.058885 sonic WARNING systemd[1]: featured.service: Failed with result 'exit-code'.
2025 Feb 11 02:51:48.058954 sonic ERR systemd[1]: Failed to start featured.service - Feature configuration daemon.
2025 Feb 11 02:51:48.060943 sonic WARNING systemd[1]: featured.service: Start request repeated too quickly.
2025 Feb 11 02:51:48.061003 sonic WARNING systemd[1]: featured.service: Failed with result 'exit-code'.
2025 Feb 11 02:51:48.061047 sonic ERR systemd[1]: Failed to start featured.service - Feature configuration daemon.
2025 Feb 11 02:51:48.176555 sonic INFO caclmgrd[12068]: Traceback (most recent call last):
2025 Feb 11 02:51:48.176651 sonic INFO caclmgrd[12068]:   File "/usr/local/bin/caclmgrd", line 1146, in <module>
2025 Feb 11 02:51:48.176686 sonic INFO caclmgrd[12068]:     main()
2025 Feb 11 02:51:48.176717 sonic INFO caclmgrd[12068]:   File "/usr/local/bin/caclmgrd", line 1137, in main
2025 Feb 11 02:51:48.176761 sonic INFO caclmgrd[12068]:     caclmgr = ControlPlaneAclManager(SYSLOG_IDENTIFIER)
2025 Feb 11 02:51:48.176814 sonic INFO caclmgrd[12068]:               ^^^^^^^^^^^^^^^^^^^^^^^^^^^^^^^^^^^^^^^^^
2025 Feb 11 02:51:48.176833 sonic INFO caclmgrd[12068]:   File "/usr/local/bin/caclmgrd", line 156, in __init__
2025 Feb 11 02:51:48.176867 sonic INFO caclmgrd[12068]:     if 'subtype' in metadata['localhost'] and metadata['localhost']['subtype'] == 'DualToR':
2025 Feb 11 02:51:48.176892 sonic INFO caclmgrd[12068]:                     ~~~~~~~~^^^^^^^^^^^^^
2025 Feb 11 02:51:48.176910 sonic INFO caclmgrd[12068]: KeyError: 'localhost'
2025 Feb 11 02:51:48.188443 sonic NOTICE systemd[1]: caclmgrd.service: Main process exited, code=exited, status=1/FAILURE
2025 Feb 11 02:51:48.188579 sonic WARNING systemd[1]: caclmgrd.service: Failed with result 'exit-code'.
2025 Feb 11 02:51:48.190766 sonic WARNING systemd[1]: featured.service: Start request repeated too quickly.
2025 Feb 11 02:51:48.190837 sonic WARNING systemd[1]: featured.service: Failed with result 'exit-code'.
2025 Feb 11 02:51:48.190933 sonic ERR systemd[1]: Failed to start featured.service - Feature configuration daemon.
2025 Feb 11 02:51:54.793888 sonic ERR monit[828]: 'container_checker' status failed (4) -- Unexpected running containers: bgp2, database, database0, bgp3, database1, bgp0, macsec1, macsec3, database2, database3, eventd, macsec2, bgp1, macsec0
2025 Feb 11 02:51:54.931824 sonic DEBUG mgmt_oper_status.py: No management interface found
2025 Feb 11 02:51:55.095294 sonic INFO systemd[1]: Started featured.service - Feature configuration daemon.
2025 Feb 11 02:51:55.122552 sonic INFO memory_checker: [memory_checker] Exits without checking memory usage since container 'snmp' is not running!
2025 Feb 11 02:51:55.124965 sonic INFO memory_checker: [memory_checker] Exits without checking memory usage since container 'gnmi' is not running!
2025 Feb 11 02:51:55.146099 sonic INFO memory_checker: [memory_checker] Exits without checking memory usage since container 'bmp' is not running!
2025 Feb 11 02:51:55.265251 sonic INFO featured: ConfigDB connect success
2025 Feb 11 02:51:55.269374 sonic INFO featured[12118]: Traceback (most recent call last):
2025 Feb 11 02:51:55.269424 sonic INFO featured[12118]:   File "/usr/local/bin/featured", line 598, in <module>
2025 Feb 11 02:51:55.269593 sonic INFO featured[12118]:     main()
2025 Feb 11 02:51:55.269634 sonic INFO featured[12118]:   File "/usr/local/bin/featured", line 591, in main
2025 Feb 11 02:51:55.269758 sonic INFO featured[12118]:     daemon = FeatureDaemon()
2025 Feb 11 02:51:55.269822 sonic INFO featured[12118]:              ^^^^^^^^^^^^^^^
2025 Feb 11 02:51:55.269848 sonic INFO featured[12118]:   File "/usr/local/bin/featured", line 529, in __init__
2025 Feb 11 02:51:55.269901 sonic INFO featured[12118]:     self.feature_handler = FeatureHandler(self.config_db, feature_state_table, self.device_config, self.advanced_boot)
2025 Feb 11 02:51:55.269950 sonic INFO featured[12118]:                            ^^^^^^^^^^^^^^^^^^^^^^^^^^^^^^^^^^^^^^^^^^^^^^^^^^^^^^^^^^^^^^^^^^^^^^^^^^^^^^^^^^^^^^^^^^^
2025 Feb 11 02:51:55.269983 sonic INFO featured[12118]:   File "/usr/local/bin/featured", line 136, in __init__
2025 Feb 11 02:51:55.270015 sonic INFO featured[12118]:     self._device_running_config = device_info.get_device_runtime_metadata()
2025 Feb 11 02:51:55.270046 sonic INFO featured[12118]:                                   ^^^^^^^^^^^^^^^^^^^^^^^^^^^^^^^^^^^^^^^^^
2025 Feb 11 02:51:55.270072 sonic INFO featured[12118]:   File "/usr/local/lib/python3.11/dist-packages/sonic_py_common/device_info.py", line 680, in get_device_runtime_metadata
2025 Feb 11 02:51:55.270151 sonic INFO featured[12118]:     port_metadata = {'ETHERNET_PORTS_PRESENT': True if get_path_to_port_config_file(hwsku=None, asic="0" if is_multi_npu() else None) else False}
2025 Feb 11 02:51:55.270204 sonic INFO featured[12118]:                                                        ^^^^^^^^^^^^^^^^^^^^^^^^^^^^^^^^^^^^^^^^^^^^^^^^^^^^^^^^^^^^^^^^^^^^^^^^^^^^^^
2025 Feb 11 02:51:55.270236 sonic INFO featured[12118]:   File "/usr/local/lib/python3.11/dist-packages/sonic_py_common/device_info.py", line 446, in get_path_to_port_config_file
2025 Feb 11 02:51:55.270297 sonic INFO featured[12118]:     (platform_path, hwsku_path) = get_paths_to_platform_and_hwsku_dirs()
2025 Feb 11 02:51:55.270329 sonic INFO featured[12118]:                                   ^^^^^^^^^^^^^^^^^^^^^^^^^^^^^^^^^^^^^^
2025 Feb 11 02:51:55.270354 sonic INFO featured[12118]:   File "/usr/local/lib/python3.11/dist-packages/sonic_py_common/device_info.py", line 412, in get_paths_to_platform_and_hwsku_dirs
2025 Feb 11 02:51:55.270403 sonic INFO featured[12118]:     hwsku_path = os.path.join(platform_path, hwsku)
2025 Feb 11 02:51:55.270437 sonic INFO featured[12118]:                  ^^^^^^^^^^^^^^^^^^^^^^^^^^^^^^^^^^
2025 Feb 11 02:51:55.270466 sonic INFO featured[12118]:   File "<frozen posixpath>", line 90, in join
2025 Feb 11 02:51:55.270490 sonic INFO featured[12118]:   File "<frozen genericpath>", line 152, in _check_arg_types
2025 Feb 11 02:51:55.270515 sonic INFO featured[12118]: TypeError: join() argument must be str, bytes, or os.PathLike object, not 'NoneType'
2025 Feb 11 02:51:55.288748 sonic NOTICE systemd[1]: featured.service: Main process exited, code=exited, status=1/FAILURE
2025 Feb 11 02:51:55.288906 sonic WARNING systemd[1]: featured.service: Failed with result 'exit-code'.
2025 Feb 11 02:51:55.330654 sonic INFO systemd[1]: Started featured.service - Feature configuration daemon.
2025 Feb 11 02:51:55.482649 sonic INFO featured: ConfigDB connect success
2025 Feb 11 02:51:55.494153 sonic INFO featured[12151]: Traceback (most recent call last):
2025 Feb 11 02:51:55.494683 sonic INFO featured[12151]:   File "/usr/local/bin/featured", line 598, in <module>
2025 Feb 11 02:51:55.494891 sonic INFO featured[12151]:     main()
2025 Feb 11 02:51:55.494947 sonic INFO featured[12151]:   File "/usr/local/bin/featured", line 591, in main
2025 Feb 11 02:51:55.494990 sonic INFO featured[12151]:     daemon = FeatureDaemon()
2025 Feb 11 02:51:55.495038 sonic INFO featured[12151]:              ^^^^^^^^^^^^^^^
2025 Feb 11 02:51:55.495081 sonic INFO featured[12151]:   File "/usr/local/bin/featured", line 529, in __init__
2025 Feb 11 02:51:55.495131 sonic INFO featured[12151]:     self.feature_handler = FeatureHandler(self.config_db, feature_state_table, self.device_config, self.advanced_boot)
2025 Feb 11 02:51:55.495189 sonic INFO featured[12151]:                            ^^^^^^^^^^^^^^^^^^^^^^^^^^^^^^^^^^^^^^^^^^^^^^^^^^^^^^^^^^^^^^^^^^^^^^^^^^^^^^^^^^^^^^^^^^^
2025 Feb 11 02:51:55.495237 sonic INFO featured[12151]:   File "/usr/local/bin/featured", line 136, in __init__
2025 Feb 11 02:51:55.495320 sonic INFO featured[12151]:     self._device_running_config = device_info.get_device_runtime_metadata()
2025 Feb 11 02:51:55.495359 sonic INFO featured[12151]:                                   ^^^^^^^^^^^^^^^^^^^^^^^^^^^^^^^^^^^^^^^^^
2025 Feb 11 02:51:55.495403 sonic INFO featured[12151]:   File "/usr/local/lib/python3.11/dist-packages/sonic_py_common/device_info.py", line 680, in get_device_runtime_metadata
2025 Feb 11 02:51:55.495458 sonic INFO featured[12151]:     port_metadata = {'ETHERNET_PORTS_PRESENT': True if get_path_to_port_config_file(hwsku=None, asic="0" if is_multi_npu() else None) else False}
2025 Feb 11 02:51:55.495550 sonic INFO featured[12151]:                                                        ^^^^^^^^^^^^^^^^^^^^^^^^^^^^^^^^^^^^^^^^^^^^^^^^^^^^^^^^^^^^^^^^^^^^^^^^^^^^^^
2025 Feb 11 02:51:55.495595 sonic INFO featured[12151]:   File "/usr/local/lib/python3.11/dist-packages/sonic_py_common/device_info.py", line 446, in get_path_to_port_config_file
2025 Feb 11 02:51:55.495650 sonic INFO featured[12151]:     (platform_path, hwsku_path) = get_paths_to_platform_and_hwsku_dirs()
2025 Feb 11 02:51:55.495693 sonic INFO featured[12151]:                                   ^^^^^^^^^^^^^^^^^^^^^^^^^^^^^^^^^^^^^^
2025 Feb 11 02:51:55.495733 sonic INFO featured[12151]:   File "/usr/local/lib/python3.11/dist-packages/sonic_py_common/device_info.py", line 412, in get_paths_to_platform_and_hwsku_dirs
2025 Feb 11 02:51:55.495782 sonic INFO featured[12151]:     hwsku_path = os.path.join(platform_path, hwsku)
2025 Feb 11 02:51:55.495874 sonic INFO featured[12151]:                  ^^^^^^^^^^^^^^^^^^^^^^^^^^^^^^^^^^
2025 Feb 11 02:51:55.495923 sonic INFO featured[12151]:   File "<frozen posixpath>", line 90, in join
2025 Feb 11 02:51:55.495950 sonic INFO featured[12151]:   File "<frozen genericpath>", line 152, in _check_arg_types
2025 Feb 11 02:51:55.495976 sonic INFO featured[12151]: TypeError: join() argument must be str, bytes, or os.PathLike object, not 'NoneType'
2025 Feb 11 02:51:55.507074 sonic NOTICE python3: :- publish: EVENT_PUBLISHED: {"sonic-host:device-test-event":{"batch-id":"27150328-e823-11ef-91ba-52540070c9c2","index":"0","reason":"monit periodic test","sender":"events_monit_test.py","timestamp":"2025-02-11T02:51:55.506520Z"}}
2025 Feb 11 02:51:55.507226 sonic NOTICE python3: :- publish: EVENT_PUBLISHED: {"sonic-host:device-test-event":{"batch-id":"27150328-e823-11ef-91ba-52540070c9c2","index":"1","reason":"monit periodic test","sender":"events_monit_test.py","timestamp":"2025-02-11T02:51:55.506706Z"}}
2025 Feb 11 02:51:55.507299 sonic NOTICE python3: :- publish: EVENT_PUBLISHED: {"sonic-host:device-test-event":{"batch-id":"27150328-e823-11ef-91ba-52540070c9c2","index":"2","reason":"monit periodic test","sender":"events_monit_test.py","timestamp":"2025-02-11T02:51:55.506755Z"}}
2025 Feb 11 02:51:55.507361 sonic NOTICE python3: :- publish: EVENT_PUBLISHED: {"sonic-host:device-test-event":{"batch-id":"27150328-e823-11ef-91ba-52540070c9c2","index":"3","reason":"monit periodic test","sender":"events_monit_test.py","timestamp":"2025-02-11T02:51:55.506824Z"}}
2025 Feb 11 02:51:55.507418 sonic NOTICE python3: :- publish: EVENT_PUBLISHED: {"sonic-host:device-test-event":{"batch-id":"27150328-e823-11ef-91ba-52540070c9c2","index":"4","reason":"monit periodic test","sender":"events_monit_test.py","timestamp":"2025-02-11T02:51:55.506863Z"}}
2025 Feb 11 02:51:55.517841 sonic NOTICE systemd[1]: featured.service: Main process exited, code=exited, status=1/FAILURE
2025 Feb 11 02:51:55.517969 sonic WARNING systemd[1]: featured.service: Failed with result 'exit-code'.
2025 Feb 11 02:51:55.555183 sonic INFO systemd[1]: Started featured.service - Feature configuration daemon.
2025 Feb 11 02:51:55.690664 sonic INFO featured: ConfigDB connect success
2025 Feb 11 02:51:55.694928 sonic INFO featured[12153]: Traceback (most recent call last):
2025 Feb 11 02:51:55.694994 sonic INFO featured[12153]:   File "/usr/local/bin/featured", line 598, in <module>
2025 Feb 11 02:51:55.695103 sonic INFO featured[12153]:     main()
2025 Feb 11 02:51:55.695163 sonic INFO featured[12153]:   File "/usr/local/bin/featured", line 591, in main
2025 Feb 11 02:51:55.695332 sonic INFO featured[12153]:     daemon = FeatureDaemon()
2025 Feb 11 02:51:55.695392 sonic INFO featured[12153]:              ^^^^^^^^^^^^^^^
2025 Feb 11 02:51:55.695422 sonic INFO featured[12153]:   File "/usr/local/bin/featured", line 529, in __init__
2025 Feb 11 02:51:55.695483 sonic INFO featured[12153]:     self.feature_handler = FeatureHandler(self.config_db, feature_state_table, self.device_config, self.advanced_boot)
2025 Feb 11 02:51:55.695561 sonic INFO featured[12153]:                            ^^^^^^^^^^^^^^^^^^^^^^^^^^^^^^^^^^^^^^^^^^^^^^^^^^^^^^^^^^^^^^^^^^^^^^^^^^^^^^^^^^^^^^^^^^^
2025 Feb 11 02:51:55.695593 sonic INFO featured[12153]:   File "/usr/local/bin/featured", line 136, in __init__
2025 Feb 11 02:51:55.695696 sonic INFO featured[12153]:     self._device_running_config = device_info.get_device_runtime_metadata()
2025 Feb 11 02:51:55.695751 sonic INFO featured[12153]:                                   ^^^^^^^^^^^^^^^^^^^^^^^^^^^^^^^^^^^^^^^^^
2025 Feb 11 02:51:55.695780 sonic INFO featured[12153]:   File "/usr/local/lib/python3.11/dist-packages/sonic_py_common/device_info.py", line 680, in get_device_runtime_metadata
2025 Feb 11 02:51:55.695927 sonic INFO featured[12153]:     port_metadata = {'ETHERNET_PORTS_PRESENT': True if get_path_to_port_config_file(hwsku=None, asic="0" if is_multi_npu() else None) else False}
2025 Feb 11 02:51:55.695983 sonic INFO featured[12153]:                                                        ^^^^^^^^^^^^^^^^^^^^^^^^^^^^^^^^^^^^^^^^^^^^^^^^^^^^^^^^^^^^^^^^^^^^^^^^^^^^^^
2025 Feb 11 02:51:55.696015 sonic INFO featured[12153]:   File "/usr/local/lib/python3.11/dist-packages/sonic_py_common/device_info.py", line 446, in get_path_to_port_config_file
2025 Feb 11 02:51:55.696122 sonic INFO featured[12153]:     (platform_path, hwsku_path) = get_paths_to_platform_and_hwsku_dirs()
2025 Feb 11 02:51:55.696172 sonic INFO featured[12153]:                                   ^^^^^^^^^^^^^^^^^^^^^^^^^^^^^^^^^^^^^^
2025 Feb 11 02:51:55.696202 sonic INFO featured[12153]:   File "/usr/local/lib/python3.11/dist-packages/sonic_py_common/device_info.py", line 412, in get_paths_to_platform_and_hwsku_dirs
2025 Feb 11 02:51:55.696308 sonic INFO featured[12153]:     hwsku_path = os.path.join(platform_path, hwsku)
2025 Feb 11 02:51:55.696359 sonic INFO featured[12153]:                  ^^^^^^^^^^^^^^^^^^^^^^^^^^^^^^^^^^
2025 Feb 11 02:51:55.696396 sonic INFO featured[12153]:   File "<frozen posixpath>", line 90, in join
2025 Feb 11 02:51:55.696436 sonic INFO featured[12153]:   File "<frozen genericpath>", line 152, in _check_arg_types
2025 Feb 11 02:51:55.696475 sonic INFO featured[12153]: TypeError: join() argument must be str, bytes, or os.PathLike object, not 'NoneType'
2025 Feb 11 02:51:55.714425 sonic NOTICE systemd[1]: featured.service: Main process exited, code=exited, status=1/FAILURE
2025 Feb 11 02:51:55.714585 sonic WARNING systemd[1]: featured.service: Failed with result 'exit-code'.
2025 Feb 11 02:51:55.734772 sonic INFO systemd[1]: Started featured.service - Feature configuration daemon.
2025 Feb 11 02:51:55.871038 sonic INFO featured: ConfigDB connect success
2025 Feb 11 02:51:55.878471 sonic INFO featured[12155]: Traceback (most recent call last):
2025 Feb 11 02:51:55.878593 sonic INFO featured[12155]:   File "/usr/local/bin/featured", line 598, in <module>
2025 Feb 11 02:51:55.878659 sonic INFO featured[12155]:     main()
2025 Feb 11 02:51:55.878746 sonic INFO featured[12155]:   File "/usr/local/bin/featured", line 591, in main
2025 Feb 11 02:51:55.878880 sonic INFO featured[12155]:     daemon = FeatureDaemon()
2025 Feb 11 02:51:55.878939 sonic INFO featured[12155]:              ^^^^^^^^^^^^^^^
2025 Feb 11 02:51:55.878969 sonic INFO featured[12155]:   File "/usr/local/bin/featured", line 529, in __init__
2025 Feb 11 02:51:55.879102 sonic INFO featured[12155]:     self.feature_handler = FeatureHandler(self.config_db, feature_state_table, self.device_config, self.advanced_boot)
2025 Feb 11 02:51:55.879159 sonic INFO featured[12155]:                            ^^^^^^^^^^^^^^^^^^^^^^^^^^^^^^^^^^^^^^^^^^^^^^^^^^^^^^^^^^^^^^^^^^^^^^^^^^^^^^^^^^^^^^^^^^^
2025 Feb 11 02:51:55.879189 sonic INFO featured[12155]:   File "/usr/local/bin/featured", line 136, in __init__
2025 Feb 11 02:51:55.879241 sonic INFO featured[12155]:     self._device_running_config = device_info.get_device_runtime_metadata()
2025 Feb 11 02:51:55.879284 sonic INFO featured[12155]:                                   ^^^^^^^^^^^^^^^^^^^^^^^^^^^^^^^^^^^^^^^^^
2025 Feb 11 02:51:55.879313 sonic INFO featured[12155]:   File "/usr/local/lib/python3.11/dist-packages/sonic_py_common/device_info.py", line 680, in get_device_runtime_metadata
2025 Feb 11 02:51:55.879450 sonic INFO featured[12155]:     port_metadata = {'ETHERNET_PORTS_PRESENT': True if get_path_to_port_config_file(hwsku=None, asic="0" if is_multi_npu() else None) else False}
2025 Feb 11 02:51:55.879505 sonic INFO featured[12155]:                                                        ^^^^^^^^^^^^^^^^^^^^^^^^^^^^^^^^^^^^^^^^^^^^^^^^^^^^^^^^^^^^^^^^^^^^^^^^^^^^^^
2025 Feb 11 02:51:55.879536 sonic INFO featured[12155]:   File "/usr/local/lib/python3.11/dist-packages/sonic_py_common/device_info.py", line 446, in get_path_to_port_config_file
2025 Feb 11 02:51:55.879621 sonic INFO featured[12155]:     (platform_path, hwsku_path) = get_paths_to_platform_and_hwsku_dirs()
2025 Feb 11 02:51:55.879671 sonic INFO featured[12155]:                                   ^^^^^^^^^^^^^^^^^^^^^^^^^^^^^^^^^^^^^^
2025 Feb 11 02:51:55.879701 sonic INFO featured[12155]:   File "/usr/local/lib/python3.11/dist-packages/sonic_py_common/device_info.py", line 412, in get_paths_to_platform_and_hwsku_dirs
2025 Feb 11 02:51:55.879830 sonic INFO featured[12155]:     hwsku_path = os.path.join(platform_path, hwsku)
2025 Feb 11 02:51:55.879881 sonic INFO featured[12155]:                  ^^^^^^^^^^^^^^^^^^^^^^^^^^^^^^^^^^
2025 Feb 11 02:51:55.879918 sonic INFO featured[12155]:   File "<frozen posixpath>", line 90, in join
2025 Feb 11 02:51:55.879959 sonic INFO featured[12155]:   File "<frozen genericpath>", line 152, in _check_arg_types
2025 Feb 11 02:51:55.879989 sonic INFO featured[12155]: TypeError: join() argument must be str, bytes, or os.PathLike object, not 'NoneType'
2025 Feb 11 02:51:55.900439 sonic NOTICE systemd[1]: featured.service: Main process exited, code=exited, status=1/FAILURE
2025 Feb 11 02:51:55.900549 sonic WARNING systemd[1]: featured.service: Failed with result 'exit-code'.
2025 Feb 11 02:51:55.922650 sonic INFO systemd[1]: Started featured.service - Feature configuration daemon.
2025 Feb 11 02:51:56.070347 sonic INFO featured: ConfigDB connect success
2025 Feb 11 02:51:56.074398 sonic INFO featured[12156]: Traceback (most recent call last):
2025 Feb 11 02:51:56.074467 sonic INFO featured[12156]:   File "/usr/local/bin/featured", line 598, in <module>
2025 Feb 11 02:51:56.074543 sonic INFO featured[12156]:     main()
2025 Feb 11 02:51:56.074600 sonic INFO featured[12156]:   File "/usr/local/bin/featured", line 591, in main
2025 Feb 11 02:51:56.074770 sonic INFO featured[12156]:     daemon = FeatureDaemon()
2025 Feb 11 02:51:56.074858 sonic INFO featured[12156]:              ^^^^^^^^^^^^^^^
2025 Feb 11 02:51:56.074899 sonic INFO featured[12156]:   File "/usr/local/bin/featured", line 529, in __init__
2025 Feb 11 02:51:56.074951 sonic INFO featured[12156]:     self.feature_handler = FeatureHandler(self.config_db, feature_state_table, self.device_config, self.advanced_boot)
2025 Feb 11 02:51:56.075019 sonic INFO featured[12156]:                            ^^^^^^^^^^^^^^^^^^^^^^^^^^^^^^^^^^^^^^^^^^^^^^^^^^^^^^^^^^^^^^^^^^^^^^^^^^^^^^^^^^^^^^^^^^^
2025 Feb 11 02:51:56.075074 sonic INFO featured[12156]:   File "/usr/local/bin/featured", line 136, in __init__
2025 Feb 11 02:51:56.075113 sonic INFO featured[12156]:     self._device_running_config = device_info.get_device_runtime_metadata()
2025 Feb 11 02:51:56.075163 sonic INFO featured[12156]:                                   ^^^^^^^^^^^^^^^^^^^^^^^^^^^^^^^^^^^^^^^^^
2025 Feb 11 02:51:56.075203 sonic INFO featured[12156]:   File "/usr/local/lib/python3.11/dist-packages/sonic_py_common/device_info.py", line 680, in get_device_runtime_metadata
2025 Feb 11 02:51:56.075354 sonic INFO featured[12156]:     port_metadata = {'ETHERNET_PORTS_PRESENT': True if get_path_to_port_config_file(hwsku=None, asic="0" if is_multi_npu() else None) else False}
2025 Feb 11 02:51:56.075415 sonic INFO featured[12156]:                                                        ^^^^^^^^^^^^^^^^^^^^^^^^^^^^^^^^^^^^^^^^^^^^^^^^^^^^^^^^^^^^^^^^^^^^^^^^^^^^^^
2025 Feb 11 02:51:56.075445 sonic INFO featured[12156]:   File "/usr/local/lib/python3.11/dist-packages/sonic_py_common/device_info.py", line 446, in get_path_to_port_config_file
2025 Feb 11 02:51:56.075564 sonic INFO featured[12156]:     (platform_path, hwsku_path) = get_paths_to_platform_and_hwsku_dirs()
2025 Feb 11 02:51:56.075619 sonic INFO featured[12156]:                                   ^^^^^^^^^^^^^^^^^^^^^^^^^^^^^^^^^^^^^^
2025 Feb 11 02:51:56.075650 sonic INFO featured[12156]:   File "/usr/local/lib/python3.11/dist-packages/sonic_py_common/device_info.py", line 412, in get_paths_to_platform_and_hwsku_dirs
2025 Feb 11 02:51:56.075730 sonic INFO featured[12156]:     hwsku_path = os.path.join(platform_path, hwsku)
2025 Feb 11 02:51:56.075780 sonic INFO featured[12156]:                  ^^^^^^^^^^^^^^^^^^^^^^^^^^^^^^^^^^
2025 Feb 11 02:51:56.075846 sonic INFO featured[12156]:   File "<frozen posixpath>", line 90, in join
2025 Feb 11 02:51:56.075877 sonic INFO featured[12156]:   File "<frozen genericpath>", line 152, in _check_arg_types
2025 Feb 11 02:51:56.075919 sonic INFO featured[12156]: TypeError: join() argument must be str, bytes, or os.PathLike object, not 'NoneType'
2025 Feb 11 02:51:56.094270 sonic NOTICE systemd[1]: featured.service: Main process exited, code=exited, status=1/FAILURE
2025 Feb 11 02:51:56.094392 sonic WARNING systemd[1]: featured.service: Failed with result 'exit-code'.
2025 Feb 11 02:51:56.096543 sonic WARNING systemd[1]: featured.service: Start request repeated too quickly.
2025 Feb 11 02:51:56.096630 sonic WARNING systemd[1]: featured.service: Failed with result 'exit-code'.
2025 Feb 11 02:51:56.096681 sonic ERR systemd[1]: Failed to start featured.service - Feature configuration daemon.
2025 Feb 11 02:51:58.279659 sonic WARNING systemd[1]: featured.service: Start request repeated too quickly.
2025 Feb 11 02:51:58.280087 sonic WARNING systemd[1]: featured.service: Failed with result 'exit-code'.
2025 Feb 11 02:51:58.280145 sonic ERR systemd[1]: Failed to start featured.service - Feature configuration daemon.
2025 Feb 11 02:52:18.279983 sonic INFO systemd[1]: caclmgrd.service: Scheduled restart job, restart counter is at 50.
2025 Feb 11 02:52:18.280271 sonic INFO systemd[1]: Stopped caclmgrd.service - Control Plane ACL configuration daemon.
2025 Feb 11 02:52:18.306362 sonic INFO systemd[1]: Started caclmgrd.service - Control Plane ACL configuration daemon.
2025 Feb 11 02:52:18.308713 sonic INFO systemd[1]: Started featured.service - Feature configuration daemon.
2025 Feb 11 02:52:18.423462 sonic INFO caclmgrd[12205]: Traceback (most recent call last):
2025 Feb 11 02:52:18.423592 sonic INFO caclmgrd[12205]:   File "/usr/local/bin/caclmgrd", line 1146, in <module>
2025 Feb 11 02:52:18.423648 sonic INFO caclmgrd[12205]:     main()
2025 Feb 11 02:52:18.423704 sonic INFO caclmgrd[12205]:   File "/usr/local/bin/caclmgrd", line 1137, in main
2025 Feb 11 02:52:18.423752 sonic INFO caclmgrd[12205]:     caclmgr = ControlPlaneAclManager(SYSLOG_IDENTIFIER)
2025 Feb 11 02:52:18.423808 sonic INFO caclmgrd[12205]:               ^^^^^^^^^^^^^^^^^^^^^^^^^^^^^^^^^^^^^^^^^
2025 Feb 11 02:52:18.423852 sonic INFO caclmgrd[12205]:   File "/usr/local/bin/caclmgrd", line 156, in __init__
2025 Feb 11 02:52:18.423908 sonic INFO caclmgrd[12205]:     if 'subtype' in metadata['localhost'] and metadata['localhost']['subtype'] == 'DualToR':
2025 Feb 11 02:52:18.423951 sonic INFO caclmgrd[12205]:                     ~~~~~~~~^^^^^^^^^^^^^
2025 Feb 11 02:52:18.423993 sonic INFO caclmgrd[12205]: KeyError: 'localhost'
2025 Feb 11 02:52:18.436019 sonic NOTICE systemd[1]: caclmgrd.service: Main process exited, code=exited, status=1/FAILURE
2025 Feb 11 02:52:18.436116 sonic WARNING systemd[1]: caclmgrd.service: Failed with result 'exit-code'.
2025 Feb 11 02:52:18.447666 sonic INFO featured: ConfigDB connect success
2025 Feb 11 02:52:18.451664 sonic INFO featured[12206]: Traceback (most recent call last):
2025 Feb 11 02:52:18.451730 sonic INFO featured[12206]:   File "/usr/local/bin/featured", line 598, in <module>
2025 Feb 11 02:52:18.451810 sonic INFO featured[12206]:     main()
2025 Feb 11 02:52:18.451869 sonic INFO featured[12206]:   File "/usr/local/bin/featured", line 591, in main
2025 Feb 11 02:52:18.451987 sonic INFO featured[12206]:     daemon = FeatureDaemon()
2025 Feb 11 02:52:18.452024 sonic INFO featured[12206]:              ^^^^^^^^^^^^^^^
2025 Feb 11 02:52:18.452050 sonic INFO featured[12206]:   File "/usr/local/bin/featured", line 529, in __init__
2025 Feb 11 02:52:18.452101 sonic INFO featured[12206]:     self.feature_handler = FeatureHandler(self.config_db, feature_state_table, self.device_config, self.advanced_boot)
2025 Feb 11 02:52:18.452155 sonic INFO featured[12206]:                            ^^^^^^^^^^^^^^^^^^^^^^^^^^^^^^^^^^^^^^^^^^^^^^^^^^^^^^^^^^^^^^^^^^^^^^^^^^^^^^^^^^^^^^^^^^^
2025 Feb 11 02:52:18.452198 sonic INFO featured[12206]:   File "/usr/local/bin/featured", line 136, in __init__
2025 Feb 11 02:52:18.452250 sonic INFO featured[12206]:     self._device_running_config = device_info.get_device_runtime_metadata()
2025 Feb 11 02:52:18.452291 sonic INFO featured[12206]:                                   ^^^^^^^^^^^^^^^^^^^^^^^^^^^^^^^^^^^^^^^^^
2025 Feb 11 02:52:18.452339 sonic INFO featured[12206]:   File "/usr/local/lib/python3.11/dist-packages/sonic_py_common/device_info.py", line 680, in get_device_runtime_metadata
2025 Feb 11 02:52:18.452394 sonic INFO featured[12206]:     port_metadata = {'ETHERNET_PORTS_PRESENT': True if get_path_to_port_config_file(hwsku=None, asic="0" if is_multi_npu() else None) else False}
2025 Feb 11 02:52:18.452435 sonic INFO featured[12206]:                                                        ^^^^^^^^^^^^^^^^^^^^^^^^^^^^^^^^^^^^^^^^^^^^^^^^^^^^^^^^^^^^^^^^^^^^^^^^^^^^^^
2025 Feb 11 02:52:18.452476 sonic INFO featured[12206]:   File "/usr/local/lib/python3.11/dist-packages/sonic_py_common/device_info.py", line 446, in get_path_to_port_config_file
2025 Feb 11 02:52:18.452529 sonic INFO featured[12206]:     (platform_path, hwsku_path) = get_paths_to_platform_and_hwsku_dirs()
2025 Feb 11 02:52:18.452569 sonic INFO featured[12206]:                                   ^^^^^^^^^^^^^^^^^^^^^^^^^^^^^^^^^^^^^^
2025 Feb 11 02:52:18.452612 sonic INFO featured[12206]:   File "/usr/local/lib/python3.11/dist-packages/sonic_py_common/device_info.py", line 412, in get_paths_to_platform_and_hwsku_dirs
2025 Feb 11 02:52:18.452659 sonic INFO featured[12206]:     hwsku_path = os.path.join(platform_path, hwsku)
2025 Feb 11 02:52:18.452712 sonic INFO featured[12206]:                  ^^^^^^^^^^^^^^^^^^^^^^^^^^^^^^^^^^
2025 Feb 11 02:52:18.452753 sonic INFO featured[12206]:   File "<frozen posixpath>", line 90, in join
2025 Feb 11 02:52:18.452813 sonic INFO featured[12206]:   File "<frozen genericpath>", line 152, in _check_arg_types
2025 Feb 11 02:52:18.452856 sonic INFO featured[12206]: TypeError: join() argument must be str, bytes, or os.PathLike object, not 'NoneType'
2025 Feb 11 02:52:18.470935 sonic NOTICE systemd[1]: featured.service: Main process exited, code=exited, status=1/FAILURE
2025 Feb 11 02:52:18.471046 sonic WARNING systemd[1]: featured.service: Failed with result 'exit-code'.
2025 Feb 11 02:52:18.506496 sonic INFO systemd[1]: Started featured.service - Feature configuration daemon.
2025 Feb 11 02:52:18.660920 sonic INFO featured: ConfigDB connect success
2025 Feb 11 02:52:18.665013 sonic INFO featured[12215]: Traceback (most recent call last):
2025 Feb 11 02:52:18.665075 sonic INFO featured[12215]:   File "/usr/local/bin/featured", line 598, in <module>
2025 Feb 11 02:52:18.665169 sonic INFO featured[12215]:     main()
2025 Feb 11 02:52:18.665209 sonic INFO featured[12215]:   File "/usr/local/bin/featured", line 591, in main
2025 Feb 11 02:52:18.665316 sonic INFO featured[12215]:     daemon = FeatureDaemon()
2025 Feb 11 02:52:18.665356 sonic INFO featured[12215]:              ^^^^^^^^^^^^^^^
2025 Feb 11 02:52:18.665381 sonic INFO featured[12215]:   File "/usr/local/bin/featured", line 529, in __init__
2025 Feb 11 02:52:18.665432 sonic INFO featured[12215]:     self.feature_handler = FeatureHandler(self.config_db, feature_state_table, self.device_config, self.advanced_boot)
2025 Feb 11 02:52:18.665516 sonic INFO featured[12215]:                            ^^^^^^^^^^^^^^^^^^^^^^^^^^^^^^^^^^^^^^^^^^^^^^^^^^^^^^^^^^^^^^^^^^^^^^^^^^^^^^^^^^^^^^^^^^^
2025 Feb 11 02:52:18.665536 sonic INFO featured[12215]:   File "/usr/local/bin/featured", line 136, in __init__
2025 Feb 11 02:52:18.665629 sonic INFO featured[12215]:     self._device_running_config = device_info.get_device_runtime_metadata()
2025 Feb 11 02:52:18.665668 sonic INFO featured[12215]:                                   ^^^^^^^^^^^^^^^^^^^^^^^^^^^^^^^^^^^^^^^^^
2025 Feb 11 02:52:18.665684 sonic INFO featured[12215]:   File "/usr/local/lib/python3.11/dist-packages/sonic_py_common/device_info.py", line 680, in get_device_runtime_metadata
2025 Feb 11 02:52:18.665791 sonic INFO featured[12215]:     port_metadata = {'ETHERNET_PORTS_PRESENT': True if get_path_to_port_config_file(hwsku=None, asic="0" if is_multi_npu() else None) else False}
2025 Feb 11 02:52:18.665842 sonic INFO featured[12215]:                                                        ^^^^^^^^^^^^^^^^^^^^^^^^^^^^^^^^^^^^^^^^^^^^^^^^^^^^^^^^^^^^^^^^^^^^^^^^^^^^^^
2025 Feb 11 02:52:18.665869 sonic INFO featured[12215]:   File "/usr/local/lib/python3.11/dist-packages/sonic_py_common/device_info.py", line 446, in get_path_to_port_config_file
2025 Feb 11 02:52:18.665938 sonic INFO featured[12215]:     (platform_path, hwsku_path) = get_paths_to_platform_and_hwsku_dirs()
2025 Feb 11 02:52:18.665969 sonic INFO featured[12215]:                                   ^^^^^^^^^^^^^^^^^^^^^^^^^^^^^^^^^^^^^^
2025 Feb 11 02:52:18.665995 sonic INFO featured[12215]:   File "/usr/local/lib/python3.11/dist-packages/sonic_py_common/device_info.py", line 412, in get_paths_to_platform_and_hwsku_dirs
2025 Feb 11 02:52:18.666044 sonic INFO featured[12215]:     hwsku_path = os.path.join(platform_path, hwsku)
2025 Feb 11 02:52:18.666077 sonic INFO featured[12215]:                  ^^^^^^^^^^^^^^^^^^^^^^^^^^^^^^^^^^
2025 Feb 11 02:52:18.666103 sonic INFO featured[12215]:   File "<frozen posixpath>", line 90, in join
2025 Feb 11 02:52:18.666127 sonic INFO featured[12215]:   File "<frozen genericpath>", line 152, in _check_arg_types
2025 Feb 11 02:52:18.666151 sonic INFO featured[12215]: TypeError: join() argument must be str, bytes, or os.PathLike object, not 'NoneType'
2025 Feb 11 02:52:18.694996 sonic NOTICE systemd[1]: featured.service: Main process exited, code=exited, status=1/FAILURE
2025 Feb 11 02:52:18.695109 sonic WARNING systemd[1]: featured.service: Failed with result 'exit-code'.
2025 Feb 11 02:52:18.722711 sonic INFO systemd[1]: Started featured.service - Feature configuration daemon.
2025 Feb 11 02:52:18.897189 sonic INFO featured: ConfigDB connect success
2025 Feb 11 02:52:18.901321 sonic INFO featured[12216]: Traceback (most recent call last):
2025 Feb 11 02:52:18.901385 sonic INFO featured[12216]:   File "/usr/local/bin/featured", line 598, in <module>
2025 Feb 11 02:52:18.901459 sonic INFO featured[12216]:     main()
2025 Feb 11 02:52:18.901549 sonic INFO featured[12216]:   File "/usr/local/bin/featured", line 591, in main
2025 Feb 11 02:52:18.901667 sonic INFO featured[12216]:     daemon = FeatureDaemon()
2025 Feb 11 02:52:18.901710 sonic INFO featured[12216]:              ^^^^^^^^^^^^^^^
2025 Feb 11 02:52:18.901727 sonic INFO featured[12216]:   File "/usr/local/bin/featured", line 529, in __init__
2025 Feb 11 02:52:18.901785 sonic INFO featured[12216]:     self.feature_handler = FeatureHandler(self.config_db, feature_state_table, self.device_config, self.advanced_boot)
2025 Feb 11 02:52:18.901836 sonic INFO featured[12216]:                            ^^^^^^^^^^^^^^^^^^^^^^^^^^^^^^^^^^^^^^^^^^^^^^^^^^^^^^^^^^^^^^^^^^^^^^^^^^^^^^^^^^^^^^^^^^^
2025 Feb 11 02:52:18.901885 sonic INFO featured[12216]:   File "/usr/local/bin/featured", line 136, in __init__
2025 Feb 11 02:52:18.901925 sonic INFO featured[12216]:     self._device_running_config = device_info.get_device_runtime_metadata()
2025 Feb 11 02:52:18.901969 sonic INFO featured[12216]:                                   ^^^^^^^^^^^^^^^^^^^^^^^^^^^^^^^^^^^^^^^^^
2025 Feb 11 02:52:18.902001 sonic INFO featured[12216]:   File "/usr/local/lib/python3.11/dist-packages/sonic_py_common/device_info.py", line 680, in get_device_runtime_metadata
2025 Feb 11 02:52:18.902055 sonic INFO featured[12216]:     port_metadata = {'ETHERNET_PORTS_PRESENT': True if get_path_to_port_config_file(hwsku=None, asic="0" if is_multi_npu() else None) else False}
2025 Feb 11 02:52:18.902098 sonic INFO featured[12216]:                                                        ^^^^^^^^^^^^^^^^^^^^^^^^^^^^^^^^^^^^^^^^^^^^^^^^^^^^^^^^^^^^^^^^^^^^^^^^^^^^^^
2025 Feb 11 02:52:18.902150 sonic INFO featured[12216]:   File "/usr/local/lib/python3.11/dist-packages/sonic_py_common/device_info.py", line 446, in get_path_to_port_config_file
2025 Feb 11 02:52:18.902192 sonic INFO featured[12216]:     (platform_path, hwsku_path) = get_paths_to_platform_and_hwsku_dirs()
2025 Feb 11 02:52:18.902233 sonic INFO featured[12216]:                                   ^^^^^^^^^^^^^^^^^^^^^^^^^^^^^^^^^^^^^^
2025 Feb 11 02:52:18.902274 sonic INFO featured[12216]:   File "/usr/local/lib/python3.11/dist-packages/sonic_py_common/device_info.py", line 412, in get_paths_to_platform_and_hwsku_dirs
2025 Feb 11 02:52:18.902317 sonic INFO featured[12216]:     hwsku_path = os.path.join(platform_path, hwsku)
2025 Feb 11 02:52:18.902368 sonic INFO featured[12216]:                  ^^^^^^^^^^^^^^^^^^^^^^^^^^^^^^^^^^
2025 Feb 11 02:52:18.902427 sonic INFO featured[12216]:   File "<frozen posixpath>", line 90, in join
2025 Feb 11 02:52:18.902473 sonic INFO featured[12216]:   File "<frozen genericpath>", line 152, in _check_arg_types
2025 Feb 11 02:52:18.902518 sonic INFO featured[12216]: TypeError: join() argument must be str, bytes, or os.PathLike object, not 'NoneType'
2025 Feb 11 02:52:18.920790 sonic NOTICE systemd[1]: featured.service: Main process exited, code=exited, status=1/FAILURE
2025 Feb 11 02:52:18.920939 sonic WARNING systemd[1]: featured.service: Failed with result 'exit-code'.
2025 Feb 11 02:52:18.954913 sonic INFO systemd[1]: Started featured.service - Feature configuration daemon.
2025 Feb 11 02:52:19.084240 sonic INFO featured: ConfigDB connect success
2025 Feb 11 02:52:19.088269 sonic INFO featured[12219]: Traceback (most recent call last):
2025 Feb 11 02:52:19.088337 sonic INFO featured[12219]:   File "/usr/local/bin/featured", line 598, in <module>
2025 Feb 11 02:52:19.088378 sonic INFO featured[12219]:     main()
2025 Feb 11 02:52:19.088409 sonic INFO featured[12219]:   File "/usr/local/bin/featured", line 591, in main
2025 Feb 11 02:52:19.088547 sonic INFO featured[12219]:     daemon = FeatureDaemon()
2025 Feb 11 02:52:19.088581 sonic INFO featured[12219]:              ^^^^^^^^^^^^^^^
2025 Feb 11 02:52:19.088604 sonic INFO featured[12219]:   File "/usr/local/bin/featured", line 529, in __init__
2025 Feb 11 02:52:19.088678 sonic INFO featured[12219]:     self.feature_handler = FeatureHandler(self.config_db, feature_state_table, self.device_config, self.advanced_boot)
2025 Feb 11 02:52:19.088716 sonic INFO featured[12219]:                            ^^^^^^^^^^^^^^^^^^^^^^^^^^^^^^^^^^^^^^^^^^^^^^^^^^^^^^^^^^^^^^^^^^^^^^^^^^^^^^^^^^^^^^^^^^^
2025 Feb 11 02:52:19.088733 sonic INFO featured[12219]:   File "/usr/local/bin/featured", line 136, in __init__
2025 Feb 11 02:52:19.088780 sonic INFO featured[12219]:     self._device_running_config = device_info.get_device_runtime_metadata()
2025 Feb 11 02:52:19.088811 sonic INFO featured[12219]:                                   ^^^^^^^^^^^^^^^^^^^^^^^^^^^^^^^^^^^^^^^^^
2025 Feb 11 02:52:19.088836 sonic INFO featured[12219]:   File "/usr/local/lib/python3.11/dist-packages/sonic_py_common/device_info.py", line 680, in get_device_runtime_metadata
2025 Feb 11 02:52:19.088954 sonic INFO featured[12219]:     port_metadata = {'ETHERNET_PORTS_PRESENT': True if get_path_to_port_config_file(hwsku=None, asic="0" if is_multi_npu() else None) else False}
2025 Feb 11 02:52:19.088993 sonic INFO featured[12219]:                                                        ^^^^^^^^^^^^^^^^^^^^^^^^^^^^^^^^^^^^^^^^^^^^^^^^^^^^^^^^^^^^^^^^^^^^^^^^^^^^^^
2025 Feb 11 02:52:19.089010 sonic INFO featured[12219]:   File "/usr/local/lib/python3.11/dist-packages/sonic_py_common/device_info.py", line 446, in get_path_to_port_config_file
2025 Feb 11 02:52:19.089076 sonic INFO featured[12219]:     (platform_path, hwsku_path) = get_paths_to_platform_and_hwsku_dirs()
2025 Feb 11 02:52:19.089108 sonic INFO featured[12219]:                                   ^^^^^^^^^^^^^^^^^^^^^^^^^^^^^^^^^^^^^^
2025 Feb 11 02:52:19.089133 sonic INFO featured[12219]:   File "/usr/local/lib/python3.11/dist-packages/sonic_py_common/device_info.py", line 412, in get_paths_to_platform_and_hwsku_dirs
2025 Feb 11 02:52:19.089181 sonic INFO featured[12219]:     hwsku_path = os.path.join(platform_path, hwsku)
2025 Feb 11 02:52:19.089215 sonic INFO featured[12219]:                  ^^^^^^^^^^^^^^^^^^^^^^^^^^^^^^^^^^
2025 Feb 11 02:52:19.089240 sonic INFO featured[12219]:   File "<frozen posixpath>", line 90, in join
2025 Feb 11 02:52:19.089264 sonic INFO featured[12219]:   File "<frozen genericpath>", line 152, in _check_arg_types
2025 Feb 11 02:52:19.089287 sonic INFO featured[12219]: TypeError: join() argument must be str, bytes, or os.PathLike object, not 'NoneType'
2025 Feb 11 02:52:19.106959 sonic NOTICE systemd[1]: featured.service: Main process exited, code=exited, status=1/FAILURE
2025 Feb 11 02:52:19.107090 sonic WARNING systemd[1]: featured.service: Failed with result 'exit-code'.
2025 Feb 11 02:52:19.142580 sonic INFO systemd[1]: Started featured.service - Feature configuration daemon.
2025 Feb 11 02:52:19.276024 sonic INFO featured: ConfigDB connect success
2025 Feb 11 02:52:19.290244 sonic INFO featured[12220]: Traceback (most recent call last):
2025 Feb 11 02:52:19.290625 sonic INFO featured[12220]:   File "/usr/local/bin/featured", line 598, in <module>
2025 Feb 11 02:52:19.290716 sonic INFO featured[12220]:     main()
2025 Feb 11 02:52:19.290747 sonic INFO featured[12220]:   File "/usr/local/bin/featured", line 591, in main
2025 Feb 11 02:52:19.290790 sonic INFO featured[12220]:     daemon = FeatureDaemon()
2025 Feb 11 02:52:19.290810 sonic INFO featured[12220]:              ^^^^^^^^^^^^^^^
2025 Feb 11 02:52:19.290835 sonic INFO featured[12220]:   File "/usr/local/bin/featured", line 529, in __init__
2025 Feb 11 02:52:19.290861 sonic INFO featured[12220]:     self.feature_handler = FeatureHandler(self.config_db, feature_state_table, self.device_config, self.advanced_boot)
2025 Feb 11 02:52:19.290888 sonic INFO featured[12220]:                            ^^^^^^^^^^^^^^^^^^^^^^^^^^^^^^^^^^^^^^^^^^^^^^^^^^^^^^^^^^^^^^^^^^^^^^^^^^^^^^^^^^^^^^^^^^^
2025 Feb 11 02:52:19.290918 sonic INFO featured[12220]:   File "/usr/local/bin/featured", line 136, in __init__
2025 Feb 11 02:52:19.290950 sonic INFO featured[12220]:     self._device_running_config = device_info.get_device_runtime_metadata()
2025 Feb 11 02:52:19.290975 sonic INFO featured[12220]:                                   ^^^^^^^^^^^^^^^^^^^^^^^^^^^^^^^^^^^^^^^^^
2025 Feb 11 02:52:19.291001 sonic INFO featured[12220]:   File "/usr/local/lib/python3.11/dist-packages/sonic_py_common/device_info.py", line 680, in get_device_runtime_metadata
2025 Feb 11 02:52:19.291039 sonic INFO featured[12220]:     port_metadata = {'ETHERNET_PORTS_PRESENT': True if get_path_to_port_config_file(hwsku=None, asic="0" if is_multi_npu() else None) else False}
2025 Feb 11 02:52:19.291082 sonic INFO featured[12220]:                                                        ^^^^^^^^^^^^^^^^^^^^^^^^^^^^^^^^^^^^^^^^^^^^^^^^^^^^^^^^^^^^^^^^^^^^^^^^^^^^^^
2025 Feb 11 02:52:19.291109 sonic INFO featured[12220]:   File "/usr/local/lib/python3.11/dist-packages/sonic_py_common/device_info.py", line 446, in get_path_to_port_config_file
2025 Feb 11 02:52:19.291201 sonic INFO featured[12220]:     (platform_path, hwsku_path) = get_paths_to_platform_and_hwsku_dirs()
2025 Feb 11 02:52:19.291240 sonic INFO featured[12220]:                                   ^^^^^^^^^^^^^^^^^^^^^^^^^^^^^^^^^^^^^^
2025 Feb 11 02:52:19.291257 sonic INFO featured[12220]:   File "/usr/local/lib/python3.11/dist-packages/sonic_py_common/device_info.py", line 412, in get_paths_to_platform_and_hwsku_dirs
2025 Feb 11 02:52:19.291302 sonic INFO featured[12220]:     hwsku_path = os.path.join(platform_path, hwsku)
2025 Feb 11 02:52:19.291340 sonic INFO featured[12220]:                  ^^^^^^^^^^^^^^^^^^^^^^^^^^^^^^^^^^
2025 Feb 11 02:52:19.291367 sonic INFO featured[12220]:   File "<frozen posixpath>", line 90, in join
2025 Feb 11 02:52:19.291391 sonic INFO featured[12220]:   File "<frozen genericpath>", line 152, in _check_arg_types
2025 Feb 11 02:52:19.291415 sonic INFO featured[12220]: TypeError: join() argument must be str, bytes, or os.PathLike object, not 'NoneType'
2025 Feb 11 02:52:19.312906 sonic NOTICE systemd[1]: featured.service: Main process exited, code=exited, status=1/FAILURE
2025 Feb 11 02:52:19.313101 sonic WARNING systemd[1]: featured.service: Failed with result 'exit-code'.
2025 Feb 11 02:52:19.317895 sonic WARNING systemd[1]: featured.service: Start request repeated too quickly.
2025 Feb 11 02:52:19.318620 sonic WARNING systemd[1]: featured.service: Failed with result 'exit-code'.
2025 Feb 11 02:52:19.319209 sonic ERR systemd[1]: Failed to start featured.service - Feature configuration daemon.
2025 Feb 11 02:52:38.298948 sonic INFO systemd[1]: Started featured.service - Feature configuration daemon.
2025 Feb 11 02:52:38.447327 sonic INFO featured: ConfigDB connect success
2025 Feb 11 02:52:38.451499 sonic INFO featured[12267]: Traceback (most recent call last):
2025 Feb 11 02:52:38.451557 sonic INFO featured[12267]:   File "/usr/local/bin/featured", line 598, in <module>
2025 Feb 11 02:52:38.451677 sonic INFO featured[12267]:     main()
2025 Feb 11 02:52:38.451717 sonic INFO featured[12267]:   File "/usr/local/bin/featured", line 591, in main
2025 Feb 11 02:52:38.451868 sonic INFO featured[12267]:     daemon = FeatureDaemon()
2025 Feb 11 02:52:38.451900 sonic INFO featured[12267]:              ^^^^^^^^^^^^^^^
2025 Feb 11 02:52:38.451922 sonic INFO featured[12267]:   File "/usr/local/bin/featured", line 529, in __init__
2025 Feb 11 02:52:38.451984 sonic INFO featured[12267]:     self.feature_handler = FeatureHandler(self.config_db, feature_state_table, self.device_config, self.advanced_boot)
2025 Feb 11 02:52:38.452019 sonic INFO featured[12267]:                            ^^^^^^^^^^^^^^^^^^^^^^^^^^^^^^^^^^^^^^^^^^^^^^^^^^^^^^^^^^^^^^^^^^^^^^^^^^^^^^^^^^^^^^^^^^^
2025 Feb 11 02:52:38.452041 sonic INFO featured[12267]:   File "/usr/local/bin/featured", line 136, in __init__
2025 Feb 11 02:52:38.452086 sonic INFO featured[12267]:     self._device_running_config = device_info.get_device_runtime_metadata()
2025 Feb 11 02:52:38.452118 sonic INFO featured[12267]:                                   ^^^^^^^^^^^^^^^^^^^^^^^^^^^^^^^^^^^^^^^^^
2025 Feb 11 02:52:38.452144 sonic INFO featured[12267]:   File "/usr/local/lib/python3.11/dist-packages/sonic_py_common/device_info.py", line 680, in get_device_runtime_metadata
2025 Feb 11 02:52:38.452249 sonic INFO featured[12267]:     port_metadata = {'ETHERNET_PORTS_PRESENT': True if get_path_to_port_config_file(hwsku=None, asic="0" if is_multi_npu() else None) else False}
2025 Feb 11 02:52:38.452289 sonic INFO featured[12267]:                                                        ^^^^^^^^^^^^^^^^^^^^^^^^^^^^^^^^^^^^^^^^^^^^^^^^^^^^^^^^^^^^^^^^^^^^^^^^^^^^^^
2025 Feb 11 02:52:38.452316 sonic INFO featured[12267]:   File "/usr/local/lib/python3.11/dist-packages/sonic_py_common/device_info.py", line 446, in get_path_to_port_config_file
2025 Feb 11 02:52:38.452372 sonic INFO featured[12267]:     (platform_path, hwsku_path) = get_paths_to_platform_and_hwsku_dirs()
2025 Feb 11 02:52:38.452403 sonic INFO featured[12267]:                                   ^^^^^^^^^^^^^^^^^^^^^^^^^^^^^^^^^^^^^^
2025 Feb 11 02:52:38.452428 sonic INFO featured[12267]:   File "/usr/local/lib/python3.11/dist-packages/sonic_py_common/device_info.py", line 412, in get_paths_to_platform_and_hwsku_dirs
2025 Feb 11 02:52:38.452477 sonic INFO featured[12267]:     hwsku_path = os.path.join(platform_path, hwsku)
2025 Feb 11 02:52:38.452510 sonic INFO featured[12267]:                  ^^^^^^^^^^^^^^^^^^^^^^^^^^^^^^^^^^
2025 Feb 11 02:52:38.452537 sonic INFO featured[12267]:   File "<frozen posixpath>", line 90, in join
2025 Feb 11 02:52:38.452561 sonic INFO featured[12267]:   File "<frozen genericpath>", line 152, in _check_arg_types
2025 Feb 11 02:52:38.452585 sonic INFO featured[12267]: TypeError: join() argument must be str, bytes, or os.PathLike object, not 'NoneType'
2025 Feb 11 02:52:38.481445 sonic NOTICE systemd[1]: featured.service: Main process exited, code=exited, status=1/FAILURE
2025 Feb 11 02:52:38.481684 sonic WARNING systemd[1]: featured.service: Failed with result 'exit-code'.
2025 Feb 11 02:52:38.514638 sonic INFO systemd[1]: Started featured.service - Feature configuration daemon.
2025 Feb 11 02:52:38.665947 sonic INFO featured: ConfigDB connect success
2025 Feb 11 02:52:38.670513 sonic INFO featured[12268]: Traceback (most recent call last):
2025 Feb 11 02:52:38.670571 sonic INFO featured[12268]:   File "/usr/local/bin/featured", line 598, in <module>
2025 Feb 11 02:52:38.670666 sonic INFO featured[12268]:     main()
2025 Feb 11 02:52:38.670706 sonic INFO featured[12268]:   File "/usr/local/bin/featured", line 591, in main
2025 Feb 11 02:52:38.670855 sonic INFO featured[12268]:     daemon = FeatureDaemon()
2025 Feb 11 02:52:38.670888 sonic INFO featured[12268]:              ^^^^^^^^^^^^^^^
2025 Feb 11 02:52:38.670911 sonic INFO featured[12268]:   File "/usr/local/bin/featured", line 529, in __init__
2025 Feb 11 02:52:38.670990 sonic INFO featured[12268]:     self.feature_handler = FeatureHandler(self.config_db, feature_state_table, self.device_config, self.advanced_boot)
2025 Feb 11 02:52:38.671029 sonic INFO featured[12268]:                            ^^^^^^^^^^^^^^^^^^^^^^^^^^^^^^^^^^^^^^^^^^^^^^^^^^^^^^^^^^^^^^^^^^^^^^^^^^^^^^^^^^^^^^^^^^^
2025 Feb 11 02:52:38.671046 sonic INFO featured[12268]:   File "/usr/local/bin/featured", line 136, in __init__
2025 Feb 11 02:52:38.671069 sonic INFO featured[12268]:     self._device_running_config = device_info.get_device_runtime_metadata()
2025 Feb 11 02:52:38.671092 sonic INFO featured[12268]:                                   ^^^^^^^^^^^^^^^^^^^^^^^^^^^^^^^^^^^^^^^^^
2025 Feb 11 02:52:38.671118 sonic INFO featured[12268]:   File "/usr/local/lib/python3.11/dist-packages/sonic_py_common/device_info.py", line 680, in get_device_runtime_metadata
2025 Feb 11 02:52:38.671232 sonic INFO featured[12268]:     port_metadata = {'ETHERNET_PORTS_PRESENT': True if get_path_to_port_config_file(hwsku=None, asic="0" if is_multi_npu() else None) else False}
2025 Feb 11 02:52:38.671273 sonic INFO featured[12268]:                                                        ^^^^^^^^^^^^^^^^^^^^^^^^^^^^^^^^^^^^^^^^^^^^^^^^^^^^^^^^^^^^^^^^^^^^^^^^^^^^^^
2025 Feb 11 02:52:38.671289 sonic INFO featured[12268]:   File "/usr/local/lib/python3.11/dist-packages/sonic_py_common/device_info.py", line 446, in get_path_to_port_config_file
2025 Feb 11 02:52:38.671354 sonic INFO featured[12268]:     (platform_path, hwsku_path) = get_paths_to_platform_and_hwsku_dirs()
2025 Feb 11 02:52:38.671386 sonic INFO featured[12268]:                                   ^^^^^^^^^^^^^^^^^^^^^^^^^^^^^^^^^^^^^^
2025 Feb 11 02:52:38.671404 sonic INFO featured[12268]:   File "/usr/local/lib/python3.11/dist-packages/sonic_py_common/device_info.py", line 412, in get_paths_to_platform_and_hwsku_dirs
2025 Feb 11 02:52:38.671460 sonic INFO featured[12268]:     hwsku_path = os.path.join(platform_path, hwsku)
2025 Feb 11 02:52:38.671493 sonic INFO featured[12268]:                  ^^^^^^^^^^^^^^^^^^^^^^^^^^^^^^^^^^
2025 Feb 11 02:52:38.671510 sonic INFO featured[12268]:   File "<frozen posixpath>", line 90, in join
2025 Feb 11 02:52:38.671526 sonic INFO featured[12268]:   File "<frozen genericpath>", line 152, in _check_arg_types
2025 Feb 11 02:52:38.671543 sonic INFO featured[12268]: TypeError: join() argument must be str, bytes, or os.PathLike object, not 'NoneType'
2025 Feb 11 02:52:38.689922 sonic NOTICE systemd[1]: featured.service: Main process exited, code=exited, status=1/FAILURE
2025 Feb 11 02:52:38.690047 sonic WARNING systemd[1]: featured.service: Failed with result 'exit-code'.
2025 Feb 11 02:52:38.735996 sonic INFO systemd[1]: Started featured.service - Feature configuration daemon.
2025 Feb 11 02:52:38.888128 sonic INFO featured: ConfigDB connect success
2025 Feb 11 02:52:38.892258 sonic INFO featured[12269]: Traceback (most recent call last):
2025 Feb 11 02:52:38.892304 sonic INFO featured[12269]:   File "/usr/local/bin/featured", line 598, in <module>
2025 Feb 11 02:52:38.892499 sonic INFO featured[12269]:     main()
2025 Feb 11 02:52:38.892540 sonic INFO featured[12269]:   File "/usr/local/bin/featured", line 591, in main
2025 Feb 11 02:52:38.893065 sonic INFO featured[12269]:     daemon = FeatureDaemon()
2025 Feb 11 02:52:38.894138 sonic INFO featured[12269]:              ^^^^^^^^^^^^^^^
2025 Feb 11 02:52:38.894324 sonic INFO featured[12269]:   File "/usr/local/bin/featured", line 529, in __init__
2025 Feb 11 02:52:38.895498 sonic INFO featured[12269]:     self.feature_handler = FeatureHandler(self.config_db, feature_state_table, self.device_config, self.advanced_boot)
2025 Feb 11 02:52:38.895629 sonic INFO featured[12269]:                            ^^^^^^^^^^^^^^^^^^^^^^^^^^^^^^^^^^^^^^^^^^^^^^^^^^^^^^^^^^^^^^^^^^^^^^^^^^^^^^^^^^^^^^^^^^^
2025 Feb 11 02:52:38.895669 sonic INFO featured[12269]:   File "/usr/local/bin/featured", line 136, in __init__
2025 Feb 11 02:52:38.895822 sonic INFO featured[12269]:     self._device_running_config = device_info.get_device_runtime_metadata()
2025 Feb 11 02:52:38.895938 sonic INFO featured[12269]:                                   ^^^^^^^^^^^^^^^^^^^^^^^^^^^^^^^^^^^^^^^^^
2025 Feb 11 02:52:38.895978 sonic INFO featured[12269]:   File "/usr/local/lib/python3.11/dist-packages/sonic_py_common/device_info.py", line 680, in get_device_runtime_metadata
2025 Feb 11 02:52:38.896209 sonic INFO featured[12269]:     port_metadata = {'ETHERNET_PORTS_PRESENT': True if get_path_to_port_config_file(hwsku=None, asic="0" if is_multi_npu() else None) else False}
2025 Feb 11 02:52:38.896329 sonic INFO featured[12269]:                                                        ^^^^^^^^^^^^^^^^^^^^^^^^^^^^^^^^^^^^^^^^^^^^^^^^^^^^^^^^^^^^^^^^^^^^^^^^^^^^^^
2025 Feb 11 02:52:38.896383 sonic INFO featured[12269]:   File "/usr/local/lib/python3.11/dist-packages/sonic_py_common/device_info.py", line 446, in get_path_to_port_config_file
2025 Feb 11 02:52:38.896551 sonic INFO featured[12269]:     (platform_path, hwsku_path) = get_paths_to_platform_and_hwsku_dirs()
2025 Feb 11 02:52:38.896597 sonic INFO featured[12269]:                                   ^^^^^^^^^^^^^^^^^^^^^^^^^^^^^^^^^^^^^^
2025 Feb 11 02:52:38.896616 sonic INFO featured[12269]:   File "/usr/local/lib/python3.11/dist-packages/sonic_py_common/device_info.py", line 412, in get_paths_to_platform_and_hwsku_dirs
2025 Feb 11 02:52:38.896720 sonic INFO featured[12269]:     hwsku_path = os.path.join(platform_path, hwsku)
2025 Feb 11 02:52:38.896806 sonic INFO featured[12269]:                  ^^^^^^^^^^^^^^^^^^^^^^^^^^^^^^^^^^
2025 Feb 11 02:52:38.896859 sonic INFO featured[12269]:   File "<frozen posixpath>", line 90, in join
2025 Feb 11 02:52:38.896953 sonic INFO featured[12269]:   File "<frozen genericpath>", line 152, in _check_arg_types
2025 Feb 11 02:52:38.897076 sonic INFO featured[12269]: TypeError: join() argument must be str, bytes, or os.PathLike object, not 'NoneType'
2025 Feb 11 02:52:38.941106 sonic NOTICE systemd[1]: featured.service: Main process exited, code=exited, status=1/FAILURE
2025 Feb 11 02:52:38.941237 sonic WARNING systemd[1]: featured.service: Failed with result 'exit-code'.
2025 Feb 11 02:52:38.979200 sonic INFO systemd[1]: Started featured.service - Feature configuration daemon.
2025 Feb 11 02:52:39.112312 sonic INFO featured: ConfigDB connect success
2025 Feb 11 02:52:39.116382 sonic INFO featured[12270]: Traceback (most recent call last):
2025 Feb 11 02:52:39.116473 sonic INFO featured[12270]:   File "/usr/local/bin/featured", line 598, in <module>
2025 Feb 11 02:52:39.116536 sonic INFO featured[12270]:     main()
2025 Feb 11 02:52:39.116600 sonic INFO featured[12270]:   File "/usr/local/bin/featured", line 591, in main
2025 Feb 11 02:52:39.116800 sonic INFO featured[12270]:     daemon = FeatureDaemon()
2025 Feb 11 02:52:39.116879 sonic INFO featured[12270]:              ^^^^^^^^^^^^^^^
2025 Feb 11 02:52:39.116926 sonic INFO featured[12270]:   File "/usr/local/bin/featured", line 529, in __init__
2025 Feb 11 02:52:39.117049 sonic INFO featured[12270]:     self.feature_handler = FeatureHandler(self.config_db, feature_state_table, self.device_config, self.advanced_boot)
2025 Feb 11 02:52:39.117113 sonic INFO featured[12270]:                            ^^^^^^^^^^^^^^^^^^^^^^^^^^^^^^^^^^^^^^^^^^^^^^^^^^^^^^^^^^^^^^^^^^^^^^^^^^^^^^^^^^^^^^^^^^^
2025 Feb 11 02:52:39.117160 sonic INFO featured[12270]:   File "/usr/local/bin/featured", line 136, in __init__
2025 Feb 11 02:52:39.117211 sonic INFO featured[12270]:     self._device_running_config = device_info.get_device_runtime_metadata()
2025 Feb 11 02:52:39.117263 sonic INFO featured[12270]:                                   ^^^^^^^^^^^^^^^^^^^^^^^^^^^^^^^^^^^^^^^^^
2025 Feb 11 02:52:39.117350 sonic INFO featured[12270]:   File "/usr/local/lib/python3.11/dist-packages/sonic_py_common/device_info.py", line 680, in get_device_runtime_metadata
2025 Feb 11 02:52:39.117443 sonic INFO featured[12270]:     port_metadata = {'ETHERNET_PORTS_PRESENT': True if get_path_to_port_config_file(hwsku=None, asic="0" if is_multi_npu() else None) else False}
2025 Feb 11 02:52:39.117688 sonic INFO featured[12270]:                                                        ^^^^^^^^^^^^^^^^^^^^^^^^^^^^^^^^^^^^^^^^^^^^^^^^^^^^^^^^^^^^^^^^^^^^^^^^^^^^^^
2025 Feb 11 02:52:39.117733 sonic INFO featured[12270]:   File "/usr/local/lib/python3.11/dist-packages/sonic_py_common/device_info.py", line 446, in get_path_to_port_config_file
2025 Feb 11 02:52:39.117900 sonic INFO featured[12270]:     (platform_path, hwsku_path) = get_paths_to_platform_and_hwsku_dirs()
2025 Feb 11 02:52:39.117943 sonic INFO featured[12270]:                                   ^^^^^^^^^^^^^^^^^^^^^^^^^^^^^^^^^^^^^^
2025 Feb 11 02:52:39.117960 sonic INFO featured[12270]:   File "/usr/local/lib/python3.11/dist-packages/sonic_py_common/device_info.py", line 412, in get_paths_to_platform_and_hwsku_dirs
2025 Feb 11 02:52:39.118070 sonic INFO featured[12270]:     hwsku_path = os.path.join(platform_path, hwsku)
2025 Feb 11 02:52:39.118105 sonic INFO featured[12270]:                  ^^^^^^^^^^^^^^^^^^^^^^^^^^^^^^^^^^
2025 Feb 11 02:52:39.118128 sonic INFO featured[12270]:   File "<frozen posixpath>", line 90, in join
2025 Feb 11 02:52:39.118150 sonic INFO featured[12270]:   File "<frozen genericpath>", line 152, in _check_arg_types
2025 Feb 11 02:52:39.118179 sonic INFO featured[12270]: TypeError: join() argument must be str, bytes, or os.PathLike object, not 'NoneType'
2025 Feb 11 02:52:39.136095 sonic NOTICE systemd[1]: featured.service: Main process exited, code=exited, status=1/FAILURE
2025 Feb 11 02:52:39.136231 sonic WARNING systemd[1]: featured.service: Failed with result 'exit-code'.
2025 Feb 11 02:52:39.162548 sonic INFO systemd[1]: Started featured.service - Feature configuration daemon.
2025 Feb 11 02:52:39.290635 sonic INFO featured: ConfigDB connect success
2025 Feb 11 02:52:39.294707 sonic INFO featured[12273]: Traceback (most recent call last):
2025 Feb 11 02:52:39.294766 sonic INFO featured[12273]:   File "/usr/local/bin/featured", line 598, in <module>
2025 Feb 11 02:52:39.294892 sonic INFO featured[12273]:     main()
2025 Feb 11 02:52:39.294930 sonic INFO featured[12273]:   File "/usr/local/bin/featured", line 591, in main
2025 Feb 11 02:52:39.295047 sonic INFO featured[12273]:     daemon = FeatureDaemon()
2025 Feb 11 02:52:39.295086 sonic INFO featured[12273]:              ^^^^^^^^^^^^^^^
2025 Feb 11 02:52:39.295103 sonic INFO featured[12273]:   File "/usr/local/bin/featured", line 529, in __init__
2025 Feb 11 02:52:39.295173 sonic INFO featured[12273]:     self.feature_handler = FeatureHandler(self.config_db, feature_state_table, self.device_config, self.advanced_boot)
2025 Feb 11 02:52:39.295211 sonic INFO featured[12273]:                            ^^^^^^^^^^^^^^^^^^^^^^^^^^^^^^^^^^^^^^^^^^^^^^^^^^^^^^^^^^^^^^^^^^^^^^^^^^^^^^^^^^^^^^^^^^^
2025 Feb 11 02:52:39.295229 sonic INFO featured[12273]:   File "/usr/local/bin/featured", line 136, in __init__
2025 Feb 11 02:52:39.295267 sonic INFO featured[12273]:     self._device_running_config = device_info.get_device_runtime_metadata()
2025 Feb 11 02:52:39.295300 sonic INFO featured[12273]:                                   ^^^^^^^^^^^^^^^^^^^^^^^^^^^^^^^^^^^^^^^^^
2025 Feb 11 02:52:39.295317 sonic INFO featured[12273]:   File "/usr/local/lib/python3.11/dist-packages/sonic_py_common/device_info.py", line 680, in get_device_runtime_metadata
2025 Feb 11 02:52:39.295430 sonic INFO featured[12273]:     port_metadata = {'ETHERNET_PORTS_PRESENT': True if get_path_to_port_config_file(hwsku=None, asic="0" if is_multi_npu() else None) else False}
2025 Feb 11 02:52:39.295468 sonic INFO featured[12273]:                                                        ^^^^^^^^^^^^^^^^^^^^^^^^^^^^^^^^^^^^^^^^^^^^^^^^^^^^^^^^^^^^^^^^^^^^^^^^^^^^^^
2025 Feb 11 02:52:39.295493 sonic INFO featured[12273]:   File "/usr/local/lib/python3.11/dist-packages/sonic_py_common/device_info.py", line 446, in get_path_to_port_config_file
2025 Feb 11 02:52:39.295550 sonic INFO featured[12273]:     (platform_path, hwsku_path) = get_paths_to_platform_and_hwsku_dirs()
2025 Feb 11 02:52:39.295582 sonic INFO featured[12273]:                                   ^^^^^^^^^^^^^^^^^^^^^^^^^^^^^^^^^^^^^^
2025 Feb 11 02:52:39.295602 sonic INFO featured[12273]:   File "/usr/local/lib/python3.11/dist-packages/sonic_py_common/device_info.py", line 412, in get_paths_to_platform_and_hwsku_dirs
2025 Feb 11 02:52:39.295655 sonic INFO featured[12273]:     hwsku_path = os.path.join(platform_path, hwsku)
2025 Feb 11 02:52:39.295688 sonic INFO featured[12273]:                  ^^^^^^^^^^^^^^^^^^^^^^^^^^^^^^^^^^
2025 Feb 11 02:52:39.295704 sonic INFO featured[12273]:   File "<frozen posixpath>", line 90, in join
2025 Feb 11 02:52:39.295729 sonic INFO featured[12273]:   File "<frozen genericpath>", line 152, in _check_arg_types
2025 Feb 11 02:52:39.295766 sonic INFO featured[12273]: TypeError: join() argument must be str, bytes, or os.PathLike object, not 'NoneType'
2025 Feb 11 02:52:39.313459 sonic NOTICE systemd[1]: featured.service: Main process exited, code=exited, status=1/FAILURE
2025 Feb 11 02:52:39.313611 sonic WARNING systemd[1]: featured.service: Failed with result 'exit-code'.
2025 Feb 11 02:52:39.315041 sonic WARNING systemd[1]: featured.service: Start request repeated too quickly.
2025 Feb 11 02:52:39.315093 sonic WARNING systemd[1]: featured.service: Failed with result 'exit-code'.
2025 Feb 11 02:52:39.315118 sonic ERR systemd[1]: Failed to start featured.service - Feature configuration daemon.
2025 Feb 11 02:52:48.277921 sonic WARNING systemd[1]: featured.service: Start request repeated too quickly.
2025 Feb 11 02:52:48.278170 sonic WARNING systemd[1]: featured.service: Failed with result 'exit-code'.
2025 Feb 11 02:52:48.278287 sonic ERR systemd[1]: Failed to start featured.service - Feature configuration daemon.
2025 Feb 11 02:52:48.527442 sonic INFO systemd[1]: caclmgrd.service: Scheduled restart job, restart counter is at 51.
2025 Feb 11 02:52:48.527696 sonic INFO systemd[1]: Stopped caclmgrd.service - Control Plane ACL configuration daemon.
2025 Feb 11 02:52:48.566345 sonic INFO systemd[1]: Started caclmgrd.service - Control Plane ACL configuration daemon.
2025 Feb 11 02:52:48.568672 sonic INFO systemd[1]: Started featured.service - Feature configuration daemon.
2025 Feb 11 02:52:48.680701 sonic INFO caclmgrd[12292]: Traceback (most recent call last):
2025 Feb 11 02:52:48.680841 sonic INFO caclmgrd[12292]:   File "/usr/local/bin/caclmgrd", line 1146, in <module>
2025 Feb 11 02:52:48.680924 sonic INFO caclmgrd[12292]:     main()
2025 Feb 11 02:52:48.680977 sonic INFO caclmgrd[12292]:   File "/usr/local/bin/caclmgrd", line 1137, in main
2025 Feb 11 02:52:48.681019 sonic INFO caclmgrd[12292]:     caclmgr = ControlPlaneAclManager(SYSLOG_IDENTIFIER)
2025 Feb 11 02:52:48.681062 sonic INFO caclmgrd[12292]:               ^^^^^^^^^^^^^^^^^^^^^^^^^^^^^^^^^^^^^^^^^
2025 Feb 11 02:52:48.681110 sonic INFO caclmgrd[12292]:   File "/usr/local/bin/caclmgrd", line 156, in __init__
2025 Feb 11 02:52:48.681166 sonic INFO caclmgrd[12292]:     if 'subtype' in metadata['localhost'] and metadata['localhost']['subtype'] == 'DualToR':
2025 Feb 11 02:52:48.681209 sonic INFO caclmgrd[12292]:                     ~~~~~~~~^^^^^^^^^^^^^
2025 Feb 11 02:52:48.681259 sonic INFO caclmgrd[12292]: KeyError: 'localhost'
2025 Feb 11 02:52:48.693324 sonic NOTICE systemd[1]: caclmgrd.service: Main process exited, code=exited, status=1/FAILURE
2025 Feb 11 02:52:48.693413 sonic WARNING systemd[1]: caclmgrd.service: Failed with result 'exit-code'.
2025 Feb 11 02:52:48.703300 sonic INFO featured: ConfigDB connect success
2025 Feb 11 02:52:48.707330 sonic INFO featured[12293]: Traceback (most recent call last):
2025 Feb 11 02:52:48.707385 sonic INFO featured[12293]:   File "/usr/local/bin/featured", line 598, in <module>
2025 Feb 11 02:52:48.707487 sonic INFO featured[12293]:     main()
2025 Feb 11 02:52:48.707525 sonic INFO featured[12293]:   File "/usr/local/bin/featured", line 591, in main
2025 Feb 11 02:52:48.707646 sonic INFO featured[12293]:     daemon = FeatureDaemon()
2025 Feb 11 02:52:48.707685 sonic INFO featured[12293]:              ^^^^^^^^^^^^^^^
2025 Feb 11 02:52:48.707702 sonic INFO featured[12293]:   File "/usr/local/bin/featured", line 529, in __init__
2025 Feb 11 02:52:48.707809 sonic INFO featured[12293]:     self.feature_handler = FeatureHandler(self.config_db, feature_state_table, self.device_config, self.advanced_boot)
2025 Feb 11 02:52:48.707847 sonic INFO featured[12293]:                            ^^^^^^^^^^^^^^^^^^^^^^^^^^^^^^^^^^^^^^^^^^^^^^^^^^^^^^^^^^^^^^^^^^^^^^^^^^^^^^^^^^^^^^^^^^^
2025 Feb 11 02:52:48.707864 sonic INFO featured[12293]:   File "/usr/local/bin/featured", line 136, in __init__
2025 Feb 11 02:52:48.707896 sonic INFO featured[12293]:     self._device_running_config = device_info.get_device_runtime_metadata()
2025 Feb 11 02:52:48.707927 sonic INFO featured[12293]:                                   ^^^^^^^^^^^^^^^^^^^^^^^^^^^^^^^^^^^^^^^^^
2025 Feb 11 02:52:48.707952 sonic INFO featured[12293]:   File "/usr/local/lib/python3.11/dist-packages/sonic_py_common/device_info.py", line 680, in get_device_runtime_metadata
2025 Feb 11 02:52:48.708035 sonic INFO featured[12293]:     port_metadata = {'ETHERNET_PORTS_PRESENT': True if get_path_to_port_config_file(hwsku=None, asic="0" if is_multi_npu() else None) else False}
2025 Feb 11 02:52:48.708105 sonic INFO featured[12293]:                                                        ^^^^^^^^^^^^^^^^^^^^^^^^^^^^^^^^^^^^^^^^^^^^^^^^^^^^^^^^^^^^^^^^^^^^^^^^^^^^^^
2025 Feb 11 02:52:48.708132 sonic INFO featured[12293]:   File "/usr/local/lib/python3.11/dist-packages/sonic_py_common/device_info.py", line 446, in get_path_to_port_config_file
2025 Feb 11 02:52:48.708187 sonic INFO featured[12293]:     (platform_path, hwsku_path) = get_paths_to_platform_and_hwsku_dirs()
2025 Feb 11 02:52:48.708218 sonic INFO featured[12293]:                                   ^^^^^^^^^^^^^^^^^^^^^^^^^^^^^^^^^^^^^^
2025 Feb 11 02:52:48.708243 sonic INFO featured[12293]:   File "/usr/local/lib/python3.11/dist-packages/sonic_py_common/device_info.py", line 412, in get_paths_to_platform_and_hwsku_dirs
2025 Feb 11 02:52:48.708295 sonic INFO featured[12293]:     hwsku_path = os.path.join(platform_path, hwsku)
2025 Feb 11 02:52:48.708327 sonic INFO featured[12293]:                  ^^^^^^^^^^^^^^^^^^^^^^^^^^^^^^^^^^
2025 Feb 11 02:52:48.708352 sonic INFO featured[12293]:   File "<frozen posixpath>", line 90, in join
2025 Feb 11 02:52:48.708376 sonic INFO featured[12293]:   File "<frozen genericpath>", line 152, in _check_arg_types
2025 Feb 11 02:52:48.708405 sonic INFO featured[12293]: TypeError: join() argument must be str, bytes, or os.PathLike object, not 'NoneType'
2025 Feb 11 02:52:48.726200 sonic NOTICE systemd[1]: featured.service: Main process exited, code=exited, status=1/FAILURE
2025 Feb 11 02:52:48.726330 sonic WARNING systemd[1]: featured.service: Failed with result 'exit-code'.
2025 Feb 11 02:52:48.768499 sonic INFO systemd[1]: Started featured.service - Feature configuration daemon.
2025 Feb 11 02:52:48.911198 sonic INFO featured: ConfigDB connect success
2025 Feb 11 02:52:48.918144 sonic INFO featured[12302]: Traceback (most recent call last):
2025 Feb 11 02:52:48.918215 sonic INFO featured[12302]:   File "/usr/local/bin/featured", line 598, in <module>
2025 Feb 11 02:52:48.918302 sonic INFO featured[12302]:     main()
2025 Feb 11 02:52:48.918348 sonic INFO featured[12302]:   File "/usr/local/bin/featured", line 591, in main
2025 Feb 11 02:52:48.918470 sonic INFO featured[12302]:     daemon = FeatureDaemon()
2025 Feb 11 02:52:48.918508 sonic INFO featured[12302]:              ^^^^^^^^^^^^^^^
2025 Feb 11 02:52:48.918530 sonic INFO featured[12302]:   File "/usr/local/bin/featured", line 529, in __init__
2025 Feb 11 02:52:48.918589 sonic INFO featured[12302]:     self.feature_handler = FeatureHandler(self.config_db, feature_state_table, self.device_config, self.advanced_boot)
2025 Feb 11 02:52:48.918623 sonic INFO featured[12302]:                            ^^^^^^^^^^^^^^^^^^^^^^^^^^^^^^^^^^^^^^^^^^^^^^^^^^^^^^^^^^^^^^^^^^^^^^^^^^^^^^^^^^^^^^^^^^^
2025 Feb 11 02:52:48.918645 sonic INFO featured[12302]:   File "/usr/local/bin/featured", line 136, in __init__
2025 Feb 11 02:52:48.918694 sonic INFO featured[12302]:     self._device_running_config = device_info.get_device_runtime_metadata()
2025 Feb 11 02:52:48.918742 sonic INFO featured[12302]:                                   ^^^^^^^^^^^^^^^^^^^^^^^^^^^^^^^^^^^^^^^^^
2025 Feb 11 02:52:48.918768 sonic INFO featured[12302]:   File "/usr/local/lib/python3.11/dist-packages/sonic_py_common/device_info.py", line 680, in get_device_runtime_metadata
2025 Feb 11 02:52:48.918904 sonic INFO featured[12302]:     port_metadata = {'ETHERNET_PORTS_PRESENT': True if get_path_to_port_config_file(hwsku=None, asic="0" if is_multi_npu() else None) else False}
2025 Feb 11 02:52:48.918943 sonic INFO featured[12302]:                                                        ^^^^^^^^^^^^^^^^^^^^^^^^^^^^^^^^^^^^^^^^^^^^^^^^^^^^^^^^^^^^^^^^^^^^^^^^^^^^^^
2025 Feb 11 02:52:48.918960 sonic INFO featured[12302]:   File "/usr/local/lib/python3.11/dist-packages/sonic_py_common/device_info.py", line 446, in get_path_to_port_config_file
2025 Feb 11 02:52:48.919032 sonic INFO featured[12302]:     (platform_path, hwsku_path) = get_paths_to_platform_and_hwsku_dirs()
2025 Feb 11 02:52:48.919064 sonic INFO featured[12302]:                                   ^^^^^^^^^^^^^^^^^^^^^^^^^^^^^^^^^^^^^^
2025 Feb 11 02:52:48.919093 sonic INFO featured[12302]:   File "/usr/local/lib/python3.11/dist-packages/sonic_py_common/device_info.py", line 412, in get_paths_to_platform_and_hwsku_dirs
2025 Feb 11 02:52:48.919144 sonic INFO featured[12302]:     hwsku_path = os.path.join(platform_path, hwsku)
2025 Feb 11 02:52:48.919178 sonic INFO featured[12302]:                  ^^^^^^^^^^^^^^^^^^^^^^^^^^^^^^^^^^
2025 Feb 11 02:52:48.919203 sonic INFO featured[12302]:   File "<frozen posixpath>", line 90, in join
2025 Feb 11 02:52:48.919227 sonic INFO featured[12302]:   File "<frozen genericpath>", line 152, in _check_arg_types
2025 Feb 11 02:52:48.919251 sonic INFO featured[12302]: TypeError: join() argument must be str, bytes, or os.PathLike object, not 'NoneType'
2025 Feb 11 02:52:48.939006 sonic NOTICE systemd[1]: featured.service: Main process exited, code=exited, status=1/FAILURE
2025 Feb 11 02:52:48.939164 sonic WARNING systemd[1]: featured.service: Failed with result 'exit-code'.
2025 Feb 11 02:52:48.979190 sonic INFO systemd[1]: Started featured.service - Feature configuration daemon.
2025 Feb 11 02:52:49.109103 sonic INFO featured: ConfigDB connect success
2025 Feb 11 02:52:49.113061 sonic INFO featured[12303]: Traceback (most recent call last):
2025 Feb 11 02:52:49.113125 sonic INFO featured[12303]:   File "/usr/local/bin/featured", line 598, in <module>
2025 Feb 11 02:52:49.113192 sonic INFO featured[12303]:     main()
2025 Feb 11 02:52:49.113229 sonic INFO featured[12303]:   File "/usr/local/bin/featured", line 591, in main
2025 Feb 11 02:52:49.113355 sonic INFO featured[12303]:     daemon = FeatureDaemon()
2025 Feb 11 02:52:49.113395 sonic INFO featured[12303]:              ^^^^^^^^^^^^^^^
2025 Feb 11 02:52:49.113411 sonic INFO featured[12303]:   File "/usr/local/bin/featured", line 529, in __init__
2025 Feb 11 02:52:49.113530 sonic INFO featured[12303]:     self.feature_handler = FeatureHandler(self.config_db, feature_state_table, self.device_config, self.advanced_boot)
2025 Feb 11 02:52:49.113581 sonic INFO featured[12303]:                            ^^^^^^^^^^^^^^^^^^^^^^^^^^^^^^^^^^^^^^^^^^^^^^^^^^^^^^^^^^^^^^^^^^^^^^^^^^^^^^^^^^^^^^^^^^^
2025 Feb 11 02:52:49.113608 sonic INFO featured[12303]:   File "/usr/local/bin/featured", line 136, in __init__
2025 Feb 11 02:52:49.113638 sonic INFO featured[12303]:     self._device_running_config = device_info.get_device_runtime_metadata()
2025 Feb 11 02:52:49.113669 sonic INFO featured[12303]:                                   ^^^^^^^^^^^^^^^^^^^^^^^^^^^^^^^^^^^^^^^^^
2025 Feb 11 02:52:49.113695 sonic INFO featured[12303]:   File "/usr/local/lib/python3.11/dist-packages/sonic_py_common/device_info.py", line 680, in get_device_runtime_metadata
2025 Feb 11 02:52:49.113815 sonic INFO featured[12303]:     port_metadata = {'ETHERNET_PORTS_PRESENT': True if get_path_to_port_config_file(hwsku=None, asic="0" if is_multi_npu() else None) else False}
2025 Feb 11 02:52:49.113886 sonic INFO featured[12303]:                                                        ^^^^^^^^^^^^^^^^^^^^^^^^^^^^^^^^^^^^^^^^^^^^^^^^^^^^^^^^^^^^^^^^^^^^^^^^^^^^^^
2025 Feb 11 02:52:49.113913 sonic INFO featured[12303]:   File "/usr/local/lib/python3.11/dist-packages/sonic_py_common/device_info.py", line 446, in get_path_to_port_config_file
2025 Feb 11 02:52:49.113944 sonic INFO featured[12303]:     (platform_path, hwsku_path) = get_paths_to_platform_and_hwsku_dirs()
2025 Feb 11 02:52:49.113969 sonic INFO featured[12303]:                                   ^^^^^^^^^^^^^^^^^^^^^^^^^^^^^^^^^^^^^^
2025 Feb 11 02:52:49.113993 sonic INFO featured[12303]:   File "/usr/local/lib/python3.11/dist-packages/sonic_py_common/device_info.py", line 412, in get_paths_to_platform_and_hwsku_dirs
2025 Feb 11 02:52:49.114022 sonic INFO featured[12303]:     hwsku_path = os.path.join(platform_path, hwsku)
2025 Feb 11 02:52:49.114055 sonic INFO featured[12303]:                  ^^^^^^^^^^^^^^^^^^^^^^^^^^^^^^^^^^
2025 Feb 11 02:52:49.114081 sonic INFO featured[12303]:   File "<frozen posixpath>", line 90, in join
2025 Feb 11 02:52:49.114105 sonic INFO featured[12303]:   File "<frozen genericpath>", line 152, in _check_arg_types
2025 Feb 11 02:52:49.114129 sonic INFO featured[12303]: TypeError: join() argument must be str, bytes, or os.PathLike object, not 'NoneType'
2025 Feb 11 02:52:49.131921 sonic NOTICE systemd[1]: featured.service: Main process exited, code=exited, status=1/FAILURE
2025 Feb 11 02:52:49.132053 sonic WARNING systemd[1]: featured.service: Failed with result 'exit-code'.
2025 Feb 11 02:52:49.170955 sonic INFO systemd[1]: Started featured.service - Feature configuration daemon.
2025 Feb 11 02:52:49.302623 sonic INFO featured: ConfigDB connect success
2025 Feb 11 02:52:49.306659 sonic INFO featured[12304]: Traceback (most recent call last):
2025 Feb 11 02:52:49.306743 sonic INFO featured[12304]:   File "/usr/local/bin/featured", line 598, in <module>
2025 Feb 11 02:52:49.306830 sonic INFO featured[12304]:     main()
2025 Feb 11 02:52:49.306870 sonic INFO featured[12304]:   File "/usr/local/bin/featured", line 591, in main
2025 Feb 11 02:52:49.306991 sonic INFO featured[12304]:     daemon = FeatureDaemon()
2025 Feb 11 02:52:49.307032 sonic INFO featured[12304]:              ^^^^^^^^^^^^^^^
2025 Feb 11 02:52:49.307049 sonic INFO featured[12304]:   File "/usr/local/bin/featured", line 529, in __init__
2025 Feb 11 02:52:49.307132 sonic INFO featured[12304]:     self.feature_handler = FeatureHandler(self.config_db, feature_state_table, self.device_config, self.advanced_boot)
2025 Feb 11 02:52:49.307170 sonic INFO featured[12304]:                            ^^^^^^^^^^^^^^^^^^^^^^^^^^^^^^^^^^^^^^^^^^^^^^^^^^^^^^^^^^^^^^^^^^^^^^^^^^^^^^^^^^^^^^^^^^^
2025 Feb 11 02:52:49.307187 sonic INFO featured[12304]:   File "/usr/local/bin/featured", line 136, in __init__
2025 Feb 11 02:52:49.307224 sonic INFO featured[12304]:     self._device_running_config = device_info.get_device_runtime_metadata()
2025 Feb 11 02:52:49.307257 sonic INFO featured[12304]:                                   ^^^^^^^^^^^^^^^^^^^^^^^^^^^^^^^^^^^^^^^^^
2025 Feb 11 02:52:49.307273 sonic INFO featured[12304]:   File "/usr/local/lib/python3.11/dist-packages/sonic_py_common/device_info.py", line 680, in get_device_runtime_metadata
2025 Feb 11 02:52:49.307393 sonic INFO featured[12304]:     port_metadata = {'ETHERNET_PORTS_PRESENT': True if get_path_to_port_config_file(hwsku=None, asic="0" if is_multi_npu() else None) else False}
2025 Feb 11 02:52:49.307432 sonic INFO featured[12304]:                                                        ^^^^^^^^^^^^^^^^^^^^^^^^^^^^^^^^^^^^^^^^^^^^^^^^^^^^^^^^^^^^^^^^^^^^^^^^^^^^^^
2025 Feb 11 02:52:49.307448 sonic INFO featured[12304]:   File "/usr/local/lib/python3.11/dist-packages/sonic_py_common/device_info.py", line 446, in get_path_to_port_config_file
2025 Feb 11 02:52:49.307513 sonic INFO featured[12304]:     (platform_path, hwsku_path) = get_paths_to_platform_and_hwsku_dirs()
2025 Feb 11 02:52:49.307545 sonic INFO featured[12304]:                                   ^^^^^^^^^^^^^^^^^^^^^^^^^^^^^^^^^^^^^^
2025 Feb 11 02:52:49.307562 sonic INFO featured[12304]:   File "/usr/local/lib/python3.11/dist-packages/sonic_py_common/device_info.py", line 412, in get_paths_to_platform_and_hwsku_dirs
2025 Feb 11 02:52:49.307619 sonic INFO featured[12304]:     hwsku_path = os.path.join(platform_path, hwsku)
2025 Feb 11 02:52:49.307652 sonic INFO featured[12304]:                  ^^^^^^^^^^^^^^^^^^^^^^^^^^^^^^^^^^
2025 Feb 11 02:52:49.307670 sonic INFO featured[12304]:   File "<frozen posixpath>", line 90, in join
2025 Feb 11 02:52:49.307695 sonic INFO featured[12304]:   File "<frozen genericpath>", line 152, in _check_arg_types
2025 Feb 11 02:52:49.307728 sonic INFO featured[12304]: TypeError: join() argument must be str, bytes, or os.PathLike object, not 'NoneType'
2025 Feb 11 02:52:49.325909 sonic NOTICE systemd[1]: featured.service: Main process exited, code=exited, status=1/FAILURE
2025 Feb 11 02:52:49.326019 sonic WARNING systemd[1]: featured.service: Failed with result 'exit-code'.
2025 Feb 11 02:52:49.354833 sonic INFO systemd[1]: Started featured.service - Feature configuration daemon.
2025 Feb 11 02:52:49.486082 sonic INFO featured: ConfigDB connect success
2025 Feb 11 02:52:49.490036 sonic INFO featured[12307]: Traceback (most recent call last):
2025 Feb 11 02:52:49.490097 sonic INFO featured[12307]:   File "/usr/local/bin/featured", line 598, in <module>
2025 Feb 11 02:52:49.490179 sonic INFO featured[12307]:     main()
2025 Feb 11 02:52:49.490219 sonic INFO featured[12307]:   File "/usr/local/bin/featured", line 591, in main
2025 Feb 11 02:52:49.490337 sonic INFO featured[12307]:     daemon = FeatureDaemon()
2025 Feb 11 02:52:49.490370 sonic INFO featured[12307]:              ^^^^^^^^^^^^^^^
2025 Feb 11 02:52:49.490392 sonic INFO featured[12307]:   File "/usr/local/bin/featured", line 529, in __init__
2025 Feb 11 02:52:49.490451 sonic INFO featured[12307]:     self.feature_handler = FeatureHandler(self.config_db, feature_state_table, self.device_config, self.advanced_boot)
2025 Feb 11 02:52:49.490500 sonic INFO featured[12307]:                            ^^^^^^^^^^^^^^^^^^^^^^^^^^^^^^^^^^^^^^^^^^^^^^^^^^^^^^^^^^^^^^^^^^^^^^^^^^^^^^^^^^^^^^^^^^^
2025 Feb 11 02:52:49.490527 sonic INFO featured[12307]:   File "/usr/local/bin/featured", line 136, in __init__
2025 Feb 11 02:52:49.490557 sonic INFO featured[12307]:     self._device_running_config = device_info.get_device_runtime_metadata()
2025 Feb 11 02:52:49.490588 sonic INFO featured[12307]:                                   ^^^^^^^^^^^^^^^^^^^^^^^^^^^^^^^^^^^^^^^^^
2025 Feb 11 02:52:49.490613 sonic INFO featured[12307]:   File "/usr/local/lib/python3.11/dist-packages/sonic_py_common/device_info.py", line 680, in get_device_runtime_metadata
2025 Feb 11 02:52:49.490732 sonic INFO featured[12307]:     port_metadata = {'ETHERNET_PORTS_PRESENT': True if get_path_to_port_config_file(hwsku=None, asic="0" if is_multi_npu() else None) else False}
2025 Feb 11 02:52:49.490778 sonic INFO featured[12307]:                                                        ^^^^^^^^^^^^^^^^^^^^^^^^^^^^^^^^^^^^^^^^^^^^^^^^^^^^^^^^^^^^^^^^^^^^^^^^^^^^^^
2025 Feb 11 02:52:49.490804 sonic INFO featured[12307]:   File "/usr/local/lib/python3.11/dist-packages/sonic_py_common/device_info.py", line 446, in get_path_to_port_config_file
2025 Feb 11 02:52:49.490863 sonic INFO featured[12307]:     (platform_path, hwsku_path) = get_paths_to_platform_and_hwsku_dirs()
2025 Feb 11 02:52:49.490895 sonic INFO featured[12307]:                                   ^^^^^^^^^^^^^^^^^^^^^^^^^^^^^^^^^^^^^^
2025 Feb 11 02:52:49.490921 sonic INFO featured[12307]:   File "/usr/local/lib/python3.11/dist-packages/sonic_py_common/device_info.py", line 412, in get_paths_to_platform_and_hwsku_dirs
2025 Feb 11 02:52:49.490972 sonic INFO featured[12307]:     hwsku_path = os.path.join(platform_path, hwsku)
2025 Feb 11 02:52:49.491004 sonic INFO featured[12307]:                  ^^^^^^^^^^^^^^^^^^^^^^^^^^^^^^^^^^
2025 Feb 11 02:52:49.491063 sonic INFO featured[12307]:   File "<frozen posixpath>", line 90, in join
2025 Feb 11 02:52:49.491091 sonic INFO featured[12307]:   File "<frozen genericpath>", line 152, in _check_arg_types
2025 Feb 11 02:52:49.491123 sonic INFO featured[12307]: TypeError: join() argument must be str, bytes, or os.PathLike object, not 'NoneType'
2025 Feb 11 02:52:49.509835 sonic NOTICE systemd[1]: featured.service: Main process exited, code=exited, status=1/FAILURE
2025 Feb 11 02:52:49.509969 sonic WARNING systemd[1]: featured.service: Failed with result 'exit-code'.
2025 Feb 11 02:52:49.511601 sonic WARNING systemd[1]: featured.service: Start request repeated too quickly.
2025 Feb 11 02:52:49.511672 sonic WARNING systemd[1]: featured.service: Failed with result 'exit-code'.
2025 Feb 11 02:52:49.511736 sonic ERR systemd[1]: Failed to start featured.service - Feature configuration daemon.
2025 Feb 11 02:52:54.838734 sonic ERR monit[828]: 'container_checker' status failed (4) -- Unexpected running containers: bgp3, bgp0, macsec0, bgp2, database3, database, eventd, database1, macsec2, bgp1, database2, macsec3, database0, macsec1
2025 Feb 11 02:52:54.966449 sonic DEBUG mgmt_oper_status.py: No management interface found
2025 Feb 11 02:52:55.101356 sonic WARNING systemd[1]: featured.service: Start request repeated too quickly.
2025 Feb 11 02:52:55.101526 sonic WARNING systemd[1]: featured.service: Failed with result 'exit-code'.
2025 Feb 11 02:52:55.101607 sonic ERR systemd[1]: Failed to start featured.service - Feature configuration daemon.
2025 Feb 11 02:52:55.103966 sonic WARNING systemd[1]: featured.service: Start request repeated too quickly.
2025 Feb 11 02:52:55.104041 sonic WARNING systemd[1]: featured.service: Failed with result 'exit-code'.
2025 Feb 11 02:52:55.104082 sonic ERR systemd[1]: Failed to start featured.service - Feature configuration daemon.
2025 Feb 11 02:52:55.106339 sonic WARNING systemd[1]: featured.service: Start request repeated too quickly.
2025 Feb 11 02:52:55.106408 sonic WARNING systemd[1]: featured.service: Failed with result 'exit-code'.
2025 Feb 11 02:52:55.106462 sonic ERR systemd[1]: Failed to start featured.service - Feature configuration daemon.
2025 Feb 11 02:52:55.133912 sonic WARNING systemd[1]: featured.service: Start request repeated too quickly.
2025 Feb 11 02:52:55.134039 sonic WARNING systemd[1]: featured.service: Failed with result 'exit-code'.
2025 Feb 11 02:52:55.134099 sonic ERR systemd[1]: Failed to start featured.service - Feature configuration daemon.
2025 Feb 11 02:52:55.135728 sonic WARNING systemd[1]: featured.service: Start request repeated too quickly.
2025 Feb 11 02:52:55.135799 sonic WARNING systemd[1]: featured.service: Failed with result 'exit-code'.
2025 Feb 11 02:52:55.135830 sonic ERR systemd[1]: Failed to start featured.service - Feature configuration daemon.
2025 Feb 11 02:52:55.151869 sonic INFO memory_checker: [memory_checker] Exits without checking memory usage since container 'snmp' is not running!
2025 Feb 11 02:52:55.165451 sonic INFO memory_checker: [memory_checker] Exits without checking memory usage since container 'bmp' is not running!
2025 Feb 11 02:52:55.186344 sonic INFO memory_checker: [memory_checker] Exits without checking memory usage since container 'gnmi' is not running!
2025 Feb 11 02:52:58.279087 sonic WARNING systemd[1]: featured.service: Start request repeated too quickly.
2025 Feb 11 02:52:58.279346 sonic WARNING systemd[1]: featured.service: Failed with result 'exit-code'.
2025 Feb 11 02:52:58.279419 sonic ERR systemd[1]: Failed to start featured.service - Feature configuration daemon.
2025 Feb 11 02:53:18.302832 sonic INFO systemd[1]: Started featured.service - Feature configuration daemon.
2025 Feb 11 02:53:18.464453 sonic INFO featured: ConfigDB connect success
2025 Feb 11 02:53:18.468342 sonic INFO featured[12410]: Traceback (most recent call last):
2025 Feb 11 02:53:18.468414 sonic INFO featured[12410]:   File "/usr/local/bin/featured", line 598, in <module>
2025 Feb 11 02:53:18.468471 sonic INFO featured[12410]:     main()
2025 Feb 11 02:53:18.468506 sonic INFO featured[12410]:   File "/usr/local/bin/featured", line 591, in main
2025 Feb 11 02:53:18.468678 sonic INFO featured[12410]:     daemon = FeatureDaemon()
2025 Feb 11 02:53:18.468711 sonic INFO featured[12410]:              ^^^^^^^^^^^^^^^
2025 Feb 11 02:53:18.468732 sonic INFO featured[12410]:   File "/usr/local/bin/featured", line 529, in __init__
2025 Feb 11 02:53:18.468815 sonic INFO featured[12410]:     self.feature_handler = FeatureHandler(self.config_db, feature_state_table, self.device_config, self.advanced_boot)
2025 Feb 11 02:53:18.468854 sonic INFO featured[12410]:                            ^^^^^^^^^^^^^^^^^^^^^^^^^^^^^^^^^^^^^^^^^^^^^^^^^^^^^^^^^^^^^^^^^^^^^^^^^^^^^^^^^^^^^^^^^^^
2025 Feb 11 02:53:18.468870 sonic INFO featured[12410]:   File "/usr/local/bin/featured", line 136, in __init__
2025 Feb 11 02:53:18.468901 sonic INFO featured[12410]:     self._device_running_config = device_info.get_device_runtime_metadata()
2025 Feb 11 02:53:18.468933 sonic INFO featured[12410]:                                   ^^^^^^^^^^^^^^^^^^^^^^^^^^^^^^^^^^^^^^^^^
2025 Feb 11 02:53:18.468974 sonic INFO featured[12410]:   File "/usr/local/lib/python3.11/dist-packages/sonic_py_common/device_info.py", line 680, in get_device_runtime_metadata
2025 Feb 11 02:53:18.469053 sonic INFO featured[12410]:     port_metadata = {'ETHERNET_PORTS_PRESENT': True if get_path_to_port_config_file(hwsku=None, asic="0" if is_multi_npu() else None) else False}
2025 Feb 11 02:53:18.469108 sonic INFO featured[12410]:                                                        ^^^^^^^^^^^^^^^^^^^^^^^^^^^^^^^^^^^^^^^^^^^^^^^^^^^^^^^^^^^^^^^^^^^^^^^^^^^^^^
2025 Feb 11 02:53:18.469154 sonic INFO featured[12410]:   File "/usr/local/lib/python3.11/dist-packages/sonic_py_common/device_info.py", line 446, in get_path_to_port_config_file
2025 Feb 11 02:53:18.469187 sonic INFO featured[12410]:     (platform_path, hwsku_path) = get_paths_to_platform_and_hwsku_dirs()
2025 Feb 11 02:53:18.469212 sonic INFO featured[12410]:                                   ^^^^^^^^^^^^^^^^^^^^^^^^^^^^^^^^^^^^^^
2025 Feb 11 02:53:18.469242 sonic INFO featured[12410]:   File "/usr/local/lib/python3.11/dist-packages/sonic_py_common/device_info.py", line 412, in get_paths_to_platform_and_hwsku_dirs
2025 Feb 11 02:53:18.469272 sonic INFO featured[12410]:     hwsku_path = os.path.join(platform_path, hwsku)
2025 Feb 11 02:53:18.469304 sonic INFO featured[12410]:                  ^^^^^^^^^^^^^^^^^^^^^^^^^^^^^^^^^^
2025 Feb 11 02:53:18.469329 sonic INFO featured[12410]:   File "<frozen posixpath>", line 90, in join
2025 Feb 11 02:53:18.469358 sonic INFO featured[12410]:   File "<frozen genericpath>", line 152, in _check_arg_types
2025 Feb 11 02:53:18.469384 sonic INFO featured[12410]: TypeError: join() argument must be str, bytes, or os.PathLike object, not 'NoneType'
2025 Feb 11 02:53:18.488532 sonic NOTICE systemd[1]: featured.service: Main process exited, code=exited, status=1/FAILURE
2025 Feb 11 02:53:18.488695 sonic WARNING systemd[1]: featured.service: Failed with result 'exit-code'.
2025 Feb 11 02:53:18.518729 sonic INFO systemd[1]: Started featured.service - Feature configuration daemon.
2025 Feb 11 02:53:18.679497 sonic INFO featured: ConfigDB connect success
2025 Feb 11 02:53:18.688777 sonic INFO featured[12411]: Traceback (most recent call last):
2025 Feb 11 02:53:18.688857 sonic INFO featured[12411]:   File "/usr/local/bin/featured", line 598, in <module>
2025 Feb 11 02:53:18.688961 sonic INFO featured[12411]:     main()
2025 Feb 11 02:53:18.689001 sonic INFO featured[12411]:   File "/usr/local/bin/featured", line 591, in main
2025 Feb 11 02:53:18.689120 sonic INFO featured[12411]:     daemon = FeatureDaemon()
2025 Feb 11 02:53:18.689161 sonic INFO featured[12411]:              ^^^^^^^^^^^^^^^
2025 Feb 11 02:53:18.689178 sonic INFO featured[12411]:   File "/usr/local/bin/featured", line 529, in __init__
2025 Feb 11 02:53:18.689255 sonic INFO featured[12411]:     self.feature_handler = FeatureHandler(self.config_db, feature_state_table, self.device_config, self.advanced_boot)
2025 Feb 11 02:53:18.689292 sonic INFO featured[12411]:                            ^^^^^^^^^^^^^^^^^^^^^^^^^^^^^^^^^^^^^^^^^^^^^^^^^^^^^^^^^^^^^^^^^^^^^^^^^^^^^^^^^^^^^^^^^^^
2025 Feb 11 02:53:18.689314 sonic INFO featured[12411]:   File "/usr/local/bin/featured", line 136, in __init__
2025 Feb 11 02:53:18.689345 sonic INFO featured[12411]:     self._device_running_config = device_info.get_device_runtime_metadata()
2025 Feb 11 02:53:18.689376 sonic INFO featured[12411]:                                   ^^^^^^^^^^^^^^^^^^^^^^^^^^^^^^^^^^^^^^^^^
2025 Feb 11 02:53:18.689402 sonic INFO featured[12411]:   File "/usr/local/lib/python3.11/dist-packages/sonic_py_common/device_info.py", line 680, in get_device_runtime_metadata
2025 Feb 11 02:53:18.689574 sonic INFO featured[12411]:     port_metadata = {'ETHERNET_PORTS_PRESENT': True if get_path_to_port_config_file(hwsku=None, asic="0" if is_multi_npu() else None) else False}
2025 Feb 11 02:53:18.689645 sonic INFO featured[12411]:                                                        ^^^^^^^^^^^^^^^^^^^^^^^^^^^^^^^^^^^^^^^^^^^^^^^^^^^^^^^^^^^^^^^^^^^^^^^^^^^^^^
2025 Feb 11 02:53:18.689673 sonic INFO featured[12411]:   File "/usr/local/lib/python3.11/dist-packages/sonic_py_common/device_info.py", line 446, in get_path_to_port_config_file
2025 Feb 11 02:53:18.689703 sonic INFO featured[12411]:     (platform_path, hwsku_path) = get_paths_to_platform_and_hwsku_dirs()
2025 Feb 11 02:53:18.689734 sonic INFO featured[12411]:                                   ^^^^^^^^^^^^^^^^^^^^^^^^^^^^^^^^^^^^^^
2025 Feb 11 02:53:18.689759 sonic INFO featured[12411]:   File "/usr/local/lib/python3.11/dist-packages/sonic_py_common/device_info.py", line 412, in get_paths_to_platform_and_hwsku_dirs
2025 Feb 11 02:53:18.689818 sonic INFO featured[12411]:     hwsku_path = os.path.join(platform_path, hwsku)
2025 Feb 11 02:53:18.689852 sonic INFO featured[12411]:                  ^^^^^^^^^^^^^^^^^^^^^^^^^^^^^^^^^^
2025 Feb 11 02:53:18.689880 sonic INFO featured[12411]:   File "<frozen posixpath>", line 90, in join
2025 Feb 11 02:53:18.689904 sonic INFO featured[12411]:   File "<frozen genericpath>", line 152, in _check_arg_types
2025 Feb 11 02:53:18.689929 sonic INFO featured[12411]: TypeError: join() argument must be str, bytes, or os.PathLike object, not 'NoneType'
2025 Feb 11 02:53:18.709519 sonic NOTICE systemd[1]: featured.service: Main process exited, code=exited, status=1/FAILURE
2025 Feb 11 02:53:18.709746 sonic WARNING systemd[1]: featured.service: Failed with result 'exit-code'.
2025 Feb 11 02:53:18.711456 sonic INFO systemd[1]: caclmgrd.service: Scheduled restart job, restart counter is at 52.
2025 Feb 11 02:53:18.712453 sonic INFO systemd[1]: Stopped caclmgrd.service - Control Plane ACL configuration daemon.
2025 Feb 11 02:53:18.750423 sonic INFO systemd[1]: Started caclmgrd.service - Control Plane ACL configuration daemon.
2025 Feb 11 02:53:18.753027 sonic INFO systemd[1]: Started featured.service - Feature configuration daemon.
2025 Feb 11 02:53:18.856249 sonic INFO caclmgrd[12414]: Traceback (most recent call last):
2025 Feb 11 02:53:18.856322 sonic INFO caclmgrd[12414]:   File "/usr/local/bin/caclmgrd", line 1146, in <module>
2025 Feb 11 02:53:18.856367 sonic INFO caclmgrd[12414]:     main()
2025 Feb 11 02:53:18.856400 sonic INFO caclmgrd[12414]:   File "/usr/local/bin/caclmgrd", line 1137, in main
2025 Feb 11 02:53:18.856422 sonic INFO caclmgrd[12414]:     caclmgr = ControlPlaneAclManager(SYSLOG_IDENTIFIER)
2025 Feb 11 02:53:18.856456 sonic INFO caclmgrd[12414]:               ^^^^^^^^^^^^^^^^^^^^^^^^^^^^^^^^^^^^^^^^^
2025 Feb 11 02:53:18.856482 sonic INFO caclmgrd[12414]:   File "/usr/local/bin/caclmgrd", line 156, in __init__
2025 Feb 11 02:53:18.856504 sonic INFO caclmgrd[12414]:     if 'subtype' in metadata['localhost'] and metadata['localhost']['subtype'] == 'DualToR':
2025 Feb 11 02:53:18.856530 sonic INFO caclmgrd[12414]:                     ~~~~~~~~^^^^^^^^^^^^^
2025 Feb 11 02:53:18.856574 sonic INFO caclmgrd[12414]: KeyError: 'localhost'
2025 Feb 11 02:53:18.869440 sonic NOTICE systemd[1]: caclmgrd.service: Main process exited, code=exited, status=1/FAILURE
2025 Feb 11 02:53:18.869686 sonic WARNING systemd[1]: caclmgrd.service: Failed with result 'exit-code'.
2025 Feb 11 02:53:18.882943 sonic INFO featured: ConfigDB connect success
2025 Feb 11 02:53:18.886903 sonic INFO featured[12415]: Traceback (most recent call last):
2025 Feb 11 02:53:18.886951 sonic INFO featured[12415]:   File "/usr/local/bin/featured", line 598, in <module>
2025 Feb 11 02:53:18.887063 sonic INFO featured[12415]:     main()
2025 Feb 11 02:53:18.887101 sonic INFO featured[12415]:   File "/usr/local/bin/featured", line 591, in main
2025 Feb 11 02:53:18.887221 sonic INFO featured[12415]:     daemon = FeatureDaemon()
2025 Feb 11 02:53:18.887267 sonic INFO featured[12415]:              ^^^^^^^^^^^^^^^
2025 Feb 11 02:53:18.887294 sonic INFO featured[12415]:   File "/usr/local/bin/featured", line 529, in __init__
2025 Feb 11 02:53:18.887340 sonic INFO featured[12415]:     self.feature_handler = FeatureHandler(self.config_db, feature_state_table, self.device_config, self.advanced_boot)
2025 Feb 11 02:53:18.887388 sonic INFO featured[12415]:                            ^^^^^^^^^^^^^^^^^^^^^^^^^^^^^^^^^^^^^^^^^^^^^^^^^^^^^^^^^^^^^^^^^^^^^^^^^^^^^^^^^^^^^^^^^^^
2025 Feb 11 02:53:18.887414 sonic INFO featured[12415]:   File "/usr/local/bin/featured", line 136, in __init__
2025 Feb 11 02:53:18.887444 sonic INFO featured[12415]:     self._device_running_config = device_info.get_device_runtime_metadata()
2025 Feb 11 02:53:18.887475 sonic INFO featured[12415]:                                   ^^^^^^^^^^^^^^^^^^^^^^^^^^^^^^^^^^^^^^^^^
2025 Feb 11 02:53:18.887501 sonic INFO featured[12415]:   File "/usr/local/lib/python3.11/dist-packages/sonic_py_common/device_info.py", line 680, in get_device_runtime_metadata
2025 Feb 11 02:53:18.887644 sonic INFO featured[12415]:     port_metadata = {'ETHERNET_PORTS_PRESENT': True if get_path_to_port_config_file(hwsku=None, asic="0" if is_multi_npu() else None) else False}
2025 Feb 11 02:53:18.887683 sonic INFO featured[12415]:                                                        ^^^^^^^^^^^^^^^^^^^^^^^^^^^^^^^^^^^^^^^^^^^^^^^^^^^^^^^^^^^^^^^^^^^^^^^^^^^^^^
2025 Feb 11 02:53:18.887700 sonic INFO featured[12415]:   File "/usr/local/lib/python3.11/dist-packages/sonic_py_common/device_info.py", line 446, in get_path_to_port_config_file
2025 Feb 11 02:53:18.887773 sonic INFO featured[12415]:     (platform_path, hwsku_path) = get_paths_to_platform_and_hwsku_dirs()
2025 Feb 11 02:53:18.887804 sonic INFO featured[12415]:                                   ^^^^^^^^^^^^^^^^^^^^^^^^^^^^^^^^^^^^^^
2025 Feb 11 02:53:18.887829 sonic INFO featured[12415]:   File "/usr/local/lib/python3.11/dist-packages/sonic_py_common/device_info.py", line 412, in get_paths_to_platform_and_hwsku_dirs
2025 Feb 11 02:53:18.887880 sonic INFO featured[12415]:     hwsku_path = os.path.join(platform_path, hwsku)
2025 Feb 11 02:53:18.887912 sonic INFO featured[12415]:                  ^^^^^^^^^^^^^^^^^^^^^^^^^^^^^^^^^^
2025 Feb 11 02:53:18.887937 sonic INFO featured[12415]:   File "<frozen posixpath>", line 90, in join
2025 Feb 11 02:53:18.887962 sonic INFO featured[12415]:   File "<frozen genericpath>", line 152, in _check_arg_types
2025 Feb 11 02:53:18.887991 sonic INFO featured[12415]: TypeError: join() argument must be str, bytes, or os.PathLike object, not 'NoneType'
2025 Feb 11 02:53:18.906260 sonic NOTICE systemd[1]: featured.service: Main process exited, code=exited, status=1/FAILURE
2025 Feb 11 02:53:18.906433 sonic WARNING systemd[1]: featured.service: Failed with result 'exit-code'.
2025 Feb 11 02:53:18.942727 sonic INFO systemd[1]: Started featured.service - Feature configuration daemon.
2025 Feb 11 02:53:19.072907 sonic INFO featured: ConfigDB connect success
2025 Feb 11 02:53:19.076907 sonic INFO featured[12424]: Traceback (most recent call last):
2025 Feb 11 02:53:19.076957 sonic INFO featured[12424]:   File "/usr/local/bin/featured", line 598, in <module>
2025 Feb 11 02:53:19.077063 sonic INFO featured[12424]:     main()
2025 Feb 11 02:53:19.077103 sonic INFO featured[12424]:   File "/usr/local/bin/featured", line 591, in main
2025 Feb 11 02:53:19.077219 sonic INFO featured[12424]:     daemon = FeatureDaemon()
2025 Feb 11 02:53:19.077258 sonic INFO featured[12424]:              ^^^^^^^^^^^^^^^
2025 Feb 11 02:53:19.077275 sonic INFO featured[12424]:   File "/usr/local/bin/featured", line 529, in __init__
2025 Feb 11 02:53:19.077339 sonic INFO featured[12424]:     self.feature_handler = FeatureHandler(self.config_db, feature_state_table, self.device_config, self.advanced_boot)
2025 Feb 11 02:53:19.077375 sonic INFO featured[12424]:                            ^^^^^^^^^^^^^^^^^^^^^^^^^^^^^^^^^^^^^^^^^^^^^^^^^^^^^^^^^^^^^^^^^^^^^^^^^^^^^^^^^^^^^^^^^^^
2025 Feb 11 02:53:19.077397 sonic INFO featured[12424]:   File "/usr/local/bin/featured", line 136, in __init__
2025 Feb 11 02:53:19.077444 sonic INFO featured[12424]:     self._device_running_config = device_info.get_device_runtime_metadata()
2025 Feb 11 02:53:19.077517 sonic INFO featured[12424]:                                   ^^^^^^^^^^^^^^^^^^^^^^^^^^^^^^^^^^^^^^^^^
2025 Feb 11 02:53:19.077577 sonic INFO featured[12424]:   File "/usr/local/lib/python3.11/dist-packages/sonic_py_common/device_info.py", line 680, in get_device_runtime_metadata
2025 Feb 11 02:53:19.077696 sonic INFO featured[12424]:     port_metadata = {'ETHERNET_PORTS_PRESENT': True if get_path_to_port_config_file(hwsku=None, asic="0" if is_multi_npu() else None) else False}
2025 Feb 11 02:53:19.077736 sonic INFO featured[12424]:                                                        ^^^^^^^^^^^^^^^^^^^^^^^^^^^^^^^^^^^^^^^^^^^^^^^^^^^^^^^^^^^^^^^^^^^^^^^^^^^^^^
2025 Feb 11 02:53:19.077762 sonic INFO featured[12424]:   File "/usr/local/lib/python3.11/dist-packages/sonic_py_common/device_info.py", line 446, in get_path_to_port_config_file
2025 Feb 11 02:53:19.077826 sonic INFO featured[12424]:     (platform_path, hwsku_path) = get_paths_to_platform_and_hwsku_dirs()
2025 Feb 11 02:53:19.077858 sonic INFO featured[12424]:                                   ^^^^^^^^^^^^^^^^^^^^^^^^^^^^^^^^^^^^^^
2025 Feb 11 02:53:19.077884 sonic INFO featured[12424]:   File "/usr/local/lib/python3.11/dist-packages/sonic_py_common/device_info.py", line 412, in get_paths_to_platform_and_hwsku_dirs
2025 Feb 11 02:53:19.077933 sonic INFO featured[12424]:     hwsku_path = os.path.join(platform_path, hwsku)
2025 Feb 11 02:53:19.077967 sonic INFO featured[12424]:                  ^^^^^^^^^^^^^^^^^^^^^^^^^^^^^^^^^^
2025 Feb 11 02:53:19.077992 sonic INFO featured[12424]:   File "<frozen posixpath>", line 90, in join
2025 Feb 11 02:53:19.078016 sonic INFO featured[12424]:   File "<frozen genericpath>", line 152, in _check_arg_types
2025 Feb 11 02:53:19.078040 sonic INFO featured[12424]: TypeError: join() argument must be str, bytes, or os.PathLike object, not 'NoneType'
2025 Feb 11 02:53:19.095988 sonic NOTICE systemd[1]: featured.service: Main process exited, code=exited, status=1/FAILURE
2025 Feb 11 02:53:19.096137 sonic WARNING systemd[1]: featured.service: Failed with result 'exit-code'.
2025 Feb 11 02:53:19.130716 sonic INFO systemd[1]: Started featured.service - Feature configuration daemon.
2025 Feb 11 02:53:19.263354 sonic INFO featured: ConfigDB connect success
2025 Feb 11 02:53:19.267450 sonic INFO featured[12426]: Traceback (most recent call last):
2025 Feb 11 02:53:19.267505 sonic INFO featured[12426]:   File "/usr/local/bin/featured", line 598, in <module>
2025 Feb 11 02:53:19.267582 sonic INFO featured[12426]:     main()
2025 Feb 11 02:53:19.267623 sonic INFO featured[12426]:   File "/usr/local/bin/featured", line 591, in main
2025 Feb 11 02:53:19.267779 sonic INFO featured[12426]:     daemon = FeatureDaemon()
2025 Feb 11 02:53:19.267813 sonic INFO featured[12426]:              ^^^^^^^^^^^^^^^
2025 Feb 11 02:53:19.267835 sonic INFO featured[12426]:   File "/usr/local/bin/featured", line 529, in __init__
2025 Feb 11 02:53:19.267895 sonic INFO featured[12426]:     self.feature_handler = FeatureHandler(self.config_db, feature_state_table, self.device_config, self.advanced_boot)
2025 Feb 11 02:53:19.267931 sonic INFO featured[12426]:                            ^^^^^^^^^^^^^^^^^^^^^^^^^^^^^^^^^^^^^^^^^^^^^^^^^^^^^^^^^^^^^^^^^^^^^^^^^^^^^^^^^^^^^^^^^^^
2025 Feb 11 02:53:19.267953 sonic INFO featured[12426]:   File "/usr/local/bin/featured", line 136, in __init__
2025 Feb 11 02:53:19.267999 sonic INFO featured[12426]:     self._device_running_config = device_info.get_device_runtime_metadata()
2025 Feb 11 02:53:19.268031 sonic INFO featured[12426]:                                   ^^^^^^^^^^^^^^^^^^^^^^^^^^^^^^^^^^^^^^^^^
2025 Feb 11 02:53:19.268056 sonic INFO featured[12426]:   File "/usr/local/lib/python3.11/dist-packages/sonic_py_common/device_info.py", line 680, in get_device_runtime_metadata
2025 Feb 11 02:53:19.268161 sonic INFO featured[12426]:     port_metadata = {'ETHERNET_PORTS_PRESENT': True if get_path_to_port_config_file(hwsku=None, asic="0" if is_multi_npu() else None) else False}
2025 Feb 11 02:53:19.268199 sonic INFO featured[12426]:                                                        ^^^^^^^^^^^^^^^^^^^^^^^^^^^^^^^^^^^^^^^^^^^^^^^^^^^^^^^^^^^^^^^^^^^^^^^^^^^^^^
2025 Feb 11 02:53:19.268216 sonic INFO featured[12426]:   File "/usr/local/lib/python3.11/dist-packages/sonic_py_common/device_info.py", line 446, in get_path_to_port_config_file
2025 Feb 11 02:53:19.268281 sonic INFO featured[12426]:     (platform_path, hwsku_path) = get_paths_to_platform_and_hwsku_dirs()
2025 Feb 11 02:53:19.268313 sonic INFO featured[12426]:                                   ^^^^^^^^^^^^^^^^^^^^^^^^^^^^^^^^^^^^^^
2025 Feb 11 02:53:19.268338 sonic INFO featured[12426]:   File "/usr/local/lib/python3.11/dist-packages/sonic_py_common/device_info.py", line 412, in get_paths_to_platform_and_hwsku_dirs
2025 Feb 11 02:53:19.268387 sonic INFO featured[12426]:     hwsku_path = os.path.join(platform_path, hwsku)
2025 Feb 11 02:53:19.268421 sonic INFO featured[12426]:                  ^^^^^^^^^^^^^^^^^^^^^^^^^^^^^^^^^^
2025 Feb 11 02:53:19.268446 sonic INFO featured[12426]:   File "<frozen posixpath>", line 90, in join
2025 Feb 11 02:53:19.268470 sonic INFO featured[12426]:   File "<frozen genericpath>", line 152, in _check_arg_types
2025 Feb 11 02:53:19.268495 sonic INFO featured[12426]: TypeError: join() argument must be str, bytes, or os.PathLike object, not 'NoneType'
2025 Feb 11 02:53:19.287362 sonic NOTICE systemd[1]: featured.service: Main process exited, code=exited, status=1/FAILURE
2025 Feb 11 02:53:19.287538 sonic WARNING systemd[1]: featured.service: Failed with result 'exit-code'.
2025 Feb 11 02:53:19.289289 sonic WARNING systemd[1]: featured.service: Start request repeated too quickly.
2025 Feb 11 02:53:19.289390 sonic WARNING systemd[1]: featured.service: Failed with result 'exit-code'.
2025 Feb 11 02:53:19.289454 sonic ERR systemd[1]: Failed to start featured.service - Feature configuration daemon.
2025 Feb 11 02:53:38.318881 sonic INFO systemd[1]: Started featured.service - Feature configuration daemon.
2025 Feb 11 02:53:38.461774 sonic INFO featured: ConfigDB connect success
2025 Feb 11 02:53:38.465554 sonic INFO featured[12473]: Traceback (most recent call last):
2025 Feb 11 02:53:38.465619 sonic INFO featured[12473]:   File "/usr/local/bin/featured", line 598, in <module>
2025 Feb 11 02:53:38.465745 sonic INFO featured[12473]:     main()
2025 Feb 11 02:53:38.465785 sonic INFO featured[12473]:   File "/usr/local/bin/featured", line 591, in main
2025 Feb 11 02:53:38.465904 sonic INFO featured[12473]:     daemon = FeatureDaemon()
2025 Feb 11 02:53:38.465938 sonic INFO featured[12473]:              ^^^^^^^^^^^^^^^
2025 Feb 11 02:53:38.465961 sonic INFO featured[12473]:   File "/usr/local/bin/featured", line 529, in __init__
2025 Feb 11 02:53:38.466020 sonic INFO featured[12473]:     self.feature_handler = FeatureHandler(self.config_db, feature_state_table, self.device_config, self.advanced_boot)
2025 Feb 11 02:53:38.466067 sonic INFO featured[12473]:                            ^^^^^^^^^^^^^^^^^^^^^^^^^^^^^^^^^^^^^^^^^^^^^^^^^^^^^^^^^^^^^^^^^^^^^^^^^^^^^^^^^^^^^^^^^^^
2025 Feb 11 02:53:38.466102 sonic INFO featured[12473]:   File "/usr/local/bin/featured", line 136, in __init__
2025 Feb 11 02:53:38.466134 sonic INFO featured[12473]:     self._device_running_config = device_info.get_device_runtime_metadata()
2025 Feb 11 02:53:38.466166 sonic INFO featured[12473]:                                   ^^^^^^^^^^^^^^^^^^^^^^^^^^^^^^^^^^^^^^^^^
2025 Feb 11 02:53:38.466191 sonic INFO featured[12473]:   File "/usr/local/lib/python3.11/dist-packages/sonic_py_common/device_info.py", line 680, in get_device_runtime_metadata
2025 Feb 11 02:53:38.466282 sonic INFO featured[12473]:     port_metadata = {'ETHERNET_PORTS_PRESENT': True if get_path_to_port_config_file(hwsku=None, asic="0" if is_multi_npu() else None) else False}
2025 Feb 11 02:53:38.466320 sonic INFO featured[12473]:                                                        ^^^^^^^^^^^^^^^^^^^^^^^^^^^^^^^^^^^^^^^^^^^^^^^^^^^^^^^^^^^^^^^^^^^^^^^^^^^^^^
2025 Feb 11 02:53:38.466346 sonic INFO featured[12473]:   File "/usr/local/lib/python3.11/dist-packages/sonic_py_common/device_info.py", line 446, in get_path_to_port_config_file
2025 Feb 11 02:53:38.466403 sonic INFO featured[12473]:     (platform_path, hwsku_path) = get_paths_to_platform_and_hwsku_dirs()
2025 Feb 11 02:53:38.466435 sonic INFO featured[12473]:                                   ^^^^^^^^^^^^^^^^^^^^^^^^^^^^^^^^^^^^^^
2025 Feb 11 02:53:38.466464 sonic INFO featured[12473]:   File "/usr/local/lib/python3.11/dist-packages/sonic_py_common/device_info.py", line 412, in get_paths_to_platform_and_hwsku_dirs
2025 Feb 11 02:53:38.466536 sonic INFO featured[12473]:     hwsku_path = os.path.join(platform_path, hwsku)
2025 Feb 11 02:53:38.466570 sonic INFO featured[12473]:                  ^^^^^^^^^^^^^^^^^^^^^^^^^^^^^^^^^^
2025 Feb 11 02:53:38.466595 sonic INFO featured[12473]:   File "<frozen posixpath>", line 90, in join
2025 Feb 11 02:53:38.466619 sonic INFO featured[12473]:   File "<frozen genericpath>", line 152, in _check_arg_types
2025 Feb 11 02:53:38.466636 sonic INFO featured[12473]: TypeError: join() argument must be str, bytes, or os.PathLike object, not 'NoneType'
2025 Feb 11 02:53:38.485380 sonic NOTICE systemd[1]: featured.service: Main process exited, code=exited, status=1/FAILURE
2025 Feb 11 02:53:38.485565 sonic WARNING systemd[1]: featured.service: Failed with result 'exit-code'.
2025 Feb 11 02:53:38.530951 sonic INFO systemd[1]: Started featured.service - Feature configuration daemon.
2025 Feb 11 02:53:38.703820 sonic INFO featured: ConfigDB connect success
2025 Feb 11 02:53:38.707811 sonic INFO featured[12474]: Traceback (most recent call last):
2025 Feb 11 02:53:38.707885 sonic INFO featured[12474]:   File "/usr/local/bin/featured", line 598, in <module>
2025 Feb 11 02:53:38.707974 sonic INFO featured[12474]:     main()
2025 Feb 11 02:53:38.708030 sonic INFO featured[12474]:   File "/usr/local/bin/featured", line 591, in main
2025 Feb 11 02:53:38.708150 sonic INFO featured[12474]:     daemon = FeatureDaemon()
2025 Feb 11 02:53:38.708198 sonic INFO featured[12474]:              ^^^^^^^^^^^^^^^
2025 Feb 11 02:53:38.708227 sonic INFO featured[12474]:   File "/usr/local/bin/featured", line 529, in __init__
2025 Feb 11 02:53:38.708267 sonic INFO featured[12474]:     self.feature_handler = FeatureHandler(self.config_db, feature_state_table, self.device_config, self.advanced_boot)
2025 Feb 11 02:53:38.708319 sonic INFO featured[12474]:                            ^^^^^^^^^^^^^^^^^^^^^^^^^^^^^^^^^^^^^^^^^^^^^^^^^^^^^^^^^^^^^^^^^^^^^^^^^^^^^^^^^^^^^^^^^^^
2025 Feb 11 02:53:38.708350 sonic INFO featured[12474]:   File "/usr/local/bin/featured", line 136, in __init__
2025 Feb 11 02:53:38.708402 sonic INFO featured[12474]:     self._device_running_config = device_info.get_device_runtime_metadata()
2025 Feb 11 02:53:38.708433 sonic INFO featured[12474]:                                   ^^^^^^^^^^^^^^^^^^^^^^^^^^^^^^^^^^^^^^^^^
2025 Feb 11 02:53:38.708496 sonic INFO featured[12474]:   File "/usr/local/lib/python3.11/dist-packages/sonic_py_common/device_info.py", line 680, in get_device_runtime_metadata
2025 Feb 11 02:53:38.708538 sonic INFO featured[12474]:     port_metadata = {'ETHERNET_PORTS_PRESENT': True if get_path_to_port_config_file(hwsku=None, asic="0" if is_multi_npu() else None) else False}
2025 Feb 11 02:53:38.708595 sonic INFO featured[12474]:                                                        ^^^^^^^^^^^^^^^^^^^^^^^^^^^^^^^^^^^^^^^^^^^^^^^^^^^^^^^^^^^^^^^^^^^^^^^^^^^^^^
2025 Feb 11 02:53:38.708626 sonic INFO featured[12474]:   File "/usr/local/lib/python3.11/dist-packages/sonic_py_common/device_info.py", line 446, in get_path_to_port_config_file
2025 Feb 11 02:53:38.708666 sonic INFO featured[12474]:     (platform_path, hwsku_path) = get_paths_to_platform_and_hwsku_dirs()
2025 Feb 11 02:53:38.708707 sonic INFO featured[12474]:                                   ^^^^^^^^^^^^^^^^^^^^^^^^^^^^^^^^^^^^^^
2025 Feb 11 02:53:38.708737 sonic INFO featured[12474]:   File "/usr/local/lib/python3.11/dist-packages/sonic_py_common/device_info.py", line 412, in get_paths_to_platform_and_hwsku_dirs
2025 Feb 11 02:53:38.708779 sonic INFO featured[12474]:     hwsku_path = os.path.join(platform_path, hwsku)
2025 Feb 11 02:53:38.708817 sonic INFO featured[12474]:                  ^^^^^^^^^^^^^^^^^^^^^^^^^^^^^^^^^^
2025 Feb 11 02:53:38.708858 sonic INFO featured[12474]:   File "<frozen posixpath>", line 90, in join
2025 Feb 11 02:53:38.708888 sonic INFO featured[12474]:   File "<frozen genericpath>", line 152, in _check_arg_types
2025 Feb 11 02:53:38.708918 sonic INFO featured[12474]: TypeError: join() argument must be str, bytes, or os.PathLike object, not 'NoneType'
2025 Feb 11 02:53:38.726945 sonic NOTICE systemd[1]: featured.service: Main process exited, code=exited, status=1/FAILURE
2025 Feb 11 02:53:38.727045 sonic WARNING systemd[1]: featured.service: Failed with result 'exit-code'.
2025 Feb 11 02:53:38.754361 sonic INFO systemd[1]: Started featured.service - Feature configuration daemon.
2025 Feb 11 02:53:38.885120 sonic INFO featured: ConfigDB connect success
2025 Feb 11 02:53:38.889559 sonic INFO featured[12475]: Traceback (most recent call last):
2025 Feb 11 02:53:38.889635 sonic INFO featured[12475]:   File "/usr/local/bin/featured", line 598, in <module>
2025 Feb 11 02:53:38.889738 sonic INFO featured[12475]:     main()
2025 Feb 11 02:53:38.889794 sonic INFO featured[12475]:   File "/usr/local/bin/featured", line 591, in main
2025 Feb 11 02:53:38.889902 sonic INFO featured[12475]:     daemon = FeatureDaemon()
2025 Feb 11 02:53:38.889952 sonic INFO featured[12475]:              ^^^^^^^^^^^^^^^
2025 Feb 11 02:53:38.889990 sonic INFO featured[12475]:   File "/usr/local/bin/featured", line 529, in __init__
2025 Feb 11 02:53:38.890041 sonic INFO featured[12475]:     self.feature_handler = FeatureHandler(self.config_db, feature_state_table, self.device_config, self.advanced_boot)
2025 Feb 11 02:53:38.890091 sonic INFO featured[12475]:                            ^^^^^^^^^^^^^^^^^^^^^^^^^^^^^^^^^^^^^^^^^^^^^^^^^^^^^^^^^^^^^^^^^^^^^^^^^^^^^^^^^^^^^^^^^^^
2025 Feb 11 02:53:38.890137 sonic INFO featured[12475]:   File "/usr/local/bin/featured", line 136, in __init__
2025 Feb 11 02:53:38.890187 sonic INFO featured[12475]:     self._device_running_config = device_info.get_device_runtime_metadata()
2025 Feb 11 02:53:38.890228 sonic INFO featured[12475]:                                   ^^^^^^^^^^^^^^^^^^^^^^^^^^^^^^^^^^^^^^^^^
2025 Feb 11 02:53:38.890269 sonic INFO featured[12475]:   File "/usr/local/lib/python3.11/dist-packages/sonic_py_common/device_info.py", line 680, in get_device_runtime_metadata
2025 Feb 11 02:53:38.890321 sonic INFO featured[12475]:     port_metadata = {'ETHERNET_PORTS_PRESENT': True if get_path_to_port_config_file(hwsku=None, asic="0" if is_multi_npu() else None) else False}
2025 Feb 11 02:53:38.890363 sonic INFO featured[12475]:                                                        ^^^^^^^^^^^^^^^^^^^^^^^^^^^^^^^^^^^^^^^^^^^^^^^^^^^^^^^^^^^^^^^^^^^^^^^^^^^^^^
2025 Feb 11 02:53:38.890403 sonic INFO featured[12475]:   File "/usr/local/lib/python3.11/dist-packages/sonic_py_common/device_info.py", line 446, in get_path_to_port_config_file
2025 Feb 11 02:53:38.890453 sonic INFO featured[12475]:     (platform_path, hwsku_path) = get_paths_to_platform_and_hwsku_dirs()
2025 Feb 11 02:53:38.890520 sonic INFO featured[12475]:                                   ^^^^^^^^^^^^^^^^^^^^^^^^^^^^^^^^^^^^^^
2025 Feb 11 02:53:38.890561 sonic INFO featured[12475]:   File "/usr/local/lib/python3.11/dist-packages/sonic_py_common/device_info.py", line 412, in get_paths_to_platform_and_hwsku_dirs
2025 Feb 11 02:53:38.890600 sonic INFO featured[12475]:     hwsku_path = os.path.join(platform_path, hwsku)
2025 Feb 11 02:53:38.890651 sonic INFO featured[12475]:                  ^^^^^^^^^^^^^^^^^^^^^^^^^^^^^^^^^^
2025 Feb 11 02:53:38.890691 sonic INFO featured[12475]:   File "<frozen posixpath>", line 90, in join
2025 Feb 11 02:53:38.890733 sonic INFO featured[12475]:   File "<frozen genericpath>", line 152, in _check_arg_types
2025 Feb 11 02:53:38.890773 sonic INFO featured[12475]: TypeError: join() argument must be str, bytes, or os.PathLike object, not 'NoneType'
2025 Feb 11 02:53:38.909204 sonic NOTICE systemd[1]: featured.service: Main process exited, code=exited, status=1/FAILURE
2025 Feb 11 02:53:38.909335 sonic WARNING systemd[1]: featured.service: Failed with result 'exit-code'.
2025 Feb 11 02:53:38.934827 sonic INFO systemd[1]: Started featured.service - Feature configuration daemon.
2025 Feb 11 02:53:39.072335 sonic INFO featured: ConfigDB connect success
2025 Feb 11 02:53:39.076517 sonic INFO featured[12479]: Traceback (most recent call last):
2025 Feb 11 02:53:39.076595 sonic INFO featured[12479]:   File "/usr/local/bin/featured", line 598, in <module>
2025 Feb 11 02:53:39.076667 sonic INFO featured[12479]:     main()
2025 Feb 11 02:53:39.076761 sonic INFO featured[12479]:   File "/usr/local/bin/featured", line 591, in main
2025 Feb 11 02:53:39.076818 sonic INFO featured[12479]:     daemon = FeatureDaemon()
2025 Feb 11 02:53:39.076849 sonic INFO featured[12479]:              ^^^^^^^^^^^^^^^
2025 Feb 11 02:53:39.076892 sonic INFO featured[12479]:   File "/usr/local/bin/featured", line 529, in __init__
2025 Feb 11 02:53:39.076943 sonic INFO featured[12479]:     self.feature_handler = FeatureHandler(self.config_db, feature_state_table, self.device_config, self.advanced_boot)
2025 Feb 11 02:53:39.076993 sonic INFO featured[12479]:                            ^^^^^^^^^^^^^^^^^^^^^^^^^^^^^^^^^^^^^^^^^^^^^^^^^^^^^^^^^^^^^^^^^^^^^^^^^^^^^^^^^^^^^^^^^^^
2025 Feb 11 02:53:39.077024 sonic INFO featured[12479]:   File "/usr/local/bin/featured", line 136, in __init__
2025 Feb 11 02:53:39.077077 sonic INFO featured[12479]:     self._device_running_config = device_info.get_device_runtime_metadata()
2025 Feb 11 02:53:39.077118 sonic INFO featured[12479]:                                   ^^^^^^^^^^^^^^^^^^^^^^^^^^^^^^^^^^^^^^^^^
2025 Feb 11 02:53:39.077158 sonic INFO featured[12479]:   File "/usr/local/lib/python3.11/dist-packages/sonic_py_common/device_info.py", line 680, in get_device_runtime_metadata
2025 Feb 11 02:53:39.077210 sonic INFO featured[12479]:     port_metadata = {'ETHERNET_PORTS_PRESENT': True if get_path_to_port_config_file(hwsku=None, asic="0" if is_multi_npu() else None) else False}
2025 Feb 11 02:53:39.077252 sonic INFO featured[12479]:                                                        ^^^^^^^^^^^^^^^^^^^^^^^^^^^^^^^^^^^^^^^^^^^^^^^^^^^^^^^^^^^^^^^^^^^^^^^^^^^^^^
2025 Feb 11 02:53:39.077293 sonic INFO featured[12479]:   File "/usr/local/lib/python3.11/dist-packages/sonic_py_common/device_info.py", line 446, in get_path_to_port_config_file
2025 Feb 11 02:53:39.077343 sonic INFO featured[12479]:     (platform_path, hwsku_path) = get_paths_to_platform_and_hwsku_dirs()
2025 Feb 11 02:53:39.077385 sonic INFO featured[12479]:                                   ^^^^^^^^^^^^^^^^^^^^^^^^^^^^^^^^^^^^^^
2025 Feb 11 02:53:39.077424 sonic INFO featured[12479]:   File "/usr/local/lib/python3.11/dist-packages/sonic_py_common/device_info.py", line 412, in get_paths_to_platform_and_hwsku_dirs
2025 Feb 11 02:53:39.077504 sonic INFO featured[12479]:     hwsku_path = os.path.join(platform_path, hwsku)
2025 Feb 11 02:53:39.077598 sonic INFO featured[12479]:                  ^^^^^^^^^^^^^^^^^^^^^^^^^^^^^^^^^^
2025 Feb 11 02:53:39.077649 sonic INFO featured[12479]:   File "<frozen posixpath>", line 90, in join
2025 Feb 11 02:53:39.077679 sonic INFO featured[12479]:   File "<frozen genericpath>", line 152, in _check_arg_types
2025 Feb 11 02:53:39.077721 sonic INFO featured[12479]: TypeError: join() argument must be str, bytes, or os.PathLike object, not 'NoneType'
2025 Feb 11 02:53:39.095085 sonic NOTICE systemd[1]: featured.service: Main process exited, code=exited, status=1/FAILURE
2025 Feb 11 02:53:39.095224 sonic WARNING systemd[1]: featured.service: Failed with result 'exit-code'.
2025 Feb 11 02:53:39.142347 sonic INFO systemd[1]: Started featured.service - Feature configuration daemon.
2025 Feb 11 02:53:39.271299 sonic INFO featured: ConfigDB connect success
2025 Feb 11 02:53:39.275248 sonic INFO featured[12480]: Traceback (most recent call last):
2025 Feb 11 02:53:39.275331 sonic INFO featured[12480]:   File "/usr/local/bin/featured", line 598, in <module>
2025 Feb 11 02:53:39.275380 sonic INFO featured[12480]:     main()
2025 Feb 11 02:53:39.275436 sonic INFO featured[12480]:   File "/usr/local/bin/featured", line 591, in main
2025 Feb 11 02:53:39.275560 sonic INFO featured[12480]:     daemon = FeatureDaemon()
2025 Feb 11 02:53:39.275611 sonic INFO featured[12480]:              ^^^^^^^^^^^^^^^
2025 Feb 11 02:53:39.275649 sonic INFO featured[12480]:   File "/usr/local/bin/featured", line 529, in __init__
2025 Feb 11 02:53:39.275703 sonic INFO featured[12480]:     self.feature_handler = FeatureHandler(self.config_db, feature_state_table, self.device_config, self.advanced_boot)
2025 Feb 11 02:53:39.275745 sonic INFO featured[12480]:                            ^^^^^^^^^^^^^^^^^^^^^^^^^^^^^^^^^^^^^^^^^^^^^^^^^^^^^^^^^^^^^^^^^^^^^^^^^^^^^^^^^^^^^^^^^^^
2025 Feb 11 02:53:39.275795 sonic INFO featured[12480]:   File "/usr/local/bin/featured", line 136, in __init__
2025 Feb 11 02:53:39.275846 sonic INFO featured[12480]:     self._device_running_config = device_info.get_device_runtime_metadata()
2025 Feb 11 02:53:39.275887 sonic INFO featured[12480]:                                   ^^^^^^^^^^^^^^^^^^^^^^^^^^^^^^^^^^^^^^^^^
2025 Feb 11 02:53:39.275927 sonic INFO featured[12480]:   File "/usr/local/lib/python3.11/dist-packages/sonic_py_common/device_info.py", line 680, in get_device_runtime_metadata
2025 Feb 11 02:53:39.275979 sonic INFO featured[12480]:     port_metadata = {'ETHERNET_PORTS_PRESENT': True if get_path_to_port_config_file(hwsku=None, asic="0" if is_multi_npu() else None) else False}
2025 Feb 11 02:53:39.276020 sonic INFO featured[12480]:                                                        ^^^^^^^^^^^^^^^^^^^^^^^^^^^^^^^^^^^^^^^^^^^^^^^^^^^^^^^^^^^^^^^^^^^^^^^^^^^^^^
2025 Feb 11 02:53:39.276060 sonic INFO featured[12480]:   File "/usr/local/lib/python3.11/dist-packages/sonic_py_common/device_info.py", line 446, in get_path_to_port_config_file
2025 Feb 11 02:53:39.276112 sonic INFO featured[12480]:     (platform_path, hwsku_path) = get_paths_to_platform_and_hwsku_dirs()
2025 Feb 11 02:53:39.276152 sonic INFO featured[12480]:                                   ^^^^^^^^^^^^^^^^^^^^^^^^^^^^^^^^^^^^^^
2025 Feb 11 02:53:39.276192 sonic INFO featured[12480]:   File "/usr/local/lib/python3.11/dist-packages/sonic_py_common/device_info.py", line 412, in get_paths_to_platform_and_hwsku_dirs
2025 Feb 11 02:53:39.276231 sonic INFO featured[12480]:     hwsku_path = os.path.join(platform_path, hwsku)
2025 Feb 11 02:53:39.276270 sonic INFO featured[12480]:                  ^^^^^^^^^^^^^^^^^^^^^^^^^^^^^^^^^^
2025 Feb 11 02:53:39.276319 sonic INFO featured[12480]:   File "<frozen posixpath>", line 90, in join
2025 Feb 11 02:53:39.276359 sonic INFO featured[12480]:   File "<frozen genericpath>", line 152, in _check_arg_types
2025 Feb 11 02:53:39.276398 sonic INFO featured[12480]: TypeError: join() argument must be str, bytes, or os.PathLike object, not 'NoneType'
2025 Feb 11 02:53:39.294066 sonic NOTICE systemd[1]: featured.service: Main process exited, code=exited, status=1/FAILURE
2025 Feb 11 02:53:39.294202 sonic WARNING systemd[1]: featured.service: Failed with result 'exit-code'.
2025 Feb 11 02:53:39.296270 sonic WARNING systemd[1]: featured.service: Start request repeated too quickly.
2025 Feb 11 02:53:39.296355 sonic WARNING systemd[1]: featured.service: Failed with result 'exit-code'.
2025 Feb 11 02:53:39.296422 sonic ERR systemd[1]: Failed to start featured.service - Feature configuration daemon.
2025 Feb 11 02:53:48.277738 sonic WARNING systemd[1]: featured.service: Start request repeated too quickly.
2025 Feb 11 02:53:48.277906 sonic WARNING systemd[1]: featured.service: Failed with result 'exit-code'.
2025 Feb 11 02:53:48.277959 sonic ERR systemd[1]: Failed to start featured.service - Feature configuration daemon.
2025 Feb 11 02:53:49.028248 sonic INFO systemd[1]: caclmgrd.service: Scheduled restart job, restart counter is at 53.
2025 Feb 11 02:53:49.030059 sonic INFO systemd[1]: Stopped caclmgrd.service - Control Plane ACL configuration daemon.
2025 Feb 11 02:53:49.066400 sonic INFO systemd[1]: Started caclmgrd.service - Control Plane ACL configuration daemon.
2025 Feb 11 02:53:49.069062 sonic INFO systemd[1]: Started featured.service - Feature configuration daemon.
2025 Feb 11 02:53:49.178557 sonic INFO caclmgrd[12522]: Traceback (most recent call last):
2025 Feb 11 02:53:49.178703 sonic INFO caclmgrd[12522]:   File "/usr/local/bin/caclmgrd", line 1146, in <module>
2025 Feb 11 02:53:49.178793 sonic INFO caclmgrd[12522]:     main()
2025 Feb 11 02:53:49.178851 sonic INFO caclmgrd[12522]:   File "/usr/local/bin/caclmgrd", line 1137, in main
2025 Feb 11 02:53:49.178896 sonic INFO caclmgrd[12522]:     caclmgr = ControlPlaneAclManager(SYSLOG_IDENTIFIER)
2025 Feb 11 02:53:49.178944 sonic INFO caclmgrd[12522]:               ^^^^^^^^^^^^^^^^^^^^^^^^^^^^^^^^^^^^^^^^^
2025 Feb 11 02:53:49.178990 sonic INFO caclmgrd[12522]:   File "/usr/local/bin/caclmgrd", line 156, in __init__
2025 Feb 11 02:53:49.179033 sonic INFO caclmgrd[12522]:     if 'subtype' in metadata['localhost'] and metadata['localhost']['subtype'] == 'DualToR':
2025 Feb 11 02:53:49.179072 sonic INFO caclmgrd[12522]:                     ~~~~~~~~^^^^^^^^^^^^^
2025 Feb 11 02:53:49.179111 sonic INFO caclmgrd[12522]: KeyError: 'localhost'
2025 Feb 11 02:53:49.190196 sonic NOTICE systemd[1]: caclmgrd.service: Main process exited, code=exited, status=1/FAILURE
2025 Feb 11 02:53:49.190361 sonic WARNING systemd[1]: caclmgrd.service: Failed with result 'exit-code'.
2025 Feb 11 02:53:49.205828 sonic INFO featured: ConfigDB connect success
2025 Feb 11 02:53:49.209943 sonic INFO featured[12523]: Traceback (most recent call last):
2025 Feb 11 02:53:49.210031 sonic INFO featured[12523]:   File "/usr/local/bin/featured", line 598, in <module>
2025 Feb 11 02:53:49.210132 sonic INFO featured[12523]:     main()
2025 Feb 11 02:53:49.210197 sonic INFO featured[12523]:   File "/usr/local/bin/featured", line 591, in main
2025 Feb 11 02:53:49.210382 sonic INFO featured[12523]:     daemon = FeatureDaemon()
2025 Feb 11 02:53:49.210470 sonic INFO featured[12523]:              ^^^^^^^^^^^^^^^
2025 Feb 11 02:53:49.210525 sonic INFO featured[12523]:   File "/usr/local/bin/featured", line 529, in __init__
2025 Feb 11 02:53:49.210605 sonic INFO featured[12523]:     self.feature_handler = FeatureHandler(self.config_db, feature_state_table, self.device_config, self.advanced_boot)
2025 Feb 11 02:53:49.210667 sonic INFO featured[12523]:                            ^^^^^^^^^^^^^^^^^^^^^^^^^^^^^^^^^^^^^^^^^^^^^^^^^^^^^^^^^^^^^^^^^^^^^^^^^^^^^^^^^^^^^^^^^^^
2025 Feb 11 02:53:49.210722 sonic INFO featured[12523]:   File "/usr/local/bin/featured", line 136, in __init__
2025 Feb 11 02:53:49.210773 sonic INFO featured[12523]:     self._device_running_config = device_info.get_device_runtime_metadata()
2025 Feb 11 02:53:49.210823 sonic INFO featured[12523]:                                   ^^^^^^^^^^^^^^^^^^^^^^^^^^^^^^^^^^^^^^^^^
2025 Feb 11 02:53:49.210871 sonic INFO featured[12523]:   File "/usr/local/lib/python3.11/dist-packages/sonic_py_common/device_info.py", line 680, in get_device_runtime_metadata
2025 Feb 11 02:53:49.211037 sonic INFO featured[12523]:     port_metadata = {'ETHERNET_PORTS_PRESENT': True if get_path_to_port_config_file(hwsku=None, asic="0" if is_multi_npu() else None) else False}
2025 Feb 11 02:53:49.211103 sonic INFO featured[12523]:                                                        ^^^^^^^^^^^^^^^^^^^^^^^^^^^^^^^^^^^^^^^^^^^^^^^^^^^^^^^^^^^^^^^^^^^^^^^^^^^^^^
2025 Feb 11 02:53:49.211150 sonic INFO featured[12523]:   File "/usr/local/lib/python3.11/dist-packages/sonic_py_common/device_info.py", line 446, in get_path_to_port_config_file
2025 Feb 11 02:53:49.211244 sonic INFO featured[12523]:     (platform_path, hwsku_path) = get_paths_to_platform_and_hwsku_dirs()
2025 Feb 11 02:53:49.211306 sonic INFO featured[12523]:                                   ^^^^^^^^^^^^^^^^^^^^^^^^^^^^^^^^^^^^^^
2025 Feb 11 02:53:49.211353 sonic INFO featured[12523]:   File "/usr/local/lib/python3.11/dist-packages/sonic_py_common/device_info.py", line 412, in get_paths_to_platform_and_hwsku_dirs
2025 Feb 11 02:53:49.211456 sonic INFO featured[12523]:     hwsku_path = os.path.join(platform_path, hwsku)
2025 Feb 11 02:53:49.211512 sonic INFO featured[12523]:                  ^^^^^^^^^^^^^^^^^^^^^^^^^^^^^^^^^^
2025 Feb 11 02:53:49.211555 sonic INFO featured[12523]:   File "<frozen posixpath>", line 90, in join
2025 Feb 11 02:53:49.211585 sonic INFO featured[12523]:   File "<frozen genericpath>", line 152, in _check_arg_types
2025 Feb 11 02:53:49.211615 sonic INFO featured[12523]: TypeError: join() argument must be str, bytes, or os.PathLike object, not 'NoneType'
2025 Feb 11 02:53:49.229971 sonic NOTICE systemd[1]: featured.service: Main process exited, code=exited, status=1/FAILURE
2025 Feb 11 02:53:49.230057 sonic WARNING systemd[1]: featured.service: Failed with result 'exit-code'.
2025 Feb 11 02:53:49.258795 sonic INFO systemd[1]: Started featured.service - Feature configuration daemon.
2025 Feb 11 02:53:49.399059 sonic INFO featured: ConfigDB connect success
2025 Feb 11 02:53:49.403231 sonic INFO featured[12532]: Traceback (most recent call last):
2025 Feb 11 02:53:49.403290 sonic INFO featured[12532]:   File "/usr/local/bin/featured", line 598, in <module>
2025 Feb 11 02:53:49.403419 sonic INFO featured[12532]:     main()
2025 Feb 11 02:53:49.403495 sonic INFO featured[12532]:   File "/usr/local/bin/featured", line 591, in main
2025 Feb 11 02:53:49.403605 sonic INFO featured[12532]:     daemon = FeatureDaemon()
2025 Feb 11 02:53:49.403641 sonic INFO featured[12532]:              ^^^^^^^^^^^^^^^
2025 Feb 11 02:53:49.403670 sonic INFO featured[12532]:   File "/usr/local/bin/featured", line 529, in __init__
2025 Feb 11 02:53:49.403721 sonic INFO featured[12532]:     self.feature_handler = FeatureHandler(self.config_db, feature_state_table, self.device_config, self.advanced_boot)
2025 Feb 11 02:53:49.403775 sonic INFO featured[12532]:                            ^^^^^^^^^^^^^^^^^^^^^^^^^^^^^^^^^^^^^^^^^^^^^^^^^^^^^^^^^^^^^^^^^^^^^^^^^^^^^^^^^^^^^^^^^^^
2025 Feb 11 02:53:49.403818 sonic INFO featured[12532]:   File "/usr/local/bin/featured", line 136, in __init__
2025 Feb 11 02:53:49.403871 sonic INFO featured[12532]:     self._device_running_config = device_info.get_device_runtime_metadata()
2025 Feb 11 02:53:49.403913 sonic INFO featured[12532]:                                   ^^^^^^^^^^^^^^^^^^^^^^^^^^^^^^^^^^^^^^^^^
2025 Feb 11 02:53:49.403955 sonic INFO featured[12532]:   File "/usr/local/lib/python3.11/dist-packages/sonic_py_common/device_info.py", line 680, in get_device_runtime_metadata
2025 Feb 11 02:53:49.404020 sonic INFO featured[12532]:     port_metadata = {'ETHERNET_PORTS_PRESENT': True if get_path_to_port_config_file(hwsku=None, asic="0" if is_multi_npu() else None) else False}
2025 Feb 11 02:53:49.404068 sonic INFO featured[12532]:                                                        ^^^^^^^^^^^^^^^^^^^^^^^^^^^^^^^^^^^^^^^^^^^^^^^^^^^^^^^^^^^^^^^^^^^^^^^^^^^^^^
2025 Feb 11 02:53:49.404086 sonic INFO featured[12532]:   File "/usr/local/lib/python3.11/dist-packages/sonic_py_common/device_info.py", line 446, in get_path_to_port_config_file
2025 Feb 11 02:53:49.404112 sonic INFO featured[12532]:     (platform_path, hwsku_path) = get_paths_to_platform_and_hwsku_dirs()
2025 Feb 11 02:53:49.404141 sonic INFO featured[12532]:                                   ^^^^^^^^^^^^^^^^^^^^^^^^^^^^^^^^^^^^^^
2025 Feb 11 02:53:49.404184 sonic INFO featured[12532]:   File "/usr/local/lib/python3.11/dist-packages/sonic_py_common/device_info.py", line 412, in get_paths_to_platform_and_hwsku_dirs
2025 Feb 11 02:53:49.404238 sonic INFO featured[12532]:     hwsku_path = os.path.join(platform_path, hwsku)
2025 Feb 11 02:53:49.404280 sonic INFO featured[12532]:                  ^^^^^^^^^^^^^^^^^^^^^^^^^^^^^^^^^^
2025 Feb 11 02:53:49.404321 sonic INFO featured[12532]:   File "<frozen posixpath>", line 90, in join
2025 Feb 11 02:53:49.404361 sonic INFO featured[12532]:   File "<frozen genericpath>", line 152, in _check_arg_types
2025 Feb 11 02:53:49.404402 sonic INFO featured[12532]: TypeError: join() argument must be str, bytes, or os.PathLike object, not 'NoneType'
2025 Feb 11 02:53:49.423982 sonic NOTICE systemd[1]: featured.service: Main process exited, code=exited, status=1/FAILURE
2025 Feb 11 02:53:49.424166 sonic WARNING systemd[1]: featured.service: Failed with result 'exit-code'.
2025 Feb 11 02:53:49.450590 sonic INFO systemd[1]: Started featured.service - Feature configuration daemon.
2025 Feb 11 02:53:49.582193 sonic INFO featured: ConfigDB connect success
2025 Feb 11 02:53:49.586226 sonic INFO featured[12533]: Traceback (most recent call last):
2025 Feb 11 02:53:49.586299 sonic INFO featured[12533]:   File "/usr/local/bin/featured", line 598, in <module>
2025 Feb 11 02:53:49.586397 sonic INFO featured[12533]:     main()
2025 Feb 11 02:53:49.586473 sonic INFO featured[12533]:   File "/usr/local/bin/featured", line 591, in main
2025 Feb 11 02:53:49.586527 sonic INFO featured[12533]:     daemon = FeatureDaemon()
2025 Feb 11 02:53:49.586588 sonic INFO featured[12533]:              ^^^^^^^^^^^^^^^
2025 Feb 11 02:53:49.586632 sonic INFO featured[12533]:   File "/usr/local/bin/featured", line 529, in __init__
2025 Feb 11 02:53:49.586684 sonic INFO featured[12533]:     self.feature_handler = FeatureHandler(self.config_db, feature_state_table, self.device_config, self.advanced_boot)
2025 Feb 11 02:53:49.586729 sonic INFO featured[12533]:                            ^^^^^^^^^^^^^^^^^^^^^^^^^^^^^^^^^^^^^^^^^^^^^^^^^^^^^^^^^^^^^^^^^^^^^^^^^^^^^^^^^^^^^^^^^^^
2025 Feb 11 02:53:49.586772 sonic INFO featured[12533]:   File "/usr/local/bin/featured", line 136, in __init__
2025 Feb 11 02:53:49.586823 sonic INFO featured[12533]:     self._device_running_config = device_info.get_device_runtime_metadata()
2025 Feb 11 02:53:49.586866 sonic INFO featured[12533]:                                   ^^^^^^^^^^^^^^^^^^^^^^^^^^^^^^^^^^^^^^^^^
2025 Feb 11 02:53:49.586907 sonic INFO featured[12533]:   File "/usr/local/lib/python3.11/dist-packages/sonic_py_common/device_info.py", line 680, in get_device_runtime_metadata
2025 Feb 11 02:53:49.586961 sonic INFO featured[12533]:     port_metadata = {'ETHERNET_PORTS_PRESENT': True if get_path_to_port_config_file(hwsku=None, asic="0" if is_multi_npu() else None) else False}
2025 Feb 11 02:53:49.587056 sonic INFO featured[12533]:                                                        ^^^^^^^^^^^^^^^^^^^^^^^^^^^^^^^^^^^^^^^^^^^^^^^^^^^^^^^^^^^^^^^^^^^^^^^^^^^^^^
2025 Feb 11 02:53:49.587102 sonic INFO featured[12533]:   File "/usr/local/lib/python3.11/dist-packages/sonic_py_common/device_info.py", line 446, in get_path_to_port_config_file
2025 Feb 11 02:53:49.587162 sonic INFO featured[12533]:     (platform_path, hwsku_path) = get_paths_to_platform_and_hwsku_dirs()
2025 Feb 11 02:53:49.587206 sonic INFO featured[12533]:                                   ^^^^^^^^^^^^^^^^^^^^^^^^^^^^^^^^^^^^^^
2025 Feb 11 02:53:49.587244 sonic INFO featured[12533]:   File "/usr/local/lib/python3.11/dist-packages/sonic_py_common/device_info.py", line 412, in get_paths_to_platform_and_hwsku_dirs
2025 Feb 11 02:53:49.587286 sonic INFO featured[12533]:     hwsku_path = os.path.join(platform_path, hwsku)
2025 Feb 11 02:53:49.587327 sonic INFO featured[12533]:                  ^^^^^^^^^^^^^^^^^^^^^^^^^^^^^^^^^^
2025 Feb 11 02:53:49.587368 sonic INFO featured[12533]:   File "<frozen posixpath>", line 90, in join
2025 Feb 11 02:53:49.587409 sonic INFO featured[12533]:   File "<frozen genericpath>", line 152, in _check_arg_types
2025 Feb 11 02:53:49.587471 sonic INFO featured[12533]: TypeError: join() argument must be str, bytes, or os.PathLike object, not 'NoneType'
2025 Feb 11 02:53:49.606095 sonic NOTICE systemd[1]: featured.service: Main process exited, code=exited, status=1/FAILURE
2025 Feb 11 02:53:49.606243 sonic WARNING systemd[1]: featured.service: Failed with result 'exit-code'.
2025 Feb 11 02:53:49.622583 sonic INFO systemd[1]: Started featured.service - Feature configuration daemon.
2025 Feb 11 02:53:49.752970 sonic INFO featured: ConfigDB connect success
2025 Feb 11 02:53:49.756903 sonic INFO featured[12534]: Traceback (most recent call last):
2025 Feb 11 02:53:49.756957 sonic INFO featured[12534]:   File "/usr/local/bin/featured", line 598, in <module>
2025 Feb 11 02:53:49.757051 sonic INFO featured[12534]:     main()
2025 Feb 11 02:53:49.757090 sonic INFO featured[12534]:   File "/usr/local/bin/featured", line 591, in main
2025 Feb 11 02:53:49.757206 sonic INFO featured[12534]:     daemon = FeatureDaemon()
2025 Feb 11 02:53:49.757246 sonic INFO featured[12534]:              ^^^^^^^^^^^^^^^
2025 Feb 11 02:53:49.757262 sonic INFO featured[12534]:   File "/usr/local/bin/featured", line 529, in __init__
2025 Feb 11 02:53:49.757324 sonic INFO featured[12534]:     self.feature_handler = FeatureHandler(self.config_db, feature_state_table, self.device_config, self.advanced_boot)
2025 Feb 11 02:53:49.757363 sonic INFO featured[12534]:                            ^^^^^^^^^^^^^^^^^^^^^^^^^^^^^^^^^^^^^^^^^^^^^^^^^^^^^^^^^^^^^^^^^^^^^^^^^^^^^^^^^^^^^^^^^^^
2025 Feb 11 02:53:49.757380 sonic INFO featured[12534]:   File "/usr/local/bin/featured", line 136, in __init__
2025 Feb 11 02:53:49.757444 sonic INFO featured[12534]:     self._device_running_config = device_info.get_device_runtime_metadata()
2025 Feb 11 02:53:49.757469 sonic INFO featured[12534]:                                   ^^^^^^^^^^^^^^^^^^^^^^^^^^^^^^^^^^^^^^^^^
2025 Feb 11 02:53:49.757539 sonic INFO featured[12534]:   File "/usr/local/lib/python3.11/dist-packages/sonic_py_common/device_info.py", line 680, in get_device_runtime_metadata
2025 Feb 11 02:53:49.757672 sonic INFO featured[12534]:     port_metadata = {'ETHERNET_PORTS_PRESENT': True if get_path_to_port_config_file(hwsku=None, asic="0" if is_multi_npu() else None) else False}
2025 Feb 11 02:53:49.757713 sonic INFO featured[12534]:                                                        ^^^^^^^^^^^^^^^^^^^^^^^^^^^^^^^^^^^^^^^^^^^^^^^^^^^^^^^^^^^^^^^^^^^^^^^^^^^^^^
2025 Feb 11 02:53:49.757730 sonic INFO featured[12534]:   File "/usr/local/lib/python3.11/dist-packages/sonic_py_common/device_info.py", line 446, in get_path_to_port_config_file
2025 Feb 11 02:53:49.757797 sonic INFO featured[12534]:     (platform_path, hwsku_path) = get_paths_to_platform_and_hwsku_dirs()
2025 Feb 11 02:53:49.757833 sonic INFO featured[12534]:                                   ^^^^^^^^^^^^^^^^^^^^^^^^^^^^^^^^^^^^^^
2025 Feb 11 02:53:49.757850 sonic INFO featured[12534]:   File "/usr/local/lib/python3.11/dist-packages/sonic_py_common/device_info.py", line 412, in get_paths_to_platform_and_hwsku_dirs
2025 Feb 11 02:53:49.757906 sonic INFO featured[12534]:     hwsku_path = os.path.join(platform_path, hwsku)
2025 Feb 11 02:53:49.757943 sonic INFO featured[12534]:                  ^^^^^^^^^^^^^^^^^^^^^^^^^^^^^^^^^^
2025 Feb 11 02:53:49.757959 sonic INFO featured[12534]:   File "<frozen posixpath>", line 90, in join
2025 Feb 11 02:53:49.757975 sonic INFO featured[12534]:   File "<frozen genericpath>", line 152, in _check_arg_types
2025 Feb 11 02:53:49.757991 sonic INFO featured[12534]: TypeError: join() argument must be str, bytes, or os.PathLike object, not 'NoneType'
2025 Feb 11 02:53:49.775790 sonic NOTICE systemd[1]: featured.service: Main process exited, code=exited, status=1/FAILURE
2025 Feb 11 02:53:49.775974 sonic WARNING systemd[1]: featured.service: Failed with result 'exit-code'.
2025 Feb 11 02:53:49.832280 sonic INFO systemd[1]: Started featured.service - Feature configuration daemon.
2025 Feb 11 02:53:49.966899 sonic INFO featured: ConfigDB connect success
2025 Feb 11 02:53:49.970839 sonic INFO featured[12535]: Traceback (most recent call last):
2025 Feb 11 02:53:49.970903 sonic INFO featured[12535]:   File "/usr/local/bin/featured", line 598, in <module>
2025 Feb 11 02:53:49.970971 sonic INFO featured[12535]:     main()
2025 Feb 11 02:53:49.971028 sonic INFO featured[12535]:   File "/usr/local/bin/featured", line 591, in main
2025 Feb 11 02:53:49.971138 sonic INFO featured[12535]:     daemon = FeatureDaemon()
2025 Feb 11 02:53:49.971176 sonic INFO featured[12535]:              ^^^^^^^^^^^^^^^
2025 Feb 11 02:53:49.971201 sonic INFO featured[12535]:   File "/usr/local/bin/featured", line 529, in __init__
2025 Feb 11 02:53:49.971253 sonic INFO featured[12535]:     self.feature_handler = FeatureHandler(self.config_db, feature_state_table, self.device_config, self.advanced_boot)
2025 Feb 11 02:53:49.971307 sonic INFO featured[12535]:                            ^^^^^^^^^^^^^^^^^^^^^^^^^^^^^^^^^^^^^^^^^^^^^^^^^^^^^^^^^^^^^^^^^^^^^^^^^^^^^^^^^^^^^^^^^^^
2025 Feb 11 02:53:49.971350 sonic INFO featured[12535]:   File "/usr/local/bin/featured", line 136, in __init__
2025 Feb 11 02:53:49.971402 sonic INFO featured[12535]:     self._device_running_config = device_info.get_device_runtime_metadata()
2025 Feb 11 02:53:49.971467 sonic INFO featured[12535]:                                   ^^^^^^^^^^^^^^^^^^^^^^^^^^^^^^^^^^^^^^^^^
2025 Feb 11 02:53:49.971510 sonic INFO featured[12535]:   File "/usr/local/lib/python3.11/dist-packages/sonic_py_common/device_info.py", line 680, in get_device_runtime_metadata
2025 Feb 11 02:53:49.971564 sonic INFO featured[12535]:     port_metadata = {'ETHERNET_PORTS_PRESENT': True if get_path_to_port_config_file(hwsku=None, asic="0" if is_multi_npu() else None) else False}
2025 Feb 11 02:53:49.971606 sonic INFO featured[12535]:                                                        ^^^^^^^^^^^^^^^^^^^^^^^^^^^^^^^^^^^^^^^^^^^^^^^^^^^^^^^^^^^^^^^^^^^^^^^^^^^^^^
2025 Feb 11 02:53:49.971648 sonic INFO featured[12535]:   File "/usr/local/lib/python3.11/dist-packages/sonic_py_common/device_info.py", line 446, in get_path_to_port_config_file
2025 Feb 11 02:53:49.971699 sonic INFO featured[12535]:     (platform_path, hwsku_path) = get_paths_to_platform_and_hwsku_dirs()
2025 Feb 11 02:53:49.971740 sonic INFO featured[12535]:                                   ^^^^^^^^^^^^^^^^^^^^^^^^^^^^^^^^^^^^^^
2025 Feb 11 02:53:49.971781 sonic INFO featured[12535]:   File "/usr/local/lib/python3.11/dist-packages/sonic_py_common/device_info.py", line 412, in get_paths_to_platform_and_hwsku_dirs
2025 Feb 11 02:53:49.971834 sonic INFO featured[12535]:     hwsku_path = os.path.join(platform_path, hwsku)
2025 Feb 11 02:53:49.971874 sonic INFO featured[12535]:                  ^^^^^^^^^^^^^^^^^^^^^^^^^^^^^^^^^^
2025 Feb 11 02:53:49.971916 sonic INFO featured[12535]:   File "<frozen posixpath>", line 90, in join
2025 Feb 11 02:53:49.971957 sonic INFO featured[12535]:   File "<frozen genericpath>", line 152, in _check_arg_types
2025 Feb 11 02:53:49.971999 sonic INFO featured[12535]: TypeError: join() argument must be str, bytes, or os.PathLike object, not 'NoneType'
2025 Feb 11 02:53:49.989817 sonic NOTICE systemd[1]: featured.service: Main process exited, code=exited, status=1/FAILURE
2025 Feb 11 02:53:49.989948 sonic WARNING systemd[1]: featured.service: Failed with result 'exit-code'.
2025 Feb 11 02:53:49.992003 sonic WARNING systemd[1]: featured.service: Start request repeated too quickly.
2025 Feb 11 02:53:49.992063 sonic WARNING systemd[1]: featured.service: Failed with result 'exit-code'.
2025 Feb 11 02:53:49.992160 sonic ERR systemd[1]: Failed to start featured.service - Feature configuration daemon.
2025 Feb 11 02:53:54.854823 sonic ERR monit[828]: 'container_checker' status failed (4) -- Unexpected running containers: macsec2, database, bgp3, macsec1, bgp2, macsec3, database3, database1, bgp0, database0, macsec0, eventd, database2, bgp1
2025 Feb 11 02:53:54.857430 sonic WARNING systemd[1]: featured.service: Start request repeated too quickly.
2025 Feb 11 02:53:54.857771 sonic WARNING systemd[1]: featured.service: Failed with result 'exit-code'.
2025 Feb 11 02:53:54.857847 sonic ERR systemd[1]: Failed to start featured.service - Feature configuration daemon.
2025 Feb 11 02:53:54.973043 sonic DEBUG mgmt_oper_status.py: No management interface found
2025 Feb 11 02:53:55.127455 sonic WARNING systemd[1]: featured.service: Start request repeated too quickly.
2025 Feb 11 02:53:55.127619 sonic WARNING systemd[1]: featured.service: Failed with result 'exit-code'.
2025 Feb 11 02:53:55.127669 sonic ERR systemd[1]: Failed to start featured.service - Feature configuration daemon.
2025 Feb 11 02:53:55.129337 sonic WARNING systemd[1]: featured.service: Start request repeated too quickly.
2025 Feb 11 02:53:55.129446 sonic WARNING systemd[1]: featured.service: Failed with result 'exit-code'.
2025 Feb 11 02:53:55.129701 sonic ERR systemd[1]: Failed to start featured.service - Feature configuration daemon.
2025 Feb 11 02:53:55.159434 sonic WARNING systemd[1]: featured.service: Start request repeated too quickly.
2025 Feb 11 02:53:55.159514 sonic WARNING systemd[1]: featured.service: Failed with result 'exit-code'.
2025 Feb 11 02:53:55.159559 sonic ERR systemd[1]: Failed to start featured.service - Feature configuration daemon.
2025 Feb 11 02:53:55.163532 sonic WARNING systemd[1]: featured.service: Start request repeated too quickly.
2025 Feb 11 02:53:55.163611 sonic WARNING systemd[1]: featured.service: Failed with result 'exit-code'.
2025 Feb 11 02:53:55.163655 sonic ERR systemd[1]: Failed to start featured.service - Feature configuration daemon.
2025 Feb 11 02:53:55.166065 sonic WARNING systemd[1]: featured.service: Start request repeated too quickly.
2025 Feb 11 02:53:55.166132 sonic WARNING systemd[1]: featured.service: Failed with result 'exit-code'.
2025 Feb 11 02:53:55.166162 sonic ERR systemd[1]: Failed to start featured.service - Feature configuration daemon.
2025 Feb 11 02:53:55.181621 sonic INFO memory_checker: [memory_checker] Exits without checking memory usage since container 'snmp' is not running!
2025 Feb 11 02:53:55.212939 sonic INFO memory_checker: [memory_checker] Exits without checking memory usage since container 'gnmi' is not running!
2025 Feb 11 02:53:55.217306 sonic INFO memory_checker: [memory_checker] Exits without checking memory usage since container 'bmp' is not running!
2025 Feb 11 02:53:58.279675 sonic WARNING systemd[1]: featured.service: Start request repeated too quickly.
2025 Feb 11 02:53:58.279930 sonic WARNING systemd[1]: featured.service: Failed with result 'exit-code'.
2025 Feb 11 02:53:58.279996 sonic ERR systemd[1]: Failed to start featured.service - Feature configuration daemon.
2025 Feb 11 02:54:18.294646 sonic INFO systemd[1]: Started featured.service - Feature configuration daemon.
2025 Feb 11 02:54:18.425749 sonic INFO featured: ConfigDB connect success
2025 Feb 11 02:54:18.429607 sonic INFO featured[12637]: Traceback (most recent call last):
2025 Feb 11 02:54:18.429680 sonic INFO featured[12637]:   File "/usr/local/bin/featured", line 598, in <module>
2025 Feb 11 02:54:18.429744 sonic INFO featured[12637]:     main()
2025 Feb 11 02:54:18.429803 sonic INFO featured[12637]:   File "/usr/local/bin/featured", line 591, in main
2025 Feb 11 02:54:18.429887 sonic INFO featured[12637]:     daemon = FeatureDaemon()
2025 Feb 11 02:54:18.429934 sonic INFO featured[12637]:              ^^^^^^^^^^^^^^^
2025 Feb 11 02:54:18.429963 sonic INFO featured[12637]:   File "/usr/local/bin/featured", line 529, in __init__
2025 Feb 11 02:54:18.430013 sonic INFO featured[12637]:     self.feature_handler = FeatureHandler(self.config_db, feature_state_table, self.device_config, self.advanced_boot)
2025 Feb 11 02:54:18.430068 sonic INFO featured[12637]:                            ^^^^^^^^^^^^^^^^^^^^^^^^^^^^^^^^^^^^^^^^^^^^^^^^^^^^^^^^^^^^^^^^^^^^^^^^^^^^^^^^^^^^^^^^^^^
2025 Feb 11 02:54:18.430119 sonic INFO featured[12637]:   File "/usr/local/bin/featured", line 136, in __init__
2025 Feb 11 02:54:18.430172 sonic INFO featured[12637]:     self._device_running_config = device_info.get_device_runtime_metadata()
2025 Feb 11 02:54:18.430213 sonic INFO featured[12637]:                                   ^^^^^^^^^^^^^^^^^^^^^^^^^^^^^^^^^^^^^^^^^
2025 Feb 11 02:54:18.430255 sonic INFO featured[12637]:   File "/usr/local/lib/python3.11/dist-packages/sonic_py_common/device_info.py", line 680, in get_device_runtime_metadata
2025 Feb 11 02:54:18.430310 sonic INFO featured[12637]:     port_metadata = {'ETHERNET_PORTS_PRESENT': True if get_path_to_port_config_file(hwsku=None, asic="0" if is_multi_npu() else None) else False}
2025 Feb 11 02:54:18.430380 sonic INFO featured[12637]:                                                        ^^^^^^^^^^^^^^^^^^^^^^^^^^^^^^^^^^^^^^^^^^^^^^^^^^^^^^^^^^^^^^^^^^^^^^^^^^^^^^
2025 Feb 11 02:54:18.430422 sonic INFO featured[12637]:   File "/usr/local/lib/python3.11/dist-packages/sonic_py_common/device_info.py", line 446, in get_path_to_port_config_file
2025 Feb 11 02:54:18.430475 sonic INFO featured[12637]:     (platform_path, hwsku_path) = get_paths_to_platform_and_hwsku_dirs()
2025 Feb 11 02:54:18.430516 sonic INFO featured[12637]:                                   ^^^^^^^^^^^^^^^^^^^^^^^^^^^^^^^^^^^^^^
2025 Feb 11 02:54:18.430557 sonic INFO featured[12637]:   File "/usr/local/lib/python3.11/dist-packages/sonic_py_common/device_info.py", line 412, in get_paths_to_platform_and_hwsku_dirs
2025 Feb 11 02:54:18.430611 sonic INFO featured[12637]:     hwsku_path = os.path.join(platform_path, hwsku)
2025 Feb 11 02:54:18.430652 sonic INFO featured[12637]:                  ^^^^^^^^^^^^^^^^^^^^^^^^^^^^^^^^^^
2025 Feb 11 02:54:18.430693 sonic INFO featured[12637]:   File "<frozen posixpath>", line 90, in join
2025 Feb 11 02:54:18.430735 sonic INFO featured[12637]:   File "<frozen genericpath>", line 152, in _check_arg_types
2025 Feb 11 02:54:18.430775 sonic INFO featured[12637]: TypeError: join() argument must be str, bytes, or os.PathLike object, not 'NoneType'
2025 Feb 11 02:54:18.448445 sonic NOTICE systemd[1]: featured.service: Main process exited, code=exited, status=1/FAILURE
2025 Feb 11 02:54:18.448589 sonic WARNING systemd[1]: featured.service: Failed with result 'exit-code'.
2025 Feb 11 02:54:18.482662 sonic INFO systemd[1]: Started featured.service - Feature configuration daemon.
2025 Feb 11 02:54:18.639838 sonic INFO featured: ConfigDB connect success
2025 Feb 11 02:54:18.644117 sonic INFO featured[12640]: Traceback (most recent call last):
2025 Feb 11 02:54:18.644251 sonic INFO featured[12640]:   File "/usr/local/bin/featured", line 598, in <module>
2025 Feb 11 02:54:18.644383 sonic INFO featured[12640]:     main()
2025 Feb 11 02:54:18.644441 sonic INFO featured[12640]:   File "/usr/local/bin/featured", line 591, in main
2025 Feb 11 02:54:18.644601 sonic INFO featured[12640]:     daemon = FeatureDaemon()
2025 Feb 11 02:54:18.644663 sonic INFO featured[12640]:              ^^^^^^^^^^^^^^^
2025 Feb 11 02:54:18.644717 sonic INFO featured[12640]:   File "/usr/local/bin/featured", line 529, in __init__
2025 Feb 11 02:54:18.644794 sonic INFO featured[12640]:     self.feature_handler = FeatureHandler(self.config_db, feature_state_table, self.device_config, self.advanced_boot)
2025 Feb 11 02:54:18.644854 sonic INFO featured[12640]:                            ^^^^^^^^^^^^^^^^^^^^^^^^^^^^^^^^^^^^^^^^^^^^^^^^^^^^^^^^^^^^^^^^^^^^^^^^^^^^^^^^^^^^^^^^^^^
2025 Feb 11 02:54:18.644907 sonic INFO featured[12640]:   File "/usr/local/bin/featured", line 136, in __init__
2025 Feb 11 02:54:18.644959 sonic INFO featured[12640]:     self._device_running_config = device_info.get_device_runtime_metadata()
2025 Feb 11 02:54:18.645010 sonic INFO featured[12640]:                                   ^^^^^^^^^^^^^^^^^^^^^^^^^^^^^^^^^^^^^^^^^
2025 Feb 11 02:54:18.645065 sonic INFO featured[12640]:   File "/usr/local/lib/python3.11/dist-packages/sonic_py_common/device_info.py", line 680, in get_device_runtime_metadata
2025 Feb 11 02:54:18.645268 sonic INFO featured[12640]:     port_metadata = {'ETHERNET_PORTS_PRESENT': True if get_path_to_port_config_file(hwsku=None, asic="0" if is_multi_npu() else None) else False}
2025 Feb 11 02:54:18.645366 sonic INFO featured[12640]:                                                        ^^^^^^^^^^^^^^^^^^^^^^^^^^^^^^^^^^^^^^^^^^^^^^^^^^^^^^^^^^^^^^^^^^^^^^^^^^^^^^
2025 Feb 11 02:54:18.645416 sonic INFO featured[12640]:   File "/usr/local/lib/python3.11/dist-packages/sonic_py_common/device_info.py", line 446, in get_path_to_port_config_file
2025 Feb 11 02:54:18.645453 sonic INFO featured[12640]:     (platform_path, hwsku_path) = get_paths_to_platform_and_hwsku_dirs()
2025 Feb 11 02:54:18.645567 sonic INFO featured[12640]:                                   ^^^^^^^^^^^^^^^^^^^^^^^^^^^^^^^^^^^^^^
2025 Feb 11 02:54:18.645613 sonic INFO featured[12640]:   File "/usr/local/lib/python3.11/dist-packages/sonic_py_common/device_info.py", line 412, in get_paths_to_platform_and_hwsku_dirs
2025 Feb 11 02:54:18.645737 sonic INFO featured[12640]:     hwsku_path = os.path.join(platform_path, hwsku)
2025 Feb 11 02:54:18.645812 sonic INFO featured[12640]:                  ^^^^^^^^^^^^^^^^^^^^^^^^^^^^^^^^^^
2025 Feb 11 02:54:18.645856 sonic INFO featured[12640]:   File "<frozen posixpath>", line 90, in join
2025 Feb 11 02:54:18.645885 sonic INFO featured[12640]:   File "<frozen genericpath>", line 152, in _check_arg_types
2025 Feb 11 02:54:18.645912 sonic INFO featured[12640]: TypeError: join() argument must be str, bytes, or os.PathLike object, not 'NoneType'
2025 Feb 11 02:54:18.664245 sonic NOTICE systemd[1]: featured.service: Main process exited, code=exited, status=1/FAILURE
2025 Feb 11 02:54:18.664367 sonic WARNING systemd[1]: featured.service: Failed with result 'exit-code'.
2025 Feb 11 02:54:18.709259 sonic INFO systemd[1]: Started featured.service - Feature configuration daemon.
2025 Feb 11 02:54:18.887446 sonic INFO featured: ConfigDB connect success
2025 Feb 11 02:54:18.898111 sonic INFO featured[12642]: Traceback (most recent call last):
2025 Feb 11 02:54:18.898489 sonic INFO featured[12642]:   File "/usr/local/bin/featured", line 598, in <module>
2025 Feb 11 02:54:18.898540 sonic INFO featured[12642]:     main()
2025 Feb 11 02:54:18.898576 sonic INFO featured[12642]:   File "/usr/local/bin/featured", line 591, in main
2025 Feb 11 02:54:18.898606 sonic INFO featured[12642]:     daemon = FeatureDaemon()
2025 Feb 11 02:54:18.898622 sonic INFO featured[12642]:              ^^^^^^^^^^^^^^^
2025 Feb 11 02:54:18.898645 sonic INFO featured[12642]:   File "/usr/local/bin/featured", line 529, in __init__
2025 Feb 11 02:54:18.898689 sonic INFO featured[12642]:     self.feature_handler = FeatureHandler(self.config_db, feature_state_table, self.device_config, self.advanced_boot)
2025 Feb 11 02:54:18.898724 sonic INFO featured[12642]:                            ^^^^^^^^^^^^^^^^^^^^^^^^^^^^^^^^^^^^^^^^^^^^^^^^^^^^^^^^^^^^^^^^^^^^^^^^^^^^^^^^^^^^^^^^^^^
2025 Feb 11 02:54:18.898743 sonic INFO featured[12642]:   File "/usr/local/bin/featured", line 136, in __init__
2025 Feb 11 02:54:18.898774 sonic INFO featured[12642]:     self._device_running_config = device_info.get_device_runtime_metadata()
2025 Feb 11 02:54:18.898806 sonic INFO featured[12642]:                                   ^^^^^^^^^^^^^^^^^^^^^^^^^^^^^^^^^^^^^^^^^
2025 Feb 11 02:54:18.898832 sonic INFO featured[12642]:   File "/usr/local/lib/python3.11/dist-packages/sonic_py_common/device_info.py", line 680, in get_device_runtime_metadata
2025 Feb 11 02:54:18.898952 sonic INFO featured[12642]:     port_metadata = {'ETHERNET_PORTS_PRESENT': True if get_path_to_port_config_file(hwsku=None, asic="0" if is_multi_npu() else None) else False}
2025 Feb 11 02:54:18.898992 sonic INFO featured[12642]:                                                        ^^^^^^^^^^^^^^^^^^^^^^^^^^^^^^^^^^^^^^^^^^^^^^^^^^^^^^^^^^^^^^^^^^^^^^^^^^^^^^
2025 Feb 11 02:54:18.899009 sonic INFO featured[12642]:   File "/usr/local/lib/python3.11/dist-packages/sonic_py_common/device_info.py", line 446, in get_path_to_port_config_file
2025 Feb 11 02:54:18.899098 sonic INFO featured[12642]:     (platform_path, hwsku_path) = get_paths_to_platform_and_hwsku_dirs()
2025 Feb 11 02:54:18.899136 sonic INFO featured[12642]:                                   ^^^^^^^^^^^^^^^^^^^^^^^^^^^^^^^^^^^^^^
2025 Feb 11 02:54:18.899152 sonic INFO featured[12642]:   File "/usr/local/lib/python3.11/dist-packages/sonic_py_common/device_info.py", line 412, in get_paths_to_platform_and_hwsku_dirs
2025 Feb 11 02:54:18.899199 sonic INFO featured[12642]:     hwsku_path = os.path.join(platform_path, hwsku)
2025 Feb 11 02:54:18.899233 sonic INFO featured[12642]:                  ^^^^^^^^^^^^^^^^^^^^^^^^^^^^^^^^^^
2025 Feb 11 02:54:18.899250 sonic INFO featured[12642]:   File "<frozen posixpath>", line 90, in join
2025 Feb 11 02:54:18.899266 sonic INFO featured[12642]:   File "<frozen genericpath>", line 152, in _check_arg_types
2025 Feb 11 02:54:18.899291 sonic INFO featured[12642]: TypeError: join() argument must be str, bytes, or os.PathLike object, not 'NoneType'
2025 Feb 11 02:54:18.920671 sonic NOTICE systemd[1]: featured.service: Main process exited, code=exited, status=1/FAILURE
2025 Feb 11 02:54:18.921236 sonic WARNING systemd[1]: featured.service: Failed with result 'exit-code'.
2025 Feb 11 02:54:18.962919 sonic INFO systemd[1]: Started featured.service - Feature configuration daemon.
2025 Feb 11 02:54:19.120071 sonic INFO featured: ConfigDB connect success
2025 Feb 11 02:54:19.124110 sonic INFO featured[12643]: Traceback (most recent call last):
2025 Feb 11 02:54:19.124155 sonic INFO featured[12643]:   File "/usr/local/bin/featured", line 598, in <module>
2025 Feb 11 02:54:19.124314 sonic INFO featured[12643]:     main()
2025 Feb 11 02:54:19.124375 sonic INFO featured[12643]:   File "/usr/local/bin/featured", line 591, in main
2025 Feb 11 02:54:19.124499 sonic INFO featured[12643]:     daemon = FeatureDaemon()
2025 Feb 11 02:54:19.124543 sonic INFO featured[12643]:              ^^^^^^^^^^^^^^^
2025 Feb 11 02:54:19.124560 sonic INFO featured[12643]:   File "/usr/local/bin/featured", line 529, in __init__
2025 Feb 11 02:54:19.124616 sonic INFO featured[12643]:     self.feature_handler = FeatureHandler(self.config_db, feature_state_table, self.device_config, self.advanced_boot)
2025 Feb 11 02:54:19.124652 sonic INFO featured[12643]:                            ^^^^^^^^^^^^^^^^^^^^^^^^^^^^^^^^^^^^^^^^^^^^^^^^^^^^^^^^^^^^^^^^^^^^^^^^^^^^^^^^^^^^^^^^^^^
2025 Feb 11 02:54:19.124673 sonic INFO featured[12643]:   File "/usr/local/bin/featured", line 136, in __init__
2025 Feb 11 02:54:19.124720 sonic INFO featured[12643]:     self._device_running_config = device_info.get_device_runtime_metadata()
2025 Feb 11 02:54:19.124752 sonic INFO featured[12643]:                                   ^^^^^^^^^^^^^^^^^^^^^^^^^^^^^^^^^^^^^^^^^
2025 Feb 11 02:54:19.124778 sonic INFO featured[12643]:   File "/usr/local/lib/python3.11/dist-packages/sonic_py_common/device_info.py", line 680, in get_device_runtime_metadata
2025 Feb 11 02:54:19.124882 sonic INFO featured[12643]:     port_metadata = {'ETHERNET_PORTS_PRESENT': True if get_path_to_port_config_file(hwsku=None, asic="0" if is_multi_npu() else None) else False}
2025 Feb 11 02:54:19.124920 sonic INFO featured[12643]:                                                        ^^^^^^^^^^^^^^^^^^^^^^^^^^^^^^^^^^^^^^^^^^^^^^^^^^^^^^^^^^^^^^^^^^^^^^^^^^^^^^
2025 Feb 11 02:54:19.124937 sonic INFO featured[12643]:   File "/usr/local/lib/python3.11/dist-packages/sonic_py_common/device_info.py", line 446, in get_path_to_port_config_file
2025 Feb 11 02:54:19.125001 sonic INFO featured[12643]:     (platform_path, hwsku_path) = get_paths_to_platform_and_hwsku_dirs()
2025 Feb 11 02:54:19.125033 sonic INFO featured[12643]:                                   ^^^^^^^^^^^^^^^^^^^^^^^^^^^^^^^^^^^^^^
2025 Feb 11 02:54:19.125058 sonic INFO featured[12643]:   File "/usr/local/lib/python3.11/dist-packages/sonic_py_common/device_info.py", line 412, in get_paths_to_platform_and_hwsku_dirs
2025 Feb 11 02:54:19.125108 sonic INFO featured[12643]:     hwsku_path = os.path.join(platform_path, hwsku)
2025 Feb 11 02:54:19.125141 sonic INFO featured[12643]:                  ^^^^^^^^^^^^^^^^^^^^^^^^^^^^^^^^^^
2025 Feb 11 02:54:19.125167 sonic INFO featured[12643]:   File "<frozen posixpath>", line 90, in join
2025 Feb 11 02:54:19.125190 sonic INFO featured[12643]:   File "<frozen genericpath>", line 152, in _check_arg_types
2025 Feb 11 02:54:19.125214 sonic INFO featured[12643]: TypeError: join() argument must be str, bytes, or os.PathLike object, not 'NoneType'
2025 Feb 11 02:54:19.153130 sonic NOTICE systemd[1]: featured.service: Main process exited, code=exited, status=1/FAILURE
2025 Feb 11 02:54:19.153276 sonic WARNING systemd[1]: featured.service: Failed with result 'exit-code'.
2025 Feb 11 02:54:19.210640 sonic INFO systemd[1]: Started featured.service - Feature configuration daemon.
2025 Feb 11 02:54:19.211785 sonic INFO systemd[1]: caclmgrd.service: Scheduled restart job, restart counter is at 54.
2025 Feb 11 02:54:19.212080 sonic INFO systemd[1]: Stopped caclmgrd.service - Control Plane ACL configuration daemon.
2025 Feb 11 02:54:19.213931 sonic INFO systemd[1]: Started caclmgrd.service - Control Plane ACL configuration daemon.
2025 Feb 11 02:54:19.323184 sonic INFO caclmgrd[12650]: Traceback (most recent call last):
2025 Feb 11 02:54:19.323292 sonic INFO caclmgrd[12650]:   File "/usr/local/bin/caclmgrd", line 1146, in <module>
2025 Feb 11 02:54:19.323394 sonic INFO caclmgrd[12650]:     main()
2025 Feb 11 02:54:19.323444 sonic INFO caclmgrd[12650]:   File "/usr/local/bin/caclmgrd", line 1137, in main
2025 Feb 11 02:54:19.323500 sonic INFO caclmgrd[12650]:     caclmgr = ControlPlaneAclManager(SYSLOG_IDENTIFIER)
2025 Feb 11 02:54:19.323552 sonic INFO caclmgrd[12650]:               ^^^^^^^^^^^^^^^^^^^^^^^^^^^^^^^^^^^^^^^^^
2025 Feb 11 02:54:19.323596 sonic INFO caclmgrd[12650]:   File "/usr/local/bin/caclmgrd", line 156, in __init__
2025 Feb 11 02:54:19.323649 sonic INFO caclmgrd[12650]:     if 'subtype' in metadata['localhost'] and metadata['localhost']['subtype'] == 'DualToR':
2025 Feb 11 02:54:19.323693 sonic INFO caclmgrd[12650]:                     ~~~~~~~~^^^^^^^^^^^^^
2025 Feb 11 02:54:19.323734 sonic INFO caclmgrd[12650]: KeyError: 'localhost'
2025 Feb 11 02:54:19.340922 sonic NOTICE systemd[1]: caclmgrd.service: Main process exited, code=exited, status=1/FAILURE
2025 Feb 11 02:54:19.341310 sonic WARNING systemd[1]: caclmgrd.service: Failed with result 'exit-code'.
2025 Feb 11 02:54:19.357349 sonic INFO featured: ConfigDB connect success
2025 Feb 11 02:54:19.361568 sonic INFO featured[12648]: Traceback (most recent call last):
2025 Feb 11 02:54:19.361629 sonic INFO featured[12648]:   File "/usr/local/bin/featured", line 598, in <module>
2025 Feb 11 02:54:19.361783 sonic INFO featured[12648]:     main()
2025 Feb 11 02:54:19.361827 sonic INFO featured[12648]:   File "/usr/local/bin/featured", line 591, in main
2025 Feb 11 02:54:19.361944 sonic INFO featured[12648]:     daemon = FeatureDaemon()
2025 Feb 11 02:54:19.361981 sonic INFO featured[12648]:              ^^^^^^^^^^^^^^^
2025 Feb 11 02:54:19.362004 sonic INFO featured[12648]:   File "/usr/local/bin/featured", line 529, in __init__
2025 Feb 11 02:54:19.362052 sonic INFO featured[12648]:     self.feature_handler = FeatureHandler(self.config_db, feature_state_table, self.device_config, self.advanced_boot)
2025 Feb 11 02:54:19.362101 sonic INFO featured[12648]:                            ^^^^^^^^^^^^^^^^^^^^^^^^^^^^^^^^^^^^^^^^^^^^^^^^^^^^^^^^^^^^^^^^^^^^^^^^^^^^^^^^^^^^^^^^^^^
2025 Feb 11 02:54:19.362127 sonic INFO featured[12648]:   File "/usr/local/bin/featured", line 136, in __init__
2025 Feb 11 02:54:19.362158 sonic INFO featured[12648]:     self._device_running_config = device_info.get_device_runtime_metadata()
2025 Feb 11 02:54:19.362189 sonic INFO featured[12648]:                                   ^^^^^^^^^^^^^^^^^^^^^^^^^^^^^^^^^^^^^^^^^
2025 Feb 11 02:54:19.362215 sonic INFO featured[12648]:   File "/usr/local/lib/python3.11/dist-packages/sonic_py_common/device_info.py", line 680, in get_device_runtime_metadata
2025 Feb 11 02:54:19.362345 sonic INFO featured[12648]:     port_metadata = {'ETHERNET_PORTS_PRESENT': True if get_path_to_port_config_file(hwsku=None, asic="0" if is_multi_npu() else None) else False}
2025 Feb 11 02:54:19.362387 sonic INFO featured[12648]:                                                        ^^^^^^^^^^^^^^^^^^^^^^^^^^^^^^^^^^^^^^^^^^^^^^^^^^^^^^^^^^^^^^^^^^^^^^^^^^^^^^
2025 Feb 11 02:54:19.362408 sonic INFO featured[12648]:   File "/usr/local/lib/python3.11/dist-packages/sonic_py_common/device_info.py", line 446, in get_path_to_port_config_file
2025 Feb 11 02:54:19.362470 sonic INFO featured[12648]:     (platform_path, hwsku_path) = get_paths_to_platform_and_hwsku_dirs()
2025 Feb 11 02:54:19.362503 sonic INFO featured[12648]:                                   ^^^^^^^^^^^^^^^^^^^^^^^^^^^^^^^^^^^^^^
2025 Feb 11 02:54:19.362528 sonic INFO featured[12648]:   File "/usr/local/lib/python3.11/dist-packages/sonic_py_common/device_info.py", line 412, in get_paths_to_platform_and_hwsku_dirs
2025 Feb 11 02:54:19.362582 sonic INFO featured[12648]:     hwsku_path = os.path.join(platform_path, hwsku)
2025 Feb 11 02:54:19.362616 sonic INFO featured[12648]:                  ^^^^^^^^^^^^^^^^^^^^^^^^^^^^^^^^^^
2025 Feb 11 02:54:19.362642 sonic INFO featured[12648]:   File "<frozen posixpath>", line 90, in join
2025 Feb 11 02:54:19.362666 sonic INFO featured[12648]:   File "<frozen genericpath>", line 152, in _check_arg_types
2025 Feb 11 02:54:19.362691 sonic INFO featured[12648]: TypeError: join() argument must be str, bytes, or os.PathLike object, not 'NoneType'
2025 Feb 11 02:54:19.381958 sonic NOTICE systemd[1]: featured.service: Main process exited, code=exited, status=1/FAILURE
2025 Feb 11 02:54:19.382091 sonic WARNING systemd[1]: featured.service: Failed with result 'exit-code'.
2025 Feb 11 02:54:19.383809 sonic WARNING systemd[1]: featured.service: Start request repeated too quickly.
2025 Feb 11 02:54:19.383863 sonic WARNING systemd[1]: featured.service: Failed with result 'exit-code'.
2025 Feb 11 02:54:19.383901 sonic ERR systemd[1]: Failed to start featured.service - Feature configuration daemon.
2025 Feb 11 02:54:38.302675 sonic INFO systemd[1]: Started featured.service - Feature configuration daemon.
2025 Feb 11 02:54:38.463684 sonic INFO featured: ConfigDB connect success
2025 Feb 11 02:54:38.467831 sonic INFO featured[12705]: Traceback (most recent call last):
2025 Feb 11 02:54:38.467906 sonic INFO featured[12705]:   File "/usr/local/bin/featured", line 598, in <module>
2025 Feb 11 02:54:38.468001 sonic INFO featured[12705]:     main()
2025 Feb 11 02:54:38.468045 sonic INFO featured[12705]:   File "/usr/local/bin/featured", line 591, in main
2025 Feb 11 02:54:38.468134 sonic INFO featured[12705]:     daemon = FeatureDaemon()
2025 Feb 11 02:54:38.468172 sonic INFO featured[12705]:              ^^^^^^^^^^^^^^^
2025 Feb 11 02:54:38.468198 sonic INFO featured[12705]:   File "/usr/local/bin/featured", line 529, in __init__
2025 Feb 11 02:54:38.468251 sonic INFO featured[12705]:     self.feature_handler = FeatureHandler(self.config_db, feature_state_table, self.device_config, self.advanced_boot)
2025 Feb 11 02:54:38.468336 sonic INFO featured[12705]:                            ^^^^^^^^^^^^^^^^^^^^^^^^^^^^^^^^^^^^^^^^^^^^^^^^^^^^^^^^^^^^^^^^^^^^^^^^^^^^^^^^^^^^^^^^^^^
2025 Feb 11 02:54:38.468383 sonic INFO featured[12705]:   File "/usr/local/bin/featured", line 136, in __init__
2025 Feb 11 02:54:38.468437 sonic INFO featured[12705]:     self._device_running_config = device_info.get_device_runtime_metadata()
2025 Feb 11 02:54:38.468483 sonic INFO featured[12705]:                                   ^^^^^^^^^^^^^^^^^^^^^^^^^^^^^^^^^^^^^^^^^
2025 Feb 11 02:54:38.468526 sonic INFO featured[12705]:   File "/usr/local/lib/python3.11/dist-packages/sonic_py_common/device_info.py", line 680, in get_device_runtime_metadata
2025 Feb 11 02:54:38.468581 sonic INFO featured[12705]:     port_metadata = {'ETHERNET_PORTS_PRESENT': True if get_path_to_port_config_file(hwsku=None, asic="0" if is_multi_npu() else None) else False}
2025 Feb 11 02:54:38.468625 sonic INFO featured[12705]:                                                        ^^^^^^^^^^^^^^^^^^^^^^^^^^^^^^^^^^^^^^^^^^^^^^^^^^^^^^^^^^^^^^^^^^^^^^^^^^^^^^
2025 Feb 11 02:54:38.468667 sonic INFO featured[12705]:   File "/usr/local/lib/python3.11/dist-packages/sonic_py_common/device_info.py", line 446, in get_path_to_port_config_file
2025 Feb 11 02:54:38.468721 sonic INFO featured[12705]:     (platform_path, hwsku_path) = get_paths_to_platform_and_hwsku_dirs()
2025 Feb 11 02:54:38.468762 sonic INFO featured[12705]:                                   ^^^^^^^^^^^^^^^^^^^^^^^^^^^^^^^^^^^^^^
2025 Feb 11 02:54:38.468809 sonic INFO featured[12705]:   File "/usr/local/lib/python3.11/dist-packages/sonic_py_common/device_info.py", line 412, in get_paths_to_platform_and_hwsku_dirs
2025 Feb 11 02:54:38.468850 sonic INFO featured[12705]:     hwsku_path = os.path.join(platform_path, hwsku)
2025 Feb 11 02:54:38.468896 sonic INFO featured[12705]:                  ^^^^^^^^^^^^^^^^^^^^^^^^^^^^^^^^^^
2025 Feb 11 02:54:38.468948 sonic INFO featured[12705]:   File "<frozen posixpath>", line 90, in join
2025 Feb 11 02:54:38.468989 sonic INFO featured[12705]:   File "<frozen genericpath>", line 152, in _check_arg_types
2025 Feb 11 02:54:38.469030 sonic INFO featured[12705]: TypeError: join() argument must be str, bytes, or os.PathLike object, not 'NoneType'
2025 Feb 11 02:54:38.488648 sonic NOTICE systemd[1]: featured.service: Main process exited, code=exited, status=1/FAILURE
2025 Feb 11 02:54:38.488783 sonic WARNING systemd[1]: featured.service: Failed with result 'exit-code'.
2025 Feb 11 02:54:38.506830 sonic INFO systemd[1]: Started featured.service - Feature configuration daemon.
2025 Feb 11 02:54:38.645392 sonic INFO featured: ConfigDB connect success
2025 Feb 11 02:54:38.649536 sonic INFO featured[12706]: Traceback (most recent call last):
2025 Feb 11 02:54:38.649599 sonic INFO featured[12706]:   File "/usr/local/bin/featured", line 598, in <module>
2025 Feb 11 02:54:38.649737 sonic INFO featured[12706]:     main()
2025 Feb 11 02:54:38.649777 sonic INFO featured[12706]:   File "/usr/local/bin/featured", line 591, in main
2025 Feb 11 02:54:38.649895 sonic INFO featured[12706]:     daemon = FeatureDaemon()
2025 Feb 11 02:54:38.649928 sonic INFO featured[12706]:              ^^^^^^^^^^^^^^^
2025 Feb 11 02:54:38.649950 sonic INFO featured[12706]:   File "/usr/local/bin/featured", line 529, in __init__
2025 Feb 11 02:54:38.650013 sonic INFO featured[12706]:     self.feature_handler = FeatureHandler(self.config_db, feature_state_table, self.device_config, self.advanced_boot)
2025 Feb 11 02:54:38.650078 sonic INFO featured[12706]:                            ^^^^^^^^^^^^^^^^^^^^^^^^^^^^^^^^^^^^^^^^^^^^^^^^^^^^^^^^^^^^^^^^^^^^^^^^^^^^^^^^^^^^^^^^^^^
2025 Feb 11 02:54:38.650108 sonic INFO featured[12706]:   File "/usr/local/bin/featured", line 136, in __init__
2025 Feb 11 02:54:38.650140 sonic INFO featured[12706]:     self._device_running_config = device_info.get_device_runtime_metadata()
2025 Feb 11 02:54:38.650166 sonic INFO featured[12706]:                                   ^^^^^^^^^^^^^^^^^^^^^^^^^^^^^^^^^^^^^^^^^
2025 Feb 11 02:54:38.650195 sonic INFO featured[12706]:   File "/usr/local/lib/python3.11/dist-packages/sonic_py_common/device_info.py", line 680, in get_device_runtime_metadata
2025 Feb 11 02:54:38.650288 sonic INFO featured[12706]:     port_metadata = {'ETHERNET_PORTS_PRESENT': True if get_path_to_port_config_file(hwsku=None, asic="0" if is_multi_npu() else None) else False}
2025 Feb 11 02:54:38.650348 sonic INFO featured[12706]:                                                        ^^^^^^^^^^^^^^^^^^^^^^^^^^^^^^^^^^^^^^^^^^^^^^^^^^^^^^^^^^^^^^^^^^^^^^^^^^^^^^
2025 Feb 11 02:54:38.650395 sonic INFO featured[12706]:   File "/usr/local/lib/python3.11/dist-packages/sonic_py_common/device_info.py", line 446, in get_path_to_port_config_file
2025 Feb 11 02:54:38.650447 sonic INFO featured[12706]:     (platform_path, hwsku_path) = get_paths_to_platform_and_hwsku_dirs()
2025 Feb 11 02:54:38.650491 sonic INFO featured[12706]:                                   ^^^^^^^^^^^^^^^^^^^^^^^^^^^^^^^^^^^^^^
2025 Feb 11 02:54:38.650533 sonic INFO featured[12706]:   File "/usr/local/lib/python3.11/dist-packages/sonic_py_common/device_info.py", line 412, in get_paths_to_platform_and_hwsku_dirs
2025 Feb 11 02:54:38.650588 sonic INFO featured[12706]:     hwsku_path = os.path.join(platform_path, hwsku)
2025 Feb 11 02:54:38.650630 sonic INFO featured[12706]:                  ^^^^^^^^^^^^^^^^^^^^^^^^^^^^^^^^^^
2025 Feb 11 02:54:38.650673 sonic INFO featured[12706]:   File "<frozen posixpath>", line 90, in join
2025 Feb 11 02:54:38.650715 sonic INFO featured[12706]:   File "<frozen genericpath>", line 152, in _check_arg_types
2025 Feb 11 02:54:38.650757 sonic INFO featured[12706]: TypeError: join() argument must be str, bytes, or os.PathLike object, not 'NoneType'
2025 Feb 11 02:54:38.669378 sonic NOTICE systemd[1]: featured.service: Main process exited, code=exited, status=1/FAILURE
2025 Feb 11 02:54:38.669550 sonic WARNING systemd[1]: featured.service: Failed with result 'exit-code'.
2025 Feb 11 02:54:38.686552 sonic INFO systemd[1]: Started featured.service - Feature configuration daemon.
2025 Feb 11 02:54:38.844903 sonic INFO featured: ConfigDB connect success
2025 Feb 11 02:54:38.848984 sonic INFO featured[12709]: Traceback (most recent call last):
2025 Feb 11 02:54:38.849045 sonic INFO featured[12709]:   File "/usr/local/bin/featured", line 598, in <module>
2025 Feb 11 02:54:38.849136 sonic INFO featured[12709]:     main()
2025 Feb 11 02:54:38.849207 sonic INFO featured[12709]:   File "/usr/local/bin/featured", line 591, in main
2025 Feb 11 02:54:38.849292 sonic INFO featured[12709]:     daemon = FeatureDaemon()
2025 Feb 11 02:54:38.849361 sonic INFO featured[12709]:              ^^^^^^^^^^^^^^^
2025 Feb 11 02:54:38.849407 sonic INFO featured[12709]:   File "/usr/local/bin/featured", line 529, in __init__
2025 Feb 11 02:54:38.849459 sonic INFO featured[12709]:     self.feature_handler = FeatureHandler(self.config_db, feature_state_table, self.device_config, self.advanced_boot)
2025 Feb 11 02:54:38.849544 sonic INFO featured[12709]:                            ^^^^^^^^^^^^^^^^^^^^^^^^^^^^^^^^^^^^^^^^^^^^^^^^^^^^^^^^^^^^^^^^^^^^^^^^^^^^^^^^^^^^^^^^^^^
2025 Feb 11 02:54:38.849585 sonic INFO featured[12709]:   File "/usr/local/bin/featured", line 136, in __init__
2025 Feb 11 02:54:38.849624 sonic INFO featured[12709]:     self._device_running_config = device_info.get_device_runtime_metadata()
2025 Feb 11 02:54:38.849652 sonic INFO featured[12709]:                                   ^^^^^^^^^^^^^^^^^^^^^^^^^^^^^^^^^^^^^^^^^
2025 Feb 11 02:54:38.849678 sonic INFO featured[12709]:   File "/usr/local/lib/python3.11/dist-packages/sonic_py_common/device_info.py", line 680, in get_device_runtime_metadata
2025 Feb 11 02:54:38.850438 sonic INFO featured[12709]:     port_metadata = {'ETHERNET_PORTS_PRESENT': True if get_path_to_port_config_file(hwsku=None, asic="0" if is_multi_npu() else None) else False}
2025 Feb 11 02:54:38.851736 sonic INFO featured[12709]:                                                        ^^^^^^^^^^^^^^^^^^^^^^^^^^^^^^^^^^^^^^^^^^^^^^^^^^^^^^^^^^^^^^^^^^^^^^^^^^^^^^
2025 Feb 11 02:54:38.851805 sonic INFO featured[12709]:   File "/usr/local/lib/python3.11/dist-packages/sonic_py_common/device_info.py", line 446, in get_path_to_port_config_file
2025 Feb 11 02:54:38.852119 sonic INFO featured[12709]:     (platform_path, hwsku_path) = get_paths_to_platform_and_hwsku_dirs()
2025 Feb 11 02:54:38.852167 sonic INFO featured[12709]:                                   ^^^^^^^^^^^^^^^^^^^^^^^^^^^^^^^^^^^^^^
2025 Feb 11 02:54:38.852219 sonic INFO featured[12709]:   File "/usr/local/lib/python3.11/dist-packages/sonic_py_common/device_info.py", line 412, in get_paths_to_platform_and_hwsku_dirs
2025 Feb 11 02:54:38.852302 sonic INFO featured[12709]:     hwsku_path = os.path.join(platform_path, hwsku)
2025 Feb 11 02:54:38.852396 sonic INFO featured[12709]:                  ^^^^^^^^^^^^^^^^^^^^^^^^^^^^^^^^^^
2025 Feb 11 02:54:38.852445 sonic INFO featured[12709]:   File "<frozen posixpath>", line 90, in join
2025 Feb 11 02:54:38.852511 sonic INFO featured[12709]:   File "<frozen genericpath>", line 152, in _check_arg_types
2025 Feb 11 02:54:38.852563 sonic INFO featured[12709]: TypeError: join() argument must be str, bytes, or os.PathLike object, not 'NoneType'
2025 Feb 11 02:54:38.876722 sonic NOTICE systemd[1]: featured.service: Main process exited, code=exited, status=1/FAILURE
2025 Feb 11 02:54:38.876840 sonic WARNING systemd[1]: featured.service: Failed with result 'exit-code'.
2025 Feb 11 02:54:38.898670 sonic INFO systemd[1]: Started featured.service - Feature configuration daemon.
2025 Feb 11 02:54:39.041632 sonic INFO featured: ConfigDB connect success
2025 Feb 11 02:54:39.045670 sonic INFO featured[12710]: Traceback (most recent call last):
2025 Feb 11 02:54:39.045773 sonic INFO featured[12710]:   File "/usr/local/bin/featured", line 598, in <module>
2025 Feb 11 02:54:39.045836 sonic INFO featured[12710]:     main()
2025 Feb 11 02:54:39.045892 sonic INFO featured[12710]:   File "/usr/local/bin/featured", line 591, in main
2025 Feb 11 02:54:39.046106 sonic INFO featured[12710]:     daemon = FeatureDaemon()
2025 Feb 11 02:54:39.046173 sonic INFO featured[12710]:              ^^^^^^^^^^^^^^^
2025 Feb 11 02:54:39.046217 sonic INFO featured[12710]:   File "/usr/local/bin/featured", line 529, in __init__
2025 Feb 11 02:54:39.046306 sonic INFO featured[12710]:     self.feature_handler = FeatureHandler(self.config_db, feature_state_table, self.device_config, self.advanced_boot)
2025 Feb 11 02:54:39.046384 sonic INFO featured[12710]:                            ^^^^^^^^^^^^^^^^^^^^^^^^^^^^^^^^^^^^^^^^^^^^^^^^^^^^^^^^^^^^^^^^^^^^^^^^^^^^^^^^^^^^^^^^^^^
2025 Feb 11 02:54:39.046430 sonic INFO featured[12710]:   File "/usr/local/bin/featured", line 136, in __init__
2025 Feb 11 02:54:39.046483 sonic INFO featured[12710]:     self._device_running_config = device_info.get_device_runtime_metadata()
2025 Feb 11 02:54:39.046535 sonic INFO featured[12710]:                                   ^^^^^^^^^^^^^^^^^^^^^^^^^^^^^^^^^^^^^^^^^
2025 Feb 11 02:54:39.046580 sonic INFO featured[12710]:   File "/usr/local/lib/python3.11/dist-packages/sonic_py_common/device_info.py", line 680, in get_device_runtime_metadata
2025 Feb 11 02:54:39.046767 sonic INFO featured[12710]:     port_metadata = {'ETHERNET_PORTS_PRESENT': True if get_path_to_port_config_file(hwsku=None, asic="0" if is_multi_npu() else None) else False}
2025 Feb 11 02:54:39.046842 sonic INFO featured[12710]:                                                        ^^^^^^^^^^^^^^^^^^^^^^^^^^^^^^^^^^^^^^^^^^^^^^^^^^^^^^^^^^^^^^^^^^^^^^^^^^^^^^
2025 Feb 11 02:54:39.046890 sonic INFO featured[12710]:   File "/usr/local/lib/python3.11/dist-packages/sonic_py_common/device_info.py", line 446, in get_path_to_port_config_file
2025 Feb 11 02:54:39.046966 sonic INFO featured[12710]:     (platform_path, hwsku_path) = get_paths_to_platform_and_hwsku_dirs()
2025 Feb 11 02:54:39.047020 sonic INFO featured[12710]:                                   ^^^^^^^^^^^^^^^^^^^^^^^^^^^^^^^^^^^^^^
2025 Feb 11 02:54:39.047066 sonic INFO featured[12710]:   File "/usr/local/lib/python3.11/dist-packages/sonic_py_common/device_info.py", line 412, in get_paths_to_platform_and_hwsku_dirs
2025 Feb 11 02:54:39.047154 sonic INFO featured[12710]:     hwsku_path = os.path.join(platform_path, hwsku)
2025 Feb 11 02:54:39.047209 sonic INFO featured[12710]:                  ^^^^^^^^^^^^^^^^^^^^^^^^^^^^^^^^^^
2025 Feb 11 02:54:39.047253 sonic INFO featured[12710]:   File "<frozen posixpath>", line 90, in join
2025 Feb 11 02:54:39.047321 sonic INFO featured[12710]:   File "<frozen genericpath>", line 152, in _check_arg_types
2025 Feb 11 02:54:39.047373 sonic INFO featured[12710]: TypeError: join() argument must be str, bytes, or os.PathLike object, not 'NoneType'
2025 Feb 11 02:54:39.065601 sonic NOTICE systemd[1]: featured.service: Main process exited, code=exited, status=1/FAILURE
2025 Feb 11 02:54:39.065701 sonic WARNING systemd[1]: featured.service: Failed with result 'exit-code'.
2025 Feb 11 02:54:39.086649 sonic INFO systemd[1]: Started featured.service - Feature configuration daemon.
2025 Feb 11 02:54:39.224252 sonic INFO featured: ConfigDB connect success
2025 Feb 11 02:54:39.231693 sonic INFO featured[12711]: Traceback (most recent call last):
2025 Feb 11 02:54:39.231793 sonic INFO featured[12711]:   File "/usr/local/bin/featured", line 598, in <module>
2025 Feb 11 02:54:39.231891 sonic INFO featured[12711]:     main()
2025 Feb 11 02:54:39.231946 sonic INFO featured[12711]:   File "/usr/local/bin/featured", line 591, in main
2025 Feb 11 02:54:39.232141 sonic INFO featured[12711]:     daemon = FeatureDaemon()
2025 Feb 11 02:54:39.232210 sonic INFO featured[12711]:              ^^^^^^^^^^^^^^^
2025 Feb 11 02:54:39.232253 sonic INFO featured[12711]:   File "/usr/local/bin/featured", line 529, in __init__
2025 Feb 11 02:54:39.232346 sonic INFO featured[12711]:     self.feature_handler = FeatureHandler(self.config_db, feature_state_table, self.device_config, self.advanced_boot)
2025 Feb 11 02:54:39.232410 sonic INFO featured[12711]:                            ^^^^^^^^^^^^^^^^^^^^^^^^^^^^^^^^^^^^^^^^^^^^^^^^^^^^^^^^^^^^^^^^^^^^^^^^^^^^^^^^^^^^^^^^^^^
2025 Feb 11 02:54:39.232457 sonic INFO featured[12711]:   File "/usr/local/bin/featured", line 136, in __init__
2025 Feb 11 02:54:39.232552 sonic INFO featured[12711]:     self._device_running_config = device_info.get_device_runtime_metadata()
2025 Feb 11 02:54:39.232598 sonic INFO featured[12711]:                                   ^^^^^^^^^^^^^^^^^^^^^^^^^^^^^^^^^^^^^^^^^
2025 Feb 11 02:54:39.232637 sonic INFO featured[12711]:   File "/usr/local/lib/python3.11/dist-packages/sonic_py_common/device_info.py", line 680, in get_device_runtime_metadata
2025 Feb 11 02:54:39.232822 sonic INFO featured[12711]:     port_metadata = {'ETHERNET_PORTS_PRESENT': True if get_path_to_port_config_file(hwsku=None, asic="0" if is_multi_npu() else None) else False}
2025 Feb 11 02:54:39.232897 sonic INFO featured[12711]:                                                        ^^^^^^^^^^^^^^^^^^^^^^^^^^^^^^^^^^^^^^^^^^^^^^^^^^^^^^^^^^^^^^^^^^^^^^^^^^^^^^
2025 Feb 11 02:54:39.232944 sonic INFO featured[12711]:   File "/usr/local/lib/python3.11/dist-packages/sonic_py_common/device_info.py", line 446, in get_path_to_port_config_file
2025 Feb 11 02:54:39.232992 sonic INFO featured[12711]:     (platform_path, hwsku_path) = get_paths_to_platform_and_hwsku_dirs()
2025 Feb 11 02:54:39.233044 sonic INFO featured[12711]:                                   ^^^^^^^^^^^^^^^^^^^^^^^^^^^^^^^^^^^^^^
2025 Feb 11 02:54:39.233091 sonic INFO featured[12711]:   File "/usr/local/lib/python3.11/dist-packages/sonic_py_common/device_info.py", line 412, in get_paths_to_platform_and_hwsku_dirs
2025 Feb 11 02:54:39.233180 sonic INFO featured[12711]:     hwsku_path = os.path.join(platform_path, hwsku)
2025 Feb 11 02:54:39.233235 sonic INFO featured[12711]:                  ^^^^^^^^^^^^^^^^^^^^^^^^^^^^^^^^^^
2025 Feb 11 02:54:39.233310 sonic INFO featured[12711]:   File "<frozen posixpath>", line 90, in join
2025 Feb 11 02:54:39.233351 sonic INFO featured[12711]:   File "<frozen genericpath>", line 152, in _check_arg_types
2025 Feb 11 02:54:39.233402 sonic INFO featured[12711]: TypeError: join() argument must be str, bytes, or os.PathLike object, not 'NoneType'
2025 Feb 11 02:54:39.254710 sonic NOTICE systemd[1]: featured.service: Main process exited, code=exited, status=1/FAILURE
2025 Feb 11 02:54:39.254825 sonic WARNING systemd[1]: featured.service: Failed with result 'exit-code'.
2025 Feb 11 02:54:39.256655 sonic WARNING systemd[1]: featured.service: Start request repeated too quickly.
2025 Feb 11 02:54:39.256736 sonic WARNING systemd[1]: featured.service: Failed with result 'exit-code'.
2025 Feb 11 02:54:39.256812 sonic ERR systemd[1]: Failed to start featured.service - Feature configuration daemon.
2025 Feb 11 02:54:48.318952 sonic INFO systemd[1]: Started featured.service - Feature configuration daemon.
2025 Feb 11 02:54:48.452628 sonic INFO featured: ConfigDB connect success
2025 Feb 11 02:54:48.456740 sonic INFO featured[12730]: Traceback (most recent call last):
2025 Feb 11 02:54:48.456803 sonic INFO featured[12730]:   File "/usr/local/bin/featured", line 598, in <module>
2025 Feb 11 02:54:48.456888 sonic INFO featured[12730]:     main()
2025 Feb 11 02:54:48.456930 sonic INFO featured[12730]:   File "/usr/local/bin/featured", line 591, in main
2025 Feb 11 02:54:48.457045 sonic INFO featured[12730]:     daemon = FeatureDaemon()
2025 Feb 11 02:54:48.457077 sonic INFO featured[12730]:              ^^^^^^^^^^^^^^^
2025 Feb 11 02:54:48.457099 sonic INFO featured[12730]:   File "/usr/local/bin/featured", line 529, in __init__
2025 Feb 11 02:54:48.457161 sonic INFO featured[12730]:     self.feature_handler = FeatureHandler(self.config_db, feature_state_table, self.device_config, self.advanced_boot)
2025 Feb 11 02:54:48.457196 sonic INFO featured[12730]:                            ^^^^^^^^^^^^^^^^^^^^^^^^^^^^^^^^^^^^^^^^^^^^^^^^^^^^^^^^^^^^^^^^^^^^^^^^^^^^^^^^^^^^^^^^^^^
2025 Feb 11 02:54:48.457218 sonic INFO featured[12730]:   File "/usr/local/bin/featured", line 136, in __init__
2025 Feb 11 02:54:48.457291 sonic INFO featured[12730]:     self._device_running_config = device_info.get_device_runtime_metadata()
2025 Feb 11 02:54:48.457332 sonic INFO featured[12730]:                                   ^^^^^^^^^^^^^^^^^^^^^^^^^^^^^^^^^^^^^^^^^
2025 Feb 11 02:54:48.457359 sonic INFO featured[12730]:   File "/usr/local/lib/python3.11/dist-packages/sonic_py_common/device_info.py", line 680, in get_device_runtime_metadata
2025 Feb 11 02:54:48.457457 sonic INFO featured[12730]:     port_metadata = {'ETHERNET_PORTS_PRESENT': True if get_path_to_port_config_file(hwsku=None, asic="0" if is_multi_npu() else None) else False}
2025 Feb 11 02:54:48.457558 sonic INFO featured[12730]:                                                        ^^^^^^^^^^^^^^^^^^^^^^^^^^^^^^^^^^^^^^^^^^^^^^^^^^^^^^^^^^^^^^^^^^^^^^^^^^^^^^
2025 Feb 11 02:54:48.457585 sonic INFO featured[12730]:   File "/usr/local/lib/python3.11/dist-packages/sonic_py_common/device_info.py", line 446, in get_path_to_port_config_file
2025 Feb 11 02:54:48.457655 sonic INFO featured[12730]:     (platform_path, hwsku_path) = get_paths_to_platform_and_hwsku_dirs()
2025 Feb 11 02:54:48.457687 sonic INFO featured[12730]:                                   ^^^^^^^^^^^^^^^^^^^^^^^^^^^^^^^^^^^^^^
2025 Feb 11 02:54:48.457712 sonic INFO featured[12730]:   File "/usr/local/lib/python3.11/dist-packages/sonic_py_common/device_info.py", line 412, in get_paths_to_platform_and_hwsku_dirs
2025 Feb 11 02:54:48.457764 sonic INFO featured[12730]:     hwsku_path = os.path.join(platform_path, hwsku)
2025 Feb 11 02:54:48.457797 sonic INFO featured[12730]:                  ^^^^^^^^^^^^^^^^^^^^^^^^^^^^^^^^^^
2025 Feb 11 02:54:48.457822 sonic INFO featured[12730]:   File "<frozen posixpath>", line 90, in join
2025 Feb 11 02:54:48.457846 sonic INFO featured[12730]:   File "<frozen genericpath>", line 152, in _check_arg_types
2025 Feb 11 02:54:48.457870 sonic INFO featured[12730]: TypeError: join() argument must be str, bytes, or os.PathLike object, not 'NoneType'
2025 Feb 11 02:54:48.476410 sonic NOTICE systemd[1]: featured.service: Main process exited, code=exited, status=1/FAILURE
2025 Feb 11 02:54:48.476549 sonic WARNING systemd[1]: featured.service: Failed with result 'exit-code'.
2025 Feb 11 02:54:48.511720 sonic INFO systemd[1]: Started featured.service - Feature configuration daemon.
2025 Feb 11 02:54:48.648977 sonic INFO featured: ConfigDB connect success
2025 Feb 11 02:54:48.653103 sonic INFO featured[12731]: Traceback (most recent call last):
2025 Feb 11 02:54:48.653149 sonic INFO featured[12731]:   File "/usr/local/bin/featured", line 598, in <module>
2025 Feb 11 02:54:48.653325 sonic INFO featured[12731]:     main()
2025 Feb 11 02:54:48.653365 sonic INFO featured[12731]:   File "/usr/local/bin/featured", line 591, in main
2025 Feb 11 02:54:48.653613 sonic INFO featured[12731]:     daemon = FeatureDaemon()
2025 Feb 11 02:54:48.653650 sonic INFO featured[12731]:              ^^^^^^^^^^^^^^^
2025 Feb 11 02:54:48.653676 sonic INFO featured[12731]:   File "/usr/local/bin/featured", line 529, in __init__
2025 Feb 11 02:54:48.653820 sonic INFO featured[12731]:     self.feature_handler = FeatureHandler(self.config_db, feature_state_table, self.device_config, self.advanced_boot)
2025 Feb 11 02:54:48.653855 sonic INFO featured[12731]:                            ^^^^^^^^^^^^^^^^^^^^^^^^^^^^^^^^^^^^^^^^^^^^^^^^^^^^^^^^^^^^^^^^^^^^^^^^^^^^^^^^^^^^^^^^^^^
2025 Feb 11 02:54:48.653880 sonic INFO featured[12731]:   File "/usr/local/bin/featured", line 136, in __init__
2025 Feb 11 02:54:48.653960 sonic INFO featured[12731]:     self._device_running_config = device_info.get_device_runtime_metadata()
2025 Feb 11 02:54:48.654009 sonic INFO featured[12731]:                                   ^^^^^^^^^^^^^^^^^^^^^^^^^^^^^^^^^^^^^^^^^
2025 Feb 11 02:54:48.654040 sonic INFO featured[12731]:   File "/usr/local/lib/python3.11/dist-packages/sonic_py_common/device_info.py", line 680, in get_device_runtime_metadata
2025 Feb 11 02:54:48.654218 sonic INFO featured[12731]:     port_metadata = {'ETHERNET_PORTS_PRESENT': True if get_path_to_port_config_file(hwsku=None, asic="0" if is_multi_npu() else None) else False}
2025 Feb 11 02:54:48.654276 sonic INFO featured[12731]:                                                        ^^^^^^^^^^^^^^^^^^^^^^^^^^^^^^^^^^^^^^^^^^^^^^^^^^^^^^^^^^^^^^^^^^^^^^^^^^^^^^
2025 Feb 11 02:54:48.654298 sonic INFO featured[12731]:   File "/usr/local/lib/python3.11/dist-packages/sonic_py_common/device_info.py", line 446, in get_path_to_port_config_file
2025 Feb 11 02:54:48.654374 sonic INFO featured[12731]:     (platform_path, hwsku_path) = get_paths_to_platform_and_hwsku_dirs()
2025 Feb 11 02:54:48.654398 sonic INFO featured[12731]:                                   ^^^^^^^^^^^^^^^^^^^^^^^^^^^^^^^^^^^^^^
2025 Feb 11 02:54:48.654413 sonic INFO featured[12731]:   File "/usr/local/lib/python3.11/dist-packages/sonic_py_common/device_info.py", line 412, in get_paths_to_platform_and_hwsku_dirs
2025 Feb 11 02:54:48.654516 sonic INFO featured[12731]:     hwsku_path = os.path.join(platform_path, hwsku)
2025 Feb 11 02:54:48.654554 sonic INFO featured[12731]:                  ^^^^^^^^^^^^^^^^^^^^^^^^^^^^^^^^^^
2025 Feb 11 02:54:48.654613 sonic INFO featured[12731]:   File "<frozen posixpath>", line 90, in join
2025 Feb 11 02:54:48.654631 sonic INFO featured[12731]:   File "<frozen genericpath>", line 152, in _check_arg_types
2025 Feb 11 02:54:48.654648 sonic INFO featured[12731]: TypeError: join() argument must be str, bytes, or os.PathLike object, not 'NoneType'
2025 Feb 11 02:54:48.672466 sonic NOTICE systemd[1]: featured.service: Main process exited, code=exited, status=1/FAILURE
2025 Feb 11 02:54:48.672602 sonic WARNING systemd[1]: featured.service: Failed with result 'exit-code'.
2025 Feb 11 02:54:48.710306 sonic INFO systemd[1]: Started featured.service - Feature configuration daemon.
2025 Feb 11 02:54:48.873165 sonic INFO featured: ConfigDB connect success
2025 Feb 11 02:54:48.877216 sonic INFO featured[12732]: Traceback (most recent call last):
2025 Feb 11 02:54:48.877288 sonic INFO featured[12732]:   File "/usr/local/bin/featured", line 598, in <module>
2025 Feb 11 02:54:48.877413 sonic INFO featured[12732]:     main()
2025 Feb 11 02:54:48.877451 sonic INFO featured[12732]:   File "/usr/local/bin/featured", line 591, in main
2025 Feb 11 02:54:48.877619 sonic INFO featured[12732]:     daemon = FeatureDaemon()
2025 Feb 11 02:54:48.877660 sonic INFO featured[12732]:              ^^^^^^^^^^^^^^^
2025 Feb 11 02:54:48.877676 sonic INFO featured[12732]:   File "/usr/local/bin/featured", line 529, in __init__
2025 Feb 11 02:54:48.877746 sonic INFO featured[12732]:     self.feature_handler = FeatureHandler(self.config_db, feature_state_table, self.device_config, self.advanced_boot)
2025 Feb 11 02:54:48.877781 sonic INFO featured[12732]:                            ^^^^^^^^^^^^^^^^^^^^^^^^^^^^^^^^^^^^^^^^^^^^^^^^^^^^^^^^^^^^^^^^^^^^^^^^^^^^^^^^^^^^^^^^^^^
2025 Feb 11 02:54:48.877803 sonic INFO featured[12732]:   File "/usr/local/bin/featured", line 136, in __init__
2025 Feb 11 02:54:48.877851 sonic INFO featured[12732]:     self._device_running_config = device_info.get_device_runtime_metadata()
2025 Feb 11 02:54:48.877883 sonic INFO featured[12732]:                                   ^^^^^^^^^^^^^^^^^^^^^^^^^^^^^^^^^^^^^^^^^
2025 Feb 11 02:54:48.877908 sonic INFO featured[12732]:   File "/usr/local/lib/python3.11/dist-packages/sonic_py_common/device_info.py", line 680, in get_device_runtime_metadata
2025 Feb 11 02:54:48.877996 sonic INFO featured[12732]:     port_metadata = {'ETHERNET_PORTS_PRESENT': True if get_path_to_port_config_file(hwsku=None, asic="0" if is_multi_npu() else None) else False}
2025 Feb 11 02:54:48.878046 sonic INFO featured[12732]:                                                        ^^^^^^^^^^^^^^^^^^^^^^^^^^^^^^^^^^^^^^^^^^^^^^^^^^^^^^^^^^^^^^^^^^^^^^^^^^^^^^
2025 Feb 11 02:54:48.878072 sonic INFO featured[12732]:   File "/usr/local/lib/python3.11/dist-packages/sonic_py_common/device_info.py", line 446, in get_path_to_port_config_file
2025 Feb 11 02:54:48.878137 sonic INFO featured[12732]:     (platform_path, hwsku_path) = get_paths_to_platform_and_hwsku_dirs()
2025 Feb 11 02:54:48.878168 sonic INFO featured[12732]:                                   ^^^^^^^^^^^^^^^^^^^^^^^^^^^^^^^^^^^^^^
2025 Feb 11 02:54:48.878193 sonic INFO featured[12732]:   File "/usr/local/lib/python3.11/dist-packages/sonic_py_common/device_info.py", line 412, in get_paths_to_platform_and_hwsku_dirs
2025 Feb 11 02:54:48.878264 sonic INFO featured[12732]:     hwsku_path = os.path.join(platform_path, hwsku)
2025 Feb 11 02:54:48.878298 sonic INFO featured[12732]:                  ^^^^^^^^^^^^^^^^^^^^^^^^^^^^^^^^^^
2025 Feb 11 02:54:48.878323 sonic INFO featured[12732]:   File "<frozen posixpath>", line 90, in join
2025 Feb 11 02:54:48.878346 sonic INFO featured[12732]:   File "<frozen genericpath>", line 152, in _check_arg_types
2025 Feb 11 02:54:48.878376 sonic INFO featured[12732]: TypeError: join() argument must be str, bytes, or os.PathLike object, not 'NoneType'
2025 Feb 11 02:54:48.896558 sonic NOTICE systemd[1]: featured.service: Main process exited, code=exited, status=1/FAILURE
2025 Feb 11 02:54:48.896744 sonic WARNING systemd[1]: featured.service: Failed with result 'exit-code'.
2025 Feb 11 02:54:48.930523 sonic INFO systemd[1]: Started featured.service - Feature configuration daemon.
2025 Feb 11 02:54:49.072632 sonic INFO featured: ConfigDB connect success
2025 Feb 11 02:54:49.076603 sonic INFO featured[12735]: Traceback (most recent call last):
2025 Feb 11 02:54:49.076657 sonic INFO featured[12735]:   File "/usr/local/bin/featured", line 598, in <module>
2025 Feb 11 02:54:49.076764 sonic INFO featured[12735]:     main()
2025 Feb 11 02:54:49.076803 sonic INFO featured[12735]:   File "/usr/local/bin/featured", line 591, in main
2025 Feb 11 02:54:49.076917 sonic INFO featured[12735]:     daemon = FeatureDaemon()
2025 Feb 11 02:54:49.076950 sonic INFO featured[12735]:              ^^^^^^^^^^^^^^^
2025 Feb 11 02:54:49.076973 sonic INFO featured[12735]:   File "/usr/local/bin/featured", line 529, in __init__
2025 Feb 11 02:54:49.077028 sonic INFO featured[12735]:     self.feature_handler = FeatureHandler(self.config_db, feature_state_table, self.device_config, self.advanced_boot)
2025 Feb 11 02:54:49.077074 sonic INFO featured[12735]:                            ^^^^^^^^^^^^^^^^^^^^^^^^^^^^^^^^^^^^^^^^^^^^^^^^^^^^^^^^^^^^^^^^^^^^^^^^^^^^^^^^^^^^^^^^^^^
2025 Feb 11 02:54:49.077100 sonic INFO featured[12735]:   File "/usr/local/bin/featured", line 136, in __init__
2025 Feb 11 02:54:49.077129 sonic INFO featured[12735]:     self._device_running_config = device_info.get_device_runtime_metadata()
2025 Feb 11 02:54:49.077160 sonic INFO featured[12735]:                                   ^^^^^^^^^^^^^^^^^^^^^^^^^^^^^^^^^^^^^^^^^
2025 Feb 11 02:54:49.077184 sonic INFO featured[12735]:   File "/usr/local/lib/python3.11/dist-packages/sonic_py_common/device_info.py", line 680, in get_device_runtime_metadata
2025 Feb 11 02:54:49.077316 sonic INFO featured[12735]:     port_metadata = {'ETHERNET_PORTS_PRESENT': True if get_path_to_port_config_file(hwsku=None, asic="0" if is_multi_npu() else None) else False}
2025 Feb 11 02:54:49.077356 sonic INFO featured[12735]:                                                        ^^^^^^^^^^^^^^^^^^^^^^^^^^^^^^^^^^^^^^^^^^^^^^^^^^^^^^^^^^^^^^^^^^^^^^^^^^^^^^
2025 Feb 11 02:54:49.077377 sonic INFO featured[12735]:   File "/usr/local/lib/python3.11/dist-packages/sonic_py_common/device_info.py", line 446, in get_path_to_port_config_file
2025 Feb 11 02:54:49.077437 sonic INFO featured[12735]:     (platform_path, hwsku_path) = get_paths_to_platform_and_hwsku_dirs()
2025 Feb 11 02:54:49.077470 sonic INFO featured[12735]:                                   ^^^^^^^^^^^^^^^^^^^^^^^^^^^^^^^^^^^^^^
2025 Feb 11 02:54:49.077541 sonic INFO featured[12735]:   File "/usr/local/lib/python3.11/dist-packages/sonic_py_common/device_info.py", line 412, in get_paths_to_platform_and_hwsku_dirs
2025 Feb 11 02:54:49.077700 sonic INFO featured[12735]:     hwsku_path = os.path.join(platform_path, hwsku)
2025 Feb 11 02:54:49.077740 sonic INFO featured[12735]:                  ^^^^^^^^^^^^^^^^^^^^^^^^^^^^^^^^^^
2025 Feb 11 02:54:49.077757 sonic INFO featured[12735]:   File "<frozen posixpath>", line 90, in join
2025 Feb 11 02:54:49.077782 sonic INFO featured[12735]:   File "<frozen genericpath>", line 152, in _check_arg_types
2025 Feb 11 02:54:49.077806 sonic INFO featured[12735]: TypeError: join() argument must be str, bytes, or os.PathLike object, not 'NoneType'
2025 Feb 11 02:54:49.096255 sonic NOTICE systemd[1]: featured.service: Main process exited, code=exited, status=1/FAILURE
2025 Feb 11 02:54:49.096393 sonic WARNING systemd[1]: featured.service: Failed with result 'exit-code'.
2025 Feb 11 02:54:49.140102 sonic INFO systemd[1]: Started featured.service - Feature configuration daemon.
2025 Feb 11 02:54:49.274675 sonic INFO featured: ConfigDB connect success
2025 Feb 11 02:54:49.278690 sonic INFO featured[12736]: Traceback (most recent call last):
2025 Feb 11 02:54:49.278736 sonic INFO featured[12736]:   File "/usr/local/bin/featured", line 598, in <module>
2025 Feb 11 02:54:49.278852 sonic INFO featured[12736]:     main()
2025 Feb 11 02:54:49.278890 sonic INFO featured[12736]:   File "/usr/local/bin/featured", line 591, in main
2025 Feb 11 02:54:49.279010 sonic INFO featured[12736]:     daemon = FeatureDaemon()
2025 Feb 11 02:54:49.279042 sonic INFO featured[12736]:              ^^^^^^^^^^^^^^^
2025 Feb 11 02:54:49.279064 sonic INFO featured[12736]:   File "/usr/local/bin/featured", line 529, in __init__
2025 Feb 11 02:54:49.279123 sonic INFO featured[12736]:     self.feature_handler = FeatureHandler(self.config_db, feature_state_table, self.device_config, self.advanced_boot)
2025 Feb 11 02:54:49.279158 sonic INFO featured[12736]:                            ^^^^^^^^^^^^^^^^^^^^^^^^^^^^^^^^^^^^^^^^^^^^^^^^^^^^^^^^^^^^^^^^^^^^^^^^^^^^^^^^^^^^^^^^^^^
2025 Feb 11 02:54:49.279180 sonic INFO featured[12736]:   File "/usr/local/bin/featured", line 136, in __init__
2025 Feb 11 02:54:49.279242 sonic INFO featured[12736]:     self._device_running_config = device_info.get_device_runtime_metadata()
2025 Feb 11 02:54:49.279275 sonic INFO featured[12736]:                                   ^^^^^^^^^^^^^^^^^^^^^^^^^^^^^^^^^^^^^^^^^
2025 Feb 11 02:54:49.279301 sonic INFO featured[12736]:   File "/usr/local/lib/python3.11/dist-packages/sonic_py_common/device_info.py", line 680, in get_device_runtime_metadata
2025 Feb 11 02:54:49.279428 sonic INFO featured[12736]:     port_metadata = {'ETHERNET_PORTS_PRESENT': True if get_path_to_port_config_file(hwsku=None, asic="0" if is_multi_npu() else None) else False}
2025 Feb 11 02:54:49.279469 sonic INFO featured[12736]:                                                        ^^^^^^^^^^^^^^^^^^^^^^^^^^^^^^^^^^^^^^^^^^^^^^^^^^^^^^^^^^^^^^^^^^^^^^^^^^^^^^
2025 Feb 11 02:54:49.279486 sonic INFO featured[12736]:   File "/usr/local/lib/python3.11/dist-packages/sonic_py_common/device_info.py", line 446, in get_path_to_port_config_file
2025 Feb 11 02:54:49.279544 sonic INFO featured[12736]:     (platform_path, hwsku_path) = get_paths_to_platform_and_hwsku_dirs()
2025 Feb 11 02:54:49.279576 sonic INFO featured[12736]:                                   ^^^^^^^^^^^^^^^^^^^^^^^^^^^^^^^^^^^^^^
2025 Feb 11 02:54:49.279601 sonic INFO featured[12736]:   File "/usr/local/lib/python3.11/dist-packages/sonic_py_common/device_info.py", line 412, in get_paths_to_platform_and_hwsku_dirs
2025 Feb 11 02:54:49.279650 sonic INFO featured[12736]:     hwsku_path = os.path.join(platform_path, hwsku)
2025 Feb 11 02:54:49.279684 sonic INFO featured[12736]:                  ^^^^^^^^^^^^^^^^^^^^^^^^^^^^^^^^^^
2025 Feb 11 02:54:49.279710 sonic INFO featured[12736]:   File "<frozen posixpath>", line 90, in join
2025 Feb 11 02:54:49.279734 sonic INFO featured[12736]:   File "<frozen genericpath>", line 152, in _check_arg_types
2025 Feb 11 02:54:49.279758 sonic INFO featured[12736]: TypeError: join() argument must be str, bytes, or os.PathLike object, not 'NoneType'
2025 Feb 11 02:54:49.298256 sonic NOTICE systemd[1]: featured.service: Main process exited, code=exited, status=1/FAILURE
2025 Feb 11 02:54:49.298382 sonic WARNING systemd[1]: featured.service: Failed with result 'exit-code'.
2025 Feb 11 02:54:49.300027 sonic WARNING systemd[1]: featured.service: Start request repeated too quickly.
2025 Feb 11 02:54:49.300080 sonic WARNING systemd[1]: featured.service: Failed with result 'exit-code'.
2025 Feb 11 02:54:49.300147 sonic ERR systemd[1]: Failed to start featured.service - Feature configuration daemon.
2025 Feb 11 02:54:49.527696 sonic INFO systemd[1]: caclmgrd.service: Scheduled restart job, restart counter is at 55.
2025 Feb 11 02:54:49.527803 sonic INFO systemd[1]: Stopped caclmgrd.service - Control Plane ACL configuration daemon.
2025 Feb 11 02:54:49.558193 sonic INFO systemd[1]: Started caclmgrd.service - Control Plane ACL configuration daemon.
2025 Feb 11 02:54:49.558562 sonic WARNING systemd[1]: featured.service: Start request repeated too quickly.
2025 Feb 11 02:54:49.558641 sonic WARNING systemd[1]: featured.service: Failed with result 'exit-code'.
2025 Feb 11 02:54:49.558687 sonic ERR systemd[1]: Failed to start featured.service - Feature configuration daemon.
2025 Feb 11 02:54:49.560281 sonic WARNING systemd[1]: featured.service: Start request repeated too quickly.
2025 Feb 11 02:54:49.560339 sonic WARNING systemd[1]: featured.service: Failed with result 'exit-code'.
2025 Feb 11 02:54:49.560374 sonic ERR systemd[1]: Failed to start featured.service - Feature configuration daemon.
2025 Feb 11 02:54:49.676391 sonic INFO caclmgrd[12737]: Traceback (most recent call last):
2025 Feb 11 02:54:49.676521 sonic INFO caclmgrd[12737]:   File "/usr/local/bin/caclmgrd", line 1146, in <module>
2025 Feb 11 02:54:49.676563 sonic INFO caclmgrd[12737]:     main()
2025 Feb 11 02:54:49.676594 sonic INFO caclmgrd[12737]:   File "/usr/local/bin/caclmgrd", line 1137, in main
2025 Feb 11 02:54:49.676618 sonic INFO caclmgrd[12737]:     caclmgr = ControlPlaneAclManager(SYSLOG_IDENTIFIER)
2025 Feb 11 02:54:49.676651 sonic INFO caclmgrd[12737]:               ^^^^^^^^^^^^^^^^^^^^^^^^^^^^^^^^^^^^^^^^^
2025 Feb 11 02:54:49.676677 sonic INFO caclmgrd[12737]:   File "/usr/local/bin/caclmgrd", line 156, in __init__
2025 Feb 11 02:54:49.676701 sonic INFO caclmgrd[12737]:     if 'subtype' in metadata['localhost'] and metadata['localhost']['subtype'] == 'DualToR':
2025 Feb 11 02:54:49.676733 sonic INFO caclmgrd[12737]:                     ~~~~~~~~^^^^^^^^^^^^^
2025 Feb 11 02:54:49.676758 sonic INFO caclmgrd[12737]: KeyError: 'localhost'
2025 Feb 11 02:54:49.688450 sonic NOTICE systemd[1]: caclmgrd.service: Main process exited, code=exited, status=1/FAILURE
2025 Feb 11 02:54:49.688587 sonic WARNING systemd[1]: caclmgrd.service: Failed with result 'exit-code'.
2025 Feb 11 02:54:49.690278 sonic WARNING systemd[1]: featured.service: Start request repeated too quickly.
2025 Feb 11 02:54:49.690384 sonic WARNING systemd[1]: featured.service: Failed with result 'exit-code'.
2025 Feb 11 02:54:49.690461 sonic ERR systemd[1]: Failed to start featured.service - Feature configuration daemon.
2025 Feb 11 02:54:54.872201 sonic ERR monit[828]: 'container_checker' status failed (4) -- Unexpected running containers: bgp1, macsec2, macsec3, database2, database3, database, bgp3, macsec1, eventd, database1, bgp0, database0, macsec0, bgp2
2025 Feb 11 02:54:54.978193 sonic DEBUG mgmt_oper_status.py: No management interface found
2025 Feb 11 02:54:55.158863 sonic WARNING systemd[1]: featured.service: Start request repeated too quickly.
2025 Feb 11 02:54:55.158967 sonic WARNING systemd[1]: featured.service: Failed with result 'exit-code'.
2025 Feb 11 02:54:55.159033 sonic ERR systemd[1]: Failed to start featured.service - Feature configuration daemon.
2025 Feb 11 02:54:55.160742 sonic WARNING systemd[1]: featured.service: Start request repeated too quickly.
2025 Feb 11 02:54:55.160817 sonic WARNING systemd[1]: featured.service: Failed with result 'exit-code'.
2025 Feb 11 02:54:55.160877 sonic ERR systemd[1]: Failed to start featured.service - Feature configuration daemon.
2025 Feb 11 02:54:55.162289 sonic WARNING systemd[1]: featured.service: Start request repeated too quickly.
2025 Feb 11 02:54:55.162359 sonic WARNING systemd[1]: featured.service: Failed with result 'exit-code'.
2025 Feb 11 02:54:55.162399 sonic ERR systemd[1]: Failed to start featured.service - Feature configuration daemon.
2025 Feb 11 02:54:55.172102 sonic WARNING systemd[1]: featured.service: Start request repeated too quickly.
2025 Feb 11 02:54:55.172187 sonic WARNING systemd[1]: featured.service: Failed with result 'exit-code'.
2025 Feb 11 02:54:55.172246 sonic ERR systemd[1]: Failed to start featured.service - Feature configuration daemon.
2025 Feb 11 02:54:55.173922 sonic WARNING systemd[1]: featured.service: Start request repeated too quickly.
2025 Feb 11 02:54:55.173982 sonic WARNING systemd[1]: featured.service: Failed with result 'exit-code'.
2025 Feb 11 02:54:55.174010 sonic ERR systemd[1]: Failed to start featured.service - Feature configuration daemon.
2025 Feb 11 02:54:55.216542 sonic INFO memory_checker: [memory_checker] Exits without checking memory usage since container 'gnmi' is not running!
2025 Feb 11 02:54:55.217638 sonic INFO memory_checker: [memory_checker] Exits without checking memory usage since container 'bmp' is not running!
2025 Feb 11 02:54:55.230142 sonic INFO memory_checker: [memory_checker] Exits without checking memory usage since container 'snmp' is not running!
2025 Feb 11 02:54:58.278780 sonic WARNING systemd[1]: featured.service: Start request repeated too quickly.
2025 Feb 11 02:54:58.278983 sonic WARNING systemd[1]: featured.service: Failed with result 'exit-code'.
2025 Feb 11 02:54:58.279050 sonic ERR systemd[1]: Failed to start featured.service - Feature configuration daemon.
2025 Feb 11 02:55:18.302795 sonic INFO systemd[1]: Started featured.service - Feature configuration daemon.
2025 Feb 11 02:55:18.439298 sonic INFO featured: ConfigDB connect success
2025 Feb 11 02:55:18.444134 sonic INFO featured[12857]: Traceback (most recent call last):
2025 Feb 11 02:55:18.444229 sonic INFO featured[12857]:   File "/usr/local/bin/featured", line 598, in <module>
2025 Feb 11 02:55:18.444294 sonic INFO featured[12857]:     main()
2025 Feb 11 02:55:18.444348 sonic INFO featured[12857]:   File "/usr/local/bin/featured", line 591, in main
2025 Feb 11 02:55:18.444470 sonic INFO featured[12857]:     daemon = FeatureDaemon()
2025 Feb 11 02:55:18.444507 sonic INFO featured[12857]:              ^^^^^^^^^^^^^^^
2025 Feb 11 02:55:18.444537 sonic INFO featured[12857]:   File "/usr/local/bin/featured", line 529, in __init__
2025 Feb 11 02:55:18.444589 sonic INFO featured[12857]:     self.feature_handler = FeatureHandler(self.config_db, feature_state_table, self.device_config, self.advanced_boot)
2025 Feb 11 02:55:18.444643 sonic INFO featured[12857]:                            ^^^^^^^^^^^^^^^^^^^^^^^^^^^^^^^^^^^^^^^^^^^^^^^^^^^^^^^^^^^^^^^^^^^^^^^^^^^^^^^^^^^^^^^^^^^
2025 Feb 11 02:55:18.444684 sonic INFO featured[12857]:   File "/usr/local/bin/featured", line 136, in __init__
2025 Feb 11 02:55:18.444738 sonic INFO featured[12857]:     self._device_running_config = device_info.get_device_runtime_metadata()
2025 Feb 11 02:55:18.444779 sonic INFO featured[12857]:                                   ^^^^^^^^^^^^^^^^^^^^^^^^^^^^^^^^^^^^^^^^^
2025 Feb 11 02:55:18.444820 sonic INFO featured[12857]:   File "/usr/local/lib/python3.11/dist-packages/sonic_py_common/device_info.py", line 680, in get_device_runtime_metadata
2025 Feb 11 02:55:18.444875 sonic INFO featured[12857]:     port_metadata = {'ETHERNET_PORTS_PRESENT': True if get_path_to_port_config_file(hwsku=None, asic="0" if is_multi_npu() else None) else False}
2025 Feb 11 02:55:18.444917 sonic INFO featured[12857]:                                                        ^^^^^^^^^^^^^^^^^^^^^^^^^^^^^^^^^^^^^^^^^^^^^^^^^^^^^^^^^^^^^^^^^^^^^^^^^^^^^^
2025 Feb 11 02:55:18.444959 sonic INFO featured[12857]:   File "/usr/local/lib/python3.11/dist-packages/sonic_py_common/device_info.py", line 446, in get_path_to_port_config_file
2025 Feb 11 02:55:18.445015 sonic INFO featured[12857]:     (platform_path, hwsku_path) = get_paths_to_platform_and_hwsku_dirs()
2025 Feb 11 02:55:18.445055 sonic INFO featured[12857]:                                   ^^^^^^^^^^^^^^^^^^^^^^^^^^^^^^^^^^^^^^
2025 Feb 11 02:55:18.445098 sonic INFO featured[12857]:   File "/usr/local/lib/python3.11/dist-packages/sonic_py_common/device_info.py", line 412, in get_paths_to_platform_and_hwsku_dirs
2025 Feb 11 02:55:18.445139 sonic INFO featured[12857]:     hwsku_path = os.path.join(platform_path, hwsku)
2025 Feb 11 02:55:18.445198 sonic INFO featured[12857]:                  ^^^^^^^^^^^^^^^^^^^^^^^^^^^^^^^^^^
2025 Feb 11 02:55:18.445241 sonic INFO featured[12857]:   File "<frozen posixpath>", line 90, in join
2025 Feb 11 02:55:18.445293 sonic INFO featured[12857]:   File "<frozen genericpath>", line 152, in _check_arg_types
2025 Feb 11 02:55:18.445342 sonic INFO featured[12857]: TypeError: join() argument must be str, bytes, or os.PathLike object, not 'NoneType'
2025 Feb 11 02:55:18.463921 sonic NOTICE systemd[1]: featured.service: Main process exited, code=exited, status=1/FAILURE
2025 Feb 11 02:55:18.464041 sonic WARNING systemd[1]: featured.service: Failed with result 'exit-code'.
2025 Feb 11 02:55:18.490627 sonic INFO systemd[1]: Started featured.service - Feature configuration daemon.
2025 Feb 11 02:55:18.631294 sonic INFO featured: ConfigDB connect success
2025 Feb 11 02:55:18.635374 sonic INFO featured[12858]: Traceback (most recent call last):
2025 Feb 11 02:55:18.635436 sonic INFO featured[12858]:   File "/usr/local/bin/featured", line 598, in <module>
2025 Feb 11 02:55:18.635494 sonic INFO featured[12858]:     main()
2025 Feb 11 02:55:18.635530 sonic INFO featured[12858]:   File "/usr/local/bin/featured", line 591, in main
2025 Feb 11 02:55:18.635655 sonic INFO featured[12858]:     daemon = FeatureDaemon()
2025 Feb 11 02:55:18.635688 sonic INFO featured[12858]:              ^^^^^^^^^^^^^^^
2025 Feb 11 02:55:18.635710 sonic INFO featured[12858]:   File "/usr/local/bin/featured", line 529, in __init__
2025 Feb 11 02:55:18.635769 sonic INFO featured[12858]:     self.feature_handler = FeatureHandler(self.config_db, feature_state_table, self.device_config, self.advanced_boot)
2025 Feb 11 02:55:18.635833 sonic INFO featured[12858]:                            ^^^^^^^^^^^^^^^^^^^^^^^^^^^^^^^^^^^^^^^^^^^^^^^^^^^^^^^^^^^^^^^^^^^^^^^^^^^^^^^^^^^^^^^^^^^
2025 Feb 11 02:55:18.635860 sonic INFO featured[12858]:   File "/usr/local/bin/featured", line 136, in __init__
2025 Feb 11 02:55:18.635891 sonic INFO featured[12858]:     self._device_running_config = device_info.get_device_runtime_metadata()
2025 Feb 11 02:55:18.635915 sonic INFO featured[12858]:                                   ^^^^^^^^^^^^^^^^^^^^^^^^^^^^^^^^^^^^^^^^^
2025 Feb 11 02:55:18.635953 sonic INFO featured[12858]:   File "/usr/local/lib/python3.11/dist-packages/sonic_py_common/device_info.py", line 680, in get_device_runtime_metadata
2025 Feb 11 02:55:18.636025 sonic INFO featured[12858]:     port_metadata = {'ETHERNET_PORTS_PRESENT': True if get_path_to_port_config_file(hwsku=None, asic="0" if is_multi_npu() else None) else False}
2025 Feb 11 02:55:18.636059 sonic INFO featured[12858]:                                                        ^^^^^^^^^^^^^^^^^^^^^^^^^^^^^^^^^^^^^^^^^^^^^^^^^^^^^^^^^^^^^^^^^^^^^^^^^^^^^^
2025 Feb 11 02:55:18.636085 sonic INFO featured[12858]:   File "/usr/local/lib/python3.11/dist-packages/sonic_py_common/device_info.py", line 446, in get_path_to_port_config_file
2025 Feb 11 02:55:18.636173 sonic INFO featured[12858]:     (platform_path, hwsku_path) = get_paths_to_platform_and_hwsku_dirs()
2025 Feb 11 02:55:18.636206 sonic INFO featured[12858]:                                   ^^^^^^^^^^^^^^^^^^^^^^^^^^^^^^^^^^^^^^
2025 Feb 11 02:55:18.636237 sonic INFO featured[12858]:   File "/usr/local/lib/python3.11/dist-packages/sonic_py_common/device_info.py", line 412, in get_paths_to_platform_and_hwsku_dirs
2025 Feb 11 02:55:18.636306 sonic INFO featured[12858]:     hwsku_path = os.path.join(platform_path, hwsku)
2025 Feb 11 02:55:18.636338 sonic INFO featured[12858]:                  ^^^^^^^^^^^^^^^^^^^^^^^^^^^^^^^^^^
2025 Feb 11 02:55:18.636363 sonic INFO featured[12858]:   File "<frozen posixpath>", line 90, in join
2025 Feb 11 02:55:18.636386 sonic INFO featured[12858]:   File "<frozen genericpath>", line 152, in _check_arg_types
2025 Feb 11 02:55:18.636415 sonic INFO featured[12858]: TypeError: join() argument must be str, bytes, or os.PathLike object, not 'NoneType'
2025 Feb 11 02:55:18.654504 sonic NOTICE systemd[1]: featured.service: Main process exited, code=exited, status=1/FAILURE
2025 Feb 11 02:55:18.654633 sonic WARNING systemd[1]: featured.service: Failed with result 'exit-code'.
2025 Feb 11 02:55:18.696187 sonic INFO systemd[1]: Started featured.service - Feature configuration daemon.
2025 Feb 11 02:55:18.852291 sonic INFO featured: ConfigDB connect success
2025 Feb 11 02:55:18.856020 sonic INFO featured[12859]: Traceback (most recent call last):
2025 Feb 11 02:55:18.856091 sonic INFO featured[12859]:   File "/usr/local/bin/featured", line 598, in <module>
2025 Feb 11 02:55:18.856173 sonic INFO featured[12859]:     main()
2025 Feb 11 02:55:18.856209 sonic INFO featured[12859]:   File "/usr/local/bin/featured", line 591, in main
2025 Feb 11 02:55:18.856331 sonic INFO featured[12859]:     daemon = FeatureDaemon()
2025 Feb 11 02:55:18.856364 sonic INFO featured[12859]:              ^^^^^^^^^^^^^^^
2025 Feb 11 02:55:18.856386 sonic INFO featured[12859]:   File "/usr/local/bin/featured", line 529, in __init__
2025 Feb 11 02:55:18.856451 sonic INFO featured[12859]:     self.feature_handler = FeatureHandler(self.config_db, feature_state_table, self.device_config, self.advanced_boot)
2025 Feb 11 02:55:18.856488 sonic INFO featured[12859]:                            ^^^^^^^^^^^^^^^^^^^^^^^^^^^^^^^^^^^^^^^^^^^^^^^^^^^^^^^^^^^^^^^^^^^^^^^^^^^^^^^^^^^^^^^^^^^
2025 Feb 11 02:55:18.856505 sonic INFO featured[12859]:   File "/usr/local/bin/featured", line 136, in __init__
2025 Feb 11 02:55:18.856540 sonic INFO featured[12859]:     self._device_running_config = device_info.get_device_runtime_metadata()
2025 Feb 11 02:55:18.856574 sonic INFO featured[12859]:                                   ^^^^^^^^^^^^^^^^^^^^^^^^^^^^^^^^^^^^^^^^^
2025 Feb 11 02:55:18.856590 sonic INFO featured[12859]:   File "/usr/local/lib/python3.11/dist-packages/sonic_py_common/device_info.py", line 680, in get_device_runtime_metadata
2025 Feb 11 02:55:18.856698 sonic INFO featured[12859]:     port_metadata = {'ETHERNET_PORTS_PRESENT': True if get_path_to_port_config_file(hwsku=None, asic="0" if is_multi_npu() else None) else False}
2025 Feb 11 02:55:18.856737 sonic INFO featured[12859]:                                                        ^^^^^^^^^^^^^^^^^^^^^^^^^^^^^^^^^^^^^^^^^^^^^^^^^^^^^^^^^^^^^^^^^^^^^^^^^^^^^^
2025 Feb 11 02:55:18.856755 sonic INFO featured[12859]:   File "/usr/local/lib/python3.11/dist-packages/sonic_py_common/device_info.py", line 446, in get_path_to_port_config_file
2025 Feb 11 02:55:18.856818 sonic INFO featured[12859]:     (platform_path, hwsku_path) = get_paths_to_platform_and_hwsku_dirs()
2025 Feb 11 02:55:18.856850 sonic INFO featured[12859]:                                   ^^^^^^^^^^^^^^^^^^^^^^^^^^^^^^^^^^^^^^
2025 Feb 11 02:55:18.856876 sonic INFO featured[12859]:   File "/usr/local/lib/python3.11/dist-packages/sonic_py_common/device_info.py", line 412, in get_paths_to_platform_and_hwsku_dirs
2025 Feb 11 02:55:18.856924 sonic INFO featured[12859]:     hwsku_path = os.path.join(platform_path, hwsku)
2025 Feb 11 02:55:18.856958 sonic INFO featured[12859]:                  ^^^^^^^^^^^^^^^^^^^^^^^^^^^^^^^^^^
2025 Feb 11 02:55:18.856983 sonic INFO featured[12859]:   File "<frozen posixpath>", line 90, in join
2025 Feb 11 02:55:18.857007 sonic INFO featured[12859]:   File "<frozen genericpath>", line 152, in _check_arg_types
2025 Feb 11 02:55:18.857036 sonic INFO featured[12859]: TypeError: join() argument must be str, bytes, or os.PathLike object, not 'NoneType'
2025 Feb 11 02:55:18.875250 sonic NOTICE systemd[1]: featured.service: Main process exited, code=exited, status=1/FAILURE
2025 Feb 11 02:55:18.875384 sonic WARNING systemd[1]: featured.service: Failed with result 'exit-code'.
2025 Feb 11 02:55:18.903078 sonic INFO systemd[1]: Started featured.service - Feature configuration daemon.
2025 Feb 11 02:55:19.042112 sonic INFO featured: ConfigDB connect success
2025 Feb 11 02:55:19.046279 sonic INFO featured[12860]: Traceback (most recent call last):
2025 Feb 11 02:55:19.046339 sonic INFO featured[12860]:   File "/usr/local/bin/featured", line 598, in <module>
2025 Feb 11 02:55:19.046424 sonic INFO featured[12860]:     main()
2025 Feb 11 02:55:19.046463 sonic INFO featured[12860]:   File "/usr/local/bin/featured", line 591, in main
2025 Feb 11 02:55:19.046580 sonic INFO featured[12860]:     daemon = FeatureDaemon()
2025 Feb 11 02:55:19.046612 sonic INFO featured[12860]:              ^^^^^^^^^^^^^^^
2025 Feb 11 02:55:19.046634 sonic INFO featured[12860]:   File "/usr/local/bin/featured", line 529, in __init__
2025 Feb 11 02:55:19.046693 sonic INFO featured[12860]:     self.feature_handler = FeatureHandler(self.config_db, feature_state_table, self.device_config, self.advanced_boot)
2025 Feb 11 02:55:19.046742 sonic INFO featured[12860]:                            ^^^^^^^^^^^^^^^^^^^^^^^^^^^^^^^^^^^^^^^^^^^^^^^^^^^^^^^^^^^^^^^^^^^^^^^^^^^^^^^^^^^^^^^^^^^
2025 Feb 11 02:55:19.046769 sonic INFO featured[12860]:   File "/usr/local/bin/featured", line 136, in __init__
2025 Feb 11 02:55:19.046799 sonic INFO featured[12860]:     self._device_running_config = device_info.get_device_runtime_metadata()
2025 Feb 11 02:55:19.046830 sonic INFO featured[12860]:                                   ^^^^^^^^^^^^^^^^^^^^^^^^^^^^^^^^^^^^^^^^^
2025 Feb 11 02:55:19.046863 sonic INFO featured[12860]:   File "/usr/local/lib/python3.11/dist-packages/sonic_py_common/device_info.py", line 680, in get_device_runtime_metadata
2025 Feb 11 02:55:19.046957 sonic INFO featured[12860]:     port_metadata = {'ETHERNET_PORTS_PRESENT': True if get_path_to_port_config_file(hwsku=None, asic="0" if is_multi_npu() else None) else False}
2025 Feb 11 02:55:19.046993 sonic INFO featured[12860]:                                                        ^^^^^^^^^^^^^^^^^^^^^^^^^^^^^^^^^^^^^^^^^^^^^^^^^^^^^^^^^^^^^^^^^^^^^^^^^^^^^^
2025 Feb 11 02:55:19.047018 sonic INFO featured[12860]:   File "/usr/local/lib/python3.11/dist-packages/sonic_py_common/device_info.py", line 446, in get_path_to_port_config_file
2025 Feb 11 02:55:19.047075 sonic INFO featured[12860]:     (platform_path, hwsku_path) = get_paths_to_platform_and_hwsku_dirs()
2025 Feb 11 02:55:19.047108 sonic INFO featured[12860]:                                   ^^^^^^^^^^^^^^^^^^^^^^^^^^^^^^^^^^^^^^
2025 Feb 11 02:55:19.047133 sonic INFO featured[12860]:   File "/usr/local/lib/python3.11/dist-packages/sonic_py_common/device_info.py", line 412, in get_paths_to_platform_and_hwsku_dirs
2025 Feb 11 02:55:19.047224 sonic INFO featured[12860]:     hwsku_path = os.path.join(platform_path, hwsku)
2025 Feb 11 02:55:19.047256 sonic INFO featured[12860]:                  ^^^^^^^^^^^^^^^^^^^^^^^^^^^^^^^^^^
2025 Feb 11 02:55:19.047281 sonic INFO featured[12860]:   File "<frozen posixpath>", line 90, in join
2025 Feb 11 02:55:19.047305 sonic INFO featured[12860]:   File "<frozen genericpath>", line 152, in _check_arg_types
2025 Feb 11 02:55:19.047335 sonic INFO featured[12860]: TypeError: join() argument must be str, bytes, or os.PathLike object, not 'NoneType'
2025 Feb 11 02:55:19.065208 sonic NOTICE systemd[1]: featured.service: Main process exited, code=exited, status=1/FAILURE
2025 Feb 11 02:55:19.065344 sonic WARNING systemd[1]: featured.service: Failed with result 'exit-code'.
2025 Feb 11 02:55:19.098847 sonic INFO systemd[1]: Started featured.service - Feature configuration daemon.
2025 Feb 11 02:55:19.245631 sonic INFO featured: ConfigDB connect success
2025 Feb 11 02:55:19.249469 sonic INFO featured[12861]: Traceback (most recent call last):
2025 Feb 11 02:55:19.249652 sonic INFO featured[12861]:   File "/usr/local/bin/featured", line 598, in <module>
2025 Feb 11 02:55:19.249718 sonic INFO featured[12861]:     main()
2025 Feb 11 02:55:19.249747 sonic INFO featured[12861]:   File "/usr/local/bin/featured", line 591, in main
2025 Feb 11 02:55:19.249804 sonic INFO featured[12861]:     daemon = FeatureDaemon()
2025 Feb 11 02:55:19.249845 sonic INFO featured[12861]:              ^^^^^^^^^^^^^^^
2025 Feb 11 02:55:19.249862 sonic INFO featured[12861]:   File "/usr/local/bin/featured", line 529, in __init__
2025 Feb 11 02:55:19.249961 sonic INFO featured[12861]:     self.feature_handler = FeatureHandler(self.config_db, feature_state_table, self.device_config, self.advanced_boot)
2025 Feb 11 02:55:19.250010 sonic INFO featured[12861]:                            ^^^^^^^^^^^^^^^^^^^^^^^^^^^^^^^^^^^^^^^^^^^^^^^^^^^^^^^^^^^^^^^^^^^^^^^^^^^^^^^^^^^^^^^^^^^
2025 Feb 11 02:55:19.250037 sonic INFO featured[12861]:   File "/usr/local/bin/featured", line 136, in __init__
2025 Feb 11 02:55:19.250066 sonic INFO featured[12861]:     self._device_running_config = device_info.get_device_runtime_metadata()
2025 Feb 11 02:55:19.250091 sonic INFO featured[12861]:                                   ^^^^^^^^^^^^^^^^^^^^^^^^^^^^^^^^^^^^^^^^^
2025 Feb 11 02:55:19.250116 sonic INFO featured[12861]:   File "/usr/local/lib/python3.11/dist-packages/sonic_py_common/device_info.py", line 680, in get_device_runtime_metadata
2025 Feb 11 02:55:19.250166 sonic INFO featured[12861]:     port_metadata = {'ETHERNET_PORTS_PRESENT': True if get_path_to_port_config_file(hwsku=None, asic="0" if is_multi_npu() else None) else False}
2025 Feb 11 02:55:19.250228 sonic INFO featured[12861]:                                                        ^^^^^^^^^^^^^^^^^^^^^^^^^^^^^^^^^^^^^^^^^^^^^^^^^^^^^^^^^^^^^^^^^^^^^^^^^^^^^^
2025 Feb 11 02:55:19.250255 sonic INFO featured[12861]:   File "/usr/local/lib/python3.11/dist-packages/sonic_py_common/device_info.py", line 446, in get_path_to_port_config_file
2025 Feb 11 02:55:19.250343 sonic INFO featured[12861]:     (platform_path, hwsku_path) = get_paths_to_platform_and_hwsku_dirs()
2025 Feb 11 02:55:19.250371 sonic INFO featured[12861]:                                   ^^^^^^^^^^^^^^^^^^^^^^^^^^^^^^^^^^^^^^
2025 Feb 11 02:55:19.250402 sonic INFO featured[12861]:   File "/usr/local/lib/python3.11/dist-packages/sonic_py_common/device_info.py", line 412, in get_paths_to_platform_and_hwsku_dirs
2025 Feb 11 02:55:19.250432 sonic INFO featured[12861]:     hwsku_path = os.path.join(platform_path, hwsku)
2025 Feb 11 02:55:19.250464 sonic INFO featured[12861]:                  ^^^^^^^^^^^^^^^^^^^^^^^^^^^^^^^^^^
2025 Feb 11 02:55:19.250490 sonic INFO featured[12861]:   File "<frozen posixpath>", line 90, in join
2025 Feb 11 02:55:19.250519 sonic INFO featured[12861]:   File "<frozen genericpath>", line 152, in _check_arg_types
2025 Feb 11 02:55:19.250544 sonic INFO featured[12861]: TypeError: join() argument must be str, bytes, or os.PathLike object, not 'NoneType'
2025 Feb 11 02:55:19.277820 sonic NOTICE systemd[1]: featured.service: Main process exited, code=exited, status=1/FAILURE
2025 Feb 11 02:55:19.277945 sonic WARNING systemd[1]: featured.service: Failed with result 'exit-code'.
2025 Feb 11 02:55:19.279777 sonic WARNING systemd[1]: featured.service: Start request repeated too quickly.
2025 Feb 11 02:55:19.279838 sonic WARNING systemd[1]: featured.service: Failed with result 'exit-code'.
2025 Feb 11 02:55:19.279868 sonic ERR systemd[1]: Failed to start featured.service - Feature configuration daemon.
2025 Feb 11 02:55:19.780875 sonic INFO systemd[1]: caclmgrd.service: Scheduled restart job, restart counter is at 56.
2025 Feb 11 02:55:19.781473 sonic INFO systemd[1]: Stopped caclmgrd.service - Control Plane ACL configuration daemon.
2025 Feb 11 02:55:19.818580 sonic INFO systemd[1]: Started caclmgrd.service - Control Plane ACL configuration daemon.
2025 Feb 11 02:55:19.818940 sonic WARNING systemd[1]: featured.service: Start request repeated too quickly.
2025 Feb 11 02:55:19.819025 sonic WARNING systemd[1]: featured.service: Failed with result 'exit-code'.
2025 Feb 11 02:55:19.819133 sonic ERR systemd[1]: Failed to start featured.service - Feature configuration daemon.
2025 Feb 11 02:55:19.820746 sonic WARNING systemd[1]: featured.service: Start request repeated too quickly.
2025 Feb 11 02:55:19.820835 sonic WARNING systemd[1]: featured.service: Failed with result 'exit-code'.
2025 Feb 11 02:55:19.820950 sonic ERR systemd[1]: Failed to start featured.service - Feature configuration daemon.
2025 Feb 11 02:55:19.937056 sonic INFO caclmgrd[12864]: Traceback (most recent call last):
2025 Feb 11 02:55:19.937196 sonic INFO caclmgrd[12864]:   File "/usr/local/bin/caclmgrd", line 1146, in <module>
2025 Feb 11 02:55:19.937232 sonic INFO caclmgrd[12864]:     main()
2025 Feb 11 02:55:19.937264 sonic INFO caclmgrd[12864]:   File "/usr/local/bin/caclmgrd", line 1137, in main
2025 Feb 11 02:55:19.937286 sonic INFO caclmgrd[12864]:     caclmgr = ControlPlaneAclManager(SYSLOG_IDENTIFIER)
2025 Feb 11 02:55:19.937315 sonic INFO caclmgrd[12864]:               ^^^^^^^^^^^^^^^^^^^^^^^^^^^^^^^^^^^^^^^^^
2025 Feb 11 02:55:19.937333 sonic INFO caclmgrd[12864]:   File "/usr/local/bin/caclmgrd", line 156, in __init__
2025 Feb 11 02:55:19.937359 sonic INFO caclmgrd[12864]:     if 'subtype' in metadata['localhost'] and metadata['localhost']['subtype'] == 'DualToR':
2025 Feb 11 02:55:19.937385 sonic INFO caclmgrd[12864]:                     ~~~~~~~~^^^^^^^^^^^^^
2025 Feb 11 02:55:19.937404 sonic INFO caclmgrd[12864]: KeyError: 'localhost'
2025 Feb 11 02:55:19.949300 sonic NOTICE systemd[1]: caclmgrd.service: Main process exited, code=exited, status=1/FAILURE
2025 Feb 11 02:55:19.949458 sonic WARNING systemd[1]: caclmgrd.service: Failed with result 'exit-code'.
2025 Feb 11 02:55:19.951184 sonic WARNING systemd[1]: featured.service: Start request repeated too quickly.
2025 Feb 11 02:55:19.951275 sonic WARNING systemd[1]: featured.service: Failed with result 'exit-code'.
2025 Feb 11 02:55:19.951344 sonic ERR systemd[1]: Failed to start featured.service - Feature configuration daemon.
2025 Feb 11 02:55:38.316957 sonic INFO systemd[1]: Started featured.service - Feature configuration daemon.
2025 Feb 11 02:55:38.463407 sonic INFO featured: ConfigDB connect success
2025 Feb 11 02:55:38.467333 sonic INFO featured[12917]: Traceback (most recent call last):
2025 Feb 11 02:55:38.467382 sonic INFO featured[12917]:   File "/usr/local/bin/featured", line 598, in <module>
2025 Feb 11 02:55:38.467496 sonic INFO featured[12917]:     main()
2025 Feb 11 02:55:38.467535 sonic INFO featured[12917]:   File "/usr/local/bin/featured", line 591, in main
2025 Feb 11 02:55:38.467652 sonic INFO featured[12917]:     daemon = FeatureDaemon()
2025 Feb 11 02:55:38.467684 sonic INFO featured[12917]:              ^^^^^^^^^^^^^^^
2025 Feb 11 02:55:38.467715 sonic INFO featured[12917]:   File "/usr/local/bin/featured", line 529, in __init__
2025 Feb 11 02:55:38.467766 sonic INFO featured[12917]:     self.feature_handler = FeatureHandler(self.config_db, feature_state_table, self.device_config, self.advanced_boot)
2025 Feb 11 02:55:38.467802 sonic INFO featured[12917]:                            ^^^^^^^^^^^^^^^^^^^^^^^^^^^^^^^^^^^^^^^^^^^^^^^^^^^^^^^^^^^^^^^^^^^^^^^^^^^^^^^^^^^^^^^^^^^
2025 Feb 11 02:55:38.467824 sonic INFO featured[12917]:   File "/usr/local/bin/featured", line 136, in __init__
2025 Feb 11 02:55:38.467870 sonic INFO featured[12917]:     self._device_running_config = device_info.get_device_runtime_metadata()
2025 Feb 11 02:55:38.467902 sonic INFO featured[12917]:                                   ^^^^^^^^^^^^^^^^^^^^^^^^^^^^^^^^^^^^^^^^^
2025 Feb 11 02:55:38.467926 sonic INFO featured[12917]:   File "/usr/local/lib/python3.11/dist-packages/sonic_py_common/device_info.py", line 680, in get_device_runtime_metadata
2025 Feb 11 02:55:38.468033 sonic INFO featured[12917]:     port_metadata = {'ETHERNET_PORTS_PRESENT': True if get_path_to_port_config_file(hwsku=None, asic="0" if is_multi_npu() else None) else False}
2025 Feb 11 02:55:38.468072 sonic INFO featured[12917]:                                                        ^^^^^^^^^^^^^^^^^^^^^^^^^^^^^^^^^^^^^^^^^^^^^^^^^^^^^^^^^^^^^^^^^^^^^^^^^^^^^^
2025 Feb 11 02:55:38.468108 sonic INFO featured[12917]:   File "/usr/local/lib/python3.11/dist-packages/sonic_py_common/device_info.py", line 446, in get_path_to_port_config_file
2025 Feb 11 02:55:38.468182 sonic INFO featured[12917]:     (platform_path, hwsku_path) = get_paths_to_platform_and_hwsku_dirs()
2025 Feb 11 02:55:38.468215 sonic INFO featured[12917]:                                   ^^^^^^^^^^^^^^^^^^^^^^^^^^^^^^^^^^^^^^
2025 Feb 11 02:55:38.468240 sonic INFO featured[12917]:   File "/usr/local/lib/python3.11/dist-packages/sonic_py_common/device_info.py", line 412, in get_paths_to_platform_and_hwsku_dirs
2025 Feb 11 02:55:38.468291 sonic INFO featured[12917]:     hwsku_path = os.path.join(platform_path, hwsku)
2025 Feb 11 02:55:38.468323 sonic INFO featured[12917]:                  ^^^^^^^^^^^^^^^^^^^^^^^^^^^^^^^^^^
2025 Feb 11 02:55:38.468348 sonic INFO featured[12917]:   File "<frozen posixpath>", line 90, in join
2025 Feb 11 02:55:38.468372 sonic INFO featured[12917]:   File "<frozen genericpath>", line 152, in _check_arg_types
2025 Feb 11 02:55:38.468401 sonic INFO featured[12917]: TypeError: join() argument must be str, bytes, or os.PathLike object, not 'NoneType'
2025 Feb 11 02:55:38.487053 sonic NOTICE systemd[1]: featured.service: Main process exited, code=exited, status=1/FAILURE
2025 Feb 11 02:55:38.487267 sonic WARNING systemd[1]: featured.service: Failed with result 'exit-code'.
2025 Feb 11 02:55:38.518620 sonic INFO systemd[1]: Started featured.service - Feature configuration daemon.
2025 Feb 11 02:55:38.672920 sonic INFO featured: ConfigDB connect success
2025 Feb 11 02:55:38.683379 sonic INFO featured[12920]: Traceback (most recent call last):
2025 Feb 11 02:55:38.683887 sonic INFO featured[12920]:   File "/usr/local/bin/featured", line 598, in <module>
2025 Feb 11 02:55:38.684001 sonic INFO featured[12920]:     main()
2025 Feb 11 02:55:38.684051 sonic INFO featured[12920]:   File "/usr/local/bin/featured", line 591, in main
2025 Feb 11 02:55:38.684079 sonic INFO featured[12920]:     daemon = FeatureDaemon()
2025 Feb 11 02:55:38.684137 sonic INFO featured[12920]:              ^^^^^^^^^^^^^^^
2025 Feb 11 02:55:38.684169 sonic INFO featured[12920]:   File "/usr/local/bin/featured", line 529, in __init__
2025 Feb 11 02:55:38.684194 sonic INFO featured[12920]:     self.feature_handler = FeatureHandler(self.config_db, feature_state_table, self.device_config, self.advanced_boot)
2025 Feb 11 02:55:38.684228 sonic INFO featured[12920]:                            ^^^^^^^^^^^^^^^^^^^^^^^^^^^^^^^^^^^^^^^^^^^^^^^^^^^^^^^^^^^^^^^^^^^^^^^^^^^^^^^^^^^^^^^^^^^
2025 Feb 11 02:55:38.684254 sonic INFO featured[12920]:   File "/usr/local/bin/featured", line 136, in __init__
2025 Feb 11 02:55:38.684280 sonic INFO featured[12920]:     self._device_running_config = device_info.get_device_runtime_metadata()
2025 Feb 11 02:55:38.684296 sonic INFO featured[12920]:                                   ^^^^^^^^^^^^^^^^^^^^^^^^^^^^^^^^^^^^^^^^^
2025 Feb 11 02:55:38.684312 sonic INFO featured[12920]:   File "/usr/local/lib/python3.11/dist-packages/sonic_py_common/device_info.py", line 680, in get_device_runtime_metadata
2025 Feb 11 02:55:38.684343 sonic INFO featured[12920]:     port_metadata = {'ETHERNET_PORTS_PRESENT': True if get_path_to_port_config_file(hwsku=None, asic="0" if is_multi_npu() else None) else False}
2025 Feb 11 02:55:38.684377 sonic INFO featured[12920]:                                                        ^^^^^^^^^^^^^^^^^^^^^^^^^^^^^^^^^^^^^^^^^^^^^^^^^^^^^^^^^^^^^^^^^^^^^^^^^^^^^^
2025 Feb 11 02:55:38.684421 sonic INFO featured[12920]:   File "/usr/local/lib/python3.11/dist-packages/sonic_py_common/device_info.py", line 446, in get_path_to_port_config_file
2025 Feb 11 02:55:38.684455 sonic INFO featured[12920]:     (platform_path, hwsku_path) = get_paths_to_platform_and_hwsku_dirs()
2025 Feb 11 02:55:38.684477 sonic INFO featured[12920]:                                   ^^^^^^^^^^^^^^^^^^^^^^^^^^^^^^^^^^^^^^
2025 Feb 11 02:55:38.684502 sonic INFO featured[12920]:   File "/usr/local/lib/python3.11/dist-packages/sonic_py_common/device_info.py", line 412, in get_paths_to_platform_and_hwsku_dirs
2025 Feb 11 02:55:38.684589 sonic INFO featured[12920]:     hwsku_path = os.path.join(platform_path, hwsku)
2025 Feb 11 02:55:38.684629 sonic INFO featured[12920]:                  ^^^^^^^^^^^^^^^^^^^^^^^^^^^^^^^^^^
2025 Feb 11 02:55:38.684646 sonic INFO featured[12920]:   File "<frozen posixpath>", line 90, in join
2025 Feb 11 02:55:38.684671 sonic INFO featured[12920]:   File "<frozen genericpath>", line 152, in _check_arg_types
2025 Feb 11 02:55:38.684700 sonic INFO featured[12920]: TypeError: join() argument must be str, bytes, or os.PathLike object, not 'NoneType'
2025 Feb 11 02:55:38.706999 sonic NOTICE systemd[1]: featured.service: Main process exited, code=exited, status=1/FAILURE
2025 Feb 11 02:55:38.707156 sonic WARNING systemd[1]: featured.service: Failed with result 'exit-code'.
2025 Feb 11 02:55:38.762873 sonic INFO systemd[1]: Started featured.service - Feature configuration daemon.
2025 Feb 11 02:55:38.961212 sonic INFO featured: ConfigDB connect success
2025 Feb 11 02:55:38.973235 sonic INFO featured[12921]: Traceback (most recent call last):
2025 Feb 11 02:55:38.973341 sonic INFO featured[12921]:   File "/usr/local/bin/featured", line 598, in <module>
2025 Feb 11 02:55:38.973418 sonic INFO featured[12921]:     main()
2025 Feb 11 02:55:38.973449 sonic INFO featured[12921]:   File "/usr/local/bin/featured", line 591, in main
2025 Feb 11 02:55:38.973596 sonic INFO featured[12921]:     daemon = FeatureDaemon()
2025 Feb 11 02:55:38.973629 sonic INFO featured[12921]:              ^^^^^^^^^^^^^^^
2025 Feb 11 02:55:38.973656 sonic INFO featured[12921]:   File "/usr/local/bin/featured", line 529, in __init__
2025 Feb 11 02:55:38.973742 sonic INFO featured[12921]:     self.feature_handler = FeatureHandler(self.config_db, feature_state_table, self.device_config, self.advanced_boot)
2025 Feb 11 02:55:38.973781 sonic INFO featured[12921]:                            ^^^^^^^^^^^^^^^^^^^^^^^^^^^^^^^^^^^^^^^^^^^^^^^^^^^^^^^^^^^^^^^^^^^^^^^^^^^^^^^^^^^^^^^^^^^
2025 Feb 11 02:55:38.973798 sonic INFO featured[12921]:   File "/usr/local/bin/featured", line 136, in __init__
2025 Feb 11 02:55:38.973835 sonic INFO featured[12921]:     self._device_running_config = device_info.get_device_runtime_metadata()
2025 Feb 11 02:55:38.973868 sonic INFO featured[12921]:                                   ^^^^^^^^^^^^^^^^^^^^^^^^^^^^^^^^^^^^^^^^^
2025 Feb 11 02:55:38.973884 sonic INFO featured[12921]:   File "/usr/local/lib/python3.11/dist-packages/sonic_py_common/device_info.py", line 680, in get_device_runtime_metadata
2025 Feb 11 02:55:38.974001 sonic INFO featured[12921]:     port_metadata = {'ETHERNET_PORTS_PRESENT': True if get_path_to_port_config_file(hwsku=None, asic="0" if is_multi_npu() else None) else False}
2025 Feb 11 02:55:38.974037 sonic INFO featured[12921]:                                                        ^^^^^^^^^^^^^^^^^^^^^^^^^^^^^^^^^^^^^^^^^^^^^^^^^^^^^^^^^^^^^^^^^^^^^^^^^^^^^^
2025 Feb 11 02:55:38.974054 sonic INFO featured[12921]:   File "/usr/local/lib/python3.11/dist-packages/sonic_py_common/device_info.py", line 446, in get_path_to_port_config_file
2025 Feb 11 02:55:38.974153 sonic INFO featured[12921]:     (platform_path, hwsku_path) = get_paths_to_platform_and_hwsku_dirs()
2025 Feb 11 02:55:38.974187 sonic INFO featured[12921]:                                   ^^^^^^^^^^^^^^^^^^^^^^^^^^^^^^^^^^^^^^
2025 Feb 11 02:55:38.974204 sonic INFO featured[12921]:   File "/usr/local/lib/python3.11/dist-packages/sonic_py_common/device_info.py", line 412, in get_paths_to_platform_and_hwsku_dirs
2025 Feb 11 02:55:38.974266 sonic INFO featured[12921]:     hwsku_path = os.path.join(platform_path, hwsku)
2025 Feb 11 02:55:38.974299 sonic INFO featured[12921]:                  ^^^^^^^^^^^^^^^^^^^^^^^^^^^^^^^^^^
2025 Feb 11 02:55:38.974315 sonic INFO featured[12921]:   File "<frozen posixpath>", line 90, in join
2025 Feb 11 02:55:38.974340 sonic INFO featured[12921]:   File "<frozen genericpath>", line 152, in _check_arg_types
2025 Feb 11 02:55:38.974356 sonic INFO featured[12921]: TypeError: join() argument must be str, bytes, or os.PathLike object, not 'NoneType'
2025 Feb 11 02:55:38.994390 sonic NOTICE systemd[1]: featured.service: Main process exited, code=exited, status=1/FAILURE
2025 Feb 11 02:55:38.994522 sonic WARNING systemd[1]: featured.service: Failed with result 'exit-code'.
2025 Feb 11 02:55:39.016284 sonic INFO systemd[1]: Started featured.service - Feature configuration daemon.
2025 Feb 11 02:55:39.175042 sonic INFO featured: ConfigDB connect success
2025 Feb 11 02:55:39.179820 sonic INFO featured[12922]: Traceback (most recent call last):
2025 Feb 11 02:55:39.179903 sonic INFO featured[12922]:   File "/usr/local/bin/featured", line 598, in <module>
2025 Feb 11 02:55:39.179961 sonic INFO featured[12922]:     main()
2025 Feb 11 02:55:39.179995 sonic INFO featured[12922]:   File "/usr/local/bin/featured", line 591, in main
2025 Feb 11 02:55:39.180115 sonic INFO featured[12922]:     daemon = FeatureDaemon()
2025 Feb 11 02:55:39.180162 sonic INFO featured[12922]:              ^^^^^^^^^^^^^^^
2025 Feb 11 02:55:39.180189 sonic INFO featured[12922]:   File "/usr/local/bin/featured", line 529, in __init__
2025 Feb 11 02:55:39.180283 sonic INFO featured[12922]:     self.feature_handler = FeatureHandler(self.config_db, feature_state_table, self.device_config, self.advanced_boot)
2025 Feb 11 02:55:39.180322 sonic INFO featured[12922]:                            ^^^^^^^^^^^^^^^^^^^^^^^^^^^^^^^^^^^^^^^^^^^^^^^^^^^^^^^^^^^^^^^^^^^^^^^^^^^^^^^^^^^^^^^^^^^
2025 Feb 11 02:55:39.180339 sonic INFO featured[12922]:   File "/usr/local/bin/featured", line 136, in __init__
2025 Feb 11 02:55:39.180385 sonic INFO featured[12922]:     self._device_running_config = device_info.get_device_runtime_metadata()
2025 Feb 11 02:55:39.180417 sonic INFO featured[12922]:                                   ^^^^^^^^^^^^^^^^^^^^^^^^^^^^^^^^^^^^^^^^^
2025 Feb 11 02:55:39.180442 sonic INFO featured[12922]:   File "/usr/local/lib/python3.11/dist-packages/sonic_py_common/device_info.py", line 680, in get_device_runtime_metadata
2025 Feb 11 02:55:39.180551 sonic INFO featured[12922]:     port_metadata = {'ETHERNET_PORTS_PRESENT': True if get_path_to_port_config_file(hwsku=None, asic="0" if is_multi_npu() else None) else False}
2025 Feb 11 02:55:39.180590 sonic INFO featured[12922]:                                                        ^^^^^^^^^^^^^^^^^^^^^^^^^^^^^^^^^^^^^^^^^^^^^^^^^^^^^^^^^^^^^^^^^^^^^^^^^^^^^^
2025 Feb 11 02:55:39.180606 sonic INFO featured[12922]:   File "/usr/local/lib/python3.11/dist-packages/sonic_py_common/device_info.py", line 446, in get_path_to_port_config_file
2025 Feb 11 02:55:39.180677 sonic INFO featured[12922]:     (platform_path, hwsku_path) = get_paths_to_platform_and_hwsku_dirs()
2025 Feb 11 02:55:39.180708 sonic INFO featured[12922]:                                   ^^^^^^^^^^^^^^^^^^^^^^^^^^^^^^^^^^^^^^
2025 Feb 11 02:55:39.180734 sonic INFO featured[12922]:   File "/usr/local/lib/python3.11/dist-packages/sonic_py_common/device_info.py", line 412, in get_paths_to_platform_and_hwsku_dirs
2025 Feb 11 02:55:39.180790 sonic INFO featured[12922]:     hwsku_path = os.path.join(platform_path, hwsku)
2025 Feb 11 02:55:39.180823 sonic INFO featured[12922]:                  ^^^^^^^^^^^^^^^^^^^^^^^^^^^^^^^^^^
2025 Feb 11 02:55:39.180848 sonic INFO featured[12922]:   File "<frozen posixpath>", line 90, in join
2025 Feb 11 02:55:39.180873 sonic INFO featured[12922]:   File "<frozen genericpath>", line 152, in _check_arg_types
2025 Feb 11 02:55:39.180902 sonic INFO featured[12922]: TypeError: join() argument must be str, bytes, or os.PathLike object, not 'NoneType'
2025 Feb 11 02:55:39.208200 sonic NOTICE systemd[1]: featured.service: Main process exited, code=exited, status=1/FAILURE
2025 Feb 11 02:55:39.208477 sonic WARNING systemd[1]: featured.service: Failed with result 'exit-code'.
2025 Feb 11 02:55:39.263665 sonic INFO systemd[1]: Started featured.service - Feature configuration daemon.
2025 Feb 11 02:55:39.394158 sonic INFO featured: ConfigDB connect success
2025 Feb 11 02:55:39.397989 sonic INFO featured[12923]: Traceback (most recent call last):
2025 Feb 11 02:55:39.398049 sonic INFO featured[12923]:   File "/usr/local/bin/featured", line 598, in <module>
2025 Feb 11 02:55:39.398163 sonic INFO featured[12923]:     main()
2025 Feb 11 02:55:39.398202 sonic INFO featured[12923]:   File "/usr/local/bin/featured", line 591, in main
2025 Feb 11 02:55:39.398321 sonic INFO featured[12923]:     daemon = FeatureDaemon()
2025 Feb 11 02:55:39.398360 sonic INFO featured[12923]:              ^^^^^^^^^^^^^^^
2025 Feb 11 02:55:39.398377 sonic INFO featured[12923]:   File "/usr/local/bin/featured", line 529, in __init__
2025 Feb 11 02:55:39.398441 sonic INFO featured[12923]:     self.feature_handler = FeatureHandler(self.config_db, feature_state_table, self.device_config, self.advanced_boot)
2025 Feb 11 02:55:39.398489 sonic INFO featured[12923]:                            ^^^^^^^^^^^^^^^^^^^^^^^^^^^^^^^^^^^^^^^^^^^^^^^^^^^^^^^^^^^^^^^^^^^^^^^^^^^^^^^^^^^^^^^^^^^
2025 Feb 11 02:55:39.398516 sonic INFO featured[12923]:   File "/usr/local/bin/featured", line 136, in __init__
2025 Feb 11 02:55:39.398545 sonic INFO featured[12923]:     self._device_running_config = device_info.get_device_runtime_metadata()
2025 Feb 11 02:55:39.398576 sonic INFO featured[12923]:                                   ^^^^^^^^^^^^^^^^^^^^^^^^^^^^^^^^^^^^^^^^^
2025 Feb 11 02:55:39.398601 sonic INFO featured[12923]:   File "/usr/local/lib/python3.11/dist-packages/sonic_py_common/device_info.py", line 680, in get_device_runtime_metadata
2025 Feb 11 02:55:39.398764 sonic INFO featured[12923]:     port_metadata = {'ETHERNET_PORTS_PRESENT': True if get_path_to_port_config_file(hwsku=None, asic="0" if is_multi_npu() else None) else False}
2025 Feb 11 02:55:39.398802 sonic INFO featured[12923]:                                                        ^^^^^^^^^^^^^^^^^^^^^^^^^^^^^^^^^^^^^^^^^^^^^^^^^^^^^^^^^^^^^^^^^^^^^^^^^^^^^^
2025 Feb 11 02:55:39.398824 sonic INFO featured[12923]:   File "/usr/local/lib/python3.11/dist-packages/sonic_py_common/device_info.py", line 446, in get_path_to_port_config_file
2025 Feb 11 02:55:39.398914 sonic INFO featured[12923]:     (platform_path, hwsku_path) = get_paths_to_platform_and_hwsku_dirs()
2025 Feb 11 02:55:39.398946 sonic INFO featured[12923]:                                   ^^^^^^^^^^^^^^^^^^^^^^^^^^^^^^^^^^^^^^
2025 Feb 11 02:55:39.398971 sonic INFO featured[12923]:   File "/usr/local/lib/python3.11/dist-packages/sonic_py_common/device_info.py", line 412, in get_paths_to_platform_and_hwsku_dirs
2025 Feb 11 02:55:39.399023 sonic INFO featured[12923]:     hwsku_path = os.path.join(platform_path, hwsku)
2025 Feb 11 02:55:39.399057 sonic INFO featured[12923]:                  ^^^^^^^^^^^^^^^^^^^^^^^^^^^^^^^^^^
2025 Feb 11 02:55:39.399081 sonic INFO featured[12923]:   File "<frozen posixpath>", line 90, in join
2025 Feb 11 02:55:39.399117 sonic INFO featured[12923]:   File "<frozen genericpath>", line 152, in _check_arg_types
2025 Feb 11 02:55:39.399132 sonic INFO featured[12923]: TypeError: join() argument must be str, bytes, or os.PathLike object, not 'NoneType'
2025 Feb 11 02:55:39.417028 sonic NOTICE systemd[1]: featured.service: Main process exited, code=exited, status=1/FAILURE
2025 Feb 11 02:55:39.417130 sonic WARNING systemd[1]: featured.service: Failed with result 'exit-code'.
2025 Feb 11 02:55:39.418755 sonic WARNING systemd[1]: featured.service: Start request repeated too quickly.
2025 Feb 11 02:55:39.418822 sonic WARNING systemd[1]: featured.service: Failed with result 'exit-code'.
2025 Feb 11 02:55:39.418865 sonic ERR systemd[1]: Failed to start featured.service - Feature configuration daemon.
2025 Feb 11 02:55:48.279102 sonic WARNING systemd[1]: featured.service: Start request repeated too quickly.
2025 Feb 11 02:55:48.279395 sonic WARNING systemd[1]: featured.service: Failed with result 'exit-code'.
2025 Feb 11 02:55:48.279466 sonic ERR systemd[1]: Failed to start featured.service - Feature configuration daemon.
2025 Feb 11 02:55:49.314623 sonic INFO systemd[1]: Started featured.service - Feature configuration daemon.
2025 Feb 11 02:55:49.446293 sonic INFO featured: ConfigDB connect success
2025 Feb 11 02:55:49.450437 sonic INFO featured[12959]: Traceback (most recent call last):
2025 Feb 11 02:55:49.450484 sonic INFO featured[12959]:   File "/usr/local/bin/featured", line 598, in <module>
2025 Feb 11 02:55:49.450606 sonic INFO featured[12959]:     main()
2025 Feb 11 02:55:49.450646 sonic INFO featured[12959]:   File "/usr/local/bin/featured", line 591, in main
2025 Feb 11 02:55:49.450764 sonic INFO featured[12959]:     daemon = FeatureDaemon()
2025 Feb 11 02:55:49.450798 sonic INFO featured[12959]:              ^^^^^^^^^^^^^^^
2025 Feb 11 02:55:49.450820 sonic INFO featured[12959]:   File "/usr/local/bin/featured", line 529, in __init__
2025 Feb 11 02:55:49.450877 sonic INFO featured[12959]:     self.feature_handler = FeatureHandler(self.config_db, feature_state_table, self.device_config, self.advanced_boot)
2025 Feb 11 02:55:49.450913 sonic INFO featured[12959]:                            ^^^^^^^^^^^^^^^^^^^^^^^^^^^^^^^^^^^^^^^^^^^^^^^^^^^^^^^^^^^^^^^^^^^^^^^^^^^^^^^^^^^^^^^^^^^
2025 Feb 11 02:55:49.450930 sonic INFO featured[12959]:   File "/usr/local/bin/featured", line 136, in __init__
2025 Feb 11 02:55:49.450979 sonic INFO featured[12959]:     self._device_running_config = device_info.get_device_runtime_metadata()
2025 Feb 11 02:55:49.451011 sonic INFO featured[12959]:                                   ^^^^^^^^^^^^^^^^^^^^^^^^^^^^^^^^^^^^^^^^^
2025 Feb 11 02:55:49.451028 sonic INFO featured[12959]:   File "/usr/local/lib/python3.11/dist-packages/sonic_py_common/device_info.py", line 680, in get_device_runtime_metadata
2025 Feb 11 02:55:49.451175 sonic INFO featured[12959]:     port_metadata = {'ETHERNET_PORTS_PRESENT': True if get_path_to_port_config_file(hwsku=None, asic="0" if is_multi_npu() else None) else False}
2025 Feb 11 02:55:49.451215 sonic INFO featured[12959]:                                                        ^^^^^^^^^^^^^^^^^^^^^^^^^^^^^^^^^^^^^^^^^^^^^^^^^^^^^^^^^^^^^^^^^^^^^^^^^^^^^^
2025 Feb 11 02:55:49.451239 sonic INFO featured[12959]:   File "/usr/local/lib/python3.11/dist-packages/sonic_py_common/device_info.py", line 446, in get_path_to_port_config_file
2025 Feb 11 02:55:49.451300 sonic INFO featured[12959]:     (platform_path, hwsku_path) = get_paths_to_platform_and_hwsku_dirs()
2025 Feb 11 02:55:49.451332 sonic INFO featured[12959]:                                   ^^^^^^^^^^^^^^^^^^^^^^^^^^^^^^^^^^^^^^
2025 Feb 11 02:55:49.451350 sonic INFO featured[12959]:   File "/usr/local/lib/python3.11/dist-packages/sonic_py_common/device_info.py", line 412, in get_paths_to_platform_and_hwsku_dirs
2025 Feb 11 02:55:49.451406 sonic INFO featured[12959]:     hwsku_path = os.path.join(platform_path, hwsku)
2025 Feb 11 02:55:49.451439 sonic INFO featured[12959]:                  ^^^^^^^^^^^^^^^^^^^^^^^^^^^^^^^^^^
2025 Feb 11 02:55:49.451460 sonic INFO featured[12959]:   File "<frozen posixpath>", line 90, in join
2025 Feb 11 02:55:49.451476 sonic INFO featured[12959]:   File "<frozen genericpath>", line 152, in _check_arg_types
2025 Feb 11 02:55:49.451502 sonic INFO featured[12959]: TypeError: join() argument must be str, bytes, or os.PathLike object, not 'NoneType'
2025 Feb 11 02:55:49.469447 sonic NOTICE systemd[1]: featured.service: Main process exited, code=exited, status=1/FAILURE
2025 Feb 11 02:55:49.469680 sonic WARNING systemd[1]: featured.service: Failed with result 'exit-code'.
2025 Feb 11 02:55:49.490696 sonic INFO systemd[1]: Started featured.service - Feature configuration daemon.
2025 Feb 11 02:55:49.643690 sonic INFO featured: ConfigDB connect success
2025 Feb 11 02:55:49.647667 sonic INFO featured[12960]: Traceback (most recent call last):
2025 Feb 11 02:55:49.647729 sonic INFO featured[12960]:   File "/usr/local/bin/featured", line 598, in <module>
2025 Feb 11 02:55:49.647825 sonic INFO featured[12960]:     main()
2025 Feb 11 02:55:49.647863 sonic INFO featured[12960]:   File "/usr/local/bin/featured", line 591, in main
2025 Feb 11 02:55:49.647986 sonic INFO featured[12960]:     daemon = FeatureDaemon()
2025 Feb 11 02:55:49.648023 sonic INFO featured[12960]:              ^^^^^^^^^^^^^^^
2025 Feb 11 02:55:49.648045 sonic INFO featured[12960]:   File "/usr/local/bin/featured", line 529, in __init__
2025 Feb 11 02:55:49.648138 sonic INFO featured[12960]:     self.feature_handler = FeatureHandler(self.config_db, feature_state_table, self.device_config, self.advanced_boot)
2025 Feb 11 02:55:49.648177 sonic INFO featured[12960]:                            ^^^^^^^^^^^^^^^^^^^^^^^^^^^^^^^^^^^^^^^^^^^^^^^^^^^^^^^^^^^^^^^^^^^^^^^^^^^^^^^^^^^^^^^^^^^
2025 Feb 11 02:55:49.648194 sonic INFO featured[12960]:   File "/usr/local/bin/featured", line 136, in __init__
2025 Feb 11 02:55:49.648239 sonic INFO featured[12960]:     self._device_running_config = device_info.get_device_runtime_metadata()
2025 Feb 11 02:55:49.648271 sonic INFO featured[12960]:                                   ^^^^^^^^^^^^^^^^^^^^^^^^^^^^^^^^^^^^^^^^^
2025 Feb 11 02:55:49.648288 sonic INFO featured[12960]:   File "/usr/local/lib/python3.11/dist-packages/sonic_py_common/device_info.py", line 680, in get_device_runtime_metadata
2025 Feb 11 02:55:49.648402 sonic INFO featured[12960]:     port_metadata = {'ETHERNET_PORTS_PRESENT': True if get_path_to_port_config_file(hwsku=None, asic="0" if is_multi_npu() else None) else False}
2025 Feb 11 02:55:49.648440 sonic INFO featured[12960]:                                                        ^^^^^^^^^^^^^^^^^^^^^^^^^^^^^^^^^^^^^^^^^^^^^^^^^^^^^^^^^^^^^^^^^^^^^^^^^^^^^^
2025 Feb 11 02:55:49.648456 sonic INFO featured[12960]:   File "/usr/local/lib/python3.11/dist-packages/sonic_py_common/device_info.py", line 446, in get_path_to_port_config_file
2025 Feb 11 02:55:49.648525 sonic INFO featured[12960]:     (platform_path, hwsku_path) = get_paths_to_platform_and_hwsku_dirs()
2025 Feb 11 02:55:49.648556 sonic INFO featured[12960]:                                   ^^^^^^^^^^^^^^^^^^^^^^^^^^^^^^^^^^^^^^
2025 Feb 11 02:55:49.648573 sonic INFO featured[12960]:   File "/usr/local/lib/python3.11/dist-packages/sonic_py_common/device_info.py", line 412, in get_paths_to_platform_and_hwsku_dirs
2025 Feb 11 02:55:49.648634 sonic INFO featured[12960]:     hwsku_path = os.path.join(platform_path, hwsku)
2025 Feb 11 02:55:49.648667 sonic INFO featured[12960]:                  ^^^^^^^^^^^^^^^^^^^^^^^^^^^^^^^^^^
2025 Feb 11 02:55:49.648684 sonic INFO featured[12960]:   File "<frozen posixpath>", line 90, in join
2025 Feb 11 02:55:49.648700 sonic INFO featured[12960]:   File "<frozen genericpath>", line 152, in _check_arg_types
2025 Feb 11 02:55:49.648716 sonic INFO featured[12960]: TypeError: join() argument must be str, bytes, or os.PathLike object, not 'NoneType'
2025 Feb 11 02:55:49.666784 sonic NOTICE systemd[1]: featured.service: Main process exited, code=exited, status=1/FAILURE
2025 Feb 11 02:55:49.668346 sonic WARNING systemd[1]: featured.service: Failed with result 'exit-code'.
2025 Feb 11 02:55:49.718477 sonic INFO systemd[1]: Started featured.service - Feature configuration daemon.
2025 Feb 11 02:55:49.853303 sonic INFO featured: ConfigDB connect success
2025 Feb 11 02:55:49.857267 sonic INFO featured[12963]: Traceback (most recent call last):
2025 Feb 11 02:55:49.857319 sonic INFO featured[12963]:   File "/usr/local/bin/featured", line 598, in <module>
2025 Feb 11 02:55:49.857421 sonic INFO featured[12963]:     main()
2025 Feb 11 02:55:49.857460 sonic INFO featured[12963]:   File "/usr/local/bin/featured", line 591, in main
2025 Feb 11 02:55:49.857629 sonic INFO featured[12963]:     daemon = FeatureDaemon()
2025 Feb 11 02:55:49.857666 sonic INFO featured[12963]:              ^^^^^^^^^^^^^^^
2025 Feb 11 02:55:49.857683 sonic INFO featured[12963]:   File "/usr/local/bin/featured", line 529, in __init__
2025 Feb 11 02:55:49.857756 sonic INFO featured[12963]:     self.feature_handler = FeatureHandler(self.config_db, feature_state_table, self.device_config, self.advanced_boot)
2025 Feb 11 02:55:49.857794 sonic INFO featured[12963]:                            ^^^^^^^^^^^^^^^^^^^^^^^^^^^^^^^^^^^^^^^^^^^^^^^^^^^^^^^^^^^^^^^^^^^^^^^^^^^^^^^^^^^^^^^^^^^
2025 Feb 11 02:55:49.857811 sonic INFO featured[12963]:   File "/usr/local/bin/featured", line 136, in __init__
2025 Feb 11 02:55:49.857844 sonic INFO featured[12963]:     self._device_running_config = device_info.get_device_runtime_metadata()
2025 Feb 11 02:55:49.857866 sonic INFO featured[12963]:                                   ^^^^^^^^^^^^^^^^^^^^^^^^^^^^^^^^^^^^^^^^^
2025 Feb 11 02:55:49.857892 sonic INFO featured[12963]:   File "/usr/local/lib/python3.11/dist-packages/sonic_py_common/device_info.py", line 680, in get_device_runtime_metadata
2025 Feb 11 02:55:49.858006 sonic INFO featured[12963]:     port_metadata = {'ETHERNET_PORTS_PRESENT': True if get_path_to_port_config_file(hwsku=None, asic="0" if is_multi_npu() else None) else False}
2025 Feb 11 02:55:49.858046 sonic INFO featured[12963]:                                                        ^^^^^^^^^^^^^^^^^^^^^^^^^^^^^^^^^^^^^^^^^^^^^^^^^^^^^^^^^^^^^^^^^^^^^^^^^^^^^^
2025 Feb 11 02:55:49.858085 sonic INFO featured[12963]:   File "/usr/local/lib/python3.11/dist-packages/sonic_py_common/device_info.py", line 446, in get_path_to_port_config_file
2025 Feb 11 02:55:49.858150 sonic INFO featured[12963]:     (platform_path, hwsku_path) = get_paths_to_platform_and_hwsku_dirs()
2025 Feb 11 02:55:49.858181 sonic INFO featured[12963]:                                   ^^^^^^^^^^^^^^^^^^^^^^^^^^^^^^^^^^^^^^
2025 Feb 11 02:55:49.858198 sonic INFO featured[12963]:   File "/usr/local/lib/python3.11/dist-packages/sonic_py_common/device_info.py", line 412, in get_paths_to_platform_and_hwsku_dirs
2025 Feb 11 02:55:49.858257 sonic INFO featured[12963]:     hwsku_path = os.path.join(platform_path, hwsku)
2025 Feb 11 02:55:49.858290 sonic INFO featured[12963]:                  ^^^^^^^^^^^^^^^^^^^^^^^^^^^^^^^^^^
2025 Feb 11 02:55:49.858308 sonic INFO featured[12963]:   File "<frozen posixpath>", line 90, in join
2025 Feb 11 02:55:49.858325 sonic INFO featured[12963]:   File "<frozen genericpath>", line 152, in _check_arg_types
2025 Feb 11 02:55:49.858350 sonic INFO featured[12963]: TypeError: join() argument must be str, bytes, or os.PathLike object, not 'NoneType'
2025 Feb 11 02:55:49.877267 sonic NOTICE systemd[1]: featured.service: Main process exited, code=exited, status=1/FAILURE
2025 Feb 11 02:55:49.877396 sonic WARNING systemd[1]: featured.service: Failed with result 'exit-code'.
2025 Feb 11 02:55:49.902589 sonic INFO systemd[1]: Started featured.service - Feature configuration daemon.
2025 Feb 11 02:55:50.026840 sonic INFO systemd[1]: caclmgrd.service: Scheduled restart job, restart counter is at 57.
2025 Feb 11 02:55:50.027368 sonic INFO systemd[1]: Stopped caclmgrd.service - Control Plane ACL configuration daemon.
2025 Feb 11 02:55:50.061793 sonic INFO featured: ConfigDB connect success
2025 Feb 11 02:55:50.061949 sonic INFO featured[12965]: Traceback (most recent call last):
2025 Feb 11 02:55:50.062008 sonic INFO featured[12965]:   File "/usr/local/bin/featured", line 598, in <module>
2025 Feb 11 02:55:50.062050 sonic INFO featured[12965]:     main()
2025 Feb 11 02:55:50.062120 sonic INFO featured[12965]:   File "/usr/local/bin/featured", line 591, in main
2025 Feb 11 02:55:50.062158 sonic INFO featured[12965]:     daemon = FeatureDaemon()
2025 Feb 11 02:55:50.062195 sonic INFO featured[12965]:              ^^^^^^^^^^^^^^^
2025 Feb 11 02:55:50.062234 sonic INFO featured[12965]:   File "/usr/local/bin/featured", line 529, in __init__
2025 Feb 11 02:55:50.062273 sonic INFO featured[12965]:     self.feature_handler = FeatureHandler(self.config_db, feature_state_table, self.device_config, self.advanced_boot)
2025 Feb 11 02:55:50.062311 sonic INFO featured[12965]:                            ^^^^^^^^^^^^^^^^^^^^^^^^^^^^^^^^^^^^^^^^^^^^^^^^^^^^^^^^^^^^^^^^^^^^^^^^^^^^^^^^^^^^^^^^^^^
2025 Feb 11 02:55:50.062348 sonic INFO featured[12965]:   File "/usr/local/bin/featured", line 136, in __init__
2025 Feb 11 02:55:50.062385 sonic INFO featured[12965]:     self._device_running_config = device_info.get_device_runtime_metadata()
2025 Feb 11 02:55:50.062423 sonic INFO featured[12965]:                                   ^^^^^^^^^^^^^^^^^^^^^^^^^^^^^^^^^^^^^^^^^
2025 Feb 11 02:55:50.062461 sonic INFO featured[12965]:   File "/usr/local/lib/python3.11/dist-packages/sonic_py_common/device_info.py", line 680, in get_device_runtime_metadata
2025 Feb 11 02:55:50.062501 sonic INFO featured[12965]:     port_metadata = {'ETHERNET_PORTS_PRESENT': True if get_path_to_port_config_file(hwsku=None, asic="0" if is_multi_npu() else None) else False}
2025 Feb 11 02:55:50.062547 sonic INFO featured[12965]:                                                        ^^^^^^^^^^^^^^^^^^^^^^^^^^^^^^^^^^^^^^^^^^^^^^^^^^^^^^^^^^^^^^^^^^^^^^^^^^^^^^
2025 Feb 11 02:55:50.062583 sonic INFO featured[12965]:   File "/usr/local/lib/python3.11/dist-packages/sonic_py_common/device_info.py", line 446, in get_path_to_port_config_file
2025 Feb 11 02:55:50.062626 sonic INFO featured[12965]:     (platform_path, hwsku_path) = get_paths_to_platform_and_hwsku_dirs()
2025 Feb 11 02:55:50.062651 sonic INFO featured[12965]:                                   ^^^^^^^^^^^^^^^^^^^^^^^^^^^^^^^^^^^^^^
2025 Feb 11 02:55:50.062686 sonic INFO featured[12965]:   File "/usr/local/lib/python3.11/dist-packages/sonic_py_common/device_info.py", line 412, in get_paths_to_platform_and_hwsku_dirs
2025 Feb 11 02:55:50.062725 sonic INFO featured[12965]:     hwsku_path = os.path.join(platform_path, hwsku)
2025 Feb 11 02:55:50.062762 sonic INFO featured[12965]:                  ^^^^^^^^^^^^^^^^^^^^^^^^^^^^^^^^^^
2025 Feb 11 02:55:50.062790 sonic INFO featured[12965]:   File "<frozen posixpath>", line 90, in join
2025 Feb 11 02:55:50.062825 sonic INFO featured[12965]:   File "<frozen genericpath>", line 152, in _check_arg_types
2025 Feb 11 02:55:50.062863 sonic INFO featured[12965]: TypeError: join() argument must be str, bytes, or os.PathLike object, not 'NoneType'
2025 Feb 11 02:55:50.062948 sonic INFO systemd[1]: Started caclmgrd.service - Control Plane ACL configuration daemon.
2025 Feb 11 02:55:50.064906 sonic NOTICE systemd[1]: featured.service: Main process exited, code=exited, status=1/FAILURE
2025 Feb 11 02:55:50.065106 sonic WARNING systemd[1]: featured.service: Failed with result 'exit-code'.
2025 Feb 11 02:55:50.070437 sonic INFO systemd[1]: Started featured.service - Feature configuration daemon.
2025 Feb 11 02:55:50.171292 sonic INFO caclmgrd[12966]: Traceback (most recent call last):
2025 Feb 11 02:55:50.171365 sonic INFO caclmgrd[12966]:   File "/usr/local/bin/caclmgrd", line 1146, in <module>
2025 Feb 11 02:55:50.171406 sonic INFO caclmgrd[12966]:     main()
2025 Feb 11 02:55:50.171439 sonic INFO caclmgrd[12966]:   File "/usr/local/bin/caclmgrd", line 1137, in main
2025 Feb 11 02:55:50.171463 sonic INFO caclmgrd[12966]:     caclmgr = ControlPlaneAclManager(SYSLOG_IDENTIFIER)
2025 Feb 11 02:55:50.171492 sonic INFO caclmgrd[12966]:               ^^^^^^^^^^^^^^^^^^^^^^^^^^^^^^^^^^^^^^^^^
2025 Feb 11 02:55:50.171508 sonic INFO caclmgrd[12966]:   File "/usr/local/bin/caclmgrd", line 156, in __init__
2025 Feb 11 02:55:50.171531 sonic INFO caclmgrd[12966]:     if 'subtype' in metadata['localhost'] and metadata['localhost']['subtype'] == 'DualToR':
2025 Feb 11 02:55:50.171556 sonic INFO caclmgrd[12966]:                     ~~~~~~~~^^^^^^^^^^^^^
2025 Feb 11 02:55:50.171585 sonic INFO caclmgrd[12966]: KeyError: 'localhost'
2025 Feb 11 02:55:50.183434 sonic NOTICE systemd[1]: caclmgrd.service: Main process exited, code=exited, status=1/FAILURE
2025 Feb 11 02:55:50.183567 sonic WARNING systemd[1]: caclmgrd.service: Failed with result 'exit-code'.
2025 Feb 11 02:55:50.198029 sonic INFO featured: ConfigDB connect success
2025 Feb 11 02:55:50.202009 sonic INFO featured[12967]: Traceback (most recent call last):
2025 Feb 11 02:55:50.202053 sonic INFO featured[12967]:   File "/usr/local/bin/featured", line 598, in <module>
2025 Feb 11 02:55:50.202199 sonic INFO featured[12967]:     main()
2025 Feb 11 02:55:50.202241 sonic INFO featured[12967]:   File "/usr/local/bin/featured", line 591, in main
2025 Feb 11 02:55:50.202357 sonic INFO featured[12967]:     daemon = FeatureDaemon()
2025 Feb 11 02:55:50.202391 sonic INFO featured[12967]:              ^^^^^^^^^^^^^^^
2025 Feb 11 02:55:50.202413 sonic INFO featured[12967]:   File "/usr/local/bin/featured", line 529, in __init__
2025 Feb 11 02:55:50.202471 sonic INFO featured[12967]:     self.feature_handler = FeatureHandler(self.config_db, feature_state_table, self.device_config, self.advanced_boot)
2025 Feb 11 02:55:50.202514 sonic INFO featured[12967]:                            ^^^^^^^^^^^^^^^^^^^^^^^^^^^^^^^^^^^^^^^^^^^^^^^^^^^^^^^^^^^^^^^^^^^^^^^^^^^^^^^^^^^^^^^^^^^
2025 Feb 11 02:55:50.202531 sonic INFO featured[12967]:   File "/usr/local/bin/featured", line 136, in __init__
2025 Feb 11 02:55:50.202562 sonic INFO featured[12967]:     self._device_running_config = device_info.get_device_runtime_metadata()
2025 Feb 11 02:55:50.202594 sonic INFO featured[12967]:                                   ^^^^^^^^^^^^^^^^^^^^^^^^^^^^^^^^^^^^^^^^^
2025 Feb 11 02:55:50.202619 sonic INFO featured[12967]:   File "/usr/local/lib/python3.11/dist-packages/sonic_py_common/device_info.py", line 680, in get_device_runtime_metadata
2025 Feb 11 02:55:50.202724 sonic INFO featured[12967]:     port_metadata = {'ETHERNET_PORTS_PRESENT': True if get_path_to_port_config_file(hwsku=None, asic="0" if is_multi_npu() else None) else False}
2025 Feb 11 02:55:50.202763 sonic INFO featured[12967]:                                                        ^^^^^^^^^^^^^^^^^^^^^^^^^^^^^^^^^^^^^^^^^^^^^^^^^^^^^^^^^^^^^^^^^^^^^^^^^^^^^^
2025 Feb 11 02:55:50.202780 sonic INFO featured[12967]:   File "/usr/local/lib/python3.11/dist-packages/sonic_py_common/device_info.py", line 446, in get_path_to_port_config_file
2025 Feb 11 02:55:50.202842 sonic INFO featured[12967]:     (platform_path, hwsku_path) = get_paths_to_platform_and_hwsku_dirs()
2025 Feb 11 02:55:50.202874 sonic INFO featured[12967]:                                   ^^^^^^^^^^^^^^^^^^^^^^^^^^^^^^^^^^^^^^
2025 Feb 11 02:55:50.202899 sonic INFO featured[12967]:   File "/usr/local/lib/python3.11/dist-packages/sonic_py_common/device_info.py", line 412, in get_paths_to_platform_and_hwsku_dirs
2025 Feb 11 02:55:50.202946 sonic INFO featured[12967]:     hwsku_path = os.path.join(platform_path, hwsku)
2025 Feb 11 02:55:50.202980 sonic INFO featured[12967]:                  ^^^^^^^^^^^^^^^^^^^^^^^^^^^^^^^^^^
2025 Feb 11 02:55:50.203005 sonic INFO featured[12967]:   File "<frozen posixpath>", line 90, in join
2025 Feb 11 02:55:50.203029 sonic INFO featured[12967]:   File "<frozen genericpath>", line 152, in _check_arg_types
2025 Feb 11 02:55:50.203054 sonic INFO featured[12967]: TypeError: join() argument must be str, bytes, or os.PathLike object, not 'NoneType'
2025 Feb 11 02:55:50.221567 sonic NOTICE systemd[1]: featured.service: Main process exited, code=exited, status=1/FAILURE
2025 Feb 11 02:55:50.221739 sonic WARNING systemd[1]: featured.service: Failed with result 'exit-code'.
2025 Feb 11 02:55:50.223388 sonic WARNING systemd[1]: featured.service: Start request repeated too quickly.
2025 Feb 11 02:55:50.223439 sonic WARNING systemd[1]: featured.service: Failed with result 'exit-code'.
2025 Feb 11 02:55:50.223563 sonic ERR systemd[1]: Failed to start featured.service - Feature configuration daemon.
2025 Feb 11 02:55:54.889394 sonic ERR monit[828]: 'container_checker' status failed (4) -- Unexpected running containers: bgp1, database3, database0, bgp3, bgp0, macsec3, macsec2, database, database2, database1, eventd, macsec1, macsec0, bgp2
2025 Feb 11 02:55:55.010813 sonic DEBUG mgmt_oper_status.py: No management interface found
2025 Feb 11 02:55:55.171992 sonic WARNING systemd[1]: featured.service: Start request repeated too quickly.
2025 Feb 11 02:55:55.172149 sonic WARNING systemd[1]: featured.service: Failed with result 'exit-code'.
2025 Feb 11 02:55:55.172223 sonic ERR systemd[1]: Failed to start featured.service - Feature configuration daemon.
2025 Feb 11 02:55:55.175071 sonic WARNING systemd[1]: featured.service: Start request repeated too quickly.
2025 Feb 11 02:55:55.175167 sonic WARNING systemd[1]: featured.service: Failed with result 'exit-code'.
2025 Feb 11 02:55:55.175213 sonic ERR systemd[1]: Failed to start featured.service - Feature configuration daemon.
2025 Feb 11 02:55:55.176749 sonic WARNING systemd[1]: featured.service: Start request repeated too quickly.
2025 Feb 11 02:55:55.176839 sonic WARNING systemd[1]: featured.service: Failed with result 'exit-code'.
2025 Feb 11 02:55:55.176907 sonic ERR systemd[1]: Failed to start featured.service - Feature configuration daemon.
2025 Feb 11 02:55:55.187990 sonic WARNING systemd[1]: featured.service: Start request repeated too quickly.
2025 Feb 11 02:55:55.188128 sonic WARNING systemd[1]: featured.service: Failed with result 'exit-code'.
2025 Feb 11 02:55:55.188179 sonic ERR systemd[1]: Failed to start featured.service - Feature configuration daemon.
2025 Feb 11 02:55:55.189560 sonic WARNING systemd[1]: featured.service: Start request repeated too quickly.
2025 Feb 11 02:55:55.189635 sonic WARNING systemd[1]: featured.service: Failed with result 'exit-code'.
2025 Feb 11 02:55:55.189696 sonic ERR systemd[1]: Failed to start featured.service - Feature configuration daemon.
2025 Feb 11 02:55:55.234221 sonic INFO memory_checker: [memory_checker] Exits without checking memory usage since container 'bmp' is not running!
2025 Feb 11 02:55:55.240889 sonic INFO memory_checker: [memory_checker] Exits without checking memory usage since container 'gnmi' is not running!
2025 Feb 11 02:55:55.246196 sonic INFO memory_checker: [memory_checker] Exits without checking memory usage since container 'snmp' is not running!
2025 Feb 11 02:55:58.279360 sonic WARNING systemd[1]: featured.service: Start request repeated too quickly.
2025 Feb 11 02:55:58.279622 sonic WARNING systemd[1]: featured.service: Failed with result 'exit-code'.
2025 Feb 11 02:55:58.279691 sonic ERR systemd[1]: Failed to start featured.service - Feature configuration daemon.
2025 Feb 11 02:56:18.306877 sonic INFO systemd[1]: Started featured.service - Feature configuration daemon.
2025 Feb 11 02:56:18.440833 sonic INFO featured: ConfigDB connect success
2025 Feb 11 02:56:18.444874 sonic INFO featured[13083]: Traceback (most recent call last):
2025 Feb 11 02:56:18.444924 sonic INFO featured[13083]:   File "/usr/local/bin/featured", line 598, in <module>
2025 Feb 11 02:56:18.445076 sonic INFO featured[13083]:     main()
2025 Feb 11 02:56:18.445114 sonic INFO featured[13083]:   File "/usr/local/bin/featured", line 591, in main
2025 Feb 11 02:56:18.445297 sonic INFO featured[13083]:     daemon = FeatureDaemon()
2025 Feb 11 02:56:18.445336 sonic INFO featured[13083]:              ^^^^^^^^^^^^^^^
2025 Feb 11 02:56:18.445355 sonic INFO featured[13083]:   File "/usr/local/bin/featured", line 529, in __init__
2025 Feb 11 02:56:18.445531 sonic INFO featured[13083]:     self.feature_handler = FeatureHandler(self.config_db, feature_state_table, self.device_config, self.advanced_boot)
2025 Feb 11 02:56:18.445587 sonic INFO featured[13083]:                            ^^^^^^^^^^^^^^^^^^^^^^^^^^^^^^^^^^^^^^^^^^^^^^^^^^^^^^^^^^^^^^^^^^^^^^^^^^^^^^^^^^^^^^^^^^^
2025 Feb 11 02:56:18.445612 sonic INFO featured[13083]:   File "/usr/local/bin/featured", line 136, in __init__
2025 Feb 11 02:56:18.445723 sonic INFO featured[13083]:     self._device_running_config = device_info.get_device_runtime_metadata()
2025 Feb 11 02:56:18.445761 sonic INFO featured[13083]:                                   ^^^^^^^^^^^^^^^^^^^^^^^^^^^^^^^^^^^^^^^^^
2025 Feb 11 02:56:18.445778 sonic INFO featured[13083]:   File "/usr/local/lib/python3.11/dist-packages/sonic_py_common/device_info.py", line 680, in get_device_runtime_metadata
2025 Feb 11 02:56:18.445947 sonic INFO featured[13083]:     port_metadata = {'ETHERNET_PORTS_PRESENT': True if get_path_to_port_config_file(hwsku=None, asic="0" if is_multi_npu() else None) else False}
2025 Feb 11 02:56:18.445986 sonic INFO featured[13083]:                                                        ^^^^^^^^^^^^^^^^^^^^^^^^^^^^^^^^^^^^^^^^^^^^^^^^^^^^^^^^^^^^^^^^^^^^^^^^^^^^^^
2025 Feb 11 02:56:18.446020 sonic INFO featured[13083]:   File "/usr/local/lib/python3.11/dist-packages/sonic_py_common/device_info.py", line 446, in get_path_to_port_config_file
2025 Feb 11 02:56:18.446168 sonic INFO featured[13083]:     (platform_path, hwsku_path) = get_paths_to_platform_and_hwsku_dirs()
2025 Feb 11 02:56:18.446199 sonic INFO featured[13083]:                                   ^^^^^^^^^^^^^^^^^^^^^^^^^^^^^^^^^^^^^^
2025 Feb 11 02:56:18.446221 sonic INFO featured[13083]:   File "/usr/local/lib/python3.11/dist-packages/sonic_py_common/device_info.py", line 412, in get_paths_to_platform_and_hwsku_dirs
2025 Feb 11 02:56:18.446345 sonic INFO featured[13083]:     hwsku_path = os.path.join(platform_path, hwsku)
2025 Feb 11 02:56:18.446392 sonic INFO featured[13083]:                  ^^^^^^^^^^^^^^^^^^^^^^^^^^^^^^^^^^
2025 Feb 11 02:56:18.446424 sonic INFO featured[13083]:   File "<frozen posixpath>", line 90, in join
2025 Feb 11 02:56:18.446440 sonic INFO featured[13083]:   File "<frozen genericpath>", line 152, in _check_arg_types
2025 Feb 11 02:56:18.446456 sonic INFO featured[13083]: TypeError: join() argument must be str, bytes, or os.PathLike object, not 'NoneType'
2025 Feb 11 02:56:18.474290 sonic NOTICE systemd[1]: featured.service: Main process exited, code=exited, status=1/FAILURE
2025 Feb 11 02:56:18.474433 sonic WARNING systemd[1]: featured.service: Failed with result 'exit-code'.
2025 Feb 11 02:56:18.516133 sonic INFO systemd[1]: Started featured.service - Feature configuration daemon.
2025 Feb 11 02:56:18.652728 sonic INFO featured: ConfigDB connect success
2025 Feb 11 02:56:18.657529 sonic INFO featured[13084]: Traceback (most recent call last):
2025 Feb 11 02:56:18.657599 sonic INFO featured[13084]:   File "/usr/local/bin/featured", line 598, in <module>
2025 Feb 11 02:56:18.657753 sonic INFO featured[13084]:     main()
2025 Feb 11 02:56:18.657793 sonic INFO featured[13084]:   File "/usr/local/bin/featured", line 591, in main
2025 Feb 11 02:56:18.657916 sonic INFO featured[13084]:     daemon = FeatureDaemon()
2025 Feb 11 02:56:18.657950 sonic INFO featured[13084]:              ^^^^^^^^^^^^^^^
2025 Feb 11 02:56:18.657972 sonic INFO featured[13084]:   File "/usr/local/bin/featured", line 529, in __init__
2025 Feb 11 02:56:18.658057 sonic INFO featured[13084]:     self.feature_handler = FeatureHandler(self.config_db, feature_state_table, self.device_config, self.advanced_boot)
2025 Feb 11 02:56:18.658104 sonic INFO featured[13084]:                            ^^^^^^^^^^^^^^^^^^^^^^^^^^^^^^^^^^^^^^^^^^^^^^^^^^^^^^^^^^^^^^^^^^^^^^^^^^^^^^^^^^^^^^^^^^^
2025 Feb 11 02:56:18.658130 sonic INFO featured[13084]:   File "/usr/local/bin/featured", line 136, in __init__
2025 Feb 11 02:56:18.658161 sonic INFO featured[13084]:     self._device_running_config = device_info.get_device_runtime_metadata()
2025 Feb 11 02:56:18.658193 sonic INFO featured[13084]:                                   ^^^^^^^^^^^^^^^^^^^^^^^^^^^^^^^^^^^^^^^^^
2025 Feb 11 02:56:18.658218 sonic INFO featured[13084]:   File "/usr/local/lib/python3.11/dist-packages/sonic_py_common/device_info.py", line 680, in get_device_runtime_metadata
2025 Feb 11 02:56:18.658328 sonic INFO featured[13084]:     port_metadata = {'ETHERNET_PORTS_PRESENT': True if get_path_to_port_config_file(hwsku=None, asic="0" if is_multi_npu() else None) else False}
2025 Feb 11 02:56:18.658376 sonic INFO featured[13084]:                                                        ^^^^^^^^^^^^^^^^^^^^^^^^^^^^^^^^^^^^^^^^^^^^^^^^^^^^^^^^^^^^^^^^^^^^^^^^^^^^^^
2025 Feb 11 02:56:18.658404 sonic INFO featured[13084]:   File "/usr/local/lib/python3.11/dist-packages/sonic_py_common/device_info.py", line 446, in get_path_to_port_config_file
2025 Feb 11 02:56:18.658451 sonic INFO featured[13084]:     (platform_path, hwsku_path) = get_paths_to_platform_and_hwsku_dirs()
2025 Feb 11 02:56:18.658483 sonic INFO featured[13084]:                                   ^^^^^^^^^^^^^^^^^^^^^^^^^^^^^^^^^^^^^^
2025 Feb 11 02:56:18.658509 sonic INFO featured[13084]:   File "/usr/local/lib/python3.11/dist-packages/sonic_py_common/device_info.py", line 412, in get_paths_to_platform_and_hwsku_dirs
2025 Feb 11 02:56:18.658558 sonic INFO featured[13084]:     hwsku_path = os.path.join(platform_path, hwsku)
2025 Feb 11 02:56:18.658592 sonic INFO featured[13084]:                  ^^^^^^^^^^^^^^^^^^^^^^^^^^^^^^^^^^
2025 Feb 11 02:56:18.658617 sonic INFO featured[13084]:   File "<frozen posixpath>", line 90, in join
2025 Feb 11 02:56:18.658642 sonic INFO featured[13084]:   File "<frozen genericpath>", line 152, in _check_arg_types
2025 Feb 11 02:56:18.658668 sonic INFO featured[13084]: TypeError: join() argument must be str, bytes, or os.PathLike object, not 'NoneType'
2025 Feb 11 02:56:18.676860 sonic NOTICE systemd[1]: featured.service: Main process exited, code=exited, status=1/FAILURE
2025 Feb 11 02:56:18.677034 sonic WARNING systemd[1]: featured.service: Failed with result 'exit-code'.
2025 Feb 11 02:56:18.716362 sonic INFO systemd[1]: Started featured.service - Feature configuration daemon.
2025 Feb 11 02:56:18.853188 sonic INFO featured: ConfigDB connect success
2025 Feb 11 02:56:18.857229 sonic INFO featured[13087]: Traceback (most recent call last):
2025 Feb 11 02:56:18.857277 sonic INFO featured[13087]:   File "/usr/local/bin/featured", line 598, in <module>
2025 Feb 11 02:56:18.857418 sonic INFO featured[13087]:     main()
2025 Feb 11 02:56:18.857457 sonic INFO featured[13087]:   File "/usr/local/bin/featured", line 591, in main
2025 Feb 11 02:56:18.857715 sonic INFO featured[13087]:     daemon = FeatureDaemon()
2025 Feb 11 02:56:18.857763 sonic INFO featured[13087]:              ^^^^^^^^^^^^^^^
2025 Feb 11 02:56:18.857793 sonic INFO featured[13087]:   File "/usr/local/bin/featured", line 529, in __init__
2025 Feb 11 02:56:18.857935 sonic INFO featured[13087]:     self.feature_handler = FeatureHandler(self.config_db, feature_state_table, self.device_config, self.advanced_boot)
2025 Feb 11 02:56:18.858055 sonic INFO featured[13087]:                            ^^^^^^^^^^^^^^^^^^^^^^^^^^^^^^^^^^^^^^^^^^^^^^^^^^^^^^^^^^^^^^^^^^^^^^^^^^^^^^^^^^^^^^^^^^^
2025 Feb 11 02:56:18.858117 sonic INFO featured[13087]:   File "/usr/local/bin/featured", line 136, in __init__
2025 Feb 11 02:56:18.858145 sonic INFO featured[13087]:     self._device_running_config = device_info.get_device_runtime_metadata()
2025 Feb 11 02:56:18.858168 sonic INFO featured[13087]:                                   ^^^^^^^^^^^^^^^^^^^^^^^^^^^^^^^^^^^^^^^^^
2025 Feb 11 02:56:18.858185 sonic INFO featured[13087]:   File "/usr/local/lib/python3.11/dist-packages/sonic_py_common/device_info.py", line 680, in get_device_runtime_metadata
2025 Feb 11 02:56:18.858364 sonic INFO featured[13087]:     port_metadata = {'ETHERNET_PORTS_PRESENT': True if get_path_to_port_config_file(hwsku=None, asic="0" if is_multi_npu() else None) else False}
2025 Feb 11 02:56:18.858427 sonic INFO featured[13087]:                                                        ^^^^^^^^^^^^^^^^^^^^^^^^^^^^^^^^^^^^^^^^^^^^^^^^^^^^^^^^^^^^^^^^^^^^^^^^^^^^^^
2025 Feb 11 02:56:18.858452 sonic INFO featured[13087]:   File "/usr/local/lib/python3.11/dist-packages/sonic_py_common/device_info.py", line 446, in get_path_to_port_config_file
2025 Feb 11 02:56:18.858590 sonic INFO featured[13087]:     (platform_path, hwsku_path) = get_paths_to_platform_and_hwsku_dirs()
2025 Feb 11 02:56:18.858629 sonic INFO featured[13087]:                                   ^^^^^^^^^^^^^^^^^^^^^^^^^^^^^^^^^^^^^^
2025 Feb 11 02:56:18.858645 sonic INFO featured[13087]:   File "/usr/local/lib/python3.11/dist-packages/sonic_py_common/device_info.py", line 412, in get_paths_to_platform_and_hwsku_dirs
2025 Feb 11 02:56:18.858748 sonic INFO featured[13087]:     hwsku_path = os.path.join(platform_path, hwsku)
2025 Feb 11 02:56:18.858797 sonic INFO featured[13087]:                  ^^^^^^^^^^^^^^^^^^^^^^^^^^^^^^^^^^
2025 Feb 11 02:56:18.858821 sonic INFO featured[13087]:   File "<frozen posixpath>", line 90, in join
2025 Feb 11 02:56:18.858838 sonic INFO featured[13087]:   File "<frozen genericpath>", line 152, in _check_arg_types
2025 Feb 11 02:56:18.858863 sonic INFO featured[13087]: TypeError: join() argument must be str, bytes, or os.PathLike object, not 'NoneType'
2025 Feb 11 02:56:18.876674 sonic NOTICE systemd[1]: featured.service: Main process exited, code=exited, status=1/FAILURE
2025 Feb 11 02:56:18.876810 sonic WARNING systemd[1]: featured.service: Failed with result 'exit-code'.
2025 Feb 11 02:56:18.894827 sonic INFO systemd[1]: Started featured.service - Feature configuration daemon.
2025 Feb 11 02:56:19.026260 sonic INFO featured: ConfigDB connect success
2025 Feb 11 02:56:19.030340 sonic INFO featured[13088]: Traceback (most recent call last):
2025 Feb 11 02:56:19.030392 sonic INFO featured[13088]:   File "/usr/local/bin/featured", line 598, in <module>
2025 Feb 11 02:56:19.030538 sonic INFO featured[13088]:     main()
2025 Feb 11 02:56:19.030577 sonic INFO featured[13088]:   File "/usr/local/bin/featured", line 591, in main
2025 Feb 11 02:56:19.030781 sonic INFO featured[13088]:     daemon = FeatureDaemon()
2025 Feb 11 02:56:19.030820 sonic INFO featured[13088]:              ^^^^^^^^^^^^^^^
2025 Feb 11 02:56:19.030837 sonic INFO featured[13088]:   File "/usr/local/bin/featured", line 529, in __init__
2025 Feb 11 02:56:19.030970 sonic INFO featured[13088]:     self.feature_handler = FeatureHandler(self.config_db, feature_state_table, self.device_config, self.advanced_boot)
2025 Feb 11 02:56:19.031047 sonic INFO featured[13088]:                            ^^^^^^^^^^^^^^^^^^^^^^^^^^^^^^^^^^^^^^^^^^^^^^^^^^^^^^^^^^^^^^^^^^^^^^^^^^^^^^^^^^^^^^^^^^^
2025 Feb 11 02:56:19.031079 sonic INFO featured[13088]:   File "/usr/local/bin/featured", line 136, in __init__
2025 Feb 11 02:56:19.031183 sonic INFO featured[13088]:     self._device_running_config = device_info.get_device_runtime_metadata()
2025 Feb 11 02:56:19.031222 sonic INFO featured[13088]:                                   ^^^^^^^^^^^^^^^^^^^^^^^^^^^^^^^^^^^^^^^^^
2025 Feb 11 02:56:19.031238 sonic INFO featured[13088]:   File "/usr/local/lib/python3.11/dist-packages/sonic_py_common/device_info.py", line 680, in get_device_runtime_metadata
2025 Feb 11 02:56:19.031411 sonic INFO featured[13088]:     port_metadata = {'ETHERNET_PORTS_PRESENT': True if get_path_to_port_config_file(hwsku=None, asic="0" if is_multi_npu() else None) else False}
2025 Feb 11 02:56:19.031472 sonic INFO featured[13088]:                                                        ^^^^^^^^^^^^^^^^^^^^^^^^^^^^^^^^^^^^^^^^^^^^^^^^^^^^^^^^^^^^^^^^^^^^^^^^^^^^^^
2025 Feb 11 02:56:19.031496 sonic INFO featured[13088]:   File "/usr/local/lib/python3.11/dist-packages/sonic_py_common/device_info.py", line 446, in get_path_to_port_config_file
2025 Feb 11 02:56:19.031630 sonic INFO featured[13088]:     (platform_path, hwsku_path) = get_paths_to_platform_and_hwsku_dirs()
2025 Feb 11 02:56:19.031677 sonic INFO featured[13088]:                                   ^^^^^^^^^^^^^^^^^^^^^^^^^^^^^^^^^^^^^^
2025 Feb 11 02:56:19.031708 sonic INFO featured[13088]:   File "/usr/local/lib/python3.11/dist-packages/sonic_py_common/device_info.py", line 412, in get_paths_to_platform_and_hwsku_dirs
2025 Feb 11 02:56:19.031825 sonic INFO featured[13088]:     hwsku_path = os.path.join(platform_path, hwsku)
2025 Feb 11 02:56:19.031871 sonic INFO featured[13088]:                  ^^^^^^^^^^^^^^^^^^^^^^^^^^^^^^^^^^
2025 Feb 11 02:56:19.031904 sonic INFO featured[13088]:   File "<frozen posixpath>", line 90, in join
2025 Feb 11 02:56:19.031920 sonic INFO featured[13088]:   File "<frozen genericpath>", line 152, in _check_arg_types
2025 Feb 11 02:56:19.031946 sonic INFO featured[13088]: TypeError: join() argument must be str, bytes, or os.PathLike object, not 'NoneType'
2025 Feb 11 02:56:19.050863 sonic NOTICE systemd[1]: featured.service: Main process exited, code=exited, status=1/FAILURE
2025 Feb 11 02:56:19.051031 sonic WARNING systemd[1]: featured.service: Failed with result 'exit-code'.
2025 Feb 11 02:56:19.094912 sonic INFO systemd[1]: Started featured.service - Feature configuration daemon.
2025 Feb 11 02:56:19.239441 sonic INFO featured: ConfigDB connect success
2025 Feb 11 02:56:19.243428 sonic INFO featured[13092]: Traceback (most recent call last):
2025 Feb 11 02:56:19.243489 sonic INFO featured[13092]:   File "/usr/local/bin/featured", line 598, in <module>
2025 Feb 11 02:56:19.243590 sonic INFO featured[13092]:     main()
2025 Feb 11 02:56:19.243661 sonic INFO featured[13092]:   File "/usr/local/bin/featured", line 591, in main
2025 Feb 11 02:56:19.243716 sonic INFO featured[13092]:     daemon = FeatureDaemon()
2025 Feb 11 02:56:19.243774 sonic INFO featured[13092]:              ^^^^^^^^^^^^^^^
2025 Feb 11 02:56:19.243822 sonic INFO featured[13092]:   File "/usr/local/bin/featured", line 529, in __init__
2025 Feb 11 02:56:19.243875 sonic INFO featured[13092]:     self.feature_handler = FeatureHandler(self.config_db, feature_state_table, self.device_config, self.advanced_boot)
2025 Feb 11 02:56:19.243920 sonic INFO featured[13092]:                            ^^^^^^^^^^^^^^^^^^^^^^^^^^^^^^^^^^^^^^^^^^^^^^^^^^^^^^^^^^^^^^^^^^^^^^^^^^^^^^^^^^^^^^^^^^^
2025 Feb 11 02:56:19.243963 sonic INFO featured[13092]:   File "/usr/local/bin/featured", line 136, in __init__
2025 Feb 11 02:56:19.244037 sonic INFO featured[13092]:     self._device_running_config = device_info.get_device_runtime_metadata()
2025 Feb 11 02:56:19.244082 sonic INFO featured[13092]:                                   ^^^^^^^^^^^^^^^^^^^^^^^^^^^^^^^^^^^^^^^^^
2025 Feb 11 02:56:19.244124 sonic INFO featured[13092]:   File "/usr/local/lib/python3.11/dist-packages/sonic_py_common/device_info.py", line 680, in get_device_runtime_metadata
2025 Feb 11 02:56:19.244186 sonic INFO featured[13092]:     port_metadata = {'ETHERNET_PORTS_PRESENT': True if get_path_to_port_config_file(hwsku=None, asic="0" if is_multi_npu() else None) else False}
2025 Feb 11 02:56:19.244239 sonic INFO featured[13092]:                                                        ^^^^^^^^^^^^^^^^^^^^^^^^^^^^^^^^^^^^^^^^^^^^^^^^^^^^^^^^^^^^^^^^^^^^^^^^^^^^^^
2025 Feb 11 02:56:19.244256 sonic INFO featured[13092]:   File "/usr/local/lib/python3.11/dist-packages/sonic_py_common/device_info.py", line 446, in get_path_to_port_config_file
2025 Feb 11 02:56:19.244293 sonic INFO featured[13092]:     (platform_path, hwsku_path) = get_paths_to_platform_and_hwsku_dirs()
2025 Feb 11 02:56:19.244338 sonic INFO featured[13092]:                                   ^^^^^^^^^^^^^^^^^^^^^^^^^^^^^^^^^^^^^^
2025 Feb 11 02:56:19.244383 sonic INFO featured[13092]:   File "/usr/local/lib/python3.11/dist-packages/sonic_py_common/device_info.py", line 412, in get_paths_to_platform_and_hwsku_dirs
2025 Feb 11 02:56:19.244423 sonic INFO featured[13092]:     hwsku_path = os.path.join(platform_path, hwsku)
2025 Feb 11 02:56:19.244477 sonic INFO featured[13092]:                  ^^^^^^^^^^^^^^^^^^^^^^^^^^^^^^^^^^
2025 Feb 11 02:56:19.244520 sonic INFO featured[13092]:   File "<frozen posixpath>", line 90, in join
2025 Feb 11 02:56:19.244561 sonic INFO featured[13092]:   File "<frozen genericpath>", line 152, in _check_arg_types
2025 Feb 11 02:56:19.244602 sonic INFO featured[13092]: TypeError: join() argument must be str, bytes, or os.PathLike object, not 'NoneType'
2025 Feb 11 02:56:19.272444 sonic NOTICE systemd[1]: featured.service: Main process exited, code=exited, status=1/FAILURE
2025 Feb 11 02:56:19.272641 sonic WARNING systemd[1]: featured.service: Failed with result 'exit-code'.
2025 Feb 11 02:56:19.284368 sonic WARNING systemd[1]: featured.service: Start request repeated too quickly.
2025 Feb 11 02:56:19.285328 sonic WARNING systemd[1]: featured.service: Failed with result 'exit-code'.
2025 Feb 11 02:56:19.285409 sonic ERR systemd[1]: Failed to start featured.service - Feature configuration daemon.
2025 Feb 11 02:56:20.279914 sonic INFO systemd[1]: caclmgrd.service: Scheduled restart job, restart counter is at 58.
2025 Feb 11 02:56:20.280278 sonic INFO systemd[1]: Stopped caclmgrd.service - Control Plane ACL configuration daemon.
2025 Feb 11 02:56:20.318373 sonic INFO systemd[1]: Started caclmgrd.service - Control Plane ACL configuration daemon.
2025 Feb 11 02:56:20.318702 sonic WARNING systemd[1]: featured.service: Start request repeated too quickly.
2025 Feb 11 02:56:20.318754 sonic WARNING systemd[1]: featured.service: Failed with result 'exit-code'.
2025 Feb 11 02:56:20.318834 sonic ERR systemd[1]: Failed to start featured.service - Feature configuration daemon.
2025 Feb 11 02:56:20.320671 sonic WARNING systemd[1]: featured.service: Start request repeated too quickly.
2025 Feb 11 02:56:20.320733 sonic WARNING systemd[1]: featured.service: Failed with result 'exit-code'.
2025 Feb 11 02:56:20.320776 sonic ERR systemd[1]: Failed to start featured.service - Feature configuration daemon.
2025 Feb 11 02:56:20.426944 sonic INFO caclmgrd[13095]: Traceback (most recent call last):
2025 Feb 11 02:56:20.427063 sonic INFO caclmgrd[13095]:   File "/usr/local/bin/caclmgrd", line 1146, in <module>
2025 Feb 11 02:56:20.427122 sonic INFO caclmgrd[13095]:     main()
2025 Feb 11 02:56:20.427170 sonic INFO caclmgrd[13095]:   File "/usr/local/bin/caclmgrd", line 1137, in main
2025 Feb 11 02:56:20.427440 sonic INFO caclmgrd[13095]:     caclmgr = ControlPlaneAclManager(SYSLOG_IDENTIFIER)
2025 Feb 11 02:56:20.427501 sonic INFO caclmgrd[13095]:               ^^^^^^^^^^^^^^^^^^^^^^^^^^^^^^^^^^^^^^^^^
2025 Feb 11 02:56:20.427540 sonic INFO caclmgrd[13095]:   File "/usr/local/bin/caclmgrd", line 156, in __init__
2025 Feb 11 02:56:20.427595 sonic INFO caclmgrd[13095]:     if 'subtype' in metadata['localhost'] and metadata['localhost']['subtype'] == 'DualToR':
2025 Feb 11 02:56:20.427633 sonic INFO caclmgrd[13095]:                     ~~~~~~~~^^^^^^^^^^^^^
2025 Feb 11 02:56:20.427685 sonic INFO caclmgrd[13095]: KeyError: 'localhost'
2025 Feb 11 02:56:20.460763 sonic NOTICE systemd[1]: caclmgrd.service: Main process exited, code=exited, status=1/FAILURE
2025 Feb 11 02:56:20.460922 sonic WARNING systemd[1]: caclmgrd.service: Failed with result 'exit-code'.
2025 Feb 11 02:56:20.462816 sonic WARNING systemd[1]: featured.service: Start request repeated too quickly.
2025 Feb 11 02:56:20.462875 sonic WARNING systemd[1]: featured.service: Failed with result 'exit-code'.
2025 Feb 11 02:56:20.462956 sonic ERR systemd[1]: Failed to start featured.service - Feature configuration daemon.
2025 Feb 11 02:56:38.318720 sonic INFO systemd[1]: Started featured.service - Feature configuration daemon.
2025 Feb 11 02:56:38.455207 sonic INFO featured: ConfigDB connect success
2025 Feb 11 02:56:38.459203 sonic INFO featured[13146]: Traceback (most recent call last):
2025 Feb 11 02:56:38.459272 sonic INFO featured[13146]:   File "/usr/local/bin/featured", line 598, in <module>
2025 Feb 11 02:56:38.459353 sonic INFO featured[13146]:     main()
2025 Feb 11 02:56:38.459393 sonic INFO featured[13146]:   File "/usr/local/bin/featured", line 591, in main
2025 Feb 11 02:56:38.459508 sonic INFO featured[13146]:     daemon = FeatureDaemon()
2025 Feb 11 02:56:38.459548 sonic INFO featured[13146]:              ^^^^^^^^^^^^^^^
2025 Feb 11 02:56:38.459565 sonic INFO featured[13146]:   File "/usr/local/bin/featured", line 529, in __init__
2025 Feb 11 02:56:38.459627 sonic INFO featured[13146]:     self.feature_handler = FeatureHandler(self.config_db, feature_state_table, self.device_config, self.advanced_boot)
2025 Feb 11 02:56:38.459662 sonic INFO featured[13146]:                            ^^^^^^^^^^^^^^^^^^^^^^^^^^^^^^^^^^^^^^^^^^^^^^^^^^^^^^^^^^^^^^^^^^^^^^^^^^^^^^^^^^^^^^^^^^^
2025 Feb 11 02:56:38.459684 sonic INFO featured[13146]:   File "/usr/local/bin/featured", line 136, in __init__
2025 Feb 11 02:56:38.459730 sonic INFO featured[13146]:     self._device_running_config = device_info.get_device_runtime_metadata()
2025 Feb 11 02:56:38.459762 sonic INFO featured[13146]:                                   ^^^^^^^^^^^^^^^^^^^^^^^^^^^^^^^^^^^^^^^^^
2025 Feb 11 02:56:38.459788 sonic INFO featured[13146]:   File "/usr/local/lib/python3.11/dist-packages/sonic_py_common/device_info.py", line 680, in get_device_runtime_metadata
2025 Feb 11 02:56:38.459892 sonic INFO featured[13146]:     port_metadata = {'ETHERNET_PORTS_PRESENT': True if get_path_to_port_config_file(hwsku=None, asic="0" if is_multi_npu() else None) else False}
2025 Feb 11 02:56:38.459931 sonic INFO featured[13146]:                                                        ^^^^^^^^^^^^^^^^^^^^^^^^^^^^^^^^^^^^^^^^^^^^^^^^^^^^^^^^^^^^^^^^^^^^^^^^^^^^^^
2025 Feb 11 02:56:38.459966 sonic INFO featured[13146]:   File "/usr/local/lib/python3.11/dist-packages/sonic_py_common/device_info.py", line 446, in get_path_to_port_config_file
2025 Feb 11 02:56:38.460038 sonic INFO featured[13146]:     (platform_path, hwsku_path) = get_paths_to_platform_and_hwsku_dirs()
2025 Feb 11 02:56:38.460070 sonic INFO featured[13146]:                                   ^^^^^^^^^^^^^^^^^^^^^^^^^^^^^^^^^^^^^^
2025 Feb 11 02:56:38.460095 sonic INFO featured[13146]:   File "/usr/local/lib/python3.11/dist-packages/sonic_py_common/device_info.py", line 412, in get_paths_to_platform_and_hwsku_dirs
2025 Feb 11 02:56:38.460145 sonic INFO featured[13146]:     hwsku_path = os.path.join(platform_path, hwsku)
2025 Feb 11 02:56:38.460179 sonic INFO featured[13146]:                  ^^^^^^^^^^^^^^^^^^^^^^^^^^^^^^^^^^
2025 Feb 11 02:56:38.460205 sonic INFO featured[13146]:   File "<frozen posixpath>", line 90, in join
2025 Feb 11 02:56:38.460229 sonic INFO featured[13146]:   File "<frozen genericpath>", line 152, in _check_arg_types
2025 Feb 11 02:56:38.460259 sonic INFO featured[13146]: TypeError: join() argument must be str, bytes, or os.PathLike object, not 'NoneType'
2025 Feb 11 02:56:38.500290 sonic NOTICE systemd[1]: featured.service: Main process exited, code=exited, status=1/FAILURE
2025 Feb 11 02:56:38.500514 sonic WARNING systemd[1]: featured.service: Failed with result 'exit-code'.
2025 Feb 11 02:56:38.542912 sonic INFO systemd[1]: Started featured.service - Feature configuration daemon.
2025 Feb 11 02:56:38.677698 sonic INFO featured: ConfigDB connect success
2025 Feb 11 02:56:38.681866 sonic INFO featured[13149]: Traceback (most recent call last):
2025 Feb 11 02:56:38.681921 sonic INFO featured[13149]:   File "/usr/local/bin/featured", line 598, in <module>
2025 Feb 11 02:56:38.682059 sonic INFO featured[13149]:     main()
2025 Feb 11 02:56:38.682105 sonic INFO featured[13149]:   File "/usr/local/bin/featured", line 591, in main
2025 Feb 11 02:56:38.682228 sonic INFO featured[13149]:     daemon = FeatureDaemon()
2025 Feb 11 02:56:38.682264 sonic INFO featured[13149]:              ^^^^^^^^^^^^^^^
2025 Feb 11 02:56:38.682291 sonic INFO featured[13149]:   File "/usr/local/bin/featured", line 529, in __init__
2025 Feb 11 02:56:38.682343 sonic INFO featured[13149]:     self.feature_handler = FeatureHandler(self.config_db, feature_state_table, self.device_config, self.advanced_boot)
2025 Feb 11 02:56:38.682402 sonic INFO featured[13149]:                            ^^^^^^^^^^^^^^^^^^^^^^^^^^^^^^^^^^^^^^^^^^^^^^^^^^^^^^^^^^^^^^^^^^^^^^^^^^^^^^^^^^^^^^^^^^^
2025 Feb 11 02:56:38.682446 sonic INFO featured[13149]:   File "/usr/local/bin/featured", line 136, in __init__
2025 Feb 11 02:56:38.682498 sonic INFO featured[13149]:     self._device_running_config = device_info.get_device_runtime_metadata()
2025 Feb 11 02:56:38.682540 sonic INFO featured[13149]:                                   ^^^^^^^^^^^^^^^^^^^^^^^^^^^^^^^^^^^^^^^^^
2025 Feb 11 02:56:38.682582 sonic INFO featured[13149]:   File "/usr/local/lib/python3.11/dist-packages/sonic_py_common/device_info.py", line 680, in get_device_runtime_metadata
2025 Feb 11 02:56:38.682643 sonic INFO featured[13149]:     port_metadata = {'ETHERNET_PORTS_PRESENT': True if get_path_to_port_config_file(hwsku=None, asic="0" if is_multi_npu() else None) else False}
2025 Feb 11 02:56:38.682686 sonic INFO featured[13149]:                                                        ^^^^^^^^^^^^^^^^^^^^^^^^^^^^^^^^^^^^^^^^^^^^^^^^^^^^^^^^^^^^^^^^^^^^^^^^^^^^^^
2025 Feb 11 02:56:38.682730 sonic INFO featured[13149]:   File "/usr/local/lib/python3.11/dist-packages/sonic_py_common/device_info.py", line 446, in get_path_to_port_config_file
2025 Feb 11 02:56:38.682782 sonic INFO featured[13149]:     (platform_path, hwsku_path) = get_paths_to_platform_and_hwsku_dirs()
2025 Feb 11 02:56:38.682823 sonic INFO featured[13149]:                                   ^^^^^^^^^^^^^^^^^^^^^^^^^^^^^^^^^^^^^^
2025 Feb 11 02:56:38.682865 sonic INFO featured[13149]:   File "/usr/local/lib/python3.11/dist-packages/sonic_py_common/device_info.py", line 412, in get_paths_to_platform_and_hwsku_dirs
2025 Feb 11 02:56:38.682907 sonic INFO featured[13149]:     hwsku_path = os.path.join(platform_path, hwsku)
2025 Feb 11 02:56:38.682984 sonic INFO featured[13149]:                  ^^^^^^^^^^^^^^^^^^^^^^^^^^^^^^^^^^
2025 Feb 11 02:56:38.683034 sonic INFO featured[13149]:   File "<frozen posixpath>", line 90, in join
2025 Feb 11 02:56:38.683077 sonic INFO featured[13149]:   File "<frozen genericpath>", line 152, in _check_arg_types
2025 Feb 11 02:56:38.683117 sonic INFO featured[13149]: TypeError: join() argument must be str, bytes, or os.PathLike object, not 'NoneType'
2025 Feb 11 02:56:38.701433 sonic NOTICE systemd[1]: featured.service: Main process exited, code=exited, status=1/FAILURE
2025 Feb 11 02:56:38.701692 sonic WARNING systemd[1]: featured.service: Failed with result 'exit-code'.
2025 Feb 11 02:56:38.725281 sonic INFO systemd[1]: Started featured.service - Feature configuration daemon.
2025 Feb 11 02:56:38.881715 sonic INFO featured: ConfigDB connect success
2025 Feb 11 02:56:38.885709 sonic INFO featured[13155]: Traceback (most recent call last):
2025 Feb 11 02:56:38.885760 sonic INFO featured[13155]:   File "/usr/local/bin/featured", line 598, in <module>
2025 Feb 11 02:56:38.885897 sonic INFO featured[13155]:     main()
2025 Feb 11 02:56:38.885958 sonic INFO featured[13155]:   File "/usr/local/bin/featured", line 591, in main
2025 Feb 11 02:56:38.886080 sonic INFO featured[13155]:     daemon = FeatureDaemon()
2025 Feb 11 02:56:38.886120 sonic INFO featured[13155]:              ^^^^^^^^^^^^^^^
2025 Feb 11 02:56:38.886137 sonic INFO featured[13155]:   File "/usr/local/bin/featured", line 529, in __init__
2025 Feb 11 02:56:38.886204 sonic INFO featured[13155]:     self.feature_handler = FeatureHandler(self.config_db, feature_state_table, self.device_config, self.advanced_boot)
2025 Feb 11 02:56:38.886239 sonic INFO featured[13155]:                            ^^^^^^^^^^^^^^^^^^^^^^^^^^^^^^^^^^^^^^^^^^^^^^^^^^^^^^^^^^^^^^^^^^^^^^^^^^^^^^^^^^^^^^^^^^^
2025 Feb 11 02:56:38.886261 sonic INFO featured[13155]:   File "/usr/local/bin/featured", line 136, in __init__
2025 Feb 11 02:56:38.886309 sonic INFO featured[13155]:     self._device_running_config = device_info.get_device_runtime_metadata()
2025 Feb 11 02:56:38.886341 sonic INFO featured[13155]:                                   ^^^^^^^^^^^^^^^^^^^^^^^^^^^^^^^^^^^^^^^^^
2025 Feb 11 02:56:38.886366 sonic INFO featured[13155]:   File "/usr/local/lib/python3.11/dist-packages/sonic_py_common/device_info.py", line 680, in get_device_runtime_metadata
2025 Feb 11 02:56:38.886466 sonic INFO featured[13155]:     port_metadata = {'ETHERNET_PORTS_PRESENT': True if get_path_to_port_config_file(hwsku=None, asic="0" if is_multi_npu() else None) else False}
2025 Feb 11 02:56:38.886502 sonic INFO featured[13155]:                                                        ^^^^^^^^^^^^^^^^^^^^^^^^^^^^^^^^^^^^^^^^^^^^^^^^^^^^^^^^^^^^^^^^^^^^^^^^^^^^^^
2025 Feb 11 02:56:38.886519 sonic INFO featured[13155]:   File "/usr/local/lib/python3.11/dist-packages/sonic_py_common/device_info.py", line 446, in get_path_to_port_config_file
2025 Feb 11 02:56:38.886589 sonic INFO featured[13155]:     (platform_path, hwsku_path) = get_paths_to_platform_and_hwsku_dirs()
2025 Feb 11 02:56:38.886620 sonic INFO featured[13155]:                                   ^^^^^^^^^^^^^^^^^^^^^^^^^^^^^^^^^^^^^^
2025 Feb 11 02:56:38.886645 sonic INFO featured[13155]:   File "/usr/local/lib/python3.11/dist-packages/sonic_py_common/device_info.py", line 412, in get_paths_to_platform_and_hwsku_dirs
2025 Feb 11 02:56:38.886694 sonic INFO featured[13155]:     hwsku_path = os.path.join(platform_path, hwsku)
2025 Feb 11 02:56:38.886727 sonic INFO featured[13155]:                  ^^^^^^^^^^^^^^^^^^^^^^^^^^^^^^^^^^
2025 Feb 11 02:56:38.886752 sonic INFO featured[13155]:   File "<frozen posixpath>", line 90, in join
2025 Feb 11 02:56:38.886777 sonic INFO featured[13155]:   File "<frozen genericpath>", line 152, in _check_arg_types
2025 Feb 11 02:56:38.886801 sonic INFO featured[13155]: TypeError: join() argument must be str, bytes, or os.PathLike object, not 'NoneType'
2025 Feb 11 02:56:38.905557 sonic NOTICE systemd[1]: featured.service: Main process exited, code=exited, status=1/FAILURE
2025 Feb 11 02:56:38.905717 sonic WARNING systemd[1]: featured.service: Failed with result 'exit-code'.
2025 Feb 11 02:56:38.942957 sonic INFO systemd[1]: Started featured.service - Feature configuration daemon.
2025 Feb 11 02:56:39.074013 sonic INFO featured: ConfigDB connect success
2025 Feb 11 02:56:39.078137 sonic INFO featured[13156]: Traceback (most recent call last):
2025 Feb 11 02:56:39.078212 sonic INFO featured[13156]:   File "/usr/local/bin/featured", line 598, in <module>
2025 Feb 11 02:56:39.078274 sonic INFO featured[13156]:     main()
2025 Feb 11 02:56:39.078328 sonic INFO featured[13156]:   File "/usr/local/bin/featured", line 591, in main
2025 Feb 11 02:56:39.078425 sonic INFO featured[13156]:     daemon = FeatureDaemon()
2025 Feb 11 02:56:39.078461 sonic INFO featured[13156]:              ^^^^^^^^^^^^^^^
2025 Feb 11 02:56:39.078488 sonic INFO featured[13156]:   File "/usr/local/bin/featured", line 529, in __init__
2025 Feb 11 02:56:39.078540 sonic INFO featured[13156]:     self.feature_handler = FeatureHandler(self.config_db, feature_state_table, self.device_config, self.advanced_boot)
2025 Feb 11 02:56:39.078593 sonic INFO featured[13156]:                            ^^^^^^^^^^^^^^^^^^^^^^^^^^^^^^^^^^^^^^^^^^^^^^^^^^^^^^^^^^^^^^^^^^^^^^^^^^^^^^^^^^^^^^^^^^^
2025 Feb 11 02:56:39.078637 sonic INFO featured[13156]:   File "/usr/local/bin/featured", line 136, in __init__
2025 Feb 11 02:56:39.078691 sonic INFO featured[13156]:     self._device_running_config = device_info.get_device_runtime_metadata()
2025 Feb 11 02:56:39.078732 sonic INFO featured[13156]:                                   ^^^^^^^^^^^^^^^^^^^^^^^^^^^^^^^^^^^^^^^^^
2025 Feb 11 02:56:39.078774 sonic INFO featured[13156]:   File "/usr/local/lib/python3.11/dist-packages/sonic_py_common/device_info.py", line 680, in get_device_runtime_metadata
2025 Feb 11 02:56:39.078837 sonic INFO featured[13156]:     port_metadata = {'ETHERNET_PORTS_PRESENT': True if get_path_to_port_config_file(hwsku=None, asic="0" if is_multi_npu() else None) else False}
2025 Feb 11 02:56:39.078885 sonic INFO featured[13156]:                                                        ^^^^^^^^^^^^^^^^^^^^^^^^^^^^^^^^^^^^^^^^^^^^^^^^^^^^^^^^^^^^^^^^^^^^^^^^^^^^^^
2025 Feb 11 02:56:39.078928 sonic INFO featured[13156]:   File "/usr/local/lib/python3.11/dist-packages/sonic_py_common/device_info.py", line 446, in get_path_to_port_config_file
2025 Feb 11 02:56:39.079012 sonic INFO featured[13156]:     (platform_path, hwsku_path) = get_paths_to_platform_and_hwsku_dirs()
2025 Feb 11 02:56:39.079054 sonic INFO featured[13156]:                                   ^^^^^^^^^^^^^^^^^^^^^^^^^^^^^^^^^^^^^^
2025 Feb 11 02:56:39.079096 sonic INFO featured[13156]:   File "/usr/local/lib/python3.11/dist-packages/sonic_py_common/device_info.py", line 412, in get_paths_to_platform_and_hwsku_dirs
2025 Feb 11 02:56:39.079138 sonic INFO featured[13156]:     hwsku_path = os.path.join(platform_path, hwsku)
2025 Feb 11 02:56:39.079178 sonic INFO featured[13156]:                  ^^^^^^^^^^^^^^^^^^^^^^^^^^^^^^^^^^
2025 Feb 11 02:56:39.079221 sonic INFO featured[13156]:   File "<frozen posixpath>", line 90, in join
2025 Feb 11 02:56:39.079261 sonic INFO featured[13156]:   File "<frozen genericpath>", line 152, in _check_arg_types
2025 Feb 11 02:56:39.079312 sonic INFO featured[13156]: TypeError: join() argument must be str, bytes, or os.PathLike object, not 'NoneType'
2025 Feb 11 02:56:39.096867 sonic NOTICE systemd[1]: featured.service: Main process exited, code=exited, status=1/FAILURE
2025 Feb 11 02:56:39.097056 sonic WARNING systemd[1]: featured.service: Failed with result 'exit-code'.
2025 Feb 11 02:56:39.136491 sonic INFO systemd[1]: Started featured.service - Feature configuration daemon.
2025 Feb 11 02:56:39.287874 sonic INFO featured: ConfigDB connect success
2025 Feb 11 02:56:39.299152 sonic INFO featured[13157]: Traceback (most recent call last):
2025 Feb 11 02:56:39.299571 sonic INFO featured[13157]:   File "/usr/local/bin/featured", line 598, in <module>
2025 Feb 11 02:56:39.299689 sonic INFO featured[13157]:     main()
2025 Feb 11 02:56:39.299736 sonic INFO featured[13157]:   File "/usr/local/bin/featured", line 591, in main
2025 Feb 11 02:56:39.299777 sonic INFO featured[13157]:     daemon = FeatureDaemon()
2025 Feb 11 02:56:39.299818 sonic INFO featured[13157]:              ^^^^^^^^^^^^^^^
2025 Feb 11 02:56:39.299902 sonic INFO featured[13157]:   File "/usr/local/bin/featured", line 529, in __init__
2025 Feb 11 02:56:39.299960 sonic INFO featured[13157]:     self.feature_handler = FeatureHandler(self.config_db, feature_state_table, self.device_config, self.advanced_boot)
2025 Feb 11 02:56:39.300008 sonic INFO featured[13157]:                            ^^^^^^^^^^^^^^^^^^^^^^^^^^^^^^^^^^^^^^^^^^^^^^^^^^^^^^^^^^^^^^^^^^^^^^^^^^^^^^^^^^^^^^^^^^^
2025 Feb 11 02:56:39.300050 sonic INFO featured[13157]:   File "/usr/local/bin/featured", line 136, in __init__
2025 Feb 11 02:56:39.300093 sonic INFO featured[13157]:     self._device_running_config = device_info.get_device_runtime_metadata()
2025 Feb 11 02:56:39.300134 sonic INFO featured[13157]:                                   ^^^^^^^^^^^^^^^^^^^^^^^^^^^^^^^^^^^^^^^^^
2025 Feb 11 02:56:39.300176 sonic INFO featured[13157]:   File "/usr/local/lib/python3.11/dist-packages/sonic_py_common/device_info.py", line 680, in get_device_runtime_metadata
2025 Feb 11 02:56:39.300242 sonic INFO featured[13157]:     port_metadata = {'ETHERNET_PORTS_PRESENT': True if get_path_to_port_config_file(hwsku=None, asic="0" if is_multi_npu() else None) else False}
2025 Feb 11 02:56:39.300291 sonic INFO featured[13157]:                                                        ^^^^^^^^^^^^^^^^^^^^^^^^^^^^^^^^^^^^^^^^^^^^^^^^^^^^^^^^^^^^^^^^^^^^^^^^^^^^^^
2025 Feb 11 02:56:39.300334 sonic INFO featured[13157]:   File "/usr/local/lib/python3.11/dist-packages/sonic_py_common/device_info.py", line 446, in get_path_to_port_config_file
2025 Feb 11 02:56:39.300374 sonic INFO featured[13157]:     (platform_path, hwsku_path) = get_paths_to_platform_and_hwsku_dirs()
2025 Feb 11 02:56:39.300414 sonic INFO featured[13157]:                                   ^^^^^^^^^^^^^^^^^^^^^^^^^^^^^^^^^^^^^^
2025 Feb 11 02:56:39.300512 sonic INFO featured[13157]:   File "/usr/local/lib/python3.11/dist-packages/sonic_py_common/device_info.py", line 412, in get_paths_to_platform_and_hwsku_dirs
2025 Feb 11 02:56:39.300550 sonic INFO featured[13157]:     hwsku_path = os.path.join(platform_path, hwsku)
2025 Feb 11 02:56:39.300592 sonic INFO featured[13157]:                  ^^^^^^^^^^^^^^^^^^^^^^^^^^^^^^^^^^
2025 Feb 11 02:56:39.300633 sonic INFO featured[13157]:   File "<frozen posixpath>", line 90, in join
2025 Feb 11 02:56:39.300675 sonic INFO featured[13157]:   File "<frozen genericpath>", line 152, in _check_arg_types
2025 Feb 11 02:56:39.300716 sonic INFO featured[13157]: TypeError: join() argument must be str, bytes, or os.PathLike object, not 'NoneType'
2025 Feb 11 02:56:39.320413 sonic NOTICE systemd[1]: featured.service: Main process exited, code=exited, status=1/FAILURE
2025 Feb 11 02:56:39.320559 sonic WARNING systemd[1]: featured.service: Failed with result 'exit-code'.
2025 Feb 11 02:56:39.322269 sonic WARNING systemd[1]: featured.service: Start request repeated too quickly.
2025 Feb 11 02:56:39.322370 sonic WARNING systemd[1]: featured.service: Failed with result 'exit-code'.
2025 Feb 11 02:56:39.322440 sonic ERR systemd[1]: Failed to start featured.service - Feature configuration daemon.
2025 Feb 11 02:56:48.280123 sonic WARNING systemd[1]: featured.service: Start request repeated too quickly.
2025 Feb 11 02:56:48.280583 sonic WARNING systemd[1]: featured.service: Failed with result 'exit-code'.
2025 Feb 11 02:56:48.280656 sonic ERR systemd[1]: Failed to start featured.service - Feature configuration daemon.
2025 Feb 11 02:56:50.322972 sonic INFO systemd[1]: Started featured.service - Feature configuration daemon.
2025 Feb 11 02:56:50.510505 sonic INFO featured: ConfigDB connect success
2025 Feb 11 02:56:50.514605 sonic INFO featured[13180]: Traceback (most recent call last):
2025 Feb 11 02:56:50.514677 sonic INFO featured[13180]:   File "/usr/local/bin/featured", line 598, in <module>
2025 Feb 11 02:56:50.514728 sonic INFO featured[13180]:     main()
2025 Feb 11 02:56:50.514765 sonic INFO featured[13180]:   File "/usr/local/bin/featured", line 591, in main
2025 Feb 11 02:56:50.514900 sonic INFO featured[13180]:     daemon = FeatureDaemon()
2025 Feb 11 02:56:50.514945 sonic INFO featured[13180]:              ^^^^^^^^^^^^^^^
2025 Feb 11 02:56:50.514967 sonic INFO featured[13180]:   File "/usr/local/bin/featured", line 529, in __init__
2025 Feb 11 02:56:50.515058 sonic INFO featured[13180]:     self.feature_handler = FeatureHandler(self.config_db, feature_state_table, self.device_config, self.advanced_boot)
2025 Feb 11 02:56:50.515097 sonic INFO featured[13180]:                            ^^^^^^^^^^^^^^^^^^^^^^^^^^^^^^^^^^^^^^^^^^^^^^^^^^^^^^^^^^^^^^^^^^^^^^^^^^^^^^^^^^^^^^^^^^^
2025 Feb 11 02:56:50.515114 sonic INFO featured[13180]:   File "/usr/local/bin/featured", line 136, in __init__
2025 Feb 11 02:56:50.515145 sonic INFO featured[13180]:     self._device_running_config = device_info.get_device_runtime_metadata()
2025 Feb 11 02:56:50.515177 sonic INFO featured[13180]:                                   ^^^^^^^^^^^^^^^^^^^^^^^^^^^^^^^^^^^^^^^^^
2025 Feb 11 02:56:50.515202 sonic INFO featured[13180]:   File "/usr/local/lib/python3.11/dist-packages/sonic_py_common/device_info.py", line 680, in get_device_runtime_metadata
2025 Feb 11 02:56:50.515298 sonic INFO featured[13180]:     port_metadata = {'ETHERNET_PORTS_PRESENT': True if get_path_to_port_config_file(hwsku=None, asic="0" if is_multi_npu() else None) else False}
2025 Feb 11 02:56:50.515337 sonic INFO featured[13180]:                                                        ^^^^^^^^^^^^^^^^^^^^^^^^^^^^^^^^^^^^^^^^^^^^^^^^^^^^^^^^^^^^^^^^^^^^^^^^^^^^^^
2025 Feb 11 02:56:50.515354 sonic INFO featured[13180]:   File "/usr/local/lib/python3.11/dist-packages/sonic_py_common/device_info.py", line 446, in get_path_to_port_config_file
2025 Feb 11 02:56:50.515420 sonic INFO featured[13180]:     (platform_path, hwsku_path) = get_paths_to_platform_and_hwsku_dirs()
2025 Feb 11 02:56:50.515453 sonic INFO featured[13180]:                                   ^^^^^^^^^^^^^^^^^^^^^^^^^^^^^^^^^^^^^^
2025 Feb 11 02:56:50.515479 sonic INFO featured[13180]:   File "/usr/local/lib/python3.11/dist-packages/sonic_py_common/device_info.py", line 412, in get_paths_to_platform_and_hwsku_dirs
2025 Feb 11 02:56:50.515526 sonic INFO featured[13180]:     hwsku_path = os.path.join(platform_path, hwsku)
2025 Feb 11 02:56:50.515558 sonic INFO featured[13180]:                  ^^^^^^^^^^^^^^^^^^^^^^^^^^^^^^^^^^
2025 Feb 11 02:56:50.515582 sonic INFO featured[13180]:   File "<frozen posixpath>", line 90, in join
2025 Feb 11 02:56:50.515609 sonic INFO featured[13180]:   File "<frozen genericpath>", line 152, in _check_arg_types
2025 Feb 11 02:56:50.515635 sonic INFO featured[13180]: TypeError: join() argument must be str, bytes, or os.PathLike object, not 'NoneType'
2025 Feb 11 02:56:50.527422 sonic INFO systemd[1]: caclmgrd.service: Scheduled restart job, restart counter is at 59.
2025 Feb 11 02:56:50.528008 sonic INFO systemd[1]: Stopped caclmgrd.service - Control Plane ACL configuration daemon.
2025 Feb 11 02:56:50.566274 sonic INFO systemd[1]: Started caclmgrd.service - Control Plane ACL configuration daemon.
2025 Feb 11 02:56:50.567087 sonic NOTICE systemd[1]: featured.service: Main process exited, code=exited, status=1/FAILURE
2025 Feb 11 02:56:50.567234 sonic WARNING systemd[1]: featured.service: Failed with result 'exit-code'.
2025 Feb 11 02:56:50.570853 sonic INFO systemd[1]: Started featured.service - Feature configuration daemon.
2025 Feb 11 02:56:50.724481 sonic INFO caclmgrd[13185]: Traceback (most recent call last):
2025 Feb 11 02:56:50.724833 sonic INFO caclmgrd[13185]:   File "/usr/local/bin/caclmgrd", line 1146, in <module>
2025 Feb 11 02:56:50.724942 sonic INFO caclmgrd[13185]:     main()
2025 Feb 11 02:56:50.724994 sonic INFO caclmgrd[13185]:   File "/usr/local/bin/caclmgrd", line 1137, in main
2025 Feb 11 02:56:50.725036 sonic INFO caclmgrd[13185]:     caclmgr = ControlPlaneAclManager(SYSLOG_IDENTIFIER)
2025 Feb 11 02:56:50.725081 sonic INFO caclmgrd[13185]:               ^^^^^^^^^^^^^^^^^^^^^^^^^^^^^^^^^^^^^^^^^
2025 Feb 11 02:56:50.725129 sonic INFO caclmgrd[13185]:   File "/usr/local/bin/caclmgrd", line 156, in __init__
2025 Feb 11 02:56:50.725176 sonic INFO caclmgrd[13185]:     if 'subtype' in metadata['localhost'] and metadata['localhost']['subtype'] == 'DualToR':
2025 Feb 11 02:56:50.725215 sonic INFO caclmgrd[13185]:                     ~~~~~~~~^^^^^^^^^^^^^
2025 Feb 11 02:56:50.725253 sonic INFO caclmgrd[13185]: KeyError: 'localhost'
2025 Feb 11 02:56:50.745315 sonic NOTICE systemd[1]: caclmgrd.service: Main process exited, code=exited, status=1/FAILURE
2025 Feb 11 02:56:50.745534 sonic WARNING systemd[1]: caclmgrd.service: Failed with result 'exit-code'.
2025 Feb 11 02:56:50.747883 sonic INFO featured: ConfigDB connect success
2025 Feb 11 02:56:50.752105 sonic INFO featured[13186]: Traceback (most recent call last):
2025 Feb 11 02:56:50.752156 sonic INFO featured[13186]:   File "/usr/local/bin/featured", line 598, in <module>
2025 Feb 11 02:56:50.752269 sonic INFO featured[13186]:     main()
2025 Feb 11 02:56:50.752308 sonic INFO featured[13186]:   File "/usr/local/bin/featured", line 591, in main
2025 Feb 11 02:56:50.752426 sonic INFO featured[13186]:     daemon = FeatureDaemon()
2025 Feb 11 02:56:50.752459 sonic INFO featured[13186]:              ^^^^^^^^^^^^^^^
2025 Feb 11 02:56:50.752481 sonic INFO featured[13186]:   File "/usr/local/bin/featured", line 529, in __init__
2025 Feb 11 02:56:50.752540 sonic INFO featured[13186]:     self.feature_handler = FeatureHandler(self.config_db, feature_state_table, self.device_config, self.advanced_boot)
2025 Feb 11 02:56:50.752588 sonic INFO featured[13186]:                            ^^^^^^^^^^^^^^^^^^^^^^^^^^^^^^^^^^^^^^^^^^^^^^^^^^^^^^^^^^^^^^^^^^^^^^^^^^^^^^^^^^^^^^^^^^^
2025 Feb 11 02:56:50.752615 sonic INFO featured[13186]:   File "/usr/local/bin/featured", line 136, in __init__
2025 Feb 11 02:56:50.752652 sonic INFO featured[13186]:     self._device_running_config = device_info.get_device_runtime_metadata()
2025 Feb 11 02:56:50.752685 sonic INFO featured[13186]:                                   ^^^^^^^^^^^^^^^^^^^^^^^^^^^^^^^^^^^^^^^^^
2025 Feb 11 02:56:50.752715 sonic INFO featured[13186]:   File "/usr/local/lib/python3.11/dist-packages/sonic_py_common/device_info.py", line 680, in get_device_runtime_metadata
2025 Feb 11 02:56:50.752800 sonic INFO featured[13186]:     port_metadata = {'ETHERNET_PORTS_PRESENT': True if get_path_to_port_config_file(hwsku=None, asic="0" if is_multi_npu() else None) else False}
2025 Feb 11 02:56:50.752835 sonic INFO featured[13186]:                                                        ^^^^^^^^^^^^^^^^^^^^^^^^^^^^^^^^^^^^^^^^^^^^^^^^^^^^^^^^^^^^^^^^^^^^^^^^^^^^^^
2025 Feb 11 02:56:50.752862 sonic INFO featured[13186]:   File "/usr/local/lib/python3.11/dist-packages/sonic_py_common/device_info.py", line 446, in get_path_to_port_config_file
2025 Feb 11 02:56:50.752948 sonic INFO featured[13186]:     (platform_path, hwsku_path) = get_paths_to_platform_and_hwsku_dirs()
2025 Feb 11 02:56:50.752990 sonic INFO featured[13186]:                                   ^^^^^^^^^^^^^^^^^^^^^^^^^^^^^^^^^^^^^^
2025 Feb 11 02:56:50.753016 sonic INFO featured[13186]:   File "/usr/local/lib/python3.11/dist-packages/sonic_py_common/device_info.py", line 412, in get_paths_to_platform_and_hwsku_dirs
2025 Feb 11 02:56:50.753075 sonic INFO featured[13186]:     hwsku_path = os.path.join(platform_path, hwsku)
2025 Feb 11 02:56:50.753109 sonic INFO featured[13186]:                  ^^^^^^^^^^^^^^^^^^^^^^^^^^^^^^^^^^
2025 Feb 11 02:56:50.753134 sonic INFO featured[13186]:   File "<frozen posixpath>", line 90, in join
2025 Feb 11 02:56:50.753162 sonic INFO featured[13186]:   File "<frozen genericpath>", line 152, in _check_arg_types
2025 Feb 11 02:56:50.753186 sonic INFO featured[13186]: TypeError: join() argument must be str, bytes, or os.PathLike object, not 'NoneType'
2025 Feb 11 02:56:50.771765 sonic NOTICE systemd[1]: featured.service: Main process exited, code=exited, status=1/FAILURE
2025 Feb 11 02:56:50.771899 sonic WARNING systemd[1]: featured.service: Failed with result 'exit-code'.
2025 Feb 11 02:56:50.794789 sonic INFO systemd[1]: Started featured.service - Feature configuration daemon.
2025 Feb 11 02:56:50.941353 sonic INFO featured: ConfigDB connect success
2025 Feb 11 02:56:50.945388 sonic INFO featured[13196]: Traceback (most recent call last):
2025 Feb 11 02:56:50.945557 sonic INFO featured[13196]:   File "/usr/local/bin/featured", line 598, in <module>
2025 Feb 11 02:56:50.945629 sonic INFO featured[13196]:     main()
2025 Feb 11 02:56:50.945683 sonic INFO featured[13196]:   File "/usr/local/bin/featured", line 591, in main
2025 Feb 11 02:56:50.945868 sonic INFO featured[13196]:     daemon = FeatureDaemon()
2025 Feb 11 02:56:50.945962 sonic INFO featured[13196]:              ^^^^^^^^^^^^^^^
2025 Feb 11 02:56:50.946008 sonic INFO featured[13196]:   File "/usr/local/bin/featured", line 529, in __init__
2025 Feb 11 02:56:50.946060 sonic INFO featured[13196]:     self.feature_handler = FeatureHandler(self.config_db, feature_state_table, self.device_config, self.advanced_boot)
2025 Feb 11 02:56:50.946144 sonic INFO featured[13196]:                            ^^^^^^^^^^^^^^^^^^^^^^^^^^^^^^^^^^^^^^^^^^^^^^^^^^^^^^^^^^^^^^^^^^^^^^^^^^^^^^^^^^^^^^^^^^^
2025 Feb 11 02:56:50.946198 sonic INFO featured[13196]:   File "/usr/local/bin/featured", line 136, in __init__
2025 Feb 11 02:56:50.946243 sonic INFO featured[13196]:     self._device_running_config = device_info.get_device_runtime_metadata()
2025 Feb 11 02:56:50.946307 sonic INFO featured[13196]:                                   ^^^^^^^^^^^^^^^^^^^^^^^^^^^^^^^^^^^^^^^^^
2025 Feb 11 02:56:50.946353 sonic INFO featured[13196]:   File "/usr/local/lib/python3.11/dist-packages/sonic_py_common/device_info.py", line 680, in get_device_runtime_metadata
2025 Feb 11 02:56:50.946523 sonic INFO featured[13196]:     port_metadata = {'ETHERNET_PORTS_PRESENT': True if get_path_to_port_config_file(hwsku=None, asic="0" if is_multi_npu() else None) else False}
2025 Feb 11 02:56:50.946595 sonic INFO featured[13196]:                                                        ^^^^^^^^^^^^^^^^^^^^^^^^^^^^^^^^^^^^^^^^^^^^^^^^^^^^^^^^^^^^^^^^^^^^^^^^^^^^^^
2025 Feb 11 02:56:50.946642 sonic INFO featured[13196]:   File "/usr/local/lib/python3.11/dist-packages/sonic_py_common/device_info.py", line 446, in get_path_to_port_config_file
2025 Feb 11 02:56:50.946722 sonic INFO featured[13196]:     (platform_path, hwsku_path) = get_paths_to_platform_and_hwsku_dirs()
2025 Feb 11 02:56:50.946775 sonic INFO featured[13196]:                                   ^^^^^^^^^^^^^^^^^^^^^^^^^^^^^^^^^^^^^^
2025 Feb 11 02:56:50.946821 sonic INFO featured[13196]:   File "/usr/local/lib/python3.11/dist-packages/sonic_py_common/device_info.py", line 412, in get_paths_to_platform_and_hwsku_dirs
2025 Feb 11 02:56:50.946936 sonic INFO featured[13196]:     hwsku_path = os.path.join(platform_path, hwsku)
2025 Feb 11 02:56:50.946994 sonic INFO featured[13196]:                  ^^^^^^^^^^^^^^^^^^^^^^^^^^^^^^^^^^
2025 Feb 11 02:56:50.947038 sonic INFO featured[13196]:   File "<frozen posixpath>", line 90, in join
2025 Feb 11 02:56:50.947079 sonic INFO featured[13196]:   File "<frozen genericpath>", line 152, in _check_arg_types
2025 Feb 11 02:56:50.947119 sonic INFO featured[13196]: TypeError: join() argument must be str, bytes, or os.PathLike object, not 'NoneType'
2025 Feb 11 02:56:50.965797 sonic NOTICE systemd[1]: featured.service: Main process exited, code=exited, status=1/FAILURE
2025 Feb 11 02:56:50.965901 sonic WARNING systemd[1]: featured.service: Failed with result 'exit-code'.
2025 Feb 11 02:56:50.996527 sonic INFO systemd[1]: Started featured.service - Feature configuration daemon.
2025 Feb 11 02:56:51.166470 sonic INFO featured: ConfigDB connect success
2025 Feb 11 02:56:51.170693 sonic INFO featured[13208]: Traceback (most recent call last):
2025 Feb 11 02:56:51.170748 sonic INFO featured[13208]:   File "/usr/local/bin/featured", line 598, in <module>
2025 Feb 11 02:56:51.170852 sonic INFO featured[13208]:     main()
2025 Feb 11 02:56:51.170892 sonic INFO featured[13208]:   File "/usr/local/bin/featured", line 591, in main
2025 Feb 11 02:56:51.171036 sonic INFO featured[13208]:     daemon = FeatureDaemon()
2025 Feb 11 02:56:51.171080 sonic INFO featured[13208]:              ^^^^^^^^^^^^^^^
2025 Feb 11 02:56:51.171097 sonic INFO featured[13208]:   File "/usr/local/bin/featured", line 529, in __init__
2025 Feb 11 02:56:51.171176 sonic INFO featured[13208]:     self.feature_handler = FeatureHandler(self.config_db, feature_state_table, self.device_config, self.advanced_boot)
2025 Feb 11 02:56:51.171215 sonic INFO featured[13208]:                            ^^^^^^^^^^^^^^^^^^^^^^^^^^^^^^^^^^^^^^^^^^^^^^^^^^^^^^^^^^^^^^^^^^^^^^^^^^^^^^^^^^^^^^^^^^^
2025 Feb 11 02:56:51.171231 sonic INFO featured[13208]:   File "/usr/local/bin/featured", line 136, in __init__
2025 Feb 11 02:56:51.171270 sonic INFO featured[13208]:     self._device_running_config = device_info.get_device_runtime_metadata()
2025 Feb 11 02:56:51.171303 sonic INFO featured[13208]:                                   ^^^^^^^^^^^^^^^^^^^^^^^^^^^^^^^^^^^^^^^^^
2025 Feb 11 02:56:51.171320 sonic INFO featured[13208]:   File "/usr/local/lib/python3.11/dist-packages/sonic_py_common/device_info.py", line 680, in get_device_runtime_metadata
2025 Feb 11 02:56:51.171431 sonic INFO featured[13208]:     port_metadata = {'ETHERNET_PORTS_PRESENT': True if get_path_to_port_config_file(hwsku=None, asic="0" if is_multi_npu() else None) else False}
2025 Feb 11 02:56:51.171470 sonic INFO featured[13208]:                                                        ^^^^^^^^^^^^^^^^^^^^^^^^^^^^^^^^^^^^^^^^^^^^^^^^^^^^^^^^^^^^^^^^^^^^^^^^^^^^^^
2025 Feb 11 02:56:51.171487 sonic INFO featured[13208]:   File "/usr/local/lib/python3.11/dist-packages/sonic_py_common/device_info.py", line 446, in get_path_to_port_config_file
2025 Feb 11 02:56:51.171608 sonic INFO featured[13208]:     (platform_path, hwsku_path) = get_paths_to_platform_and_hwsku_dirs()
2025 Feb 11 02:56:51.171649 sonic INFO featured[13208]:                                   ^^^^^^^^^^^^^^^^^^^^^^^^^^^^^^^^^^^^^^
2025 Feb 11 02:56:51.171688 sonic INFO featured[13208]:   File "/usr/local/lib/python3.11/dist-packages/sonic_py_common/device_info.py", line 412, in get_paths_to_platform_and_hwsku_dirs
2025 Feb 11 02:56:51.171744 sonic INFO featured[13208]:     hwsku_path = os.path.join(platform_path, hwsku)
2025 Feb 11 02:56:51.171780 sonic INFO featured[13208]:                  ^^^^^^^^^^^^^^^^^^^^^^^^^^^^^^^^^^
2025 Feb 11 02:56:51.171798 sonic INFO featured[13208]:   File "<frozen posixpath>", line 90, in join
2025 Feb 11 02:56:51.171821 sonic INFO featured[13208]:   File "<frozen genericpath>", line 152, in _check_arg_types
2025 Feb 11 02:56:51.171838 sonic INFO featured[13208]: TypeError: join() argument must be str, bytes, or os.PathLike object, not 'NoneType'
2025 Feb 11 02:56:51.191276 sonic NOTICE systemd[1]: featured.service: Main process exited, code=exited, status=1/FAILURE
2025 Feb 11 02:56:51.191431 sonic WARNING systemd[1]: featured.service: Failed with result 'exit-code'.
2025 Feb 11 02:56:51.236730 sonic INFO systemd[1]: Started featured.service - Feature configuration daemon.
2025 Feb 11 02:56:51.374488 sonic INFO featured: ConfigDB connect success
2025 Feb 11 02:56:51.378445 sonic INFO featured[13209]: Traceback (most recent call last):
2025 Feb 11 02:56:51.378509 sonic INFO featured[13209]:   File "/usr/local/bin/featured", line 598, in <module>
2025 Feb 11 02:56:51.378602 sonic INFO featured[13209]:     main()
2025 Feb 11 02:56:51.378642 sonic INFO featured[13209]:   File "/usr/local/bin/featured", line 591, in main
2025 Feb 11 02:56:51.378761 sonic INFO featured[13209]:     daemon = FeatureDaemon()
2025 Feb 11 02:56:51.378805 sonic INFO featured[13209]:              ^^^^^^^^^^^^^^^
2025 Feb 11 02:56:51.378823 sonic INFO featured[13209]:   File "/usr/local/bin/featured", line 529, in __init__
2025 Feb 11 02:56:51.378895 sonic INFO featured[13209]:     self.feature_handler = FeatureHandler(self.config_db, feature_state_table, self.device_config, self.advanced_boot)
2025 Feb 11 02:56:51.378956 sonic INFO featured[13209]:                            ^^^^^^^^^^^^^^^^^^^^^^^^^^^^^^^^^^^^^^^^^^^^^^^^^^^^^^^^^^^^^^^^^^^^^^^^^^^^^^^^^^^^^^^^^^^
2025 Feb 11 02:56:51.378983 sonic INFO featured[13209]:   File "/usr/local/bin/featured", line 136, in __init__
2025 Feb 11 02:56:51.379006 sonic INFO featured[13209]:     self._device_running_config = device_info.get_device_runtime_metadata()
2025 Feb 11 02:56:51.379033 sonic INFO featured[13209]:                                   ^^^^^^^^^^^^^^^^^^^^^^^^^^^^^^^^^^^^^^^^^
2025 Feb 11 02:56:51.379058 sonic INFO featured[13209]:   File "/usr/local/lib/python3.11/dist-packages/sonic_py_common/device_info.py", line 680, in get_device_runtime_metadata
2025 Feb 11 02:56:51.379170 sonic INFO featured[13209]:     port_metadata = {'ETHERNET_PORTS_PRESENT': True if get_path_to_port_config_file(hwsku=None, asic="0" if is_multi_npu() else None) else False}
2025 Feb 11 02:56:51.379209 sonic INFO featured[13209]:                                                        ^^^^^^^^^^^^^^^^^^^^^^^^^^^^^^^^^^^^^^^^^^^^^^^^^^^^^^^^^^^^^^^^^^^^^^^^^^^^^^
2025 Feb 11 02:56:51.379225 sonic INFO featured[13209]:   File "/usr/local/lib/python3.11/dist-packages/sonic_py_common/device_info.py", line 446, in get_path_to_port_config_file
2025 Feb 11 02:56:51.379293 sonic INFO featured[13209]:     (platform_path, hwsku_path) = get_paths_to_platform_and_hwsku_dirs()
2025 Feb 11 02:56:51.379325 sonic INFO featured[13209]:                                   ^^^^^^^^^^^^^^^^^^^^^^^^^^^^^^^^^^^^^^
2025 Feb 11 02:56:51.379342 sonic INFO featured[13209]:   File "/usr/local/lib/python3.11/dist-packages/sonic_py_common/device_info.py", line 412, in get_paths_to_platform_and_hwsku_dirs
2025 Feb 11 02:56:51.379401 sonic INFO featured[13209]:     hwsku_path = os.path.join(platform_path, hwsku)
2025 Feb 11 02:56:51.379434 sonic INFO featured[13209]:                  ^^^^^^^^^^^^^^^^^^^^^^^^^^^^^^^^^^
2025 Feb 11 02:56:51.379451 sonic INFO featured[13209]:   File "<frozen posixpath>", line 90, in join
2025 Feb 11 02:56:51.379467 sonic INFO featured[13209]:   File "<frozen genericpath>", line 152, in _check_arg_types
2025 Feb 11 02:56:51.379492 sonic INFO featured[13209]: TypeError: join() argument must be str, bytes, or os.PathLike object, not 'NoneType'
2025 Feb 11 02:56:51.397865 sonic NOTICE systemd[1]: featured.service: Main process exited, code=exited, status=1/FAILURE
2025 Feb 11 02:56:51.398004 sonic WARNING systemd[1]: featured.service: Failed with result 'exit-code'.
2025 Feb 11 02:56:51.399624 sonic WARNING systemd[1]: featured.service: Start request repeated too quickly.
2025 Feb 11 02:56:51.399721 sonic WARNING systemd[1]: featured.service: Failed with result 'exit-code'.
2025 Feb 11 02:56:51.399787 sonic ERR systemd[1]: Failed to start featured.service - Feature configuration daemon.
2025 Feb 11 02:56:54.280859 sonic WARNING systemd[1]: featured.service: Start request repeated too quickly.
2025 Feb 11 02:56:54.282477 sonic WARNING systemd[1]: featured.service: Failed with result 'exit-code'.
2025 Feb 11 02:56:54.283212 sonic ERR systemd[1]: Failed to start featured.service - Feature configuration daemon.
2025 Feb 11 02:56:54.908567 sonic ERR monit[828]: 'container_checker' status failed (4) -- Unexpected running containers: bgp3, database3, bgp1, database, bgp0, macsec1, database1, macsec2, database0, macsec3, eventd, macsec0, database2, bgp2
2025 Feb 11 02:56:55.034613 sonic DEBUG mgmt_oper_status.py: No management interface found
2025 Feb 11 02:56:55.183533 sonic WARNING systemd[1]: featured.service: Start request repeated too quickly.
2025 Feb 11 02:56:55.183627 sonic WARNING systemd[1]: featured.service: Failed with result 'exit-code'.
2025 Feb 11 02:56:55.183660 sonic ERR systemd[1]: Failed to start featured.service - Feature configuration daemon.
2025 Feb 11 02:56:55.186035 sonic WARNING systemd[1]: featured.service: Start request repeated too quickly.
2025 Feb 11 02:56:55.186103 sonic WARNING systemd[1]: featured.service: Failed with result 'exit-code'.
2025 Feb 11 02:56:55.186144 sonic ERR systemd[1]: Failed to start featured.service - Feature configuration daemon.
2025 Feb 11 02:56:55.192588 sonic WARNING systemd[1]: featured.service: Start request repeated too quickly.
2025 Feb 11 02:56:55.192699 sonic WARNING systemd[1]: featured.service: Failed with result 'exit-code'.
2025 Feb 11 02:56:55.192744 sonic ERR systemd[1]: Failed to start featured.service - Feature configuration daemon.
2025 Feb 11 02:56:55.195206 sonic WARNING systemd[1]: featured.service: Start request repeated too quickly.
2025 Feb 11 02:56:55.195272 sonic WARNING systemd[1]: featured.service: Failed with result 'exit-code'.
2025 Feb 11 02:56:55.195314 sonic ERR systemd[1]: Failed to start featured.service - Feature configuration daemon.
2025 Feb 11 02:56:55.220109 sonic WARNING systemd[1]: featured.service: Start request repeated too quickly.
2025 Feb 11 02:56:55.220572 sonic WARNING systemd[1]: featured.service: Failed with result 'exit-code'.
2025 Feb 11 02:56:55.220642 sonic ERR systemd[1]: Failed to start featured.service - Feature configuration daemon.
2025 Feb 11 02:56:55.226214 sonic WARNING systemd[1]: featured.service: Start request repeated too quickly.
2025 Feb 11 02:56:55.226371 sonic WARNING systemd[1]: featured.service: Failed with result 'exit-code'.
2025 Feb 11 02:56:55.226449 sonic ERR systemd[1]: Failed to start featured.service - Feature configuration daemon.
2025 Feb 11 02:56:55.241171 sonic INFO memory_checker: [memory_checker] Exits without checking memory usage since container 'gnmi' is not running!
2025 Feb 11 02:56:55.250840 sonic INFO memory_checker: [memory_checker] Exits without checking memory usage since container 'snmp' is not running!
2025 Feb 11 02:56:55.276671 sonic INFO memory_checker: [memory_checker] Exits without checking memory usage since container 'bmp' is not running!
2025 Feb 11 02:56:55.584447 sonic NOTICE python3: :- publish: EVENT_PUBLISHED: {"sonic-host:device-test-event":{"batch-id":"d9f0f0c4-e823-11ef-91ba-52540070c9c2","index":"0","reason":"monit periodic test","sender":"events_monit_test.py","timestamp":"2025-02-11T02:56:55.582411Z"}}
2025 Feb 11 02:56:55.585460 sonic NOTICE python3: :- publish: EVENT_PUBLISHED: {"sonic-host:device-test-event":{"batch-id":"d9f0f0c4-e823-11ef-91ba-52540070c9c2","index":"1","reason":"monit periodic test","sender":"events_monit_test.py","timestamp":"2025-02-11T02:56:55.583036Z"}}
2025 Feb 11 02:56:55.585597 sonic NOTICE python3: :- publish: EVENT_PUBLISHED: {"sonic-host:device-test-event":{"batch-id":"d9f0f0c4-e823-11ef-91ba-52540070c9c2","index":"2","reason":"monit periodic test","sender":"events_monit_test.py","timestamp":"2025-02-11T02:56:55.583126Z"}}
2025 Feb 11 02:56:55.585653 sonic NOTICE python3: :- publish: EVENT_PUBLISHED: {"sonic-host:device-test-event":{"batch-id":"d9f0f0c4-e823-11ef-91ba-52540070c9c2","index":"3","reason":"monit periodic test","sender":"events_monit_test.py","timestamp":"2025-02-11T02:56:55.584740Z"}}
2025 Feb 11 02:56:55.585750 sonic NOTICE python3: :- publish: EVENT_PUBLISHED: {"sonic-host:device-test-event":{"batch-id":"d9f0f0c4-e823-11ef-91ba-52540070c9c2","index":"4","reason":"monit periodic test","sender":"events_monit_test.py","timestamp":"2025-02-11T02:56:55.585617Z"}}
2025 Feb 11 02:56:58.279583 sonic WARNING systemd[1]: featured.service: Start request repeated too quickly.
2025 Feb 11 02:56:58.279915 sonic WARNING systemd[1]: featured.service: Failed with result 'exit-code'.
2025 Feb 11 02:56:58.279987 sonic ERR systemd[1]: Failed to start featured.service - Feature configuration daemon.
2025 Feb 11 02:57:18.302920 sonic INFO systemd[1]: Started featured.service - Feature configuration daemon.
2025 Feb 11 02:57:18.472594 sonic INFO featured: ConfigDB connect success
2025 Feb 11 02:57:18.477727 sonic INFO featured[13320]: Traceback (most recent call last):
2025 Feb 11 02:57:18.477801 sonic INFO featured[13320]:   File "/usr/local/bin/featured", line 598, in <module>
2025 Feb 11 02:57:18.477872 sonic INFO featured[13320]:     main()
2025 Feb 11 02:57:18.477927 sonic INFO featured[13320]:   File "/usr/local/bin/featured", line 591, in main
2025 Feb 11 02:57:18.478032 sonic INFO featured[13320]:     daemon = FeatureDaemon()
2025 Feb 11 02:57:18.478073 sonic INFO featured[13320]:              ^^^^^^^^^^^^^^^
2025 Feb 11 02:57:18.478102 sonic INFO featured[13320]:   File "/usr/local/bin/featured", line 529, in __init__
2025 Feb 11 02:57:18.478134 sonic INFO featured[13320]:     self.feature_handler = FeatureHandler(self.config_db, feature_state_table, self.device_config, self.advanced_boot)
2025 Feb 11 02:57:18.478186 sonic INFO featured[13320]:                            ^^^^^^^^^^^^^^^^^^^^^^^^^^^^^^^^^^^^^^^^^^^^^^^^^^^^^^^^^^^^^^^^^^^^^^^^^^^^^^^^^^^^^^^^^^^
2025 Feb 11 02:57:18.478213 sonic INFO featured[13320]:   File "/usr/local/bin/featured", line 136, in __init__
2025 Feb 11 02:57:18.478245 sonic INFO featured[13320]:     self._device_running_config = device_info.get_device_runtime_metadata()
2025 Feb 11 02:57:18.478276 sonic INFO featured[13320]:                                   ^^^^^^^^^^^^^^^^^^^^^^^^^^^^^^^^^^^^^^^^^
2025 Feb 11 02:57:18.478302 sonic INFO featured[13320]:   File "/usr/local/lib/python3.11/dist-packages/sonic_py_common/device_info.py", line 680, in get_device_runtime_metadata
2025 Feb 11 02:57:18.478403 sonic INFO featured[13320]:     port_metadata = {'ETHERNET_PORTS_PRESENT': True if get_path_to_port_config_file(hwsku=None, asic="0" if is_multi_npu() else None) else False}
2025 Feb 11 02:57:18.478442 sonic INFO featured[13320]:                                                        ^^^^^^^^^^^^^^^^^^^^^^^^^^^^^^^^^^^^^^^^^^^^^^^^^^^^^^^^^^^^^^^^^^^^^^^^^^^^^^
2025 Feb 11 02:57:18.478459 sonic INFO featured[13320]:   File "/usr/local/lib/python3.11/dist-packages/sonic_py_common/device_info.py", line 446, in get_path_to_port_config_file
2025 Feb 11 02:57:18.478520 sonic INFO featured[13320]:     (platform_path, hwsku_path) = get_paths_to_platform_and_hwsku_dirs()
2025 Feb 11 02:57:18.478552 sonic INFO featured[13320]:                                   ^^^^^^^^^^^^^^^^^^^^^^^^^^^^^^^^^^^^^^
2025 Feb 11 02:57:18.478578 sonic INFO featured[13320]:   File "/usr/local/lib/python3.11/dist-packages/sonic_py_common/device_info.py", line 412, in get_paths_to_platform_and_hwsku_dirs
2025 Feb 11 02:57:18.478627 sonic INFO featured[13320]:     hwsku_path = os.path.join(platform_path, hwsku)
2025 Feb 11 02:57:18.478659 sonic INFO featured[13320]:                  ^^^^^^^^^^^^^^^^^^^^^^^^^^^^^^^^^^
2025 Feb 11 02:57:18.478685 sonic INFO featured[13320]:   File "<frozen posixpath>", line 90, in join
2025 Feb 11 02:57:18.478709 sonic INFO featured[13320]:   File "<frozen genericpath>", line 152, in _check_arg_types
2025 Feb 11 02:57:18.478731 sonic INFO featured[13320]: TypeError: join() argument must be str, bytes, or os.PathLike object, not 'NoneType'
2025 Feb 11 02:57:18.498578 sonic NOTICE systemd[1]: featured.service: Main process exited, code=exited, status=1/FAILURE
2025 Feb 11 02:57:18.498710 sonic WARNING systemd[1]: featured.service: Failed with result 'exit-code'.
2025 Feb 11 02:57:18.530354 sonic INFO systemd[1]: Started featured.service - Feature configuration daemon.
2025 Feb 11 02:57:18.686822 sonic INFO featured: ConfigDB connect success
2025 Feb 11 02:57:18.690932 sonic INFO featured[13321]: Traceback (most recent call last):
2025 Feb 11 02:57:18.690986 sonic INFO featured[13321]:   File "/usr/local/bin/featured", line 598, in <module>
2025 Feb 11 02:57:18.691111 sonic INFO featured[13321]:     main()
2025 Feb 11 02:57:18.691151 sonic INFO featured[13321]:   File "/usr/local/bin/featured", line 591, in main
2025 Feb 11 02:57:18.691266 sonic INFO featured[13321]:     daemon = FeatureDaemon()
2025 Feb 11 02:57:18.691308 sonic INFO featured[13321]:              ^^^^^^^^^^^^^^^
2025 Feb 11 02:57:18.691350 sonic INFO featured[13321]:   File "/usr/local/bin/featured", line 529, in __init__
2025 Feb 11 02:57:18.691381 sonic INFO featured[13321]:     self.feature_handler = FeatureHandler(self.config_db, feature_state_table, self.device_config, self.advanced_boot)
2025 Feb 11 02:57:18.691417 sonic INFO featured[13321]:                            ^^^^^^^^^^^^^^^^^^^^^^^^^^^^^^^^^^^^^^^^^^^^^^^^^^^^^^^^^^^^^^^^^^^^^^^^^^^^^^^^^^^^^^^^^^^
2025 Feb 11 02:57:18.691446 sonic INFO featured[13321]:   File "/usr/local/bin/featured", line 136, in __init__
2025 Feb 11 02:57:18.691476 sonic INFO featured[13321]:     self._device_running_config = device_info.get_device_runtime_metadata()
2025 Feb 11 02:57:18.691510 sonic INFO featured[13321]:                                   ^^^^^^^^^^^^^^^^^^^^^^^^^^^^^^^^^^^^^^^^^
2025 Feb 11 02:57:18.691538 sonic INFO featured[13321]:   File "/usr/local/lib/python3.11/dist-packages/sonic_py_common/device_info.py", line 680, in get_device_runtime_metadata
2025 Feb 11 02:57:18.691605 sonic INFO featured[13321]:     port_metadata = {'ETHERNET_PORTS_PRESENT': True if get_path_to_port_config_file(hwsku=None, asic="0" if is_multi_npu() else None) else False}
2025 Feb 11 02:57:18.691645 sonic INFO featured[13321]:                                                        ^^^^^^^^^^^^^^^^^^^^^^^^^^^^^^^^^^^^^^^^^^^^^^^^^^^^^^^^^^^^^^^^^^^^^^^^^^^^^^
2025 Feb 11 02:57:18.691662 sonic INFO featured[13321]:   File "/usr/local/lib/python3.11/dist-packages/sonic_py_common/device_info.py", line 446, in get_path_to_port_config_file
2025 Feb 11 02:57:18.691750 sonic INFO featured[13321]:     (platform_path, hwsku_path) = get_paths_to_platform_and_hwsku_dirs()
2025 Feb 11 02:57:18.691787 sonic INFO featured[13321]:                                   ^^^^^^^^^^^^^^^^^^^^^^^^^^^^^^^^^^^^^^
2025 Feb 11 02:57:18.691813 sonic INFO featured[13321]:   File "/usr/local/lib/python3.11/dist-packages/sonic_py_common/device_info.py", line 412, in get_paths_to_platform_and_hwsku_dirs
2025 Feb 11 02:57:18.691869 sonic INFO featured[13321]:     hwsku_path = os.path.join(platform_path, hwsku)
2025 Feb 11 02:57:18.691924 sonic INFO featured[13321]:                  ^^^^^^^^^^^^^^^^^^^^^^^^^^^^^^^^^^
2025 Feb 11 02:57:18.691951 sonic INFO featured[13321]:   File "<frozen posixpath>", line 90, in join
2025 Feb 11 02:57:18.691978 sonic INFO featured[13321]:   File "<frozen genericpath>", line 152, in _check_arg_types
2025 Feb 11 02:57:18.692005 sonic INFO featured[13321]: TypeError: join() argument must be str, bytes, or os.PathLike object, not 'NoneType'
2025 Feb 11 02:57:18.710189 sonic NOTICE systemd[1]: featured.service: Main process exited, code=exited, status=1/FAILURE
2025 Feb 11 02:57:18.710271 sonic WARNING systemd[1]: featured.service: Failed with result 'exit-code'.
2025 Feb 11 02:57:18.742534 sonic INFO systemd[1]: Started featured.service - Feature configuration daemon.
2025 Feb 11 02:57:18.895391 sonic INFO featured: ConfigDB connect success
2025 Feb 11 02:57:18.899426 sonic INFO featured[13322]: Traceback (most recent call last):
2025 Feb 11 02:57:18.899480 sonic INFO featured[13322]:   File "/usr/local/bin/featured", line 598, in <module>
2025 Feb 11 02:57:18.899592 sonic INFO featured[13322]:     main()
2025 Feb 11 02:57:18.899631 sonic INFO featured[13322]:   File "/usr/local/bin/featured", line 591, in main
2025 Feb 11 02:57:18.899748 sonic INFO featured[13322]:     daemon = FeatureDaemon()
2025 Feb 11 02:57:18.899787 sonic INFO featured[13322]:              ^^^^^^^^^^^^^^^
2025 Feb 11 02:57:18.899804 sonic INFO featured[13322]:   File "/usr/local/bin/featured", line 529, in __init__
2025 Feb 11 02:57:18.899913 sonic INFO featured[13322]:     self.feature_handler = FeatureHandler(self.config_db, feature_state_table, self.device_config, self.advanced_boot)
2025 Feb 11 02:57:18.899952 sonic INFO featured[13322]:                            ^^^^^^^^^^^^^^^^^^^^^^^^^^^^^^^^^^^^^^^^^^^^^^^^^^^^^^^^^^^^^^^^^^^^^^^^^^^^^^^^^^^^^^^^^^^
2025 Feb 11 02:57:18.899969 sonic INFO featured[13322]:   File "/usr/local/bin/featured", line 136, in __init__
2025 Feb 11 02:57:18.900000 sonic INFO featured[13322]:     self._device_running_config = device_info.get_device_runtime_metadata()
2025 Feb 11 02:57:18.900030 sonic INFO featured[13322]:                                   ^^^^^^^^^^^^^^^^^^^^^^^^^^^^^^^^^^^^^^^^^
2025 Feb 11 02:57:18.900056 sonic INFO featured[13322]:   File "/usr/local/lib/python3.11/dist-packages/sonic_py_common/device_info.py", line 680, in get_device_runtime_metadata
2025 Feb 11 02:57:18.900153 sonic INFO featured[13322]:     port_metadata = {'ETHERNET_PORTS_PRESENT': True if get_path_to_port_config_file(hwsku=None, asic="0" if is_multi_npu() else None) else False}
2025 Feb 11 02:57:18.900187 sonic INFO featured[13322]:                                                        ^^^^^^^^^^^^^^^^^^^^^^^^^^^^^^^^^^^^^^^^^^^^^^^^^^^^^^^^^^^^^^^^^^^^^^^^^^^^^^
2025 Feb 11 02:57:18.900218 sonic INFO featured[13322]:   File "/usr/local/lib/python3.11/dist-packages/sonic_py_common/device_info.py", line 446, in get_path_to_port_config_file
2025 Feb 11 02:57:18.900291 sonic INFO featured[13322]:     (platform_path, hwsku_path) = get_paths_to_platform_and_hwsku_dirs()
2025 Feb 11 02:57:18.900316 sonic INFO featured[13322]:                                   ^^^^^^^^^^^^^^^^^^^^^^^^^^^^^^^^^^^^^^
2025 Feb 11 02:57:18.900346 sonic INFO featured[13322]:   File "/usr/local/lib/python3.11/dist-packages/sonic_py_common/device_info.py", line 412, in get_paths_to_platform_and_hwsku_dirs
2025 Feb 11 02:57:18.900377 sonic INFO featured[13322]:     hwsku_path = os.path.join(platform_path, hwsku)
2025 Feb 11 02:57:18.900409 sonic INFO featured[13322]:                  ^^^^^^^^^^^^^^^^^^^^^^^^^^^^^^^^^^
2025 Feb 11 02:57:18.900434 sonic INFO featured[13322]:   File "<frozen posixpath>", line 90, in join
2025 Feb 11 02:57:18.900458 sonic INFO featured[13322]:   File "<frozen genericpath>", line 152, in _check_arg_types
2025 Feb 11 02:57:18.900487 sonic INFO featured[13322]: TypeError: join() argument must be str, bytes, or os.PathLike object, not 'NoneType'
2025 Feb 11 02:57:18.919242 sonic NOTICE systemd[1]: featured.service: Main process exited, code=exited, status=1/FAILURE
2025 Feb 11 02:57:18.919382 sonic WARNING systemd[1]: featured.service: Failed with result 'exit-code'.
2025 Feb 11 02:57:18.962769 sonic INFO systemd[1]: Started featured.service - Feature configuration daemon.
2025 Feb 11 02:57:19.094635 sonic INFO featured: ConfigDB connect success
2025 Feb 11 02:57:19.098798 sonic INFO featured[13327]: Traceback (most recent call last):
2025 Feb 11 02:57:19.098925 sonic INFO featured[13327]:   File "/usr/local/bin/featured", line 598, in <module>
2025 Feb 11 02:57:19.098991 sonic INFO featured[13327]:     main()
2025 Feb 11 02:57:19.099055 sonic INFO featured[13327]:   File "/usr/local/bin/featured", line 591, in main
2025 Feb 11 02:57:19.099251 sonic INFO featured[13327]:     daemon = FeatureDaemon()
2025 Feb 11 02:57:19.099319 sonic INFO featured[13327]:              ^^^^^^^^^^^^^^^
2025 Feb 11 02:57:19.099363 sonic INFO featured[13327]:   File "/usr/local/bin/featured", line 529, in __init__
2025 Feb 11 02:57:19.099414 sonic INFO featured[13327]:     self.feature_handler = FeatureHandler(self.config_db, feature_state_table, self.device_config, self.advanced_boot)
2025 Feb 11 02:57:19.099496 sonic INFO featured[13327]:                            ^^^^^^^^^^^^^^^^^^^^^^^^^^^^^^^^^^^^^^^^^^^^^^^^^^^^^^^^^^^^^^^^^^^^^^^^^^^^^^^^^^^^^^^^^^^
2025 Feb 11 02:57:19.099548 sonic INFO featured[13327]:   File "/usr/local/bin/featured", line 136, in __init__
2025 Feb 11 02:57:19.099600 sonic INFO featured[13327]:     self._device_running_config = device_info.get_device_runtime_metadata()
2025 Feb 11 02:57:19.099651 sonic INFO featured[13327]:                                   ^^^^^^^^^^^^^^^^^^^^^^^^^^^^^^^^^^^^^^^^^
2025 Feb 11 02:57:19.099707 sonic INFO featured[13327]:   File "/usr/local/lib/python3.11/dist-packages/sonic_py_common/device_info.py", line 680, in get_device_runtime_metadata
2025 Feb 11 02:57:19.099919 sonic INFO featured[13327]:     port_metadata = {'ETHERNET_PORTS_PRESENT': True if get_path_to_port_config_file(hwsku=None, asic="0" if is_multi_npu() else None) else False}
2025 Feb 11 02:57:19.099992 sonic INFO featured[13327]:                                                        ^^^^^^^^^^^^^^^^^^^^^^^^^^^^^^^^^^^^^^^^^^^^^^^^^^^^^^^^^^^^^^^^^^^^^^^^^^^^^^
2025 Feb 11 02:57:19.100045 sonic INFO featured[13327]:   File "/usr/local/lib/python3.11/dist-packages/sonic_py_common/device_info.py", line 446, in get_path_to_port_config_file
2025 Feb 11 02:57:19.100094 sonic INFO featured[13327]:     (platform_path, hwsku_path) = get_paths_to_platform_and_hwsku_dirs()
2025 Feb 11 02:57:19.100151 sonic INFO featured[13327]:                                   ^^^^^^^^^^^^^^^^^^^^^^^^^^^^^^^^^^^^^^
2025 Feb 11 02:57:19.100199 sonic INFO featured[13327]:   File "/usr/local/lib/python3.11/dist-packages/sonic_py_common/device_info.py", line 412, in get_paths_to_platform_and_hwsku_dirs
2025 Feb 11 02:57:19.100284 sonic INFO featured[13327]:     hwsku_path = os.path.join(platform_path, hwsku)
2025 Feb 11 02:57:19.100342 sonic INFO featured[13327]:                  ^^^^^^^^^^^^^^^^^^^^^^^^^^^^^^^^^^
2025 Feb 11 02:57:19.100386 sonic INFO featured[13327]:   File "<frozen posixpath>", line 90, in join
2025 Feb 11 02:57:19.100427 sonic INFO featured[13327]:   File "<frozen genericpath>", line 152, in _check_arg_types
2025 Feb 11 02:57:19.100467 sonic INFO featured[13327]: TypeError: join() argument must be str, bytes, or os.PathLike object, not 'NoneType'
2025 Feb 11 02:57:19.118882 sonic NOTICE systemd[1]: featured.service: Main process exited, code=exited, status=1/FAILURE
2025 Feb 11 02:57:19.118985 sonic WARNING systemd[1]: featured.service: Failed with result 'exit-code'.
2025 Feb 11 02:57:19.158560 sonic INFO systemd[1]: Started featured.service - Feature configuration daemon.
2025 Feb 11 02:57:19.289588 sonic INFO featured: ConfigDB connect success
2025 Feb 11 02:57:19.293592 sonic INFO featured[13328]: Traceback (most recent call last):
2025 Feb 11 02:57:19.293662 sonic INFO featured[13328]:   File "/usr/local/bin/featured", line 598, in <module>
2025 Feb 11 02:57:19.293726 sonic INFO featured[13328]:     main()
2025 Feb 11 02:57:19.293763 sonic INFO featured[13328]:   File "/usr/local/bin/featured", line 591, in main
2025 Feb 11 02:57:19.293927 sonic INFO featured[13328]:     daemon = FeatureDaemon()
2025 Feb 11 02:57:19.293959 sonic INFO featured[13328]:              ^^^^^^^^^^^^^^^
2025 Feb 11 02:57:19.293981 sonic INFO featured[13328]:   File "/usr/local/bin/featured", line 529, in __init__
2025 Feb 11 02:57:19.294041 sonic INFO featured[13328]:     self.feature_handler = FeatureHandler(self.config_db, feature_state_table, self.device_config, self.advanced_boot)
2025 Feb 11 02:57:19.294089 sonic INFO featured[13328]:                            ^^^^^^^^^^^^^^^^^^^^^^^^^^^^^^^^^^^^^^^^^^^^^^^^^^^^^^^^^^^^^^^^^^^^^^^^^^^^^^^^^^^^^^^^^^^
2025 Feb 11 02:57:19.294116 sonic INFO featured[13328]:   File "/usr/local/bin/featured", line 136, in __init__
2025 Feb 11 02:57:19.294146 sonic INFO featured[13328]:     self._device_running_config = device_info.get_device_runtime_metadata()
2025 Feb 11 02:57:19.294177 sonic INFO featured[13328]:                                   ^^^^^^^^^^^^^^^^^^^^^^^^^^^^^^^^^^^^^^^^^
2025 Feb 11 02:57:19.294202 sonic INFO featured[13328]:   File "/usr/local/lib/python3.11/dist-packages/sonic_py_common/device_info.py", line 680, in get_device_runtime_metadata
2025 Feb 11 02:57:19.294307 sonic INFO featured[13328]:     port_metadata = {'ETHERNET_PORTS_PRESENT': True if get_path_to_port_config_file(hwsku=None, asic="0" if is_multi_npu() else None) else False}
2025 Feb 11 02:57:19.294346 sonic INFO featured[13328]:                                                        ^^^^^^^^^^^^^^^^^^^^^^^^^^^^^^^^^^^^^^^^^^^^^^^^^^^^^^^^^^^^^^^^^^^^^^^^^^^^^^
2025 Feb 11 02:57:19.294363 sonic INFO featured[13328]:   File "/usr/local/lib/python3.11/dist-packages/sonic_py_common/device_info.py", line 446, in get_path_to_port_config_file
2025 Feb 11 02:57:19.294428 sonic INFO featured[13328]:     (platform_path, hwsku_path) = get_paths_to_platform_and_hwsku_dirs()
2025 Feb 11 02:57:19.294460 sonic INFO featured[13328]:                                   ^^^^^^^^^^^^^^^^^^^^^^^^^^^^^^^^^^^^^^
2025 Feb 11 02:57:19.294484 sonic INFO featured[13328]:   File "/usr/local/lib/python3.11/dist-packages/sonic_py_common/device_info.py", line 412, in get_paths_to_platform_and_hwsku_dirs
2025 Feb 11 02:57:19.294536 sonic INFO featured[13328]:     hwsku_path = os.path.join(platform_path, hwsku)
2025 Feb 11 02:57:19.294569 sonic INFO featured[13328]:                  ^^^^^^^^^^^^^^^^^^^^^^^^^^^^^^^^^^
2025 Feb 11 02:57:19.294594 sonic INFO featured[13328]:   File "<frozen posixpath>", line 90, in join
2025 Feb 11 02:57:19.294618 sonic INFO featured[13328]:   File "<frozen genericpath>", line 152, in _check_arg_types
2025 Feb 11 02:57:19.294646 sonic INFO featured[13328]: TypeError: join() argument must be str, bytes, or os.PathLike object, not 'NoneType'
2025 Feb 11 02:57:19.313780 sonic NOTICE systemd[1]: featured.service: Main process exited, code=exited, status=1/FAILURE
2025 Feb 11 02:57:19.313908 sonic WARNING systemd[1]: featured.service: Failed with result 'exit-code'.
2025 Feb 11 02:57:19.315341 sonic WARNING systemd[1]: featured.service: Start request repeated too quickly.
2025 Feb 11 02:57:19.315417 sonic WARNING systemd[1]: featured.service: Failed with result 'exit-code'.
2025 Feb 11 02:57:19.315486 sonic ERR systemd[1]: Failed to start featured.service - Feature configuration daemon.
2025 Feb 11 02:57:20.279788 sonic WARNING systemd[1]: featured.service: Start request repeated too quickly.
2025 Feb 11 02:57:20.280453 sonic WARNING systemd[1]: featured.service: Failed with result 'exit-code'.
2025 Feb 11 02:57:20.280534 sonic ERR systemd[1]: Failed to start featured.service - Feature configuration daemon.
2025 Feb 11 02:57:20.781196 sonic INFO systemd[1]: caclmgrd.service: Scheduled restart job, restart counter is at 60.
2025 Feb 11 02:57:20.781665 sonic INFO systemd[1]: Stopped caclmgrd.service - Control Plane ACL configuration daemon.
2025 Feb 11 02:57:20.819004 sonic INFO systemd[1]: Started caclmgrd.service - Control Plane ACL configuration daemon.
2025 Feb 11 02:57:20.819377 sonic WARNING systemd[1]: featured.service: Start request repeated too quickly.
2025 Feb 11 02:57:20.819452 sonic WARNING systemd[1]: featured.service: Failed with result 'exit-code'.
2025 Feb 11 02:57:20.819524 sonic ERR systemd[1]: Failed to start featured.service - Feature configuration daemon.
2025 Feb 11 02:57:20.821317 sonic WARNING systemd[1]: featured.service: Start request repeated too quickly.
2025 Feb 11 02:57:20.821375 sonic WARNING systemd[1]: featured.service: Failed with result 'exit-code'.
2025 Feb 11 02:57:20.821414 sonic ERR systemd[1]: Failed to start featured.service - Feature configuration daemon.
2025 Feb 11 02:57:20.937603 sonic INFO caclmgrd[13337]: Traceback (most recent call last):
2025 Feb 11 02:57:20.937695 sonic INFO caclmgrd[13337]:   File "/usr/local/bin/caclmgrd", line 1146, in <module>
2025 Feb 11 02:57:20.937730 sonic INFO caclmgrd[13337]:     main()
2025 Feb 11 02:57:20.937761 sonic INFO caclmgrd[13337]:   File "/usr/local/bin/caclmgrd", line 1137, in main
2025 Feb 11 02:57:20.937777 sonic INFO caclmgrd[13337]:     caclmgr = ControlPlaneAclManager(SYSLOG_IDENTIFIER)
2025 Feb 11 02:57:20.937802 sonic INFO caclmgrd[13337]:               ^^^^^^^^^^^^^^^^^^^^^^^^^^^^^^^^^^^^^^^^^
2025 Feb 11 02:57:20.937836 sonic INFO caclmgrd[13337]:   File "/usr/local/bin/caclmgrd", line 156, in __init__
2025 Feb 11 02:57:20.937887 sonic INFO caclmgrd[13337]:     if 'subtype' in metadata['localhost'] and metadata['localhost']['subtype'] == 'DualToR':
2025 Feb 11 02:57:20.937912 sonic INFO caclmgrd[13337]:                     ~~~~~~~~^^^^^^^^^^^^^
2025 Feb 11 02:57:20.937937 sonic INFO caclmgrd[13337]: KeyError: 'localhost'
2025 Feb 11 02:57:20.949581 sonic NOTICE systemd[1]: caclmgrd.service: Main process exited, code=exited, status=1/FAILURE
2025 Feb 11 02:57:20.949673 sonic WARNING systemd[1]: caclmgrd.service: Failed with result 'exit-code'.
2025 Feb 11 02:57:20.951306 sonic WARNING systemd[1]: featured.service: Start request repeated too quickly.
2025 Feb 11 02:57:20.951388 sonic WARNING systemd[1]: featured.service: Failed with result 'exit-code'.
2025 Feb 11 02:57:20.951433 sonic ERR systemd[1]: Failed to start featured.service - Feature configuration daemon.
2025 Feb 11 02:57:38.318993 sonic INFO systemd[1]: Started featured.service - Feature configuration daemon.
2025 Feb 11 02:57:38.455151 sonic INFO featured: ConfigDB connect success
2025 Feb 11 02:57:38.459151 sonic INFO featured[13388]: Traceback (most recent call last):
2025 Feb 11 02:57:38.459217 sonic INFO featured[13388]:   File "/usr/local/bin/featured", line 598, in <module>
2025 Feb 11 02:57:38.459290 sonic INFO featured[13388]:     main()
2025 Feb 11 02:57:38.459330 sonic INFO featured[13388]:   File "/usr/local/bin/featured", line 591, in main
2025 Feb 11 02:57:38.459448 sonic INFO featured[13388]:     daemon = FeatureDaemon()
2025 Feb 11 02:57:38.459489 sonic INFO featured[13388]:              ^^^^^^^^^^^^^^^
2025 Feb 11 02:57:38.459505 sonic INFO featured[13388]:   File "/usr/local/bin/featured", line 529, in __init__
2025 Feb 11 02:57:38.459607 sonic INFO featured[13388]:     self.feature_handler = FeatureHandler(self.config_db, feature_state_table, self.device_config, self.advanced_boot)
2025 Feb 11 02:57:38.459660 sonic INFO featured[13388]:                            ^^^^^^^^^^^^^^^^^^^^^^^^^^^^^^^^^^^^^^^^^^^^^^^^^^^^^^^^^^^^^^^^^^^^^^^^^^^^^^^^^^^^^^^^^^^
2025 Feb 11 02:57:38.459688 sonic INFO featured[13388]:   File "/usr/local/bin/featured", line 136, in __init__
2025 Feb 11 02:57:38.459718 sonic INFO featured[13388]:     self._device_running_config = device_info.get_device_runtime_metadata()
2025 Feb 11 02:57:38.459735 sonic INFO featured[13388]:                                   ^^^^^^^^^^^^^^^^^^^^^^^^^^^^^^^^^^^^^^^^^
2025 Feb 11 02:57:38.459751 sonic INFO featured[13388]:   File "/usr/local/lib/python3.11/dist-packages/sonic_py_common/device_info.py", line 680, in get_device_runtime_metadata
2025 Feb 11 02:57:38.459948 sonic INFO featured[13388]:     port_metadata = {'ETHERNET_PORTS_PRESENT': True if get_path_to_port_config_file(hwsku=None, asic="0" if is_multi_npu() else None) else False}
2025 Feb 11 02:57:38.459989 sonic INFO featured[13388]:                                                        ^^^^^^^^^^^^^^^^^^^^^^^^^^^^^^^^^^^^^^^^^^^^^^^^^^^^^^^^^^^^^^^^^^^^^^^^^^^^^^
2025 Feb 11 02:57:38.460006 sonic INFO featured[13388]:   File "/usr/local/lib/python3.11/dist-packages/sonic_py_common/device_info.py", line 446, in get_path_to_port_config_file
2025 Feb 11 02:57:38.460207 sonic INFO featured[13388]:     (platform_path, hwsku_path) = get_paths_to_platform_and_hwsku_dirs()
2025 Feb 11 02:57:38.460247 sonic INFO featured[13388]:                                   ^^^^^^^^^^^^^^^^^^^^^^^^^^^^^^^^^^^^^^
2025 Feb 11 02:57:38.460264 sonic INFO featured[13388]:   File "/usr/local/lib/python3.11/dist-packages/sonic_py_common/device_info.py", line 412, in get_paths_to_platform_and_hwsku_dirs
2025 Feb 11 02:57:38.460394 sonic INFO featured[13388]:     hwsku_path = os.path.join(platform_path, hwsku)
2025 Feb 11 02:57:38.460433 sonic INFO featured[13388]:                  ^^^^^^^^^^^^^^^^^^^^^^^^^^^^^^^^^^
2025 Feb 11 02:57:38.460450 sonic INFO featured[13388]:   File "<frozen posixpath>", line 90, in join
2025 Feb 11 02:57:38.460475 sonic INFO featured[13388]:   File "<frozen genericpath>", line 152, in _check_arg_types
2025 Feb 11 02:57:38.460501 sonic INFO featured[13388]: TypeError: join() argument must be str, bytes, or os.PathLike object, not 'NoneType'
2025 Feb 11 02:57:38.479401 sonic NOTICE systemd[1]: featured.service: Main process exited, code=exited, status=1/FAILURE
2025 Feb 11 02:57:38.479541 sonic WARNING systemd[1]: featured.service: Failed with result 'exit-code'.
2025 Feb 11 02:57:38.530723 sonic INFO systemd[1]: Started featured.service - Feature configuration daemon.
2025 Feb 11 02:57:38.682972 sonic INFO featured: ConfigDB connect success
2025 Feb 11 02:57:38.687186 sonic INFO featured[13389]: Traceback (most recent call last):
2025 Feb 11 02:57:38.687271 sonic INFO featured[13389]:   File "/usr/local/bin/featured", line 598, in <module>
2025 Feb 11 02:57:38.687332 sonic INFO featured[13389]:     main()
2025 Feb 11 02:57:38.687362 sonic INFO featured[13389]:   File "/usr/local/bin/featured", line 591, in main
2025 Feb 11 02:57:38.687482 sonic INFO featured[13389]:     daemon = FeatureDaemon()
2025 Feb 11 02:57:38.687516 sonic INFO featured[13389]:              ^^^^^^^^^^^^^^^
2025 Feb 11 02:57:38.687539 sonic INFO featured[13389]:   File "/usr/local/bin/featured", line 529, in __init__
2025 Feb 11 02:57:38.687622 sonic INFO featured[13389]:     self.feature_handler = FeatureHandler(self.config_db, feature_state_table, self.device_config, self.advanced_boot)
2025 Feb 11 02:57:38.687648 sonic INFO featured[13389]:                            ^^^^^^^^^^^^^^^^^^^^^^^^^^^^^^^^^^^^^^^^^^^^^^^^^^^^^^^^^^^^^^^^^^^^^^^^^^^^^^^^^^^^^^^^^^^
2025 Feb 11 02:57:38.687665 sonic INFO featured[13389]:   File "/usr/local/bin/featured", line 136, in __init__
2025 Feb 11 02:57:38.687716 sonic INFO featured[13389]:     self._device_running_config = device_info.get_device_runtime_metadata()
2025 Feb 11 02:57:38.687749 sonic INFO featured[13389]:                                   ^^^^^^^^^^^^^^^^^^^^^^^^^^^^^^^^^^^^^^^^^
2025 Feb 11 02:57:38.687766 sonic INFO featured[13389]:   File "/usr/local/lib/python3.11/dist-packages/sonic_py_common/device_info.py", line 680, in get_device_runtime_metadata
2025 Feb 11 02:57:38.687909 sonic INFO featured[13389]:     port_metadata = {'ETHERNET_PORTS_PRESENT': True if get_path_to_port_config_file(hwsku=None, asic="0" if is_multi_npu() else None) else False}
2025 Feb 11 02:57:38.687949 sonic INFO featured[13389]:                                                        ^^^^^^^^^^^^^^^^^^^^^^^^^^^^^^^^^^^^^^^^^^^^^^^^^^^^^^^^^^^^^^^^^^^^^^^^^^^^^^
2025 Feb 11 02:57:38.688010 sonic INFO featured[13389]:   File "/usr/local/lib/python3.11/dist-packages/sonic_py_common/device_info.py", line 446, in get_path_to_port_config_file
2025 Feb 11 02:57:38.688045 sonic INFO featured[13389]:     (platform_path, hwsku_path) = get_paths_to_platform_and_hwsku_dirs()
2025 Feb 11 02:57:38.688062 sonic INFO featured[13389]:                                   ^^^^^^^^^^^^^^^^^^^^^^^^^^^^^^^^^^^^^^
2025 Feb 11 02:57:38.688078 sonic INFO featured[13389]:   File "/usr/local/lib/python3.11/dist-packages/sonic_py_common/device_info.py", line 412, in get_paths_to_platform_and_hwsku_dirs
2025 Feb 11 02:57:38.688137 sonic INFO featured[13389]:     hwsku_path = os.path.join(platform_path, hwsku)
2025 Feb 11 02:57:38.688169 sonic INFO featured[13389]:                  ^^^^^^^^^^^^^^^^^^^^^^^^^^^^^^^^^^
2025 Feb 11 02:57:38.688185 sonic INFO featured[13389]:   File "<frozen posixpath>", line 90, in join
2025 Feb 11 02:57:38.688202 sonic INFO featured[13389]:   File "<frozen genericpath>", line 152, in _check_arg_types
2025 Feb 11 02:57:38.688223 sonic INFO featured[13389]: TypeError: join() argument must be str, bytes, or os.PathLike object, not 'NoneType'
2025 Feb 11 02:57:38.707223 sonic NOTICE systemd[1]: featured.service: Main process exited, code=exited, status=1/FAILURE
2025 Feb 11 02:57:38.707350 sonic WARNING systemd[1]: featured.service: Failed with result 'exit-code'.
2025 Feb 11 02:57:38.738727 sonic INFO systemd[1]: Started featured.service - Feature configuration daemon.
2025 Feb 11 02:57:38.872014 sonic INFO featured: ConfigDB connect success
2025 Feb 11 02:57:38.876024 sonic INFO featured[13390]: Traceback (most recent call last):
2025 Feb 11 02:57:38.876084 sonic INFO featured[13390]:   File "/usr/local/bin/featured", line 598, in <module>
2025 Feb 11 02:57:38.876204 sonic INFO featured[13390]:     main()
2025 Feb 11 02:57:38.876245 sonic INFO featured[13390]:   File "/usr/local/bin/featured", line 591, in main
2025 Feb 11 02:57:38.876423 sonic INFO featured[13390]:     daemon = FeatureDaemon()
2025 Feb 11 02:57:38.876463 sonic INFO featured[13390]:              ^^^^^^^^^^^^^^^
2025 Feb 11 02:57:38.876484 sonic INFO featured[13390]:   File "/usr/local/bin/featured", line 529, in __init__
2025 Feb 11 02:57:38.876620 sonic INFO featured[13390]:     self.feature_handler = FeatureHandler(self.config_db, feature_state_table, self.device_config, self.advanced_boot)
2025 Feb 11 02:57:38.876658 sonic INFO featured[13390]:                            ^^^^^^^^^^^^^^^^^^^^^^^^^^^^^^^^^^^^^^^^^^^^^^^^^^^^^^^^^^^^^^^^^^^^^^^^^^^^^^^^^^^^^^^^^^^
2025 Feb 11 02:57:38.876680 sonic INFO featured[13390]:   File "/usr/local/bin/featured", line 136, in __init__
2025 Feb 11 02:57:38.876789 sonic INFO featured[13390]:     self._device_running_config = device_info.get_device_runtime_metadata()
2025 Feb 11 02:57:38.876844 sonic INFO featured[13390]:                                   ^^^^^^^^^^^^^^^^^^^^^^^^^^^^^^^^^^^^^^^^^
2025 Feb 11 02:57:38.876862 sonic INFO featured[13390]:   File "/usr/local/lib/python3.11/dist-packages/sonic_py_common/device_info.py", line 680, in get_device_runtime_metadata
2025 Feb 11 02:57:38.877044 sonic INFO featured[13390]:     port_metadata = {'ETHERNET_PORTS_PRESENT': True if get_path_to_port_config_file(hwsku=None, asic="0" if is_multi_npu() else None) else False}
2025 Feb 11 02:57:38.877097 sonic INFO featured[13390]:                                                        ^^^^^^^^^^^^^^^^^^^^^^^^^^^^^^^^^^^^^^^^^^^^^^^^^^^^^^^^^^^^^^^^^^^^^^^^^^^^^^
2025 Feb 11 02:57:38.877121 sonic INFO featured[13390]:   File "/usr/local/lib/python3.11/dist-packages/sonic_py_common/device_info.py", line 446, in get_path_to_port_config_file
2025 Feb 11 02:57:38.877262 sonic INFO featured[13390]:     (platform_path, hwsku_path) = get_paths_to_platform_and_hwsku_dirs()
2025 Feb 11 02:57:38.877300 sonic INFO featured[13390]:                                   ^^^^^^^^^^^^^^^^^^^^^^^^^^^^^^^^^^^^^^
2025 Feb 11 02:57:38.877317 sonic INFO featured[13390]:   File "/usr/local/lib/python3.11/dist-packages/sonic_py_common/device_info.py", line 412, in get_paths_to_platform_and_hwsku_dirs
2025 Feb 11 02:57:38.877436 sonic INFO featured[13390]:     hwsku_path = os.path.join(platform_path, hwsku)
2025 Feb 11 02:57:38.877541 sonic INFO featured[13390]:                  ^^^^^^^^^^^^^^^^^^^^^^^^^^^^^^^^^^
2025 Feb 11 02:57:38.877581 sonic INFO featured[13390]:   File "<frozen posixpath>", line 90, in join
2025 Feb 11 02:57:38.877609 sonic INFO featured[13390]:   File "<frozen genericpath>", line 152, in _check_arg_types
2025 Feb 11 02:57:38.877625 sonic INFO featured[13390]: TypeError: join() argument must be str, bytes, or os.PathLike object, not 'NoneType'
2025 Feb 11 02:57:38.896066 sonic NOTICE systemd[1]: featured.service: Main process exited, code=exited, status=1/FAILURE
2025 Feb 11 02:57:38.896203 sonic WARNING systemd[1]: featured.service: Failed with result 'exit-code'.
2025 Feb 11 02:57:38.943227 sonic INFO systemd[1]: Started featured.service - Feature configuration daemon.
2025 Feb 11 02:57:39.083521 sonic INFO featured: ConfigDB connect success
2025 Feb 11 02:57:39.088876 sonic INFO featured[13391]: Traceback (most recent call last):
2025 Feb 11 02:57:39.088942 sonic INFO featured[13391]:   File "/usr/local/bin/featured", line 598, in <module>
2025 Feb 11 02:57:39.089067 sonic INFO featured[13391]:     main()
2025 Feb 11 02:57:39.089109 sonic INFO featured[13391]:   File "/usr/local/bin/featured", line 591, in main
2025 Feb 11 02:57:39.089230 sonic INFO featured[13391]:     daemon = FeatureDaemon()
2025 Feb 11 02:57:39.089270 sonic INFO featured[13391]:              ^^^^^^^^^^^^^^^
2025 Feb 11 02:57:39.089287 sonic INFO featured[13391]:   File "/usr/local/bin/featured", line 529, in __init__
2025 Feb 11 02:57:39.089352 sonic INFO featured[13391]:     self.feature_handler = FeatureHandler(self.config_db, feature_state_table, self.device_config, self.advanced_boot)
2025 Feb 11 02:57:39.089399 sonic INFO featured[13391]:                            ^^^^^^^^^^^^^^^^^^^^^^^^^^^^^^^^^^^^^^^^^^^^^^^^^^^^^^^^^^^^^^^^^^^^^^^^^^^^^^^^^^^^^^^^^^^
2025 Feb 11 02:57:39.089425 sonic INFO featured[13391]:   File "/usr/local/bin/featured", line 136, in __init__
2025 Feb 11 02:57:39.089455 sonic INFO featured[13391]:     self._device_running_config = device_info.get_device_runtime_metadata()
2025 Feb 11 02:57:39.089572 sonic INFO featured[13391]:                                   ^^^^^^^^^^^^^^^^^^^^^^^^^^^^^^^^^^^^^^^^^
2025 Feb 11 02:57:39.089606 sonic INFO featured[13391]:   File "/usr/local/lib/python3.11/dist-packages/sonic_py_common/device_info.py", line 680, in get_device_runtime_metadata
2025 Feb 11 02:57:39.089687 sonic INFO featured[13391]:     port_metadata = {'ETHERNET_PORTS_PRESENT': True if get_path_to_port_config_file(hwsku=None, asic="0" if is_multi_npu() else None) else False}
2025 Feb 11 02:57:39.089743 sonic INFO featured[13391]:                                                        ^^^^^^^^^^^^^^^^^^^^^^^^^^^^^^^^^^^^^^^^^^^^^^^^^^^^^^^^^^^^^^^^^^^^^^^^^^^^^^
2025 Feb 11 02:57:39.089770 sonic INFO featured[13391]:   File "/usr/local/lib/python3.11/dist-packages/sonic_py_common/device_info.py", line 446, in get_path_to_port_config_file
2025 Feb 11 02:57:39.089888 sonic INFO featured[13391]:     (platform_path, hwsku_path) = get_paths_to_platform_and_hwsku_dirs()
2025 Feb 11 02:57:39.089922 sonic INFO featured[13391]:                                   ^^^^^^^^^^^^^^^^^^^^^^^^^^^^^^^^^^^^^^
2025 Feb 11 02:57:39.089944 sonic INFO featured[13391]:   File "/usr/local/lib/python3.11/dist-packages/sonic_py_common/device_info.py", line 412, in get_paths_to_platform_and_hwsku_dirs
2025 Feb 11 02:57:39.089975 sonic INFO featured[13391]:     hwsku_path = os.path.join(platform_path, hwsku)
2025 Feb 11 02:57:39.090008 sonic INFO featured[13391]:                  ^^^^^^^^^^^^^^^^^^^^^^^^^^^^^^^^^^
2025 Feb 11 02:57:39.090033 sonic INFO featured[13391]:   File "<frozen posixpath>", line 90, in join
2025 Feb 11 02:57:39.090057 sonic INFO featured[13391]:   File "<frozen genericpath>", line 152, in _check_arg_types
2025 Feb 11 02:57:39.090081 sonic INFO featured[13391]: TypeError: join() argument must be str, bytes, or os.PathLike object, not 'NoneType'
2025 Feb 11 02:57:39.109671 sonic NOTICE systemd[1]: featured.service: Main process exited, code=exited, status=1/FAILURE
2025 Feb 11 02:57:39.109835 sonic WARNING systemd[1]: featured.service: Failed with result 'exit-code'.
2025 Feb 11 02:57:39.138723 sonic INFO systemd[1]: Started featured.service - Feature configuration daemon.
2025 Feb 11 02:57:39.270238 sonic INFO featured: ConfigDB connect success
2025 Feb 11 02:57:39.274269 sonic INFO featured[13392]: Traceback (most recent call last):
2025 Feb 11 02:57:39.274334 sonic INFO featured[13392]:   File "/usr/local/bin/featured", line 598, in <module>
2025 Feb 11 02:57:39.274431 sonic INFO featured[13392]:     main()
2025 Feb 11 02:57:39.274470 sonic INFO featured[13392]:   File "/usr/local/bin/featured", line 591, in main
2025 Feb 11 02:57:39.274588 sonic INFO featured[13392]:     daemon = FeatureDaemon()
2025 Feb 11 02:57:39.274628 sonic INFO featured[13392]:              ^^^^^^^^^^^^^^^
2025 Feb 11 02:57:39.274644 sonic INFO featured[13392]:   File "/usr/local/bin/featured", line 529, in __init__
2025 Feb 11 02:57:39.274704 sonic INFO featured[13392]:     self.feature_handler = FeatureHandler(self.config_db, feature_state_table, self.device_config, self.advanced_boot)
2025 Feb 11 02:57:39.274751 sonic INFO featured[13392]:                            ^^^^^^^^^^^^^^^^^^^^^^^^^^^^^^^^^^^^^^^^^^^^^^^^^^^^^^^^^^^^^^^^^^^^^^^^^^^^^^^^^^^^^^^^^^^
2025 Feb 11 02:57:39.274777 sonic INFO featured[13392]:   File "/usr/local/bin/featured", line 136, in __init__
2025 Feb 11 02:57:39.274829 sonic INFO featured[13392]:     self._device_running_config = device_info.get_device_runtime_metadata()
2025 Feb 11 02:57:39.274877 sonic INFO featured[13392]:                                   ^^^^^^^^^^^^^^^^^^^^^^^^^^^^^^^^^^^^^^^^^
2025 Feb 11 02:57:39.274921 sonic INFO featured[13392]:   File "/usr/local/lib/python3.11/dist-packages/sonic_py_common/device_info.py", line 680, in get_device_runtime_metadata
2025 Feb 11 02:57:39.274973 sonic INFO featured[13392]:     port_metadata = {'ETHERNET_PORTS_PRESENT': True if get_path_to_port_config_file(hwsku=None, asic="0" if is_multi_npu() else None) else False}
2025 Feb 11 02:57:39.275026 sonic INFO featured[13392]:                                                        ^^^^^^^^^^^^^^^^^^^^^^^^^^^^^^^^^^^^^^^^^^^^^^^^^^^^^^^^^^^^^^^^^^^^^^^^^^^^^^
2025 Feb 11 02:57:39.275069 sonic INFO featured[13392]:   File "/usr/local/lib/python3.11/dist-packages/sonic_py_common/device_info.py", line 446, in get_path_to_port_config_file
2025 Feb 11 02:57:39.275121 sonic INFO featured[13392]:     (platform_path, hwsku_path) = get_paths_to_platform_and_hwsku_dirs()
2025 Feb 11 02:57:39.275164 sonic INFO featured[13392]:                                   ^^^^^^^^^^^^^^^^^^^^^^^^^^^^^^^^^^^^^^
2025 Feb 11 02:57:39.275207 sonic INFO featured[13392]:   File "/usr/local/lib/python3.11/dist-packages/sonic_py_common/device_info.py", line 412, in get_paths_to_platform_and_hwsku_dirs
2025 Feb 11 02:57:39.275256 sonic INFO featured[13392]:     hwsku_path = os.path.join(platform_path, hwsku)
2025 Feb 11 02:57:39.275289 sonic INFO featured[13392]:                  ^^^^^^^^^^^^^^^^^^^^^^^^^^^^^^^^^^
2025 Feb 11 02:57:39.275314 sonic INFO featured[13392]:   File "<frozen posixpath>", line 90, in join
2025 Feb 11 02:57:39.275338 sonic INFO featured[13392]:   File "<frozen genericpath>", line 152, in _check_arg_types
2025 Feb 11 02:57:39.275362 sonic INFO featured[13392]: TypeError: join() argument must be str, bytes, or os.PathLike object, not 'NoneType'
2025 Feb 11 02:57:39.293241 sonic NOTICE systemd[1]: featured.service: Main process exited, code=exited, status=1/FAILURE
2025 Feb 11 02:57:39.293373 sonic WARNING systemd[1]: featured.service: Failed with result 'exit-code'.
2025 Feb 11 02:57:39.294979 sonic WARNING systemd[1]: featured.service: Start request repeated too quickly.
2025 Feb 11 02:57:39.295054 sonic WARNING systemd[1]: featured.service: Failed with result 'exit-code'.
2025 Feb 11 02:57:39.295097 sonic ERR systemd[1]: Failed to start featured.service - Feature configuration daemon.
2025 Feb 11 02:57:48.278770 sonic WARNING systemd[1]: featured.service: Start request repeated too quickly.
2025 Feb 11 02:57:48.279184 sonic WARNING systemd[1]: featured.service: Failed with result 'exit-code'.
2025 Feb 11 02:57:48.279262 sonic ERR systemd[1]: Failed to start featured.service - Feature configuration daemon.
2025 Feb 11 02:57:50.320357 sonic INFO systemd[1]: Started featured.service - Feature configuration daemon.
2025 Feb 11 02:57:50.513929 sonic INFO featured: ConfigDB connect success
2025 Feb 11 02:57:50.518066 sonic INFO featured[13417]: Traceback (most recent call last):
2025 Feb 11 02:57:50.518143 sonic INFO featured[13417]:   File "/usr/local/bin/featured", line 598, in <module>
2025 Feb 11 02:57:50.518201 sonic INFO featured[13417]:     main()
2025 Feb 11 02:57:50.518242 sonic INFO featured[13417]:   File "/usr/local/bin/featured", line 591, in main
2025 Feb 11 02:57:50.518366 sonic INFO featured[13417]:     daemon = FeatureDaemon()
2025 Feb 11 02:57:50.518398 sonic INFO featured[13417]:              ^^^^^^^^^^^^^^^
2025 Feb 11 02:57:50.518420 sonic INFO featured[13417]:   File "/usr/local/bin/featured", line 529, in __init__
2025 Feb 11 02:57:50.518497 sonic INFO featured[13417]:     self.feature_handler = FeatureHandler(self.config_db, feature_state_table, self.device_config, self.advanced_boot)
2025 Feb 11 02:57:50.518536 sonic INFO featured[13417]:                            ^^^^^^^^^^^^^^^^^^^^^^^^^^^^^^^^^^^^^^^^^^^^^^^^^^^^^^^^^^^^^^^^^^^^^^^^^^^^^^^^^^^^^^^^^^^
2025 Feb 11 02:57:50.518553 sonic INFO featured[13417]:   File "/usr/local/bin/featured", line 136, in __init__
2025 Feb 11 02:57:50.518575 sonic INFO featured[13417]:     self._device_running_config = device_info.get_device_runtime_metadata()
2025 Feb 11 02:57:50.518598 sonic INFO featured[13417]:                                   ^^^^^^^^^^^^^^^^^^^^^^^^^^^^^^^^^^^^^^^^^
2025 Feb 11 02:57:50.518615 sonic INFO featured[13417]:   File "/usr/local/lib/python3.11/dist-packages/sonic_py_common/device_info.py", line 680, in get_device_runtime_metadata
2025 Feb 11 02:57:50.518738 sonic INFO featured[13417]:     port_metadata = {'ETHERNET_PORTS_PRESENT': True if get_path_to_port_config_file(hwsku=None, asic="0" if is_multi_npu() else None) else False}
2025 Feb 11 02:57:50.518777 sonic INFO featured[13417]:                                                        ^^^^^^^^^^^^^^^^^^^^^^^^^^^^^^^^^^^^^^^^^^^^^^^^^^^^^^^^^^^^^^^^^^^^^^^^^^^^^^
2025 Feb 11 02:57:50.518813 sonic INFO featured[13417]:   File "/usr/local/lib/python3.11/dist-packages/sonic_py_common/device_info.py", line 446, in get_path_to_port_config_file
2025 Feb 11 02:57:50.518887 sonic INFO featured[13417]:     (platform_path, hwsku_path) = get_paths_to_platform_and_hwsku_dirs()
2025 Feb 11 02:57:50.518919 sonic INFO featured[13417]:                                   ^^^^^^^^^^^^^^^^^^^^^^^^^^^^^^^^^^^^^^
2025 Feb 11 02:57:50.518936 sonic INFO featured[13417]:   File "/usr/local/lib/python3.11/dist-packages/sonic_py_common/device_info.py", line 412, in get_paths_to_platform_and_hwsku_dirs
2025 Feb 11 02:57:50.518995 sonic INFO featured[13417]:     hwsku_path = os.path.join(platform_path, hwsku)
2025 Feb 11 02:57:50.519029 sonic INFO featured[13417]:                  ^^^^^^^^^^^^^^^^^^^^^^^^^^^^^^^^^^
2025 Feb 11 02:57:50.519047 sonic INFO featured[13417]:   File "<frozen posixpath>", line 90, in join
2025 Feb 11 02:57:50.519064 sonic INFO featured[13417]:   File "<frozen genericpath>", line 152, in _check_arg_types
2025 Feb 11 02:57:50.519089 sonic INFO featured[13417]: TypeError: join() argument must be str, bytes, or os.PathLike object, not 'NoneType'
2025 Feb 11 02:57:50.537460 sonic NOTICE systemd[1]: featured.service: Main process exited, code=exited, status=1/FAILURE
2025 Feb 11 02:57:50.537687 sonic WARNING systemd[1]: featured.service: Failed with result 'exit-code'.
2025 Feb 11 02:57:50.572368 sonic INFO systemd[1]: Started featured.service - Feature configuration daemon.
2025 Feb 11 02:57:50.750731 sonic INFO featured: ConfigDB connect success
2025 Feb 11 02:57:50.754984 sonic INFO featured[13418]: Traceback (most recent call last):
2025 Feb 11 02:57:50.755069 sonic INFO featured[13418]:   File "/usr/local/bin/featured", line 598, in <module>
2025 Feb 11 02:57:50.755129 sonic INFO featured[13418]:     main()
2025 Feb 11 02:57:50.755159 sonic INFO featured[13418]:   File "/usr/local/bin/featured", line 591, in main
2025 Feb 11 02:57:50.755279 sonic INFO featured[13418]:     daemon = FeatureDaemon()
2025 Feb 11 02:57:50.755313 sonic INFO featured[13418]:              ^^^^^^^^^^^^^^^
2025 Feb 11 02:57:50.755335 sonic INFO featured[13418]:   File "/usr/local/bin/featured", line 529, in __init__
2025 Feb 11 02:57:50.755411 sonic INFO featured[13418]:     self.feature_handler = FeatureHandler(self.config_db, feature_state_table, self.device_config, self.advanced_boot)
2025 Feb 11 02:57:50.755449 sonic INFO featured[13418]:                            ^^^^^^^^^^^^^^^^^^^^^^^^^^^^^^^^^^^^^^^^^^^^^^^^^^^^^^^^^^^^^^^^^^^^^^^^^^^^^^^^^^^^^^^^^^^
2025 Feb 11 02:57:50.755465 sonic INFO featured[13418]:   File "/usr/local/bin/featured", line 136, in __init__
2025 Feb 11 02:57:50.755496 sonic INFO featured[13418]:     self._device_running_config = device_info.get_device_runtime_metadata()
2025 Feb 11 02:57:50.755528 sonic INFO featured[13418]:                                   ^^^^^^^^^^^^^^^^^^^^^^^^^^^^^^^^^^^^^^^^^
2025 Feb 11 02:57:50.755554 sonic INFO featured[13418]:   File "/usr/local/lib/python3.11/dist-packages/sonic_py_common/device_info.py", line 680, in get_device_runtime_metadata
2025 Feb 11 02:57:50.755639 sonic INFO featured[13418]:     port_metadata = {'ETHERNET_PORTS_PRESENT': True if get_path_to_port_config_file(hwsku=None, asic="0" if is_multi_npu() else None) else False}
2025 Feb 11 02:57:50.755690 sonic INFO featured[13418]:                                                        ^^^^^^^^^^^^^^^^^^^^^^^^^^^^^^^^^^^^^^^^^^^^^^^^^^^^^^^^^^^^^^^^^^^^^^^^^^^^^^
2025 Feb 11 02:57:50.755717 sonic INFO featured[13418]:   File "/usr/local/lib/python3.11/dist-packages/sonic_py_common/device_info.py", line 446, in get_path_to_port_config_file
2025 Feb 11 02:57:50.755818 sonic INFO featured[13418]:     (platform_path, hwsku_path) = get_paths_to_platform_and_hwsku_dirs()
2025 Feb 11 02:57:50.755851 sonic INFO featured[13418]:                                   ^^^^^^^^^^^^^^^^^^^^^^^^^^^^^^^^^^^^^^
2025 Feb 11 02:57:50.755877 sonic INFO featured[13418]:   File "/usr/local/lib/python3.11/dist-packages/sonic_py_common/device_info.py", line 412, in get_paths_to_platform_and_hwsku_dirs
2025 Feb 11 02:57:50.755951 sonic INFO featured[13418]:     hwsku_path = os.path.join(platform_path, hwsku)
2025 Feb 11 02:57:50.755984 sonic INFO featured[13418]:                  ^^^^^^^^^^^^^^^^^^^^^^^^^^^^^^^^^^
2025 Feb 11 02:57:50.756009 sonic INFO featured[13418]:   File "<frozen posixpath>", line 90, in join
2025 Feb 11 02:57:50.756033 sonic INFO featured[13418]:   File "<frozen genericpath>", line 152, in _check_arg_types
2025 Feb 11 02:57:50.756062 sonic INFO featured[13418]: TypeError: join() argument must be str, bytes, or os.PathLike object, not 'NoneType'
2025 Feb 11 02:57:50.774518 sonic NOTICE systemd[1]: featured.service: Main process exited, code=exited, status=1/FAILURE
2025 Feb 11 02:57:50.774651 sonic WARNING systemd[1]: featured.service: Failed with result 'exit-code'.
2025 Feb 11 02:57:50.812190 sonic INFO systemd[1]: Started featured.service - Feature configuration daemon.
2025 Feb 11 02:57:50.956042 sonic INFO featured: ConfigDB connect success
2025 Feb 11 02:57:50.959931 sonic INFO featured[13421]: Traceback (most recent call last):
2025 Feb 11 02:57:50.959992 sonic INFO featured[13421]:   File "/usr/local/bin/featured", line 598, in <module>
2025 Feb 11 02:57:50.960050 sonic INFO featured[13421]:     main()
2025 Feb 11 02:57:50.960093 sonic INFO featured[13421]:   File "/usr/local/bin/featured", line 591, in main
2025 Feb 11 02:57:50.960216 sonic INFO featured[13421]:     daemon = FeatureDaemon()
2025 Feb 11 02:57:50.960249 sonic INFO featured[13421]:              ^^^^^^^^^^^^^^^
2025 Feb 11 02:57:50.960271 sonic INFO featured[13421]:   File "/usr/local/bin/featured", line 529, in __init__
2025 Feb 11 02:57:50.960341 sonic INFO featured[13421]:     self.feature_handler = FeatureHandler(self.config_db, feature_state_table, self.device_config, self.advanced_boot)
2025 Feb 11 02:57:50.960378 sonic INFO featured[13421]:                            ^^^^^^^^^^^^^^^^^^^^^^^^^^^^^^^^^^^^^^^^^^^^^^^^^^^^^^^^^^^^^^^^^^^^^^^^^^^^^^^^^^^^^^^^^^^
2025 Feb 11 02:57:50.960395 sonic INFO featured[13421]:   File "/usr/local/bin/featured", line 136, in __init__
2025 Feb 11 02:57:50.960426 sonic INFO featured[13421]:     self._device_running_config = device_info.get_device_runtime_metadata()
2025 Feb 11 02:57:50.960457 sonic INFO featured[13421]:                                   ^^^^^^^^^^^^^^^^^^^^^^^^^^^^^^^^^^^^^^^^^
2025 Feb 11 02:57:50.960483 sonic INFO featured[13421]:   File "/usr/local/lib/python3.11/dist-packages/sonic_py_common/device_info.py", line 680, in get_device_runtime_metadata
2025 Feb 11 02:57:50.960584 sonic INFO featured[13421]:     port_metadata = {'ETHERNET_PORTS_PRESENT': True if get_path_to_port_config_file(hwsku=None, asic="0" if is_multi_npu() else None) else False}
2025 Feb 11 02:57:50.960619 sonic INFO featured[13421]:                                                        ^^^^^^^^^^^^^^^^^^^^^^^^^^^^^^^^^^^^^^^^^^^^^^^^^^^^^^^^^^^^^^^^^^^^^^^^^^^^^^
2025 Feb 11 02:57:50.960645 sonic INFO featured[13421]:   File "/usr/local/lib/python3.11/dist-packages/sonic_py_common/device_info.py", line 446, in get_path_to_port_config_file
2025 Feb 11 02:57:50.960708 sonic INFO featured[13421]:     (platform_path, hwsku_path) = get_paths_to_platform_and_hwsku_dirs()
2025 Feb 11 02:57:50.960740 sonic INFO featured[13421]:                                   ^^^^^^^^^^^^^^^^^^^^^^^^^^^^^^^^^^^^^^
2025 Feb 11 02:57:50.960765 sonic INFO featured[13421]:   File "/usr/local/lib/python3.11/dist-packages/sonic_py_common/device_info.py", line 412, in get_paths_to_platform_and_hwsku_dirs
2025 Feb 11 02:57:50.960843 sonic INFO featured[13421]:     hwsku_path = os.path.join(platform_path, hwsku)
2025 Feb 11 02:57:50.960877 sonic INFO featured[13421]:                  ^^^^^^^^^^^^^^^^^^^^^^^^^^^^^^^^^^
2025 Feb 11 02:57:50.960902 sonic INFO featured[13421]:   File "<frozen posixpath>", line 90, in join
2025 Feb 11 02:57:50.960925 sonic INFO featured[13421]:   File "<frozen genericpath>", line 152, in _check_arg_types
2025 Feb 11 02:57:50.960954 sonic INFO featured[13421]: TypeError: join() argument must be str, bytes, or os.PathLike object, not 'NoneType'
2025 Feb 11 02:57:50.979127 sonic NOTICE systemd[1]: featured.service: Main process exited, code=exited, status=1/FAILURE
2025 Feb 11 02:57:50.979255 sonic WARNING systemd[1]: featured.service: Failed with result 'exit-code'.
2025 Feb 11 02:57:50.980740 sonic INFO systemd[1]: caclmgrd.service: Scheduled restart job, restart counter is at 61.
2025 Feb 11 02:57:50.981887 sonic INFO systemd[1]: Stopped caclmgrd.service - Control Plane ACL configuration daemon.
2025 Feb 11 02:57:51.016295 sonic INFO systemd[1]: Started caclmgrd.service - Control Plane ACL configuration daemon.
2025 Feb 11 02:57:51.020697 sonic INFO systemd[1]: Started featured.service - Feature configuration daemon.
2025 Feb 11 02:57:51.136950 sonic INFO caclmgrd[13423]: Traceback (most recent call last):
2025 Feb 11 02:57:51.137305 sonic INFO caclmgrd[13423]:   File "/usr/local/bin/caclmgrd", line 1146, in <module>
2025 Feb 11 02:57:51.137401 sonic INFO caclmgrd[13423]:     main()
2025 Feb 11 02:57:51.137446 sonic INFO caclmgrd[13423]:   File "/usr/local/bin/caclmgrd", line 1137, in main
2025 Feb 11 02:57:51.137525 sonic INFO caclmgrd[13423]:     caclmgr = ControlPlaneAclManager(SYSLOG_IDENTIFIER)
2025 Feb 11 02:57:51.137560 sonic INFO caclmgrd[13423]:               ^^^^^^^^^^^^^^^^^^^^^^^^^^^^^^^^^^^^^^^^^
2025 Feb 11 02:57:51.137611 sonic INFO caclmgrd[13423]:   File "/usr/local/bin/caclmgrd", line 156, in __init__
2025 Feb 11 02:57:51.137656 sonic INFO caclmgrd[13423]:     if 'subtype' in metadata['localhost'] and metadata['localhost']['subtype'] == 'DualToR':
2025 Feb 11 02:57:51.137684 sonic INFO caclmgrd[13423]:                     ~~~~~~~~^^^^^^^^^^^^^
2025 Feb 11 02:57:51.137721 sonic INFO caclmgrd[13423]: KeyError: 'localhost'
2025 Feb 11 02:57:51.150413 sonic NOTICE systemd[1]: caclmgrd.service: Main process exited, code=exited, status=1/FAILURE
2025 Feb 11 02:57:51.150520 sonic WARNING systemd[1]: caclmgrd.service: Failed with result 'exit-code'.
2025 Feb 11 02:57:51.163376 sonic INFO featured: ConfigDB connect success
2025 Feb 11 02:57:51.167557 sonic INFO featured[13424]: Traceback (most recent call last):
2025 Feb 11 02:57:51.167606 sonic INFO featured[13424]:   File "/usr/local/bin/featured", line 598, in <module>
2025 Feb 11 02:57:51.167724 sonic INFO featured[13424]:     main()
2025 Feb 11 02:57:51.167763 sonic INFO featured[13424]:   File "/usr/local/bin/featured", line 591, in main
2025 Feb 11 02:57:51.167912 sonic INFO featured[13424]:     daemon = FeatureDaemon()
2025 Feb 11 02:57:51.167952 sonic INFO featured[13424]:              ^^^^^^^^^^^^^^^
2025 Feb 11 02:57:51.167968 sonic INFO featured[13424]:   File "/usr/local/bin/featured", line 529, in __init__
2025 Feb 11 02:57:51.168050 sonic INFO featured[13424]:     self.feature_handler = FeatureHandler(self.config_db, feature_state_table, self.device_config, self.advanced_boot)
2025 Feb 11 02:57:51.168088 sonic INFO featured[13424]:                            ^^^^^^^^^^^^^^^^^^^^^^^^^^^^^^^^^^^^^^^^^^^^^^^^^^^^^^^^^^^^^^^^^^^^^^^^^^^^^^^^^^^^^^^^^^^
2025 Feb 11 02:57:51.168105 sonic INFO featured[13424]:   File "/usr/local/bin/featured", line 136, in __init__
2025 Feb 11 02:57:51.168144 sonic INFO featured[13424]:     self._device_running_config = device_info.get_device_runtime_metadata()
2025 Feb 11 02:57:51.168177 sonic INFO featured[13424]:                                   ^^^^^^^^^^^^^^^^^^^^^^^^^^^^^^^^^^^^^^^^^
2025 Feb 11 02:57:51.168203 sonic INFO featured[13424]:   File "/usr/local/lib/python3.11/dist-packages/sonic_py_common/device_info.py", line 680, in get_device_runtime_metadata
2025 Feb 11 02:57:51.168306 sonic INFO featured[13424]:     port_metadata = {'ETHERNET_PORTS_PRESENT': True if get_path_to_port_config_file(hwsku=None, asic="0" if is_multi_npu() else None) else False}
2025 Feb 11 02:57:51.168345 sonic INFO featured[13424]:                                                        ^^^^^^^^^^^^^^^^^^^^^^^^^^^^^^^^^^^^^^^^^^^^^^^^^^^^^^^^^^^^^^^^^^^^^^^^^^^^^^
2025 Feb 11 02:57:51.168362 sonic INFO featured[13424]:   File "/usr/local/lib/python3.11/dist-packages/sonic_py_common/device_info.py", line 446, in get_path_to_port_config_file
2025 Feb 11 02:57:51.168431 sonic INFO featured[13424]:     (platform_path, hwsku_path) = get_paths_to_platform_and_hwsku_dirs()
2025 Feb 11 02:57:51.168462 sonic INFO featured[13424]:                                   ^^^^^^^^^^^^^^^^^^^^^^^^^^^^^^^^^^^^^^
2025 Feb 11 02:57:51.168479 sonic INFO featured[13424]:   File "/usr/local/lib/python3.11/dist-packages/sonic_py_common/device_info.py", line 412, in get_paths_to_platform_and_hwsku_dirs
2025 Feb 11 02:57:51.168538 sonic INFO featured[13424]:     hwsku_path = os.path.join(platform_path, hwsku)
2025 Feb 11 02:57:51.168571 sonic INFO featured[13424]:                  ^^^^^^^^^^^^^^^^^^^^^^^^^^^^^^^^^^
2025 Feb 11 02:57:51.168597 sonic INFO featured[13424]:   File "<frozen posixpath>", line 90, in join
2025 Feb 11 02:57:51.168621 sonic INFO featured[13424]:   File "<frozen genericpath>", line 152, in _check_arg_types
2025 Feb 11 02:57:51.168645 sonic INFO featured[13424]: TypeError: join() argument must be str, bytes, or os.PathLike object, not 'NoneType'
2025 Feb 11 02:57:51.187003 sonic NOTICE systemd[1]: featured.service: Main process exited, code=exited, status=1/FAILURE
2025 Feb 11 02:57:51.187130 sonic WARNING systemd[1]: featured.service: Failed with result 'exit-code'.
2025 Feb 11 02:57:51.226526 sonic INFO systemd[1]: Started featured.service - Feature configuration daemon.
2025 Feb 11 02:57:51.357521 sonic INFO featured: ConfigDB connect success
2025 Feb 11 02:57:51.361609 sonic INFO featured[13433]: Traceback (most recent call last):
2025 Feb 11 02:57:51.361666 sonic INFO featured[13433]:   File "/usr/local/bin/featured", line 598, in <module>
2025 Feb 11 02:57:51.361823 sonic INFO featured[13433]:     main()
2025 Feb 11 02:57:51.361862 sonic INFO featured[13433]:   File "/usr/local/bin/featured", line 591, in main
2025 Feb 11 02:57:51.362067 sonic INFO featured[13433]:     daemon = FeatureDaemon()
2025 Feb 11 02:57:51.362107 sonic INFO featured[13433]:              ^^^^^^^^^^^^^^^
2025 Feb 11 02:57:51.362124 sonic INFO featured[13433]:   File "/usr/local/bin/featured", line 529, in __init__
2025 Feb 11 02:57:51.362261 sonic INFO featured[13433]:     self.feature_handler = FeatureHandler(self.config_db, feature_state_table, self.device_config, self.advanced_boot)
2025 Feb 11 02:57:51.362312 sonic INFO featured[13433]:                            ^^^^^^^^^^^^^^^^^^^^^^^^^^^^^^^^^^^^^^^^^^^^^^^^^^^^^^^^^^^^^^^^^^^^^^^^^^^^^^^^^^^^^^^^^^^
2025 Feb 11 02:57:51.362344 sonic INFO featured[13433]:   File "/usr/local/bin/featured", line 136, in __init__
2025 Feb 11 02:57:51.362423 sonic INFO featured[13433]:     self._device_running_config = device_info.get_device_runtime_metadata()
2025 Feb 11 02:57:51.362471 sonic INFO featured[13433]:                                   ^^^^^^^^^^^^^^^^^^^^^^^^^^^^^^^^^^^^^^^^^
2025 Feb 11 02:57:51.362502 sonic INFO featured[13433]:   File "/usr/local/lib/python3.11/dist-packages/sonic_py_common/device_info.py", line 680, in get_device_runtime_metadata
2025 Feb 11 02:57:51.362685 sonic INFO featured[13433]:     port_metadata = {'ETHERNET_PORTS_PRESENT': True if get_path_to_port_config_file(hwsku=None, asic="0" if is_multi_npu() else None) else False}
2025 Feb 11 02:57:51.362723 sonic INFO featured[13433]:                                                        ^^^^^^^^^^^^^^^^^^^^^^^^^^^^^^^^^^^^^^^^^^^^^^^^^^^^^^^^^^^^^^^^^^^^^^^^^^^^^^
2025 Feb 11 02:57:51.362741 sonic INFO featured[13433]:   File "/usr/local/lib/python3.11/dist-packages/sonic_py_common/device_info.py", line 446, in get_path_to_port_config_file
2025 Feb 11 02:57:51.362897 sonic INFO featured[13433]:     (platform_path, hwsku_path) = get_paths_to_platform_and_hwsku_dirs()
2025 Feb 11 02:57:51.362933 sonic INFO featured[13433]:                                   ^^^^^^^^^^^^^^^^^^^^^^^^^^^^^^^^^^^^^^
2025 Feb 11 02:57:51.362949 sonic INFO featured[13433]:   File "/usr/local/lib/python3.11/dist-packages/sonic_py_common/device_info.py", line 412, in get_paths_to_platform_and_hwsku_dirs
2025 Feb 11 02:57:51.363073 sonic INFO featured[13433]:     hwsku_path = os.path.join(platform_path, hwsku)
2025 Feb 11 02:57:51.363122 sonic INFO featured[13433]:                  ^^^^^^^^^^^^^^^^^^^^^^^^^^^^^^^^^^
2025 Feb 11 02:57:51.363154 sonic INFO featured[13433]:   File "<frozen posixpath>", line 90, in join
2025 Feb 11 02:57:51.363180 sonic INFO featured[13433]:   File "<frozen genericpath>", line 152, in _check_arg_types
2025 Feb 11 02:57:51.363205 sonic INFO featured[13433]: TypeError: join() argument must be str, bytes, or os.PathLike object, not 'NoneType'
2025 Feb 11 02:57:51.381253 sonic NOTICE systemd[1]: featured.service: Main process exited, code=exited, status=1/FAILURE
2025 Feb 11 02:57:51.381355 sonic WARNING systemd[1]: featured.service: Failed with result 'exit-code'.
2025 Feb 11 02:57:51.383260 sonic WARNING systemd[1]: featured.service: Start request repeated too quickly.
2025 Feb 11 02:57:51.383322 sonic WARNING systemd[1]: featured.service: Failed with result 'exit-code'.
2025 Feb 11 02:57:51.383381 sonic ERR systemd[1]: Failed to start featured.service - Feature configuration daemon.
2025 Feb 11 02:57:54.943711 sonic ERR monit[828]: 'container_checker' status failed (4) -- Unexpected running containers: database1, eventd, database, macsec3, bgp2, macsec0, database0, bgp0, bgp1, database3, macsec1, macsec2, database2, bgp3
2025 Feb 11 02:57:55.046323 sonic DEBUG mgmt_oper_status.py: No management interface found
2025 Feb 11 02:57:55.245363 sonic WARNING systemd[1]: featured.service: Start request repeated too quickly.
2025 Feb 11 02:57:55.245465 sonic WARNING systemd[1]: featured.service: Failed with result 'exit-code'.
2025 Feb 11 02:57:55.245532 sonic ERR systemd[1]: Failed to start featured.service - Feature configuration daemon.
2025 Feb 11 02:57:55.289597 sonic INFO memory_checker: [memory_checker] Exits without checking memory usage since container 'bmp' is not running!
2025 Feb 11 02:57:55.289852 sonic INFO memory_checker: [memory_checker] Exits without checking memory usage since container 'gnmi' is not running!
2025 Feb 11 02:57:55.290896 sonic INFO memory_checker: [memory_checker] Exits without checking memory usage since container 'snmp' is not running!
2025 Feb 11 02:57:58.279754 sonic WARNING systemd[1]: featured.service: Start request repeated too quickly.
2025 Feb 11 02:57:58.280092 sonic WARNING systemd[1]: featured.service: Failed with result 'exit-code'.
2025 Feb 11 02:57:58.280162 sonic ERR systemd[1]: Failed to start featured.service - Feature configuration daemon.
2025 Feb 11 02:58:18.294933 sonic INFO systemd[1]: Started featured.service - Feature configuration daemon.
2025 Feb 11 02:58:18.426642 sonic INFO featured: ConfigDB connect success
2025 Feb 11 02:58:18.430624 sonic INFO featured[13551]: Traceback (most recent call last):
2025 Feb 11 02:58:18.430673 sonic INFO featured[13551]:   File "/usr/local/bin/featured", line 598, in <module>
2025 Feb 11 02:58:18.430786 sonic INFO featured[13551]:     main()
2025 Feb 11 02:58:18.430826 sonic INFO featured[13551]:   File "/usr/local/bin/featured", line 591, in main
2025 Feb 11 02:58:18.430963 sonic INFO featured[13551]:     daemon = FeatureDaemon()
2025 Feb 11 02:58:18.430995 sonic INFO featured[13551]:              ^^^^^^^^^^^^^^^
2025 Feb 11 02:58:18.431017 sonic INFO featured[13551]:   File "/usr/local/bin/featured", line 529, in __init__
2025 Feb 11 02:58:18.431080 sonic INFO featured[13551]:     self.feature_handler = FeatureHandler(self.config_db, feature_state_table, self.device_config, self.advanced_boot)
2025 Feb 11 02:58:18.431117 sonic INFO featured[13551]:                            ^^^^^^^^^^^^^^^^^^^^^^^^^^^^^^^^^^^^^^^^^^^^^^^^^^^^^^^^^^^^^^^^^^^^^^^^^^^^^^^^^^^^^^^^^^^
2025 Feb 11 02:58:18.431139 sonic INFO featured[13551]:   File "/usr/local/bin/featured", line 136, in __init__
2025 Feb 11 02:58:18.431185 sonic INFO featured[13551]:     self._device_running_config = device_info.get_device_runtime_metadata()
2025 Feb 11 02:58:18.431217 sonic INFO featured[13551]:                                   ^^^^^^^^^^^^^^^^^^^^^^^^^^^^^^^^^^^^^^^^^
2025 Feb 11 02:58:18.431242 sonic INFO featured[13551]:   File "/usr/local/lib/python3.11/dist-packages/sonic_py_common/device_info.py", line 680, in get_device_runtime_metadata
2025 Feb 11 02:58:18.431348 sonic INFO featured[13551]:     port_metadata = {'ETHERNET_PORTS_PRESENT': True if get_path_to_port_config_file(hwsku=None, asic="0" if is_multi_npu() else None) else False}
2025 Feb 11 02:58:18.431386 sonic INFO featured[13551]:                                                        ^^^^^^^^^^^^^^^^^^^^^^^^^^^^^^^^^^^^^^^^^^^^^^^^^^^^^^^^^^^^^^^^^^^^^^^^^^^^^^
2025 Feb 11 02:58:18.431403 sonic INFO featured[13551]:   File "/usr/local/lib/python3.11/dist-packages/sonic_py_common/device_info.py", line 446, in get_path_to_port_config_file
2025 Feb 11 02:58:18.431470 sonic INFO featured[13551]:     (platform_path, hwsku_path) = get_paths_to_platform_and_hwsku_dirs()
2025 Feb 11 02:58:18.431502 sonic INFO featured[13551]:                                   ^^^^^^^^^^^^^^^^^^^^^^^^^^^^^^^^^^^^^^
2025 Feb 11 02:58:18.431527 sonic INFO featured[13551]:   File "/usr/local/lib/python3.11/dist-packages/sonic_py_common/device_info.py", line 412, in get_paths_to_platform_and_hwsku_dirs
2025 Feb 11 02:58:18.431576 sonic INFO featured[13551]:     hwsku_path = os.path.join(platform_path, hwsku)
2025 Feb 11 02:58:18.431609 sonic INFO featured[13551]:                  ^^^^^^^^^^^^^^^^^^^^^^^^^^^^^^^^^^
2025 Feb 11 02:58:18.431639 sonic INFO featured[13551]:   File "<frozen posixpath>", line 90, in join
2025 Feb 11 02:58:18.431665 sonic INFO featured[13551]:   File "<frozen genericpath>", line 152, in _check_arg_types
2025 Feb 11 02:58:18.431689 sonic INFO featured[13551]: TypeError: join() argument must be str, bytes, or os.PathLike object, not 'NoneType'
2025 Feb 11 02:58:18.449687 sonic NOTICE systemd[1]: featured.service: Main process exited, code=exited, status=1/FAILURE
2025 Feb 11 02:58:18.449922 sonic WARNING systemd[1]: featured.service: Failed with result 'exit-code'.
2025 Feb 11 02:58:18.473109 sonic INFO systemd[1]: Started featured.service - Feature configuration daemon.
2025 Feb 11 02:58:18.623327 sonic INFO featured: ConfigDB connect success
2025 Feb 11 02:58:18.633919 sonic INFO featured[13552]: Traceback (most recent call last):
2025 Feb 11 02:58:18.634283 sonic INFO featured[13552]:   File "/usr/local/bin/featured", line 598, in <module>
2025 Feb 11 02:58:18.634366 sonic INFO featured[13552]:     main()
2025 Feb 11 02:58:18.634397 sonic INFO featured[13552]:   File "/usr/local/bin/featured", line 591, in main
2025 Feb 11 02:58:18.634413 sonic INFO featured[13552]:     daemon = FeatureDaemon()
2025 Feb 11 02:58:18.634432 sonic INFO featured[13552]:              ^^^^^^^^^^^^^^^
2025 Feb 11 02:58:18.634456 sonic INFO featured[13552]:   File "/usr/local/bin/featured", line 529, in __init__
2025 Feb 11 02:58:18.634487 sonic INFO featured[13552]:     self.feature_handler = FeatureHandler(self.config_db, feature_state_table, self.device_config, self.advanced_boot)
2025 Feb 11 02:58:18.634589 sonic INFO featured[13552]:                            ^^^^^^^^^^^^^^^^^^^^^^^^^^^^^^^^^^^^^^^^^^^^^^^^^^^^^^^^^^^^^^^^^^^^^^^^^^^^^^^^^^^^^^^^^^^
2025 Feb 11 02:58:18.634622 sonic INFO featured[13552]:   File "/usr/local/bin/featured", line 136, in __init__
2025 Feb 11 02:58:18.635019 sonic INFO featured[13552]:     self._device_running_config = device_info.get_device_runtime_metadata()
2025 Feb 11 02:58:18.635058 sonic INFO featured[13552]:                                   ^^^^^^^^^^^^^^^^^^^^^^^^^^^^^^^^^^^^^^^^^
2025 Feb 11 02:58:18.635074 sonic INFO featured[13552]:   File "/usr/local/lib/python3.11/dist-packages/sonic_py_common/device_info.py", line 680, in get_device_runtime_metadata
2025 Feb 11 02:58:18.635269 sonic INFO featured[13552]:     port_metadata = {'ETHERNET_PORTS_PRESENT': True if get_path_to_port_config_file(hwsku=None, asic="0" if is_multi_npu() else None) else False}
2025 Feb 11 02:58:18.635308 sonic INFO featured[13552]:                                                        ^^^^^^^^^^^^^^^^^^^^^^^^^^^^^^^^^^^^^^^^^^^^^^^^^^^^^^^^^^^^^^^^^^^^^^^^^^^^^^
2025 Feb 11 02:58:18.635344 sonic INFO featured[13552]:   File "/usr/local/lib/python3.11/dist-packages/sonic_py_common/device_info.py", line 446, in get_path_to_port_config_file
2025 Feb 11 02:58:18.635406 sonic INFO featured[13552]:     (platform_path, hwsku_path) = get_paths_to_platform_and_hwsku_dirs()
2025 Feb 11 02:58:18.635429 sonic INFO featured[13552]:                                   ^^^^^^^^^^^^^^^^^^^^^^^^^^^^^^^^^^^^^^
2025 Feb 11 02:58:18.635445 sonic INFO featured[13552]:   File "/usr/local/lib/python3.11/dist-packages/sonic_py_common/device_info.py", line 412, in get_paths_to_platform_and_hwsku_dirs
2025 Feb 11 02:58:18.635534 sonic INFO featured[13552]:     hwsku_path = os.path.join(platform_path, hwsku)
2025 Feb 11 02:58:18.635573 sonic INFO featured[13552]:                  ^^^^^^^^^^^^^^^^^^^^^^^^^^^^^^^^^^
2025 Feb 11 02:58:18.635590 sonic INFO featured[13552]:   File "<frozen posixpath>", line 90, in join
2025 Feb 11 02:58:18.635606 sonic INFO featured[13552]:   File "<frozen genericpath>", line 152, in _check_arg_types
2025 Feb 11 02:58:18.635622 sonic INFO featured[13552]: TypeError: join() argument must be str, bytes, or os.PathLike object, not 'NoneType'
2025 Feb 11 02:58:18.664431 sonic NOTICE systemd[1]: featured.service: Main process exited, code=exited, status=1/FAILURE
2025 Feb 11 02:58:18.664546 sonic WARNING systemd[1]: featured.service: Failed with result 'exit-code'.
2025 Feb 11 02:58:18.710903 sonic INFO systemd[1]: Started featured.service - Feature configuration daemon.
2025 Feb 11 02:58:18.852899 sonic INFO featured: ConfigDB connect success
2025 Feb 11 02:58:18.863771 sonic INFO featured[13555]: Traceback (most recent call last):
2025 Feb 11 02:58:18.864060 sonic INFO featured[13555]:   File "/usr/local/bin/featured", line 598, in <module>
2025 Feb 11 02:58:18.864140 sonic INFO featured[13555]:     main()
2025 Feb 11 02:58:18.864170 sonic INFO featured[13555]:   File "/usr/local/bin/featured", line 591, in main
2025 Feb 11 02:58:18.864186 sonic INFO featured[13555]:     daemon = FeatureDaemon()
2025 Feb 11 02:58:18.864205 sonic INFO featured[13555]:              ^^^^^^^^^^^^^^^
2025 Feb 11 02:58:18.864229 sonic INFO featured[13555]:   File "/usr/local/bin/featured", line 529, in __init__
2025 Feb 11 02:58:18.864263 sonic INFO featured[13555]:     self.feature_handler = FeatureHandler(self.config_db, feature_state_table, self.device_config, self.advanced_boot)
2025 Feb 11 02:58:18.864289 sonic INFO featured[13555]:                            ^^^^^^^^^^^^^^^^^^^^^^^^^^^^^^^^^^^^^^^^^^^^^^^^^^^^^^^^^^^^^^^^^^^^^^^^^^^^^^^^^^^^^^^^^^^
2025 Feb 11 02:58:18.864316 sonic INFO featured[13555]:   File "/usr/local/bin/featured", line 136, in __init__
2025 Feb 11 02:58:18.864340 sonic INFO featured[13555]:     self._device_running_config = device_info.get_device_runtime_metadata()
2025 Feb 11 02:58:18.864364 sonic INFO featured[13555]:                                   ^^^^^^^^^^^^^^^^^^^^^^^^^^^^^^^^^^^^^^^^^
2025 Feb 11 02:58:18.864394 sonic INFO featured[13555]:   File "/usr/local/lib/python3.11/dist-packages/sonic_py_common/device_info.py", line 680, in get_device_runtime_metadata
2025 Feb 11 02:58:18.864420 sonic INFO featured[13555]:     port_metadata = {'ETHERNET_PORTS_PRESENT': True if get_path_to_port_config_file(hwsku=None, asic="0" if is_multi_npu() else None) else False}
2025 Feb 11 02:58:18.864452 sonic INFO featured[13555]:                                                        ^^^^^^^^^^^^^^^^^^^^^^^^^^^^^^^^^^^^^^^^^^^^^^^^^^^^^^^^^^^^^^^^^^^^^^^^^^^^^^
2025 Feb 11 02:58:18.864477 sonic INFO featured[13555]:   File "/usr/local/lib/python3.11/dist-packages/sonic_py_common/device_info.py", line 446, in get_path_to_port_config_file
2025 Feb 11 02:58:18.864558 sonic INFO featured[13555]:     (platform_path, hwsku_path) = get_paths_to_platform_and_hwsku_dirs()
2025 Feb 11 02:58:18.864597 sonic INFO featured[13555]:                                   ^^^^^^^^^^^^^^^^^^^^^^^^^^^^^^^^^^^^^^
2025 Feb 11 02:58:18.864614 sonic INFO featured[13555]:   File "/usr/local/lib/python3.11/dist-packages/sonic_py_common/device_info.py", line 412, in get_paths_to_platform_and_hwsku_dirs
2025 Feb 11 02:58:18.864644 sonic INFO featured[13555]:     hwsku_path = os.path.join(platform_path, hwsku)
2025 Feb 11 02:58:18.864677 sonic INFO featured[13555]:                  ^^^^^^^^^^^^^^^^^^^^^^^^^^^^^^^^^^
2025 Feb 11 02:58:18.864703 sonic INFO featured[13555]:   File "<frozen posixpath>", line 90, in join
2025 Feb 11 02:58:18.864736 sonic INFO featured[13555]:   File "<frozen genericpath>", line 152, in _check_arg_types
2025 Feb 11 02:58:18.864778 sonic INFO featured[13555]: TypeError: join() argument must be str, bytes, or os.PathLike object, not 'NoneType'
2025 Feb 11 02:58:18.884644 sonic NOTICE systemd[1]: featured.service: Main process exited, code=exited, status=1/FAILURE
2025 Feb 11 02:58:18.884789 sonic WARNING systemd[1]: featured.service: Failed with result 'exit-code'.
2025 Feb 11 02:58:18.922914 sonic INFO systemd[1]: Started featured.service - Feature configuration daemon.
2025 Feb 11 02:58:19.052509 sonic INFO featured: ConfigDB connect success
2025 Feb 11 02:58:19.056271 sonic INFO featured[13557]: Traceback (most recent call last):
2025 Feb 11 02:58:19.056330 sonic INFO featured[13557]:   File "/usr/local/bin/featured", line 598, in <module>
2025 Feb 11 02:58:19.056416 sonic INFO featured[13557]:     main()
2025 Feb 11 02:58:19.056454 sonic INFO featured[13557]:   File "/usr/local/bin/featured", line 591, in main
2025 Feb 11 02:58:19.056572 sonic INFO featured[13557]:     daemon = FeatureDaemon()
2025 Feb 11 02:58:19.056603 sonic INFO featured[13557]:              ^^^^^^^^^^^^^^^
2025 Feb 11 02:58:19.056626 sonic INFO featured[13557]:   File "/usr/local/bin/featured", line 529, in __init__
2025 Feb 11 02:58:19.056686 sonic INFO featured[13557]:     self.feature_handler = FeatureHandler(self.config_db, feature_state_table, self.device_config, self.advanced_boot)
2025 Feb 11 02:58:19.056734 sonic INFO featured[13557]:                            ^^^^^^^^^^^^^^^^^^^^^^^^^^^^^^^^^^^^^^^^^^^^^^^^^^^^^^^^^^^^^^^^^^^^^^^^^^^^^^^^^^^^^^^^^^^
2025 Feb 11 02:58:19.056781 sonic INFO featured[13557]:   File "/usr/local/bin/featured", line 136, in __init__
2025 Feb 11 02:58:19.056845 sonic INFO featured[13557]:     self._device_running_config = device_info.get_device_runtime_metadata()
2025 Feb 11 02:58:19.056878 sonic INFO featured[13557]:                                   ^^^^^^^^^^^^^^^^^^^^^^^^^^^^^^^^^^^^^^^^^
2025 Feb 11 02:58:19.056903 sonic INFO featured[13557]:   File "/usr/local/lib/python3.11/dist-packages/sonic_py_common/device_info.py", line 680, in get_device_runtime_metadata
2025 Feb 11 02:58:19.057014 sonic INFO featured[13557]:     port_metadata = {'ETHERNET_PORTS_PRESENT': True if get_path_to_port_config_file(hwsku=None, asic="0" if is_multi_npu() else None) else False}
2025 Feb 11 02:58:19.057053 sonic INFO featured[13557]:                                                        ^^^^^^^^^^^^^^^^^^^^^^^^^^^^^^^^^^^^^^^^^^^^^^^^^^^^^^^^^^^^^^^^^^^^^^^^^^^^^^
2025 Feb 11 02:58:19.057071 sonic INFO featured[13557]:   File "/usr/local/lib/python3.11/dist-packages/sonic_py_common/device_info.py", line 446, in get_path_to_port_config_file
2025 Feb 11 02:58:19.057136 sonic INFO featured[13557]:     (platform_path, hwsku_path) = get_paths_to_platform_and_hwsku_dirs()
2025 Feb 11 02:58:19.057168 sonic INFO featured[13557]:                                   ^^^^^^^^^^^^^^^^^^^^^^^^^^^^^^^^^^^^^^
2025 Feb 11 02:58:19.057193 sonic INFO featured[13557]:   File "/usr/local/lib/python3.11/dist-packages/sonic_py_common/device_info.py", line 412, in get_paths_to_platform_and_hwsku_dirs
2025 Feb 11 02:58:19.057244 sonic INFO featured[13557]:     hwsku_path = os.path.join(platform_path, hwsku)
2025 Feb 11 02:58:19.057278 sonic INFO featured[13557]:                  ^^^^^^^^^^^^^^^^^^^^^^^^^^^^^^^^^^
2025 Feb 11 02:58:19.057303 sonic INFO featured[13557]:   File "<frozen posixpath>", line 90, in join
2025 Feb 11 02:58:19.057327 sonic INFO featured[13557]:   File "<frozen genericpath>", line 152, in _check_arg_types
2025 Feb 11 02:58:19.057351 sonic INFO featured[13557]: TypeError: join() argument must be str, bytes, or os.PathLike object, not 'NoneType'
2025 Feb 11 02:58:19.074811 sonic NOTICE systemd[1]: featured.service: Main process exited, code=exited, status=1/FAILURE
2025 Feb 11 02:58:19.074945 sonic WARNING systemd[1]: featured.service: Failed with result 'exit-code'.
2025 Feb 11 02:58:19.114525 sonic INFO systemd[1]: Started featured.service - Feature configuration daemon.
2025 Feb 11 02:58:19.244278 sonic INFO featured: ConfigDB connect success
2025 Feb 11 02:58:19.248081 sonic INFO featured[13558]: Traceback (most recent call last):
2025 Feb 11 02:58:19.248135 sonic INFO featured[13558]:   File "/usr/local/bin/featured", line 598, in <module>
2025 Feb 11 02:58:19.248668 sonic INFO featured[13558]:     main()
2025 Feb 11 02:58:19.249378 sonic INFO featured[13558]:   File "/usr/local/bin/featured", line 591, in main
2025 Feb 11 02:58:19.251997 sonic INFO featured[13558]:     daemon = FeatureDaemon()
2025 Feb 11 02:58:19.252682 sonic INFO featured[13558]:              ^^^^^^^^^^^^^^^
2025 Feb 11 02:58:19.252728 sonic INFO featured[13558]:   File "/usr/local/bin/featured", line 529, in __init__
2025 Feb 11 02:58:19.252790 sonic INFO featured[13558]:     self.feature_handler = FeatureHandler(self.config_db, feature_state_table, self.device_config, self.advanced_boot)
2025 Feb 11 02:58:19.252837 sonic INFO featured[13558]:                            ^^^^^^^^^^^^^^^^^^^^^^^^^^^^^^^^^^^^^^^^^^^^^^^^^^^^^^^^^^^^^^^^^^^^^^^^^^^^^^^^^^^^^^^^^^^
2025 Feb 11 02:58:19.252876 sonic INFO featured[13558]:   File "/usr/local/bin/featured", line 136, in __init__
2025 Feb 11 02:58:19.252891 sonic INFO featured[13558]:     self._device_running_config = device_info.get_device_runtime_metadata()
2025 Feb 11 02:58:19.252936 sonic INFO featured[13558]:                                   ^^^^^^^^^^^^^^^^^^^^^^^^^^^^^^^^^^^^^^^^^
2025 Feb 11 02:58:19.252967 sonic INFO featured[13558]:   File "/usr/local/lib/python3.11/dist-packages/sonic_py_common/device_info.py", line 680, in get_device_runtime_metadata
2025 Feb 11 02:58:19.253020 sonic INFO featured[13558]:     port_metadata = {'ETHERNET_PORTS_PRESENT': True if get_path_to_port_config_file(hwsku=None, asic="0" if is_multi_npu() else None) else False}
2025 Feb 11 02:58:19.253059 sonic INFO featured[13558]:                                                        ^^^^^^^^^^^^^^^^^^^^^^^^^^^^^^^^^^^^^^^^^^^^^^^^^^^^^^^^^^^^^^^^^^^^^^^^^^^^^^
2025 Feb 11 02:58:19.253076 sonic INFO featured[13558]:   File "/usr/local/lib/python3.11/dist-packages/sonic_py_common/device_info.py", line 446, in get_path_to_port_config_file
2025 Feb 11 02:58:19.253101 sonic INFO featured[13558]:     (platform_path, hwsku_path) = get_paths_to_platform_and_hwsku_dirs()
2025 Feb 11 02:58:19.253126 sonic INFO featured[13558]:                                   ^^^^^^^^^^^^^^^^^^^^^^^^^^^^^^^^^^^^^^
2025 Feb 11 02:58:19.253150 sonic INFO featured[13558]:   File "/usr/local/lib/python3.11/dist-packages/sonic_py_common/device_info.py", line 412, in get_paths_to_platform_and_hwsku_dirs
2025 Feb 11 02:58:19.253202 sonic INFO featured[13558]:     hwsku_path = os.path.join(platform_path, hwsku)
2025 Feb 11 02:58:19.253227 sonic INFO featured[13558]:                  ^^^^^^^^^^^^^^^^^^^^^^^^^^^^^^^^^^
2025 Feb 11 02:58:19.253252 sonic INFO featured[13558]:   File "<frozen posixpath>", line 90, in join
2025 Feb 11 02:58:19.253296 sonic INFO featured[13558]:   File "<frozen genericpath>", line 152, in _check_arg_types
2025 Feb 11 02:58:19.253326 sonic INFO featured[13558]: TypeError: join() argument must be str, bytes, or os.PathLike object, not 'NoneType'
2025 Feb 11 02:58:19.276506 sonic NOTICE systemd[1]: featured.service: Main process exited, code=exited, status=1/FAILURE
2025 Feb 11 02:58:19.276644 sonic WARNING systemd[1]: featured.service: Failed with result 'exit-code'.
2025 Feb 11 02:58:19.278451 sonic WARNING systemd[1]: featured.service: Start request repeated too quickly.
2025 Feb 11 02:58:19.278503 sonic WARNING systemd[1]: featured.service: Failed with result 'exit-code'.
2025 Feb 11 02:58:19.278572 sonic ERR systemd[1]: Failed to start featured.service - Feature configuration daemon.
2025 Feb 11 02:58:21.280087 sonic INFO systemd[1]: caclmgrd.service: Scheduled restart job, restart counter is at 62.
2025 Feb 11 02:58:21.280423 sonic INFO systemd[1]: Stopped caclmgrd.service - Control Plane ACL configuration daemon.
2025 Feb 11 02:58:21.318533 sonic INFO systemd[1]: Started caclmgrd.service - Control Plane ACL configuration daemon.
2025 Feb 11 02:58:21.318892 sonic WARNING systemd[1]: featured.service: Start request repeated too quickly.
2025 Feb 11 02:58:21.318967 sonic WARNING systemd[1]: featured.service: Failed with result 'exit-code'.
2025 Feb 11 02:58:21.319071 sonic ERR systemd[1]: Failed to start featured.service - Feature configuration daemon.
2025 Feb 11 02:58:21.320998 sonic WARNING systemd[1]: featured.service: Start request repeated too quickly.
2025 Feb 11 02:58:21.321044 sonic WARNING systemd[1]: featured.service: Failed with result 'exit-code'.
2025 Feb 11 02:58:21.321123 sonic ERR systemd[1]: Failed to start featured.service - Feature configuration daemon.
2025 Feb 11 02:58:21.426015 sonic INFO caclmgrd[13566]: Traceback (most recent call last):
2025 Feb 11 02:58:21.426087 sonic INFO caclmgrd[13566]:   File "/usr/local/bin/caclmgrd", line 1146, in <module>
2025 Feb 11 02:58:21.426118 sonic INFO caclmgrd[13566]:     main()
2025 Feb 11 02:58:21.426135 sonic INFO caclmgrd[13566]:   File "/usr/local/bin/caclmgrd", line 1137, in main
2025 Feb 11 02:58:21.426208 sonic INFO caclmgrd[13566]:     caclmgr = ControlPlaneAclManager(SYSLOG_IDENTIFIER)
2025 Feb 11 02:58:21.426248 sonic INFO caclmgrd[13566]:               ^^^^^^^^^^^^^^^^^^^^^^^^^^^^^^^^^^^^^^^^^
2025 Feb 11 02:58:21.426265 sonic INFO caclmgrd[13566]:   File "/usr/local/bin/caclmgrd", line 156, in __init__
2025 Feb 11 02:58:21.426287 sonic INFO caclmgrd[13566]:     if 'subtype' in metadata['localhost'] and metadata['localhost']['subtype'] == 'DualToR':
2025 Feb 11 02:58:21.426308 sonic INFO caclmgrd[13566]:                     ~~~~~~~~^^^^^^^^^^^^^
2025 Feb 11 02:58:21.426335 sonic INFO caclmgrd[13566]: KeyError: 'localhost'
2025 Feb 11 02:58:21.438160 sonic NOTICE systemd[1]: caclmgrd.service: Main process exited, code=exited, status=1/FAILURE
2025 Feb 11 02:58:21.438304 sonic WARNING systemd[1]: caclmgrd.service: Failed with result 'exit-code'.
2025 Feb 11 02:58:21.439828 sonic WARNING systemd[1]: featured.service: Start request repeated too quickly.
2025 Feb 11 02:58:21.439880 sonic WARNING systemd[1]: featured.service: Failed with result 'exit-code'.
2025 Feb 11 02:58:21.439922 sonic ERR systemd[1]: Failed to start featured.service - Feature configuration daemon.
2025 Feb 11 02:58:29.336317 sonic INFO systemd[1]: Started featured.service - Feature configuration daemon.
2025 Feb 11 02:58:29.486710 sonic INFO featured: ConfigDB connect success
2025 Feb 11 02:58:29.490705 sonic INFO featured[13592]: Traceback (most recent call last):
2025 Feb 11 02:58:29.490784 sonic INFO featured[13592]:   File "/usr/local/bin/featured", line 598, in <module>
2025 Feb 11 02:58:29.490880 sonic INFO featured[13592]:     main()
2025 Feb 11 02:58:29.490922 sonic INFO featured[13592]:   File "/usr/local/bin/featured", line 591, in main
2025 Feb 11 02:58:29.491043 sonic INFO featured[13592]:     daemon = FeatureDaemon()
2025 Feb 11 02:58:29.491083 sonic INFO featured[13592]:              ^^^^^^^^^^^^^^^
2025 Feb 11 02:58:29.491099 sonic INFO featured[13592]:   File "/usr/local/bin/featured", line 529, in __init__
2025 Feb 11 02:58:29.491180 sonic INFO featured[13592]:     self.feature_handler = FeatureHandler(self.config_db, feature_state_table, self.device_config, self.advanced_boot)
2025 Feb 11 02:58:29.491217 sonic INFO featured[13592]:                            ^^^^^^^^^^^^^^^^^^^^^^^^^^^^^^^^^^^^^^^^^^^^^^^^^^^^^^^^^^^^^^^^^^^^^^^^^^^^^^^^^^^^^^^^^^^
2025 Feb 11 02:58:29.491234 sonic INFO featured[13592]:   File "/usr/local/bin/featured", line 136, in __init__
2025 Feb 11 02:58:29.491283 sonic INFO featured[13592]:     self._device_running_config = device_info.get_device_runtime_metadata()
2025 Feb 11 02:58:29.491315 sonic INFO featured[13592]:                                   ^^^^^^^^^^^^^^^^^^^^^^^^^^^^^^^^^^^^^^^^^
2025 Feb 11 02:58:29.491340 sonic INFO featured[13592]:   File "/usr/local/lib/python3.11/dist-packages/sonic_py_common/device_info.py", line 680, in get_device_runtime_metadata
2025 Feb 11 02:58:29.491451 sonic INFO featured[13592]:     port_metadata = {'ETHERNET_PORTS_PRESENT': True if get_path_to_port_config_file(hwsku=None, asic="0" if is_multi_npu() else None) else False}
2025 Feb 11 02:58:29.491491 sonic INFO featured[13592]:                                                        ^^^^^^^^^^^^^^^^^^^^^^^^^^^^^^^^^^^^^^^^^^^^^^^^^^^^^^^^^^^^^^^^^^^^^^^^^^^^^^
2025 Feb 11 02:58:29.491508 sonic INFO featured[13592]:   File "/usr/local/lib/python3.11/dist-packages/sonic_py_common/device_info.py", line 446, in get_path_to_port_config_file
2025 Feb 11 02:58:29.491582 sonic INFO featured[13592]:     (platform_path, hwsku_path) = get_paths_to_platform_and_hwsku_dirs()
2025 Feb 11 02:58:29.491614 sonic INFO featured[13592]:                                   ^^^^^^^^^^^^^^^^^^^^^^^^^^^^^^^^^^^^^^
2025 Feb 11 02:58:29.491639 sonic INFO featured[13592]:   File "/usr/local/lib/python3.11/dist-packages/sonic_py_common/device_info.py", line 412, in get_paths_to_platform_and_hwsku_dirs
2025 Feb 11 02:58:29.491698 sonic INFO featured[13592]:     hwsku_path = os.path.join(platform_path, hwsku)
2025 Feb 11 02:58:29.491778 sonic INFO featured[13592]:                  ^^^^^^^^^^^^^^^^^^^^^^^^^^^^^^^^^^
2025 Feb 11 02:58:29.491806 sonic INFO featured[13592]:   File "<frozen posixpath>", line 90, in join
2025 Feb 11 02:58:29.491831 sonic INFO featured[13592]:   File "<frozen genericpath>", line 152, in _check_arg_types
2025 Feb 11 02:58:29.491856 sonic INFO featured[13592]: TypeError: join() argument must be str, bytes, or os.PathLike object, not 'NoneType'
2025 Feb 11 02:58:29.510330 sonic NOTICE systemd[1]: featured.service: Main process exited, code=exited, status=1/FAILURE
2025 Feb 11 02:58:29.510463 sonic WARNING systemd[1]: featured.service: Failed with result 'exit-code'.
2025 Feb 11 02:58:29.536586 sonic INFO systemd[1]: Started featured.service - Feature configuration daemon.
2025 Feb 11 02:58:29.671775 sonic INFO featured: ConfigDB connect success
2025 Feb 11 02:58:29.675761 sonic INFO featured[13593]: Traceback (most recent call last):
2025 Feb 11 02:58:29.675807 sonic INFO featured[13593]:   File "/usr/local/bin/featured", line 598, in <module>
2025 Feb 11 02:58:29.675939 sonic INFO featured[13593]:     main()
2025 Feb 11 02:58:29.675978 sonic INFO featured[13593]:   File "/usr/local/bin/featured", line 591, in main
2025 Feb 11 02:58:29.676099 sonic INFO featured[13593]:     daemon = FeatureDaemon()
2025 Feb 11 02:58:29.676131 sonic INFO featured[13593]:              ^^^^^^^^^^^^^^^
2025 Feb 11 02:58:29.676153 sonic INFO featured[13593]:   File "/usr/local/bin/featured", line 529, in __init__
2025 Feb 11 02:58:29.676214 sonic INFO featured[13593]:     self.feature_handler = FeatureHandler(self.config_db, feature_state_table, self.device_config, self.advanced_boot)
2025 Feb 11 02:58:29.676278 sonic INFO featured[13593]:                            ^^^^^^^^^^^^^^^^^^^^^^^^^^^^^^^^^^^^^^^^^^^^^^^^^^^^^^^^^^^^^^^^^^^^^^^^^^^^^^^^^^^^^^^^^^^
2025 Feb 11 02:58:29.676311 sonic INFO featured[13593]:   File "/usr/local/bin/featured", line 136, in __init__
2025 Feb 11 02:58:29.676347 sonic INFO featured[13593]:     self._device_running_config = device_info.get_device_runtime_metadata()
2025 Feb 11 02:58:29.676373 sonic INFO featured[13593]:                                   ^^^^^^^^^^^^^^^^^^^^^^^^^^^^^^^^^^^^^^^^^
2025 Feb 11 02:58:29.676397 sonic INFO featured[13593]:   File "/usr/local/lib/python3.11/dist-packages/sonic_py_common/device_info.py", line 680, in get_device_runtime_metadata
2025 Feb 11 02:58:29.676461 sonic INFO featured[13593]:     port_metadata = {'ETHERNET_PORTS_PRESENT': True if get_path_to_port_config_file(hwsku=None, asic="0" if is_multi_npu() else None) else False}
2025 Feb 11 02:58:29.676513 sonic INFO featured[13593]:                                                        ^^^^^^^^^^^^^^^^^^^^^^^^^^^^^^^^^^^^^^^^^^^^^^^^^^^^^^^^^^^^^^^^^^^^^^^^^^^^^^
2025 Feb 11 02:58:29.676539 sonic INFO featured[13593]:   File "/usr/local/lib/python3.11/dist-packages/sonic_py_common/device_info.py", line 446, in get_path_to_port_config_file
2025 Feb 11 02:58:29.676617 sonic INFO featured[13593]:     (platform_path, hwsku_path) = get_paths_to_platform_and_hwsku_dirs()
2025 Feb 11 02:58:29.676651 sonic INFO featured[13593]:                                   ^^^^^^^^^^^^^^^^^^^^^^^^^^^^^^^^^^^^^^
2025 Feb 11 02:58:29.676676 sonic INFO featured[13593]:   File "/usr/local/lib/python3.11/dist-packages/sonic_py_common/device_info.py", line 412, in get_paths_to_platform_and_hwsku_dirs
2025 Feb 11 02:58:29.676705 sonic INFO featured[13593]:     hwsku_path = os.path.join(platform_path, hwsku)
2025 Feb 11 02:58:29.676753 sonic INFO featured[13593]:                  ^^^^^^^^^^^^^^^^^^^^^^^^^^^^^^^^^^
2025 Feb 11 02:58:29.676780 sonic INFO featured[13593]:   File "<frozen posixpath>", line 90, in join
2025 Feb 11 02:58:29.676804 sonic INFO featured[13593]:   File "<frozen genericpath>", line 152, in _check_arg_types
2025 Feb 11 02:58:29.676834 sonic INFO featured[13593]: TypeError: join() argument must be str, bytes, or os.PathLike object, not 'NoneType'
2025 Feb 11 02:58:29.695140 sonic NOTICE systemd[1]: featured.service: Main process exited, code=exited, status=1/FAILURE
2025 Feb 11 02:58:29.695271 sonic WARNING systemd[1]: featured.service: Failed with result 'exit-code'.
2025 Feb 11 02:58:29.730757 sonic INFO systemd[1]: Started featured.service - Feature configuration daemon.
2025 Feb 11 02:58:29.881800 sonic INFO featured: ConfigDB connect success
2025 Feb 11 02:58:29.885851 sonic INFO featured[13595]: Traceback (most recent call last):
2025 Feb 11 02:58:29.885900 sonic INFO featured[13595]:   File "/usr/local/bin/featured", line 598, in <module>
2025 Feb 11 02:58:29.886013 sonic INFO featured[13595]:     main()
2025 Feb 11 02:58:29.886053 sonic INFO featured[13595]:   File "/usr/local/bin/featured", line 591, in main
2025 Feb 11 02:58:29.886172 sonic INFO featured[13595]:     daemon = FeatureDaemon()
2025 Feb 11 02:58:29.886211 sonic INFO featured[13595]:              ^^^^^^^^^^^^^^^
2025 Feb 11 02:58:29.886233 sonic INFO featured[13595]:   File "/usr/local/bin/featured", line 529, in __init__
2025 Feb 11 02:58:29.886292 sonic INFO featured[13595]:     self.feature_handler = FeatureHandler(self.config_db, feature_state_table, self.device_config, self.advanced_boot)
2025 Feb 11 02:58:29.886356 sonic INFO featured[13595]:                            ^^^^^^^^^^^^^^^^^^^^^^^^^^^^^^^^^^^^^^^^^^^^^^^^^^^^^^^^^^^^^^^^^^^^^^^^^^^^^^^^^^^^^^^^^^^
2025 Feb 11 02:58:29.886383 sonic INFO featured[13595]:   File "/usr/local/bin/featured", line 136, in __init__
2025 Feb 11 02:58:29.886414 sonic INFO featured[13595]:     self._device_running_config = device_info.get_device_runtime_metadata()
2025 Feb 11 02:58:29.886440 sonic INFO featured[13595]:                                   ^^^^^^^^^^^^^^^^^^^^^^^^^^^^^^^^^^^^^^^^^
2025 Feb 11 02:58:29.886470 sonic INFO featured[13595]:   File "/usr/local/lib/python3.11/dist-packages/sonic_py_common/device_info.py", line 680, in get_device_runtime_metadata
2025 Feb 11 02:58:29.886560 sonic INFO featured[13595]:     port_metadata = {'ETHERNET_PORTS_PRESENT': True if get_path_to_port_config_file(hwsku=None, asic="0" if is_multi_npu() else None) else False}
2025 Feb 11 02:58:29.886599 sonic INFO featured[13595]:                                                        ^^^^^^^^^^^^^^^^^^^^^^^^^^^^^^^^^^^^^^^^^^^^^^^^^^^^^^^^^^^^^^^^^^^^^^^^^^^^^^
2025 Feb 11 02:58:29.886616 sonic INFO featured[13595]:   File "/usr/local/lib/python3.11/dist-packages/sonic_py_common/device_info.py", line 446, in get_path_to_port_config_file
2025 Feb 11 02:58:29.886684 sonic INFO featured[13595]:     (platform_path, hwsku_path) = get_paths_to_platform_and_hwsku_dirs()
2025 Feb 11 02:58:29.886715 sonic INFO featured[13595]:                                   ^^^^^^^^^^^^^^^^^^^^^^^^^^^^^^^^^^^^^^
2025 Feb 11 02:58:29.886754 sonic INFO featured[13595]:   File "/usr/local/lib/python3.11/dist-packages/sonic_py_common/device_info.py", line 412, in get_paths_to_platform_and_hwsku_dirs
2025 Feb 11 02:58:29.886815 sonic INFO featured[13595]:     hwsku_path = os.path.join(platform_path, hwsku)
2025 Feb 11 02:58:29.886851 sonic INFO featured[13595]:                  ^^^^^^^^^^^^^^^^^^^^^^^^^^^^^^^^^^
2025 Feb 11 02:58:29.886884 sonic INFO featured[13595]:   File "<frozen posixpath>", line 90, in join
2025 Feb 11 02:58:29.886912 sonic INFO featured[13595]:   File "<frozen genericpath>", line 152, in _check_arg_types
2025 Feb 11 02:58:29.886937 sonic INFO featured[13595]: TypeError: join() argument must be str, bytes, or os.PathLike object, not 'NoneType'
2025 Feb 11 02:58:29.905777 sonic NOTICE systemd[1]: featured.service: Main process exited, code=exited, status=1/FAILURE
2025 Feb 11 02:58:29.905923 sonic WARNING systemd[1]: featured.service: Failed with result 'exit-code'.
2025 Feb 11 02:58:29.938756 sonic INFO systemd[1]: Started featured.service - Feature configuration daemon.
2025 Feb 11 02:58:30.069330 sonic INFO featured: ConfigDB connect success
2025 Feb 11 02:58:30.073347 sonic INFO featured[13598]: Traceback (most recent call last):
2025 Feb 11 02:58:30.073397 sonic INFO featured[13598]:   File "/usr/local/bin/featured", line 598, in <module>
2025 Feb 11 02:58:30.073564 sonic INFO featured[13598]:     main()
2025 Feb 11 02:58:30.073598 sonic INFO featured[13598]:   File "/usr/local/bin/featured", line 591, in main
2025 Feb 11 02:58:30.073739 sonic INFO featured[13598]:     daemon = FeatureDaemon()
2025 Feb 11 02:58:30.073771 sonic INFO featured[13598]:              ^^^^^^^^^^^^^^^
2025 Feb 11 02:58:30.073795 sonic INFO featured[13598]:   File "/usr/local/bin/featured", line 529, in __init__
2025 Feb 11 02:58:30.073875 sonic INFO featured[13598]:     self.feature_handler = FeatureHandler(self.config_db, feature_state_table, self.device_config, self.advanced_boot)
2025 Feb 11 02:58:30.073934 sonic INFO featured[13598]:                            ^^^^^^^^^^^^^^^^^^^^^^^^^^^^^^^^^^^^^^^^^^^^^^^^^^^^^^^^^^^^^^^^^^^^^^^^^^^^^^^^^^^^^^^^^^^
2025 Feb 11 02:58:30.073973 sonic INFO featured[13598]:   File "/usr/local/bin/featured", line 136, in __init__
2025 Feb 11 02:58:30.074006 sonic INFO featured[13598]:     self._device_running_config = device_info.get_device_runtime_metadata()
2025 Feb 11 02:58:30.074037 sonic INFO featured[13598]:                                   ^^^^^^^^^^^^^^^^^^^^^^^^^^^^^^^^^^^^^^^^^
2025 Feb 11 02:58:30.074063 sonic INFO featured[13598]:   File "/usr/local/lib/python3.11/dist-packages/sonic_py_common/device_info.py", line 680, in get_device_runtime_metadata
2025 Feb 11 02:58:30.074155 sonic INFO featured[13598]:     port_metadata = {'ETHERNET_PORTS_PRESENT': True if get_path_to_port_config_file(hwsku=None, asic="0" if is_multi_npu() else None) else False}
2025 Feb 11 02:58:30.074193 sonic INFO featured[13598]:                                                        ^^^^^^^^^^^^^^^^^^^^^^^^^^^^^^^^^^^^^^^^^^^^^^^^^^^^^^^^^^^^^^^^^^^^^^^^^^^^^^
2025 Feb 11 02:58:30.074210 sonic INFO featured[13598]:   File "/usr/local/lib/python3.11/dist-packages/sonic_py_common/device_info.py", line 446, in get_path_to_port_config_file
2025 Feb 11 02:58:30.074281 sonic INFO featured[13598]:     (platform_path, hwsku_path) = get_paths_to_platform_and_hwsku_dirs()
2025 Feb 11 02:58:30.074312 sonic INFO featured[13598]:                                   ^^^^^^^^^^^^^^^^^^^^^^^^^^^^^^^^^^^^^^
2025 Feb 11 02:58:30.074337 sonic INFO featured[13598]:   File "/usr/local/lib/python3.11/dist-packages/sonic_py_common/device_info.py", line 412, in get_paths_to_platform_and_hwsku_dirs
2025 Feb 11 02:58:30.074385 sonic INFO featured[13598]:     hwsku_path = os.path.join(platform_path, hwsku)
2025 Feb 11 02:58:30.074419 sonic INFO featured[13598]:                  ^^^^^^^^^^^^^^^^^^^^^^^^^^^^^^^^^^
2025 Feb 11 02:58:30.074445 sonic INFO featured[13598]:   File "<frozen posixpath>", line 90, in join
2025 Feb 11 02:58:30.074470 sonic INFO featured[13598]:   File "<frozen genericpath>", line 152, in _check_arg_types
2025 Feb 11 02:58:30.074494 sonic INFO featured[13598]: TypeError: join() argument must be str, bytes, or os.PathLike object, not 'NoneType'
2025 Feb 11 02:58:30.092837 sonic NOTICE systemd[1]: featured.service: Main process exited, code=exited, status=1/FAILURE
2025 Feb 11 02:58:30.093028 sonic WARNING systemd[1]: featured.service: Failed with result 'exit-code'.
2025 Feb 11 02:58:30.130619 sonic INFO systemd[1]: Started featured.service - Feature configuration daemon.
2025 Feb 11 02:58:30.261459 sonic INFO featured: ConfigDB connect success
2025 Feb 11 02:58:30.265444 sonic INFO featured[13600]: Traceback (most recent call last):
2025 Feb 11 02:58:30.265520 sonic INFO featured[13600]:   File "/usr/local/bin/featured", line 598, in <module>
2025 Feb 11 02:58:30.265710 sonic INFO featured[13600]:     main()
2025 Feb 11 02:58:30.265764 sonic INFO featured[13600]:   File "/usr/local/bin/featured", line 591, in main
2025 Feb 11 02:58:30.265903 sonic INFO featured[13600]:     daemon = FeatureDaemon()
2025 Feb 11 02:58:30.265944 sonic INFO featured[13600]:              ^^^^^^^^^^^^^^^
2025 Feb 11 02:58:30.265960 sonic INFO featured[13600]:   File "/usr/local/bin/featured", line 529, in __init__
2025 Feb 11 02:58:30.266027 sonic INFO featured[13600]:     self.feature_handler = FeatureHandler(self.config_db, feature_state_table, self.device_config, self.advanced_boot)
2025 Feb 11 02:58:30.266063 sonic INFO featured[13600]:                            ^^^^^^^^^^^^^^^^^^^^^^^^^^^^^^^^^^^^^^^^^^^^^^^^^^^^^^^^^^^^^^^^^^^^^^^^^^^^^^^^^^^^^^^^^^^
2025 Feb 11 02:58:30.266085 sonic INFO featured[13600]:   File "/usr/local/bin/featured", line 136, in __init__
2025 Feb 11 02:58:30.266134 sonic INFO featured[13600]:     self._device_running_config = device_info.get_device_runtime_metadata()
2025 Feb 11 02:58:30.266167 sonic INFO featured[13600]:                                   ^^^^^^^^^^^^^^^^^^^^^^^^^^^^^^^^^^^^^^^^^
2025 Feb 11 02:58:30.266193 sonic INFO featured[13600]:   File "/usr/local/lib/python3.11/dist-packages/sonic_py_common/device_info.py", line 680, in get_device_runtime_metadata
2025 Feb 11 02:58:30.266300 sonic INFO featured[13600]:     port_metadata = {'ETHERNET_PORTS_PRESENT': True if get_path_to_port_config_file(hwsku=None, asic="0" if is_multi_npu() else None) else False}
2025 Feb 11 02:58:30.266339 sonic INFO featured[13600]:                                                        ^^^^^^^^^^^^^^^^^^^^^^^^^^^^^^^^^^^^^^^^^^^^^^^^^^^^^^^^^^^^^^^^^^^^^^^^^^^^^^
2025 Feb 11 02:58:30.266357 sonic INFO featured[13600]:   File "/usr/local/lib/python3.11/dist-packages/sonic_py_common/device_info.py", line 446, in get_path_to_port_config_file
2025 Feb 11 02:58:30.266421 sonic INFO featured[13600]:     (platform_path, hwsku_path) = get_paths_to_platform_and_hwsku_dirs()
2025 Feb 11 02:58:30.266453 sonic INFO featured[13600]:                                   ^^^^^^^^^^^^^^^^^^^^^^^^^^^^^^^^^^^^^^
2025 Feb 11 02:58:30.266478 sonic INFO featured[13600]:   File "/usr/local/lib/python3.11/dist-packages/sonic_py_common/device_info.py", line 412, in get_paths_to_platform_and_hwsku_dirs
2025 Feb 11 02:58:30.266527 sonic INFO featured[13600]:     hwsku_path = os.path.join(platform_path, hwsku)
2025 Feb 11 02:58:30.266564 sonic INFO featured[13600]:                  ^^^^^^^^^^^^^^^^^^^^^^^^^^^^^^^^^^
2025 Feb 11 02:58:30.266590 sonic INFO featured[13600]:   File "<frozen posixpath>", line 90, in join
2025 Feb 11 02:58:30.266615 sonic INFO featured[13600]:   File "<frozen genericpath>", line 152, in _check_arg_types
2025 Feb 11 02:58:30.266640 sonic INFO featured[13600]: TypeError: join() argument must be str, bytes, or os.PathLike object, not 'NoneType'
2025 Feb 11 02:58:30.284971 sonic NOTICE systemd[1]: featured.service: Main process exited, code=exited, status=1/FAILURE
2025 Feb 11 02:58:30.285105 sonic WARNING systemd[1]: featured.service: Failed with result 'exit-code'.
2025 Feb 11 02:58:30.286697 sonic WARNING systemd[1]: featured.service: Start request repeated too quickly.
2025 Feb 11 02:58:30.286774 sonic WARNING systemd[1]: featured.service: Failed with result 'exit-code'.
2025 Feb 11 02:58:30.286818 sonic ERR systemd[1]: Failed to start featured.service - Feature configuration daemon.
2025 Feb 11 02:58:48.310973 sonic INFO systemd[1]: Started featured.service - Feature configuration daemon.
2025 Feb 11 02:58:48.450145 sonic INFO featured: ConfigDB connect success
2025 Feb 11 02:58:48.454549 sonic INFO featured[13641]: Traceback (most recent call last):
2025 Feb 11 02:58:48.454607 sonic INFO featured[13641]:   File "/usr/local/bin/featured", line 598, in <module>
2025 Feb 11 02:58:48.454724 sonic INFO featured[13641]:     main()
2025 Feb 11 02:58:48.454782 sonic INFO featured[13641]:   File "/usr/local/bin/featured", line 591, in main
2025 Feb 11 02:58:48.454910 sonic INFO featured[13641]:     daemon = FeatureDaemon()
2025 Feb 11 02:58:48.454958 sonic INFO featured[13641]:              ^^^^^^^^^^^^^^^
2025 Feb 11 02:58:48.454975 sonic INFO featured[13641]:   File "/usr/local/bin/featured", line 529, in __init__
2025 Feb 11 02:58:48.455042 sonic INFO featured[13641]:     self.feature_handler = FeatureHandler(self.config_db, feature_state_table, self.device_config, self.advanced_boot)
2025 Feb 11 02:58:48.455088 sonic INFO featured[13641]:                            ^^^^^^^^^^^^^^^^^^^^^^^^^^^^^^^^^^^^^^^^^^^^^^^^^^^^^^^^^^^^^^^^^^^^^^^^^^^^^^^^^^^^^^^^^^^
2025 Feb 11 02:58:48.455104 sonic INFO featured[13641]:   File "/usr/local/bin/featured", line 136, in __init__
2025 Feb 11 02:58:48.455158 sonic INFO featured[13641]:     self._device_running_config = device_info.get_device_runtime_metadata()
2025 Feb 11 02:58:48.455205 sonic INFO featured[13641]:                                   ^^^^^^^^^^^^^^^^^^^^^^^^^^^^^^^^^^^^^^^^^
2025 Feb 11 02:58:48.455221 sonic INFO featured[13641]:   File "/usr/local/lib/python3.11/dist-packages/sonic_py_common/device_info.py", line 680, in get_device_runtime_metadata
2025 Feb 11 02:58:48.455333 sonic INFO featured[13641]:     port_metadata = {'ETHERNET_PORTS_PRESENT': True if get_path_to_port_config_file(hwsku=None, asic="0" if is_multi_npu() else None) else False}
2025 Feb 11 02:58:48.455381 sonic INFO featured[13641]:                                                        ^^^^^^^^^^^^^^^^^^^^^^^^^^^^^^^^^^^^^^^^^^^^^^^^^^^^^^^^^^^^^^^^^^^^^^^^^^^^^^
2025 Feb 11 02:58:48.455398 sonic INFO featured[13641]:   File "/usr/local/lib/python3.11/dist-packages/sonic_py_common/device_info.py", line 446, in get_path_to_port_config_file
2025 Feb 11 02:58:48.455465 sonic INFO featured[13641]:     (platform_path, hwsku_path) = get_paths_to_platform_and_hwsku_dirs()
2025 Feb 11 02:58:48.455549 sonic INFO featured[13641]:                                   ^^^^^^^^^^^^^^^^^^^^^^^^^^^^^^^^^^^^^^
2025 Feb 11 02:58:48.455587 sonic INFO featured[13641]:   File "/usr/local/lib/python3.11/dist-packages/sonic_py_common/device_info.py", line 412, in get_paths_to_platform_and_hwsku_dirs
2025 Feb 11 02:58:48.455612 sonic INFO featured[13641]:     hwsku_path = os.path.join(platform_path, hwsku)
2025 Feb 11 02:58:48.455647 sonic INFO featured[13641]:                  ^^^^^^^^^^^^^^^^^^^^^^^^^^^^^^^^^^
2025 Feb 11 02:58:48.455712 sonic INFO featured[13641]:   File "<frozen posixpath>", line 90, in join
2025 Feb 11 02:58:48.455746 sonic INFO featured[13641]:   File "<frozen genericpath>", line 152, in _check_arg_types
2025 Feb 11 02:58:48.455763 sonic INFO featured[13641]: TypeError: join() argument must be str, bytes, or os.PathLike object, not 'NoneType'
2025 Feb 11 02:58:48.474560 sonic NOTICE systemd[1]: featured.service: Main process exited, code=exited, status=1/FAILURE
2025 Feb 11 02:58:48.474728 sonic WARNING systemd[1]: featured.service: Failed with result 'exit-code'.
2025 Feb 11 02:58:48.518838 sonic INFO systemd[1]: Started featured.service - Feature configuration daemon.
2025 Feb 11 02:58:48.655777 sonic INFO featured: ConfigDB connect success
2025 Feb 11 02:58:48.660195 sonic INFO featured[13642]: Traceback (most recent call last):
2025 Feb 11 02:58:48.660264 sonic INFO featured[13642]:   File "/usr/local/bin/featured", line 598, in <module>
2025 Feb 11 02:58:48.660330 sonic INFO featured[13642]:     main()
2025 Feb 11 02:58:48.660377 sonic INFO featured[13642]:   File "/usr/local/bin/featured", line 591, in main
2025 Feb 11 02:58:48.660516 sonic INFO featured[13642]:     daemon = FeatureDaemon()
2025 Feb 11 02:58:48.660558 sonic INFO featured[13642]:              ^^^^^^^^^^^^^^^
2025 Feb 11 02:58:48.660581 sonic INFO featured[13642]:   File "/usr/local/bin/featured", line 529, in __init__
2025 Feb 11 02:58:48.660641 sonic INFO featured[13642]:     self.feature_handler = FeatureHandler(self.config_db, feature_state_table, self.device_config, self.advanced_boot)
2025 Feb 11 02:58:48.660712 sonic INFO featured[13642]:                            ^^^^^^^^^^^^^^^^^^^^^^^^^^^^^^^^^^^^^^^^^^^^^^^^^^^^^^^^^^^^^^^^^^^^^^^^^^^^^^^^^^^^^^^^^^^
2025 Feb 11 02:58:48.660735 sonic INFO featured[13642]:   File "/usr/local/bin/featured", line 136, in __init__
2025 Feb 11 02:58:48.660798 sonic INFO featured[13642]:     self._device_running_config = device_info.get_device_runtime_metadata()
2025 Feb 11 02:58:48.660840 sonic INFO featured[13642]:                                   ^^^^^^^^^^^^^^^^^^^^^^^^^^^^^^^^^^^^^^^^^
2025 Feb 11 02:58:48.660856 sonic INFO featured[13642]:   File "/usr/local/lib/python3.11/dist-packages/sonic_py_common/device_info.py", line 680, in get_device_runtime_metadata
2025 Feb 11 02:58:48.660973 sonic INFO featured[13642]:     port_metadata = {'ETHERNET_PORTS_PRESENT': True if get_path_to_port_config_file(hwsku=None, asic="0" if is_multi_npu() else None) else False}
2025 Feb 11 02:58:48.661020 sonic INFO featured[13642]:                                                        ^^^^^^^^^^^^^^^^^^^^^^^^^^^^^^^^^^^^^^^^^^^^^^^^^^^^^^^^^^^^^^^^^^^^^^^^^^^^^^
2025 Feb 11 02:58:48.661037 sonic INFO featured[13642]:   File "/usr/local/lib/python3.11/dist-packages/sonic_py_common/device_info.py", line 446, in get_path_to_port_config_file
2025 Feb 11 02:58:48.661106 sonic INFO featured[13642]:     (platform_path, hwsku_path) = get_paths_to_platform_and_hwsku_dirs()
2025 Feb 11 02:58:48.661146 sonic INFO featured[13642]:                                   ^^^^^^^^^^^^^^^^^^^^^^^^^^^^^^^^^^^^^^
2025 Feb 11 02:58:48.661182 sonic INFO featured[13642]:   File "/usr/local/lib/python3.11/dist-packages/sonic_py_common/device_info.py", line 412, in get_paths_to_platform_and_hwsku_dirs
2025 Feb 11 02:58:48.661204 sonic INFO featured[13642]:     hwsku_path = os.path.join(platform_path, hwsku)
2025 Feb 11 02:58:48.661247 sonic INFO featured[13642]:                  ^^^^^^^^^^^^^^^^^^^^^^^^^^^^^^^^^^
2025 Feb 11 02:58:48.661263 sonic INFO featured[13642]:   File "<frozen posixpath>", line 90, in join
2025 Feb 11 02:58:48.661298 sonic INFO featured[13642]:   File "<frozen genericpath>", line 152, in _check_arg_types
2025 Feb 11 02:58:48.661314 sonic INFO featured[13642]: TypeError: join() argument must be str, bytes, or os.PathLike object, not 'NoneType'
2025 Feb 11 02:58:48.680065 sonic NOTICE systemd[1]: featured.service: Main process exited, code=exited, status=1/FAILURE
2025 Feb 11 02:58:48.680216 sonic WARNING systemd[1]: featured.service: Failed with result 'exit-code'.
2025 Feb 11 02:58:48.718890 sonic INFO systemd[1]: Started featured.service - Feature configuration daemon.
2025 Feb 11 02:58:48.852497 sonic INFO featured: ConfigDB connect success
2025 Feb 11 02:58:48.857147 sonic INFO featured[13644]: Traceback (most recent call last):
2025 Feb 11 02:58:48.857206 sonic INFO featured[13644]:   File "/usr/local/bin/featured", line 598, in <module>
2025 Feb 11 02:58:48.857322 sonic INFO featured[13644]:     main()
2025 Feb 11 02:58:48.857380 sonic INFO featured[13644]:   File "/usr/local/bin/featured", line 591, in main
2025 Feb 11 02:58:48.857597 sonic INFO featured[13644]:     daemon = FeatureDaemon()
2025 Feb 11 02:58:48.857642 sonic INFO featured[13644]:              ^^^^^^^^^^^^^^^
2025 Feb 11 02:58:48.857658 sonic INFO featured[13644]:   File "/usr/local/bin/featured", line 529, in __init__
2025 Feb 11 02:58:48.857710 sonic INFO featured[13644]:     self.feature_handler = FeatureHandler(self.config_db, feature_state_table, self.device_config, self.advanced_boot)
2025 Feb 11 02:58:48.857755 sonic INFO featured[13644]:                            ^^^^^^^^^^^^^^^^^^^^^^^^^^^^^^^^^^^^^^^^^^^^^^^^^^^^^^^^^^^^^^^^^^^^^^^^^^^^^^^^^^^^^^^^^^^
2025 Feb 11 02:58:48.857790 sonic INFO featured[13644]:   File "/usr/local/bin/featured", line 136, in __init__
2025 Feb 11 02:58:48.857813 sonic INFO featured[13644]:     self._device_running_config = device_info.get_device_runtime_metadata()
2025 Feb 11 02:58:48.857855 sonic INFO featured[13644]:                                   ^^^^^^^^^^^^^^^^^^^^^^^^^^^^^^^^^^^^^^^^^
2025 Feb 11 02:58:48.857889 sonic INFO featured[13644]:   File "/usr/local/lib/python3.11/dist-packages/sonic_py_common/device_info.py", line 680, in get_device_runtime_metadata
2025 Feb 11 02:58:48.857989 sonic INFO featured[13644]:     port_metadata = {'ETHERNET_PORTS_PRESENT': True if get_path_to_port_config_file(hwsku=None, asic="0" if is_multi_npu() else None) else False}
2025 Feb 11 02:58:48.858045 sonic INFO featured[13644]:                                                        ^^^^^^^^^^^^^^^^^^^^^^^^^^^^^^^^^^^^^^^^^^^^^^^^^^^^^^^^^^^^^^^^^^^^^^^^^^^^^^
2025 Feb 11 02:58:48.858062 sonic INFO featured[13644]:   File "/usr/local/lib/python3.11/dist-packages/sonic_py_common/device_info.py", line 446, in get_path_to_port_config_file
2025 Feb 11 02:58:48.858104 sonic INFO featured[13644]:     (platform_path, hwsku_path) = get_paths_to_platform_and_hwsku_dirs()
2025 Feb 11 02:58:48.858144 sonic INFO featured[13644]:                                   ^^^^^^^^^^^^^^^^^^^^^^^^^^^^^^^^^^^^^^
2025 Feb 11 02:58:48.858178 sonic INFO featured[13644]:   File "/usr/local/lib/python3.11/dist-packages/sonic_py_common/device_info.py", line 412, in get_paths_to_platform_and_hwsku_dirs
2025 Feb 11 02:58:48.858222 sonic INFO featured[13644]:     hwsku_path = os.path.join(platform_path, hwsku)
2025 Feb 11 02:58:48.858259 sonic INFO featured[13644]:                  ^^^^^^^^^^^^^^^^^^^^^^^^^^^^^^^^^^
2025 Feb 11 02:58:48.858293 sonic INFO featured[13644]:   File "<frozen posixpath>", line 90, in join
2025 Feb 11 02:58:48.858309 sonic INFO featured[13644]:   File "<frozen genericpath>", line 152, in _check_arg_types
2025 Feb 11 02:58:48.858348 sonic INFO featured[13644]: TypeError: join() argument must be str, bytes, or os.PathLike object, not 'NoneType'
2025 Feb 11 02:58:48.877250 sonic NOTICE systemd[1]: featured.service: Main process exited, code=exited, status=1/FAILURE
2025 Feb 11 02:58:48.877437 sonic WARNING systemd[1]: featured.service: Failed with result 'exit-code'.
2025 Feb 11 02:58:48.950743 sonic INFO systemd[1]: Started featured.service - Feature configuration daemon.
2025 Feb 11 02:58:49.087552 sonic INFO featured: ConfigDB connect success
2025 Feb 11 02:58:49.091601 sonic INFO featured[13645]: Traceback (most recent call last):
2025 Feb 11 02:58:49.091646 sonic INFO featured[13645]:   File "/usr/local/bin/featured", line 598, in <module>
2025 Feb 11 02:58:49.091792 sonic INFO featured[13645]:     main()
2025 Feb 11 02:58:49.091833 sonic INFO featured[13645]:   File "/usr/local/bin/featured", line 591, in main
2025 Feb 11 02:58:49.091954 sonic INFO featured[13645]:     daemon = FeatureDaemon()
2025 Feb 11 02:58:49.091985 sonic INFO featured[13645]:              ^^^^^^^^^^^^^^^
2025 Feb 11 02:58:49.092008 sonic INFO featured[13645]:   File "/usr/local/bin/featured", line 529, in __init__
2025 Feb 11 02:58:49.092088 sonic INFO featured[13645]:     self.feature_handler = FeatureHandler(self.config_db, feature_state_table, self.device_config, self.advanced_boot)
2025 Feb 11 02:58:49.092126 sonic INFO featured[13645]:                            ^^^^^^^^^^^^^^^^^^^^^^^^^^^^^^^^^^^^^^^^^^^^^^^^^^^^^^^^^^^^^^^^^^^^^^^^^^^^^^^^^^^^^^^^^^^
2025 Feb 11 02:58:49.092143 sonic INFO featured[13645]:   File "/usr/local/bin/featured", line 136, in __init__
2025 Feb 11 02:58:49.092173 sonic INFO featured[13645]:     self._device_running_config = device_info.get_device_runtime_metadata()
2025 Feb 11 02:58:49.092205 sonic INFO featured[13645]:                                   ^^^^^^^^^^^^^^^^^^^^^^^^^^^^^^^^^^^^^^^^^
2025 Feb 11 02:58:49.092230 sonic INFO featured[13645]:   File "/usr/local/lib/python3.11/dist-packages/sonic_py_common/device_info.py", line 680, in get_device_runtime_metadata
2025 Feb 11 02:58:49.092308 sonic INFO featured[13645]:     port_metadata = {'ETHERNET_PORTS_PRESENT': True if get_path_to_port_config_file(hwsku=None, asic="0" if is_multi_npu() else None) else False}
2025 Feb 11 02:58:49.092358 sonic INFO featured[13645]:                                                        ^^^^^^^^^^^^^^^^^^^^^^^^^^^^^^^^^^^^^^^^^^^^^^^^^^^^^^^^^^^^^^^^^^^^^^^^^^^^^^
2025 Feb 11 02:58:49.092384 sonic INFO featured[13645]:   File "/usr/local/lib/python3.11/dist-packages/sonic_py_common/device_info.py", line 446, in get_path_to_port_config_file
2025 Feb 11 02:58:49.092449 sonic INFO featured[13645]:     (platform_path, hwsku_path) = get_paths_to_platform_and_hwsku_dirs()
2025 Feb 11 02:58:49.092480 sonic INFO featured[13645]:                                   ^^^^^^^^^^^^^^^^^^^^^^^^^^^^^^^^^^^^^^
2025 Feb 11 02:58:49.092505 sonic INFO featured[13645]:   File "/usr/local/lib/python3.11/dist-packages/sonic_py_common/device_info.py", line 412, in get_paths_to_platform_and_hwsku_dirs
2025 Feb 11 02:58:49.092553 sonic INFO featured[13645]:     hwsku_path = os.path.join(platform_path, hwsku)
2025 Feb 11 02:58:49.092585 sonic INFO featured[13645]:                  ^^^^^^^^^^^^^^^^^^^^^^^^^^^^^^^^^^
2025 Feb 11 02:58:49.092610 sonic INFO featured[13645]:   File "<frozen posixpath>", line 90, in join
2025 Feb 11 02:58:49.092634 sonic INFO featured[13645]:   File "<frozen genericpath>", line 152, in _check_arg_types
2025 Feb 11 02:58:49.092658 sonic INFO featured[13645]: TypeError: join() argument must be str, bytes, or os.PathLike object, not 'NoneType'
2025 Feb 11 02:58:49.124102 sonic NOTICE systemd[1]: featured.service: Main process exited, code=exited, status=1/FAILURE
2025 Feb 11 02:58:49.124239 sonic WARNING systemd[1]: featured.service: Failed with result 'exit-code'.
2025 Feb 11 02:58:49.170568 sonic INFO systemd[1]: Started featured.service - Feature configuration daemon.
2025 Feb 11 02:58:49.306392 sonic INFO featured: ConfigDB connect success
2025 Feb 11 02:58:49.311378 sonic INFO featured[13648]: Traceback (most recent call last):
2025 Feb 11 02:58:49.311445 sonic INFO featured[13648]:   File "/usr/local/bin/featured", line 598, in <module>
2025 Feb 11 02:58:49.311547 sonic INFO featured[13648]:     main()
2025 Feb 11 02:58:49.311587 sonic INFO featured[13648]:   File "/usr/local/bin/featured", line 591, in main
2025 Feb 11 02:58:49.311708 sonic INFO featured[13648]:     daemon = FeatureDaemon()
2025 Feb 11 02:58:49.311748 sonic INFO featured[13648]:              ^^^^^^^^^^^^^^^
2025 Feb 11 02:58:49.311766 sonic INFO featured[13648]:   File "/usr/local/bin/featured", line 529, in __init__
2025 Feb 11 02:58:49.311863 sonic INFO featured[13648]:     self.feature_handler = FeatureHandler(self.config_db, feature_state_table, self.device_config, self.advanced_boot)
2025 Feb 11 02:58:49.311903 sonic INFO featured[13648]:                            ^^^^^^^^^^^^^^^^^^^^^^^^^^^^^^^^^^^^^^^^^^^^^^^^^^^^^^^^^^^^^^^^^^^^^^^^^^^^^^^^^^^^^^^^^^^
2025 Feb 11 02:58:49.311920 sonic INFO featured[13648]:   File "/usr/local/bin/featured", line 136, in __init__
2025 Feb 11 02:58:49.311951 sonic INFO featured[13648]:     self._device_running_config = device_info.get_device_runtime_metadata()
2025 Feb 11 02:58:49.311982 sonic INFO featured[13648]:                                   ^^^^^^^^^^^^^^^^^^^^^^^^^^^^^^^^^^^^^^^^^
2025 Feb 11 02:58:49.312007 sonic INFO featured[13648]:   File "/usr/local/lib/python3.11/dist-packages/sonic_py_common/device_info.py", line 680, in get_device_runtime_metadata
2025 Feb 11 02:58:49.312086 sonic INFO featured[13648]:     port_metadata = {'ETHERNET_PORTS_PRESENT': True if get_path_to_port_config_file(hwsku=None, asic="0" if is_multi_npu() else None) else False}
2025 Feb 11 02:58:49.312136 sonic INFO featured[13648]:                                                        ^^^^^^^^^^^^^^^^^^^^^^^^^^^^^^^^^^^^^^^^^^^^^^^^^^^^^^^^^^^^^^^^^^^^^^^^^^^^^^
2025 Feb 11 02:58:49.312163 sonic INFO featured[13648]:   File "/usr/local/lib/python3.11/dist-packages/sonic_py_common/device_info.py", line 446, in get_path_to_port_config_file
2025 Feb 11 02:58:49.312226 sonic INFO featured[13648]:     (platform_path, hwsku_path) = get_paths_to_platform_and_hwsku_dirs()
2025 Feb 11 02:58:49.312257 sonic INFO featured[13648]:                                   ^^^^^^^^^^^^^^^^^^^^^^^^^^^^^^^^^^^^^^
2025 Feb 11 02:58:49.312282 sonic INFO featured[13648]:   File "/usr/local/lib/python3.11/dist-packages/sonic_py_common/device_info.py", line 412, in get_paths_to_platform_and_hwsku_dirs
2025 Feb 11 02:58:49.312329 sonic INFO featured[13648]:     hwsku_path = os.path.join(platform_path, hwsku)
2025 Feb 11 02:58:49.312362 sonic INFO featured[13648]:                  ^^^^^^^^^^^^^^^^^^^^^^^^^^^^^^^^^^
2025 Feb 11 02:58:49.312387 sonic INFO featured[13648]:   File "<frozen posixpath>", line 90, in join
2025 Feb 11 02:58:49.312412 sonic INFO featured[13648]:   File "<frozen genericpath>", line 152, in _check_arg_types
2025 Feb 11 02:58:49.312440 sonic INFO featured[13648]: TypeError: join() argument must be str, bytes, or os.PathLike object, not 'NoneType'
2025 Feb 11 02:58:49.332175 sonic NOTICE systemd[1]: featured.service: Main process exited, code=exited, status=1/FAILURE
2025 Feb 11 02:58:49.332256 sonic WARNING systemd[1]: featured.service: Failed with result 'exit-code'.
2025 Feb 11 02:58:49.333907 sonic WARNING systemd[1]: featured.service: Start request repeated too quickly.
2025 Feb 11 02:58:49.333970 sonic WARNING systemd[1]: featured.service: Failed with result 'exit-code'.
2025 Feb 11 02:58:49.334000 sonic ERR systemd[1]: Failed to start featured.service - Feature configuration daemon.
2025 Feb 11 02:58:51.279569 sonic WARNING systemd[1]: featured.service: Start request repeated too quickly.
2025 Feb 11 02:58:51.279927 sonic WARNING systemd[1]: featured.service: Failed with result 'exit-code'.
2025 Feb 11 02:58:51.279980 sonic ERR systemd[1]: Failed to start featured.service - Feature configuration daemon.
2025 Feb 11 02:58:51.530260 sonic INFO systemd[1]: caclmgrd.service: Scheduled restart job, restart counter is at 63.
2025 Feb 11 02:58:51.530707 sonic INFO systemd[1]: Stopped caclmgrd.service - Control Plane ACL configuration daemon.
2025 Feb 11 02:58:51.562284 sonic INFO systemd[1]: Started caclmgrd.service - Control Plane ACL configuration daemon.
2025 Feb 11 02:58:51.562595 sonic WARNING systemd[1]: featured.service: Start request repeated too quickly.
2025 Feb 11 02:58:51.562701 sonic WARNING systemd[1]: featured.service: Failed with result 'exit-code'.
2025 Feb 11 02:58:51.562749 sonic ERR systemd[1]: Failed to start featured.service - Feature configuration daemon.
2025 Feb 11 02:58:51.564225 sonic WARNING systemd[1]: featured.service: Start request repeated too quickly.
2025 Feb 11 02:58:51.564270 sonic WARNING systemd[1]: featured.service: Failed with result 'exit-code'.
2025 Feb 11 02:58:51.564298 sonic ERR systemd[1]: Failed to start featured.service - Feature configuration daemon.
2025 Feb 11 02:58:51.696294 sonic INFO caclmgrd[13656]: Traceback (most recent call last):
2025 Feb 11 02:58:51.696388 sonic INFO caclmgrd[13656]:   File "/usr/local/bin/caclmgrd", line 1146, in <module>
2025 Feb 11 02:58:51.696423 sonic INFO caclmgrd[13656]:     main()
2025 Feb 11 02:58:51.696454 sonic INFO caclmgrd[13656]:   File "/usr/local/bin/caclmgrd", line 1137, in main
2025 Feb 11 02:58:51.696470 sonic INFO caclmgrd[13656]:     caclmgr = ControlPlaneAclManager(SYSLOG_IDENTIFIER)
2025 Feb 11 02:58:51.696495 sonic INFO caclmgrd[13656]:               ^^^^^^^^^^^^^^^^^^^^^^^^^^^^^^^^^^^^^^^^^
2025 Feb 11 02:58:51.696520 sonic INFO caclmgrd[13656]:   File "/usr/local/bin/caclmgrd", line 156, in __init__
2025 Feb 11 02:58:51.696551 sonic INFO caclmgrd[13656]:     if 'subtype' in metadata['localhost'] and metadata['localhost']['subtype'] == 'DualToR':
2025 Feb 11 02:58:51.696583 sonic INFO caclmgrd[13656]:                     ~~~~~~~~^^^^^^^^^^^^^
2025 Feb 11 02:58:51.696599 sonic INFO caclmgrd[13656]: KeyError: 'localhost'
2025 Feb 11 02:58:51.708515 sonic NOTICE systemd[1]: caclmgrd.service: Main process exited, code=exited, status=1/FAILURE
2025 Feb 11 02:58:51.708650 sonic WARNING systemd[1]: caclmgrd.service: Failed with result 'exit-code'.
2025 Feb 11 02:58:51.710314 sonic WARNING systemd[1]: featured.service: Start request repeated too quickly.
2025 Feb 11 02:58:51.710405 sonic WARNING systemd[1]: featured.service: Failed with result 'exit-code'.
2025 Feb 11 02:58:51.710476 sonic ERR systemd[1]: Failed to start featured.service - Feature configuration daemon.
2025 Feb 11 02:58:54.959517 sonic ERR monit[828]: 'container_checker' status failed (4) -- Unexpected running containers: bgp0, database1, macsec0, macsec3, database2, bgp2, eventd, database0, database, bgp1, macsec2, macsec1, bgp3, database3
2025 Feb 11 02:58:55.084596 sonic DEBUG mgmt_oper_status.py: No management interface found
2025 Feb 11 02:58:55.233402 sonic WARNING systemd[1]: featured.service: Start request repeated too quickly.
2025 Feb 11 02:58:55.233630 sonic WARNING systemd[1]: featured.service: Failed with result 'exit-code'.
2025 Feb 11 02:58:55.233748 sonic ERR systemd[1]: Failed to start featured.service - Feature configuration daemon.
2025 Feb 11 02:58:55.283611 sonic INFO memory_checker: [memory_checker] Exits without checking memory usage since container 'bmp' is not running!
2025 Feb 11 02:58:55.285511 sonic INFO memory_checker: [memory_checker] Exits without checking memory usage since container 'snmp' is not running!
2025 Feb 11 02:58:55.288107 sonic INFO memory_checker: [memory_checker] Exits without checking memory usage since container 'gnmi' is not running!
2025 Feb 11 02:58:58.280639 sonic WARNING systemd[1]: featured.service: Start request repeated too quickly.
2025 Feb 11 02:58:58.281303 sonic WARNING systemd[1]: featured.service: Failed with result 'exit-code'.
2025 Feb 11 02:58:58.281427 sonic ERR systemd[1]: Failed to start featured.service - Feature configuration daemon.
2025 Feb 11 02:59:18.326905 sonic INFO systemd[1]: Started featured.service - Feature configuration daemon.
2025 Feb 11 02:59:18.471582 sonic INFO featured: ConfigDB connect success
2025 Feb 11 02:59:18.475522 sonic INFO featured[13761]: Traceback (most recent call last):
2025 Feb 11 02:59:18.475570 sonic INFO featured[13761]:   File "/usr/local/bin/featured", line 598, in <module>
2025 Feb 11 02:59:18.475709 sonic INFO featured[13761]:     main()
2025 Feb 11 02:59:18.475748 sonic INFO featured[13761]:   File "/usr/local/bin/featured", line 591, in main
2025 Feb 11 02:59:18.475874 sonic INFO featured[13761]:     daemon = FeatureDaemon()
2025 Feb 11 02:59:18.475906 sonic INFO featured[13761]:              ^^^^^^^^^^^^^^^
2025 Feb 11 02:59:18.475928 sonic INFO featured[13761]:   File "/usr/local/bin/featured", line 529, in __init__
2025 Feb 11 02:59:18.476012 sonic INFO featured[13761]:     self.feature_handler = FeatureHandler(self.config_db, feature_state_table, self.device_config, self.advanced_boot)
2025 Feb 11 02:59:18.476051 sonic INFO featured[13761]:                            ^^^^^^^^^^^^^^^^^^^^^^^^^^^^^^^^^^^^^^^^^^^^^^^^^^^^^^^^^^^^^^^^^^^^^^^^^^^^^^^^^^^^^^^^^^^
2025 Feb 11 02:59:18.476069 sonic INFO featured[13761]:   File "/usr/local/bin/featured", line 136, in __init__
2025 Feb 11 02:59:18.476100 sonic INFO featured[13761]:     self._device_running_config = device_info.get_device_runtime_metadata()
2025 Feb 11 02:59:18.476123 sonic INFO featured[13761]:                                   ^^^^^^^^^^^^^^^^^^^^^^^^^^^^^^^^^^^^^^^^^
2025 Feb 11 02:59:18.476149 sonic INFO featured[13761]:   File "/usr/local/lib/python3.11/dist-packages/sonic_py_common/device_info.py", line 680, in get_device_runtime_metadata
2025 Feb 11 02:59:18.476240 sonic INFO featured[13761]:     port_metadata = {'ETHERNET_PORTS_PRESENT': True if get_path_to_port_config_file(hwsku=None, asic="0" if is_multi_npu() else None) else False}
2025 Feb 11 02:59:18.476292 sonic INFO featured[13761]:                                                        ^^^^^^^^^^^^^^^^^^^^^^^^^^^^^^^^^^^^^^^^^^^^^^^^^^^^^^^^^^^^^^^^^^^^^^^^^^^^^^
2025 Feb 11 02:59:18.476319 sonic INFO featured[13761]:   File "/usr/local/lib/python3.11/dist-packages/sonic_py_common/device_info.py", line 446, in get_path_to_port_config_file
2025 Feb 11 02:59:18.476384 sonic INFO featured[13761]:     (platform_path, hwsku_path) = get_paths_to_platform_and_hwsku_dirs()
2025 Feb 11 02:59:18.476415 sonic INFO featured[13761]:                                   ^^^^^^^^^^^^^^^^^^^^^^^^^^^^^^^^^^^^^^
2025 Feb 11 02:59:18.476449 sonic INFO featured[13761]:   File "/usr/local/lib/python3.11/dist-packages/sonic_py_common/device_info.py", line 412, in get_paths_to_platform_and_hwsku_dirs
2025 Feb 11 02:59:18.476480 sonic INFO featured[13761]:     hwsku_path = os.path.join(platform_path, hwsku)
2025 Feb 11 02:59:18.476512 sonic INFO featured[13761]:                  ^^^^^^^^^^^^^^^^^^^^^^^^^^^^^^^^^^
2025 Feb 11 02:59:18.476537 sonic INFO featured[13761]:   File "<frozen posixpath>", line 90, in join
2025 Feb 11 02:59:18.476562 sonic INFO featured[13761]:   File "<frozen genericpath>", line 152, in _check_arg_types
2025 Feb 11 02:59:18.476592 sonic INFO featured[13761]: TypeError: join() argument must be str, bytes, or os.PathLike object, not 'NoneType'
2025 Feb 11 02:59:18.495998 sonic NOTICE systemd[1]: featured.service: Main process exited, code=exited, status=1/FAILURE
2025 Feb 11 02:59:18.496133 sonic WARNING systemd[1]: featured.service: Failed with result 'exit-code'.
2025 Feb 11 02:59:18.527073 sonic INFO systemd[1]: Started featured.service - Feature configuration daemon.
2025 Feb 11 02:59:18.656583 sonic INFO featured: ConfigDB connect success
2025 Feb 11 02:59:18.660617 sonic INFO featured[13764]: Traceback (most recent call last):
2025 Feb 11 02:59:18.660677 sonic INFO featured[13764]:   File "/usr/local/bin/featured", line 598, in <module>
2025 Feb 11 02:59:18.660814 sonic INFO featured[13764]:     main()
2025 Feb 11 02:59:18.660853 sonic INFO featured[13764]:   File "/usr/local/bin/featured", line 591, in main
2025 Feb 11 02:59:18.660977 sonic INFO featured[13764]:     daemon = FeatureDaemon()
2025 Feb 11 02:59:18.661016 sonic INFO featured[13764]:              ^^^^^^^^^^^^^^^
2025 Feb 11 02:59:18.661033 sonic INFO featured[13764]:   File "/usr/local/bin/featured", line 529, in __init__
2025 Feb 11 02:59:18.661099 sonic INFO featured[13764]:     self.feature_handler = FeatureHandler(self.config_db, feature_state_table, self.device_config, self.advanced_boot)
2025 Feb 11 02:59:18.661149 sonic INFO featured[13764]:                            ^^^^^^^^^^^^^^^^^^^^^^^^^^^^^^^^^^^^^^^^^^^^^^^^^^^^^^^^^^^^^^^^^^^^^^^^^^^^^^^^^^^^^^^^^^^
2025 Feb 11 02:59:18.661176 sonic INFO featured[13764]:   File "/usr/local/bin/featured", line 136, in __init__
2025 Feb 11 02:59:18.661207 sonic INFO featured[13764]:     self._device_running_config = device_info.get_device_runtime_metadata()
2025 Feb 11 02:59:18.661238 sonic INFO featured[13764]:                                   ^^^^^^^^^^^^^^^^^^^^^^^^^^^^^^^^^^^^^^^^^
2025 Feb 11 02:59:18.661263 sonic INFO featured[13764]:   File "/usr/local/lib/python3.11/dist-packages/sonic_py_common/device_info.py", line 680, in get_device_runtime_metadata
2025 Feb 11 02:59:18.661368 sonic INFO featured[13764]:     port_metadata = {'ETHERNET_PORTS_PRESENT': True if get_path_to_port_config_file(hwsku=None, asic="0" if is_multi_npu() else None) else False}
2025 Feb 11 02:59:18.661406 sonic INFO featured[13764]:                                                        ^^^^^^^^^^^^^^^^^^^^^^^^^^^^^^^^^^^^^^^^^^^^^^^^^^^^^^^^^^^^^^^^^^^^^^^^^^^^^^
2025 Feb 11 02:59:18.661423 sonic INFO featured[13764]:   File "/usr/local/lib/python3.11/dist-packages/sonic_py_common/device_info.py", line 446, in get_path_to_port_config_file
2025 Feb 11 02:59:18.661530 sonic INFO featured[13764]:     (platform_path, hwsku_path) = get_paths_to_platform_and_hwsku_dirs()
2025 Feb 11 02:59:18.661569 sonic INFO featured[13764]:                                   ^^^^^^^^^^^^^^^^^^^^^^^^^^^^^^^^^^^^^^
2025 Feb 11 02:59:18.661585 sonic INFO featured[13764]:   File "/usr/local/lib/python3.11/dist-packages/sonic_py_common/device_info.py", line 412, in get_paths_to_platform_and_hwsku_dirs
2025 Feb 11 02:59:18.661659 sonic INFO featured[13764]:     hwsku_path = os.path.join(platform_path, hwsku)
2025 Feb 11 02:59:18.661696 sonic INFO featured[13764]:                  ^^^^^^^^^^^^^^^^^^^^^^^^^^^^^^^^^^
2025 Feb 11 02:59:18.661719 sonic INFO featured[13764]:   File "<frozen posixpath>", line 90, in join
2025 Feb 11 02:59:18.661744 sonic INFO featured[13764]:   File "<frozen genericpath>", line 152, in _check_arg_types
2025 Feb 11 02:59:18.661760 sonic INFO featured[13764]: TypeError: join() argument must be str, bytes, or os.PathLike object, not 'NoneType'
2025 Feb 11 02:59:18.679485 sonic NOTICE systemd[1]: featured.service: Main process exited, code=exited, status=1/FAILURE
2025 Feb 11 02:59:18.679647 sonic WARNING systemd[1]: featured.service: Failed with result 'exit-code'.
2025 Feb 11 02:59:18.718860 sonic INFO systemd[1]: Started featured.service - Feature configuration daemon.
2025 Feb 11 02:59:18.851362 sonic INFO featured: ConfigDB connect success
2025 Feb 11 02:59:18.855522 sonic INFO featured[13766]: Traceback (most recent call last):
2025 Feb 11 02:59:18.855589 sonic INFO featured[13766]:   File "/usr/local/bin/featured", line 598, in <module>
2025 Feb 11 02:59:18.855697 sonic INFO featured[13766]:     main()
2025 Feb 11 02:59:18.855737 sonic INFO featured[13766]:   File "/usr/local/bin/featured", line 591, in main
2025 Feb 11 02:59:18.855867 sonic INFO featured[13766]:     daemon = FeatureDaemon()
2025 Feb 11 02:59:18.855899 sonic INFO featured[13766]:              ^^^^^^^^^^^^^^^
2025 Feb 11 02:59:18.855921 sonic INFO featured[13766]:   File "/usr/local/bin/featured", line 529, in __init__
2025 Feb 11 02:59:18.855986 sonic INFO featured[13766]:     self.feature_handler = FeatureHandler(self.config_db, feature_state_table, self.device_config, self.advanced_boot)
2025 Feb 11 02:59:18.856023 sonic INFO featured[13766]:                            ^^^^^^^^^^^^^^^^^^^^^^^^^^^^^^^^^^^^^^^^^^^^^^^^^^^^^^^^^^^^^^^^^^^^^^^^^^^^^^^^^^^^^^^^^^^
2025 Feb 11 02:59:18.856046 sonic INFO featured[13766]:   File "/usr/local/bin/featured", line 136, in __init__
2025 Feb 11 02:59:18.856094 sonic INFO featured[13766]:     self._device_running_config = device_info.get_device_runtime_metadata()
2025 Feb 11 02:59:18.856131 sonic INFO featured[13766]:                                   ^^^^^^^^^^^^^^^^^^^^^^^^^^^^^^^^^^^^^^^^^
2025 Feb 11 02:59:18.856157 sonic INFO featured[13766]:   File "/usr/local/lib/python3.11/dist-packages/sonic_py_common/device_info.py", line 680, in get_device_runtime_metadata
2025 Feb 11 02:59:18.856241 sonic INFO featured[13766]:     port_metadata = {'ETHERNET_PORTS_PRESENT': True if get_path_to_port_config_file(hwsku=None, asic="0" if is_multi_npu() else None) else False}
2025 Feb 11 02:59:18.856296 sonic INFO featured[13766]:                                                        ^^^^^^^^^^^^^^^^^^^^^^^^^^^^^^^^^^^^^^^^^^^^^^^^^^^^^^^^^^^^^^^^^^^^^^^^^^^^^^
2025 Feb 11 02:59:18.856323 sonic INFO featured[13766]:   File "/usr/local/lib/python3.11/dist-packages/sonic_py_common/device_info.py", line 446, in get_path_to_port_config_file
2025 Feb 11 02:59:18.856390 sonic INFO featured[13766]:     (platform_path, hwsku_path) = get_paths_to_platform_and_hwsku_dirs()
2025 Feb 11 02:59:18.856421 sonic INFO featured[13766]:                                   ^^^^^^^^^^^^^^^^^^^^^^^^^^^^^^^^^^^^^^
2025 Feb 11 02:59:18.856455 sonic INFO featured[13766]:   File "/usr/local/lib/python3.11/dist-packages/sonic_py_common/device_info.py", line 412, in get_paths_to_platform_and_hwsku_dirs
2025 Feb 11 02:59:18.856500 sonic INFO featured[13766]:     hwsku_path = os.path.join(platform_path, hwsku)
2025 Feb 11 02:59:18.856533 sonic INFO featured[13766]:                  ^^^^^^^^^^^^^^^^^^^^^^^^^^^^^^^^^^
2025 Feb 11 02:59:18.856558 sonic INFO featured[13766]:   File "<frozen posixpath>", line 90, in join
2025 Feb 11 02:59:18.856583 sonic INFO featured[13766]:   File "<frozen genericpath>", line 152, in _check_arg_types
2025 Feb 11 02:59:18.856612 sonic INFO featured[13766]: TypeError: join() argument must be str, bytes, or os.PathLike object, not 'NoneType'
2025 Feb 11 02:59:18.893193 sonic NOTICE systemd[1]: featured.service: Main process exited, code=exited, status=1/FAILURE
2025 Feb 11 02:59:18.893402 sonic WARNING systemd[1]: featured.service: Failed with result 'exit-code'.
2025 Feb 11 02:59:18.938618 sonic INFO systemd[1]: Started featured.service - Feature configuration daemon.
2025 Feb 11 02:59:19.072519 sonic INFO featured: ConfigDB connect success
2025 Feb 11 02:59:19.076534 sonic INFO featured[13767]: Traceback (most recent call last):
2025 Feb 11 02:59:19.076585 sonic INFO featured[13767]:   File "/usr/local/bin/featured", line 598, in <module>
2025 Feb 11 02:59:19.076705 sonic INFO featured[13767]:     main()
2025 Feb 11 02:59:19.076747 sonic INFO featured[13767]:   File "/usr/local/bin/featured", line 591, in main
2025 Feb 11 02:59:19.076864 sonic INFO featured[13767]:     daemon = FeatureDaemon()
2025 Feb 11 02:59:19.076903 sonic INFO featured[13767]:              ^^^^^^^^^^^^^^^
2025 Feb 11 02:59:19.076921 sonic INFO featured[13767]:   File "/usr/local/bin/featured", line 529, in __init__
2025 Feb 11 02:59:19.076984 sonic INFO featured[13767]:     self.feature_handler = FeatureHandler(self.config_db, feature_state_table, self.device_config, self.advanced_boot)
2025 Feb 11 02:59:19.077017 sonic INFO featured[13767]:                            ^^^^^^^^^^^^^^^^^^^^^^^^^^^^^^^^^^^^^^^^^^^^^^^^^^^^^^^^^^^^^^^^^^^^^^^^^^^^^^^^^^^^^^^^^^^
2025 Feb 11 02:59:19.077043 sonic INFO featured[13767]:   File "/usr/local/bin/featured", line 136, in __init__
2025 Feb 11 02:59:19.077073 sonic INFO featured[13767]:     self._device_running_config = device_info.get_device_runtime_metadata()
2025 Feb 11 02:59:19.077105 sonic INFO featured[13767]:                                   ^^^^^^^^^^^^^^^^^^^^^^^^^^^^^^^^^^^^^^^^^
2025 Feb 11 02:59:19.077130 sonic INFO featured[13767]:   File "/usr/local/lib/python3.11/dist-packages/sonic_py_common/device_info.py", line 680, in get_device_runtime_metadata
2025 Feb 11 02:59:19.077210 sonic INFO featured[13767]:     port_metadata = {'ETHERNET_PORTS_PRESENT': True if get_path_to_port_config_file(hwsku=None, asic="0" if is_multi_npu() else None) else False}
2025 Feb 11 02:59:19.077260 sonic INFO featured[13767]:                                                        ^^^^^^^^^^^^^^^^^^^^^^^^^^^^^^^^^^^^^^^^^^^^^^^^^^^^^^^^^^^^^^^^^^^^^^^^^^^^^^
2025 Feb 11 02:59:19.077287 sonic INFO featured[13767]:   File "/usr/local/lib/python3.11/dist-packages/sonic_py_common/device_info.py", line 446, in get_path_to_port_config_file
2025 Feb 11 02:59:19.077352 sonic INFO featured[13767]:     (platform_path, hwsku_path) = get_paths_to_platform_and_hwsku_dirs()
2025 Feb 11 02:59:19.077384 sonic INFO featured[13767]:                                   ^^^^^^^^^^^^^^^^^^^^^^^^^^^^^^^^^^^^^^
2025 Feb 11 02:59:19.077410 sonic INFO featured[13767]:   File "/usr/local/lib/python3.11/dist-packages/sonic_py_common/device_info.py", line 412, in get_paths_to_platform_and_hwsku_dirs
2025 Feb 11 02:59:19.077459 sonic INFO featured[13767]:     hwsku_path = os.path.join(platform_path, hwsku)
2025 Feb 11 02:59:19.077621 sonic INFO featured[13767]:                  ^^^^^^^^^^^^^^^^^^^^^^^^^^^^^^^^^^
2025 Feb 11 02:59:19.077661 sonic INFO featured[13767]:   File "<frozen posixpath>", line 90, in join
2025 Feb 11 02:59:19.077689 sonic INFO featured[13767]:   File "<frozen genericpath>", line 152, in _check_arg_types
2025 Feb 11 02:59:19.077711 sonic INFO featured[13767]: TypeError: join() argument must be str, bytes, or os.PathLike object, not 'NoneType'
2025 Feb 11 02:59:19.095932 sonic NOTICE systemd[1]: featured.service: Main process exited, code=exited, status=1/FAILURE
2025 Feb 11 02:59:19.096082 sonic WARNING systemd[1]: featured.service: Failed with result 'exit-code'.
2025 Feb 11 02:59:19.134561 sonic INFO systemd[1]: Started featured.service - Feature configuration daemon.
2025 Feb 11 02:59:19.282726 sonic INFO featured: ConfigDB connect success
2025 Feb 11 02:59:19.286684 sonic INFO featured[13769]: Traceback (most recent call last):
2025 Feb 11 02:59:19.286744 sonic INFO featured[13769]:   File "/usr/local/bin/featured", line 598, in <module>
2025 Feb 11 02:59:19.286859 sonic INFO featured[13769]:     main()
2025 Feb 11 02:59:19.286897 sonic INFO featured[13769]:   File "/usr/local/bin/featured", line 591, in main
2025 Feb 11 02:59:19.287016 sonic INFO featured[13769]:     daemon = FeatureDaemon()
2025 Feb 11 02:59:19.287055 sonic INFO featured[13769]:              ^^^^^^^^^^^^^^^
2025 Feb 11 02:59:19.287072 sonic INFO featured[13769]:   File "/usr/local/bin/featured", line 529, in __init__
2025 Feb 11 02:59:19.287134 sonic INFO featured[13769]:     self.feature_handler = FeatureHandler(self.config_db, feature_state_table, self.device_config, self.advanced_boot)
2025 Feb 11 02:59:19.287169 sonic INFO featured[13769]:                            ^^^^^^^^^^^^^^^^^^^^^^^^^^^^^^^^^^^^^^^^^^^^^^^^^^^^^^^^^^^^^^^^^^^^^^^^^^^^^^^^^^^^^^^^^^^
2025 Feb 11 02:59:19.287192 sonic INFO featured[13769]:   File "/usr/local/bin/featured", line 136, in __init__
2025 Feb 11 02:59:19.287239 sonic INFO featured[13769]:     self._device_running_config = device_info.get_device_runtime_metadata()
2025 Feb 11 02:59:19.287271 sonic INFO featured[13769]:                                   ^^^^^^^^^^^^^^^^^^^^^^^^^^^^^^^^^^^^^^^^^
2025 Feb 11 02:59:19.287297 sonic INFO featured[13769]:   File "/usr/local/lib/python3.11/dist-packages/sonic_py_common/device_info.py", line 680, in get_device_runtime_metadata
2025 Feb 11 02:59:19.287394 sonic INFO featured[13769]:     port_metadata = {'ETHERNET_PORTS_PRESENT': True if get_path_to_port_config_file(hwsku=None, asic="0" if is_multi_npu() else None) else False}
2025 Feb 11 02:59:19.287429 sonic INFO featured[13769]:                                                        ^^^^^^^^^^^^^^^^^^^^^^^^^^^^^^^^^^^^^^^^^^^^^^^^^^^^^^^^^^^^^^^^^^^^^^^^^^^^^^
2025 Feb 11 02:59:19.287455 sonic INFO featured[13769]:   File "/usr/local/lib/python3.11/dist-packages/sonic_py_common/device_info.py", line 446, in get_path_to_port_config_file
2025 Feb 11 02:59:19.287515 sonic INFO featured[13769]:     (platform_path, hwsku_path) = get_paths_to_platform_and_hwsku_dirs()
2025 Feb 11 02:59:19.287546 sonic INFO featured[13769]:                                   ^^^^^^^^^^^^^^^^^^^^^^^^^^^^^^^^^^^^^^
2025 Feb 11 02:59:19.287579 sonic INFO featured[13769]:   File "/usr/local/lib/python3.11/dist-packages/sonic_py_common/device_info.py", line 412, in get_paths_to_platform_and_hwsku_dirs
2025 Feb 11 02:59:19.287610 sonic INFO featured[13769]:     hwsku_path = os.path.join(platform_path, hwsku)
2025 Feb 11 02:59:19.287660 sonic INFO featured[13769]:                  ^^^^^^^^^^^^^^^^^^^^^^^^^^^^^^^^^^
2025 Feb 11 02:59:19.287689 sonic INFO featured[13769]:   File "<frozen posixpath>", line 90, in join
2025 Feb 11 02:59:19.287713 sonic INFO featured[13769]:   File "<frozen genericpath>", line 152, in _check_arg_types
2025 Feb 11 02:59:19.287735 sonic INFO featured[13769]: TypeError: join() argument must be str, bytes, or os.PathLike object, not 'NoneType'
2025 Feb 11 02:59:19.305671 sonic NOTICE systemd[1]: featured.service: Main process exited, code=exited, status=1/FAILURE
2025 Feb 11 02:59:19.305823 sonic WARNING systemd[1]: featured.service: Failed with result 'exit-code'.
2025 Feb 11 02:59:19.307527 sonic WARNING systemd[1]: featured.service: Start request repeated too quickly.
2025 Feb 11 02:59:19.307589 sonic WARNING systemd[1]: featured.service: Failed with result 'exit-code'.
2025 Feb 11 02:59:19.307618 sonic ERR systemd[1]: Failed to start featured.service - Feature configuration daemon.
2025 Feb 11 02:59:21.281777 sonic WARNING systemd[1]: featured.service: Start request repeated too quickly.
2025 Feb 11 02:59:21.282329 sonic WARNING systemd[1]: featured.service: Failed with result 'exit-code'.
2025 Feb 11 02:59:21.282386 sonic ERR systemd[1]: Failed to start featured.service - Feature configuration daemon.
2025 Feb 11 02:59:21.779185 sonic INFO systemd[1]: caclmgrd.service: Scheduled restart job, restart counter is at 64.
2025 Feb 11 02:59:21.779531 sonic INFO systemd[1]: Stopped caclmgrd.service - Control Plane ACL configuration daemon.
2025 Feb 11 02:59:21.806257 sonic INFO systemd[1]: Started caclmgrd.service - Control Plane ACL configuration daemon.
2025 Feb 11 02:59:21.806553 sonic WARNING systemd[1]: featured.service: Start request repeated too quickly.
2025 Feb 11 02:59:21.806606 sonic WARNING systemd[1]: featured.service: Failed with result 'exit-code'.
2025 Feb 11 02:59:21.806698 sonic ERR systemd[1]: Failed to start featured.service - Feature configuration daemon.
2025 Feb 11 02:59:21.808293 sonic WARNING systemd[1]: featured.service: Start request repeated too quickly.
2025 Feb 11 02:59:21.808338 sonic WARNING systemd[1]: featured.service: Failed with result 'exit-code'.
2025 Feb 11 02:59:21.808436 sonic ERR systemd[1]: Failed to start featured.service - Feature configuration daemon.
2025 Feb 11 02:59:21.916401 sonic INFO caclmgrd[13779]: Traceback (most recent call last):
2025 Feb 11 02:59:21.916478 sonic INFO caclmgrd[13779]:   File "/usr/local/bin/caclmgrd", line 1146, in <module>
2025 Feb 11 02:59:21.916511 sonic INFO caclmgrd[13779]:     main()
2025 Feb 11 02:59:21.916541 sonic INFO caclmgrd[13779]:   File "/usr/local/bin/caclmgrd", line 1137, in main
2025 Feb 11 02:59:21.916594 sonic INFO caclmgrd[13779]:     caclmgr = ControlPlaneAclManager(SYSLOG_IDENTIFIER)
2025 Feb 11 02:59:21.916658 sonic INFO caclmgrd[13779]:               ^^^^^^^^^^^^^^^^^^^^^^^^^^^^^^^^^^^^^^^^^
2025 Feb 11 02:59:21.916694 sonic INFO caclmgrd[13779]:   File "/usr/local/bin/caclmgrd", line 156, in __init__
2025 Feb 11 02:59:21.916732 sonic INFO caclmgrd[13779]:     if 'subtype' in metadata['localhost'] and metadata['localhost']['subtype'] == 'DualToR':
2025 Feb 11 02:59:21.916761 sonic INFO caclmgrd[13779]:                     ~~~~~~~~^^^^^^^^^^^^^
2025 Feb 11 02:59:21.916785 sonic INFO caclmgrd[13779]: KeyError: 'localhost'
2025 Feb 11 02:59:21.928318 sonic NOTICE systemd[1]: caclmgrd.service: Main process exited, code=exited, status=1/FAILURE
2025 Feb 11 02:59:21.928456 sonic WARNING systemd[1]: caclmgrd.service: Failed with result 'exit-code'.
2025 Feb 11 02:59:21.930011 sonic WARNING systemd[1]: featured.service: Start request repeated too quickly.
2025 Feb 11 02:59:21.930065 sonic WARNING systemd[1]: featured.service: Failed with result 'exit-code'.
2025 Feb 11 02:59:21.930137 sonic ERR systemd[1]: Failed to start featured.service - Feature configuration daemon.
2025 Feb 11 02:59:38.323047 sonic INFO systemd[1]: Started featured.service - Feature configuration daemon.
2025 Feb 11 02:59:38.457829 sonic INFO featured: ConfigDB connect success
2025 Feb 11 02:59:38.461803 sonic INFO featured[13825]: Traceback (most recent call last):
2025 Feb 11 02:59:38.461905 sonic INFO featured[13825]:   File "/usr/local/bin/featured", line 598, in <module>
2025 Feb 11 02:59:38.461967 sonic INFO featured[13825]:     main()
2025 Feb 11 02:59:38.462028 sonic INFO featured[13825]:   File "/usr/local/bin/featured", line 591, in main
2025 Feb 11 02:59:38.462221 sonic INFO featured[13825]:     daemon = FeatureDaemon()
2025 Feb 11 02:59:38.462281 sonic INFO featured[13825]:              ^^^^^^^^^^^^^^^
2025 Feb 11 02:59:38.462334 sonic INFO featured[13825]:   File "/usr/local/bin/featured", line 529, in __init__
2025 Feb 11 02:59:38.462447 sonic INFO featured[13825]:     self.feature_handler = FeatureHandler(self.config_db, feature_state_table, self.device_config, self.advanced_boot)
2025 Feb 11 02:59:38.462505 sonic INFO featured[13825]:                            ^^^^^^^^^^^^^^^^^^^^^^^^^^^^^^^^^^^^^^^^^^^^^^^^^^^^^^^^^^^^^^^^^^^^^^^^^^^^^^^^^^^^^^^^^^^
2025 Feb 11 02:59:38.462535 sonic INFO featured[13825]:   File "/usr/local/bin/featured", line 136, in __init__
2025 Feb 11 02:59:38.462588 sonic INFO featured[13825]:     self._device_running_config = device_info.get_device_runtime_metadata()
2025 Feb 11 02:59:38.462677 sonic INFO featured[13825]:                                   ^^^^^^^^^^^^^^^^^^^^^^^^^^^^^^^^^^^^^^^^^
2025 Feb 11 02:59:38.462723 sonic INFO featured[13825]:   File "/usr/local/lib/python3.11/dist-packages/sonic_py_common/device_info.py", line 680, in get_device_runtime_metadata
2025 Feb 11 02:59:38.462882 sonic INFO featured[13825]:     port_metadata = {'ETHERNET_PORTS_PRESENT': True if get_path_to_port_config_file(hwsku=None, asic="0" if is_multi_npu() else None) else False}
2025 Feb 11 02:59:38.462948 sonic INFO featured[13825]:                                                        ^^^^^^^^^^^^^^^^^^^^^^^^^^^^^^^^^^^^^^^^^^^^^^^^^^^^^^^^^^^^^^^^^^^^^^^^^^^^^^
2025 Feb 11 02:59:38.462994 sonic INFO featured[13825]:   File "/usr/local/lib/python3.11/dist-packages/sonic_py_common/device_info.py", line 446, in get_path_to_port_config_file
2025 Feb 11 02:59:38.463097 sonic INFO featured[13825]:     (platform_path, hwsku_path) = get_paths_to_platform_and_hwsku_dirs()
2025 Feb 11 02:59:38.463150 sonic INFO featured[13825]:                                   ^^^^^^^^^^^^^^^^^^^^^^^^^^^^^^^^^^^^^^
2025 Feb 11 02:59:38.463195 sonic INFO featured[13825]:   File "/usr/local/lib/python3.11/dist-packages/sonic_py_common/device_info.py", line 412, in get_paths_to_platform_and_hwsku_dirs
2025 Feb 11 02:59:38.463286 sonic INFO featured[13825]:     hwsku_path = os.path.join(platform_path, hwsku)
2025 Feb 11 02:59:38.463340 sonic INFO featured[13825]:                  ^^^^^^^^^^^^^^^^^^^^^^^^^^^^^^^^^^
2025 Feb 11 02:59:38.463383 sonic INFO featured[13825]:   File "<frozen posixpath>", line 90, in join
2025 Feb 11 02:59:38.463424 sonic INFO featured[13825]:   File "<frozen genericpath>", line 152, in _check_arg_types
2025 Feb 11 02:59:38.463472 sonic INFO featured[13825]: TypeError: join() argument must be str, bytes, or os.PathLike object, not 'NoneType'
2025 Feb 11 02:59:38.481765 sonic NOTICE systemd[1]: featured.service: Main process exited, code=exited, status=1/FAILURE
2025 Feb 11 02:59:38.481852 sonic WARNING systemd[1]: featured.service: Failed with result 'exit-code'.
2025 Feb 11 02:59:38.510529 sonic INFO systemd[1]: Started featured.service - Feature configuration daemon.
2025 Feb 11 02:59:38.640024 sonic INFO featured: ConfigDB connect success
2025 Feb 11 02:59:38.643919 sonic INFO featured[13826]: Traceback (most recent call last):
2025 Feb 11 02:59:38.643998 sonic INFO featured[13826]:   File "/usr/local/bin/featured", line 598, in <module>
2025 Feb 11 02:59:38.644040 sonic INFO featured[13826]:     main()
2025 Feb 11 02:59:38.644079 sonic INFO featured[13826]:   File "/usr/local/bin/featured", line 591, in main
2025 Feb 11 02:59:38.644200 sonic INFO featured[13826]:     daemon = FeatureDaemon()
2025 Feb 11 02:59:38.644251 sonic INFO featured[13826]:              ^^^^^^^^^^^^^^^
2025 Feb 11 02:59:38.644289 sonic INFO featured[13826]:   File "/usr/local/bin/featured", line 529, in __init__
2025 Feb 11 02:59:38.644327 sonic INFO featured[13826]:     self.feature_handler = FeatureHandler(self.config_db, feature_state_table, self.device_config, self.advanced_boot)
2025 Feb 11 02:59:38.644382 sonic INFO featured[13826]:                            ^^^^^^^^^^^^^^^^^^^^^^^^^^^^^^^^^^^^^^^^^^^^^^^^^^^^^^^^^^^^^^^^^^^^^^^^^^^^^^^^^^^^^^^^^^^
2025 Feb 11 02:59:38.644412 sonic INFO featured[13826]:   File "/usr/local/bin/featured", line 136, in __init__
2025 Feb 11 02:59:38.644453 sonic INFO featured[13826]:     self._device_running_config = device_info.get_device_runtime_metadata()
2025 Feb 11 02:59:38.644484 sonic INFO featured[13826]:                                   ^^^^^^^^^^^^^^^^^^^^^^^^^^^^^^^^^^^^^^^^^
2025 Feb 11 02:59:38.644533 sonic INFO featured[13826]:   File "/usr/local/lib/python3.11/dist-packages/sonic_py_common/device_info.py", line 680, in get_device_runtime_metadata
2025 Feb 11 02:59:38.644576 sonic INFO featured[13826]:     port_metadata = {'ETHERNET_PORTS_PRESENT': True if get_path_to_port_config_file(hwsku=None, asic="0" if is_multi_npu() else None) else False}
2025 Feb 11 02:59:38.644640 sonic INFO featured[13826]:                                                        ^^^^^^^^^^^^^^^^^^^^^^^^^^^^^^^^^^^^^^^^^^^^^^^^^^^^^^^^^^^^^^^^^^^^^^^^^^^^^^
2025 Feb 11 02:59:38.644669 sonic INFO featured[13826]:   File "/usr/local/lib/python3.11/dist-packages/sonic_py_common/device_info.py", line 446, in get_path_to_port_config_file
2025 Feb 11 02:59:38.644710 sonic INFO featured[13826]:     (platform_path, hwsku_path) = get_paths_to_platform_and_hwsku_dirs()
2025 Feb 11 02:59:38.644739 sonic INFO featured[13826]:                                   ^^^^^^^^^^^^^^^^^^^^^^^^^^^^^^^^^^^^^^
2025 Feb 11 02:59:38.644774 sonic INFO featured[13826]:   File "/usr/local/lib/python3.11/dist-packages/sonic_py_common/device_info.py", line 412, in get_paths_to_platform_and_hwsku_dirs
2025 Feb 11 02:59:38.644816 sonic INFO featured[13826]:     hwsku_path = os.path.join(platform_path, hwsku)
2025 Feb 11 02:59:38.644857 sonic INFO featured[13826]:                  ^^^^^^^^^^^^^^^^^^^^^^^^^^^^^^^^^^
2025 Feb 11 02:59:38.644886 sonic INFO featured[13826]:   File "<frozen posixpath>", line 90, in join
2025 Feb 11 02:59:38.644916 sonic INFO featured[13826]:   File "<frozen genericpath>", line 152, in _check_arg_types
2025 Feb 11 02:59:38.644946 sonic INFO featured[13826]: TypeError: join() argument must be str, bytes, or os.PathLike object, not 'NoneType'
2025 Feb 11 02:59:38.662805 sonic NOTICE systemd[1]: featured.service: Main process exited, code=exited, status=1/FAILURE
2025 Feb 11 02:59:38.662957 sonic WARNING systemd[1]: featured.service: Failed with result 'exit-code'.
2025 Feb 11 02:59:38.694751 sonic INFO systemd[1]: Started featured.service - Feature configuration daemon.
2025 Feb 11 02:59:38.837716 sonic INFO featured: ConfigDB connect success
2025 Feb 11 02:59:38.848787 sonic INFO featured[13827]: Traceback (most recent call last):
2025 Feb 11 02:59:38.849160 sonic INFO featured[13827]:   File "/usr/local/bin/featured", line 598, in <module>
2025 Feb 11 02:59:38.849244 sonic INFO featured[13827]:     main()
2025 Feb 11 02:59:38.849293 sonic INFO featured[13827]:   File "/usr/local/bin/featured", line 591, in main
2025 Feb 11 02:59:38.849321 sonic INFO featured[13827]:     daemon = FeatureDaemon()
2025 Feb 11 02:59:38.849346 sonic INFO featured[13827]:              ^^^^^^^^^^^^^^^
2025 Feb 11 02:59:38.849370 sonic INFO featured[13827]:   File "/usr/local/bin/featured", line 529, in __init__
2025 Feb 11 02:59:38.849387 sonic INFO featured[13827]:     self.feature_handler = FeatureHandler(self.config_db, feature_state_table, self.device_config, self.advanced_boot)
2025 Feb 11 02:59:38.849420 sonic INFO featured[13827]:                            ^^^^^^^^^^^^^^^^^^^^^^^^^^^^^^^^^^^^^^^^^^^^^^^^^^^^^^^^^^^^^^^^^^^^^^^^^^^^^^^^^^^^^^^^^^^
2025 Feb 11 02:59:38.849447 sonic INFO featured[13827]:   File "/usr/local/bin/featured", line 136, in __init__
2025 Feb 11 02:59:38.849470 sonic INFO featured[13827]:     self._device_running_config = device_info.get_device_runtime_metadata()
2025 Feb 11 02:59:38.849549 sonic INFO featured[13827]:                                   ^^^^^^^^^^^^^^^^^^^^^^^^^^^^^^^^^^^^^^^^^
2025 Feb 11 02:59:38.849574 sonic INFO featured[13827]:   File "/usr/local/lib/python3.11/dist-packages/sonic_py_common/device_info.py", line 680, in get_device_runtime_metadata
2025 Feb 11 02:59:38.849648 sonic INFO featured[13827]:     port_metadata = {'ETHERNET_PORTS_PRESENT': True if get_path_to_port_config_file(hwsku=None, asic="0" if is_multi_npu() else None) else False}
2025 Feb 11 02:59:38.849685 sonic INFO featured[13827]:                                                        ^^^^^^^^^^^^^^^^^^^^^^^^^^^^^^^^^^^^^^^^^^^^^^^^^^^^^^^^^^^^^^^^^^^^^^^^^^^^^^
2025 Feb 11 02:59:38.849721 sonic INFO featured[13827]:   File "/usr/local/lib/python3.11/dist-packages/sonic_py_common/device_info.py", line 446, in get_path_to_port_config_file
2025 Feb 11 02:59:38.849791 sonic INFO featured[13827]:     (platform_path, hwsku_path) = get_paths_to_platform_and_hwsku_dirs()
2025 Feb 11 02:59:38.849829 sonic INFO featured[13827]:                                   ^^^^^^^^^^^^^^^^^^^^^^^^^^^^^^^^^^^^^^
2025 Feb 11 02:59:38.849848 sonic INFO featured[13827]:   File "/usr/local/lib/python3.11/dist-packages/sonic_py_common/device_info.py", line 412, in get_paths_to_platform_and_hwsku_dirs
2025 Feb 11 02:59:38.849879 sonic INFO featured[13827]:     hwsku_path = os.path.join(platform_path, hwsku)
2025 Feb 11 02:59:38.849911 sonic INFO featured[13827]:                  ^^^^^^^^^^^^^^^^^^^^^^^^^^^^^^^^^^
2025 Feb 11 02:59:38.849938 sonic INFO featured[13827]:   File "<frozen posixpath>", line 90, in join
2025 Feb 11 02:59:38.849962 sonic INFO featured[13827]:   File "<frozen genericpath>", line 152, in _check_arg_types
2025 Feb 11 02:59:38.850001 sonic INFO featured[13827]: TypeError: join() argument must be str, bytes, or os.PathLike object, not 'NoneType'
2025 Feb 11 02:59:38.871060 sonic NOTICE systemd[1]: featured.service: Main process exited, code=exited, status=1/FAILURE
2025 Feb 11 02:59:38.871248 sonic WARNING systemd[1]: featured.service: Failed with result 'exit-code'.
2025 Feb 11 02:59:38.900066 sonic INFO systemd[1]: Started featured.service - Feature configuration daemon.
2025 Feb 11 02:59:39.034498 sonic INFO featured: ConfigDB connect success
2025 Feb 11 02:59:39.038627 sonic INFO featured[13830]: Traceback (most recent call last):
2025 Feb 11 02:59:39.038693 sonic INFO featured[13830]:   File "/usr/local/bin/featured", line 598, in <module>
2025 Feb 11 02:59:39.038779 sonic INFO featured[13830]:     main()
2025 Feb 11 02:59:39.038819 sonic INFO featured[13830]:   File "/usr/local/bin/featured", line 591, in main
2025 Feb 11 02:59:39.038935 sonic INFO featured[13830]:     daemon = FeatureDaemon()
2025 Feb 11 02:59:39.038975 sonic INFO featured[13830]:              ^^^^^^^^^^^^^^^
2025 Feb 11 02:59:39.038991 sonic INFO featured[13830]:   File "/usr/local/bin/featured", line 529, in __init__
2025 Feb 11 02:59:39.039057 sonic INFO featured[13830]:     self.feature_handler = FeatureHandler(self.config_db, feature_state_table, self.device_config, self.advanced_boot)
2025 Feb 11 02:59:39.039093 sonic INFO featured[13830]:                            ^^^^^^^^^^^^^^^^^^^^^^^^^^^^^^^^^^^^^^^^^^^^^^^^^^^^^^^^^^^^^^^^^^^^^^^^^^^^^^^^^^^^^^^^^^^
2025 Feb 11 02:59:39.039109 sonic INFO featured[13830]:   File "/usr/local/bin/featured", line 136, in __init__
2025 Feb 11 02:59:39.039159 sonic INFO featured[13830]:     self._device_running_config = device_info.get_device_runtime_metadata()
2025 Feb 11 02:59:39.039198 sonic INFO featured[13830]:                                   ^^^^^^^^^^^^^^^^^^^^^^^^^^^^^^^^^^^^^^^^^
2025 Feb 11 02:59:39.039224 sonic INFO featured[13830]:   File "/usr/local/lib/python3.11/dist-packages/sonic_py_common/device_info.py", line 680, in get_device_runtime_metadata
2025 Feb 11 02:59:39.039320 sonic INFO featured[13830]:     port_metadata = {'ETHERNET_PORTS_PRESENT': True if get_path_to_port_config_file(hwsku=None, asic="0" if is_multi_npu() else None) else False}
2025 Feb 11 02:59:39.039358 sonic INFO featured[13830]:                                                        ^^^^^^^^^^^^^^^^^^^^^^^^^^^^^^^^^^^^^^^^^^^^^^^^^^^^^^^^^^^^^^^^^^^^^^^^^^^^^^
2025 Feb 11 02:59:39.039375 sonic INFO featured[13830]:   File "/usr/local/lib/python3.11/dist-packages/sonic_py_common/device_info.py", line 446, in get_path_to_port_config_file
2025 Feb 11 02:59:39.039442 sonic INFO featured[13830]:     (platform_path, hwsku_path) = get_paths_to_platform_and_hwsku_dirs()
2025 Feb 11 02:59:39.039473 sonic INFO featured[13830]:                                   ^^^^^^^^^^^^^^^^^^^^^^^^^^^^^^^^^^^^^^
2025 Feb 11 02:59:39.039498 sonic INFO featured[13830]:   File "/usr/local/lib/python3.11/dist-packages/sonic_py_common/device_info.py", line 412, in get_paths_to_platform_and_hwsku_dirs
2025 Feb 11 02:59:39.039550 sonic INFO featured[13830]:     hwsku_path = os.path.join(platform_path, hwsku)
2025 Feb 11 02:59:39.039583 sonic INFO featured[13830]:                  ^^^^^^^^^^^^^^^^^^^^^^^^^^^^^^^^^^
2025 Feb 11 02:59:39.039629 sonic INFO featured[13830]:   File "<frozen posixpath>", line 90, in join
2025 Feb 11 02:59:39.039653 sonic INFO featured[13830]:   File "<frozen genericpath>", line 152, in _check_arg_types
2025 Feb 11 02:59:39.039677 sonic INFO featured[13830]: TypeError: join() argument must be str, bytes, or os.PathLike object, not 'NoneType'
2025 Feb 11 02:59:39.057916 sonic NOTICE systemd[1]: featured.service: Main process exited, code=exited, status=1/FAILURE
2025 Feb 11 02:59:39.058061 sonic WARNING systemd[1]: featured.service: Failed with result 'exit-code'.
2025 Feb 11 02:59:39.074548 sonic INFO systemd[1]: Started featured.service - Feature configuration daemon.
2025 Feb 11 02:59:39.215942 sonic INFO featured: ConfigDB connect success
2025 Feb 11 02:59:39.219801 sonic INFO featured[13832]: Traceback (most recent call last):
2025 Feb 11 02:59:39.219857 sonic INFO featured[13832]:   File "/usr/local/bin/featured", line 598, in <module>
2025 Feb 11 02:59:39.219960 sonic INFO featured[13832]:     main()
2025 Feb 11 02:59:39.219999 sonic INFO featured[13832]:   File "/usr/local/bin/featured", line 591, in main
2025 Feb 11 02:59:39.220114 sonic INFO featured[13832]:     daemon = FeatureDaemon()
2025 Feb 11 02:59:39.220154 sonic INFO featured[13832]:              ^^^^^^^^^^^^^^^
2025 Feb 11 02:59:39.220171 sonic INFO featured[13832]:   File "/usr/local/bin/featured", line 529, in __init__
2025 Feb 11 02:59:39.220293 sonic INFO featured[13832]:     self.feature_handler = FeatureHandler(self.config_db, feature_state_table, self.device_config, self.advanced_boot)
2025 Feb 11 02:59:39.220335 sonic INFO featured[13832]:                            ^^^^^^^^^^^^^^^^^^^^^^^^^^^^^^^^^^^^^^^^^^^^^^^^^^^^^^^^^^^^^^^^^^^^^^^^^^^^^^^^^^^^^^^^^^^
2025 Feb 11 02:59:39.220352 sonic INFO featured[13832]:   File "/usr/local/bin/featured", line 136, in __init__
2025 Feb 11 02:59:39.220384 sonic INFO featured[13832]:     self._device_running_config = device_info.get_device_runtime_metadata()
2025 Feb 11 02:59:39.220415 sonic INFO featured[13832]:                                   ^^^^^^^^^^^^^^^^^^^^^^^^^^^^^^^^^^^^^^^^^
2025 Feb 11 02:59:39.220441 sonic INFO featured[13832]:   File "/usr/local/lib/python3.11/dist-packages/sonic_py_common/device_info.py", line 680, in get_device_runtime_metadata
2025 Feb 11 02:59:39.220522 sonic INFO featured[13832]:     port_metadata = {'ETHERNET_PORTS_PRESENT': True if get_path_to_port_config_file(hwsku=None, asic="0" if is_multi_npu() else None) else False}
2025 Feb 11 02:59:39.220573 sonic INFO featured[13832]:                                                        ^^^^^^^^^^^^^^^^^^^^^^^^^^^^^^^^^^^^^^^^^^^^^^^^^^^^^^^^^^^^^^^^^^^^^^^^^^^^^^
2025 Feb 11 02:59:39.220622 sonic INFO featured[13832]:   File "/usr/local/lib/python3.11/dist-packages/sonic_py_common/device_info.py", line 446, in get_path_to_port_config_file
2025 Feb 11 02:59:39.220686 sonic INFO featured[13832]:     (platform_path, hwsku_path) = get_paths_to_platform_and_hwsku_dirs()
2025 Feb 11 02:59:39.220720 sonic INFO featured[13832]:                                   ^^^^^^^^^^^^^^^^^^^^^^^^^^^^^^^^^^^^^^
2025 Feb 11 02:59:39.220736 sonic INFO featured[13832]:   File "/usr/local/lib/python3.11/dist-packages/sonic_py_common/device_info.py", line 412, in get_paths_to_platform_and_hwsku_dirs
2025 Feb 11 02:59:39.220849 sonic INFO featured[13832]:     hwsku_path = os.path.join(platform_path, hwsku)
2025 Feb 11 02:59:39.220887 sonic INFO featured[13832]:                  ^^^^^^^^^^^^^^^^^^^^^^^^^^^^^^^^^^
2025 Feb 11 02:59:39.220904 sonic INFO featured[13832]:   File "<frozen posixpath>", line 90, in join
2025 Feb 11 02:59:39.220924 sonic INFO featured[13832]:   File "<frozen genericpath>", line 152, in _check_arg_types
2025 Feb 11 02:59:39.220955 sonic INFO featured[13832]: TypeError: join() argument must be str, bytes, or os.PathLike object, not 'NoneType'
2025 Feb 11 02:59:39.239288 sonic NOTICE systemd[1]: featured.service: Main process exited, code=exited, status=1/FAILURE
2025 Feb 11 02:59:39.239483 sonic WARNING systemd[1]: featured.service: Failed with result 'exit-code'.
2025 Feb 11 02:59:39.241279 sonic WARNING systemd[1]: featured.service: Start request repeated too quickly.
2025 Feb 11 02:59:39.241381 sonic WARNING systemd[1]: featured.service: Failed with result 'exit-code'.
2025 Feb 11 02:59:39.241451 sonic ERR systemd[1]: Failed to start featured.service - Feature configuration daemon.
2025 Feb 11 02:59:48.280705 sonic WARNING systemd[1]: featured.service: Start request repeated too quickly.
2025 Feb 11 02:59:48.281137 sonic WARNING systemd[1]: featured.service: Failed with result 'exit-code'.
2025 Feb 11 02:59:48.281192 sonic ERR systemd[1]: Failed to start featured.service - Feature configuration daemon.
2025 Feb 11 02:59:51.343206 sonic INFO systemd[1]: Started featured.service - Feature configuration daemon.
2025 Feb 11 02:59:51.494182 sonic INFO featured: ConfigDB connect success
2025 Feb 11 02:59:51.498218 sonic INFO featured[13860]: Traceback (most recent call last):
2025 Feb 11 02:59:51.498324 sonic INFO featured[13860]:   File "/usr/local/bin/featured", line 598, in <module>
2025 Feb 11 02:59:51.498387 sonic INFO featured[13860]:     main()
2025 Feb 11 02:59:51.498418 sonic INFO featured[13860]:   File "/usr/local/bin/featured", line 591, in main
2025 Feb 11 02:59:51.498519 sonic INFO featured[13860]:     daemon = FeatureDaemon()
2025 Feb 11 02:59:51.498553 sonic INFO featured[13860]:              ^^^^^^^^^^^^^^^
2025 Feb 11 02:59:51.498591 sonic INFO featured[13860]:   File "/usr/local/bin/featured", line 529, in __init__
2025 Feb 11 02:59:51.498693 sonic INFO featured[13860]:     self.feature_handler = FeatureHandler(self.config_db, feature_state_table, self.device_config, self.advanced_boot)
2025 Feb 11 02:59:51.498732 sonic INFO featured[13860]:                            ^^^^^^^^^^^^^^^^^^^^^^^^^^^^^^^^^^^^^^^^^^^^^^^^^^^^^^^^^^^^^^^^^^^^^^^^^^^^^^^^^^^^^^^^^^^
2025 Feb 11 02:59:51.498749 sonic INFO featured[13860]:   File "/usr/local/bin/featured", line 136, in __init__
2025 Feb 11 02:59:51.498780 sonic INFO featured[13860]:     self._device_running_config = device_info.get_device_runtime_metadata()
2025 Feb 11 02:59:51.498812 sonic INFO featured[13860]:                                   ^^^^^^^^^^^^^^^^^^^^^^^^^^^^^^^^^^^^^^^^^
2025 Feb 11 02:59:51.498837 sonic INFO featured[13860]:   File "/usr/local/lib/python3.11/dist-packages/sonic_py_common/device_info.py", line 680, in get_device_runtime_metadata
2025 Feb 11 02:59:51.498935 sonic INFO featured[13860]:     port_metadata = {'ETHERNET_PORTS_PRESENT': True if get_path_to_port_config_file(hwsku=None, asic="0" if is_multi_npu() else None) else False}
2025 Feb 11 02:59:51.498973 sonic INFO featured[13860]:                                                        ^^^^^^^^^^^^^^^^^^^^^^^^^^^^^^^^^^^^^^^^^^^^^^^^^^^^^^^^^^^^^^^^^^^^^^^^^^^^^^
2025 Feb 11 02:59:51.498990 sonic INFO featured[13860]:   File "/usr/local/lib/python3.11/dist-packages/sonic_py_common/device_info.py", line 446, in get_path_to_port_config_file
2025 Feb 11 02:59:51.499059 sonic INFO featured[13860]:     (platform_path, hwsku_path) = get_paths_to_platform_and_hwsku_dirs()
2025 Feb 11 02:59:51.499091 sonic INFO featured[13860]:                                   ^^^^^^^^^^^^^^^^^^^^^^^^^^^^^^^^^^^^^^
2025 Feb 11 02:59:51.499117 sonic INFO featured[13860]:   File "/usr/local/lib/python3.11/dist-packages/sonic_py_common/device_info.py", line 412, in get_paths_to_platform_and_hwsku_dirs
2025 Feb 11 02:59:51.499165 sonic INFO featured[13860]:     hwsku_path = os.path.join(platform_path, hwsku)
2025 Feb 11 02:59:51.499198 sonic INFO featured[13860]:                  ^^^^^^^^^^^^^^^^^^^^^^^^^^^^^^^^^^
2025 Feb 11 02:59:51.499224 sonic INFO featured[13860]:   File "<frozen posixpath>", line 90, in join
2025 Feb 11 02:59:51.499255 sonic INFO featured[13860]:   File "<frozen genericpath>", line 152, in _check_arg_types
2025 Feb 11 02:59:51.499281 sonic INFO featured[13860]: TypeError: join() argument must be str, bytes, or os.PathLike object, not 'NoneType'
2025 Feb 11 02:59:51.517395 sonic NOTICE systemd[1]: featured.service: Main process exited, code=exited, status=1/FAILURE
2025 Feb 11 02:59:51.517604 sonic WARNING systemd[1]: featured.service: Failed with result 'exit-code'.
2025 Feb 11 02:59:51.534455 sonic INFO systemd[1]: Started featured.service - Feature configuration daemon.
2025 Feb 11 02:59:51.704564 sonic INFO featured: ConfigDB connect success
2025 Feb 11 02:59:51.708474 sonic INFO featured[13862]: Traceback (most recent call last):
2025 Feb 11 02:59:51.708538 sonic INFO featured[13862]:   File "/usr/local/bin/featured", line 598, in <module>
2025 Feb 11 02:59:51.708679 sonic INFO featured[13862]:     main()
2025 Feb 11 02:59:51.708720 sonic INFO featured[13862]:   File "/usr/local/bin/featured", line 591, in main
2025 Feb 11 02:59:51.708830 sonic INFO featured[13862]:     daemon = FeatureDaemon()
2025 Feb 11 02:59:51.708871 sonic INFO featured[13862]:              ^^^^^^^^^^^^^^^
2025 Feb 11 02:59:51.708888 sonic INFO featured[13862]:   File "/usr/local/bin/featured", line 529, in __init__
2025 Feb 11 02:59:51.708950 sonic INFO featured[13862]:     self.feature_handler = FeatureHandler(self.config_db, feature_state_table, self.device_config, self.advanced_boot)
2025 Feb 11 02:59:51.709015 sonic INFO featured[13862]:                            ^^^^^^^^^^^^^^^^^^^^^^^^^^^^^^^^^^^^^^^^^^^^^^^^^^^^^^^^^^^^^^^^^^^^^^^^^^^^^^^^^^^^^^^^^^^
2025 Feb 11 02:59:51.709042 sonic INFO featured[13862]:   File "/usr/local/bin/featured", line 136, in __init__
2025 Feb 11 02:59:51.709073 sonic INFO featured[13862]:     self._device_running_config = device_info.get_device_runtime_metadata()
2025 Feb 11 02:59:51.709111 sonic INFO featured[13862]:                                   ^^^^^^^^^^^^^^^^^^^^^^^^^^^^^^^^^^^^^^^^^
2025 Feb 11 02:59:51.709138 sonic INFO featured[13862]:   File "/usr/local/lib/python3.11/dist-packages/sonic_py_common/device_info.py", line 680, in get_device_runtime_metadata
2025 Feb 11 02:59:51.709202 sonic INFO featured[13862]:     port_metadata = {'ETHERNET_PORTS_PRESENT': True if get_path_to_port_config_file(hwsku=None, asic="0" if is_multi_npu() else None) else False}
2025 Feb 11 02:59:51.709254 sonic INFO featured[13862]:                                                        ^^^^^^^^^^^^^^^^^^^^^^^^^^^^^^^^^^^^^^^^^^^^^^^^^^^^^^^^^^^^^^^^^^^^^^^^^^^^^^
2025 Feb 11 02:59:51.709281 sonic INFO featured[13862]:   File "/usr/local/lib/python3.11/dist-packages/sonic_py_common/device_info.py", line 446, in get_path_to_port_config_file
2025 Feb 11 02:59:51.709357 sonic INFO featured[13862]:     (platform_path, hwsku_path) = get_paths_to_platform_and_hwsku_dirs()
2025 Feb 11 02:59:51.709389 sonic INFO featured[13862]:                                   ^^^^^^^^^^^^^^^^^^^^^^^^^^^^^^^^^^^^^^
2025 Feb 11 02:59:51.709414 sonic INFO featured[13862]:   File "/usr/local/lib/python3.11/dist-packages/sonic_py_common/device_info.py", line 412, in get_paths_to_platform_and_hwsku_dirs
2025 Feb 11 02:59:51.709445 sonic INFO featured[13862]:     hwsku_path = os.path.join(platform_path, hwsku)
2025 Feb 11 02:59:51.709514 sonic INFO featured[13862]:                  ^^^^^^^^^^^^^^^^^^^^^^^^^^^^^^^^^^
2025 Feb 11 02:59:51.709541 sonic INFO featured[13862]:   File "<frozen posixpath>", line 90, in join
2025 Feb 11 02:59:51.709565 sonic INFO featured[13862]:   File "<frozen genericpath>", line 152, in _check_arg_types
2025 Feb 11 02:59:51.709616 sonic INFO featured[13862]: TypeError: join() argument must be str, bytes, or os.PathLike object, not 'NoneType'
2025 Feb 11 02:59:51.728246 sonic NOTICE systemd[1]: featured.service: Main process exited, code=exited, status=1/FAILURE
2025 Feb 11 02:59:51.728384 sonic WARNING systemd[1]: featured.service: Failed with result 'exit-code'.
2025 Feb 11 02:59:51.760379 sonic INFO systemd[1]: Started featured.service - Feature configuration daemon.
2025 Feb 11 02:59:51.910465 sonic INFO featured: ConfigDB connect success
2025 Feb 11 02:59:51.914737 sonic INFO featured[13863]: Traceback (most recent call last):
2025 Feb 11 02:59:51.914799 sonic INFO featured[13863]:   File "/usr/local/bin/featured", line 598, in <module>
2025 Feb 11 02:59:51.914940 sonic INFO featured[13863]:     main()
2025 Feb 11 02:59:51.914980 sonic INFO featured[13863]:   File "/usr/local/bin/featured", line 591, in main
2025 Feb 11 02:59:51.915151 sonic INFO featured[13863]:     daemon = FeatureDaemon()
2025 Feb 11 02:59:51.915189 sonic INFO featured[13863]:              ^^^^^^^^^^^^^^^
2025 Feb 11 02:59:51.915207 sonic INFO featured[13863]:   File "/usr/local/bin/featured", line 529, in __init__
2025 Feb 11 02:59:51.915351 sonic INFO featured[13863]:     self.feature_handler = FeatureHandler(self.config_db, feature_state_table, self.device_config, self.advanced_boot)
2025 Feb 11 02:59:51.915404 sonic INFO featured[13863]:                            ^^^^^^^^^^^^^^^^^^^^^^^^^^^^^^^^^^^^^^^^^^^^^^^^^^^^^^^^^^^^^^^^^^^^^^^^^^^^^^^^^^^^^^^^^^^
2025 Feb 11 02:59:51.915427 sonic INFO featured[13863]:   File "/usr/local/bin/featured", line 136, in __init__
2025 Feb 11 02:59:51.915531 sonic INFO featured[13863]:     self._device_running_config = device_info.get_device_runtime_metadata()
2025 Feb 11 02:59:51.915597 sonic INFO featured[13863]:                                   ^^^^^^^^^^^^^^^^^^^^^^^^^^^^^^^^^^^^^^^^^
2025 Feb 11 02:59:51.915628 sonic INFO featured[13863]:   File "/usr/local/lib/python3.11/dist-packages/sonic_py_common/device_info.py", line 680, in get_device_runtime_metadata
2025 Feb 11 02:59:51.915772 sonic INFO featured[13863]:     port_metadata = {'ETHERNET_PORTS_PRESENT': True if get_path_to_port_config_file(hwsku=None, asic="0" if is_multi_npu() else None) else False}
2025 Feb 11 02:59:51.915849 sonic INFO featured[13863]:                                                        ^^^^^^^^^^^^^^^^^^^^^^^^^^^^^^^^^^^^^^^^^^^^^^^^^^^^^^^^^^^^^^^^^^^^^^^^^^^^^^
2025 Feb 11 02:59:51.915882 sonic INFO featured[13863]:   File "/usr/local/lib/python3.11/dist-packages/sonic_py_common/device_info.py", line 446, in get_path_to_port_config_file
2025 Feb 11 02:59:51.916053 sonic INFO featured[13863]:     (platform_path, hwsku_path) = get_paths_to_platform_and_hwsku_dirs()
2025 Feb 11 02:59:51.916093 sonic INFO featured[13863]:                                   ^^^^^^^^^^^^^^^^^^^^^^^^^^^^^^^^^^^^^^
2025 Feb 11 02:59:51.916116 sonic INFO featured[13863]:   File "/usr/local/lib/python3.11/dist-packages/sonic_py_common/device_info.py", line 412, in get_paths_to_platform_and_hwsku_dirs
2025 Feb 11 02:59:51.916181 sonic INFO featured[13863]:     hwsku_path = os.path.join(platform_path, hwsku)
2025 Feb 11 02:59:51.916230 sonic INFO featured[13863]:                  ^^^^^^^^^^^^^^^^^^^^^^^^^^^^^^^^^^
2025 Feb 11 02:59:51.916263 sonic INFO featured[13863]:   File "<frozen posixpath>", line 90, in join
2025 Feb 11 02:59:51.916297 sonic INFO featured[13863]:   File "<frozen genericpath>", line 152, in _check_arg_types
2025 Feb 11 02:59:51.916314 sonic INFO featured[13863]: TypeError: join() argument must be str, bytes, or os.PathLike object, not 'NoneType'
2025 Feb 11 02:59:51.934790 sonic NOTICE systemd[1]: featured.service: Main process exited, code=exited, status=1/FAILURE
2025 Feb 11 02:59:51.934934 sonic WARNING systemd[1]: featured.service: Failed with result 'exit-code'.
2025 Feb 11 02:59:51.936285 sonic INFO systemd[1]: caclmgrd.service: Scheduled restart job, restart counter is at 65.
2025 Feb 11 02:59:51.937207 sonic INFO systemd[1]: Stopped caclmgrd.service - Control Plane ACL configuration daemon.
2025 Feb 11 02:59:51.986429 sonic INFO systemd[1]: Started caclmgrd.service - Control Plane ACL configuration daemon.
2025 Feb 11 02:59:51.988627 sonic INFO systemd[1]: Started featured.service - Feature configuration daemon.
2025 Feb 11 02:59:52.092414 sonic INFO caclmgrd[13867]: Traceback (most recent call last):
2025 Feb 11 02:59:52.092484 sonic INFO caclmgrd[13867]:   File "/usr/local/bin/caclmgrd", line 1146, in <module>
2025 Feb 11 02:59:52.092515 sonic INFO caclmgrd[13867]:     main()
2025 Feb 11 02:59:52.092532 sonic INFO caclmgrd[13867]:   File "/usr/local/bin/caclmgrd", line 1137, in main
2025 Feb 11 02:59:52.092650 sonic INFO caclmgrd[13867]:     caclmgr = ControlPlaneAclManager(SYSLOG_IDENTIFIER)
2025 Feb 11 02:59:52.092697 sonic INFO caclmgrd[13867]:               ^^^^^^^^^^^^^^^^^^^^^^^^^^^^^^^^^^^^^^^^^
2025 Feb 11 02:59:52.092714 sonic INFO caclmgrd[13867]:   File "/usr/local/bin/caclmgrd", line 156, in __init__
2025 Feb 11 02:59:52.092748 sonic INFO caclmgrd[13867]:     if 'subtype' in metadata['localhost'] and metadata['localhost']['subtype'] == 'DualToR':
2025 Feb 11 02:59:52.092773 sonic INFO caclmgrd[13867]:                     ~~~~~~~~^^^^^^^^^^^^^
2025 Feb 11 02:59:52.092800 sonic INFO caclmgrd[13867]: KeyError: 'localhost'
2025 Feb 11 02:59:52.104453 sonic NOTICE systemd[1]: caclmgrd.service: Main process exited, code=exited, status=1/FAILURE
2025 Feb 11 02:59:52.104673 sonic WARNING systemd[1]: caclmgrd.service: Failed with result 'exit-code'.
2025 Feb 11 02:59:52.117350 sonic INFO featured: ConfigDB connect success
2025 Feb 11 02:59:52.121458 sonic INFO featured[13868]: Traceback (most recent call last):
2025 Feb 11 02:59:52.121661 sonic INFO featured[13868]:   File "/usr/local/bin/featured", line 598, in <module>
2025 Feb 11 02:59:52.121706 sonic INFO featured[13868]:     main()
2025 Feb 11 02:59:52.121772 sonic INFO featured[13868]:   File "/usr/local/bin/featured", line 591, in main
2025 Feb 11 02:59:52.121970 sonic INFO featured[13868]:     daemon = FeatureDaemon()
2025 Feb 11 02:59:52.122039 sonic INFO featured[13868]:              ^^^^^^^^^^^^^^^
2025 Feb 11 02:59:52.122084 sonic INFO featured[13868]:   File "/usr/local/bin/featured", line 529, in __init__
2025 Feb 11 02:59:52.122137 sonic INFO featured[13868]:     self.feature_handler = FeatureHandler(self.config_db, feature_state_table, self.device_config, self.advanced_boot)
2025 Feb 11 02:59:52.122203 sonic INFO featured[13868]:                            ^^^^^^^^^^^^^^^^^^^^^^^^^^^^^^^^^^^^^^^^^^^^^^^^^^^^^^^^^^^^^^^^^^^^^^^^^^^^^^^^^^^^^^^^^^^
2025 Feb 11 02:59:52.122253 sonic INFO featured[13868]:   File "/usr/local/bin/featured", line 136, in __init__
2025 Feb 11 02:59:52.122322 sonic INFO featured[13868]:     self._device_running_config = device_info.get_device_runtime_metadata()
2025 Feb 11 02:59:52.122378 sonic INFO featured[13868]:                                   ^^^^^^^^^^^^^^^^^^^^^^^^^^^^^^^^^^^^^^^^^
2025 Feb 11 02:59:52.122422 sonic INFO featured[13868]:   File "/usr/local/lib/python3.11/dist-packages/sonic_py_common/device_info.py", line 680, in get_device_runtime_metadata
2025 Feb 11 02:59:52.122605 sonic INFO featured[13868]:     port_metadata = {'ETHERNET_PORTS_PRESENT': True if get_path_to_port_config_file(hwsku=None, asic="0" if is_multi_npu() else None) else False}
2025 Feb 11 02:59:52.122676 sonic INFO featured[13868]:                                                        ^^^^^^^^^^^^^^^^^^^^^^^^^^^^^^^^^^^^^^^^^^^^^^^^^^^^^^^^^^^^^^^^^^^^^^^^^^^^^^
2025 Feb 11 02:59:52.122725 sonic INFO featured[13868]:   File "/usr/local/lib/python3.11/dist-packages/sonic_py_common/device_info.py", line 446, in get_path_to_port_config_file
2025 Feb 11 02:59:52.122803 sonic INFO featured[13868]:     (platform_path, hwsku_path) = get_paths_to_platform_and_hwsku_dirs()
2025 Feb 11 02:59:52.122856 sonic INFO featured[13868]:                                   ^^^^^^^^^^^^^^^^^^^^^^^^^^^^^^^^^^^^^^
2025 Feb 11 02:59:52.122903 sonic INFO featured[13868]:   File "/usr/local/lib/python3.11/dist-packages/sonic_py_common/device_info.py", line 412, in get_paths_to_platform_and_hwsku_dirs
2025 Feb 11 02:59:52.122991 sonic INFO featured[13868]:     hwsku_path = os.path.join(platform_path, hwsku)
2025 Feb 11 02:59:52.123045 sonic INFO featured[13868]:                  ^^^^^^^^^^^^^^^^^^^^^^^^^^^^^^^^^^
2025 Feb 11 02:59:52.123087 sonic INFO featured[13868]:   File "<frozen posixpath>", line 90, in join
2025 Feb 11 02:59:52.123128 sonic INFO featured[13868]:   File "<frozen genericpath>", line 152, in _check_arg_types
2025 Feb 11 02:59:52.123175 sonic INFO featured[13868]: TypeError: join() argument must be str, bytes, or os.PathLike object, not 'NoneType'
2025 Feb 11 02:59:52.141756 sonic NOTICE systemd[1]: featured.service: Main process exited, code=exited, status=1/FAILURE
2025 Feb 11 02:59:52.141835 sonic WARNING systemd[1]: featured.service: Failed with result 'exit-code'.
2025 Feb 11 02:59:52.168112 sonic INFO systemd[1]: Started featured.service - Feature configuration daemon.
2025 Feb 11 02:59:52.315907 sonic INFO featured: ConfigDB connect success
2025 Feb 11 02:59:52.319878 sonic INFO featured[13877]: Traceback (most recent call last):
2025 Feb 11 02:59:52.319973 sonic INFO featured[13877]:   File "/usr/local/bin/featured", line 598, in <module>
2025 Feb 11 02:59:52.320031 sonic INFO featured[13877]:     main()
2025 Feb 11 02:59:52.320063 sonic INFO featured[13877]:   File "/usr/local/bin/featured", line 591, in main
2025 Feb 11 02:59:52.320182 sonic INFO featured[13877]:     daemon = FeatureDaemon()
2025 Feb 11 02:59:52.320223 sonic INFO featured[13877]:              ^^^^^^^^^^^^^^^
2025 Feb 11 02:59:52.320240 sonic INFO featured[13877]:   File "/usr/local/bin/featured", line 529, in __init__
2025 Feb 11 02:59:52.320322 sonic INFO featured[13877]:     self.feature_handler = FeatureHandler(self.config_db, feature_state_table, self.device_config, self.advanced_boot)
2025 Feb 11 02:59:52.320360 sonic INFO featured[13877]:                            ^^^^^^^^^^^^^^^^^^^^^^^^^^^^^^^^^^^^^^^^^^^^^^^^^^^^^^^^^^^^^^^^^^^^^^^^^^^^^^^^^^^^^^^^^^^
2025 Feb 11 02:59:52.320376 sonic INFO featured[13877]:   File "/usr/local/bin/featured", line 136, in __init__
2025 Feb 11 02:59:52.320416 sonic INFO featured[13877]:     self._device_running_config = device_info.get_device_runtime_metadata()
2025 Feb 11 02:59:52.320449 sonic INFO featured[13877]:                                   ^^^^^^^^^^^^^^^^^^^^^^^^^^^^^^^^^^^^^^^^^
2025 Feb 11 02:59:52.320466 sonic INFO featured[13877]:   File "/usr/local/lib/python3.11/dist-packages/sonic_py_common/device_info.py", line 680, in get_device_runtime_metadata
2025 Feb 11 02:59:52.320624 sonic INFO featured[13877]:     port_metadata = {'ETHERNET_PORTS_PRESENT': True if get_path_to_port_config_file(hwsku=None, asic="0" if is_multi_npu() else None) else False}
2025 Feb 11 02:59:52.320670 sonic INFO featured[13877]:                                                        ^^^^^^^^^^^^^^^^^^^^^^^^^^^^^^^^^^^^^^^^^^^^^^^^^^^^^^^^^^^^^^^^^^^^^^^^^^^^^^
2025 Feb 11 02:59:52.320688 sonic INFO featured[13877]:   File "/usr/local/lib/python3.11/dist-packages/sonic_py_common/device_info.py", line 446, in get_path_to_port_config_file
2025 Feb 11 02:59:52.320734 sonic INFO featured[13877]:     (platform_path, hwsku_path) = get_paths_to_platform_and_hwsku_dirs()
2025 Feb 11 02:59:52.320758 sonic INFO featured[13877]:                                   ^^^^^^^^^^^^^^^^^^^^^^^^^^^^^^^^^^^^^^
2025 Feb 11 02:59:52.320774 sonic INFO featured[13877]:   File "/usr/local/lib/python3.11/dist-packages/sonic_py_common/device_info.py", line 412, in get_paths_to_platform_and_hwsku_dirs
2025 Feb 11 02:59:52.320842 sonic INFO featured[13877]:     hwsku_path = os.path.join(platform_path, hwsku)
2025 Feb 11 02:59:52.320876 sonic INFO featured[13877]:                  ^^^^^^^^^^^^^^^^^^^^^^^^^^^^^^^^^^
2025 Feb 11 02:59:52.320921 sonic INFO featured[13877]:   File "<frozen posixpath>", line 90, in join
2025 Feb 11 02:59:52.320946 sonic INFO featured[13877]:   File "<frozen genericpath>", line 152, in _check_arg_types
2025 Feb 11 02:59:52.320963 sonic INFO featured[13877]: TypeError: join() argument must be str, bytes, or os.PathLike object, not 'NoneType'
2025 Feb 11 02:59:52.339522 sonic NOTICE systemd[1]: featured.service: Main process exited, code=exited, status=1/FAILURE
2025 Feb 11 02:59:52.339711 sonic WARNING systemd[1]: featured.service: Failed with result 'exit-code'.
2025 Feb 11 02:59:52.341372 sonic WARNING systemd[1]: featured.service: Start request repeated too quickly.
2025 Feb 11 02:59:52.341425 sonic WARNING systemd[1]: featured.service: Failed with result 'exit-code'.
2025 Feb 11 02:59:52.341532 sonic ERR systemd[1]: Failed to start featured.service - Feature configuration daemon.
2025 Feb 11 02:59:54.975740 sonic ERR monit[828]: 'container_checker' status failed (4) -- Unexpected running containers: macsec2, database0, bgp2, database3, bgp0, eventd, macsec3, database, macsec0, bgp3, database2, database1, bgp1, macsec1
2025 Feb 11 02:59:54.978272 sonic WARNING systemd[1]: featured.service: Start request repeated too quickly.
2025 Feb 11 02:59:54.978506 sonic WARNING systemd[1]: featured.service: Failed with result 'exit-code'.
2025 Feb 11 02:59:54.978613 sonic ERR systemd[1]: Failed to start featured.service - Feature configuration daemon.
2025 Feb 11 02:59:55.087170 sonic DEBUG mgmt_oper_status.py: No management interface found
2025 Feb 11 02:59:55.248516 sonic WARNING systemd[1]: featured.service: Start request repeated too quickly.
2025 Feb 11 02:59:55.251018 sonic WARNING systemd[1]: featured.service: Failed with result 'exit-code'.
2025 Feb 11 02:59:55.251284 sonic ERR systemd[1]: Failed to start featured.service - Feature configuration daemon.
2025 Feb 11 02:59:55.303603 sonic INFO memory_checker: [memory_checker] Exits without checking memory usage since container 'bmp' is not running!
2025 Feb 11 02:59:55.307292 sonic INFO memory_checker: [memory_checker] Exits without checking memory usage since container 'gnmi' is not running!
2025 Feb 11 02:59:55.307510 sonic INFO memory_checker: [memory_checker] Exits without checking memory usage since container 'snmp' is not running!
2025 Feb 11 02:59:58.285256 sonic WARNING systemd[1]: featured.service: Start request repeated too quickly.
2025 Feb 11 02:59:58.286319 sonic WARNING systemd[1]: featured.service: Failed with result 'exit-code'.
2025 Feb 11 02:59:58.287112 sonic ERR systemd[1]: Failed to start featured.service - Feature configuration daemon.
2025 Feb 11 03:00:11.714806 sonic INFO systemd[1]: Started featured.service - Feature configuration daemon.
2025 Feb 11 03:00:11.719588 sonic INFO systemd[1]: Starting sysstat-collect.service - system activity accounting tool...
2025 Feb 11 03:00:11.722201 sonic INFO systemd[1]: Starting logrotate.service - Rotate log files...
2025 Feb 11 03:00:11.724098 sonic INFO systemd[1]: sysstat-collect.service: Deactivated successfully.
2025 Feb 11 03:00:11.724377 sonic INFO systemd[1]: Finished sysstat-collect.service - system activity accounting tool.
2025 Feb 11 03:00:11.794581 sonic INFO systemd[1]: logrotate.service: Deactivated successfully.
2025 Feb 11 03:00:11.794867 sonic INFO systemd[1]: Finished logrotate.service - Rotate log files.
2025 Feb 11 03:00:11.870587 sonic INFO featured: ConfigDB connect success
2025 Feb 11 03:00:11.874625 sonic INFO featured[13979]: Traceback (most recent call last):
2025 Feb 11 03:00:11.874689 sonic INFO featured[13979]:   File "/usr/local/bin/featured", line 598, in <module>
2025 Feb 11 03:00:11.874789 sonic INFO featured[13979]:     main()
2025 Feb 11 03:00:11.874828 sonic INFO featured[13979]:   File "/usr/local/bin/featured", line 591, in main
2025 Feb 11 03:00:11.874945 sonic INFO featured[13979]:     daemon = FeatureDaemon()
2025 Feb 11 03:00:11.874985 sonic INFO featured[13979]:              ^^^^^^^^^^^^^^^
2025 Feb 11 03:00:11.875003 sonic INFO featured[13979]:   File "/usr/local/bin/featured", line 529, in __init__
2025 Feb 11 03:00:11.875074 sonic INFO featured[13979]:     self.feature_handler = FeatureHandler(self.config_db, feature_state_table, self.device_config, self.advanced_boot)
2025 Feb 11 03:00:11.875112 sonic INFO featured[13979]:                            ^^^^^^^^^^^^^^^^^^^^^^^^^^^^^^^^^^^^^^^^^^^^^^^^^^^^^^^^^^^^^^^^^^^^^^^^^^^^^^^^^^^^^^^^^^^
2025 Feb 11 03:00:11.875128 sonic INFO featured[13979]:   File "/usr/local/bin/featured", line 136, in __init__
2025 Feb 11 03:00:11.875171 sonic INFO featured[13979]:     self._device_running_config = device_info.get_device_runtime_metadata()
2025 Feb 11 03:00:11.875204 sonic INFO featured[13979]:                                   ^^^^^^^^^^^^^^^^^^^^^^^^^^^^^^^^^^^^^^^^^
2025 Feb 11 03:00:11.875221 sonic INFO featured[13979]:   File "/usr/local/lib/python3.11/dist-packages/sonic_py_common/device_info.py", line 680, in get_device_runtime_metadata
2025 Feb 11 03:00:11.875334 sonic INFO featured[13979]:     port_metadata = {'ETHERNET_PORTS_PRESENT': True if get_path_to_port_config_file(hwsku=None, asic="0" if is_multi_npu() else None) else False}
2025 Feb 11 03:00:11.875373 sonic INFO featured[13979]:                                                        ^^^^^^^^^^^^^^^^^^^^^^^^^^^^^^^^^^^^^^^^^^^^^^^^^^^^^^^^^^^^^^^^^^^^^^^^^^^^^^
2025 Feb 11 03:00:11.875392 sonic INFO featured[13979]:   File "/usr/local/lib/python3.11/dist-packages/sonic_py_common/device_info.py", line 446, in get_path_to_port_config_file
2025 Feb 11 03:00:11.875453 sonic INFO featured[13979]:     (platform_path, hwsku_path) = get_paths_to_platform_and_hwsku_dirs()
2025 Feb 11 03:00:11.875485 sonic INFO featured[13979]:                                   ^^^^^^^^^^^^^^^^^^^^^^^^^^^^^^^^^^^^^^
2025 Feb 11 03:00:11.875502 sonic INFO featured[13979]:   File "/usr/local/lib/python3.11/dist-packages/sonic_py_common/device_info.py", line 412, in get_paths_to_platform_and_hwsku_dirs
2025 Feb 11 03:00:11.875586 sonic INFO featured[13979]:     hwsku_path = os.path.join(platform_path, hwsku)
2025 Feb 11 03:00:11.875626 sonic INFO featured[13979]:                  ^^^^^^^^^^^^^^^^^^^^^^^^^^^^^^^^^^
2025 Feb 11 03:00:11.875652 sonic INFO featured[13979]:   File "<frozen posixpath>", line 90, in join
2025 Feb 11 03:00:11.875671 sonic INFO featured[13979]:   File "<frozen genericpath>", line 152, in _check_arg_types
2025 Feb 11 03:00:11.875696 sonic INFO featured[13979]: TypeError: join() argument must be str, bytes, or os.PathLike object, not 'NoneType'
2025 Feb 11 03:00:11.894000 sonic NOTICE systemd[1]: featured.service: Main process exited, code=exited, status=1/FAILURE
2025 Feb 11 03:00:11.894125 sonic WARNING systemd[1]: featured.service: Failed with result 'exit-code'.
2025 Feb 11 03:00:11.930643 sonic INFO systemd[1]: Started featured.service - Feature configuration daemon.
2025 Feb 11 03:00:12.101933 sonic INFO featured: ConfigDB connect success
2025 Feb 11 03:00:12.105718 sonic INFO featured[13984]: Traceback (most recent call last):
2025 Feb 11 03:00:12.105791 sonic INFO featured[13984]:   File "/usr/local/bin/featured", line 598, in <module>
2025 Feb 11 03:00:12.105878 sonic INFO featured[13984]:     main()
2025 Feb 11 03:00:12.105919 sonic INFO featured[13984]:   File "/usr/local/bin/featured", line 591, in main
2025 Feb 11 03:00:12.106041 sonic INFO featured[13984]:     daemon = FeatureDaemon()
2025 Feb 11 03:00:12.106081 sonic INFO featured[13984]:              ^^^^^^^^^^^^^^^
2025 Feb 11 03:00:12.106098 sonic INFO featured[13984]:   File "/usr/local/bin/featured", line 529, in __init__
2025 Feb 11 03:00:12.106160 sonic INFO featured[13984]:     self.feature_handler = FeatureHandler(self.config_db, feature_state_table, self.device_config, self.advanced_boot)
2025 Feb 11 03:00:12.106203 sonic INFO featured[13984]:                            ^^^^^^^^^^^^^^^^^^^^^^^^^^^^^^^^^^^^^^^^^^^^^^^^^^^^^^^^^^^^^^^^^^^^^^^^^^^^^^^^^^^^^^^^^^^
2025 Feb 11 03:00:12.106222 sonic INFO featured[13984]:   File "/usr/local/bin/featured", line 136, in __init__
2025 Feb 11 03:00:12.106264 sonic INFO featured[13984]:     self._device_running_config = device_info.get_device_runtime_metadata()
2025 Feb 11 03:00:12.106288 sonic INFO featured[13984]:                                   ^^^^^^^^^^^^^^^^^^^^^^^^^^^^^^^^^^^^^^^^^
2025 Feb 11 03:00:12.106305 sonic INFO featured[13984]:   File "/usr/local/lib/python3.11/dist-packages/sonic_py_common/device_info.py", line 680, in get_device_runtime_metadata
2025 Feb 11 03:00:12.106429 sonic INFO featured[13984]:     port_metadata = {'ETHERNET_PORTS_PRESENT': True if get_path_to_port_config_file(hwsku=None, asic="0" if is_multi_npu() else None) else False}
2025 Feb 11 03:00:12.106468 sonic INFO featured[13984]:                                                        ^^^^^^^^^^^^^^^^^^^^^^^^^^^^^^^^^^^^^^^^^^^^^^^^^^^^^^^^^^^^^^^^^^^^^^^^^^^^^^
2025 Feb 11 03:00:12.106485 sonic INFO featured[13984]:   File "/usr/local/lib/python3.11/dist-packages/sonic_py_common/device_info.py", line 446, in get_path_to_port_config_file
2025 Feb 11 03:00:12.106576 sonic INFO featured[13984]:     (platform_path, hwsku_path) = get_paths_to_platform_and_hwsku_dirs()
2025 Feb 11 03:00:12.106611 sonic INFO featured[13984]:                                   ^^^^^^^^^^^^^^^^^^^^^^^^^^^^^^^^^^^^^^
2025 Feb 11 03:00:12.106628 sonic INFO featured[13984]:   File "/usr/local/lib/python3.11/dist-packages/sonic_py_common/device_info.py", line 412, in get_paths_to_platform_and_hwsku_dirs
2025 Feb 11 03:00:12.106694 sonic INFO featured[13984]:     hwsku_path = os.path.join(platform_path, hwsku)
2025 Feb 11 03:00:12.106726 sonic INFO featured[13984]:                  ^^^^^^^^^^^^^^^^^^^^^^^^^^^^^^^^^^
2025 Feb 11 03:00:12.106747 sonic INFO featured[13984]:   File "<frozen posixpath>", line 90, in join
2025 Feb 11 03:00:12.106765 sonic INFO featured[13984]:   File "<frozen genericpath>", line 152, in _check_arg_types
2025 Feb 11 03:00:12.106786 sonic INFO featured[13984]: TypeError: join() argument must be str, bytes, or os.PathLike object, not 'NoneType'
2025 Feb 11 03:00:12.125394 sonic NOTICE systemd[1]: featured.service: Main process exited, code=exited, status=1/FAILURE
2025 Feb 11 03:00:12.125631 sonic WARNING systemd[1]: featured.service: Failed with result 'exit-code'.
2025 Feb 11 03:00:12.172065 sonic INFO systemd[1]: Started featured.service - Feature configuration daemon.
2025 Feb 11 03:00:12.306522 sonic INFO featured: ConfigDB connect success
2025 Feb 11 03:00:12.310327 sonic INFO featured[13985]: Traceback (most recent call last):
2025 Feb 11 03:00:12.310373 sonic INFO featured[13985]:   File "/usr/local/bin/featured", line 598, in <module>
2025 Feb 11 03:00:12.310487 sonic INFO featured[13985]:     main()
2025 Feb 11 03:00:12.310525 sonic INFO featured[13985]:   File "/usr/local/bin/featured", line 591, in main
2025 Feb 11 03:00:12.310677 sonic INFO featured[13985]:     daemon = FeatureDaemon()
2025 Feb 11 03:00:12.310710 sonic INFO featured[13985]:              ^^^^^^^^^^^^^^^
2025 Feb 11 03:00:12.310732 sonic INFO featured[13985]:   File "/usr/local/bin/featured", line 529, in __init__
2025 Feb 11 03:00:12.310796 sonic INFO featured[13985]:     self.feature_handler = FeatureHandler(self.config_db, feature_state_table, self.device_config, self.advanced_boot)
2025 Feb 11 03:00:12.310844 sonic INFO featured[13985]:                            ^^^^^^^^^^^^^^^^^^^^^^^^^^^^^^^^^^^^^^^^^^^^^^^^^^^^^^^^^^^^^^^^^^^^^^^^^^^^^^^^^^^^^^^^^^^
2025 Feb 11 03:00:12.310871 sonic INFO featured[13985]:   File "/usr/local/bin/featured", line 136, in __init__
2025 Feb 11 03:00:12.310902 sonic INFO featured[13985]:     self._device_running_config = device_info.get_device_runtime_metadata()
2025 Feb 11 03:00:12.310932 sonic INFO featured[13985]:                                   ^^^^^^^^^^^^^^^^^^^^^^^^^^^^^^^^^^^^^^^^^
2025 Feb 11 03:00:12.310957 sonic INFO featured[13985]:   File "/usr/local/lib/python3.11/dist-packages/sonic_py_common/device_info.py", line 680, in get_device_runtime_metadata
2025 Feb 11 03:00:12.311062 sonic INFO featured[13985]:     port_metadata = {'ETHERNET_PORTS_PRESENT': True if get_path_to_port_config_file(hwsku=None, asic="0" if is_multi_npu() else None) else False}
2025 Feb 11 03:00:12.311100 sonic INFO featured[13985]:                                                        ^^^^^^^^^^^^^^^^^^^^^^^^^^^^^^^^^^^^^^^^^^^^^^^^^^^^^^^^^^^^^^^^^^^^^^^^^^^^^^
2025 Feb 11 03:00:12.311117 sonic INFO featured[13985]:   File "/usr/local/lib/python3.11/dist-packages/sonic_py_common/device_info.py", line 446, in get_path_to_port_config_file
2025 Feb 11 03:00:12.311186 sonic INFO featured[13985]:     (platform_path, hwsku_path) = get_paths_to_platform_and_hwsku_dirs()
2025 Feb 11 03:00:12.311217 sonic INFO featured[13985]:                                   ^^^^^^^^^^^^^^^^^^^^^^^^^^^^^^^^^^^^^^
2025 Feb 11 03:00:12.311242 sonic INFO featured[13985]:   File "/usr/local/lib/python3.11/dist-packages/sonic_py_common/device_info.py", line 412, in get_paths_to_platform_and_hwsku_dirs
2025 Feb 11 03:00:12.311296 sonic INFO featured[13985]:     hwsku_path = os.path.join(platform_path, hwsku)
2025 Feb 11 03:00:12.311329 sonic INFO featured[13985]:                  ^^^^^^^^^^^^^^^^^^^^^^^^^^^^^^^^^^
2025 Feb 11 03:00:12.311355 sonic INFO featured[13985]:   File "<frozen posixpath>", line 90, in join
2025 Feb 11 03:00:12.311379 sonic INFO featured[13985]:   File "<frozen genericpath>", line 152, in _check_arg_types
2025 Feb 11 03:00:12.311403 sonic INFO featured[13985]: TypeError: join() argument must be str, bytes, or os.PathLike object, not 'NoneType'
2025 Feb 11 03:00:12.329468 sonic NOTICE systemd[1]: featured.service: Main process exited, code=exited, status=1/FAILURE
2025 Feb 11 03:00:12.329709 sonic WARNING systemd[1]: featured.service: Failed with result 'exit-code'.
2025 Feb 11 03:00:12.350557 sonic INFO systemd[1]: Started featured.service - Feature configuration daemon.
2025 Feb 11 03:00:12.479625 sonic INFO featured: ConfigDB connect success
2025 Feb 11 03:00:12.483514 sonic INFO featured[13988]: Traceback (most recent call last):
2025 Feb 11 03:00:12.483574 sonic INFO featured[13988]:   File "/usr/local/bin/featured", line 598, in <module>
2025 Feb 11 03:00:12.483706 sonic INFO featured[13988]:     main()
2025 Feb 11 03:00:12.483745 sonic INFO featured[13988]:   File "/usr/local/bin/featured", line 591, in main
2025 Feb 11 03:00:12.483869 sonic INFO featured[13988]:     daemon = FeatureDaemon()
2025 Feb 11 03:00:12.483909 sonic INFO featured[13988]:              ^^^^^^^^^^^^^^^
2025 Feb 11 03:00:12.483926 sonic INFO featured[13988]:   File "/usr/local/bin/featured", line 529, in __init__
2025 Feb 11 03:00:12.483991 sonic INFO featured[13988]:     self.feature_handler = FeatureHandler(self.config_db, feature_state_table, self.device_config, self.advanced_boot)
2025 Feb 11 03:00:12.484034 sonic INFO featured[13988]:                            ^^^^^^^^^^^^^^^^^^^^^^^^^^^^^^^^^^^^^^^^^^^^^^^^^^^^^^^^^^^^^^^^^^^^^^^^^^^^^^^^^^^^^^^^^^^
2025 Feb 11 03:00:12.484061 sonic INFO featured[13988]:   File "/usr/local/bin/featured", line 136, in __init__
2025 Feb 11 03:00:12.484091 sonic INFO featured[13988]:     self._device_running_config = device_info.get_device_runtime_metadata()
2025 Feb 11 03:00:12.484126 sonic INFO featured[13988]:                                   ^^^^^^^^^^^^^^^^^^^^^^^^^^^^^^^^^^^^^^^^^
2025 Feb 11 03:00:12.484152 sonic INFO featured[13988]:   File "/usr/local/lib/python3.11/dist-packages/sonic_py_common/device_info.py", line 680, in get_device_runtime_metadata
2025 Feb 11 03:00:12.484247 sonic INFO featured[13988]:     port_metadata = {'ETHERNET_PORTS_PRESENT': True if get_path_to_port_config_file(hwsku=None, asic="0" if is_multi_npu() else None) else False}
2025 Feb 11 03:00:12.484286 sonic INFO featured[13988]:                                                        ^^^^^^^^^^^^^^^^^^^^^^^^^^^^^^^^^^^^^^^^^^^^^^^^^^^^^^^^^^^^^^^^^^^^^^^^^^^^^^
2025 Feb 11 03:00:12.484302 sonic INFO featured[13988]:   File "/usr/local/lib/python3.11/dist-packages/sonic_py_common/device_info.py", line 446, in get_path_to_port_config_file
2025 Feb 11 03:00:12.484370 sonic INFO featured[13988]:     (platform_path, hwsku_path) = get_paths_to_platform_and_hwsku_dirs()
2025 Feb 11 03:00:12.484402 sonic INFO featured[13988]:                                   ^^^^^^^^^^^^^^^^^^^^^^^^^^^^^^^^^^^^^^
2025 Feb 11 03:00:12.484428 sonic INFO featured[13988]:   File "/usr/local/lib/python3.11/dist-packages/sonic_py_common/device_info.py", line 412, in get_paths_to_platform_and_hwsku_dirs
2025 Feb 11 03:00:12.484480 sonic INFO featured[13988]:     hwsku_path = os.path.join(platform_path, hwsku)
2025 Feb 11 03:00:12.484513 sonic INFO featured[13988]:                  ^^^^^^^^^^^^^^^^^^^^^^^^^^^^^^^^^^
2025 Feb 11 03:00:12.484555 sonic INFO featured[13988]:   File "<frozen posixpath>", line 90, in join
2025 Feb 11 03:00:12.484581 sonic INFO featured[13988]:   File "<frozen genericpath>", line 152, in _check_arg_types
2025 Feb 11 03:00:12.484605 sonic INFO featured[13988]: TypeError: join() argument must be str, bytes, or os.PathLike object, not 'NoneType'
2025 Feb 11 03:00:12.502747 sonic NOTICE systemd[1]: featured.service: Main process exited, code=exited, status=1/FAILURE
2025 Feb 11 03:00:12.502879 sonic WARNING systemd[1]: featured.service: Failed with result 'exit-code'.
2025 Feb 11 03:00:12.550675 sonic INFO systemd[1]: Started featured.service - Feature configuration daemon.
2025 Feb 11 03:00:12.681014 sonic INFO featured: ConfigDB connect success
2025 Feb 11 03:00:12.684837 sonic INFO featured[13990]: Traceback (most recent call last):
2025 Feb 11 03:00:12.684883 sonic INFO featured[13990]:   File "/usr/local/bin/featured", line 598, in <module>
2025 Feb 11 03:00:12.684994 sonic INFO featured[13990]:     main()
2025 Feb 11 03:00:12.685033 sonic INFO featured[13990]:   File "/usr/local/bin/featured", line 591, in main
2025 Feb 11 03:00:12.685154 sonic INFO featured[13990]:     daemon = FeatureDaemon()
2025 Feb 11 03:00:12.685194 sonic INFO featured[13990]:              ^^^^^^^^^^^^^^^
2025 Feb 11 03:00:12.685210 sonic INFO featured[13990]:   File "/usr/local/bin/featured", line 529, in __init__
2025 Feb 11 03:00:12.685275 sonic INFO featured[13990]:     self.feature_handler = FeatureHandler(self.config_db, feature_state_table, self.device_config, self.advanced_boot)
2025 Feb 11 03:00:12.685315 sonic INFO featured[13990]:                            ^^^^^^^^^^^^^^^^^^^^^^^^^^^^^^^^^^^^^^^^^^^^^^^^^^^^^^^^^^^^^^^^^^^^^^^^^^^^^^^^^^^^^^^^^^^
2025 Feb 11 03:00:12.685331 sonic INFO featured[13990]:   File "/usr/local/bin/featured", line 136, in __init__
2025 Feb 11 03:00:12.685382 sonic INFO featured[13990]:     self._device_running_config = device_info.get_device_runtime_metadata()
2025 Feb 11 03:00:12.685414 sonic INFO featured[13990]:                                   ^^^^^^^^^^^^^^^^^^^^^^^^^^^^^^^^^^^^^^^^^
2025 Feb 11 03:00:12.685439 sonic INFO featured[13990]:   File "/usr/local/lib/python3.11/dist-packages/sonic_py_common/device_info.py", line 680, in get_device_runtime_metadata
2025 Feb 11 03:00:12.685604 sonic INFO featured[13990]:     port_metadata = {'ETHERNET_PORTS_PRESENT': True if get_path_to_port_config_file(hwsku=None, asic="0" if is_multi_npu() else None) else False}
2025 Feb 11 03:00:12.685648 sonic INFO featured[13990]:                                                        ^^^^^^^^^^^^^^^^^^^^^^^^^^^^^^^^^^^^^^^^^^^^^^^^^^^^^^^^^^^^^^^^^^^^^^^^^^^^^^
2025 Feb 11 03:00:12.685666 sonic INFO featured[13990]:   File "/usr/local/lib/python3.11/dist-packages/sonic_py_common/device_info.py", line 446, in get_path_to_port_config_file
2025 Feb 11 03:00:12.685742 sonic INFO featured[13990]:     (platform_path, hwsku_path) = get_paths_to_platform_and_hwsku_dirs()
2025 Feb 11 03:00:12.685774 sonic INFO featured[13990]:                                   ^^^^^^^^^^^^^^^^^^^^^^^^^^^^^^^^^^^^^^
2025 Feb 11 03:00:12.685799 sonic INFO featured[13990]:   File "/usr/local/lib/python3.11/dist-packages/sonic_py_common/device_info.py", line 412, in get_paths_to_platform_and_hwsku_dirs
2025 Feb 11 03:00:12.685852 sonic INFO featured[13990]:     hwsku_path = os.path.join(platform_path, hwsku)
2025 Feb 11 03:00:12.685886 sonic INFO featured[13990]:                  ^^^^^^^^^^^^^^^^^^^^^^^^^^^^^^^^^^
2025 Feb 11 03:00:12.685912 sonic INFO featured[13990]:   File "<frozen posixpath>", line 90, in join
2025 Feb 11 03:00:12.685935 sonic INFO featured[13990]:   File "<frozen genericpath>", line 152, in _check_arg_types
2025 Feb 11 03:00:12.685959 sonic INFO featured[13990]: TypeError: join() argument must be str, bytes, or os.PathLike object, not 'NoneType'
2025 Feb 11 03:00:12.703904 sonic NOTICE systemd[1]: featured.service: Main process exited, code=exited, status=1/FAILURE
2025 Feb 11 03:00:12.704040 sonic WARNING systemd[1]: featured.service: Failed with result 'exit-code'.
2025 Feb 11 03:00:12.705961 sonic WARNING systemd[1]: featured.service: Start request repeated too quickly.
2025 Feb 11 03:00:12.706034 sonic WARNING systemd[1]: featured.service: Failed with result 'exit-code'.
2025 Feb 11 03:00:12.706063 sonic ERR systemd[1]: Failed to start featured.service - Feature configuration daemon.
2025 Feb 11 03:00:18.278566 sonic WARNING systemd[1]: featured.service: Start request repeated too quickly.
2025 Feb 11 03:00:18.278870 sonic WARNING systemd[1]: featured.service: Failed with result 'exit-code'.
2025 Feb 11 03:00:18.278923 sonic ERR systemd[1]: Failed to start featured.service - Feature configuration daemon.
2025 Feb 11 03:00:22.280814 sonic INFO systemd[1]: caclmgrd.service: Scheduled restart job, restart counter is at 66.
2025 Feb 11 03:00:22.281324 sonic INFO systemd[1]: Stopped caclmgrd.service - Control Plane ACL configuration daemon.
2025 Feb 11 03:00:22.322719 sonic INFO systemd[1]: Started caclmgrd.service - Control Plane ACL configuration daemon.
2025 Feb 11 03:00:22.326839 sonic INFO systemd[1]: Started featured.service - Feature configuration daemon.
2025 Feb 11 03:00:22.447563 sonic INFO caclmgrd[14012]: Traceback (most recent call last):
2025 Feb 11 03:00:22.447643 sonic INFO caclmgrd[14012]:   File "/usr/local/bin/caclmgrd", line 1146, in <module>
2025 Feb 11 03:00:22.447680 sonic INFO caclmgrd[14012]:     main()
2025 Feb 11 03:00:22.447707 sonic INFO caclmgrd[14012]:   File "/usr/local/bin/caclmgrd", line 1137, in main
2025 Feb 11 03:00:22.447752 sonic INFO caclmgrd[14012]:     caclmgr = ControlPlaneAclManager(SYSLOG_IDENTIFIER)
2025 Feb 11 03:00:22.447790 sonic INFO caclmgrd[14012]:               ^^^^^^^^^^^^^^^^^^^^^^^^^^^^^^^^^^^^^^^^^
2025 Feb 11 03:00:22.447831 sonic INFO caclmgrd[14012]:   File "/usr/local/bin/caclmgrd", line 156, in __init__
2025 Feb 11 03:00:22.447886 sonic INFO caclmgrd[14012]:     if 'subtype' in metadata['localhost'] and metadata['localhost']['subtype'] == 'DualToR':
2025 Feb 11 03:00:22.447932 sonic INFO caclmgrd[14012]:                     ~~~~~~~~^^^^^^^^^^^^^
2025 Feb 11 03:00:22.447959 sonic INFO caclmgrd[14012]: KeyError: 'localhost'
2025 Feb 11 03:00:22.469163 sonic NOTICE systemd[1]: caclmgrd.service: Main process exited, code=exited, status=1/FAILURE
2025 Feb 11 03:00:22.469273 sonic WARNING systemd[1]: caclmgrd.service: Failed with result 'exit-code'.
2025 Feb 11 03:00:22.472669 sonic INFO featured: ConfigDB connect success
2025 Feb 11 03:00:22.483636 sonic INFO featured[14015]: Traceback (most recent call last):
2025 Feb 11 03:00:22.483930 sonic INFO featured[14015]:   File "/usr/local/bin/featured", line 598, in <module>
2025 Feb 11 03:00:22.483976 sonic INFO featured[14015]:     main()
2025 Feb 11 03:00:22.484005 sonic INFO featured[14015]:   File "/usr/local/bin/featured", line 591, in main
2025 Feb 11 03:00:22.484032 sonic INFO featured[14015]:     daemon = FeatureDaemon()
2025 Feb 11 03:00:22.484057 sonic INFO featured[14015]:              ^^^^^^^^^^^^^^^
2025 Feb 11 03:00:22.484074 sonic INFO featured[14015]:   File "/usr/local/bin/featured", line 529, in __init__
2025 Feb 11 03:00:22.484106 sonic INFO featured[14015]:     self.feature_handler = FeatureHandler(self.config_db, feature_state_table, self.device_config, self.advanced_boot)
2025 Feb 11 03:00:22.484136 sonic INFO featured[14015]:                            ^^^^^^^^^^^^^^^^^^^^^^^^^^^^^^^^^^^^^^^^^^^^^^^^^^^^^^^^^^^^^^^^^^^^^^^^^^^^^^^^^^^^^^^^^^^
2025 Feb 11 03:00:22.484172 sonic INFO featured[14015]:   File "/usr/local/bin/featured", line 136, in __init__
2025 Feb 11 03:00:22.484198 sonic INFO featured[14015]:     self._device_running_config = device_info.get_device_runtime_metadata()
2025 Feb 11 03:00:22.484228 sonic INFO featured[14015]:                                   ^^^^^^^^^^^^^^^^^^^^^^^^^^^^^^^^^^^^^^^^^
2025 Feb 11 03:00:22.484254 sonic INFO featured[14015]:   File "/usr/local/lib/python3.11/dist-packages/sonic_py_common/device_info.py", line 680, in get_device_runtime_metadata
2025 Feb 11 03:00:22.484349 sonic INFO featured[14015]:     port_metadata = {'ETHERNET_PORTS_PRESENT': True if get_path_to_port_config_file(hwsku=None, asic="0" if is_multi_npu() else None) else False}
2025 Feb 11 03:00:22.484389 sonic INFO featured[14015]:                                                        ^^^^^^^^^^^^^^^^^^^^^^^^^^^^^^^^^^^^^^^^^^^^^^^^^^^^^^^^^^^^^^^^^^^^^^^^^^^^^^
2025 Feb 11 03:00:22.484443 sonic INFO featured[14015]:   File "/usr/local/lib/python3.11/dist-packages/sonic_py_common/device_info.py", line 446, in get_path_to_port_config_file
2025 Feb 11 03:00:22.484482 sonic INFO featured[14015]:     (platform_path, hwsku_path) = get_paths_to_platform_and_hwsku_dirs()
2025 Feb 11 03:00:22.484507 sonic INFO featured[14015]:                                   ^^^^^^^^^^^^^^^^^^^^^^^^^^^^^^^^^^^^^^
2025 Feb 11 03:00:22.484550 sonic INFO featured[14015]:   File "/usr/local/lib/python3.11/dist-packages/sonic_py_common/device_info.py", line 412, in get_paths_to_platform_and_hwsku_dirs
2025 Feb 11 03:00:22.484599 sonic INFO featured[14015]:     hwsku_path = os.path.join(platform_path, hwsku)
2025 Feb 11 03:00:22.484632 sonic INFO featured[14015]:                  ^^^^^^^^^^^^^^^^^^^^^^^^^^^^^^^^^^
2025 Feb 11 03:00:22.484658 sonic INFO featured[14015]:   File "<frozen posixpath>", line 90, in join
2025 Feb 11 03:00:22.484682 sonic INFO featured[14015]:   File "<frozen genericpath>", line 152, in _check_arg_types
2025 Feb 11 03:00:22.484712 sonic INFO featured[14015]: TypeError: join() argument must be str, bytes, or os.PathLike object, not 'NoneType'
2025 Feb 11 03:00:22.504915 sonic NOTICE systemd[1]: featured.service: Main process exited, code=exited, status=1/FAILURE
2025 Feb 11 03:00:22.505027 sonic WARNING systemd[1]: featured.service: Failed with result 'exit-code'.
2025 Feb 11 03:00:22.538641 sonic INFO systemd[1]: Started featured.service - Feature configuration daemon.
2025 Feb 11 03:00:22.709784 sonic INFO featured: ConfigDB connect success
2025 Feb 11 03:00:22.713709 sonic INFO featured[14024]: Traceback (most recent call last):
2025 Feb 11 03:00:22.713761 sonic INFO featured[14024]:   File "/usr/local/bin/featured", line 598, in <module>
2025 Feb 11 03:00:22.713871 sonic INFO featured[14024]:     main()
2025 Feb 11 03:00:22.713910 sonic INFO featured[14024]:   File "/usr/local/bin/featured", line 591, in main
2025 Feb 11 03:00:22.714030 sonic INFO featured[14024]:     daemon = FeatureDaemon()
2025 Feb 11 03:00:22.714062 sonic INFO featured[14024]:              ^^^^^^^^^^^^^^^
2025 Feb 11 03:00:22.714093 sonic INFO featured[14024]:   File "/usr/local/bin/featured", line 529, in __init__
2025 Feb 11 03:00:22.714146 sonic INFO featured[14024]:     self.feature_handler = FeatureHandler(self.config_db, feature_state_table, self.device_config, self.advanced_boot)
2025 Feb 11 03:00:22.714209 sonic INFO featured[14024]:                            ^^^^^^^^^^^^^^^^^^^^^^^^^^^^^^^^^^^^^^^^^^^^^^^^^^^^^^^^^^^^^^^^^^^^^^^^^^^^^^^^^^^^^^^^^^^
2025 Feb 11 03:00:22.714238 sonic INFO featured[14024]:   File "/usr/local/bin/featured", line 136, in __init__
2025 Feb 11 03:00:22.714261 sonic INFO featured[14024]:     self._device_running_config = device_info.get_device_runtime_metadata()
2025 Feb 11 03:00:22.714283 sonic INFO featured[14024]:                                   ^^^^^^^^^^^^^^^^^^^^^^^^^^^^^^^^^^^^^^^^^
2025 Feb 11 03:00:22.714309 sonic INFO featured[14024]:   File "/usr/local/lib/python3.11/dist-packages/sonic_py_common/device_info.py", line 680, in get_device_runtime_metadata
2025 Feb 11 03:00:22.714420 sonic INFO featured[14024]:     port_metadata = {'ETHERNET_PORTS_PRESENT': True if get_path_to_port_config_file(hwsku=None, asic="0" if is_multi_npu() else None) else False}
2025 Feb 11 03:00:22.714459 sonic INFO featured[14024]:                                                        ^^^^^^^^^^^^^^^^^^^^^^^^^^^^^^^^^^^^^^^^^^^^^^^^^^^^^^^^^^^^^^^^^^^^^^^^^^^^^^
2025 Feb 11 03:00:22.714476 sonic INFO featured[14024]:   File "/usr/local/lib/python3.11/dist-packages/sonic_py_common/device_info.py", line 446, in get_path_to_port_config_file
2025 Feb 11 03:00:22.714562 sonic INFO featured[14024]:     (platform_path, hwsku_path) = get_paths_to_platform_and_hwsku_dirs()
2025 Feb 11 03:00:22.714596 sonic INFO featured[14024]:                                   ^^^^^^^^^^^^^^^^^^^^^^^^^^^^^^^^^^^^^^
2025 Feb 11 03:00:22.714613 sonic INFO featured[14024]:   File "/usr/local/lib/python3.11/dist-packages/sonic_py_common/device_info.py", line 412, in get_paths_to_platform_and_hwsku_dirs
2025 Feb 11 03:00:22.714670 sonic INFO featured[14024]:     hwsku_path = os.path.join(platform_path, hwsku)
2025 Feb 11 03:00:22.714706 sonic INFO featured[14024]:                  ^^^^^^^^^^^^^^^^^^^^^^^^^^^^^^^^^^
2025 Feb 11 03:00:22.714732 sonic INFO featured[14024]:   File "<frozen posixpath>", line 90, in join
2025 Feb 11 03:00:22.714748 sonic INFO featured[14024]:   File "<frozen genericpath>", line 152, in _check_arg_types
2025 Feb 11 03:00:22.714773 sonic INFO featured[14024]: TypeError: join() argument must be str, bytes, or os.PathLike object, not 'NoneType'
2025 Feb 11 03:00:22.733519 sonic NOTICE systemd[1]: featured.service: Main process exited, code=exited, status=1/FAILURE
2025 Feb 11 03:00:22.733705 sonic WARNING systemd[1]: featured.service: Failed with result 'exit-code'.
2025 Feb 11 03:00:22.758604 sonic INFO systemd[1]: Started featured.service - Feature configuration daemon.
2025 Feb 11 03:00:22.889139 sonic INFO featured: ConfigDB connect success
2025 Feb 11 03:00:22.893433 sonic INFO featured[14028]: Traceback (most recent call last):
2025 Feb 11 03:00:22.893510 sonic INFO featured[14028]:   File "/usr/local/bin/featured", line 598, in <module>
2025 Feb 11 03:00:22.893668 sonic INFO featured[14028]:     main()
2025 Feb 11 03:00:22.893709 sonic INFO featured[14028]:   File "/usr/local/bin/featured", line 591, in main
2025 Feb 11 03:00:22.893828 sonic INFO featured[14028]:     daemon = FeatureDaemon()
2025 Feb 11 03:00:22.893861 sonic INFO featured[14028]:              ^^^^^^^^^^^^^^^
2025 Feb 11 03:00:22.893883 sonic INFO featured[14028]:   File "/usr/local/bin/featured", line 529, in __init__
2025 Feb 11 03:00:22.893950 sonic INFO featured[14028]:     self.feature_handler = FeatureHandler(self.config_db, feature_state_table, self.device_config, self.advanced_boot)
2025 Feb 11 03:00:22.893987 sonic INFO featured[14028]:                            ^^^^^^^^^^^^^^^^^^^^^^^^^^^^^^^^^^^^^^^^^^^^^^^^^^^^^^^^^^^^^^^^^^^^^^^^^^^^^^^^^^^^^^^^^^^
2025 Feb 11 03:00:22.894004 sonic INFO featured[14028]:   File "/usr/local/bin/featured", line 136, in __init__
2025 Feb 11 03:00:22.894047 sonic INFO featured[14028]:     self._device_running_config = device_info.get_device_runtime_metadata()
2025 Feb 11 03:00:22.894079 sonic INFO featured[14028]:                                   ^^^^^^^^^^^^^^^^^^^^^^^^^^^^^^^^^^^^^^^^^
2025 Feb 11 03:00:22.894097 sonic INFO featured[14028]:   File "/usr/local/lib/python3.11/dist-packages/sonic_py_common/device_info.py", line 680, in get_device_runtime_metadata
2025 Feb 11 03:00:22.894208 sonic INFO featured[14028]:     port_metadata = {'ETHERNET_PORTS_PRESENT': True if get_path_to_port_config_file(hwsku=None, asic="0" if is_multi_npu() else None) else False}
2025 Feb 11 03:00:22.894248 sonic INFO featured[14028]:                                                        ^^^^^^^^^^^^^^^^^^^^^^^^^^^^^^^^^^^^^^^^^^^^^^^^^^^^^^^^^^^^^^^^^^^^^^^^^^^^^^
2025 Feb 11 03:00:22.894265 sonic INFO featured[14028]:   File "/usr/local/lib/python3.11/dist-packages/sonic_py_common/device_info.py", line 446, in get_path_to_port_config_file
2025 Feb 11 03:00:22.894329 sonic INFO featured[14028]:     (platform_path, hwsku_path) = get_paths_to_platform_and_hwsku_dirs()
2025 Feb 11 03:00:22.894368 sonic INFO featured[14028]:                                   ^^^^^^^^^^^^^^^^^^^^^^^^^^^^^^^^^^^^^^
2025 Feb 11 03:00:22.894394 sonic INFO featured[14028]:   File "/usr/local/lib/python3.11/dist-packages/sonic_py_common/device_info.py", line 412, in get_paths_to_platform_and_hwsku_dirs
2025 Feb 11 03:00:22.894433 sonic INFO featured[14028]:     hwsku_path = os.path.join(platform_path, hwsku)
2025 Feb 11 03:00:22.894466 sonic INFO featured[14028]:                  ^^^^^^^^^^^^^^^^^^^^^^^^^^^^^^^^^^
2025 Feb 11 03:00:22.894483 sonic INFO featured[14028]:   File "<frozen posixpath>", line 90, in join
2025 Feb 11 03:00:22.894500 sonic INFO featured[14028]:   File "<frozen genericpath>", line 152, in _check_arg_types
2025 Feb 11 03:00:22.894517 sonic INFO featured[14028]: TypeError: join() argument must be str, bytes, or os.PathLike object, not 'NoneType'
2025 Feb 11 03:00:22.913282 sonic NOTICE systemd[1]: featured.service: Main process exited, code=exited, status=1/FAILURE
2025 Feb 11 03:00:22.913419 sonic WARNING systemd[1]: featured.service: Failed with result 'exit-code'.
2025 Feb 11 03:00:22.947040 sonic INFO systemd[1]: Started featured.service - Feature configuration daemon.
2025 Feb 11 03:00:23.089932 sonic INFO featured: ConfigDB connect success
2025 Feb 11 03:00:23.094035 sonic INFO featured[14030]: Traceback (most recent call last):
2025 Feb 11 03:00:23.094120 sonic INFO featured[14030]:   File "/usr/local/bin/featured", line 598, in <module>
2025 Feb 11 03:00:23.094181 sonic INFO featured[14030]:     main()
2025 Feb 11 03:00:23.094217 sonic INFO featured[14030]:   File "/usr/local/bin/featured", line 591, in main
2025 Feb 11 03:00:23.094330 sonic INFO featured[14030]:     daemon = FeatureDaemon()
2025 Feb 11 03:00:23.094370 sonic INFO featured[14030]:              ^^^^^^^^^^^^^^^
2025 Feb 11 03:00:23.094394 sonic INFO featured[14030]:   File "/usr/local/bin/featured", line 529, in __init__
2025 Feb 11 03:00:23.094450 sonic INFO featured[14030]:     self.feature_handler = FeatureHandler(self.config_db, feature_state_table, self.device_config, self.advanced_boot)
2025 Feb 11 03:00:23.094495 sonic INFO featured[14030]:                            ^^^^^^^^^^^^^^^^^^^^^^^^^^^^^^^^^^^^^^^^^^^^^^^^^^^^^^^^^^^^^^^^^^^^^^^^^^^^^^^^^^^^^^^^^^^
2025 Feb 11 03:00:23.094540 sonic INFO featured[14030]:   File "/usr/local/bin/featured", line 136, in __init__
2025 Feb 11 03:00:23.094586 sonic INFO featured[14030]:     self._device_running_config = device_info.get_device_runtime_metadata()
2025 Feb 11 03:00:23.094620 sonic INFO featured[14030]:                                   ^^^^^^^^^^^^^^^^^^^^^^^^^^^^^^^^^^^^^^^^^
2025 Feb 11 03:00:23.094645 sonic INFO featured[14030]:   File "/usr/local/lib/python3.11/dist-packages/sonic_py_common/device_info.py", line 680, in get_device_runtime_metadata
2025 Feb 11 03:00:23.094751 sonic INFO featured[14030]:     port_metadata = {'ETHERNET_PORTS_PRESENT': True if get_path_to_port_config_file(hwsku=None, asic="0" if is_multi_npu() else None) else False}
2025 Feb 11 03:00:23.094793 sonic INFO featured[14030]:                                                        ^^^^^^^^^^^^^^^^^^^^^^^^^^^^^^^^^^^^^^^^^^^^^^^^^^^^^^^^^^^^^^^^^^^^^^^^^^^^^^
2025 Feb 11 03:00:23.094819 sonic INFO featured[14030]:   File "/usr/local/lib/python3.11/dist-packages/sonic_py_common/device_info.py", line 446, in get_path_to_port_config_file
2025 Feb 11 03:00:23.094869 sonic INFO featured[14030]:     (platform_path, hwsku_path) = get_paths_to_platform_and_hwsku_dirs()
2025 Feb 11 03:00:23.094900 sonic INFO featured[14030]:                                   ^^^^^^^^^^^^^^^^^^^^^^^^^^^^^^^^^^^^^^
2025 Feb 11 03:00:23.094925 sonic INFO featured[14030]:   File "/usr/local/lib/python3.11/dist-packages/sonic_py_common/device_info.py", line 412, in get_paths_to_platform_and_hwsku_dirs
2025 Feb 11 03:00:23.094975 sonic INFO featured[14030]:     hwsku_path = os.path.join(platform_path, hwsku)
2025 Feb 11 03:00:23.095013 sonic INFO featured[14030]:                  ^^^^^^^^^^^^^^^^^^^^^^^^^^^^^^^^^^
2025 Feb 11 03:00:23.095039 sonic INFO featured[14030]:   File "<frozen posixpath>", line 90, in join
2025 Feb 11 03:00:23.095062 sonic INFO featured[14030]:   File "<frozen genericpath>", line 152, in _check_arg_types
2025 Feb 11 03:00:23.095087 sonic INFO featured[14030]: TypeError: join() argument must be str, bytes, or os.PathLike object, not 'NoneType'
2025 Feb 11 03:00:23.132263 sonic NOTICE systemd[1]: featured.service: Main process exited, code=exited, status=1/FAILURE
2025 Feb 11 03:00:23.132412 sonic WARNING systemd[1]: featured.service: Failed with result 'exit-code'.
2025 Feb 11 03:00:23.163698 sonic INFO systemd[1]: Started featured.service - Feature configuration daemon.
2025 Feb 11 03:00:23.324718 sonic INFO featured: ConfigDB connect success
2025 Feb 11 03:00:23.328778 sonic INFO featured[14031]: Traceback (most recent call last):
2025 Feb 11 03:00:23.328860 sonic INFO featured[14031]:   File "/usr/local/bin/featured", line 598, in <module>
2025 Feb 11 03:00:23.328919 sonic INFO featured[14031]:     main()
2025 Feb 11 03:00:23.328948 sonic INFO featured[14031]:   File "/usr/local/bin/featured", line 591, in main
2025 Feb 11 03:00:23.329067 sonic INFO featured[14031]:     daemon = FeatureDaemon()
2025 Feb 11 03:00:23.329100 sonic INFO featured[14031]:              ^^^^^^^^^^^^^^^
2025 Feb 11 03:00:23.329123 sonic INFO featured[14031]:   File "/usr/local/bin/featured", line 529, in __init__
2025 Feb 11 03:00:23.329200 sonic INFO featured[14031]:     self.feature_handler = FeatureHandler(self.config_db, feature_state_table, self.device_config, self.advanced_boot)
2025 Feb 11 03:00:23.329247 sonic INFO featured[14031]:                            ^^^^^^^^^^^^^^^^^^^^^^^^^^^^^^^^^^^^^^^^^^^^^^^^^^^^^^^^^^^^^^^^^^^^^^^^^^^^^^^^^^^^^^^^^^^
2025 Feb 11 03:00:23.329274 sonic INFO featured[14031]:   File "/usr/local/bin/featured", line 136, in __init__
2025 Feb 11 03:00:23.329305 sonic INFO featured[14031]:     self._device_running_config = device_info.get_device_runtime_metadata()
2025 Feb 11 03:00:23.329331 sonic INFO featured[14031]:                                   ^^^^^^^^^^^^^^^^^^^^^^^^^^^^^^^^^^^^^^^^^
2025 Feb 11 03:00:23.329360 sonic INFO featured[14031]:   File "/usr/local/lib/python3.11/dist-packages/sonic_py_common/device_info.py", line 680, in get_device_runtime_metadata
2025 Feb 11 03:00:23.329446 sonic INFO featured[14031]:     port_metadata = {'ETHERNET_PORTS_PRESENT': True if get_path_to_port_config_file(hwsku=None, asic="0" if is_multi_npu() else None) else False}
2025 Feb 11 03:00:23.329554 sonic INFO featured[14031]:                                                        ^^^^^^^^^^^^^^^^^^^^^^^^^^^^^^^^^^^^^^^^^^^^^^^^^^^^^^^^^^^^^^^^^^^^^^^^^^^^^^
2025 Feb 11 03:00:23.329596 sonic INFO featured[14031]:   File "/usr/local/lib/python3.11/dist-packages/sonic_py_common/device_info.py", line 446, in get_path_to_port_config_file
2025 Feb 11 03:00:23.329649 sonic INFO featured[14031]:     (platform_path, hwsku_path) = get_paths_to_platform_and_hwsku_dirs()
2025 Feb 11 03:00:23.329681 sonic INFO featured[14031]:                                   ^^^^^^^^^^^^^^^^^^^^^^^^^^^^^^^^^^^^^^
2025 Feb 11 03:00:23.329707 sonic INFO featured[14031]:   File "/usr/local/lib/python3.11/dist-packages/sonic_py_common/device_info.py", line 412, in get_paths_to_platform_and_hwsku_dirs
2025 Feb 11 03:00:23.329757 sonic INFO featured[14031]:     hwsku_path = os.path.join(platform_path, hwsku)
2025 Feb 11 03:00:23.329792 sonic INFO featured[14031]:                  ^^^^^^^^^^^^^^^^^^^^^^^^^^^^^^^^^^
2025 Feb 11 03:00:23.329818 sonic INFO featured[14031]:   File "<frozen posixpath>", line 90, in join
2025 Feb 11 03:00:23.329842 sonic INFO featured[14031]:   File "<frozen genericpath>", line 152, in _check_arg_types
2025 Feb 11 03:00:23.329866 sonic INFO featured[14031]: TypeError: join() argument must be str, bytes, or os.PathLike object, not 'NoneType'
2025 Feb 11 03:00:23.348625 sonic NOTICE systemd[1]: featured.service: Main process exited, code=exited, status=1/FAILURE
2025 Feb 11 03:00:23.348731 sonic WARNING systemd[1]: featured.service: Failed with result 'exit-code'.
2025 Feb 11 03:00:23.351479 sonic WARNING systemd[1]: featured.service: Start request repeated too quickly.
2025 Feb 11 03:00:23.352135 sonic WARNING systemd[1]: featured.service: Failed with result 'exit-code'.
2025 Feb 11 03:00:23.352188 sonic ERR systemd[1]: Failed to start featured.service - Feature configuration daemon.
2025 Feb 11 03:00:44.460111 sonic INFO systemd[1]: Started featured.service - Feature configuration daemon.
2025 Feb 11 03:00:44.619248 sonic INFO featured: ConfigDB connect success
2025 Feb 11 03:00:44.629255 sonic INFO featured[14080]: Traceback (most recent call last):
2025 Feb 11 03:00:44.630990 sonic INFO featured[14080]:   File "/usr/local/bin/featured", line 598, in <module>
2025 Feb 11 03:00:44.631212 sonic INFO featured[14080]:     main()
2025 Feb 11 03:00:44.631301 sonic INFO featured[14080]:   File "/usr/local/bin/featured", line 591, in main
2025 Feb 11 03:00:44.631439 sonic INFO featured[14080]:     daemon = FeatureDaemon()
2025 Feb 11 03:00:44.631592 sonic INFO featured[14080]:              ^^^^^^^^^^^^^^^
2025 Feb 11 03:00:44.631661 sonic INFO featured[14080]:   File "/usr/local/bin/featured", line 529, in __init__
2025 Feb 11 03:00:44.631913 sonic INFO featured[14080]:     self.feature_handler = FeatureHandler(self.config_db, feature_state_table, self.device_config, self.advanced_boot)
2025 Feb 11 03:00:44.632076 sonic INFO featured[14080]:                            ^^^^^^^^^^^^^^^^^^^^^^^^^^^^^^^^^^^^^^^^^^^^^^^^^^^^^^^^^^^^^^^^^^^^^^^^^^^^^^^^^^^^^^^^^^^
2025 Feb 11 03:00:44.632148 sonic INFO featured[14080]:   File "/usr/local/bin/featured", line 136, in __init__
2025 Feb 11 03:00:44.632207 sonic INFO featured[14080]:     self._device_running_config = device_info.get_device_runtime_metadata()
2025 Feb 11 03:00:44.632290 sonic INFO featured[14080]:                                   ^^^^^^^^^^^^^^^^^^^^^^^^^^^^^^^^^^^^^^^^^
2025 Feb 11 03:00:44.632418 sonic INFO featured[14080]:   File "/usr/local/lib/python3.11/dist-packages/sonic_py_common/device_info.py", line 680, in get_device_runtime_metadata
2025 Feb 11 03:00:44.632538 sonic INFO featured[14080]:     port_metadata = {'ETHERNET_PORTS_PRESENT': True if get_path_to_port_config_file(hwsku=None, asic="0" if is_multi_npu() else None) else False}
2025 Feb 11 03:00:44.632581 sonic INFO featured[14080]:                                                        ^^^^^^^^^^^^^^^^^^^^^^^^^^^^^^^^^^^^^^^^^^^^^^^^^^^^^^^^^^^^^^^^^^^^^^^^^^^^^^
2025 Feb 11 03:00:44.632697 sonic INFO featured[14080]:   File "/usr/local/lib/python3.11/dist-packages/sonic_py_common/device_info.py", line 446, in get_path_to_port_config_file
2025 Feb 11 03:00:44.632745 sonic INFO featured[14080]:     (platform_path, hwsku_path) = get_paths_to_platform_and_hwsku_dirs()
2025 Feb 11 03:00:44.632792 sonic INFO featured[14080]:                                   ^^^^^^^^^^^^^^^^^^^^^^^^^^^^^^^^^^^^^^
2025 Feb 11 03:00:44.632836 sonic INFO featured[14080]:   File "/usr/local/lib/python3.11/dist-packages/sonic_py_common/device_info.py", line 412, in get_paths_to_platform_and_hwsku_dirs
2025 Feb 11 03:00:44.632876 sonic INFO featured[14080]:     hwsku_path = os.path.join(platform_path, hwsku)
2025 Feb 11 03:00:44.632915 sonic INFO featured[14080]:                  ^^^^^^^^^^^^^^^^^^^^^^^^^^^^^^^^^^
2025 Feb 11 03:00:44.632955 sonic INFO featured[14080]:   File "<frozen posixpath>", line 90, in join
2025 Feb 11 03:00:44.632995 sonic INFO featured[14080]:   File "<frozen genericpath>", line 152, in _check_arg_types
2025 Feb 11 03:00:44.633035 sonic INFO featured[14080]: TypeError: join() argument must be str, bytes, or os.PathLike object, not 'NoneType'
2025 Feb 11 03:00:44.656661 sonic NOTICE systemd[1]: featured.service: Main process exited, code=exited, status=1/FAILURE
2025 Feb 11 03:00:44.656776 sonic WARNING systemd[1]: featured.service: Failed with result 'exit-code'.
2025 Feb 11 03:00:44.698656 sonic INFO systemd[1]: Started featured.service - Feature configuration daemon.
2025 Feb 11 03:00:44.844150 sonic INFO featured: ConfigDB connect success
2025 Feb 11 03:00:44.848243 sonic INFO featured[14083]: Traceback (most recent call last):
2025 Feb 11 03:00:44.848328 sonic INFO featured[14083]:   File "/usr/local/bin/featured", line 598, in <module>
2025 Feb 11 03:00:44.848368 sonic INFO featured[14083]:     main()
2025 Feb 11 03:00:44.848391 sonic INFO featured[14083]:   File "/usr/local/bin/featured", line 591, in main
2025 Feb 11 03:00:44.848534 sonic INFO featured[14083]:     daemon = FeatureDaemon()
2025 Feb 11 03:00:44.848574 sonic INFO featured[14083]:              ^^^^^^^^^^^^^^^
2025 Feb 11 03:00:44.848591 sonic INFO featured[14083]:   File "/usr/local/bin/featured", line 529, in __init__
2025 Feb 11 03:00:44.848688 sonic INFO featured[14083]:     self.feature_handler = FeatureHandler(self.config_db, feature_state_table, self.device_config, self.advanced_boot)
2025 Feb 11 03:00:44.848726 sonic INFO featured[14083]:                            ^^^^^^^^^^^^^^^^^^^^^^^^^^^^^^^^^^^^^^^^^^^^^^^^^^^^^^^^^^^^^^^^^^^^^^^^^^^^^^^^^^^^^^^^^^^
2025 Feb 11 03:00:44.848744 sonic INFO featured[14083]:   File "/usr/local/bin/featured", line 136, in __init__
2025 Feb 11 03:00:44.848775 sonic INFO featured[14083]:     self._device_running_config = device_info.get_device_runtime_metadata()
2025 Feb 11 03:00:44.848806 sonic INFO featured[14083]:                                   ^^^^^^^^^^^^^^^^^^^^^^^^^^^^^^^^^^^^^^^^^
2025 Feb 11 03:00:44.848831 sonic INFO featured[14083]:   File "/usr/local/lib/python3.11/dist-packages/sonic_py_common/device_info.py", line 680, in get_device_runtime_metadata
2025 Feb 11 03:00:44.848929 sonic INFO featured[14083]:     port_metadata = {'ETHERNET_PORTS_PRESENT': True if get_path_to_port_config_file(hwsku=None, asic="0" if is_multi_npu() else None) else False}
2025 Feb 11 03:00:44.848965 sonic INFO featured[14083]:                                                        ^^^^^^^^^^^^^^^^^^^^^^^^^^^^^^^^^^^^^^^^^^^^^^^^^^^^^^^^^^^^^^^^^^^^^^^^^^^^^^
2025 Feb 11 03:00:44.848990 sonic INFO featured[14083]:   File "/usr/local/lib/python3.11/dist-packages/sonic_py_common/device_info.py", line 446, in get_path_to_port_config_file
2025 Feb 11 03:00:44.849051 sonic INFO featured[14083]:     (platform_path, hwsku_path) = get_paths_to_platform_and_hwsku_dirs()
2025 Feb 11 03:00:44.849082 sonic INFO featured[14083]:                                   ^^^^^^^^^^^^^^^^^^^^^^^^^^^^^^^^^^^^^^
2025 Feb 11 03:00:44.849107 sonic INFO featured[14083]:   File "/usr/local/lib/python3.11/dist-packages/sonic_py_common/device_info.py", line 412, in get_paths_to_platform_and_hwsku_dirs
2025 Feb 11 03:00:44.849157 sonic INFO featured[14083]:     hwsku_path = os.path.join(platform_path, hwsku)
2025 Feb 11 03:00:44.849190 sonic INFO featured[14083]:                  ^^^^^^^^^^^^^^^^^^^^^^^^^^^^^^^^^^
2025 Feb 11 03:00:44.849216 sonic INFO featured[14083]:   File "<frozen posixpath>", line 90, in join
2025 Feb 11 03:00:44.849240 sonic INFO featured[14083]:   File "<frozen genericpath>", line 152, in _check_arg_types
2025 Feb 11 03:00:44.849268 sonic INFO featured[14083]: TypeError: join() argument must be str, bytes, or os.PathLike object, not 'NoneType'
2025 Feb 11 03:00:44.867520 sonic NOTICE systemd[1]: featured.service: Main process exited, code=exited, status=1/FAILURE
2025 Feb 11 03:00:44.867749 sonic WARNING systemd[1]: featured.service: Failed with result 'exit-code'.
2025 Feb 11 03:00:44.890636 sonic INFO systemd[1]: Started featured.service - Feature configuration daemon.
2025 Feb 11 03:00:45.059801 sonic INFO featured: ConfigDB connect success
2025 Feb 11 03:00:45.063821 sonic INFO featured[14084]: Traceback (most recent call last):
2025 Feb 11 03:00:45.063892 sonic INFO featured[14084]:   File "/usr/local/bin/featured", line 598, in <module>
2025 Feb 11 03:00:45.063979 sonic INFO featured[14084]:     main()
2025 Feb 11 03:00:45.064022 sonic INFO featured[14084]:   File "/usr/local/bin/featured", line 591, in main
2025 Feb 11 03:00:45.064140 sonic INFO featured[14084]:     daemon = FeatureDaemon()
2025 Feb 11 03:00:45.064183 sonic INFO featured[14084]:              ^^^^^^^^^^^^^^^
2025 Feb 11 03:00:45.064215 sonic INFO featured[14084]:   File "/usr/local/bin/featured", line 529, in __init__
2025 Feb 11 03:00:45.064256 sonic INFO featured[14084]:     self.feature_handler = FeatureHandler(self.config_db, feature_state_table, self.device_config, self.advanced_boot)
2025 Feb 11 03:00:45.064288 sonic INFO featured[14084]:                            ^^^^^^^^^^^^^^^^^^^^^^^^^^^^^^^^^^^^^^^^^^^^^^^^^^^^^^^^^^^^^^^^^^^^^^^^^^^^^^^^^^^^^^^^^^^
2025 Feb 11 03:00:45.064313 sonic INFO featured[14084]:   File "/usr/local/bin/featured", line 136, in __init__
2025 Feb 11 03:00:45.064344 sonic INFO featured[14084]:     self._device_running_config = device_info.get_device_runtime_metadata()
2025 Feb 11 03:00:45.064375 sonic INFO featured[14084]:                                   ^^^^^^^^^^^^^^^^^^^^^^^^^^^^^^^^^^^^^^^^^
2025 Feb 11 03:00:45.064429 sonic INFO featured[14084]:   File "/usr/local/lib/python3.11/dist-packages/sonic_py_common/device_info.py", line 680, in get_device_runtime_metadata
2025 Feb 11 03:00:45.064480 sonic INFO featured[14084]:     port_metadata = {'ETHERNET_PORTS_PRESENT': True if get_path_to_port_config_file(hwsku=None, asic="0" if is_multi_npu() else None) else False}
2025 Feb 11 03:00:45.064550 sonic INFO featured[14084]:                                                        ^^^^^^^^^^^^^^^^^^^^^^^^^^^^^^^^^^^^^^^^^^^^^^^^^^^^^^^^^^^^^^^^^^^^^^^^^^^^^^
2025 Feb 11 03:00:45.064578 sonic INFO featured[14084]:   File "/usr/local/lib/python3.11/dist-packages/sonic_py_common/device_info.py", line 446, in get_path_to_port_config_file
2025 Feb 11 03:00:45.064657 sonic INFO featured[14084]:     (platform_path, hwsku_path) = get_paths_to_platform_and_hwsku_dirs()
2025 Feb 11 03:00:45.064694 sonic INFO featured[14084]:                                   ^^^^^^^^^^^^^^^^^^^^^^^^^^^^^^^^^^^^^^
2025 Feb 11 03:00:45.064711 sonic INFO featured[14084]:   File "/usr/local/lib/python3.11/dist-packages/sonic_py_common/device_info.py", line 412, in get_paths_to_platform_and_hwsku_dirs
2025 Feb 11 03:00:45.064754 sonic INFO featured[14084]:     hwsku_path = os.path.join(platform_path, hwsku)
2025 Feb 11 03:00:45.064787 sonic INFO featured[14084]:                  ^^^^^^^^^^^^^^^^^^^^^^^^^^^^^^^^^^
2025 Feb 11 03:00:45.064812 sonic INFO featured[14084]:   File "<frozen posixpath>", line 90, in join
2025 Feb 11 03:00:45.064836 sonic INFO featured[14084]:   File "<frozen genericpath>", line 152, in _check_arg_types
2025 Feb 11 03:00:45.064865 sonic INFO featured[14084]: TypeError: join() argument must be str, bytes, or os.PathLike object, not 'NoneType'
2025 Feb 11 03:00:45.084843 sonic NOTICE systemd[1]: featured.service: Main process exited, code=exited, status=1/FAILURE
2025 Feb 11 03:00:45.086329 sonic WARNING systemd[1]: featured.service: Failed with result 'exit-code'.
2025 Feb 11 03:00:45.114846 sonic INFO systemd[1]: Started featured.service - Feature configuration daemon.
2025 Feb 11 03:00:45.258650 sonic INFO featured: ConfigDB connect success
2025 Feb 11 03:00:45.262698 sonic INFO featured[14086]: Traceback (most recent call last):
2025 Feb 11 03:00:45.262801 sonic INFO featured[14086]:   File "/usr/local/bin/featured", line 598, in <module>
2025 Feb 11 03:00:45.262841 sonic INFO featured[14086]:     main()
2025 Feb 11 03:00:45.262882 sonic INFO featured[14086]:   File "/usr/local/bin/featured", line 591, in main
2025 Feb 11 03:00:45.262999 sonic INFO featured[14086]:     daemon = FeatureDaemon()
2025 Feb 11 03:00:45.263032 sonic INFO featured[14086]:              ^^^^^^^^^^^^^^^
2025 Feb 11 03:00:45.263054 sonic INFO featured[14086]:   File "/usr/local/bin/featured", line 529, in __init__
2025 Feb 11 03:00:45.263139 sonic INFO featured[14086]:     self.feature_handler = FeatureHandler(self.config_db, feature_state_table, self.device_config, self.advanced_boot)
2025 Feb 11 03:00:45.263178 sonic INFO featured[14086]:                            ^^^^^^^^^^^^^^^^^^^^^^^^^^^^^^^^^^^^^^^^^^^^^^^^^^^^^^^^^^^^^^^^^^^^^^^^^^^^^^^^^^^^^^^^^^^
2025 Feb 11 03:00:45.263200 sonic INFO featured[14086]:   File "/usr/local/bin/featured", line 136, in __init__
2025 Feb 11 03:00:45.263224 sonic INFO featured[14086]:     self._device_running_config = device_info.get_device_runtime_metadata()
2025 Feb 11 03:00:45.263250 sonic INFO featured[14086]:                                   ^^^^^^^^^^^^^^^^^^^^^^^^^^^^^^^^^^^^^^^^^
2025 Feb 11 03:00:45.263272 sonic INFO featured[14086]:   File "/usr/local/lib/python3.11/dist-packages/sonic_py_common/device_info.py", line 680, in get_device_runtime_metadata
2025 Feb 11 03:00:45.263374 sonic INFO featured[14086]:     port_metadata = {'ETHERNET_PORTS_PRESENT': True if get_path_to_port_config_file(hwsku=None, asic="0" if is_multi_npu() else None) else False}
2025 Feb 11 03:00:45.263411 sonic INFO featured[14086]:                                                        ^^^^^^^^^^^^^^^^^^^^^^^^^^^^^^^^^^^^^^^^^^^^^^^^^^^^^^^^^^^^^^^^^^^^^^^^^^^^^^
2025 Feb 11 03:00:45.263428 sonic INFO featured[14086]:   File "/usr/local/lib/python3.11/dist-packages/sonic_py_common/device_info.py", line 446, in get_path_to_port_config_file
2025 Feb 11 03:00:45.263509 sonic INFO featured[14086]:     (platform_path, hwsku_path) = get_paths_to_platform_and_hwsku_dirs()
2025 Feb 11 03:00:45.263542 sonic INFO featured[14086]:                                   ^^^^^^^^^^^^^^^^^^^^^^^^^^^^^^^^^^^^^^
2025 Feb 11 03:00:45.263560 sonic INFO featured[14086]:   File "/usr/local/lib/python3.11/dist-packages/sonic_py_common/device_info.py", line 412, in get_paths_to_platform_and_hwsku_dirs
2025 Feb 11 03:00:45.263621 sonic INFO featured[14086]:     hwsku_path = os.path.join(platform_path, hwsku)
2025 Feb 11 03:00:45.263655 sonic INFO featured[14086]:                  ^^^^^^^^^^^^^^^^^^^^^^^^^^^^^^^^^^
2025 Feb 11 03:00:45.263672 sonic INFO featured[14086]:   File "<frozen posixpath>", line 90, in join
2025 Feb 11 03:00:45.263689 sonic INFO featured[14086]:   File "<frozen genericpath>", line 152, in _check_arg_types
2025 Feb 11 03:00:45.263708 sonic INFO featured[14086]: TypeError: join() argument must be str, bytes, or os.PathLike object, not 'NoneType'
2025 Feb 11 03:00:45.281979 sonic NOTICE systemd[1]: featured.service: Main process exited, code=exited, status=1/FAILURE
2025 Feb 11 03:00:45.282141 sonic WARNING systemd[1]: featured.service: Failed with result 'exit-code'.
2025 Feb 11 03:00:45.302785 sonic INFO systemd[1]: Started featured.service - Feature configuration daemon.
2025 Feb 11 03:00:45.440831 sonic INFO featured: ConfigDB connect success
2025 Feb 11 03:00:45.446048 sonic INFO featured[14088]: Traceback (most recent call last):
2025 Feb 11 03:00:45.446139 sonic INFO featured[14088]:   File "/usr/local/bin/featured", line 598, in <module>
2025 Feb 11 03:00:45.446358 sonic INFO featured[14088]:     main()
2025 Feb 11 03:00:45.446424 sonic INFO featured[14088]:   File "/usr/local/bin/featured", line 591, in main
2025 Feb 11 03:00:45.446634 sonic INFO featured[14088]:     daemon = FeatureDaemon()
2025 Feb 11 03:00:45.446706 sonic INFO featured[14088]:              ^^^^^^^^^^^^^^^
2025 Feb 11 03:00:45.446755 sonic INFO featured[14088]:   File "/usr/local/bin/featured", line 529, in __init__
2025 Feb 11 03:00:45.446809 sonic INFO featured[14088]:     self.feature_handler = FeatureHandler(self.config_db, feature_state_table, self.device_config, self.advanced_boot)
2025 Feb 11 03:00:45.446866 sonic INFO featured[14088]:                            ^^^^^^^^^^^^^^^^^^^^^^^^^^^^^^^^^^^^^^^^^^^^^^^^^^^^^^^^^^^^^^^^^^^^^^^^^^^^^^^^^^^^^^^^^^^
2025 Feb 11 03:00:45.446923 sonic INFO featured[14088]:   File "/usr/local/bin/featured", line 136, in __init__
2025 Feb 11 03:00:45.446981 sonic INFO featured[14088]:     self._device_running_config = device_info.get_device_runtime_metadata()
2025 Feb 11 03:00:45.447033 sonic INFO featured[14088]:                                   ^^^^^^^^^^^^^^^^^^^^^^^^^^^^^^^^^^^^^^^^^
2025 Feb 11 03:00:45.447085 sonic INFO featured[14088]:   File "/usr/local/lib/python3.11/dist-packages/sonic_py_common/device_info.py", line 680, in get_device_runtime_metadata
2025 Feb 11 03:00:45.447274 sonic INFO featured[14088]:     port_metadata = {'ETHERNET_PORTS_PRESENT': True if get_path_to_port_config_file(hwsku=None, asic="0" if is_multi_npu() else None) else False}
2025 Feb 11 03:00:45.447353 sonic INFO featured[14088]:                                                        ^^^^^^^^^^^^^^^^^^^^^^^^^^^^^^^^^^^^^^^^^^^^^^^^^^^^^^^^^^^^^^^^^^^^^^^^^^^^^^
2025 Feb 11 03:00:45.447401 sonic INFO featured[14088]:   File "/usr/local/lib/python3.11/dist-packages/sonic_py_common/device_info.py", line 446, in get_path_to_port_config_file
2025 Feb 11 03:00:45.447449 sonic INFO featured[14088]:     (platform_path, hwsku_path) = get_paths_to_platform_and_hwsku_dirs()
2025 Feb 11 03:00:45.447539 sonic INFO featured[14088]:                                   ^^^^^^^^^^^^^^^^^^^^^^^^^^^^^^^^^^^^^^
2025 Feb 11 03:00:45.447586 sonic INFO featured[14088]:   File "/usr/local/lib/python3.11/dist-packages/sonic_py_common/device_info.py", line 412, in get_paths_to_platform_and_hwsku_dirs
2025 Feb 11 03:00:45.447673 sonic INFO featured[14088]:     hwsku_path = os.path.join(platform_path, hwsku)
2025 Feb 11 03:00:45.447727 sonic INFO featured[14088]:                  ^^^^^^^^^^^^^^^^^^^^^^^^^^^^^^^^^^
2025 Feb 11 03:00:45.447768 sonic INFO featured[14088]:   File "<frozen posixpath>", line 90, in join
2025 Feb 11 03:00:45.447808 sonic INFO featured[14088]:   File "<frozen genericpath>", line 152, in _check_arg_types
2025 Feb 11 03:00:45.447847 sonic INFO featured[14088]: TypeError: join() argument must be str, bytes, or os.PathLike object, not 'NoneType'
2025 Feb 11 03:00:45.467718 sonic NOTICE systemd[1]: featured.service: Main process exited, code=exited, status=1/FAILURE
2025 Feb 11 03:00:45.467804 sonic WARNING systemd[1]: featured.service: Failed with result 'exit-code'.
2025 Feb 11 03:00:45.469433 sonic WARNING systemd[1]: featured.service: Start request repeated too quickly.
2025 Feb 11 03:00:45.469549 sonic WARNING systemd[1]: featured.service: Failed with result 'exit-code'.
2025 Feb 11 03:00:45.469585 sonic ERR systemd[1]: Failed to start featured.service - Feature configuration daemon.
2025 Feb 11 03:00:48.279473 sonic WARNING systemd[1]: featured.service: Start request repeated too quickly.
2025 Feb 11 03:00:48.279887 sonic WARNING systemd[1]: featured.service: Failed with result 'exit-code'.
2025 Feb 11 03:00:48.279961 sonic ERR systemd[1]: Failed to start featured.service - Feature configuration daemon.
2025 Feb 11 03:00:52.282634 sonic WARNING systemd[1]: featured.service: Start request repeated too quickly.
2025 Feb 11 03:00:52.283285 sonic WARNING systemd[1]: featured.service: Failed with result 'exit-code'.
2025 Feb 11 03:00:52.283352 sonic ERR systemd[1]: Failed to start featured.service - Feature configuration daemon.
2025 Feb 11 03:00:52.529333 sonic INFO systemd[1]: caclmgrd.service: Scheduled restart job, restart counter is at 67.
2025 Feb 11 03:00:52.529803 sonic INFO systemd[1]: Stopped caclmgrd.service - Control Plane ACL configuration daemon.
2025 Feb 11 03:00:52.560093 sonic INFO systemd[1]: Started caclmgrd.service - Control Plane ACL configuration daemon.
2025 Feb 11 03:00:52.560913 sonic WARNING systemd[1]: featured.service: Start request repeated too quickly.
2025 Feb 11 03:00:52.560979 sonic WARNING systemd[1]: featured.service: Failed with result 'exit-code'.
2025 Feb 11 03:00:52.561081 sonic ERR systemd[1]: Failed to start featured.service - Feature configuration daemon.
2025 Feb 11 03:00:52.563623 sonic WARNING systemd[1]: featured.service: Start request repeated too quickly.
2025 Feb 11 03:00:52.563669 sonic WARNING systemd[1]: featured.service: Failed with result 'exit-code'.
2025 Feb 11 03:00:52.563720 sonic ERR systemd[1]: Failed to start featured.service - Feature configuration daemon.
2025 Feb 11 03:00:52.695098 sonic INFO caclmgrd[14108]: Traceback (most recent call last):
2025 Feb 11 03:00:52.695274 sonic INFO caclmgrd[14108]:   File "/usr/local/bin/caclmgrd", line 1146, in <module>
2025 Feb 11 03:00:52.695311 sonic INFO caclmgrd[14108]:     main()
2025 Feb 11 03:00:52.695330 sonic INFO caclmgrd[14108]:   File "/usr/local/bin/caclmgrd", line 1137, in main
2025 Feb 11 03:00:52.695346 sonic INFO caclmgrd[14108]:     caclmgr = ControlPlaneAclManager(SYSLOG_IDENTIFIER)
2025 Feb 11 03:00:52.695377 sonic INFO caclmgrd[14108]:               ^^^^^^^^^^^^^^^^^^^^^^^^^^^^^^^^^^^^^^^^^
2025 Feb 11 03:00:52.695394 sonic INFO caclmgrd[14108]:   File "/usr/local/bin/caclmgrd", line 156, in __init__
2025 Feb 11 03:00:52.695419 sonic INFO caclmgrd[14108]:     if 'subtype' in metadata['localhost'] and metadata['localhost']['subtype'] == 'DualToR':
2025 Feb 11 03:00:52.695444 sonic INFO caclmgrd[14108]:                     ~~~~~~~~^^^^^^^^^^^^^
2025 Feb 11 03:00:52.695467 sonic INFO caclmgrd[14108]: KeyError: 'localhost'
2025 Feb 11 03:00:52.708283 sonic NOTICE systemd[1]: caclmgrd.service: Main process exited, code=exited, status=1/FAILURE
2025 Feb 11 03:00:52.708469 sonic WARNING systemd[1]: caclmgrd.service: Failed with result 'exit-code'.
2025 Feb 11 03:00:52.710268 sonic WARNING systemd[1]: featured.service: Start request repeated too quickly.
2025 Feb 11 03:00:52.710321 sonic WARNING systemd[1]: featured.service: Failed with result 'exit-code'.
2025 Feb 11 03:00:52.710419 sonic ERR systemd[1]: Failed to start featured.service - Feature configuration daemon.
2025 Feb 11 03:00:54.992015 sonic ERR monit[828]: 'container_checker' status failed (4) -- Unexpected running containers: eventd, bgp3, bgp0, macsec2, bgp1, database, database2, database0, macsec0, bgp2, database1, database3, macsec1, macsec3
2025 Feb 11 03:00:55.094049 sonic DEBUG mgmt_oper_status.py: No management interface found
2025 Feb 11 03:00:55.286675 sonic INFO systemd[1]: Started featured.service - Feature configuration daemon.
2025 Feb 11 03:00:55.332823 sonic INFO memory_checker: [memory_checker] Exits without checking memory usage since container 'bmp' is not running!
2025 Feb 11 03:00:55.335383 sonic INFO memory_checker: [memory_checker] Exits without checking memory usage since container 'snmp' is not running!
2025 Feb 11 03:00:55.335731 sonic INFO memory_checker: [memory_checker] Exits without checking memory usage since container 'gnmi' is not running!
2025 Feb 11 03:00:55.447802 sonic INFO featured: ConfigDB connect success
2025 Feb 11 03:00:55.452023 sonic INFO featured[14131]: Traceback (most recent call last):
2025 Feb 11 03:00:55.452091 sonic INFO featured[14131]:   File "/usr/local/bin/featured", line 598, in <module>
2025 Feb 11 03:00:55.452201 sonic INFO featured[14131]:     main()
2025 Feb 11 03:00:55.452241 sonic INFO featured[14131]:   File "/usr/local/bin/featured", line 591, in main
2025 Feb 11 03:00:55.452359 sonic INFO featured[14131]:     daemon = FeatureDaemon()
2025 Feb 11 03:00:55.452398 sonic INFO featured[14131]:              ^^^^^^^^^^^^^^^
2025 Feb 11 03:00:55.452416 sonic INFO featured[14131]:   File "/usr/local/bin/featured", line 529, in __init__
2025 Feb 11 03:00:55.452499 sonic INFO featured[14131]:     self.feature_handler = FeatureHandler(self.config_db, feature_state_table, self.device_config, self.advanced_boot)
2025 Feb 11 03:00:55.452545 sonic INFO featured[14131]:                            ^^^^^^^^^^^^^^^^^^^^^^^^^^^^^^^^^^^^^^^^^^^^^^^^^^^^^^^^^^^^^^^^^^^^^^^^^^^^^^^^^^^^^^^^^^^
2025 Feb 11 03:00:55.452572 sonic INFO featured[14131]:   File "/usr/local/bin/featured", line 136, in __init__
2025 Feb 11 03:00:55.452611 sonic INFO featured[14131]:     self._device_running_config = device_info.get_device_runtime_metadata()
2025 Feb 11 03:00:55.452643 sonic INFO featured[14131]:                                   ^^^^^^^^^^^^^^^^^^^^^^^^^^^^^^^^^^^^^^^^^
2025 Feb 11 03:00:55.452668 sonic INFO featured[14131]:   File "/usr/local/lib/python3.11/dist-packages/sonic_py_common/device_info.py", line 680, in get_device_runtime_metadata
2025 Feb 11 03:00:55.452740 sonic INFO featured[14131]:     port_metadata = {'ETHERNET_PORTS_PRESENT': True if get_path_to_port_config_file(hwsku=None, asic="0" if is_multi_npu() else None) else False}
2025 Feb 11 03:00:55.452790 sonic INFO featured[14131]:                                                        ^^^^^^^^^^^^^^^^^^^^^^^^^^^^^^^^^^^^^^^^^^^^^^^^^^^^^^^^^^^^^^^^^^^^^^^^^^^^^^
2025 Feb 11 03:00:55.452818 sonic INFO featured[14131]:   File "/usr/local/lib/python3.11/dist-packages/sonic_py_common/device_info.py", line 446, in get_path_to_port_config_file
2025 Feb 11 03:00:55.452880 sonic INFO featured[14131]:     (platform_path, hwsku_path) = get_paths_to_platform_and_hwsku_dirs()
2025 Feb 11 03:00:55.452912 sonic INFO featured[14131]:                                   ^^^^^^^^^^^^^^^^^^^^^^^^^^^^^^^^^^^^^^
2025 Feb 11 03:00:55.452941 sonic INFO featured[14131]:   File "/usr/local/lib/python3.11/dist-packages/sonic_py_common/device_info.py", line 412, in get_paths_to_platform_and_hwsku_dirs
2025 Feb 11 03:00:55.452985 sonic INFO featured[14131]:     hwsku_path = os.path.join(platform_path, hwsku)
2025 Feb 11 03:00:55.453022 sonic INFO featured[14131]:                  ^^^^^^^^^^^^^^^^^^^^^^^^^^^^^^^^^^
2025 Feb 11 03:00:55.453047 sonic INFO featured[14131]:   File "<frozen posixpath>", line 90, in join
2025 Feb 11 03:00:55.453071 sonic INFO featured[14131]:   File "<frozen genericpath>", line 152, in _check_arg_types
2025 Feb 11 03:00:55.453095 sonic INFO featured[14131]: TypeError: join() argument must be str, bytes, or os.PathLike object, not 'NoneType'
2025 Feb 11 03:00:55.471870 sonic NOTICE systemd[1]: featured.service: Main process exited, code=exited, status=1/FAILURE
2025 Feb 11 03:00:55.471969 sonic WARNING systemd[1]: featured.service: Failed with result 'exit-code'.
2025 Feb 11 03:00:55.527971 sonic INFO systemd[1]: Started featured.service - Feature configuration daemon.
2025 Feb 11 03:00:55.687381 sonic INFO featured: ConfigDB connect success
2025 Feb 11 03:00:55.697040 sonic INFO featured[14162]: Traceback (most recent call last):
2025 Feb 11 03:00:55.697567 sonic INFO featured[14162]:   File "/usr/local/bin/featured", line 598, in <module>
2025 Feb 11 03:00:55.697634 sonic INFO featured[14162]:     main()
2025 Feb 11 03:00:55.697661 sonic INFO featured[14162]:   File "/usr/local/bin/featured", line 591, in main
2025 Feb 11 03:00:55.697686 sonic INFO featured[14162]:     daemon = FeatureDaemon()
2025 Feb 11 03:00:55.697711 sonic INFO featured[14162]:              ^^^^^^^^^^^^^^^
2025 Feb 11 03:00:55.697737 sonic INFO featured[14162]:   File "/usr/local/bin/featured", line 529, in __init__
2025 Feb 11 03:00:55.697796 sonic INFO featured[14162]:     self.feature_handler = FeatureHandler(self.config_db, feature_state_table, self.device_config, self.advanced_boot)
2025 Feb 11 03:00:55.697826 sonic INFO featured[14162]:                            ^^^^^^^^^^^^^^^^^^^^^^^^^^^^^^^^^^^^^^^^^^^^^^^^^^^^^^^^^^^^^^^^^^^^^^^^^^^^^^^^^^^^^^^^^^^
2025 Feb 11 03:00:55.697843 sonic INFO featured[14162]:   File "/usr/local/bin/featured", line 136, in __init__
2025 Feb 11 03:00:55.697866 sonic INFO featured[14162]:     self._device_running_config = device_info.get_device_runtime_metadata()
2025 Feb 11 03:00:55.697910 sonic INFO featured[14162]:                                   ^^^^^^^^^^^^^^^^^^^^^^^^^^^^^^^^^^^^^^^^^
2025 Feb 11 03:00:55.697956 sonic INFO featured[14162]:   File "/usr/local/lib/python3.11/dist-packages/sonic_py_common/device_info.py", line 680, in get_device_runtime_metadata
2025 Feb 11 03:00:55.698007 sonic INFO featured[14162]:     port_metadata = {'ETHERNET_PORTS_PRESENT': True if get_path_to_port_config_file(hwsku=None, asic="0" if is_multi_npu() else None) else False}
2025 Feb 11 03:00:55.698033 sonic INFO featured[14162]:                                                        ^^^^^^^^^^^^^^^^^^^^^^^^^^^^^^^^^^^^^^^^^^^^^^^^^^^^^^^^^^^^^^^^^^^^^^^^^^^^^^
2025 Feb 11 03:00:55.698057 sonic INFO featured[14162]:   File "/usr/local/lib/python3.11/dist-packages/sonic_py_common/device_info.py", line 446, in get_path_to_port_config_file
2025 Feb 11 03:00:55.698090 sonic INFO featured[14162]:     (platform_path, hwsku_path) = get_paths_to_platform_and_hwsku_dirs()
2025 Feb 11 03:00:55.698121 sonic INFO featured[14162]:                                   ^^^^^^^^^^^^^^^^^^^^^^^^^^^^^^^^^^^^^^
2025 Feb 11 03:00:55.698148 sonic INFO featured[14162]:   File "/usr/local/lib/python3.11/dist-packages/sonic_py_common/device_info.py", line 412, in get_paths_to_platform_and_hwsku_dirs
2025 Feb 11 03:00:55.698198 sonic INFO featured[14162]:     hwsku_path = os.path.join(platform_path, hwsku)
2025 Feb 11 03:00:55.698223 sonic INFO featured[14162]:                  ^^^^^^^^^^^^^^^^^^^^^^^^^^^^^^^^^^
2025 Feb 11 03:00:55.698247 sonic INFO featured[14162]:   File "<frozen posixpath>", line 90, in join
2025 Feb 11 03:00:55.698272 sonic INFO featured[14162]:   File "<frozen genericpath>", line 152, in _check_arg_types
2025 Feb 11 03:00:55.698302 sonic INFO featured[14162]: TypeError: join() argument must be str, bytes, or os.PathLike object, not 'NoneType'
2025 Feb 11 03:00:55.727986 sonic NOTICE systemd[1]: featured.service: Main process exited, code=exited, status=1/FAILURE
2025 Feb 11 03:00:55.728097 sonic WARNING systemd[1]: featured.service: Failed with result 'exit-code'.
2025 Feb 11 03:00:55.758584 sonic INFO systemd[1]: Started featured.service - Feature configuration daemon.
2025 Feb 11 03:00:55.897802 sonic INFO featured: ConfigDB connect success
2025 Feb 11 03:00:55.901990 sonic INFO featured[14163]: Traceback (most recent call last):
2025 Feb 11 03:00:55.902042 sonic INFO featured[14163]:   File "/usr/local/bin/featured", line 598, in <module>
2025 Feb 11 03:00:55.902153 sonic INFO featured[14163]:     main()
2025 Feb 11 03:00:55.902193 sonic INFO featured[14163]:   File "/usr/local/bin/featured", line 591, in main
2025 Feb 11 03:00:55.902315 sonic INFO featured[14163]:     daemon = FeatureDaemon()
2025 Feb 11 03:00:55.902348 sonic INFO featured[14163]:              ^^^^^^^^^^^^^^^
2025 Feb 11 03:00:55.902371 sonic INFO featured[14163]:   File "/usr/local/bin/featured", line 529, in __init__
2025 Feb 11 03:00:55.902442 sonic INFO featured[14163]:     self.feature_handler = FeatureHandler(self.config_db, feature_state_table, self.device_config, self.advanced_boot)
2025 Feb 11 03:00:55.902511 sonic INFO featured[14163]:                            ^^^^^^^^^^^^^^^^^^^^^^^^^^^^^^^^^^^^^^^^^^^^^^^^^^^^^^^^^^^^^^^^^^^^^^^^^^^^^^^^^^^^^^^^^^^
2025 Feb 11 03:00:55.902530 sonic INFO featured[14163]:   File "/usr/local/bin/featured", line 136, in __init__
2025 Feb 11 03:00:55.902569 sonic INFO featured[14163]:     self._device_running_config = device_info.get_device_runtime_metadata()
2025 Feb 11 03:00:55.902603 sonic INFO featured[14163]:                                   ^^^^^^^^^^^^^^^^^^^^^^^^^^^^^^^^^^^^^^^^^
2025 Feb 11 03:00:55.902620 sonic INFO featured[14163]:   File "/usr/local/lib/python3.11/dist-packages/sonic_py_common/device_info.py", line 680, in get_device_runtime_metadata
2025 Feb 11 03:00:55.902731 sonic INFO featured[14163]:     port_metadata = {'ETHERNET_PORTS_PRESENT': True if get_path_to_port_config_file(hwsku=None, asic="0" if is_multi_npu() else None) else False}
2025 Feb 11 03:00:55.902770 sonic INFO featured[14163]:                                                        ^^^^^^^^^^^^^^^^^^^^^^^^^^^^^^^^^^^^^^^^^^^^^^^^^^^^^^^^^^^^^^^^^^^^^^^^^^^^^^
2025 Feb 11 03:00:55.902788 sonic INFO featured[14163]:   File "/usr/local/lib/python3.11/dist-packages/sonic_py_common/device_info.py", line 446, in get_path_to_port_config_file
2025 Feb 11 03:00:55.902858 sonic INFO featured[14163]:     (platform_path, hwsku_path) = get_paths_to_platform_and_hwsku_dirs()
2025 Feb 11 03:00:55.902890 sonic INFO featured[14163]:                                   ^^^^^^^^^^^^^^^^^^^^^^^^^^^^^^^^^^^^^^
2025 Feb 11 03:00:55.902915 sonic INFO featured[14163]:   File "/usr/local/lib/python3.11/dist-packages/sonic_py_common/device_info.py", line 412, in get_paths_to_platform_and_hwsku_dirs
2025 Feb 11 03:00:55.902968 sonic INFO featured[14163]:     hwsku_path = os.path.join(platform_path, hwsku)
2025 Feb 11 03:00:55.903002 sonic INFO featured[14163]:                  ^^^^^^^^^^^^^^^^^^^^^^^^^^^^^^^^^^
2025 Feb 11 03:00:55.903019 sonic INFO featured[14163]:   File "<frozen posixpath>", line 90, in join
2025 Feb 11 03:00:55.903035 sonic INFO featured[14163]:   File "<frozen genericpath>", line 152, in _check_arg_types
2025 Feb 11 03:00:55.903053 sonic INFO featured[14163]: TypeError: join() argument must be str, bytes, or os.PathLike object, not 'NoneType'
2025 Feb 11 03:00:55.921781 sonic NOTICE systemd[1]: featured.service: Main process exited, code=exited, status=1/FAILURE
2025 Feb 11 03:00:55.921920 sonic WARNING systemd[1]: featured.service: Failed with result 'exit-code'.
2025 Feb 11 03:00:55.958678 sonic INFO systemd[1]: Started featured.service - Feature configuration daemon.
2025 Feb 11 03:00:56.111363 sonic INFO featured: ConfigDB connect success
2025 Feb 11 03:00:56.115380 sonic INFO featured[14166]: Traceback (most recent call last):
2025 Feb 11 03:00:56.115444 sonic INFO featured[14166]:   File "/usr/local/bin/featured", line 598, in <module>
2025 Feb 11 03:00:56.115574 sonic INFO featured[14166]:     main()
2025 Feb 11 03:00:56.115617 sonic INFO featured[14166]:   File "/usr/local/bin/featured", line 591, in main
2025 Feb 11 03:00:56.115738 sonic INFO featured[14166]:     daemon = FeatureDaemon()
2025 Feb 11 03:00:56.115771 sonic INFO featured[14166]:              ^^^^^^^^^^^^^^^
2025 Feb 11 03:00:56.115794 sonic INFO featured[14166]:   File "/usr/local/bin/featured", line 529, in __init__
2025 Feb 11 03:00:56.115855 sonic INFO featured[14166]:     self.feature_handler = FeatureHandler(self.config_db, feature_state_table, self.device_config, self.advanced_boot)
2025 Feb 11 03:00:56.115893 sonic INFO featured[14166]:                            ^^^^^^^^^^^^^^^^^^^^^^^^^^^^^^^^^^^^^^^^^^^^^^^^^^^^^^^^^^^^^^^^^^^^^^^^^^^^^^^^^^^^^^^^^^^
2025 Feb 11 03:00:56.115913 sonic INFO featured[14166]:   File "/usr/local/bin/featured", line 136, in __init__
2025 Feb 11 03:00:56.115961 sonic INFO featured[14166]:     self._device_running_config = device_info.get_device_runtime_metadata()
2025 Feb 11 03:00:56.115995 sonic INFO featured[14166]:                                   ^^^^^^^^^^^^^^^^^^^^^^^^^^^^^^^^^^^^^^^^^
2025 Feb 11 03:00:56.116020 sonic INFO featured[14166]:   File "/usr/local/lib/python3.11/dist-packages/sonic_py_common/device_info.py", line 680, in get_device_runtime_metadata
2025 Feb 11 03:00:56.116125 sonic INFO featured[14166]:     port_metadata = {'ETHERNET_PORTS_PRESENT': True if get_path_to_port_config_file(hwsku=None, asic="0" if is_multi_npu() else None) else False}
2025 Feb 11 03:00:56.116162 sonic INFO featured[14166]:                                                        ^^^^^^^^^^^^^^^^^^^^^^^^^^^^^^^^^^^^^^^^^^^^^^^^^^^^^^^^^^^^^^^^^^^^^^^^^^^^^^
2025 Feb 11 03:00:56.116179 sonic INFO featured[14166]:   File "/usr/local/lib/python3.11/dist-packages/sonic_py_common/device_info.py", line 446, in get_path_to_port_config_file
2025 Feb 11 03:00:56.116249 sonic INFO featured[14166]:     (platform_path, hwsku_path) = get_paths_to_platform_and_hwsku_dirs()
2025 Feb 11 03:00:56.116280 sonic INFO featured[14166]:                                   ^^^^^^^^^^^^^^^^^^^^^^^^^^^^^^^^^^^^^^
2025 Feb 11 03:00:56.116305 sonic INFO featured[14166]:   File "/usr/local/lib/python3.11/dist-packages/sonic_py_common/device_info.py", line 412, in get_paths_to_platform_and_hwsku_dirs
2025 Feb 11 03:00:56.116359 sonic INFO featured[14166]:     hwsku_path = os.path.join(platform_path, hwsku)
2025 Feb 11 03:00:56.116393 sonic INFO featured[14166]:                  ^^^^^^^^^^^^^^^^^^^^^^^^^^^^^^^^^^
2025 Feb 11 03:00:56.116418 sonic INFO featured[14166]:   File "<frozen posixpath>", line 90, in join
2025 Feb 11 03:00:56.116443 sonic INFO featured[14166]:   File "<frozen genericpath>", line 152, in _check_arg_types
2025 Feb 11 03:00:56.116468 sonic INFO featured[14166]: TypeError: join() argument must be str, bytes, or os.PathLike object, not 'NoneType'
2025 Feb 11 03:00:56.135012 sonic NOTICE systemd[1]: featured.service: Main process exited, code=exited, status=1/FAILURE
2025 Feb 11 03:00:56.135148 sonic WARNING systemd[1]: featured.service: Failed with result 'exit-code'.
2025 Feb 11 03:00:56.170600 sonic INFO systemd[1]: Started featured.service - Feature configuration daemon.
2025 Feb 11 03:00:56.309546 sonic INFO featured: ConfigDB connect success
2025 Feb 11 03:00:56.313683 sonic INFO featured[14167]: Traceback (most recent call last):
2025 Feb 11 03:00:56.313736 sonic INFO featured[14167]:   File "/usr/local/bin/featured", line 598, in <module>
2025 Feb 11 03:00:56.313867 sonic INFO featured[14167]:     main()
2025 Feb 11 03:00:56.313907 sonic INFO featured[14167]:   File "/usr/local/bin/featured", line 591, in main
2025 Feb 11 03:00:56.314048 sonic INFO featured[14167]:     daemon = FeatureDaemon()
2025 Feb 11 03:00:56.314088 sonic INFO featured[14167]:              ^^^^^^^^^^^^^^^
2025 Feb 11 03:00:56.314105 sonic INFO featured[14167]:   File "/usr/local/bin/featured", line 529, in __init__
2025 Feb 11 03:00:56.314174 sonic INFO featured[14167]:     self.feature_handler = FeatureHandler(self.config_db, feature_state_table, self.device_config, self.advanced_boot)
2025 Feb 11 03:00:56.314209 sonic INFO featured[14167]:                            ^^^^^^^^^^^^^^^^^^^^^^^^^^^^^^^^^^^^^^^^^^^^^^^^^^^^^^^^^^^^^^^^^^^^^^^^^^^^^^^^^^^^^^^^^^^
2025 Feb 11 03:00:56.314231 sonic INFO featured[14167]:   File "/usr/local/bin/featured", line 136, in __init__
2025 Feb 11 03:00:56.314278 sonic INFO featured[14167]:     self._device_running_config = device_info.get_device_runtime_metadata()
2025 Feb 11 03:00:56.314311 sonic INFO featured[14167]:                                   ^^^^^^^^^^^^^^^^^^^^^^^^^^^^^^^^^^^^^^^^^
2025 Feb 11 03:00:56.314328 sonic INFO featured[14167]:   File "/usr/local/lib/python3.11/dist-packages/sonic_py_common/device_info.py", line 680, in get_device_runtime_metadata
2025 Feb 11 03:00:56.314442 sonic INFO featured[14167]:     port_metadata = {'ETHERNET_PORTS_PRESENT': True if get_path_to_port_config_file(hwsku=None, asic="0" if is_multi_npu() else None) else False}
2025 Feb 11 03:00:56.314499 sonic INFO featured[14167]:                                                        ^^^^^^^^^^^^^^^^^^^^^^^^^^^^^^^^^^^^^^^^^^^^^^^^^^^^^^^^^^^^^^^^^^^^^^^^^^^^^^
2025 Feb 11 03:00:56.314524 sonic INFO featured[14167]:   File "/usr/local/lib/python3.11/dist-packages/sonic_py_common/device_info.py", line 446, in get_path_to_port_config_file
2025 Feb 11 03:00:56.314629 sonic INFO featured[14167]:     (platform_path, hwsku_path) = get_paths_to_platform_and_hwsku_dirs()
2025 Feb 11 03:00:56.314661 sonic INFO featured[14167]:                                   ^^^^^^^^^^^^^^^^^^^^^^^^^^^^^^^^^^^^^^
2025 Feb 11 03:00:56.314697 sonic INFO featured[14167]:   File "/usr/local/lib/python3.11/dist-packages/sonic_py_common/device_info.py", line 412, in get_paths_to_platform_and_hwsku_dirs
2025 Feb 11 03:00:56.314743 sonic INFO featured[14167]:     hwsku_path = os.path.join(platform_path, hwsku)
2025 Feb 11 03:00:56.314777 sonic INFO featured[14167]:                  ^^^^^^^^^^^^^^^^^^^^^^^^^^^^^^^^^^
2025 Feb 11 03:00:56.314794 sonic INFO featured[14167]:   File "<frozen posixpath>", line 90, in join
2025 Feb 11 03:00:56.314810 sonic INFO featured[14167]:   File "<frozen genericpath>", line 152, in _check_arg_types
2025 Feb 11 03:00:56.314827 sonic INFO featured[14167]: TypeError: join() argument must be str, bytes, or os.PathLike object, not 'NoneType'
2025 Feb 11 03:00:56.333583 sonic NOTICE systemd[1]: featured.service: Main process exited, code=exited, status=1/FAILURE
2025 Feb 11 03:00:56.333685 sonic WARNING systemd[1]: featured.service: Failed with result 'exit-code'.
2025 Feb 11 03:00:56.335208 sonic WARNING systemd[1]: featured.service: Start request repeated too quickly.
2025 Feb 11 03:00:56.335274 sonic WARNING systemd[1]: featured.service: Failed with result 'exit-code'.
2025 Feb 11 03:00:56.335310 sonic ERR systemd[1]: Failed to start featured.service - Feature configuration daemon.
2025 Feb 11 03:00:58.281163 sonic WARNING systemd[1]: featured.service: Start request repeated too quickly.
2025 Feb 11 03:00:58.282157 sonic WARNING systemd[1]: featured.service: Failed with result 'exit-code'.
2025 Feb 11 03:00:58.282226 sonic ERR systemd[1]: Failed to start featured.service - Feature configuration daemon.
2025 Feb 11 03:00:58.284024 sonic WARNING systemd[1]: featured.service: Start request repeated too quickly.
2025 Feb 11 03:00:58.284114 sonic WARNING systemd[1]: featured.service: Failed with result 'exit-code'.
2025 Feb 11 03:00:58.284193 sonic ERR systemd[1]: Failed to start featured.service - Feature configuration daemon.
2025 Feb 11 03:01:18.294707 sonic INFO systemd[1]: Started featured.service - Feature configuration daemon.
2025 Feb 11 03:01:18.456172 sonic INFO featured: ConfigDB connect success
2025 Feb 11 03:01:18.460183 sonic INFO featured[14216]: Traceback (most recent call last):
2025 Feb 11 03:01:18.460251 sonic INFO featured[14216]:   File "/usr/local/bin/featured", line 598, in <module>
2025 Feb 11 03:01:18.460346 sonic INFO featured[14216]:     main()
2025 Feb 11 03:01:18.460385 sonic INFO featured[14216]:   File "/usr/local/bin/featured", line 591, in main
2025 Feb 11 03:01:18.460539 sonic INFO featured[14216]:     daemon = FeatureDaemon()
2025 Feb 11 03:01:18.460573 sonic INFO featured[14216]:              ^^^^^^^^^^^^^^^
2025 Feb 11 03:01:18.460595 sonic INFO featured[14216]:   File "/usr/local/bin/featured", line 529, in __init__
2025 Feb 11 03:01:18.460656 sonic INFO featured[14216]:     self.feature_handler = FeatureHandler(self.config_db, feature_state_table, self.device_config, self.advanced_boot)
2025 Feb 11 03:01:18.460696 sonic INFO featured[14216]:                            ^^^^^^^^^^^^^^^^^^^^^^^^^^^^^^^^^^^^^^^^^^^^^^^^^^^^^^^^^^^^^^^^^^^^^^^^^^^^^^^^^^^^^^^^^^^
2025 Feb 11 03:01:18.460714 sonic INFO featured[14216]:   File "/usr/local/bin/featured", line 136, in __init__
2025 Feb 11 03:01:18.460762 sonic INFO featured[14216]:     self._device_running_config = device_info.get_device_runtime_metadata()
2025 Feb 11 03:01:18.460795 sonic INFO featured[14216]:                                   ^^^^^^^^^^^^^^^^^^^^^^^^^^^^^^^^^^^^^^^^^
2025 Feb 11 03:01:18.460821 sonic INFO featured[14216]:   File "/usr/local/lib/python3.11/dist-packages/sonic_py_common/device_info.py", line 680, in get_device_runtime_metadata
2025 Feb 11 03:01:18.460927 sonic INFO featured[14216]:     port_metadata = {'ETHERNET_PORTS_PRESENT': True if get_path_to_port_config_file(hwsku=None, asic="0" if is_multi_npu() else None) else False}
2025 Feb 11 03:01:18.460963 sonic INFO featured[14216]:                                                        ^^^^^^^^^^^^^^^^^^^^^^^^^^^^^^^^^^^^^^^^^^^^^^^^^^^^^^^^^^^^^^^^^^^^^^^^^^^^^^
2025 Feb 11 03:01:18.460989 sonic INFO featured[14216]:   File "/usr/local/lib/python3.11/dist-packages/sonic_py_common/device_info.py", line 446, in get_path_to_port_config_file
2025 Feb 11 03:01:18.461048 sonic INFO featured[14216]:     (platform_path, hwsku_path) = get_paths_to_platform_and_hwsku_dirs()
2025 Feb 11 03:01:18.461079 sonic INFO featured[14216]:                                   ^^^^^^^^^^^^^^^^^^^^^^^^^^^^^^^^^^^^^^
2025 Feb 11 03:01:18.461105 sonic INFO featured[14216]:   File "/usr/local/lib/python3.11/dist-packages/sonic_py_common/device_info.py", line 412, in get_paths_to_platform_and_hwsku_dirs
2025 Feb 11 03:01:18.461155 sonic INFO featured[14216]:     hwsku_path = os.path.join(platform_path, hwsku)
2025 Feb 11 03:01:18.461188 sonic INFO featured[14216]:                  ^^^^^^^^^^^^^^^^^^^^^^^^^^^^^^^^^^
2025 Feb 11 03:01:18.461213 sonic INFO featured[14216]:   File "<frozen posixpath>", line 90, in join
2025 Feb 11 03:01:18.461237 sonic INFO featured[14216]:   File "<frozen genericpath>", line 152, in _check_arg_types
2025 Feb 11 03:01:18.461266 sonic INFO featured[14216]: TypeError: join() argument must be str, bytes, or os.PathLike object, not 'NoneType'
2025 Feb 11 03:01:18.484713 sonic NOTICE systemd[1]: featured.service: Main process exited, code=exited, status=1/FAILURE
2025 Feb 11 03:01:18.485128 sonic WARNING systemd[1]: featured.service: Failed with result 'exit-code'.
2025 Feb 11 03:01:18.538589 sonic INFO systemd[1]: Started featured.service - Feature configuration daemon.
2025 Feb 11 03:01:18.700170 sonic INFO featured: ConfigDB connect success
2025 Feb 11 03:01:18.704641 sonic INFO featured[14217]: Traceback (most recent call last):
2025 Feb 11 03:01:18.704743 sonic INFO featured[14217]:   File "/usr/local/bin/featured", line 598, in <module>
2025 Feb 11 03:01:18.704796 sonic INFO featured[14217]:     main()
2025 Feb 11 03:01:18.704840 sonic INFO featured[14217]:   File "/usr/local/bin/featured", line 591, in main
2025 Feb 11 03:01:18.704958 sonic INFO featured[14217]:     daemon = FeatureDaemon()
2025 Feb 11 03:01:18.704998 sonic INFO featured[14217]:              ^^^^^^^^^^^^^^^
2025 Feb 11 03:01:18.705087 sonic INFO featured[14217]:   File "/usr/local/bin/featured", line 529, in __init__
2025 Feb 11 03:01:18.705125 sonic INFO featured[14217]:     self.feature_handler = FeatureHandler(self.config_db, feature_state_table, self.device_config, self.advanced_boot)
2025 Feb 11 03:01:18.705148 sonic INFO featured[14217]:                            ^^^^^^^^^^^^^^^^^^^^^^^^^^^^^^^^^^^^^^^^^^^^^^^^^^^^^^^^^^^^^^^^^^^^^^^^^^^^^^^^^^^^^^^^^^^
2025 Feb 11 03:01:18.705165 sonic INFO featured[14217]:   File "/usr/local/bin/featured", line 136, in __init__
2025 Feb 11 03:01:18.705188 sonic INFO featured[14217]:     self._device_running_config = device_info.get_device_runtime_metadata()
2025 Feb 11 03:01:18.705224 sonic INFO featured[14217]:                                   ^^^^^^^^^^^^^^^^^^^^^^^^^^^^^^^^^^^^^^^^^
2025 Feb 11 03:01:18.705239 sonic INFO featured[14217]:   File "/usr/local/lib/python3.11/dist-packages/sonic_py_common/device_info.py", line 680, in get_device_runtime_metadata
2025 Feb 11 03:01:18.705332 sonic INFO featured[14217]:     port_metadata = {'ETHERNET_PORTS_PRESENT': True if get_path_to_port_config_file(hwsku=None, asic="0" if is_multi_npu() else None) else False}
2025 Feb 11 03:01:18.705380 sonic INFO featured[14217]:                                                        ^^^^^^^^^^^^^^^^^^^^^^^^^^^^^^^^^^^^^^^^^^^^^^^^^^^^^^^^^^^^^^^^^^^^^^^^^^^^^^
2025 Feb 11 03:01:18.705397 sonic INFO featured[14217]:   File "/usr/local/lib/python3.11/dist-packages/sonic_py_common/device_info.py", line 446, in get_path_to_port_config_file
2025 Feb 11 03:01:18.705556 sonic INFO featured[14217]:     (platform_path, hwsku_path) = get_paths_to_platform_and_hwsku_dirs()
2025 Feb 11 03:01:18.705607 sonic INFO featured[14217]:                                   ^^^^^^^^^^^^^^^^^^^^^^^^^^^^^^^^^^^^^^
2025 Feb 11 03:01:18.705624 sonic INFO featured[14217]:   File "/usr/local/lib/python3.11/dist-packages/sonic_py_common/device_info.py", line 412, in get_paths_to_platform_and_hwsku_dirs
2025 Feb 11 03:01:18.705677 sonic INFO featured[14217]:     hwsku_path = os.path.join(platform_path, hwsku)
2025 Feb 11 03:01:18.705720 sonic INFO featured[14217]:                  ^^^^^^^^^^^^^^^^^^^^^^^^^^^^^^^^^^
2025 Feb 11 03:01:18.705736 sonic INFO featured[14217]:   File "<frozen posixpath>", line 90, in join
2025 Feb 11 03:01:18.705752 sonic INFO featured[14217]:   File "<frozen genericpath>", line 152, in _check_arg_types
2025 Feb 11 03:01:18.705769 sonic INFO featured[14217]: TypeError: join() argument must be str, bytes, or os.PathLike object, not 'NoneType'
2025 Feb 11 03:01:18.724705 sonic NOTICE systemd[1]: featured.service: Main process exited, code=exited, status=1/FAILURE
2025 Feb 11 03:01:18.724917 sonic WARNING systemd[1]: featured.service: Failed with result 'exit-code'.
2025 Feb 11 03:01:18.767335 sonic INFO systemd[1]: Started featured.service - Feature configuration daemon.
2025 Feb 11 03:01:18.970128 sonic INFO featured: ConfigDB connect success
2025 Feb 11 03:01:18.974555 sonic INFO featured[14218]: Traceback (most recent call last):
2025 Feb 11 03:01:18.974627 sonic INFO featured[14218]:   File "/usr/local/bin/featured", line 598, in <module>
2025 Feb 11 03:01:18.974726 sonic INFO featured[14218]:     main()
2025 Feb 11 03:01:18.974765 sonic INFO featured[14218]:   File "/usr/local/bin/featured", line 591, in main
2025 Feb 11 03:01:18.974886 sonic INFO featured[14218]:     daemon = FeatureDaemon()
2025 Feb 11 03:01:18.974926 sonic INFO featured[14218]:              ^^^^^^^^^^^^^^^
2025 Feb 11 03:01:18.974943 sonic INFO featured[14218]:   File "/usr/local/bin/featured", line 529, in __init__
2025 Feb 11 03:01:18.975023 sonic INFO featured[14218]:     self.feature_handler = FeatureHandler(self.config_db, feature_state_table, self.device_config, self.advanced_boot)
2025 Feb 11 03:01:18.975061 sonic INFO featured[14218]:                            ^^^^^^^^^^^^^^^^^^^^^^^^^^^^^^^^^^^^^^^^^^^^^^^^^^^^^^^^^^^^^^^^^^^^^^^^^^^^^^^^^^^^^^^^^^^
2025 Feb 11 03:01:18.975077 sonic INFO featured[14218]:   File "/usr/local/bin/featured", line 136, in __init__
2025 Feb 11 03:01:18.975108 sonic INFO featured[14218]:     self._device_running_config = device_info.get_device_runtime_metadata()
2025 Feb 11 03:01:18.975140 sonic INFO featured[14218]:                                   ^^^^^^^^^^^^^^^^^^^^^^^^^^^^^^^^^^^^^^^^^
2025 Feb 11 03:01:18.975164 sonic INFO featured[14218]:   File "/usr/local/lib/python3.11/dist-packages/sonic_py_common/device_info.py", line 680, in get_device_runtime_metadata
2025 Feb 11 03:01:18.975248 sonic INFO featured[14218]:     port_metadata = {'ETHERNET_PORTS_PRESENT': True if get_path_to_port_config_file(hwsku=None, asic="0" if is_multi_npu() else None) else False}
2025 Feb 11 03:01:18.975299 sonic INFO featured[14218]:                                                        ^^^^^^^^^^^^^^^^^^^^^^^^^^^^^^^^^^^^^^^^^^^^^^^^^^^^^^^^^^^^^^^^^^^^^^^^^^^^^^
2025 Feb 11 03:01:18.975326 sonic INFO featured[14218]:   File "/usr/local/lib/python3.11/dist-packages/sonic_py_common/device_info.py", line 446, in get_path_to_port_config_file
2025 Feb 11 03:01:18.975392 sonic INFO featured[14218]:     (platform_path, hwsku_path) = get_paths_to_platform_and_hwsku_dirs()
2025 Feb 11 03:01:18.975423 sonic INFO featured[14218]:                                   ^^^^^^^^^^^^^^^^^^^^^^^^^^^^^^^^^^^^^^
2025 Feb 11 03:01:18.975470 sonic INFO featured[14218]:   File "/usr/local/lib/python3.11/dist-packages/sonic_py_common/device_info.py", line 412, in get_paths_to_platform_and_hwsku_dirs
2025 Feb 11 03:01:18.975527 sonic INFO featured[14218]:     hwsku_path = os.path.join(platform_path, hwsku)
2025 Feb 11 03:01:18.975561 sonic INFO featured[14218]:                  ^^^^^^^^^^^^^^^^^^^^^^^^^^^^^^^^^^
2025 Feb 11 03:01:18.975586 sonic INFO featured[14218]:   File "<frozen posixpath>", line 90, in join
2025 Feb 11 03:01:18.975610 sonic INFO featured[14218]:   File "<frozen genericpath>", line 152, in _check_arg_types
2025 Feb 11 03:01:18.975626 sonic INFO featured[14218]: TypeError: join() argument must be str, bytes, or os.PathLike object, not 'NoneType'
2025 Feb 11 03:01:19.004017 sonic NOTICE systemd[1]: featured.service: Main process exited, code=exited, status=1/FAILURE
2025 Feb 11 03:01:19.004157 sonic WARNING systemd[1]: featured.service: Failed with result 'exit-code'.
2025 Feb 11 03:01:19.030643 sonic INFO systemd[1]: Started featured.service - Feature configuration daemon.
2025 Feb 11 03:01:19.163618 sonic INFO featured: ConfigDB connect success
2025 Feb 11 03:01:19.168415 sonic INFO featured[14219]: Traceback (most recent call last):
2025 Feb 11 03:01:19.168485 sonic INFO featured[14219]:   File "/usr/local/bin/featured", line 598, in <module>
2025 Feb 11 03:01:19.168607 sonic INFO featured[14219]:     main()
2025 Feb 11 03:01:19.168647 sonic INFO featured[14219]:   File "/usr/local/bin/featured", line 591, in main
2025 Feb 11 03:01:19.168763 sonic INFO featured[14219]:     daemon = FeatureDaemon()
2025 Feb 11 03:01:19.168803 sonic INFO featured[14219]:              ^^^^^^^^^^^^^^^
2025 Feb 11 03:01:19.168820 sonic INFO featured[14219]:   File "/usr/local/bin/featured", line 529, in __init__
2025 Feb 11 03:01:19.168882 sonic INFO featured[14219]:     self.feature_handler = FeatureHandler(self.config_db, feature_state_table, self.device_config, self.advanced_boot)
2025 Feb 11 03:01:19.168919 sonic INFO featured[14219]:                            ^^^^^^^^^^^^^^^^^^^^^^^^^^^^^^^^^^^^^^^^^^^^^^^^^^^^^^^^^^^^^^^^^^^^^^^^^^^^^^^^^^^^^^^^^^^
2025 Feb 11 03:01:19.168937 sonic INFO featured[14219]:   File "/usr/local/bin/featured", line 136, in __init__
2025 Feb 11 03:01:19.168985 sonic INFO featured[14219]:     self._device_running_config = device_info.get_device_runtime_metadata()
2025 Feb 11 03:01:19.169017 sonic INFO featured[14219]:                                   ^^^^^^^^^^^^^^^^^^^^^^^^^^^^^^^^^^^^^^^^^
2025 Feb 11 03:01:19.169042 sonic INFO featured[14219]:   File "/usr/local/lib/python3.11/dist-packages/sonic_py_common/device_info.py", line 680, in get_device_runtime_metadata
2025 Feb 11 03:01:19.169145 sonic INFO featured[14219]:     port_metadata = {'ETHERNET_PORTS_PRESENT': True if get_path_to_port_config_file(hwsku=None, asic="0" if is_multi_npu() else None) else False}
2025 Feb 11 03:01:19.169183 sonic INFO featured[14219]:                                                        ^^^^^^^^^^^^^^^^^^^^^^^^^^^^^^^^^^^^^^^^^^^^^^^^^^^^^^^^^^^^^^^^^^^^^^^^^^^^^^
2025 Feb 11 03:01:19.169201 sonic INFO featured[14219]:   File "/usr/local/lib/python3.11/dist-packages/sonic_py_common/device_info.py", line 446, in get_path_to_port_config_file
2025 Feb 11 03:01:19.169266 sonic INFO featured[14219]:     (platform_path, hwsku_path) = get_paths_to_platform_and_hwsku_dirs()
2025 Feb 11 03:01:19.169298 sonic INFO featured[14219]:                                   ^^^^^^^^^^^^^^^^^^^^^^^^^^^^^^^^^^^^^^
2025 Feb 11 03:01:19.169323 sonic INFO featured[14219]:   File "/usr/local/lib/python3.11/dist-packages/sonic_py_common/device_info.py", line 412, in get_paths_to_platform_and_hwsku_dirs
2025 Feb 11 03:01:19.169373 sonic INFO featured[14219]:     hwsku_path = os.path.join(platform_path, hwsku)
2025 Feb 11 03:01:19.169409 sonic INFO featured[14219]:                  ^^^^^^^^^^^^^^^^^^^^^^^^^^^^^^^^^^
2025 Feb 11 03:01:19.169434 sonic INFO featured[14219]:   File "<frozen posixpath>", line 90, in join
2025 Feb 11 03:01:19.169470 sonic INFO featured[14219]:   File "<frozen genericpath>", line 152, in _check_arg_types
2025 Feb 11 03:01:19.169519 sonic INFO featured[14219]: TypeError: join() argument must be str, bytes, or os.PathLike object, not 'NoneType'
2025 Feb 11 03:01:19.187863 sonic NOTICE systemd[1]: featured.service: Main process exited, code=exited, status=1/FAILURE
2025 Feb 11 03:01:19.187997 sonic WARNING systemd[1]: featured.service: Failed with result 'exit-code'.
2025 Feb 11 03:01:19.214650 sonic INFO systemd[1]: Started featured.service - Feature configuration daemon.
2025 Feb 11 03:01:19.345301 sonic INFO featured: ConfigDB connect success
2025 Feb 11 03:01:19.349344 sonic INFO featured[14223]: Traceback (most recent call last):
2025 Feb 11 03:01:19.349399 sonic INFO featured[14223]:   File "/usr/local/bin/featured", line 598, in <module>
2025 Feb 11 03:01:19.349628 sonic INFO featured[14223]:     main()
2025 Feb 11 03:01:19.349668 sonic INFO featured[14223]:   File "/usr/local/bin/featured", line 591, in main
2025 Feb 11 03:01:19.349850 sonic INFO featured[14223]:     daemon = FeatureDaemon()
2025 Feb 11 03:01:19.349890 sonic INFO featured[14223]:              ^^^^^^^^^^^^^^^
2025 Feb 11 03:01:19.349908 sonic INFO featured[14223]:   File "/usr/local/bin/featured", line 529, in __init__
2025 Feb 11 03:01:19.350051 sonic INFO featured[14223]:     self.feature_handler = FeatureHandler(self.config_db, feature_state_table, self.device_config, self.advanced_boot)
2025 Feb 11 03:01:19.350092 sonic INFO featured[14223]:                            ^^^^^^^^^^^^^^^^^^^^^^^^^^^^^^^^^^^^^^^^^^^^^^^^^^^^^^^^^^^^^^^^^^^^^^^^^^^^^^^^^^^^^^^^^^^
2025 Feb 11 03:01:19.350109 sonic INFO featured[14223]:   File "/usr/local/bin/featured", line 136, in __init__
2025 Feb 11 03:01:19.350196 sonic INFO featured[14223]:     self._device_running_config = device_info.get_device_runtime_metadata()
2025 Feb 11 03:01:19.350244 sonic INFO featured[14223]:                                   ^^^^^^^^^^^^^^^^^^^^^^^^^^^^^^^^^^^^^^^^^
2025 Feb 11 03:01:19.350266 sonic INFO featured[14223]:   File "/usr/local/lib/python3.11/dist-packages/sonic_py_common/device_info.py", line 680, in get_device_runtime_metadata
2025 Feb 11 03:01:19.350472 sonic INFO featured[14223]:     port_metadata = {'ETHERNET_PORTS_PRESENT': True if get_path_to_port_config_file(hwsku=None, asic="0" if is_multi_npu() else None) else False}
2025 Feb 11 03:01:19.350536 sonic INFO featured[14223]:                                                        ^^^^^^^^^^^^^^^^^^^^^^^^^^^^^^^^^^^^^^^^^^^^^^^^^^^^^^^^^^^^^^^^^^^^^^^^^^^^^^
2025 Feb 11 03:01:19.350560 sonic INFO featured[14223]:   File "/usr/local/lib/python3.11/dist-packages/sonic_py_common/device_info.py", line 446, in get_path_to_port_config_file
2025 Feb 11 03:01:19.350691 sonic INFO featured[14223]:     (platform_path, hwsku_path) = get_paths_to_platform_and_hwsku_dirs()
2025 Feb 11 03:01:19.350736 sonic INFO featured[14223]:                                   ^^^^^^^^^^^^^^^^^^^^^^^^^^^^^^^^^^^^^^
2025 Feb 11 03:01:19.350762 sonic INFO featured[14223]:   File "/usr/local/lib/python3.11/dist-packages/sonic_py_common/device_info.py", line 412, in get_paths_to_platform_and_hwsku_dirs
2025 Feb 11 03:01:19.350877 sonic INFO featured[14223]:     hwsku_path = os.path.join(platform_path, hwsku)
2025 Feb 11 03:01:19.350926 sonic INFO featured[14223]:                  ^^^^^^^^^^^^^^^^^^^^^^^^^^^^^^^^^^
2025 Feb 11 03:01:19.350959 sonic INFO featured[14223]:   File "<frozen posixpath>", line 90, in join
2025 Feb 11 03:01:19.350987 sonic INFO featured[14223]:   File "<frozen genericpath>", line 152, in _check_arg_types
2025 Feb 11 03:01:19.351004 sonic INFO featured[14223]: TypeError: join() argument must be str, bytes, or os.PathLike object, not 'NoneType'
2025 Feb 11 03:01:19.387778 sonic NOTICE systemd[1]: featured.service: Main process exited, code=exited, status=1/FAILURE
2025 Feb 11 03:01:19.387897 sonic WARNING systemd[1]: featured.service: Failed with result 'exit-code'.
2025 Feb 11 03:01:19.393931 sonic WARNING systemd[1]: featured.service: Start request repeated too quickly.
2025 Feb 11 03:01:19.394402 sonic WARNING systemd[1]: featured.service: Failed with result 'exit-code'.
2025 Feb 11 03:01:19.394472 sonic ERR systemd[1]: Failed to start featured.service - Feature configuration daemon.
2025 Feb 11 03:01:22.280328 sonic WARNING systemd[1]: featured.service: Start request repeated too quickly.
2025 Feb 11 03:01:22.280811 sonic WARNING systemd[1]: featured.service: Failed with result 'exit-code'.
2025 Feb 11 03:01:22.280889 sonic ERR systemd[1]: Failed to start featured.service - Feature configuration daemon.
2025 Feb 11 03:01:22.779610 sonic INFO systemd[1]: caclmgrd.service: Scheduled restart job, restart counter is at 68.
2025 Feb 11 03:01:22.779966 sonic INFO systemd[1]: Stopped caclmgrd.service - Control Plane ACL configuration daemon.
2025 Feb 11 03:01:22.810232 sonic INFO systemd[1]: Started caclmgrd.service - Control Plane ACL configuration daemon.
2025 Feb 11 03:01:22.810606 sonic WARNING systemd[1]: featured.service: Start request repeated too quickly.
2025 Feb 11 03:01:22.810686 sonic WARNING systemd[1]: featured.service: Failed with result 'exit-code'.
2025 Feb 11 03:01:22.810733 sonic ERR systemd[1]: Failed to start featured.service - Feature configuration daemon.
2025 Feb 11 03:01:22.812240 sonic WARNING systemd[1]: featured.service: Start request repeated too quickly.
2025 Feb 11 03:01:22.812287 sonic WARNING systemd[1]: featured.service: Failed with result 'exit-code'.
2025 Feb 11 03:01:22.812318 sonic ERR systemd[1]: Failed to start featured.service - Feature configuration daemon.
2025 Feb 11 03:01:22.917651 sonic INFO caclmgrd[14233]: Traceback (most recent call last):
2025 Feb 11 03:01:22.917719 sonic INFO caclmgrd[14233]:   File "/usr/local/bin/caclmgrd", line 1146, in <module>
2025 Feb 11 03:01:22.917750 sonic INFO caclmgrd[14233]:     main()
2025 Feb 11 03:01:22.917768 sonic INFO caclmgrd[14233]:   File "/usr/local/bin/caclmgrd", line 1137, in main
2025 Feb 11 03:01:22.917869 sonic INFO caclmgrd[14233]:     caclmgr = ControlPlaneAclManager(SYSLOG_IDENTIFIER)
2025 Feb 11 03:01:22.917910 sonic INFO caclmgrd[14233]:               ^^^^^^^^^^^^^^^^^^^^^^^^^^^^^^^^^^^^^^^^^
2025 Feb 11 03:01:22.917927 sonic INFO caclmgrd[14233]:   File "/usr/local/bin/caclmgrd", line 156, in __init__
2025 Feb 11 03:01:22.917948 sonic INFO caclmgrd[14233]:     if 'subtype' in metadata['localhost'] and metadata['localhost']['subtype'] == 'DualToR':
2025 Feb 11 03:01:22.917979 sonic INFO caclmgrd[14233]:                     ~~~~~~~~^^^^^^^^^^^^^
2025 Feb 11 03:01:22.918004 sonic INFO caclmgrd[14233]: KeyError: 'localhost'
2025 Feb 11 03:01:22.929575 sonic NOTICE systemd[1]: caclmgrd.service: Main process exited, code=exited, status=1/FAILURE
2025 Feb 11 03:01:22.929772 sonic WARNING systemd[1]: caclmgrd.service: Failed with result 'exit-code'.
2025 Feb 11 03:01:22.931376 sonic WARNING systemd[1]: featured.service: Start request repeated too quickly.
2025 Feb 11 03:01:22.931470 sonic WARNING systemd[1]: featured.service: Failed with result 'exit-code'.
2025 Feb 11 03:01:22.931515 sonic ERR systemd[1]: Failed to start featured.service - Feature configuration daemon.
2025 Feb 11 03:01:38.315009 sonic INFO systemd[1]: Started featured.service - Feature configuration daemon.
2025 Feb 11 03:01:38.487246 sonic INFO featured: ConfigDB connect success
2025 Feb 11 03:01:38.491313 sonic INFO featured[14277]: Traceback (most recent call last):
2025 Feb 11 03:01:38.491393 sonic INFO featured[14277]:   File "/usr/local/bin/featured", line 598, in <module>
2025 Feb 11 03:01:38.491501 sonic INFO featured[14277]:     main()
2025 Feb 11 03:01:38.491534 sonic INFO featured[14277]:   File "/usr/local/bin/featured", line 591, in main
2025 Feb 11 03:01:38.491638 sonic INFO featured[14277]:     daemon = FeatureDaemon()
2025 Feb 11 03:01:38.491672 sonic INFO featured[14277]:              ^^^^^^^^^^^^^^^
2025 Feb 11 03:01:38.491695 sonic INFO featured[14277]:   File "/usr/local/bin/featured", line 529, in __init__
2025 Feb 11 03:01:38.491752 sonic INFO featured[14277]:     self.feature_handler = FeatureHandler(self.config_db, feature_state_table, self.device_config, self.advanced_boot)
2025 Feb 11 03:01:38.491809 sonic INFO featured[14277]:                            ^^^^^^^^^^^^^^^^^^^^^^^^^^^^^^^^^^^^^^^^^^^^^^^^^^^^^^^^^^^^^^^^^^^^^^^^^^^^^^^^^^^^^^^^^^^
2025 Feb 11 03:01:38.491834 sonic INFO featured[14277]:   File "/usr/local/bin/featured", line 136, in __init__
2025 Feb 11 03:01:38.491872 sonic INFO featured[14277]:     self._device_running_config = device_info.get_device_runtime_metadata()
2025 Feb 11 03:01:38.491921 sonic INFO featured[14277]:                                   ^^^^^^^^^^^^^^^^^^^^^^^^^^^^^^^^^^^^^^^^^
2025 Feb 11 03:01:38.491950 sonic INFO featured[14277]:   File "/usr/local/lib/python3.11/dist-packages/sonic_py_common/device_info.py", line 680, in get_device_runtime_metadata
2025 Feb 11 03:01:38.492043 sonic INFO featured[14277]:     port_metadata = {'ETHERNET_PORTS_PRESENT': True if get_path_to_port_config_file(hwsku=None, asic="0" if is_multi_npu() else None) else False}
2025 Feb 11 03:01:38.492087 sonic INFO featured[14277]:                                                        ^^^^^^^^^^^^^^^^^^^^^^^^^^^^^^^^^^^^^^^^^^^^^^^^^^^^^^^^^^^^^^^^^^^^^^^^^^^^^^
2025 Feb 11 03:01:38.492127 sonic INFO featured[14277]:   File "/usr/local/lib/python3.11/dist-packages/sonic_py_common/device_info.py", line 446, in get_path_to_port_config_file
2025 Feb 11 03:01:38.492181 sonic INFO featured[14277]:     (platform_path, hwsku_path) = get_paths_to_platform_and_hwsku_dirs()
2025 Feb 11 03:01:38.492221 sonic INFO featured[14277]:                                   ^^^^^^^^^^^^^^^^^^^^^^^^^^^^^^^^^^^^^^
2025 Feb 11 03:01:38.492261 sonic INFO featured[14277]:   File "/usr/local/lib/python3.11/dist-packages/sonic_py_common/device_info.py", line 412, in get_paths_to_platform_and_hwsku_dirs
2025 Feb 11 03:01:38.492313 sonic INFO featured[14277]:     hwsku_path = os.path.join(platform_path, hwsku)
2025 Feb 11 03:01:38.492354 sonic INFO featured[14277]:                  ^^^^^^^^^^^^^^^^^^^^^^^^^^^^^^^^^^
2025 Feb 11 03:01:38.492394 sonic INFO featured[14277]:   File "<frozen posixpath>", line 90, in join
2025 Feb 11 03:01:38.492457 sonic INFO featured[14277]:   File "<frozen genericpath>", line 152, in _check_arg_types
2025 Feb 11 03:01:38.492499 sonic INFO featured[14277]: TypeError: join() argument must be str, bytes, or os.PathLike object, not 'NoneType'
2025 Feb 11 03:01:38.511258 sonic NOTICE systemd[1]: featured.service: Main process exited, code=exited, status=1/FAILURE
2025 Feb 11 03:01:38.511398 sonic WARNING systemd[1]: featured.service: Failed with result 'exit-code'.
2025 Feb 11 03:01:38.542553 sonic INFO systemd[1]: Started featured.service - Feature configuration daemon.
2025 Feb 11 03:01:38.684151 sonic INFO featured: ConfigDB connect success
2025 Feb 11 03:01:38.688244 sonic INFO featured[14280]: Traceback (most recent call last):
2025 Feb 11 03:01:38.688310 sonic INFO featured[14280]:   File "/usr/local/bin/featured", line 598, in <module>
2025 Feb 11 03:01:38.688408 sonic INFO featured[14280]:     main()
2025 Feb 11 03:01:38.688461 sonic INFO featured[14280]:   File "/usr/local/bin/featured", line 591, in main
2025 Feb 11 03:01:38.688593 sonic INFO featured[14280]:     daemon = FeatureDaemon()
2025 Feb 11 03:01:38.688641 sonic INFO featured[14280]:              ^^^^^^^^^^^^^^^
2025 Feb 11 03:01:38.688659 sonic INFO featured[14280]:   File "/usr/local/bin/featured", line 529, in __init__
2025 Feb 11 03:01:38.688713 sonic INFO featured[14280]:     self.feature_handler = FeatureHandler(self.config_db, feature_state_table, self.device_config, self.advanced_boot)
2025 Feb 11 03:01:38.688763 sonic INFO featured[14280]:                            ^^^^^^^^^^^^^^^^^^^^^^^^^^^^^^^^^^^^^^^^^^^^^^^^^^^^^^^^^^^^^^^^^^^^^^^^^^^^^^^^^^^^^^^^^^^
2025 Feb 11 03:01:38.688790 sonic INFO featured[14280]:   File "/usr/local/bin/featured", line 136, in __init__
2025 Feb 11 03:01:38.688828 sonic INFO featured[14280]:     self._device_running_config = device_info.get_device_runtime_metadata()
2025 Feb 11 03:01:38.688861 sonic INFO featured[14280]:                                   ^^^^^^^^^^^^^^^^^^^^^^^^^^^^^^^^^^^^^^^^^
2025 Feb 11 03:01:38.688879 sonic INFO featured[14280]:   File "/usr/local/lib/python3.11/dist-packages/sonic_py_common/device_info.py", line 680, in get_device_runtime_metadata
2025 Feb 11 03:01:38.688998 sonic INFO featured[14280]:     port_metadata = {'ETHERNET_PORTS_PRESENT': True if get_path_to_port_config_file(hwsku=None, asic="0" if is_multi_npu() else None) else False}
2025 Feb 11 03:01:38.689039 sonic INFO featured[14280]:                                                        ^^^^^^^^^^^^^^^^^^^^^^^^^^^^^^^^^^^^^^^^^^^^^^^^^^^^^^^^^^^^^^^^^^^^^^^^^^^^^^
2025 Feb 11 03:01:38.689056 sonic INFO featured[14280]:   File "/usr/local/lib/python3.11/dist-packages/sonic_py_common/device_info.py", line 446, in get_path_to_port_config_file
2025 Feb 11 03:01:38.689120 sonic INFO featured[14280]:     (platform_path, hwsku_path) = get_paths_to_platform_and_hwsku_dirs()
2025 Feb 11 03:01:38.689153 sonic INFO featured[14280]:                                   ^^^^^^^^^^^^^^^^^^^^^^^^^^^^^^^^^^^^^^
2025 Feb 11 03:01:38.689170 sonic INFO featured[14280]:   File "/usr/local/lib/python3.11/dist-packages/sonic_py_common/device_info.py", line 412, in get_paths_to_platform_and_hwsku_dirs
2025 Feb 11 03:01:38.689226 sonic INFO featured[14280]:     hwsku_path = os.path.join(platform_path, hwsku)
2025 Feb 11 03:01:38.689260 sonic INFO featured[14280]:                  ^^^^^^^^^^^^^^^^^^^^^^^^^^^^^^^^^^
2025 Feb 11 03:01:38.689277 sonic INFO featured[14280]:   File "<frozen posixpath>", line 90, in join
2025 Feb 11 03:01:38.689293 sonic INFO featured[14280]:   File "<frozen genericpath>", line 152, in _check_arg_types
2025 Feb 11 03:01:38.689309 sonic INFO featured[14280]: TypeError: join() argument must be str, bytes, or os.PathLike object, not 'NoneType'
2025 Feb 11 03:01:38.724986 sonic NOTICE systemd[1]: featured.service: Main process exited, code=exited, status=1/FAILURE
2025 Feb 11 03:01:38.725147 sonic WARNING systemd[1]: featured.service: Failed with result 'exit-code'.
2025 Feb 11 03:01:38.764610 sonic INFO systemd[1]: Started featured.service - Feature configuration daemon.
2025 Feb 11 03:01:38.901849 sonic INFO featured: ConfigDB connect success
2025 Feb 11 03:01:38.905936 sonic INFO featured[14285]: Traceback (most recent call last):
2025 Feb 11 03:01:38.906023 sonic INFO featured[14285]:   File "/usr/local/bin/featured", line 598, in <module>
2025 Feb 11 03:01:38.906069 sonic INFO featured[14285]:     main()
2025 Feb 11 03:01:38.906093 sonic INFO featured[14285]:   File "/usr/local/bin/featured", line 591, in main
2025 Feb 11 03:01:38.906224 sonic INFO featured[14285]:     daemon = FeatureDaemon()
2025 Feb 11 03:01:38.906258 sonic INFO featured[14285]:              ^^^^^^^^^^^^^^^
2025 Feb 11 03:01:38.906280 sonic INFO featured[14285]:   File "/usr/local/bin/featured", line 529, in __init__
2025 Feb 11 03:01:38.906361 sonic INFO featured[14285]:     self.feature_handler = FeatureHandler(self.config_db, feature_state_table, self.device_config, self.advanced_boot)
2025 Feb 11 03:01:38.906401 sonic INFO featured[14285]:                            ^^^^^^^^^^^^^^^^^^^^^^^^^^^^^^^^^^^^^^^^^^^^^^^^^^^^^^^^^^^^^^^^^^^^^^^^^^^^^^^^^^^^^^^^^^^
2025 Feb 11 03:01:38.906435 sonic INFO featured[14285]:   File "/usr/local/bin/featured", line 136, in __init__
2025 Feb 11 03:01:38.906466 sonic INFO featured[14285]:     self._device_running_config = device_info.get_device_runtime_metadata()
2025 Feb 11 03:01:38.906497 sonic INFO featured[14285]:                                   ^^^^^^^^^^^^^^^^^^^^^^^^^^^^^^^^^^^^^^^^^
2025 Feb 11 03:01:38.906522 sonic INFO featured[14285]:   File "/usr/local/lib/python3.11/dist-packages/sonic_py_common/device_info.py", line 680, in get_device_runtime_metadata
2025 Feb 11 03:01:38.906629 sonic INFO featured[14285]:     port_metadata = {'ETHERNET_PORTS_PRESENT': True if get_path_to_port_config_file(hwsku=None, asic="0" if is_multi_npu() else None) else False}
2025 Feb 11 03:01:38.906665 sonic INFO featured[14285]:                                                        ^^^^^^^^^^^^^^^^^^^^^^^^^^^^^^^^^^^^^^^^^^^^^^^^^^^^^^^^^^^^^^^^^^^^^^^^^^^^^^
2025 Feb 11 03:01:38.906690 sonic INFO featured[14285]:   File "/usr/local/lib/python3.11/dist-packages/sonic_py_common/device_info.py", line 446, in get_path_to_port_config_file
2025 Feb 11 03:01:38.906748 sonic INFO featured[14285]:     (platform_path, hwsku_path) = get_paths_to_platform_and_hwsku_dirs()
2025 Feb 11 03:01:38.906781 sonic INFO featured[14285]:                                   ^^^^^^^^^^^^^^^^^^^^^^^^^^^^^^^^^^^^^^
2025 Feb 11 03:01:38.906806 sonic INFO featured[14285]:   File "/usr/local/lib/python3.11/dist-packages/sonic_py_common/device_info.py", line 412, in get_paths_to_platform_and_hwsku_dirs
2025 Feb 11 03:01:38.906855 sonic INFO featured[14285]:     hwsku_path = os.path.join(platform_path, hwsku)
2025 Feb 11 03:01:38.906888 sonic INFO featured[14285]:                  ^^^^^^^^^^^^^^^^^^^^^^^^^^^^^^^^^^
2025 Feb 11 03:01:38.906914 sonic INFO featured[14285]:   File "<frozen posixpath>", line 90, in join
2025 Feb 11 03:01:38.906938 sonic INFO featured[14285]:   File "<frozen genericpath>", line 152, in _check_arg_types
2025 Feb 11 03:01:38.906963 sonic INFO featured[14285]: TypeError: join() argument must be str, bytes, or os.PathLike object, not 'NoneType'
2025 Feb 11 03:01:38.925455 sonic NOTICE systemd[1]: featured.service: Main process exited, code=exited, status=1/FAILURE
2025 Feb 11 03:01:38.925678 sonic WARNING systemd[1]: featured.service: Failed with result 'exit-code'.
2025 Feb 11 03:01:38.970967 sonic INFO systemd[1]: Started featured.service - Feature configuration daemon.
2025 Feb 11 03:01:39.123233 sonic INFO featured: ConfigDB connect success
2025 Feb 11 03:01:39.137815 sonic INFO featured[14287]: Traceback (most recent call last):
2025 Feb 11 03:01:39.138204 sonic INFO featured[14287]:   File "/usr/local/bin/featured", line 598, in <module>
2025 Feb 11 03:01:39.138313 sonic INFO featured[14287]:     main()
2025 Feb 11 03:01:39.138361 sonic INFO featured[14287]:   File "/usr/local/bin/featured", line 591, in main
2025 Feb 11 03:01:39.138393 sonic INFO featured[14287]:     daemon = FeatureDaemon()
2025 Feb 11 03:01:39.138472 sonic INFO featured[14287]:              ^^^^^^^^^^^^^^^
2025 Feb 11 03:01:39.138517 sonic INFO featured[14287]:   File "/usr/local/bin/featured", line 529, in __init__
2025 Feb 11 03:01:39.138561 sonic INFO featured[14287]:     self.feature_handler = FeatureHandler(self.config_db, feature_state_table, self.device_config, self.advanced_boot)
2025 Feb 11 03:01:39.138589 sonic INFO featured[14287]:                            ^^^^^^^^^^^^^^^^^^^^^^^^^^^^^^^^^^^^^^^^^^^^^^^^^^^^^^^^^^^^^^^^^^^^^^^^^^^^^^^^^^^^^^^^^^^
2025 Feb 11 03:01:39.138630 sonic INFO featured[14287]:   File "/usr/local/bin/featured", line 136, in __init__
2025 Feb 11 03:01:39.138675 sonic INFO featured[14287]:     self._device_running_config = device_info.get_device_runtime_metadata()
2025 Feb 11 03:01:39.138761 sonic INFO featured[14287]:                                   ^^^^^^^^^^^^^^^^^^^^^^^^^^^^^^^^^^^^^^^^^
2025 Feb 11 03:01:39.138844 sonic INFO featured[14287]:   File "/usr/local/lib/python3.11/dist-packages/sonic_py_common/device_info.py", line 680, in get_device_runtime_metadata
2025 Feb 11 03:01:39.138949 sonic INFO featured[14287]:     port_metadata = {'ETHERNET_PORTS_PRESENT': True if get_path_to_port_config_file(hwsku=None, asic="0" if is_multi_npu() else None) else False}
2025 Feb 11 03:01:39.138982 sonic INFO featured[14287]:                                                        ^^^^^^^^^^^^^^^^^^^^^^^^^^^^^^^^^^^^^^^^^^^^^^^^^^^^^^^^^^^^^^^^^^^^^^^^^^^^^^
2025 Feb 11 03:01:39.139014 sonic INFO featured[14287]:   File "/usr/local/lib/python3.11/dist-packages/sonic_py_common/device_info.py", line 446, in get_path_to_port_config_file
2025 Feb 11 03:01:39.139055 sonic INFO featured[14287]:     (platform_path, hwsku_path) = get_paths_to_platform_and_hwsku_dirs()
2025 Feb 11 03:01:39.139093 sonic INFO featured[14287]:                                   ^^^^^^^^^^^^^^^^^^^^^^^^^^^^^^^^^^^^^^
2025 Feb 11 03:01:39.139125 sonic INFO featured[14287]:   File "/usr/local/lib/python3.11/dist-packages/sonic_py_common/device_info.py", line 412, in get_paths_to_platform_and_hwsku_dirs
2025 Feb 11 03:01:39.139168 sonic INFO featured[14287]:     hwsku_path = os.path.join(platform_path, hwsku)
2025 Feb 11 03:01:39.139210 sonic INFO featured[14287]:                  ^^^^^^^^^^^^^^^^^^^^^^^^^^^^^^^^^^
2025 Feb 11 03:01:39.139255 sonic INFO featured[14287]:   File "<frozen posixpath>", line 90, in join
2025 Feb 11 03:01:39.139296 sonic INFO featured[14287]:   File "<frozen genericpath>", line 152, in _check_arg_types
2025 Feb 11 03:01:39.139338 sonic INFO featured[14287]: TypeError: join() argument must be str, bytes, or os.PathLike object, not 'NoneType'
2025 Feb 11 03:01:39.167635 sonic NOTICE systemd[1]: featured.service: Main process exited, code=exited, status=1/FAILURE
2025 Feb 11 03:01:39.167778 sonic WARNING systemd[1]: featured.service: Failed with result 'exit-code'.
2025 Feb 11 03:01:39.198614 sonic INFO systemd[1]: Started featured.service - Feature configuration daemon.
2025 Feb 11 03:01:39.353659 sonic INFO featured: ConfigDB connect success
2025 Feb 11 03:01:39.357647 sonic INFO featured[14288]: Traceback (most recent call last):
2025 Feb 11 03:01:39.357751 sonic INFO featured[14288]:   File "/usr/local/bin/featured", line 598, in <module>
2025 Feb 11 03:01:39.357856 sonic INFO featured[14288]:     main()
2025 Feb 11 03:01:39.357891 sonic INFO featured[14288]:   File "/usr/local/bin/featured", line 591, in main
2025 Feb 11 03:01:39.357915 sonic INFO featured[14288]:     daemon = FeatureDaemon()
2025 Feb 11 03:01:39.357958 sonic INFO featured[14288]:              ^^^^^^^^^^^^^^^
2025 Feb 11 03:01:39.358015 sonic INFO featured[14288]:   File "/usr/local/bin/featured", line 529, in __init__
2025 Feb 11 03:01:39.358057 sonic INFO featured[14288]:     self.feature_handler = FeatureHandler(self.config_db, feature_state_table, self.device_config, self.advanced_boot)
2025 Feb 11 03:01:39.358099 sonic INFO featured[14288]:                            ^^^^^^^^^^^^^^^^^^^^^^^^^^^^^^^^^^^^^^^^^^^^^^^^^^^^^^^^^^^^^^^^^^^^^^^^^^^^^^^^^^^^^^^^^^^
2025 Feb 11 03:01:39.358139 sonic INFO featured[14288]:   File "/usr/local/bin/featured", line 136, in __init__
2025 Feb 11 03:01:39.358193 sonic INFO featured[14288]:     self._device_running_config = device_info.get_device_runtime_metadata()
2025 Feb 11 03:01:39.358234 sonic INFO featured[14288]:                                   ^^^^^^^^^^^^^^^^^^^^^^^^^^^^^^^^^^^^^^^^^
2025 Feb 11 03:01:39.358275 sonic INFO featured[14288]:   File "/usr/local/lib/python3.11/dist-packages/sonic_py_common/device_info.py", line 680, in get_device_runtime_metadata
2025 Feb 11 03:01:39.358357 sonic INFO featured[14288]:     port_metadata = {'ETHERNET_PORTS_PRESENT': True if get_path_to_port_config_file(hwsku=None, asic="0" if is_multi_npu() else None) else False}
2025 Feb 11 03:01:39.358447 sonic INFO featured[14288]:                                                        ^^^^^^^^^^^^^^^^^^^^^^^^^^^^^^^^^^^^^^^^^^^^^^^^^^^^^^^^^^^^^^^^^^^^^^^^^^^^^^
2025 Feb 11 03:01:39.358503 sonic INFO featured[14288]:   File "/usr/local/lib/python3.11/dist-packages/sonic_py_common/device_info.py", line 446, in get_path_to_port_config_file
2025 Feb 11 03:01:39.358550 sonic INFO featured[14288]:     (platform_path, hwsku_path) = get_paths_to_platform_and_hwsku_dirs()
2025 Feb 11 03:01:39.358592 sonic INFO featured[14288]:                                   ^^^^^^^^^^^^^^^^^^^^^^^^^^^^^^^^^^^^^^
2025 Feb 11 03:01:39.358634 sonic INFO featured[14288]:   File "/usr/local/lib/python3.11/dist-packages/sonic_py_common/device_info.py", line 412, in get_paths_to_platform_and_hwsku_dirs
2025 Feb 11 03:01:39.358675 sonic INFO featured[14288]:     hwsku_path = os.path.join(platform_path, hwsku)
2025 Feb 11 03:01:39.358716 sonic INFO featured[14288]:                  ^^^^^^^^^^^^^^^^^^^^^^^^^^^^^^^^^^
2025 Feb 11 03:01:39.358756 sonic INFO featured[14288]:   File "<frozen posixpath>", line 90, in join
2025 Feb 11 03:01:39.358809 sonic INFO featured[14288]:   File "<frozen genericpath>", line 152, in _check_arg_types
2025 Feb 11 03:01:39.358851 sonic INFO featured[14288]: TypeError: join() argument must be str, bytes, or os.PathLike object, not 'NoneType'
2025 Feb 11 03:01:39.377754 sonic NOTICE systemd[1]: featured.service: Main process exited, code=exited, status=1/FAILURE
2025 Feb 11 03:01:39.377841 sonic WARNING systemd[1]: featured.service: Failed with result 'exit-code'.
2025 Feb 11 03:01:39.379449 sonic WARNING systemd[1]: featured.service: Start request repeated too quickly.
2025 Feb 11 03:01:39.379516 sonic WARNING systemd[1]: featured.service: Failed with result 'exit-code'.
2025 Feb 11 03:01:39.379545 sonic ERR systemd[1]: Failed to start featured.service - Feature configuration daemon.
2025 Feb 11 03:01:48.280136 sonic WARNING systemd[1]: featured.service: Start request repeated too quickly.
2025 Feb 11 03:01:48.280487 sonic WARNING systemd[1]: featured.service: Failed with result 'exit-code'.
2025 Feb 11 03:01:48.280551 sonic ERR systemd[1]: Failed to start featured.service - Feature configuration daemon.
2025 Feb 11 03:01:48.324525 sonic INFO systemd[1]: Started featured.service - Feature configuration daemon.
2025 Feb 11 03:01:48.488876 sonic INFO featured: ConfigDB connect success
2025 Feb 11 03:01:48.493307 sonic INFO featured[14307]: Traceback (most recent call last):
2025 Feb 11 03:01:48.493388 sonic INFO featured[14307]:   File "/usr/local/bin/featured", line 598, in <module>
2025 Feb 11 03:01:48.493463 sonic INFO featured[14307]:     main()
2025 Feb 11 03:01:48.493534 sonic INFO featured[14307]:   File "/usr/local/bin/featured", line 591, in main
2025 Feb 11 03:01:48.493682 sonic INFO featured[14307]:     daemon = FeatureDaemon()
2025 Feb 11 03:01:48.493715 sonic INFO featured[14307]:              ^^^^^^^^^^^^^^^
2025 Feb 11 03:01:48.493737 sonic INFO featured[14307]:   File "/usr/local/bin/featured", line 529, in __init__
2025 Feb 11 03:01:48.493813 sonic INFO featured[14307]:     self.feature_handler = FeatureHandler(self.config_db, feature_state_table, self.device_config, self.advanced_boot)
2025 Feb 11 03:01:48.493853 sonic INFO featured[14307]:                            ^^^^^^^^^^^^^^^^^^^^^^^^^^^^^^^^^^^^^^^^^^^^^^^^^^^^^^^^^^^^^^^^^^^^^^^^^^^^^^^^^^^^^^^^^^^
2025 Feb 11 03:01:48.493870 sonic INFO featured[14307]:   File "/usr/local/bin/featured", line 136, in __init__
2025 Feb 11 03:01:48.493893 sonic INFO featured[14307]:     self._device_running_config = device_info.get_device_runtime_metadata()
2025 Feb 11 03:01:48.493916 sonic INFO featured[14307]:                                   ^^^^^^^^^^^^^^^^^^^^^^^^^^^^^^^^^^^^^^^^^
2025 Feb 11 03:01:48.493932 sonic INFO featured[14307]:   File "/usr/local/lib/python3.11/dist-packages/sonic_py_common/device_info.py", line 680, in get_device_runtime_metadata
2025 Feb 11 03:01:48.494048 sonic INFO featured[14307]:     port_metadata = {'ETHERNET_PORTS_PRESENT': True if get_path_to_port_config_file(hwsku=None, asic="0" if is_multi_npu() else None) else False}
2025 Feb 11 03:01:48.494095 sonic INFO featured[14307]:                                                        ^^^^^^^^^^^^^^^^^^^^^^^^^^^^^^^^^^^^^^^^^^^^^^^^^^^^^^^^^^^^^^^^^^^^^^^^^^^^^^
2025 Feb 11 03:01:48.494116 sonic INFO featured[14307]:   File "/usr/local/lib/python3.11/dist-packages/sonic_py_common/device_info.py", line 446, in get_path_to_port_config_file
2025 Feb 11 03:01:48.494168 sonic INFO featured[14307]:     (platform_path, hwsku_path) = get_paths_to_platform_and_hwsku_dirs()
2025 Feb 11 03:01:48.494200 sonic INFO featured[14307]:                                   ^^^^^^^^^^^^^^^^^^^^^^^^^^^^^^^^^^^^^^
2025 Feb 11 03:01:48.494218 sonic INFO featured[14307]:   File "/usr/local/lib/python3.11/dist-packages/sonic_py_common/device_info.py", line 412, in get_paths_to_platform_and_hwsku_dirs
2025 Feb 11 03:01:48.494273 sonic INFO featured[14307]:     hwsku_path = os.path.join(platform_path, hwsku)
2025 Feb 11 03:01:48.494307 sonic INFO featured[14307]:                  ^^^^^^^^^^^^^^^^^^^^^^^^^^^^^^^^^^
2025 Feb 11 03:01:48.494324 sonic INFO featured[14307]:   File "<frozen posixpath>", line 90, in join
2025 Feb 11 03:01:48.494340 sonic INFO featured[14307]:   File "<frozen genericpath>", line 152, in _check_arg_types
2025 Feb 11 03:01:48.494357 sonic INFO featured[14307]: TypeError: join() argument must be str, bytes, or os.PathLike object, not 'NoneType'
2025 Feb 11 03:01:48.514001 sonic NOTICE systemd[1]: featured.service: Main process exited, code=exited, status=1/FAILURE
2025 Feb 11 03:01:48.514161 sonic WARNING systemd[1]: featured.service: Failed with result 'exit-code'.
2025 Feb 11 03:01:48.534620 sonic INFO systemd[1]: Started featured.service - Feature configuration daemon.
2025 Feb 11 03:01:48.684613 sonic INFO featured: ConfigDB connect success
2025 Feb 11 03:01:48.688803 sonic INFO featured[14310]: Traceback (most recent call last):
2025 Feb 11 03:01:48.688881 sonic INFO featured[14310]:   File "/usr/local/bin/featured", line 598, in <module>
2025 Feb 11 03:01:48.688926 sonic INFO featured[14310]:     main()
2025 Feb 11 03:01:48.688962 sonic INFO featured[14310]:   File "/usr/local/bin/featured", line 591, in main
2025 Feb 11 03:01:48.689104 sonic INFO featured[14310]:     daemon = FeatureDaemon()
2025 Feb 11 03:01:48.689136 sonic INFO featured[14310]:              ^^^^^^^^^^^^^^^
2025 Feb 11 03:01:48.689159 sonic INFO featured[14310]:   File "/usr/local/bin/featured", line 529, in __init__
2025 Feb 11 03:01:48.689238 sonic INFO featured[14310]:     self.feature_handler = FeatureHandler(self.config_db, feature_state_table, self.device_config, self.advanced_boot)
2025 Feb 11 03:01:48.689276 sonic INFO featured[14310]:                            ^^^^^^^^^^^^^^^^^^^^^^^^^^^^^^^^^^^^^^^^^^^^^^^^^^^^^^^^^^^^^^^^^^^^^^^^^^^^^^^^^^^^^^^^^^^
2025 Feb 11 03:01:48.689296 sonic INFO featured[14310]:   File "/usr/local/bin/featured", line 136, in __init__
2025 Feb 11 03:01:48.689317 sonic INFO featured[14310]:     self._device_running_config = device_info.get_device_runtime_metadata()
2025 Feb 11 03:01:48.689349 sonic INFO featured[14310]:                                   ^^^^^^^^^^^^^^^^^^^^^^^^^^^^^^^^^^^^^^^^^
2025 Feb 11 03:01:48.689374 sonic INFO featured[14310]:   File "/usr/local/lib/python3.11/dist-packages/sonic_py_common/device_info.py", line 680, in get_device_runtime_metadata
2025 Feb 11 03:01:48.689551 sonic INFO featured[14310]:     port_metadata = {'ETHERNET_PORTS_PRESENT': True if get_path_to_port_config_file(hwsku=None, asic="0" if is_multi_npu() else None) else False}
2025 Feb 11 03:01:48.689618 sonic INFO featured[14310]:                                                        ^^^^^^^^^^^^^^^^^^^^^^^^^^^^^^^^^^^^^^^^^^^^^^^^^^^^^^^^^^^^^^^^^^^^^^^^^^^^^^
2025 Feb 11 03:01:48.689652 sonic INFO featured[14310]:   File "/usr/local/lib/python3.11/dist-packages/sonic_py_common/device_info.py", line 446, in get_path_to_port_config_file
2025 Feb 11 03:01:48.689762 sonic INFO featured[14310]:     (platform_path, hwsku_path) = get_paths_to_platform_and_hwsku_dirs()
2025 Feb 11 03:01:48.689796 sonic INFO featured[14310]:                                   ^^^^^^^^^^^^^^^^^^^^^^^^^^^^^^^^^^^^^^
2025 Feb 11 03:01:48.689822 sonic INFO featured[14310]:   File "/usr/local/lib/python3.11/dist-packages/sonic_py_common/device_info.py", line 412, in get_paths_to_platform_and_hwsku_dirs
2025 Feb 11 03:01:48.689865 sonic INFO featured[14310]:     hwsku_path = os.path.join(platform_path, hwsku)
2025 Feb 11 03:01:48.689898 sonic INFO featured[14310]:                  ^^^^^^^^^^^^^^^^^^^^^^^^^^^^^^^^^^
2025 Feb 11 03:01:48.689923 sonic INFO featured[14310]:   File "<frozen posixpath>", line 90, in join
2025 Feb 11 03:01:48.689940 sonic INFO featured[14310]:   File "<frozen genericpath>", line 152, in _check_arg_types
2025 Feb 11 03:01:48.689969 sonic INFO featured[14310]: TypeError: join() argument must be str, bytes, or os.PathLike object, not 'NoneType'
2025 Feb 11 03:01:48.708452 sonic NOTICE systemd[1]: featured.service: Main process exited, code=exited, status=1/FAILURE
2025 Feb 11 03:01:48.708581 sonic WARNING systemd[1]: featured.service: Failed with result 'exit-code'.
2025 Feb 11 03:01:48.748178 sonic INFO systemd[1]: Started featured.service - Feature configuration daemon.
2025 Feb 11 03:01:48.916315 sonic INFO featured: ConfigDB connect success
2025 Feb 11 03:01:48.920435 sonic INFO featured[14311]: Traceback (most recent call last):
2025 Feb 11 03:01:48.920503 sonic INFO featured[14311]:   File "/usr/local/bin/featured", line 598, in <module>
2025 Feb 11 03:01:48.920605 sonic INFO featured[14311]:     main()
2025 Feb 11 03:01:48.920643 sonic INFO featured[14311]:   File "/usr/local/bin/featured", line 591, in main
2025 Feb 11 03:01:48.920760 sonic INFO featured[14311]:     daemon = FeatureDaemon()
2025 Feb 11 03:01:48.920792 sonic INFO featured[14311]:              ^^^^^^^^^^^^^^^
2025 Feb 11 03:01:48.920815 sonic INFO featured[14311]:   File "/usr/local/bin/featured", line 529, in __init__
2025 Feb 11 03:01:48.920873 sonic INFO featured[14311]:     self.feature_handler = FeatureHandler(self.config_db, feature_state_table, self.device_config, self.advanced_boot)
2025 Feb 11 03:01:48.920908 sonic INFO featured[14311]:                            ^^^^^^^^^^^^^^^^^^^^^^^^^^^^^^^^^^^^^^^^^^^^^^^^^^^^^^^^^^^^^^^^^^^^^^^^^^^^^^^^^^^^^^^^^^^
2025 Feb 11 03:01:48.920930 sonic INFO featured[14311]:   File "/usr/local/bin/featured", line 136, in __init__
2025 Feb 11 03:01:48.920975 sonic INFO featured[14311]:     self._device_running_config = device_info.get_device_runtime_metadata()
2025 Feb 11 03:01:48.921009 sonic INFO featured[14311]:                                   ^^^^^^^^^^^^^^^^^^^^^^^^^^^^^^^^^^^^^^^^^
2025 Feb 11 03:01:48.921035 sonic INFO featured[14311]:   File "/usr/local/lib/python3.11/dist-packages/sonic_py_common/device_info.py", line 680, in get_device_runtime_metadata
2025 Feb 11 03:01:48.921119 sonic INFO featured[14311]:     port_metadata = {'ETHERNET_PORTS_PRESENT': True if get_path_to_port_config_file(hwsku=None, asic="0" if is_multi_npu() else None) else False}
2025 Feb 11 03:01:48.921168 sonic INFO featured[14311]:                                                        ^^^^^^^^^^^^^^^^^^^^^^^^^^^^^^^^^^^^^^^^^^^^^^^^^^^^^^^^^^^^^^^^^^^^^^^^^^^^^^
2025 Feb 11 03:01:48.921202 sonic INFO featured[14311]:   File "/usr/local/lib/python3.11/dist-packages/sonic_py_common/device_info.py", line 446, in get_path_to_port_config_file
2025 Feb 11 03:01:48.921259 sonic INFO featured[14311]:     (platform_path, hwsku_path) = get_paths_to_platform_and_hwsku_dirs()
2025 Feb 11 03:01:48.921291 sonic INFO featured[14311]:                                   ^^^^^^^^^^^^^^^^^^^^^^^^^^^^^^^^^^^^^^
2025 Feb 11 03:01:48.921317 sonic INFO featured[14311]:   File "/usr/local/lib/python3.11/dist-packages/sonic_py_common/device_info.py", line 412, in get_paths_to_platform_and_hwsku_dirs
2025 Feb 11 03:01:48.921363 sonic INFO featured[14311]:     hwsku_path = os.path.join(platform_path, hwsku)
2025 Feb 11 03:01:48.921414 sonic INFO featured[14311]:                  ^^^^^^^^^^^^^^^^^^^^^^^^^^^^^^^^^^
2025 Feb 11 03:01:48.921439 sonic INFO featured[14311]:   File "<frozen posixpath>", line 90, in join
2025 Feb 11 03:01:48.921466 sonic INFO featured[14311]:   File "<frozen genericpath>", line 152, in _check_arg_types
2025 Feb 11 03:01:48.921515 sonic INFO featured[14311]: TypeError: join() argument must be str, bytes, or os.PathLike object, not 'NoneType'
2025 Feb 11 03:01:48.942266 sonic NOTICE systemd[1]: featured.service: Main process exited, code=exited, status=1/FAILURE
2025 Feb 11 03:01:48.944325 sonic WARNING systemd[1]: featured.service: Failed with result 'exit-code'.
2025 Feb 11 03:01:48.982883 sonic INFO systemd[1]: Started featured.service - Feature configuration daemon.
2025 Feb 11 03:01:49.119162 sonic INFO featured: ConfigDB connect success
2025 Feb 11 03:01:49.135427 sonic INFO featured[14313]: Traceback (most recent call last):
2025 Feb 11 03:01:49.135626 sonic INFO featured[14313]:   File "/usr/local/bin/featured", line 598, in <module>
2025 Feb 11 03:01:49.135689 sonic INFO featured[14313]:     main()
2025 Feb 11 03:01:49.135719 sonic INFO featured[14313]:   File "/usr/local/bin/featured", line 591, in main
2025 Feb 11 03:01:49.135748 sonic INFO featured[14313]:     daemon = FeatureDaemon()
2025 Feb 11 03:01:49.135783 sonic INFO featured[14313]:              ^^^^^^^^^^^^^^^
2025 Feb 11 03:01:49.135809 sonic INFO featured[14313]:   File "/usr/local/bin/featured", line 529, in __init__
2025 Feb 11 03:01:49.135843 sonic INFO featured[14313]:     self.feature_handler = FeatureHandler(self.config_db, feature_state_table, self.device_config, self.advanced_boot)
2025 Feb 11 03:01:49.135868 sonic INFO featured[14313]:                            ^^^^^^^^^^^^^^^^^^^^^^^^^^^^^^^^^^^^^^^^^^^^^^^^^^^^^^^^^^^^^^^^^^^^^^^^^^^^^^^^^^^^^^^^^^^
2025 Feb 11 03:01:49.135899 sonic INFO featured[14313]:   File "/usr/local/bin/featured", line 136, in __init__
2025 Feb 11 03:01:49.135924 sonic INFO featured[14313]:     self._device_running_config = device_info.get_device_runtime_metadata()
2025 Feb 11 03:01:49.135947 sonic INFO featured[14313]:                                   ^^^^^^^^^^^^^^^^^^^^^^^^^^^^^^^^^^^^^^^^^
2025 Feb 11 03:01:49.135974 sonic INFO featured[14313]:   File "/usr/local/lib/python3.11/dist-packages/sonic_py_common/device_info.py", line 680, in get_device_runtime_metadata
2025 Feb 11 03:01:49.136087 sonic INFO featured[14313]:     port_metadata = {'ETHERNET_PORTS_PRESENT': True if get_path_to_port_config_file(hwsku=None, asic="0" if is_multi_npu() else None) else False}
2025 Feb 11 03:01:49.136127 sonic INFO featured[14313]:                                                        ^^^^^^^^^^^^^^^^^^^^^^^^^^^^^^^^^^^^^^^^^^^^^^^^^^^^^^^^^^^^^^^^^^^^^^^^^^^^^^
2025 Feb 11 03:01:49.136145 sonic INFO featured[14313]:   File "/usr/local/lib/python3.11/dist-packages/sonic_py_common/device_info.py", line 446, in get_path_to_port_config_file
2025 Feb 11 03:01:49.136226 sonic INFO featured[14313]:     (platform_path, hwsku_path) = get_paths_to_platform_and_hwsku_dirs()
2025 Feb 11 03:01:49.136260 sonic INFO featured[14313]:                                   ^^^^^^^^^^^^^^^^^^^^^^^^^^^^^^^^^^^^^^
2025 Feb 11 03:01:49.136286 sonic INFO featured[14313]:   File "/usr/local/lib/python3.11/dist-packages/sonic_py_common/device_info.py", line 412, in get_paths_to_platform_and_hwsku_dirs
2025 Feb 11 03:01:49.136315 sonic INFO featured[14313]:     hwsku_path = os.path.join(platform_path, hwsku)
2025 Feb 11 03:01:49.136346 sonic INFO featured[14313]:                  ^^^^^^^^^^^^^^^^^^^^^^^^^^^^^^^^^^
2025 Feb 11 03:01:49.136383 sonic INFO featured[14313]:   File "<frozen posixpath>", line 90, in join
2025 Feb 11 03:01:49.136427 sonic INFO featured[14313]:   File "<frozen genericpath>", line 152, in _check_arg_types
2025 Feb 11 03:01:49.136452 sonic INFO featured[14313]: TypeError: join() argument must be str, bytes, or os.PathLike object, not 'NoneType'
2025 Feb 11 03:01:49.156605 sonic NOTICE systemd[1]: featured.service: Main process exited, code=exited, status=1/FAILURE
2025 Feb 11 03:01:49.156736 sonic WARNING systemd[1]: featured.service: Failed with result 'exit-code'.
2025 Feb 11 03:01:49.190695 sonic INFO systemd[1]: Started featured.service - Feature configuration daemon.
2025 Feb 11 03:01:49.321268 sonic INFO featured: ConfigDB connect success
2025 Feb 11 03:01:49.325204 sonic INFO featured[14315]: Traceback (most recent call last):
2025 Feb 11 03:01:49.325261 sonic INFO featured[14315]:   File "/usr/local/bin/featured", line 598, in <module>
2025 Feb 11 03:01:49.325354 sonic INFO featured[14315]:     main()
2025 Feb 11 03:01:49.325394 sonic INFO featured[14315]:   File "/usr/local/bin/featured", line 591, in main
2025 Feb 11 03:01:49.325577 sonic INFO featured[14315]:     daemon = FeatureDaemon()
2025 Feb 11 03:01:49.325617 sonic INFO featured[14315]:              ^^^^^^^^^^^^^^^
2025 Feb 11 03:01:49.325634 sonic INFO featured[14315]:   File "/usr/local/bin/featured", line 529, in __init__
2025 Feb 11 03:01:49.325684 sonic INFO featured[14315]:     self.feature_handler = FeatureHandler(self.config_db, feature_state_table, self.device_config, self.advanced_boot)
2025 Feb 11 03:01:49.325730 sonic INFO featured[14315]:                            ^^^^^^^^^^^^^^^^^^^^^^^^^^^^^^^^^^^^^^^^^^^^^^^^^^^^^^^^^^^^^^^^^^^^^^^^^^^^^^^^^^^^^^^^^^^
2025 Feb 11 03:01:49.325757 sonic INFO featured[14315]:   File "/usr/local/bin/featured", line 136, in __init__
2025 Feb 11 03:01:49.325787 sonic INFO featured[14315]:     self._device_running_config = device_info.get_device_runtime_metadata()
2025 Feb 11 03:01:49.325818 sonic INFO featured[14315]:                                   ^^^^^^^^^^^^^^^^^^^^^^^^^^^^^^^^^^^^^^^^^
2025 Feb 11 03:01:49.325844 sonic INFO featured[14315]:   File "/usr/local/lib/python3.11/dist-packages/sonic_py_common/device_info.py", line 680, in get_device_runtime_metadata
2025 Feb 11 03:01:49.325945 sonic INFO featured[14315]:     port_metadata = {'ETHERNET_PORTS_PRESENT': True if get_path_to_port_config_file(hwsku=None, asic="0" if is_multi_npu() else None) else False}
2025 Feb 11 03:01:49.325992 sonic INFO featured[14315]:                                                        ^^^^^^^^^^^^^^^^^^^^^^^^^^^^^^^^^^^^^^^^^^^^^^^^^^^^^^^^^^^^^^^^^^^^^^^^^^^^^^
2025 Feb 11 03:01:49.326019 sonic INFO featured[14315]:   File "/usr/local/lib/python3.11/dist-packages/sonic_py_common/device_info.py", line 446, in get_path_to_port_config_file
2025 Feb 11 03:01:49.326055 sonic INFO featured[14315]:     (platform_path, hwsku_path) = get_paths_to_platform_and_hwsku_dirs()
2025 Feb 11 03:01:49.326086 sonic INFO featured[14315]:                                   ^^^^^^^^^^^^^^^^^^^^^^^^^^^^^^^^^^^^^^
2025 Feb 11 03:01:49.326111 sonic INFO featured[14315]:   File "/usr/local/lib/python3.11/dist-packages/sonic_py_common/device_info.py", line 412, in get_paths_to_platform_and_hwsku_dirs
2025 Feb 11 03:01:49.326198 sonic INFO featured[14315]:     hwsku_path = os.path.join(platform_path, hwsku)
2025 Feb 11 03:01:49.326242 sonic INFO featured[14315]:                  ^^^^^^^^^^^^^^^^^^^^^^^^^^^^^^^^^^
2025 Feb 11 03:01:49.326279 sonic INFO featured[14315]:   File "<frozen posixpath>", line 90, in join
2025 Feb 11 03:01:49.326316 sonic INFO featured[14315]:   File "<frozen genericpath>", line 152, in _check_arg_types
2025 Feb 11 03:01:49.326343 sonic INFO featured[14315]: TypeError: join() argument must be str, bytes, or os.PathLike object, not 'NoneType'
2025 Feb 11 03:01:49.344687 sonic NOTICE systemd[1]: featured.service: Main process exited, code=exited, status=1/FAILURE
2025 Feb 11 03:01:49.344796 sonic WARNING systemd[1]: featured.service: Failed with result 'exit-code'.
2025 Feb 11 03:01:49.346517 sonic WARNING systemd[1]: featured.service: Start request repeated too quickly.
2025 Feb 11 03:01:49.346607 sonic WARNING systemd[1]: featured.service: Failed with result 'exit-code'.
2025 Feb 11 03:01:49.346651 sonic ERR systemd[1]: Failed to start featured.service - Feature configuration daemon.
2025 Feb 11 03:01:52.281295 sonic WARNING systemd[1]: featured.service: Start request repeated too quickly.
2025 Feb 11 03:01:52.281978 sonic WARNING systemd[1]: featured.service: Failed with result 'exit-code'.
2025 Feb 11 03:01:52.282060 sonic ERR systemd[1]: Failed to start featured.service - Feature configuration daemon.
2025 Feb 11 03:01:53.027931 sonic INFO systemd[1]: caclmgrd.service: Scheduled restart job, restart counter is at 69.
2025 Feb 11 03:01:53.028159 sonic INFO systemd[1]: Stopped caclmgrd.service - Control Plane ACL configuration daemon.
2025 Feb 11 03:01:53.071824 sonic INFO systemd[1]: Started caclmgrd.service - Control Plane ACL configuration daemon.
2025 Feb 11 03:01:53.072341 sonic WARNING systemd[1]: featured.service: Start request repeated too quickly.
2025 Feb 11 03:01:53.072426 sonic WARNING systemd[1]: featured.service: Failed with result 'exit-code'.
2025 Feb 11 03:01:53.072476 sonic ERR systemd[1]: Failed to start featured.service - Feature configuration daemon.
2025 Feb 11 03:01:53.077771 sonic WARNING systemd[1]: featured.service: Start request repeated too quickly.
2025 Feb 11 03:01:53.078548 sonic WARNING systemd[1]: featured.service: Failed with result 'exit-code'.
2025 Feb 11 03:01:53.078634 sonic ERR systemd[1]: Failed to start featured.service - Feature configuration daemon.
2025 Feb 11 03:01:53.078955 sonic WARNING systemd[1]: featured.service: Start request repeated too quickly.
2025 Feb 11 03:01:53.079034 sonic WARNING systemd[1]: featured.service: Failed with result 'exit-code'.
2025 Feb 11 03:01:53.079086 sonic ERR systemd[1]: Failed to start featured.service - Feature configuration daemon.
2025 Feb 11 03:01:53.198759 sonic INFO caclmgrd[14329]: Traceback (most recent call last):
2025 Feb 11 03:01:53.198927 sonic INFO caclmgrd[14329]:   File "/usr/local/bin/caclmgrd", line 1146, in <module>
2025 Feb 11 03:01:53.199007 sonic INFO caclmgrd[14329]:     main()
2025 Feb 11 03:01:53.199059 sonic INFO caclmgrd[14329]:   File "/usr/local/bin/caclmgrd", line 1137, in main
2025 Feb 11 03:01:53.199101 sonic INFO caclmgrd[14329]:     caclmgr = ControlPlaneAclManager(SYSLOG_IDENTIFIER)
2025 Feb 11 03:01:53.199144 sonic INFO caclmgrd[14329]:               ^^^^^^^^^^^^^^^^^^^^^^^^^^^^^^^^^^^^^^^^^
2025 Feb 11 03:01:53.199174 sonic INFO caclmgrd[14329]:   File "/usr/local/bin/caclmgrd", line 156, in __init__
2025 Feb 11 03:01:53.199231 sonic INFO caclmgrd[14329]:     if 'subtype' in metadata['localhost'] and metadata['localhost']['subtype'] == 'DualToR':
2025 Feb 11 03:01:53.199281 sonic INFO caclmgrd[14329]:                     ~~~~~~~~^^^^^^^^^^^^^
2025 Feb 11 03:01:53.199318 sonic INFO caclmgrd[14329]: KeyError: 'localhost'
2025 Feb 11 03:01:53.211561 sonic NOTICE systemd[1]: caclmgrd.service: Main process exited, code=exited, status=1/FAILURE
2025 Feb 11 03:01:53.211722 sonic WARNING systemd[1]: caclmgrd.service: Failed with result 'exit-code'.
2025 Feb 11 03:01:53.213424 sonic WARNING systemd[1]: featured.service: Start request repeated too quickly.
2025 Feb 11 03:01:53.213521 sonic WARNING systemd[1]: featured.service: Failed with result 'exit-code'.
2025 Feb 11 03:01:53.214072 sonic ERR systemd[1]: Failed to start featured.service - Feature configuration daemon.
2025 Feb 11 03:01:55.010951 sonic ERR monit[828]: 'container_checker' status failed (4) -- Unexpected running containers: bgp0, database2, macsec0, macsec1, database0, bgp3, bgp2, macsec2, macsec3, bgp1, eventd, database, database3, database1
2025 Feb 11 03:01:55.145944 sonic DEBUG mgmt_oper_status.py: No management interface found
2025 Feb 11 03:01:55.316039 sonic WARNING systemd[1]: featured.service: Start request repeated too quickly.
2025 Feb 11 03:01:55.316168 sonic WARNING systemd[1]: featured.service: Failed with result 'exit-code'.
2025 Feb 11 03:01:55.316235 sonic ERR systemd[1]: Failed to start featured.service - Feature configuration daemon.
2025 Feb 11 03:01:55.318469 sonic WARNING systemd[1]: featured.service: Start request repeated too quickly.
2025 Feb 11 03:01:55.318570 sonic WARNING systemd[1]: featured.service: Failed with result 'exit-code'.
2025 Feb 11 03:01:55.318619 sonic ERR systemd[1]: Failed to start featured.service - Feature configuration daemon.
2025 Feb 11 03:01:55.324538 sonic WARNING systemd[1]: featured.service: Start request repeated too quickly.
2025 Feb 11 03:01:55.324606 sonic WARNING systemd[1]: featured.service: Failed with result 'exit-code'.
2025 Feb 11 03:01:55.324646 sonic ERR systemd[1]: Failed to start featured.service - Feature configuration daemon.
2025 Feb 11 03:01:55.327133 sonic WARNING systemd[1]: featured.service: Start request repeated too quickly.
2025 Feb 11 03:01:55.327197 sonic WARNING systemd[1]: featured.service: Failed with result 'exit-code'.
2025 Feb 11 03:01:55.327234 sonic ERR systemd[1]: Failed to start featured.service - Feature configuration daemon.
2025 Feb 11 03:01:55.331543 sonic WARNING systemd[1]: featured.service: Start request repeated too quickly.
2025 Feb 11 03:01:55.331633 sonic WARNING systemd[1]: featured.service: Failed with result 'exit-code'.
2025 Feb 11 03:01:55.331667 sonic ERR systemd[1]: Failed to start featured.service - Feature configuration daemon.
2025 Feb 11 03:01:55.334289 sonic WARNING systemd[1]: featured.service: Start request repeated too quickly.
2025 Feb 11 03:01:55.334346 sonic WARNING systemd[1]: featured.service: Failed with result 'exit-code'.
2025 Feb 11 03:01:55.334375 sonic ERR systemd[1]: Failed to start featured.service - Feature configuration daemon.
2025 Feb 11 03:01:55.363058 sonic INFO memory_checker: [memory_checker] Exits without checking memory usage since container 'snmp' is not running!
2025 Feb 11 03:01:55.377982 sonic INFO memory_checker: [memory_checker] Exits without checking memory usage since container 'bmp' is not running!
2025 Feb 11 03:01:55.387987 sonic INFO memory_checker: [memory_checker] Exits without checking memory usage since container 'gnmi' is not running!
2025 Feb 11 03:01:55.697370 sonic NOTICE python3: :- publish: EVENT_PUBLISHED: {"sonic-host:device-test-event":{"batch-id":"8cd25db8-e824-11ef-91ba-52540070c9c2","index":"0","reason":"monit periodic test","sender":"events_monit_test.py","timestamp":"2025-02-11T03:01:55.696350Z"}}
2025 Feb 11 03:01:55.698665 sonic NOTICE python3: :- publish: EVENT_PUBLISHED: {"sonic-host:device-test-event":{"batch-id":"8cd25db8-e824-11ef-91ba-52540070c9c2","index":"1","reason":"monit periodic test","sender":"events_monit_test.py","timestamp":"2025-02-11T03:01:55.696768Z"}}
2025 Feb 11 03:01:55.698702 sonic NOTICE python3: :- publish: EVENT_PUBLISHED: {"sonic-host:device-test-event":{"batch-id":"8cd25db8-e824-11ef-91ba-52540070c9c2","index":"2","reason":"monit periodic test","sender":"events_monit_test.py","timestamp":"2025-02-11T03:01:55.696842Z"}}
2025 Feb 11 03:01:55.698728 sonic NOTICE python3: :- publish: EVENT_PUBLISHED: {"sonic-host:device-test-event":{"batch-id":"8cd25db8-e824-11ef-91ba-52540070c9c2","index":"3","reason":"monit periodic test","sender":"events_monit_test.py","timestamp":"2025-02-11T03:01:55.696915Z"}}
2025 Feb 11 03:01:55.698770 sonic NOTICE python3: :- publish: EVENT_PUBLISHED: {"sonic-host:device-test-event":{"batch-id":"8cd25db8-e824-11ef-91ba-52540070c9c2","index":"4","reason":"monit periodic test","sender":"events_monit_test.py","timestamp":"2025-02-11T03:01:55.696979Z"}}
2025 Feb 11 03:01:58.280787 sonic WARNING systemd[1]: featured.service: Start request repeated too quickly.
2025 Feb 11 03:01:58.281371 sonic WARNING systemd[1]: featured.service: Failed with result 'exit-code'.
2025 Feb 11 03:01:58.281524 sonic ERR systemd[1]: Failed to start featured.service - Feature configuration daemon.
2025 Feb 11 03:02:18.294867 sonic INFO systemd[1]: Started featured.service - Feature configuration daemon.
2025 Feb 11 03:02:18.461247 sonic INFO featured: ConfigDB connect success
2025 Feb 11 03:02:18.465230 sonic INFO featured[14468]: Traceback (most recent call last):
2025 Feb 11 03:02:18.465280 sonic INFO featured[14468]:   File "/usr/local/bin/featured", line 598, in <module>
2025 Feb 11 03:02:18.465396 sonic INFO featured[14468]:     main()
2025 Feb 11 03:02:18.465436 sonic INFO featured[14468]:   File "/usr/local/bin/featured", line 591, in main
2025 Feb 11 03:02:18.465641 sonic INFO featured[14468]:     daemon = FeatureDaemon()
2025 Feb 11 03:02:18.465681 sonic INFO featured[14468]:              ^^^^^^^^^^^^^^^
2025 Feb 11 03:02:18.465698 sonic INFO featured[14468]:   File "/usr/local/bin/featured", line 529, in __init__
2025 Feb 11 03:02:18.465750 sonic INFO featured[14468]:     self.feature_handler = FeatureHandler(self.config_db, feature_state_table, self.device_config, self.advanced_boot)
2025 Feb 11 03:02:18.465798 sonic INFO featured[14468]:                            ^^^^^^^^^^^^^^^^^^^^^^^^^^^^^^^^^^^^^^^^^^^^^^^^^^^^^^^^^^^^^^^^^^^^^^^^^^^^^^^^^^^^^^^^^^^
2025 Feb 11 03:02:18.465824 sonic INFO featured[14468]:   File "/usr/local/bin/featured", line 136, in __init__
2025 Feb 11 03:02:18.465867 sonic INFO featured[14468]:     self._device_running_config = device_info.get_device_runtime_metadata()
2025 Feb 11 03:02:18.465907 sonic INFO featured[14468]:                                   ^^^^^^^^^^^^^^^^^^^^^^^^^^^^^^^^^^^^^^^^^
2025 Feb 11 03:02:18.465933 sonic INFO featured[14468]:   File "/usr/local/lib/python3.11/dist-packages/sonic_py_common/device_info.py", line 680, in get_device_runtime_metadata
2025 Feb 11 03:02:18.466015 sonic INFO featured[14468]:     port_metadata = {'ETHERNET_PORTS_PRESENT': True if get_path_to_port_config_file(hwsku=None, asic="0" if is_multi_npu() else None) else False}
2025 Feb 11 03:02:18.466068 sonic INFO featured[14468]:                                                        ^^^^^^^^^^^^^^^^^^^^^^^^^^^^^^^^^^^^^^^^^^^^^^^^^^^^^^^^^^^^^^^^^^^^^^^^^^^^^^
2025 Feb 11 03:02:18.466095 sonic INFO featured[14468]:   File "/usr/local/lib/python3.11/dist-packages/sonic_py_common/device_info.py", line 446, in get_path_to_port_config_file
2025 Feb 11 03:02:18.466162 sonic INFO featured[14468]:     (platform_path, hwsku_path) = get_paths_to_platform_and_hwsku_dirs()
2025 Feb 11 03:02:18.466193 sonic INFO featured[14468]:                                   ^^^^^^^^^^^^^^^^^^^^^^^^^^^^^^^^^^^^^^
2025 Feb 11 03:02:18.466219 sonic INFO featured[14468]:   File "/usr/local/lib/python3.11/dist-packages/sonic_py_common/device_info.py", line 412, in get_paths_to_platform_and_hwsku_dirs
2025 Feb 11 03:02:18.466271 sonic INFO featured[14468]:     hwsku_path = os.path.join(platform_path, hwsku)
2025 Feb 11 03:02:18.466305 sonic INFO featured[14468]:                  ^^^^^^^^^^^^^^^^^^^^^^^^^^^^^^^^^^
2025 Feb 11 03:02:18.466330 sonic INFO featured[14468]:   File "<frozen posixpath>", line 90, in join
2025 Feb 11 03:02:18.466354 sonic INFO featured[14468]:   File "<frozen genericpath>", line 152, in _check_arg_types
2025 Feb 11 03:02:18.466392 sonic INFO featured[14468]: TypeError: join() argument must be str, bytes, or os.PathLike object, not 'NoneType'
2025 Feb 11 03:02:18.484903 sonic NOTICE systemd[1]: featured.service: Main process exited, code=exited, status=1/FAILURE
2025 Feb 11 03:02:18.485052 sonic WARNING systemd[1]: featured.service: Failed with result 'exit-code'.
2025 Feb 11 03:02:18.506658 sonic INFO systemd[1]: Started featured.service - Feature configuration daemon.
2025 Feb 11 03:02:18.655025 sonic INFO featured: ConfigDB connect success
2025 Feb 11 03:02:18.659137 sonic INFO featured[14469]: Traceback (most recent call last):
2025 Feb 11 03:02:18.659238 sonic INFO featured[14469]:   File "/usr/local/bin/featured", line 598, in <module>
2025 Feb 11 03:02:18.659340 sonic INFO featured[14469]:     main()
2025 Feb 11 03:02:18.659413 sonic INFO featured[14469]:   File "/usr/local/bin/featured", line 591, in main
2025 Feb 11 03:02:18.659466 sonic INFO featured[14469]:     daemon = FeatureDaemon()
2025 Feb 11 03:02:18.659522 sonic INFO featured[14469]:              ^^^^^^^^^^^^^^^
2025 Feb 11 03:02:18.659567 sonic INFO featured[14469]:   File "/usr/local/bin/featured", line 529, in __init__
2025 Feb 11 03:02:18.659618 sonic INFO featured[14469]:     self.feature_handler = FeatureHandler(self.config_db, feature_state_table, self.device_config, self.advanced_boot)
2025 Feb 11 03:02:18.659671 sonic INFO featured[14469]:                            ^^^^^^^^^^^^^^^^^^^^^^^^^^^^^^^^^^^^^^^^^^^^^^^^^^^^^^^^^^^^^^^^^^^^^^^^^^^^^^^^^^^^^^^^^^^
2025 Feb 11 03:02:18.659711 sonic INFO featured[14469]:   File "/usr/local/bin/featured", line 136, in __init__
2025 Feb 11 03:02:18.659764 sonic INFO featured[14469]:     self._device_running_config = device_info.get_device_runtime_metadata()
2025 Feb 11 03:02:18.659842 sonic INFO featured[14469]:                                   ^^^^^^^^^^^^^^^^^^^^^^^^^^^^^^^^^^^^^^^^^
2025 Feb 11 03:02:18.659884 sonic INFO featured[14469]:   File "/usr/local/lib/python3.11/dist-packages/sonic_py_common/device_info.py", line 680, in get_device_runtime_metadata
2025 Feb 11 03:02:18.659927 sonic INFO featured[14469]:     port_metadata = {'ETHERNET_PORTS_PRESENT': True if get_path_to_port_config_file(hwsku=None, asic="0" if is_multi_npu() else None) else False}
2025 Feb 11 03:02:18.659972 sonic INFO featured[14469]:                                                        ^^^^^^^^^^^^^^^^^^^^^^^^^^^^^^^^^^^^^^^^^^^^^^^^^^^^^^^^^^^^^^^^^^^^^^^^^^^^^^
2025 Feb 11 03:02:18.660014 sonic INFO featured[14469]:   File "/usr/local/lib/python3.11/dist-packages/sonic_py_common/device_info.py", line 446, in get_path_to_port_config_file
2025 Feb 11 03:02:18.660056 sonic INFO featured[14469]:     (platform_path, hwsku_path) = get_paths_to_platform_and_hwsku_dirs()
2025 Feb 11 03:02:18.660112 sonic INFO featured[14469]:                                   ^^^^^^^^^^^^^^^^^^^^^^^^^^^^^^^^^^^^^^
2025 Feb 11 03:02:18.660154 sonic INFO featured[14469]:   File "/usr/local/lib/python3.11/dist-packages/sonic_py_common/device_info.py", line 412, in get_paths_to_platform_and_hwsku_dirs
2025 Feb 11 03:02:18.660196 sonic INFO featured[14469]:     hwsku_path = os.path.join(platform_path, hwsku)
2025 Feb 11 03:02:18.660237 sonic INFO featured[14469]:                  ^^^^^^^^^^^^^^^^^^^^^^^^^^^^^^^^^^
2025 Feb 11 03:02:18.660277 sonic INFO featured[14469]:   File "<frozen posixpath>", line 90, in join
2025 Feb 11 03:02:18.660386 sonic INFO featured[14469]:   File "<frozen genericpath>", line 152, in _check_arg_types
2025 Feb 11 03:02:18.660436 sonic INFO featured[14469]: TypeError: join() argument must be str, bytes, or os.PathLike object, not 'NoneType'
2025 Feb 11 03:02:18.678560 sonic NOTICE systemd[1]: featured.service: Main process exited, code=exited, status=1/FAILURE
2025 Feb 11 03:02:18.678703 sonic WARNING systemd[1]: featured.service: Failed with result 'exit-code'.
2025 Feb 11 03:02:18.722680 sonic INFO systemd[1]: Started featured.service - Feature configuration daemon.
2025 Feb 11 03:02:18.871235 sonic INFO featured: ConfigDB connect success
2025 Feb 11 03:02:18.875146 sonic INFO featured[14470]: Traceback (most recent call last):
2025 Feb 11 03:02:18.875210 sonic INFO featured[14470]:   File "/usr/local/bin/featured", line 598, in <module>
2025 Feb 11 03:02:18.875286 sonic INFO featured[14470]:     main()
2025 Feb 11 03:02:18.875346 sonic INFO featured[14470]:   File "/usr/local/bin/featured", line 591, in main
2025 Feb 11 03:02:18.875486 sonic INFO featured[14470]:     daemon = FeatureDaemon()
2025 Feb 11 03:02:18.875523 sonic INFO featured[14470]:              ^^^^^^^^^^^^^^^
2025 Feb 11 03:02:18.875545 sonic INFO featured[14470]:   File "/usr/local/bin/featured", line 529, in __init__
2025 Feb 11 03:02:18.875583 sonic INFO featured[14470]:     self.feature_handler = FeatureHandler(self.config_db, feature_state_table, self.device_config, self.advanced_boot)
2025 Feb 11 03:02:18.875637 sonic INFO featured[14470]:                            ^^^^^^^^^^^^^^^^^^^^^^^^^^^^^^^^^^^^^^^^^^^^^^^^^^^^^^^^^^^^^^^^^^^^^^^^^^^^^^^^^^^^^^^^^^^
2025 Feb 11 03:02:18.875680 sonic INFO featured[14470]:   File "/usr/local/bin/featured", line 136, in __init__
2025 Feb 11 03:02:18.875732 sonic INFO featured[14470]:     self._device_running_config = device_info.get_device_runtime_metadata()
2025 Feb 11 03:02:18.875782 sonic INFO featured[14470]:                                   ^^^^^^^^^^^^^^^^^^^^^^^^^^^^^^^^^^^^^^^^^
2025 Feb 11 03:02:18.875826 sonic INFO featured[14470]:   File "/usr/local/lib/python3.11/dist-packages/sonic_py_common/device_info.py", line 680, in get_device_runtime_metadata
2025 Feb 11 03:02:18.875879 sonic INFO featured[14470]:     port_metadata = {'ETHERNET_PORTS_PRESENT': True if get_path_to_port_config_file(hwsku=None, asic="0" if is_multi_npu() else None) else False}
2025 Feb 11 03:02:18.875922 sonic INFO featured[14470]:                                                        ^^^^^^^^^^^^^^^^^^^^^^^^^^^^^^^^^^^^^^^^^^^^^^^^^^^^^^^^^^^^^^^^^^^^^^^^^^^^^^
2025 Feb 11 03:02:18.875964 sonic INFO featured[14470]:   File "/usr/local/lib/python3.11/dist-packages/sonic_py_common/device_info.py", line 446, in get_path_to_port_config_file
2025 Feb 11 03:02:18.876017 sonic INFO featured[14470]:     (platform_path, hwsku_path) = get_paths_to_platform_and_hwsku_dirs()
2025 Feb 11 03:02:18.876059 sonic INFO featured[14470]:                                   ^^^^^^^^^^^^^^^^^^^^^^^^^^^^^^^^^^^^^^
2025 Feb 11 03:02:18.876100 sonic INFO featured[14470]:   File "/usr/local/lib/python3.11/dist-packages/sonic_py_common/device_info.py", line 412, in get_paths_to_platform_and_hwsku_dirs
2025 Feb 11 03:02:18.876140 sonic INFO featured[14470]:     hwsku_path = os.path.join(platform_path, hwsku)
2025 Feb 11 03:02:18.876193 sonic INFO featured[14470]:                  ^^^^^^^^^^^^^^^^^^^^^^^^^^^^^^^^^^
2025 Feb 11 03:02:18.876234 sonic INFO featured[14470]:   File "<frozen posixpath>", line 90, in join
2025 Feb 11 03:02:18.876275 sonic INFO featured[14470]:   File "<frozen genericpath>", line 152, in _check_arg_types
2025 Feb 11 03:02:18.876316 sonic INFO featured[14470]: TypeError: join() argument must be str, bytes, or os.PathLike object, not 'NoneType'
2025 Feb 11 03:02:18.894613 sonic NOTICE systemd[1]: featured.service: Main process exited, code=exited, status=1/FAILURE
2025 Feb 11 03:02:18.894765 sonic WARNING systemd[1]: featured.service: Failed with result 'exit-code'.
2025 Feb 11 03:02:18.927905 sonic INFO systemd[1]: Started featured.service - Feature configuration daemon.
2025 Feb 11 03:02:19.061744 sonic INFO featured: ConfigDB connect success
2025 Feb 11 03:02:19.065690 sonic INFO featured[14473]: Traceback (most recent call last):
2025 Feb 11 03:02:19.065757 sonic INFO featured[14473]:   File "/usr/local/bin/featured", line 598, in <module>
2025 Feb 11 03:02:19.065825 sonic INFO featured[14473]:     main()
2025 Feb 11 03:02:19.065884 sonic INFO featured[14473]:   File "/usr/local/bin/featured", line 591, in main
2025 Feb 11 03:02:19.065996 sonic INFO featured[14473]:     daemon = FeatureDaemon()
2025 Feb 11 03:02:19.066031 sonic INFO featured[14473]:              ^^^^^^^^^^^^^^^
2025 Feb 11 03:02:19.066058 sonic INFO featured[14473]:   File "/usr/local/bin/featured", line 529, in __init__
2025 Feb 11 03:02:19.066109 sonic INFO featured[14473]:     self.feature_handler = FeatureHandler(self.config_db, feature_state_table, self.device_config, self.advanced_boot)
2025 Feb 11 03:02:19.066162 sonic INFO featured[14473]:                            ^^^^^^^^^^^^^^^^^^^^^^^^^^^^^^^^^^^^^^^^^^^^^^^^^^^^^^^^^^^^^^^^^^^^^^^^^^^^^^^^^^^^^^^^^^^
2025 Feb 11 03:02:19.066204 sonic INFO featured[14473]:   File "/usr/local/bin/featured", line 136, in __init__
2025 Feb 11 03:02:19.066257 sonic INFO featured[14473]:     self._device_running_config = device_info.get_device_runtime_metadata()
2025 Feb 11 03:02:19.066299 sonic INFO featured[14473]:                                   ^^^^^^^^^^^^^^^^^^^^^^^^^^^^^^^^^^^^^^^^^
2025 Feb 11 03:02:19.066342 sonic INFO featured[14473]:   File "/usr/local/lib/python3.11/dist-packages/sonic_py_common/device_info.py", line 680, in get_device_runtime_metadata
2025 Feb 11 03:02:19.066416 sonic INFO featured[14473]:     port_metadata = {'ETHERNET_PORTS_PRESENT': True if get_path_to_port_config_file(hwsku=None, asic="0" if is_multi_npu() else None) else False}
2025 Feb 11 03:02:19.066462 sonic INFO featured[14473]:                                                        ^^^^^^^^^^^^^^^^^^^^^^^^^^^^^^^^^^^^^^^^^^^^^^^^^^^^^^^^^^^^^^^^^^^^^^^^^^^^^^
2025 Feb 11 03:02:19.066502 sonic INFO featured[14473]:   File "/usr/local/lib/python3.11/dist-packages/sonic_py_common/device_info.py", line 446, in get_path_to_port_config_file
2025 Feb 11 03:02:19.066555 sonic INFO featured[14473]:     (platform_path, hwsku_path) = get_paths_to_platform_and_hwsku_dirs()
2025 Feb 11 03:02:19.066595 sonic INFO featured[14473]:                                   ^^^^^^^^^^^^^^^^^^^^^^^^^^^^^^^^^^^^^^
2025 Feb 11 03:02:19.066637 sonic INFO featured[14473]:   File "/usr/local/lib/python3.11/dist-packages/sonic_py_common/device_info.py", line 412, in get_paths_to_platform_and_hwsku_dirs
2025 Feb 11 03:02:19.066677 sonic INFO featured[14473]:     hwsku_path = os.path.join(platform_path, hwsku)
2025 Feb 11 03:02:19.066729 sonic INFO featured[14473]:                  ^^^^^^^^^^^^^^^^^^^^^^^^^^^^^^^^^^
2025 Feb 11 03:02:19.066772 sonic INFO featured[14473]:   File "<frozen posixpath>", line 90, in join
2025 Feb 11 03:02:19.066823 sonic INFO featured[14473]:   File "<frozen genericpath>", line 152, in _check_arg_types
2025 Feb 11 03:02:19.066864 sonic INFO featured[14473]: TypeError: join() argument must be str, bytes, or os.PathLike object, not 'NoneType'
2025 Feb 11 03:02:19.084658 sonic NOTICE systemd[1]: featured.service: Main process exited, code=exited, status=1/FAILURE
2025 Feb 11 03:02:19.084797 sonic WARNING systemd[1]: featured.service: Failed with result 'exit-code'.
2025 Feb 11 03:02:19.118808 sonic INFO systemd[1]: Started featured.service - Feature configuration daemon.
2025 Feb 11 03:02:19.251124 sonic INFO featured: ConfigDB connect success
2025 Feb 11 03:02:19.255326 sonic INFO featured[14474]: Traceback (most recent call last):
2025 Feb 11 03:02:19.255422 sonic INFO featured[14474]:   File "/usr/local/bin/featured", line 598, in <module>
2025 Feb 11 03:02:19.255528 sonic INFO featured[14474]:     main()
2025 Feb 11 03:02:19.255578 sonic INFO featured[14474]:   File "/usr/local/bin/featured", line 591, in main
2025 Feb 11 03:02:19.255694 sonic INFO featured[14474]:     daemon = FeatureDaemon()
2025 Feb 11 03:02:19.255736 sonic INFO featured[14474]:              ^^^^^^^^^^^^^^^
2025 Feb 11 03:02:19.255758 sonic INFO featured[14474]:   File "/usr/local/bin/featured", line 529, in __init__
2025 Feb 11 03:02:19.255818 sonic INFO featured[14474]:     self.feature_handler = FeatureHandler(self.config_db, feature_state_table, self.device_config, self.advanced_boot)
2025 Feb 11 03:02:19.255861 sonic INFO featured[14474]:                            ^^^^^^^^^^^^^^^^^^^^^^^^^^^^^^^^^^^^^^^^^^^^^^^^^^^^^^^^^^^^^^^^^^^^^^^^^^^^^^^^^^^^^^^^^^^
2025 Feb 11 03:02:19.255878 sonic INFO featured[14474]:   File "/usr/local/bin/featured", line 136, in __init__
2025 Feb 11 03:02:19.255931 sonic INFO featured[14474]:     self._device_running_config = device_info.get_device_runtime_metadata()
2025 Feb 11 03:02:19.255983 sonic INFO featured[14474]:                                   ^^^^^^^^^^^^^^^^^^^^^^^^^^^^^^^^^^^^^^^^^
2025 Feb 11 03:02:19.256000 sonic INFO featured[14474]:   File "/usr/local/lib/python3.11/dist-packages/sonic_py_common/device_info.py", line 680, in get_device_runtime_metadata
2025 Feb 11 03:02:19.256105 sonic INFO featured[14474]:     port_metadata = {'ETHERNET_PORTS_PRESENT': True if get_path_to_port_config_file(hwsku=None, asic="0" if is_multi_npu() else None) else False}
2025 Feb 11 03:02:19.256154 sonic INFO featured[14474]:                                                        ^^^^^^^^^^^^^^^^^^^^^^^^^^^^^^^^^^^^^^^^^^^^^^^^^^^^^^^^^^^^^^^^^^^^^^^^^^^^^^
2025 Feb 11 03:02:19.256171 sonic INFO featured[14474]:   File "/usr/local/lib/python3.11/dist-packages/sonic_py_common/device_info.py", line 446, in get_path_to_port_config_file
2025 Feb 11 03:02:19.256233 sonic INFO featured[14474]:     (platform_path, hwsku_path) = get_paths_to_platform_and_hwsku_dirs()
2025 Feb 11 03:02:19.256275 sonic INFO featured[14474]:                                   ^^^^^^^^^^^^^^^^^^^^^^^^^^^^^^^^^^^^^^
2025 Feb 11 03:02:19.256291 sonic INFO featured[14474]:   File "/usr/local/lib/python3.11/dist-packages/sonic_py_common/device_info.py", line 412, in get_paths_to_platform_and_hwsku_dirs
2025 Feb 11 03:02:19.256352 sonic INFO featured[14474]:     hwsku_path = os.path.join(platform_path, hwsku)
2025 Feb 11 03:02:19.256416 sonic INFO featured[14474]:                  ^^^^^^^^^^^^^^^^^^^^^^^^^^^^^^^^^^
2025 Feb 11 03:02:19.256432 sonic INFO featured[14474]:   File "<frozen posixpath>", line 90, in join
2025 Feb 11 03:02:19.256454 sonic INFO featured[14474]:   File "<frozen genericpath>", line 152, in _check_arg_types
2025 Feb 11 03:02:19.256470 sonic INFO featured[14474]: TypeError: join() argument must be str, bytes, or os.PathLike object, not 'NoneType'
2025 Feb 11 03:02:19.274972 sonic NOTICE systemd[1]: featured.service: Main process exited, code=exited, status=1/FAILURE
2025 Feb 11 03:02:19.275126 sonic WARNING systemd[1]: featured.service: Failed with result 'exit-code'.
2025 Feb 11 03:02:19.276915 sonic WARNING systemd[1]: featured.service: Start request repeated too quickly.
2025 Feb 11 03:02:19.276984 sonic WARNING systemd[1]: featured.service: Failed with result 'exit-code'.
2025 Feb 11 03:02:19.277010 sonic ERR systemd[1]: Failed to start featured.service - Feature configuration daemon.
2025 Feb 11 03:02:23.280498 sonic INFO systemd[1]: caclmgrd.service: Scheduled restart job, restart counter is at 70.
2025 Feb 11 03:02:23.283266 sonic INFO systemd[1]: Stopped caclmgrd.service - Control Plane ACL configuration daemon.
2025 Feb 11 03:02:23.326450 sonic INFO systemd[1]: Started caclmgrd.service - Control Plane ACL configuration daemon.
2025 Feb 11 03:02:23.326783 sonic WARNING systemd[1]: featured.service: Start request repeated too quickly.
2025 Feb 11 03:02:23.326857 sonic WARNING systemd[1]: featured.service: Failed with result 'exit-code'.
2025 Feb 11 03:02:23.326901 sonic ERR systemd[1]: Failed to start featured.service - Feature configuration daemon.
2025 Feb 11 03:02:23.328525 sonic WARNING systemd[1]: featured.service: Start request repeated too quickly.
2025 Feb 11 03:02:23.328593 sonic WARNING systemd[1]: featured.service: Failed with result 'exit-code'.
2025 Feb 11 03:02:23.328620 sonic ERR systemd[1]: Failed to start featured.service - Feature configuration daemon.
2025 Feb 11 03:02:23.455766 sonic INFO caclmgrd[14487]: Traceback (most recent call last):
2025 Feb 11 03:02:23.455863 sonic INFO caclmgrd[14487]:   File "/usr/local/bin/caclmgrd", line 1146, in <module>
2025 Feb 11 03:02:23.455901 sonic INFO caclmgrd[14487]:     main()
2025 Feb 11 03:02:23.455919 sonic INFO caclmgrd[14487]:   File "/usr/local/bin/caclmgrd", line 1137, in main
2025 Feb 11 03:02:23.455937 sonic INFO caclmgrd[14487]:     caclmgr = ControlPlaneAclManager(SYSLOG_IDENTIFIER)
2025 Feb 11 03:02:23.455959 sonic INFO caclmgrd[14487]:               ^^^^^^^^^^^^^^^^^^^^^^^^^^^^^^^^^^^^^^^^^
2025 Feb 11 03:02:23.455988 sonic INFO caclmgrd[14487]:   File "/usr/local/bin/caclmgrd", line 156, in __init__
2025 Feb 11 03:02:23.456010 sonic INFO caclmgrd[14487]:     if 'subtype' in metadata['localhost'] and metadata['localhost']['subtype'] == 'DualToR':
2025 Feb 11 03:02:23.456027 sonic INFO caclmgrd[14487]:                     ~~~~~~~~^^^^^^^^^^^^^
2025 Feb 11 03:02:23.456043 sonic INFO caclmgrd[14487]: KeyError: 'localhost'
2025 Feb 11 03:02:23.473277 sonic NOTICE systemd[1]: caclmgrd.service: Main process exited, code=exited, status=1/FAILURE
2025 Feb 11 03:02:23.473685 sonic WARNING systemd[1]: caclmgrd.service: Failed with result 'exit-code'.
2025 Feb 11 03:02:23.475681 sonic WARNING systemd[1]: featured.service: Start request repeated too quickly.
2025 Feb 11 03:02:23.475745 sonic WARNING systemd[1]: featured.service: Failed with result 'exit-code'.
2025 Feb 11 03:02:23.475773 sonic ERR systemd[1]: Failed to start featured.service - Feature configuration daemon.
2025 Feb 11 03:02:48.344093 sonic INFO systemd[1]: Started featured.service - Feature configuration daemon.
2025 Feb 11 03:02:48.492735 sonic INFO featured: ConfigDB connect success
2025 Feb 11 03:02:48.496791 sonic INFO featured[14549]: Traceback (most recent call last):
2025 Feb 11 03:02:48.496838 sonic INFO featured[14549]:   File "/usr/local/bin/featured", line 598, in <module>
2025 Feb 11 03:02:48.496958 sonic INFO featured[14549]:     main()
2025 Feb 11 03:02:48.496997 sonic INFO featured[14549]:   File "/usr/local/bin/featured", line 591, in main
2025 Feb 11 03:02:48.497115 sonic INFO featured[14549]:     daemon = FeatureDaemon()
2025 Feb 11 03:02:48.497155 sonic INFO featured[14549]:              ^^^^^^^^^^^^^^^
2025 Feb 11 03:02:48.497172 sonic INFO featured[14549]:   File "/usr/local/bin/featured", line 529, in __init__
2025 Feb 11 03:02:48.497233 sonic INFO featured[14549]:     self.feature_handler = FeatureHandler(self.config_db, feature_state_table, self.device_config, self.advanced_boot)
2025 Feb 11 03:02:48.497271 sonic INFO featured[14549]:                            ^^^^^^^^^^^^^^^^^^^^^^^^^^^^^^^^^^^^^^^^^^^^^^^^^^^^^^^^^^^^^^^^^^^^^^^^^^^^^^^^^^^^^^^^^^^
2025 Feb 11 03:02:48.497297 sonic INFO featured[14549]:   File "/usr/local/bin/featured", line 136, in __init__
2025 Feb 11 03:02:48.497369 sonic INFO featured[14549]:     self._device_running_config = device_info.get_device_runtime_metadata()
2025 Feb 11 03:02:48.497404 sonic INFO featured[14549]:                                   ^^^^^^^^^^^^^^^^^^^^^^^^^^^^^^^^^^^^^^^^^
2025 Feb 11 03:02:48.497421 sonic INFO featured[14549]:   File "/usr/local/lib/python3.11/dist-packages/sonic_py_common/device_info.py", line 680, in get_device_runtime_metadata
2025 Feb 11 03:02:48.497616 sonic INFO featured[14549]:     port_metadata = {'ETHERNET_PORTS_PRESENT': True if get_path_to_port_config_file(hwsku=None, asic="0" if is_multi_npu() else None) else False}
2025 Feb 11 03:02:48.497657 sonic INFO featured[14549]:                                                        ^^^^^^^^^^^^^^^^^^^^^^^^^^^^^^^^^^^^^^^^^^^^^^^^^^^^^^^^^^^^^^^^^^^^^^^^^^^^^^
2025 Feb 11 03:02:48.497675 sonic INFO featured[14549]:   File "/usr/local/lib/python3.11/dist-packages/sonic_py_common/device_info.py", line 446, in get_path_to_port_config_file
2025 Feb 11 03:02:48.497753 sonic INFO featured[14549]:     (platform_path, hwsku_path) = get_paths_to_platform_and_hwsku_dirs()
2025 Feb 11 03:02:48.497785 sonic INFO featured[14549]:                                   ^^^^^^^^^^^^^^^^^^^^^^^^^^^^^^^^^^^^^^
2025 Feb 11 03:02:48.497802 sonic INFO featured[14549]:   File "/usr/local/lib/python3.11/dist-packages/sonic_py_common/device_info.py", line 412, in get_paths_to_platform_and_hwsku_dirs
2025 Feb 11 03:02:48.497861 sonic INFO featured[14549]:     hwsku_path = os.path.join(platform_path, hwsku)
2025 Feb 11 03:02:48.497900 sonic INFO featured[14549]:                  ^^^^^^^^^^^^^^^^^^^^^^^^^^^^^^^^^^
2025 Feb 11 03:02:48.497926 sonic INFO featured[14549]:   File "<frozen posixpath>", line 90, in join
2025 Feb 11 03:02:48.497942 sonic INFO featured[14549]:   File "<frozen genericpath>", line 152, in _check_arg_types
2025 Feb 11 03:02:48.497966 sonic INFO featured[14549]: TypeError: join() argument must be str, bytes, or os.PathLike object, not 'NoneType'
2025 Feb 11 03:02:48.516349 sonic NOTICE systemd[1]: featured.service: Main process exited, code=exited, status=1/FAILURE
2025 Feb 11 03:02:48.516486 sonic WARNING systemd[1]: featured.service: Failed with result 'exit-code'.
2025 Feb 11 03:02:48.538552 sonic INFO systemd[1]: Started featured.service - Feature configuration daemon.
2025 Feb 11 03:02:48.678025 sonic INFO featured: ConfigDB connect success
2025 Feb 11 03:02:48.681968 sonic INFO featured[14551]: Traceback (most recent call last):
2025 Feb 11 03:02:48.682024 sonic INFO featured[14551]:   File "/usr/local/bin/featured", line 598, in <module>
2025 Feb 11 03:02:48.682130 sonic INFO featured[14551]:     main()
2025 Feb 11 03:02:48.682168 sonic INFO featured[14551]:   File "/usr/local/bin/featured", line 591, in main
2025 Feb 11 03:02:48.682289 sonic INFO featured[14551]:     daemon = FeatureDaemon()
2025 Feb 11 03:02:48.682352 sonic INFO featured[14551]:              ^^^^^^^^^^^^^^^
2025 Feb 11 03:02:48.682370 sonic INFO featured[14551]:   File "/usr/local/bin/featured", line 529, in __init__
2025 Feb 11 03:02:48.682459 sonic INFO featured[14551]:     self.feature_handler = FeatureHandler(self.config_db, feature_state_table, self.device_config, self.advanced_boot)
2025 Feb 11 03:02:48.682497 sonic INFO featured[14551]:                            ^^^^^^^^^^^^^^^^^^^^^^^^^^^^^^^^^^^^^^^^^^^^^^^^^^^^^^^^^^^^^^^^^^^^^^^^^^^^^^^^^^^^^^^^^^^
2025 Feb 11 03:02:48.682515 sonic INFO featured[14551]:   File "/usr/local/bin/featured", line 136, in __init__
2025 Feb 11 03:02:48.682562 sonic INFO featured[14551]:     self._device_running_config = device_info.get_device_runtime_metadata()
2025 Feb 11 03:02:48.682594 sonic INFO featured[14551]:                                   ^^^^^^^^^^^^^^^^^^^^^^^^^^^^^^^^^^^^^^^^^
2025 Feb 11 03:02:48.682619 sonic INFO featured[14551]:   File "/usr/local/lib/python3.11/dist-packages/sonic_py_common/device_info.py", line 680, in get_device_runtime_metadata
2025 Feb 11 03:02:48.682733 sonic INFO featured[14551]:     port_metadata = {'ETHERNET_PORTS_PRESENT': True if get_path_to_port_config_file(hwsku=None, asic="0" if is_multi_npu() else None) else False}
2025 Feb 11 03:02:48.682771 sonic INFO featured[14551]:                                                        ^^^^^^^^^^^^^^^^^^^^^^^^^^^^^^^^^^^^^^^^^^^^^^^^^^^^^^^^^^^^^^^^^^^^^^^^^^^^^^
2025 Feb 11 03:02:48.682788 sonic INFO featured[14551]:   File "/usr/local/lib/python3.11/dist-packages/sonic_py_common/device_info.py", line 446, in get_path_to_port_config_file
2025 Feb 11 03:02:48.682864 sonic INFO featured[14551]:     (platform_path, hwsku_path) = get_paths_to_platform_and_hwsku_dirs()
2025 Feb 11 03:02:48.682895 sonic INFO featured[14551]:                                   ^^^^^^^^^^^^^^^^^^^^^^^^^^^^^^^^^^^^^^
2025 Feb 11 03:02:48.682920 sonic INFO featured[14551]:   File "/usr/local/lib/python3.11/dist-packages/sonic_py_common/device_info.py", line 412, in get_paths_to_platform_and_hwsku_dirs
2025 Feb 11 03:02:48.682981 sonic INFO featured[14551]:     hwsku_path = os.path.join(platform_path, hwsku)
2025 Feb 11 03:02:48.683014 sonic INFO featured[14551]:                  ^^^^^^^^^^^^^^^^^^^^^^^^^^^^^^^^^^
2025 Feb 11 03:02:48.683044 sonic INFO featured[14551]:   File "<frozen posixpath>", line 90, in join
2025 Feb 11 03:02:48.683069 sonic INFO featured[14551]:   File "<frozen genericpath>", line 152, in _check_arg_types
2025 Feb 11 03:02:48.683102 sonic INFO featured[14551]: TypeError: join() argument must be str, bytes, or os.PathLike object, not 'NoneType'
2025 Feb 11 03:02:48.701161 sonic NOTICE systemd[1]: featured.service: Main process exited, code=exited, status=1/FAILURE
2025 Feb 11 03:02:48.701367 sonic WARNING systemd[1]: featured.service: Failed with result 'exit-code'.
2025 Feb 11 03:02:48.742800 sonic INFO systemd[1]: Started featured.service - Feature configuration daemon.
2025 Feb 11 03:02:48.884290 sonic INFO featured: ConfigDB connect success
2025 Feb 11 03:02:48.888288 sonic INFO featured[14552]: Traceback (most recent call last):
2025 Feb 11 03:02:48.888374 sonic INFO featured[14552]:   File "/usr/local/bin/featured", line 598, in <module>
2025 Feb 11 03:02:48.888468 sonic INFO featured[14552]:     main()
2025 Feb 11 03:02:48.888524 sonic INFO featured[14552]:   File "/usr/local/bin/featured", line 591, in main
2025 Feb 11 03:02:48.888655 sonic INFO featured[14552]:     daemon = FeatureDaemon()
2025 Feb 11 03:02:48.888693 sonic INFO featured[14552]:              ^^^^^^^^^^^^^^^
2025 Feb 11 03:02:48.888720 sonic INFO featured[14552]:   File "/usr/local/bin/featured", line 529, in __init__
2025 Feb 11 03:02:48.888772 sonic INFO featured[14552]:     self.feature_handler = FeatureHandler(self.config_db, feature_state_table, self.device_config, self.advanced_boot)
2025 Feb 11 03:02:48.888825 sonic INFO featured[14552]:                            ^^^^^^^^^^^^^^^^^^^^^^^^^^^^^^^^^^^^^^^^^^^^^^^^^^^^^^^^^^^^^^^^^^^^^^^^^^^^^^^^^^^^^^^^^^^
2025 Feb 11 03:02:48.888869 sonic INFO featured[14552]:   File "/usr/local/bin/featured", line 136, in __init__
2025 Feb 11 03:02:48.888921 sonic INFO featured[14552]:     self._device_running_config = device_info.get_device_runtime_metadata()
2025 Feb 11 03:02:48.888964 sonic INFO featured[14552]:                                   ^^^^^^^^^^^^^^^^^^^^^^^^^^^^^^^^^^^^^^^^^
2025 Feb 11 03:02:48.889006 sonic INFO featured[14552]:   File "/usr/local/lib/python3.11/dist-packages/sonic_py_common/device_info.py", line 680, in get_device_runtime_metadata
2025 Feb 11 03:02:48.889060 sonic INFO featured[14552]:     port_metadata = {'ETHERNET_PORTS_PRESENT': True if get_path_to_port_config_file(hwsku=None, asic="0" if is_multi_npu() else None) else False}
2025 Feb 11 03:02:48.889104 sonic INFO featured[14552]:                                                        ^^^^^^^^^^^^^^^^^^^^^^^^^^^^^^^^^^^^^^^^^^^^^^^^^^^^^^^^^^^^^^^^^^^^^^^^^^^^^^
2025 Feb 11 03:02:48.889146 sonic INFO featured[14552]:   File "/usr/local/lib/python3.11/dist-packages/sonic_py_common/device_info.py", line 446, in get_path_to_port_config_file
2025 Feb 11 03:02:48.889204 sonic INFO featured[14552]:     (platform_path, hwsku_path) = get_paths_to_platform_and_hwsku_dirs()
2025 Feb 11 03:02:48.889251 sonic INFO featured[14552]:                                   ^^^^^^^^^^^^^^^^^^^^^^^^^^^^^^^^^^^^^^
2025 Feb 11 03:02:48.889297 sonic INFO featured[14552]:   File "/usr/local/lib/python3.11/dist-packages/sonic_py_common/device_info.py", line 412, in get_paths_to_platform_and_hwsku_dirs
2025 Feb 11 03:02:48.889366 sonic INFO featured[14552]:     hwsku_path = os.path.join(platform_path, hwsku)
2025 Feb 11 03:02:48.889421 sonic INFO featured[14552]:                  ^^^^^^^^^^^^^^^^^^^^^^^^^^^^^^^^^^
2025 Feb 11 03:02:48.889463 sonic INFO featured[14552]:   File "<frozen posixpath>", line 90, in join
2025 Feb 11 03:02:48.889548 sonic INFO featured[14552]:   File "<frozen genericpath>", line 152, in _check_arg_types
2025 Feb 11 03:02:48.889589 sonic INFO featured[14552]: TypeError: join() argument must be str, bytes, or os.PathLike object, not 'NoneType'
2025 Feb 11 03:02:48.908363 sonic NOTICE systemd[1]: featured.service: Main process exited, code=exited, status=1/FAILURE
2025 Feb 11 03:02:48.909068 sonic WARNING systemd[1]: featured.service: Failed with result 'exit-code'.
2025 Feb 11 03:02:48.946770 sonic INFO systemd[1]: Started featured.service - Feature configuration daemon.
2025 Feb 11 03:02:49.090805 sonic INFO featured: ConfigDB connect success
2025 Feb 11 03:02:49.094764 sonic INFO featured[14553]: Traceback (most recent call last):
2025 Feb 11 03:02:49.094815 sonic INFO featured[14553]:   File "/usr/local/bin/featured", line 598, in <module>
2025 Feb 11 03:02:49.094915 sonic INFO featured[14553]:     main()
2025 Feb 11 03:02:49.094963 sonic INFO featured[14553]:   File "/usr/local/bin/featured", line 591, in main
2025 Feb 11 03:02:49.095073 sonic INFO featured[14553]:     daemon = FeatureDaemon()
2025 Feb 11 03:02:49.095105 sonic INFO featured[14553]:              ^^^^^^^^^^^^^^^
2025 Feb 11 03:02:49.095127 sonic INFO featured[14553]:   File "/usr/local/bin/featured", line 529, in __init__
2025 Feb 11 03:02:49.095186 sonic INFO featured[14553]:     self.feature_handler = FeatureHandler(self.config_db, feature_state_table, self.device_config, self.advanced_boot)
2025 Feb 11 03:02:49.095219 sonic INFO featured[14553]:                            ^^^^^^^^^^^^^^^^^^^^^^^^^^^^^^^^^^^^^^^^^^^^^^^^^^^^^^^^^^^^^^^^^^^^^^^^^^^^^^^^^^^^^^^^^^^
2025 Feb 11 03:02:49.095236 sonic INFO featured[14553]:   File "/usr/local/bin/featured", line 136, in __init__
2025 Feb 11 03:02:49.095284 sonic INFO featured[14553]:     self._device_running_config = device_info.get_device_runtime_metadata()
2025 Feb 11 03:02:49.095333 sonic INFO featured[14553]:                                   ^^^^^^^^^^^^^^^^^^^^^^^^^^^^^^^^^^^^^^^^^
2025 Feb 11 03:02:49.095359 sonic INFO featured[14553]:   File "/usr/local/lib/python3.11/dist-packages/sonic_py_common/device_info.py", line 680, in get_device_runtime_metadata
2025 Feb 11 03:02:49.095485 sonic INFO featured[14553]:     port_metadata = {'ETHERNET_PORTS_PRESENT': True if get_path_to_port_config_file(hwsku=None, asic="0" if is_multi_npu() else None) else False}
2025 Feb 11 03:02:49.095524 sonic INFO featured[14553]:                                                        ^^^^^^^^^^^^^^^^^^^^^^^^^^^^^^^^^^^^^^^^^^^^^^^^^^^^^^^^^^^^^^^^^^^^^^^^^^^^^^
2025 Feb 11 03:02:49.095542 sonic INFO featured[14553]:   File "/usr/local/lib/python3.11/dist-packages/sonic_py_common/device_info.py", line 446, in get_path_to_port_config_file
2025 Feb 11 03:02:49.095608 sonic INFO featured[14553]:     (platform_path, hwsku_path) = get_paths_to_platform_and_hwsku_dirs()
2025 Feb 11 03:02:49.095640 sonic INFO featured[14553]:                                   ^^^^^^^^^^^^^^^^^^^^^^^^^^^^^^^^^^^^^^
2025 Feb 11 03:02:49.095665 sonic INFO featured[14553]:   File "/usr/local/lib/python3.11/dist-packages/sonic_py_common/device_info.py", line 412, in get_paths_to_platform_and_hwsku_dirs
2025 Feb 11 03:02:49.095717 sonic INFO featured[14553]:     hwsku_path = os.path.join(platform_path, hwsku)
2025 Feb 11 03:02:49.095755 sonic INFO featured[14553]:                  ^^^^^^^^^^^^^^^^^^^^^^^^^^^^^^^^^^
2025 Feb 11 03:02:49.095780 sonic INFO featured[14553]:   File "<frozen posixpath>", line 90, in join
2025 Feb 11 03:02:49.095805 sonic INFO featured[14553]:   File "<frozen genericpath>", line 152, in _check_arg_types
2025 Feb 11 03:02:49.095829 sonic INFO featured[14553]: TypeError: join() argument must be str, bytes, or os.PathLike object, not 'NoneType'
2025 Feb 11 03:02:49.114175 sonic NOTICE systemd[1]: featured.service: Main process exited, code=exited, status=1/FAILURE
2025 Feb 11 03:02:49.114339 sonic WARNING systemd[1]: featured.service: Failed with result 'exit-code'.
2025 Feb 11 03:02:49.134593 sonic INFO systemd[1]: Started featured.service - Feature configuration daemon.
2025 Feb 11 03:02:49.276492 sonic INFO featured: ConfigDB connect success
2025 Feb 11 03:02:49.280442 sonic INFO featured[14555]: Traceback (most recent call last):
2025 Feb 11 03:02:49.280492 sonic INFO featured[14555]:   File "/usr/local/bin/featured", line 598, in <module>
2025 Feb 11 03:02:49.280603 sonic INFO featured[14555]:     main()
2025 Feb 11 03:02:49.280642 sonic INFO featured[14555]:   File "/usr/local/bin/featured", line 591, in main
2025 Feb 11 03:02:49.280764 sonic INFO featured[14555]:     daemon = FeatureDaemon()
2025 Feb 11 03:02:49.280804 sonic INFO featured[14555]:              ^^^^^^^^^^^^^^^
2025 Feb 11 03:02:49.280820 sonic INFO featured[14555]:   File "/usr/local/bin/featured", line 529, in __init__
2025 Feb 11 03:02:49.280883 sonic INFO featured[14555]:     self.feature_handler = FeatureHandler(self.config_db, feature_state_table, self.device_config, self.advanced_boot)
2025 Feb 11 03:02:49.280924 sonic INFO featured[14555]:                            ^^^^^^^^^^^^^^^^^^^^^^^^^^^^^^^^^^^^^^^^^^^^^^^^^^^^^^^^^^^^^^^^^^^^^^^^^^^^^^^^^^^^^^^^^^^
2025 Feb 11 03:02:49.280941 sonic INFO featured[14555]:   File "/usr/local/bin/featured", line 136, in __init__
2025 Feb 11 03:02:49.280980 sonic INFO featured[14555]:     self._device_running_config = device_info.get_device_runtime_metadata()
2025 Feb 11 03:02:49.281012 sonic INFO featured[14555]:                                   ^^^^^^^^^^^^^^^^^^^^^^^^^^^^^^^^^^^^^^^^^
2025 Feb 11 03:02:49.281037 sonic INFO featured[14555]:   File "/usr/local/lib/python3.11/dist-packages/sonic_py_common/device_info.py", line 680, in get_device_runtime_metadata
2025 Feb 11 03:02:49.281144 sonic INFO featured[14555]:     port_metadata = {'ETHERNET_PORTS_PRESENT': True if get_path_to_port_config_file(hwsku=None, asic="0" if is_multi_npu() else None) else False}
2025 Feb 11 03:02:49.281182 sonic INFO featured[14555]:                                                        ^^^^^^^^^^^^^^^^^^^^^^^^^^^^^^^^^^^^^^^^^^^^^^^^^^^^^^^^^^^^^^^^^^^^^^^^^^^^^^
2025 Feb 11 03:02:49.281200 sonic INFO featured[14555]:   File "/usr/local/lib/python3.11/dist-packages/sonic_py_common/device_info.py", line 446, in get_path_to_port_config_file
2025 Feb 11 03:02:49.281269 sonic INFO featured[14555]:     (platform_path, hwsku_path) = get_paths_to_platform_and_hwsku_dirs()
2025 Feb 11 03:02:49.281301 sonic INFO featured[14555]:                                   ^^^^^^^^^^^^^^^^^^^^^^^^^^^^^^^^^^^^^^
2025 Feb 11 03:02:49.281351 sonic INFO featured[14555]:   File "/usr/local/lib/python3.11/dist-packages/sonic_py_common/device_info.py", line 412, in get_paths_to_platform_and_hwsku_dirs
2025 Feb 11 03:02:49.281428 sonic INFO featured[14555]:     hwsku_path = os.path.join(platform_path, hwsku)
2025 Feb 11 03:02:49.281460 sonic INFO featured[14555]:                  ^^^^^^^^^^^^^^^^^^^^^^^^^^^^^^^^^^
2025 Feb 11 03:02:49.281535 sonic INFO featured[14555]:   File "<frozen posixpath>", line 90, in join
2025 Feb 11 03:02:49.281575 sonic INFO featured[14555]:   File "<frozen genericpath>", line 152, in _check_arg_types
2025 Feb 11 03:02:49.281606 sonic INFO featured[14555]: TypeError: join() argument must be str, bytes, or os.PathLike object, not 'NoneType'
2025 Feb 11 03:02:49.299625 sonic NOTICE systemd[1]: featured.service: Main process exited, code=exited, status=1/FAILURE
2025 Feb 11 03:02:49.299770 sonic WARNING systemd[1]: featured.service: Failed with result 'exit-code'.
2025 Feb 11 03:02:49.301461 sonic WARNING systemd[1]: featured.service: Start request repeated too quickly.
2025 Feb 11 03:02:49.301591 sonic WARNING systemd[1]: featured.service: Failed with result 'exit-code'.
2025 Feb 11 03:02:49.301663 sonic ERR systemd[1]: Failed to start featured.service - Feature configuration daemon.
2025 Feb 11 03:02:53.278046 sonic WARNING systemd[1]: featured.service: Start request repeated too quickly.
2025 Feb 11 03:02:53.278218 sonic WARNING systemd[1]: featured.service: Failed with result 'exit-code'.
2025 Feb 11 03:02:53.278249 sonic ERR systemd[1]: Failed to start featured.service - Feature configuration daemon.
2025 Feb 11 03:02:53.278828 sonic WARNING systemd[1]: featured.service: Start request repeated too quickly.
2025 Feb 11 03:02:53.278874 sonic WARNING systemd[1]: featured.service: Failed with result 'exit-code'.
2025 Feb 11 03:02:53.278902 sonic ERR systemd[1]: Failed to start featured.service - Feature configuration daemon.
2025 Feb 11 03:02:53.527553 sonic INFO systemd[1]: caclmgrd.service: Scheduled restart job, restart counter is at 71.
2025 Feb 11 03:02:53.527875 sonic INFO systemd[1]: Stopped caclmgrd.service - Control Plane ACL configuration daemon.
2025 Feb 11 03:02:53.563719 sonic INFO systemd[1]: Started caclmgrd.service - Control Plane ACL configuration daemon.
2025 Feb 11 03:02:53.564523 sonic WARNING systemd[1]: featured.service: Start request repeated too quickly.
2025 Feb 11 03:02:53.564657 sonic WARNING systemd[1]: featured.service: Failed with result 'exit-code'.
2025 Feb 11 03:02:53.564732 sonic ERR systemd[1]: Failed to start featured.service - Feature configuration daemon.
2025 Feb 11 03:02:53.566926 sonic WARNING systemd[1]: featured.service: Start request repeated too quickly.
2025 Feb 11 03:02:53.567036 sonic WARNING systemd[1]: featured.service: Failed with result 'exit-code'.
2025 Feb 11 03:02:53.567103 sonic ERR systemd[1]: Failed to start featured.service - Feature configuration daemon.
2025 Feb 11 03:02:53.683741 sonic INFO caclmgrd[14572]: Traceback (most recent call last):
2025 Feb 11 03:02:53.684024 sonic INFO caclmgrd[14572]:   File "/usr/local/bin/caclmgrd", line 1146, in <module>
2025 Feb 11 03:02:53.684168 sonic INFO caclmgrd[14572]:     main()
2025 Feb 11 03:02:53.684222 sonic INFO caclmgrd[14572]:   File "/usr/local/bin/caclmgrd", line 1137, in main
2025 Feb 11 03:02:53.684264 sonic INFO caclmgrd[14572]:     caclmgr = ControlPlaneAclManager(SYSLOG_IDENTIFIER)
2025 Feb 11 03:02:53.684338 sonic INFO caclmgrd[14572]:               ^^^^^^^^^^^^^^^^^^^^^^^^^^^^^^^^^^^^^^^^^
2025 Feb 11 03:02:53.684383 sonic INFO caclmgrd[14572]:   File "/usr/local/bin/caclmgrd", line 156, in __init__
2025 Feb 11 03:02:53.684424 sonic INFO caclmgrd[14572]:     if 'subtype' in metadata['localhost'] and metadata['localhost']['subtype'] == 'DualToR':
2025 Feb 11 03:02:53.684467 sonic INFO caclmgrd[14572]:                     ~~~~~~~~^^^^^^^^^^^^^
2025 Feb 11 03:02:53.684507 sonic INFO caclmgrd[14572]: KeyError: 'localhost'
2025 Feb 11 03:02:53.703689 sonic NOTICE systemd[1]: caclmgrd.service: Main process exited, code=exited, status=1/FAILURE
2025 Feb 11 03:02:53.703784 sonic WARNING systemd[1]: caclmgrd.service: Failed with result 'exit-code'.
2025 Feb 11 03:02:53.705438 sonic WARNING systemd[1]: featured.service: Start request repeated too quickly.
2025 Feb 11 03:02:53.705534 sonic WARNING systemd[1]: featured.service: Failed with result 'exit-code'.
2025 Feb 11 03:02:53.705586 sonic ERR systemd[1]: Failed to start featured.service - Feature configuration daemon.
2025 Feb 11 03:02:53.771646 sonic WARNING systemd[1]: featured.service: Start request repeated too quickly.
2025 Feb 11 03:02:53.771871 sonic WARNING systemd[1]: featured.service: Failed with result 'exit-code'.
2025 Feb 11 03:02:53.771945 sonic ERR systemd[1]: Failed to start featured.service - Feature configuration daemon.
2025 Feb 11 03:02:55.065624 sonic ERR monit[828]: 'container_checker' status failed (4) -- Unexpected running containers: macsec3, macsec2, database, bgp3, bgp0, database0, bgp2, database2, macsec1, database3, eventd, database1, bgp1, macsec0
2025 Feb 11 03:02:55.168658 sonic DEBUG mgmt_oper_status.py: No management interface found
2025 Feb 11 03:02:55.331666 sonic WARNING systemd[1]: featured.service: Start request repeated too quickly.
2025 Feb 11 03:02:55.331764 sonic WARNING systemd[1]: featured.service: Failed with result 'exit-code'.
2025 Feb 11 03:02:55.331802 sonic ERR systemd[1]: Failed to start featured.service - Feature configuration daemon.
2025 Feb 11 03:02:55.333776 sonic WARNING systemd[1]: featured.service: Start request repeated too quickly.
2025 Feb 11 03:02:55.333838 sonic WARNING systemd[1]: featured.service: Failed with result 'exit-code'.
2025 Feb 11 03:02:55.333866 sonic ERR systemd[1]: Failed to start featured.service - Feature configuration daemon.
2025 Feb 11 03:02:55.336693 sonic WARNING systemd[1]: featured.service: Start request repeated too quickly.
2025 Feb 11 03:02:55.336783 sonic WARNING systemd[1]: featured.service: Failed with result 'exit-code'.
2025 Feb 11 03:02:55.336810 sonic ERR systemd[1]: Failed to start featured.service - Feature configuration daemon.
2025 Feb 11 03:02:55.338827 sonic WARNING systemd[1]: featured.service: Start request repeated too quickly.
2025 Feb 11 03:02:55.338902 sonic WARNING systemd[1]: featured.service: Failed with result 'exit-code'.
2025 Feb 11 03:02:55.338934 sonic ERR systemd[1]: Failed to start featured.service - Feature configuration daemon.
2025 Feb 11 03:02:55.362178 sonic WARNING systemd[1]: featured.service: Start request repeated too quickly.
2025 Feb 11 03:02:55.362271 sonic WARNING systemd[1]: featured.service: Failed with result 'exit-code'.
2025 Feb 11 03:02:55.362338 sonic ERR systemd[1]: Failed to start featured.service - Feature configuration daemon.
2025 Feb 11 03:02:55.364105 sonic WARNING systemd[1]: featured.service: Start request repeated too quickly.
2025 Feb 11 03:02:55.364213 sonic WARNING systemd[1]: featured.service: Failed with result 'exit-code'.
2025 Feb 11 03:02:55.364283 sonic ERR systemd[1]: Failed to start featured.service - Feature configuration daemon.
2025 Feb 11 03:02:55.393974 sonic INFO memory_checker: [memory_checker] Exits without checking memory usage since container 'bmp' is not running!
2025 Feb 11 03:02:55.395678 sonic INFO memory_checker: [memory_checker] Exits without checking memory usage since container 'gnmi' is not running!
2025 Feb 11 03:02:55.409549 sonic INFO memory_checker: [memory_checker] Exits without checking memory usage since container 'snmp' is not running!
2025 Feb 11 03:02:58.281050 sonic WARNING systemd[1]: featured.service: Start request repeated too quickly.
2025 Feb 11 03:02:58.281515 sonic WARNING systemd[1]: featured.service: Failed with result 'exit-code'.
2025 Feb 11 03:02:58.281595 sonic ERR systemd[1]: Failed to start featured.service - Feature configuration daemon.
2025 Feb 11 03:03:09.815079 sonic INFO systemd[1]: Started featured.service - Feature configuration daemon.
2025 Feb 11 03:03:09.973566 sonic INFO featured: ConfigDB connect success
2025 Feb 11 03:03:09.977509 sonic INFO featured[14668]: Traceback (most recent call last):
2025 Feb 11 03:03:09.977578 sonic INFO featured[14668]:   File "/usr/local/bin/featured", line 598, in <module>
2025 Feb 11 03:03:09.977708 sonic INFO featured[14668]:     main()
2025 Feb 11 03:03:09.977747 sonic INFO featured[14668]:   File "/usr/local/bin/featured", line 591, in main
2025 Feb 11 03:03:09.977876 sonic INFO featured[14668]:     daemon = FeatureDaemon()
2025 Feb 11 03:03:09.977914 sonic INFO featured[14668]:              ^^^^^^^^^^^^^^^
2025 Feb 11 03:03:09.977930 sonic INFO featured[14668]:   File "/usr/local/bin/featured", line 529, in __init__
2025 Feb 11 03:03:09.978009 sonic INFO featured[14668]:     self.feature_handler = FeatureHandler(self.config_db, feature_state_table, self.device_config, self.advanced_boot)
2025 Feb 11 03:03:09.978047 sonic INFO featured[14668]:                            ^^^^^^^^^^^^^^^^^^^^^^^^^^^^^^^^^^^^^^^^^^^^^^^^^^^^^^^^^^^^^^^^^^^^^^^^^^^^^^^^^^^^^^^^^^^
2025 Feb 11 03:03:09.978064 sonic INFO featured[14668]:   File "/usr/local/bin/featured", line 136, in __init__
2025 Feb 11 03:03:09.978094 sonic INFO featured[14668]:     self._device_running_config = device_info.get_device_runtime_metadata()
2025 Feb 11 03:03:09.978124 sonic INFO featured[14668]:                                   ^^^^^^^^^^^^^^^^^^^^^^^^^^^^^^^^^^^^^^^^^
2025 Feb 11 03:03:09.978153 sonic INFO featured[14668]:   File "/usr/local/lib/python3.11/dist-packages/sonic_py_common/device_info.py", line 680, in get_device_runtime_metadata
2025 Feb 11 03:03:09.978256 sonic INFO featured[14668]:     port_metadata = {'ETHERNET_PORTS_PRESENT': True if get_path_to_port_config_file(hwsku=None, asic="0" if is_multi_npu() else None) else False}
2025 Feb 11 03:03:09.978309 sonic INFO featured[14668]:                                                        ^^^^^^^^^^^^^^^^^^^^^^^^^^^^^^^^^^^^^^^^^^^^^^^^^^^^^^^^^^^^^^^^^^^^^^^^^^^^^^
2025 Feb 11 03:03:09.978335 sonic INFO featured[14668]:   File "/usr/local/lib/python3.11/dist-packages/sonic_py_common/device_info.py", line 446, in get_path_to_port_config_file
2025 Feb 11 03:03:09.978407 sonic INFO featured[14668]:     (platform_path, hwsku_path) = get_paths_to_platform_and_hwsku_dirs()
2025 Feb 11 03:03:09.978439 sonic INFO featured[14668]:                                   ^^^^^^^^^^^^^^^^^^^^^^^^^^^^^^^^^^^^^^
2025 Feb 11 03:03:09.978464 sonic INFO featured[14668]:   File "/usr/local/lib/python3.11/dist-packages/sonic_py_common/device_info.py", line 412, in get_paths_to_platform_and_hwsku_dirs
2025 Feb 11 03:03:09.978515 sonic INFO featured[14668]:     hwsku_path = os.path.join(platform_path, hwsku)
2025 Feb 11 03:03:09.978549 sonic INFO featured[14668]:                  ^^^^^^^^^^^^^^^^^^^^^^^^^^^^^^^^^^
2025 Feb 11 03:03:09.978573 sonic INFO featured[14668]:   File "<frozen posixpath>", line 90, in join
2025 Feb 11 03:03:09.978597 sonic INFO featured[14668]:   File "<frozen genericpath>", line 152, in _check_arg_types
2025 Feb 11 03:03:09.978623 sonic INFO featured[14668]: TypeError: join() argument must be str, bytes, or os.PathLike object, not 'NoneType'
2025 Feb 11 03:03:10.014234 sonic NOTICE systemd[1]: featured.service: Main process exited, code=exited, status=1/FAILURE
2025 Feb 11 03:03:10.014388 sonic WARNING systemd[1]: featured.service: Failed with result 'exit-code'.
2025 Feb 11 03:03:10.055885 sonic INFO systemd[1]: Started featured.service - Feature configuration daemon.
2025 Feb 11 03:03:10.225914 sonic INFO featured: ConfigDB connect success
2025 Feb 11 03:03:10.230445 sonic INFO featured[14669]: Traceback (most recent call last):
2025 Feb 11 03:03:10.230515 sonic INFO featured[14669]:   File "/usr/local/bin/featured", line 598, in <module>
2025 Feb 11 03:03:10.230652 sonic INFO featured[14669]:     main()
2025 Feb 11 03:03:10.230692 sonic INFO featured[14669]:   File "/usr/local/bin/featured", line 591, in main
2025 Feb 11 03:03:10.230812 sonic INFO featured[14669]:     daemon = FeatureDaemon()
2025 Feb 11 03:03:10.230845 sonic INFO featured[14669]:              ^^^^^^^^^^^^^^^
2025 Feb 11 03:03:10.230867 sonic INFO featured[14669]:   File "/usr/local/bin/featured", line 529, in __init__
2025 Feb 11 03:03:10.230944 sonic INFO featured[14669]:     self.feature_handler = FeatureHandler(self.config_db, feature_state_table, self.device_config, self.advanced_boot)
2025 Feb 11 03:03:10.230982 sonic INFO featured[14669]:                            ^^^^^^^^^^^^^^^^^^^^^^^^^^^^^^^^^^^^^^^^^^^^^^^^^^^^^^^^^^^^^^^^^^^^^^^^^^^^^^^^^^^^^^^^^^^
2025 Feb 11 03:03:10.230999 sonic INFO featured[14669]:   File "/usr/local/bin/featured", line 136, in __init__
2025 Feb 11 03:03:10.231036 sonic INFO featured[14669]:     self._device_running_config = device_info.get_device_runtime_metadata()
2025 Feb 11 03:03:10.231068 sonic INFO featured[14669]:                                   ^^^^^^^^^^^^^^^^^^^^^^^^^^^^^^^^^^^^^^^^^
2025 Feb 11 03:03:10.231094 sonic INFO featured[14669]:   File "/usr/local/lib/python3.11/dist-packages/sonic_py_common/device_info.py", line 680, in get_device_runtime_metadata
2025 Feb 11 03:03:10.231206 sonic INFO featured[14669]:     port_metadata = {'ETHERNET_PORTS_PRESENT': True if get_path_to_port_config_file(hwsku=None, asic="0" if is_multi_npu() else None) else False}
2025 Feb 11 03:03:10.231252 sonic INFO featured[14669]:                                                        ^^^^^^^^^^^^^^^^^^^^^^^^^^^^^^^^^^^^^^^^^^^^^^^^^^^^^^^^^^^^^^^^^^^^^^^^^^^^^^
2025 Feb 11 03:03:10.231269 sonic INFO featured[14669]:   File "/usr/local/lib/python3.11/dist-packages/sonic_py_common/device_info.py", line 446, in get_path_to_port_config_file
2025 Feb 11 03:03:10.231408 sonic INFO featured[14669]:     (platform_path, hwsku_path) = get_paths_to_platform_and_hwsku_dirs()
2025 Feb 11 03:03:10.231450 sonic INFO featured[14669]:                                   ^^^^^^^^^^^^^^^^^^^^^^^^^^^^^^^^^^^^^^
2025 Feb 11 03:03:10.231467 sonic INFO featured[14669]:   File "/usr/local/lib/python3.11/dist-packages/sonic_py_common/device_info.py", line 412, in get_paths_to_platform_and_hwsku_dirs
2025 Feb 11 03:03:10.231537 sonic INFO featured[14669]:     hwsku_path = os.path.join(platform_path, hwsku)
2025 Feb 11 03:03:10.231559 sonic INFO featured[14669]:                  ^^^^^^^^^^^^^^^^^^^^^^^^^^^^^^^^^^
2025 Feb 11 03:03:10.231581 sonic INFO featured[14669]:   File "<frozen posixpath>", line 90, in join
2025 Feb 11 03:03:10.231597 sonic INFO featured[14669]:   File "<frozen genericpath>", line 152, in _check_arg_types
2025 Feb 11 03:03:10.231641 sonic INFO featured[14669]: TypeError: join() argument must be str, bytes, or os.PathLike object, not 'NoneType'
2025 Feb 11 03:03:10.251868 sonic NOTICE systemd[1]: featured.service: Main process exited, code=exited, status=1/FAILURE
2025 Feb 11 03:03:10.252001 sonic WARNING systemd[1]: featured.service: Failed with result 'exit-code'.
2025 Feb 11 03:03:10.282625 sonic INFO systemd[1]: Started featured.service - Feature configuration daemon.
2025 Feb 11 03:03:10.461876 sonic INFO featured: ConfigDB connect success
2025 Feb 11 03:03:10.475113 sonic INFO featured[14670]: Traceback (most recent call last):
2025 Feb 11 03:03:10.475570 sonic INFO featured[14670]:   File "/usr/local/bin/featured", line 598, in <module>
2025 Feb 11 03:03:10.475671 sonic INFO featured[14670]:     main()
2025 Feb 11 03:03:10.475713 sonic INFO featured[14670]:   File "/usr/local/bin/featured", line 591, in main
2025 Feb 11 03:03:10.475729 sonic INFO featured[14670]:     daemon = FeatureDaemon()
2025 Feb 11 03:03:10.475763 sonic INFO featured[14670]:              ^^^^^^^^^^^^^^^
2025 Feb 11 03:03:10.475796 sonic INFO featured[14670]:   File "/usr/local/bin/featured", line 529, in __init__
2025 Feb 11 03:03:10.475843 sonic INFO featured[14670]:     self.feature_handler = FeatureHandler(self.config_db, feature_state_table, self.device_config, self.advanced_boot)
2025 Feb 11 03:03:10.475882 sonic INFO featured[14670]:                            ^^^^^^^^^^^^^^^^^^^^^^^^^^^^^^^^^^^^^^^^^^^^^^^^^^^^^^^^^^^^^^^^^^^^^^^^^^^^^^^^^^^^^^^^^^^
2025 Feb 11 03:03:10.475917 sonic INFO featured[14670]:   File "/usr/local/bin/featured", line 136, in __init__
2025 Feb 11 03:03:10.475948 sonic INFO featured[14670]:     self._device_running_config = device_info.get_device_runtime_metadata()
2025 Feb 11 03:03:10.475971 sonic INFO featured[14670]:                                   ^^^^^^^^^^^^^^^^^^^^^^^^^^^^^^^^^^^^^^^^^
2025 Feb 11 03:03:10.476005 sonic INFO featured[14670]:   File "/usr/local/lib/python3.11/dist-packages/sonic_py_common/device_info.py", line 680, in get_device_runtime_metadata
2025 Feb 11 03:03:10.476045 sonic INFO featured[14670]:     port_metadata = {'ETHERNET_PORTS_PRESENT': True if get_path_to_port_config_file(hwsku=None, asic="0" if is_multi_npu() else None) else False}
2025 Feb 11 03:03:10.476114 sonic INFO featured[14670]:                                                        ^^^^^^^^^^^^^^^^^^^^^^^^^^^^^^^^^^^^^^^^^^^^^^^^^^^^^^^^^^^^^^^^^^^^^^^^^^^^^^
2025 Feb 11 03:03:10.476155 sonic INFO featured[14670]:   File "/usr/local/lib/python3.11/dist-packages/sonic_py_common/device_info.py", line 446, in get_path_to_port_config_file
2025 Feb 11 03:03:10.476205 sonic INFO featured[14670]:     (platform_path, hwsku_path) = get_paths_to_platform_and_hwsku_dirs()
2025 Feb 11 03:03:10.476239 sonic INFO featured[14670]:                                   ^^^^^^^^^^^^^^^^^^^^^^^^^^^^^^^^^^^^^^
2025 Feb 11 03:03:10.476255 sonic INFO featured[14670]:   File "/usr/local/lib/python3.11/dist-packages/sonic_py_common/device_info.py", line 412, in get_paths_to_platform_and_hwsku_dirs
2025 Feb 11 03:03:10.476332 sonic INFO featured[14670]:     hwsku_path = os.path.join(platform_path, hwsku)
2025 Feb 11 03:03:10.476368 sonic INFO featured[14670]:                  ^^^^^^^^^^^^^^^^^^^^^^^^^^^^^^^^^^
2025 Feb 11 03:03:10.476384 sonic INFO featured[14670]:   File "<frozen posixpath>", line 90, in join
2025 Feb 11 03:03:10.476399 sonic INFO featured[14670]:   File "<frozen genericpath>", line 152, in _check_arg_types
2025 Feb 11 03:03:10.476435 sonic INFO featured[14670]: TypeError: join() argument must be str, bytes, or os.PathLike object, not 'NoneType'
2025 Feb 11 03:03:10.499642 sonic NOTICE systemd[1]: featured.service: Main process exited, code=exited, status=1/FAILURE
2025 Feb 11 03:03:10.499792 sonic WARNING systemd[1]: featured.service: Failed with result 'exit-code'.
2025 Feb 11 03:03:10.522585 sonic INFO systemd[1]: Started featured.service - Feature configuration daemon.
2025 Feb 11 03:03:10.727426 sonic INFO featured: ConfigDB connect success
2025 Feb 11 03:03:10.734645 sonic INFO featured[14671]: Traceback (most recent call last):
2025 Feb 11 03:03:10.734731 sonic INFO featured[14671]:   File "/usr/local/bin/featured", line 598, in <module>
2025 Feb 11 03:03:10.734772 sonic INFO featured[14671]:     main()
2025 Feb 11 03:03:10.734832 sonic INFO featured[14671]:   File "/usr/local/bin/featured", line 591, in main
2025 Feb 11 03:03:10.734981 sonic INFO featured[14671]:     daemon = FeatureDaemon()
2025 Feb 11 03:03:10.735014 sonic INFO featured[14671]:              ^^^^^^^^^^^^^^^
2025 Feb 11 03:03:10.735038 sonic INFO featured[14671]:   File "/usr/local/bin/featured", line 529, in __init__
2025 Feb 11 03:03:10.735095 sonic INFO featured[14671]:     self.feature_handler = FeatureHandler(self.config_db, feature_state_table, self.device_config, self.advanced_boot)
2025 Feb 11 03:03:10.735156 sonic INFO featured[14671]:                            ^^^^^^^^^^^^^^^^^^^^^^^^^^^^^^^^^^^^^^^^^^^^^^^^^^^^^^^^^^^^^^^^^^^^^^^^^^^^^^^^^^^^^^^^^^^
2025 Feb 11 03:03:10.735183 sonic INFO featured[14671]:   File "/usr/local/bin/featured", line 136, in __init__
2025 Feb 11 03:03:10.735205 sonic INFO featured[14671]:     self._device_running_config = device_info.get_device_runtime_metadata()
2025 Feb 11 03:03:10.735236 sonic INFO featured[14671]:                                   ^^^^^^^^^^^^^^^^^^^^^^^^^^^^^^^^^^^^^^^^^
2025 Feb 11 03:03:10.735253 sonic INFO featured[14671]:   File "/usr/local/lib/python3.11/dist-packages/sonic_py_common/device_info.py", line 680, in get_device_runtime_metadata
2025 Feb 11 03:03:10.735406 sonic INFO featured[14671]:     port_metadata = {'ETHERNET_PORTS_PRESENT': True if get_path_to_port_config_file(hwsku=None, asic="0" if is_multi_npu() else None) else False}
2025 Feb 11 03:03:10.735445 sonic INFO featured[14671]:                                                        ^^^^^^^^^^^^^^^^^^^^^^^^^^^^^^^^^^^^^^^^^^^^^^^^^^^^^^^^^^^^^^^^^^^^^^^^^^^^^^
2025 Feb 11 03:03:10.735481 sonic INFO featured[14671]:   File "/usr/local/lib/python3.11/dist-packages/sonic_py_common/device_info.py", line 446, in get_path_to_port_config_file
2025 Feb 11 03:03:10.735529 sonic INFO featured[14671]:     (platform_path, hwsku_path) = get_paths_to_platform_and_hwsku_dirs()
2025 Feb 11 03:03:10.735560 sonic INFO featured[14671]:                                   ^^^^^^^^^^^^^^^^^^^^^^^^^^^^^^^^^^^^^^
2025 Feb 11 03:03:10.735578 sonic INFO featured[14671]:   File "/usr/local/lib/python3.11/dist-packages/sonic_py_common/device_info.py", line 412, in get_paths_to_platform_and_hwsku_dirs
2025 Feb 11 03:03:10.735640 sonic INFO featured[14671]:     hwsku_path = os.path.join(platform_path, hwsku)
2025 Feb 11 03:03:10.735674 sonic INFO featured[14671]:                  ^^^^^^^^^^^^^^^^^^^^^^^^^^^^^^^^^^
2025 Feb 11 03:03:10.735691 sonic INFO featured[14671]:   File "<frozen posixpath>", line 90, in join
2025 Feb 11 03:03:10.735708 sonic INFO featured[14671]:   File "<frozen genericpath>", line 152, in _check_arg_types
2025 Feb 11 03:03:10.735736 sonic INFO featured[14671]: TypeError: join() argument must be str, bytes, or os.PathLike object, not 'NoneType'
2025 Feb 11 03:03:10.767218 sonic NOTICE systemd[1]: featured.service: Main process exited, code=exited, status=1/FAILURE
2025 Feb 11 03:03:10.767883 sonic WARNING systemd[1]: featured.service: Failed with result 'exit-code'.
2025 Feb 11 03:03:10.803584 sonic INFO systemd[1]: Started featured.service - Feature configuration daemon.
2025 Feb 11 03:03:10.951385 sonic INFO featured: ConfigDB connect success
2025 Feb 11 03:03:10.955307 sonic INFO featured[14674]: Traceback (most recent call last):
2025 Feb 11 03:03:10.955369 sonic INFO featured[14674]:   File "/usr/local/bin/featured", line 598, in <module>
2025 Feb 11 03:03:10.955474 sonic INFO featured[14674]:     main()
2025 Feb 11 03:03:10.955512 sonic INFO featured[14674]:   File "/usr/local/bin/featured", line 591, in main
2025 Feb 11 03:03:10.955652 sonic INFO featured[14674]:     daemon = FeatureDaemon()
2025 Feb 11 03:03:10.955684 sonic INFO featured[14674]:              ^^^^^^^^^^^^^^^
2025 Feb 11 03:03:10.955706 sonic INFO featured[14674]:   File "/usr/local/bin/featured", line 529, in __init__
2025 Feb 11 03:03:10.955784 sonic INFO featured[14674]:     self.feature_handler = FeatureHandler(self.config_db, feature_state_table, self.device_config, self.advanced_boot)
2025 Feb 11 03:03:10.955822 sonic INFO featured[14674]:                            ^^^^^^^^^^^^^^^^^^^^^^^^^^^^^^^^^^^^^^^^^^^^^^^^^^^^^^^^^^^^^^^^^^^^^^^^^^^^^^^^^^^^^^^^^^^
2025 Feb 11 03:03:10.955840 sonic INFO featured[14674]:   File "/usr/local/bin/featured", line 136, in __init__
2025 Feb 11 03:03:10.955862 sonic INFO featured[14674]:     self._device_running_config = device_info.get_device_runtime_metadata()
2025 Feb 11 03:03:10.955886 sonic INFO featured[14674]:                                   ^^^^^^^^^^^^^^^^^^^^^^^^^^^^^^^^^^^^^^^^^
2025 Feb 11 03:03:10.955903 sonic INFO featured[14674]:   File "/usr/local/lib/python3.11/dist-packages/sonic_py_common/device_info.py", line 680, in get_device_runtime_metadata
2025 Feb 11 03:03:10.956024 sonic INFO featured[14674]:     port_metadata = {'ETHERNET_PORTS_PRESENT': True if get_path_to_port_config_file(hwsku=None, asic="0" if is_multi_npu() else None) else False}
2025 Feb 11 03:03:10.956092 sonic INFO featured[14674]:                                                        ^^^^^^^^^^^^^^^^^^^^^^^^^^^^^^^^^^^^^^^^^^^^^^^^^^^^^^^^^^^^^^^^^^^^^^^^^^^^^^
2025 Feb 11 03:03:10.956111 sonic INFO featured[14674]:   File "/usr/local/lib/python3.11/dist-packages/sonic_py_common/device_info.py", line 446, in get_path_to_port_config_file
2025 Feb 11 03:03:10.956132 sonic INFO featured[14674]:     (platform_path, hwsku_path) = get_paths_to_platform_and_hwsku_dirs()
2025 Feb 11 03:03:10.956158 sonic INFO featured[14674]:                                   ^^^^^^^^^^^^^^^^^^^^^^^^^^^^^^^^^^^^^^
2025 Feb 11 03:03:10.956175 sonic INFO featured[14674]:   File "/usr/local/lib/python3.11/dist-packages/sonic_py_common/device_info.py", line 412, in get_paths_to_platform_and_hwsku_dirs
2025 Feb 11 03:03:10.956238 sonic INFO featured[14674]:     hwsku_path = os.path.join(platform_path, hwsku)
2025 Feb 11 03:03:10.956272 sonic INFO featured[14674]:                  ^^^^^^^^^^^^^^^^^^^^^^^^^^^^^^^^^^
2025 Feb 11 03:03:10.956307 sonic INFO featured[14674]:   File "<frozen posixpath>", line 90, in join
2025 Feb 11 03:03:10.956325 sonic INFO featured[14674]:   File "<frozen genericpath>", line 152, in _check_arg_types
2025 Feb 11 03:03:10.956342 sonic INFO featured[14674]: TypeError: join() argument must be str, bytes, or os.PathLike object, not 'NoneType'
2025 Feb 11 03:03:10.975240 sonic NOTICE systemd[1]: featured.service: Main process exited, code=exited, status=1/FAILURE
2025 Feb 11 03:03:10.975335 sonic WARNING systemd[1]: featured.service: Failed with result 'exit-code'.
2025 Feb 11 03:03:10.976870 sonic WARNING systemd[1]: featured.service: Start request repeated too quickly.
2025 Feb 11 03:03:10.976931 sonic WARNING systemd[1]: featured.service: Failed with result 'exit-code'.
2025 Feb 11 03:03:10.976960 sonic ERR systemd[1]: Failed to start featured.service - Feature configuration daemon.
2025 Feb 11 03:03:18.279850 sonic WARNING systemd[1]: featured.service: Start request repeated too quickly.
2025 Feb 11 03:03:18.280325 sonic WARNING systemd[1]: featured.service: Failed with result 'exit-code'.
2025 Feb 11 03:03:18.280449 sonic ERR systemd[1]: Failed to start featured.service - Feature configuration daemon.
2025 Feb 11 03:03:23.298867 sonic INFO systemd[1]: Started featured.service - Feature configuration daemon.
2025 Feb 11 03:03:23.460150 sonic INFO featured: ConfigDB connect success
2025 Feb 11 03:03:23.473856 sonic INFO featured[14704]: Traceback (most recent call last):
2025 Feb 11 03:03:23.474085 sonic INFO featured[14704]:   File "/usr/local/bin/featured", line 598, in <module>
2025 Feb 11 03:03:23.474129 sonic INFO featured[14704]:     main()
2025 Feb 11 03:03:23.474156 sonic INFO featured[14704]:   File "/usr/local/bin/featured", line 591, in main
2025 Feb 11 03:03:23.474191 sonic INFO featured[14704]:     daemon = FeatureDaemon()
2025 Feb 11 03:03:23.474225 sonic INFO featured[14704]:              ^^^^^^^^^^^^^^^
2025 Feb 11 03:03:23.474250 sonic INFO featured[14704]:   File "/usr/local/bin/featured", line 529, in __init__
2025 Feb 11 03:03:23.474331 sonic INFO featured[14704]:     self.feature_handler = FeatureHandler(self.config_db, feature_state_table, self.device_config, self.advanced_boot)
2025 Feb 11 03:03:23.474422 sonic INFO featured[14704]:                            ^^^^^^^^^^^^^^^^^^^^^^^^^^^^^^^^^^^^^^^^^^^^^^^^^^^^^^^^^^^^^^^^^^^^^^^^^^^^^^^^^^^^^^^^^^^
2025 Feb 11 03:03:23.474462 sonic INFO featured[14704]:   File "/usr/local/bin/featured", line 136, in __init__
2025 Feb 11 03:03:23.474486 sonic INFO featured[14704]:     self._device_running_config = device_info.get_device_runtime_metadata()
2025 Feb 11 03:03:23.474513 sonic INFO featured[14704]:                                   ^^^^^^^^^^^^^^^^^^^^^^^^^^^^^^^^^^^^^^^^^
2025 Feb 11 03:03:23.474538 sonic INFO featured[14704]:   File "/usr/local/lib/python3.11/dist-packages/sonic_py_common/device_info.py", line 680, in get_device_runtime_metadata
2025 Feb 11 03:03:23.474648 sonic INFO featured[14704]:     port_metadata = {'ETHERNET_PORTS_PRESENT': True if get_path_to_port_config_file(hwsku=None, asic="0" if is_multi_npu() else None) else False}
2025 Feb 11 03:03:23.474705 sonic INFO featured[14704]:                                                        ^^^^^^^^^^^^^^^^^^^^^^^^^^^^^^^^^^^^^^^^^^^^^^^^^^^^^^^^^^^^^^^^^^^^^^^^^^^^^^
2025 Feb 11 03:03:23.474750 sonic INFO featured[14704]:   File "/usr/local/lib/python3.11/dist-packages/sonic_py_common/device_info.py", line 446, in get_path_to_port_config_file
2025 Feb 11 03:03:23.474797 sonic INFO featured[14704]:     (platform_path, hwsku_path) = get_paths_to_platform_and_hwsku_dirs()
2025 Feb 11 03:03:23.474829 sonic INFO featured[14704]:                                   ^^^^^^^^^^^^^^^^^^^^^^^^^^^^^^^^^^^^^^
2025 Feb 11 03:03:23.474854 sonic INFO featured[14704]:   File "/usr/local/lib/python3.11/dist-packages/sonic_py_common/device_info.py", line 412, in get_paths_to_platform_and_hwsku_dirs
2025 Feb 11 03:03:23.474903 sonic INFO featured[14704]:     hwsku_path = os.path.join(platform_path, hwsku)
2025 Feb 11 03:03:23.474952 sonic INFO featured[14704]:                  ^^^^^^^^^^^^^^^^^^^^^^^^^^^^^^^^^^
2025 Feb 11 03:03:23.474978 sonic INFO featured[14704]:   File "<frozen posixpath>", line 90, in join
2025 Feb 11 03:03:23.475027 sonic INFO featured[14704]:   File "<frozen genericpath>", line 152, in _check_arg_types
2025 Feb 11 03:03:23.475051 sonic INFO featured[14704]: TypeError: join() argument must be str, bytes, or os.PathLike object, not 'NoneType'
2025 Feb 11 03:03:23.496640 sonic NOTICE systemd[1]: featured.service: Main process exited, code=exited, status=1/FAILURE
2025 Feb 11 03:03:23.496771 sonic WARNING systemd[1]: featured.service: Failed with result 'exit-code'.
2025 Feb 11 03:03:23.538605 sonic INFO systemd[1]: Started featured.service - Feature configuration daemon.
2025 Feb 11 03:03:23.691541 sonic INFO featured: ConfigDB connect success
2025 Feb 11 03:03:23.695558 sonic INFO featured[14705]: Traceback (most recent call last):
2025 Feb 11 03:03:23.695604 sonic INFO featured[14705]:   File "/usr/local/bin/featured", line 598, in <module>
2025 Feb 11 03:03:23.695747 sonic INFO featured[14705]:     main()
2025 Feb 11 03:03:23.695794 sonic INFO featured[14705]:   File "/usr/local/bin/featured", line 591, in main
2025 Feb 11 03:03:23.695976 sonic INFO featured[14705]:     daemon = FeatureDaemon()
2025 Feb 11 03:03:23.696015 sonic INFO featured[14705]:              ^^^^^^^^^^^^^^^
2025 Feb 11 03:03:23.696032 sonic INFO featured[14705]:   File "/usr/local/bin/featured", line 529, in __init__
2025 Feb 11 03:03:23.696170 sonic INFO featured[14705]:     self.feature_handler = FeatureHandler(self.config_db, feature_state_table, self.device_config, self.advanced_boot)
2025 Feb 11 03:03:23.696209 sonic INFO featured[14705]:                            ^^^^^^^^^^^^^^^^^^^^^^^^^^^^^^^^^^^^^^^^^^^^^^^^^^^^^^^^^^^^^^^^^^^^^^^^^^^^^^^^^^^^^^^^^^^
2025 Feb 11 03:03:23.696230 sonic INFO featured[14705]:   File "/usr/local/bin/featured", line 136, in __init__
2025 Feb 11 03:03:23.696345 sonic INFO featured[14705]:     self._device_running_config = device_info.get_device_runtime_metadata()
2025 Feb 11 03:03:23.696383 sonic INFO featured[14705]:                                   ^^^^^^^^^^^^^^^^^^^^^^^^^^^^^^^^^^^^^^^^^
2025 Feb 11 03:03:23.696400 sonic INFO featured[14705]:   File "/usr/local/lib/python3.11/dist-packages/sonic_py_common/device_info.py", line 680, in get_device_runtime_metadata
2025 Feb 11 03:03:23.696584 sonic INFO featured[14705]:     port_metadata = {'ETHERNET_PORTS_PRESENT': True if get_path_to_port_config_file(hwsku=None, asic="0" if is_multi_npu() else None) else False}
2025 Feb 11 03:03:23.696629 sonic INFO featured[14705]:                                                        ^^^^^^^^^^^^^^^^^^^^^^^^^^^^^^^^^^^^^^^^^^^^^^^^^^^^^^^^^^^^^^^^^^^^^^^^^^^^^^
2025 Feb 11 03:03:23.696646 sonic INFO featured[14705]:   File "/usr/local/lib/python3.11/dist-packages/sonic_py_common/device_info.py", line 446, in get_path_to_port_config_file
2025 Feb 11 03:03:23.696766 sonic INFO featured[14705]:     (platform_path, hwsku_path) = get_paths_to_platform_and_hwsku_dirs()
2025 Feb 11 03:03:23.696797 sonic INFO featured[14705]:                                   ^^^^^^^^^^^^^^^^^^^^^^^^^^^^^^^^^^^^^^
2025 Feb 11 03:03:23.696819 sonic INFO featured[14705]:   File "/usr/local/lib/python3.11/dist-packages/sonic_py_common/device_info.py", line 412, in get_paths_to_platform_and_hwsku_dirs
2025 Feb 11 03:03:23.696941 sonic INFO featured[14705]:     hwsku_path = os.path.join(platform_path, hwsku)
2025 Feb 11 03:03:23.696988 sonic INFO featured[14705]:                  ^^^^^^^^^^^^^^^^^^^^^^^^^^^^^^^^^^
2025 Feb 11 03:03:23.697020 sonic INFO featured[14705]:   File "<frozen posixpath>", line 90, in join
2025 Feb 11 03:03:23.697037 sonic INFO featured[14705]:   File "<frozen genericpath>", line 152, in _check_arg_types
2025 Feb 11 03:03:23.697064 sonic INFO featured[14705]: TypeError: join() argument must be str, bytes, or os.PathLike object, not 'NoneType'
2025 Feb 11 03:03:23.715495 sonic NOTICE systemd[1]: featured.service: Main process exited, code=exited, status=1/FAILURE
2025 Feb 11 03:03:23.715634 sonic WARNING systemd[1]: featured.service: Failed with result 'exit-code'.
2025 Feb 11 03:03:23.717122 sonic INFO systemd[1]: caclmgrd.service: Scheduled restart job, restart counter is at 72.
2025 Feb 11 03:03:23.718063 sonic INFO systemd[1]: Stopped caclmgrd.service - Control Plane ACL configuration daemon.
2025 Feb 11 03:03:23.750644 sonic INFO systemd[1]: Started caclmgrd.service - Control Plane ACL configuration daemon.
2025 Feb 11 03:03:23.753025 sonic INFO systemd[1]: Started featured.service - Feature configuration daemon.
2025 Feb 11 03:03:23.871328 sonic INFO caclmgrd[14706]: Traceback (most recent call last):
2025 Feb 11 03:03:23.871400 sonic INFO caclmgrd[14706]:   File "/usr/local/bin/caclmgrd", line 1146, in <module>
2025 Feb 11 03:03:23.871431 sonic INFO caclmgrd[14706]:     main()
2025 Feb 11 03:03:23.871448 sonic INFO caclmgrd[14706]:   File "/usr/local/bin/caclmgrd", line 1137, in main
2025 Feb 11 03:03:23.871523 sonic INFO caclmgrd[14706]:     caclmgr = ControlPlaneAclManager(SYSLOG_IDENTIFIER)
2025 Feb 11 03:03:23.871556 sonic INFO caclmgrd[14706]:               ^^^^^^^^^^^^^^^^^^^^^^^^^^^^^^^^^^^^^^^^^
2025 Feb 11 03:03:23.871580 sonic INFO caclmgrd[14706]:   File "/usr/local/bin/caclmgrd", line 156, in __init__
2025 Feb 11 03:03:23.871602 sonic INFO caclmgrd[14706]:     if 'subtype' in metadata['localhost'] and metadata['localhost']['subtype'] == 'DualToR':
2025 Feb 11 03:03:23.871635 sonic INFO caclmgrd[14706]:                     ~~~~~~~~^^^^^^^^^^^^^
2025 Feb 11 03:03:23.871652 sonic INFO caclmgrd[14706]: KeyError: 'localhost'
2025 Feb 11 03:03:23.883695 sonic NOTICE systemd[1]: caclmgrd.service: Main process exited, code=exited, status=1/FAILURE
2025 Feb 11 03:03:23.883833 sonic WARNING systemd[1]: caclmgrd.service: Failed with result 'exit-code'.
2025 Feb 11 03:03:23.893820 sonic INFO featured: ConfigDB connect success
2025 Feb 11 03:03:23.897840 sonic INFO featured[14707]: Traceback (most recent call last):
2025 Feb 11 03:03:23.897883 sonic INFO featured[14707]:   File "/usr/local/bin/featured", line 598, in <module>
2025 Feb 11 03:03:23.897996 sonic INFO featured[14707]:     main()
2025 Feb 11 03:03:23.898034 sonic INFO featured[14707]:   File "/usr/local/bin/featured", line 591, in main
2025 Feb 11 03:03:23.898154 sonic INFO featured[14707]:     daemon = FeatureDaemon()
2025 Feb 11 03:03:23.898193 sonic INFO featured[14707]:              ^^^^^^^^^^^^^^^
2025 Feb 11 03:03:23.898210 sonic INFO featured[14707]:   File "/usr/local/bin/featured", line 529, in __init__
2025 Feb 11 03:03:23.898300 sonic INFO featured[14707]:     self.feature_handler = FeatureHandler(self.config_db, feature_state_table, self.device_config, self.advanced_boot)
2025 Feb 11 03:03:23.898339 sonic INFO featured[14707]:                            ^^^^^^^^^^^^^^^^^^^^^^^^^^^^^^^^^^^^^^^^^^^^^^^^^^^^^^^^^^^^^^^^^^^^^^^^^^^^^^^^^^^^^^^^^^^
2025 Feb 11 03:03:23.898355 sonic INFO featured[14707]:   File "/usr/local/bin/featured", line 136, in __init__
2025 Feb 11 03:03:23.898408 sonic INFO featured[14707]:     self._device_running_config = device_info.get_device_runtime_metadata()
2025 Feb 11 03:03:23.898443 sonic INFO featured[14707]:                                   ^^^^^^^^^^^^^^^^^^^^^^^^^^^^^^^^^^^^^^^^^
2025 Feb 11 03:03:23.898460 sonic INFO featured[14707]:   File "/usr/local/lib/python3.11/dist-packages/sonic_py_common/device_info.py", line 680, in get_device_runtime_metadata
2025 Feb 11 03:03:23.898575 sonic INFO featured[14707]:     port_metadata = {'ETHERNET_PORTS_PRESENT': True if get_path_to_port_config_file(hwsku=None, asic="0" if is_multi_npu() else None) else False}
2025 Feb 11 03:03:23.898614 sonic INFO featured[14707]:                                                        ^^^^^^^^^^^^^^^^^^^^^^^^^^^^^^^^^^^^^^^^^^^^^^^^^^^^^^^^^^^^^^^^^^^^^^^^^^^^^^
2025 Feb 11 03:03:23.898631 sonic INFO featured[14707]:   File "/usr/local/lib/python3.11/dist-packages/sonic_py_common/device_info.py", line 446, in get_path_to_port_config_file
2025 Feb 11 03:03:23.898694 sonic INFO featured[14707]:     (platform_path, hwsku_path) = get_paths_to_platform_and_hwsku_dirs()
2025 Feb 11 03:03:23.898726 sonic INFO featured[14707]:                                   ^^^^^^^^^^^^^^^^^^^^^^^^^^^^^^^^^^^^^^
2025 Feb 11 03:03:23.898743 sonic INFO featured[14707]:   File "/usr/local/lib/python3.11/dist-packages/sonic_py_common/device_info.py", line 412, in get_paths_to_platform_and_hwsku_dirs
2025 Feb 11 03:03:23.898798 sonic INFO featured[14707]:     hwsku_path = os.path.join(platform_path, hwsku)
2025 Feb 11 03:03:23.898830 sonic INFO featured[14707]:                  ^^^^^^^^^^^^^^^^^^^^^^^^^^^^^^^^^^
2025 Feb 11 03:03:23.898847 sonic INFO featured[14707]:   File "<frozen posixpath>", line 90, in join
2025 Feb 11 03:03:23.898862 sonic INFO featured[14707]:   File "<frozen genericpath>", line 152, in _check_arg_types
2025 Feb 11 03:03:23.898884 sonic INFO featured[14707]: TypeError: join() argument must be str, bytes, or os.PathLike object, not 'NoneType'
2025 Feb 11 03:03:23.926212 sonic NOTICE systemd[1]: featured.service: Main process exited, code=exited, status=1/FAILURE
2025 Feb 11 03:03:23.926363 sonic WARNING systemd[1]: featured.service: Failed with result 'exit-code'.
2025 Feb 11 03:03:23.971005 sonic INFO systemd[1]: Started featured.service - Feature configuration daemon.
2025 Feb 11 03:03:24.130360 sonic INFO featured: ConfigDB connect success
2025 Feb 11 03:03:24.135387 sonic INFO featured[14718]: Traceback (most recent call last):
2025 Feb 11 03:03:24.135453 sonic INFO featured[14718]:   File "/usr/local/bin/featured", line 598, in <module>
2025 Feb 11 03:03:24.135591 sonic INFO featured[14718]:     main()
2025 Feb 11 03:03:24.135629 sonic INFO featured[14718]:   File "/usr/local/bin/featured", line 591, in main
2025 Feb 11 03:03:24.135748 sonic INFO featured[14718]:     daemon = FeatureDaemon()
2025 Feb 11 03:03:24.135788 sonic INFO featured[14718]:              ^^^^^^^^^^^^^^^
2025 Feb 11 03:03:24.135805 sonic INFO featured[14718]:   File "/usr/local/bin/featured", line 529, in __init__
2025 Feb 11 03:03:24.135868 sonic INFO featured[14718]:     self.feature_handler = FeatureHandler(self.config_db, feature_state_table, self.device_config, self.advanced_boot)
2025 Feb 11 03:03:24.135915 sonic INFO featured[14718]:                            ^^^^^^^^^^^^^^^^^^^^^^^^^^^^^^^^^^^^^^^^^^^^^^^^^^^^^^^^^^^^^^^^^^^^^^^^^^^^^^^^^^^^^^^^^^^
2025 Feb 11 03:03:24.135941 sonic INFO featured[14718]:   File "/usr/local/bin/featured", line 136, in __init__
2025 Feb 11 03:03:24.135972 sonic INFO featured[14718]:     self._device_running_config = device_info.get_device_runtime_metadata()
2025 Feb 11 03:03:24.136003 sonic INFO featured[14718]:                                   ^^^^^^^^^^^^^^^^^^^^^^^^^^^^^^^^^^^^^^^^^
2025 Feb 11 03:03:24.136027 sonic INFO featured[14718]:   File "/usr/local/lib/python3.11/dist-packages/sonic_py_common/device_info.py", line 680, in get_device_runtime_metadata
2025 Feb 11 03:03:24.136137 sonic INFO featured[14718]:     port_metadata = {'ETHERNET_PORTS_PRESENT': True if get_path_to_port_config_file(hwsku=None, asic="0" if is_multi_npu() else None) else False}
2025 Feb 11 03:03:24.136176 sonic INFO featured[14718]:                                                        ^^^^^^^^^^^^^^^^^^^^^^^^^^^^^^^^^^^^^^^^^^^^^^^^^^^^^^^^^^^^^^^^^^^^^^^^^^^^^^
2025 Feb 11 03:03:24.136219 sonic INFO featured[14718]:   File "/usr/local/lib/python3.11/dist-packages/sonic_py_common/device_info.py", line 446, in get_path_to_port_config_file
2025 Feb 11 03:03:24.136255 sonic INFO featured[14718]:     (platform_path, hwsku_path) = get_paths_to_platform_and_hwsku_dirs()
2025 Feb 11 03:03:24.136307 sonic INFO featured[14718]:                                   ^^^^^^^^^^^^^^^^^^^^^^^^^^^^^^^^^^^^^^
2025 Feb 11 03:03:24.136335 sonic INFO featured[14718]:   File "/usr/local/lib/python3.11/dist-packages/sonic_py_common/device_info.py", line 412, in get_paths_to_platform_and_hwsku_dirs
2025 Feb 11 03:03:24.136403 sonic INFO featured[14718]:     hwsku_path = os.path.join(platform_path, hwsku)
2025 Feb 11 03:03:24.136436 sonic INFO featured[14718]:                  ^^^^^^^^^^^^^^^^^^^^^^^^^^^^^^^^^^
2025 Feb 11 03:03:24.136460 sonic INFO featured[14718]:   File "<frozen posixpath>", line 90, in join
2025 Feb 11 03:03:24.136502 sonic INFO featured[14718]:   File "<frozen genericpath>", line 152, in _check_arg_types
2025 Feb 11 03:03:24.136531 sonic INFO featured[14718]: TypeError: join() argument must be str, bytes, or os.PathLike object, not 'NoneType'
2025 Feb 11 03:03:24.155874 sonic NOTICE systemd[1]: featured.service: Main process exited, code=exited, status=1/FAILURE
2025 Feb 11 03:03:24.156009 sonic WARNING systemd[1]: featured.service: Failed with result 'exit-code'.
2025 Feb 11 03:03:24.178556 sonic INFO systemd[1]: Started featured.service - Feature configuration daemon.
2025 Feb 11 03:03:24.309351 sonic INFO featured: ConfigDB connect success
2025 Feb 11 03:03:24.313292 sonic INFO featured[14719]: Traceback (most recent call last):
2025 Feb 11 03:03:24.313337 sonic INFO featured[14719]:   File "/usr/local/bin/featured", line 598, in <module>
2025 Feb 11 03:03:24.313467 sonic INFO featured[14719]:     main()
2025 Feb 11 03:03:24.313557 sonic INFO featured[14719]:   File "/usr/local/bin/featured", line 591, in main
2025 Feb 11 03:03:24.313681 sonic INFO featured[14719]:     daemon = FeatureDaemon()
2025 Feb 11 03:03:24.313714 sonic INFO featured[14719]:              ^^^^^^^^^^^^^^^
2025 Feb 11 03:03:24.313737 sonic INFO featured[14719]:   File "/usr/local/bin/featured", line 529, in __init__
2025 Feb 11 03:03:24.313796 sonic INFO featured[14719]:     self.feature_handler = FeatureHandler(self.config_db, feature_state_table, self.device_config, self.advanced_boot)
2025 Feb 11 03:03:24.313832 sonic INFO featured[14719]:                            ^^^^^^^^^^^^^^^^^^^^^^^^^^^^^^^^^^^^^^^^^^^^^^^^^^^^^^^^^^^^^^^^^^^^^^^^^^^^^^^^^^^^^^^^^^^
2025 Feb 11 03:03:24.313853 sonic INFO featured[14719]:   File "/usr/local/bin/featured", line 136, in __init__
2025 Feb 11 03:03:24.313901 sonic INFO featured[14719]:     self._device_running_config = device_info.get_device_runtime_metadata()
2025 Feb 11 03:03:24.313932 sonic INFO featured[14719]:                                   ^^^^^^^^^^^^^^^^^^^^^^^^^^^^^^^^^^^^^^^^^
2025 Feb 11 03:03:24.313949 sonic INFO featured[14719]:   File "/usr/local/lib/python3.11/dist-packages/sonic_py_common/device_info.py", line 680, in get_device_runtime_metadata
2025 Feb 11 03:03:24.314063 sonic INFO featured[14719]:     port_metadata = {'ETHERNET_PORTS_PRESENT': True if get_path_to_port_config_file(hwsku=None, asic="0" if is_multi_npu() else None) else False}
2025 Feb 11 03:03:24.314102 sonic INFO featured[14719]:                                                        ^^^^^^^^^^^^^^^^^^^^^^^^^^^^^^^^^^^^^^^^^^^^^^^^^^^^^^^^^^^^^^^^^^^^^^^^^^^^^^
2025 Feb 11 03:03:24.314118 sonic INFO featured[14719]:   File "/usr/local/lib/python3.11/dist-packages/sonic_py_common/device_info.py", line 446, in get_path_to_port_config_file
2025 Feb 11 03:03:24.314183 sonic INFO featured[14719]:     (platform_path, hwsku_path) = get_paths_to_platform_and_hwsku_dirs()
2025 Feb 11 03:03:24.314220 sonic INFO featured[14719]:                                   ^^^^^^^^^^^^^^^^^^^^^^^^^^^^^^^^^^^^^^
2025 Feb 11 03:03:24.314241 sonic INFO featured[14719]:   File "/usr/local/lib/python3.11/dist-packages/sonic_py_common/device_info.py", line 412, in get_paths_to_platform_and_hwsku_dirs
2025 Feb 11 03:03:24.314316 sonic INFO featured[14719]:     hwsku_path = os.path.join(platform_path, hwsku)
2025 Feb 11 03:03:24.314351 sonic INFO featured[14719]:                  ^^^^^^^^^^^^^^^^^^^^^^^^^^^^^^^^^^
2025 Feb 11 03:03:24.314368 sonic INFO featured[14719]:   File "<frozen posixpath>", line 90, in join
2025 Feb 11 03:03:24.314384 sonic INFO featured[14719]:   File "<frozen genericpath>", line 152, in _check_arg_types
2025 Feb 11 03:03:24.314414 sonic INFO featured[14719]: TypeError: join() argument must be str, bytes, or os.PathLike object, not 'NoneType'
2025 Feb 11 03:03:24.350071 sonic NOTICE systemd[1]: featured.service: Main process exited, code=exited, status=1/FAILURE
2025 Feb 11 03:03:24.350152 sonic WARNING systemd[1]: featured.service: Failed with result 'exit-code'.
2025 Feb 11 03:03:24.352233 sonic WARNING systemd[1]: featured.service: Start request repeated too quickly.
2025 Feb 11 03:03:24.352330 sonic WARNING systemd[1]: featured.service: Failed with result 'exit-code'.
2025 Feb 11 03:03:24.352375 sonic ERR systemd[1]: Failed to start featured.service - Feature configuration daemon.
